{"type": "server", "timestamp": "2022-03-29T00:00:04,448Z", "level": "INFO", "component": "o.e.c.m.MetadataCreateIndexService", "cluster.name": "tpotcluster", "node.name": "tpotcluster-node-01", "message": "[logstash-2022.03.29] creating index, cause [auto(bulk api)], templates [logstash], shards [1]/[0]", "cluster.uuid": "Qbw2pof0QzSXC1OvK0aFSw", "node.id": "t9hfPgy_RyC9LOJUxQUrSQ"  }
{"type": "server", "timestamp": "2022-03-29T00:00:05,289Z", "level": "INFO", "component": "o.e.c.r.a.AllocationService", "cluster.name": "tpotcluster", "node.name": "tpotcluster-node-01", "message": "Cluster health status changed from [YELLOW] to [GREEN] (reason: [shards started [[logstash-2022.03.29][0]]]).", "cluster.uuid": "Qbw2pof0QzSXC1OvK0aFSw", "node.id": "t9hfPgy_RyC9LOJUxQUrSQ"  }
{"type": "server", "timestamp": "2022-03-29T00:00:06,951Z", "level": "INFO", "component": "o.e.c.m.MetadataMappingService", "cluster.name": "tpotcluster", "node.name": "tpotcluster-node-01", "message": "[logstash-2022.03.29/4CNLAl-yQqmObSIQcEvFWA] update_mapping [_doc]", "cluster.uuid": "Qbw2pof0QzSXC1OvK0aFSw", "node.id": "t9hfPgy_RyC9LOJUxQUrSQ"  }
{"type": "server", "timestamp": "2022-03-29T00:00:13,604Z", "level": "INFO", "component": "o.e.c.m.MetadataMappingService", "cluster.name": "tpotcluster", "node.name": "tpotcluster-node-01", "message": "[logstash-2022.03.29/4CNLAl-yQqmObSIQcEvFWA] update_mapping [_doc]", "cluster.uuid": "Qbw2pof0QzSXC1OvK0aFSw", "node.id": "t9hfPgy_RyC9LOJUxQUrSQ"  }
{"type": "server", "timestamp": "2022-03-29T00:00:21,225Z", "level": "INFO", "component": "o.e.c.m.MetadataMappingService", "cluster.name": "tpotcluster", "node.name": "tpotcluster-node-01", "message": "[logstash-2022.03.29/4CNLAl-yQqmObSIQcEvFWA] update_mapping [_doc]", "cluster.uuid": "Qbw2pof0QzSXC1OvK0aFSw", "node.id": "t9hfPgy_RyC9LOJUxQUrSQ"  }
{"type": "server", "timestamp": "2022-03-29T00:00:31,191Z", "level": "INFO", "component": "o.e.c.m.MetadataMappingService", "cluster.name": "tpotcluster", "node.name": "tpotcluster-node-01", "message": "[logstash-2022.03.29/4CNLAl-yQqmObSIQcEvFWA] update_mapping [_doc]", "cluster.uuid": "Qbw2pof0QzSXC1OvK0aFSw", "node.id": "t9hfPgy_RyC9LOJUxQUrSQ"  }
{"type": "server", "timestamp": "2022-03-29T00:00:35,801Z", "level": "INFO", "component": "o.e.c.m.MetadataMappingService", "cluster.name": "tpotcluster", "node.name": "tpotcluster-node-01", "message": "[logstash-2022.03.29/4CNLAl-yQqmObSIQcEvFWA] update_mapping [_doc]", "cluster.uuid": "Qbw2pof0QzSXC1OvK0aFSw", "node.id": "t9hfPgy_RyC9LOJUxQUrSQ"  }
{"type": "server", "timestamp": "2022-03-29T00:00:39,859Z", "level": "INFO", "component": "o.e.c.m.MetadataMappingService", "cluster.name": "tpotcluster", "node.name": "tpotcluster-node-01", "message": "[logstash-2022.03.29/4CNLAl-yQqmObSIQcEvFWA] update_mapping [_doc]", "cluster.uuid": "Qbw2pof0QzSXC1OvK0aFSw", "node.id": "t9hfPgy_RyC9LOJUxQUrSQ"  }
{"type": "server", "timestamp": "2022-03-29T00:00:41,252Z", "level": "INFO", "component": "o.e.c.m.MetadataMappingService", "cluster.name": "tpotcluster", "node.name": "tpotcluster-node-01", "message": "[logstash-2022.03.29/4CNLAl-yQqmObSIQcEvFWA] update_mapping [_doc]", "cluster.uuid": "Qbw2pof0QzSXC1OvK0aFSw", "node.id": "t9hfPgy_RyC9LOJUxQUrSQ"  }
{"type": "server", "timestamp": "2022-03-29T00:00:42,864Z", "level": "INFO", "component": "o.e.c.m.MetadataMappingService", "cluster.name": "tpotcluster", "node.name": "tpotcluster-node-01", "message": "[logstash-2022.03.29/4CNLAl-yQqmObSIQcEvFWA] update_mapping [_doc]", "cluster.uuid": "Qbw2pof0QzSXC1OvK0aFSw", "node.id": "t9hfPgy_RyC9LOJUxQUrSQ"  }
{"type": "server", "timestamp": "2022-03-29T00:00:43,895Z", "level": "INFO", "component": "o.e.c.m.MetadataMappingService", "cluster.name": "tpotcluster", "node.name": "tpotcluster-node-01", "message": "[logstash-2022.03.29/4CNLAl-yQqmObSIQcEvFWA] update_mapping [_doc]", "cluster.uuid": "Qbw2pof0QzSXC1OvK0aFSw", "node.id": "t9hfPgy_RyC9LOJUxQUrSQ"  }
{"type": "server", "timestamp": "2022-03-29T00:00:44,562Z", "level": "INFO", "component": "o.e.c.m.MetadataMappingService", "cluster.name": "tpotcluster", "node.name": "tpotcluster-node-01", "message": "[logstash-2022.03.29/4CNLAl-yQqmObSIQcEvFWA] update_mapping [_doc]", "cluster.uuid": "Qbw2pof0QzSXC1OvK0aFSw", "node.id": "t9hfPgy_RyC9LOJUxQUrSQ"  }
{"type": "server", "timestamp": "2022-03-29T00:00:45,414Z", "level": "INFO", "component": "o.e.c.m.MetadataMappingService", "cluster.name": "tpotcluster", "node.name": "tpotcluster-node-01", "message": "[logstash-2022.03.29/4CNLAl-yQqmObSIQcEvFWA] update_mapping [_doc]", "cluster.uuid": "Qbw2pof0QzSXC1OvK0aFSw", "node.id": "t9hfPgy_RyC9LOJUxQUrSQ"  }
{"type": "server", "timestamp": "2022-03-29T00:00:46,334Z", "level": "INFO", "component": "o.e.c.m.MetadataMappingService", "cluster.name": "tpotcluster", "node.name": "tpotcluster-node-01", "message": "[logstash-2022.03.29/4CNLAl-yQqmObSIQcEvFWA] update_mapping [_doc]", "cluster.uuid": "Qbw2pof0QzSXC1OvK0aFSw", "node.id": "t9hfPgy_RyC9LOJUxQUrSQ"  }
{"type": "server", "timestamp": "2022-03-29T00:00:46,922Z", "level": "INFO", "component": "o.e.c.m.MetadataMappingService", "cluster.name": "tpotcluster", "node.name": "tpotcluster-node-01", "message": "[logstash-2022.03.29/4CNLAl-yQqmObSIQcEvFWA] update_mapping [_doc]", "cluster.uuid": "Qbw2pof0QzSXC1OvK0aFSw", "node.id": "t9hfPgy_RyC9LOJUxQUrSQ"  }
{"type": "server", "timestamp": "2022-03-29T00:00:49,079Z", "level": "INFO", "component": "o.e.c.m.MetadataMappingService", "cluster.name": "tpotcluster", "node.name": "tpotcluster-node-01", "message": "[logstash-2022.03.29/4CNLAl-yQqmObSIQcEvFWA] update_mapping [_doc]", "cluster.uuid": "Qbw2pof0QzSXC1OvK0aFSw", "node.id": "t9hfPgy_RyC9LOJUxQUrSQ"  }
{"type": "server", "timestamp": "2022-03-29T00:00:53,957Z", "level": "INFO", "component": "o.e.c.m.MetadataMappingService", "cluster.name": "tpotcluster", "node.name": "tpotcluster-node-01", "message": "[logstash-2022.03.29/4CNLAl-yQqmObSIQcEvFWA] update_mapping [_doc]", "cluster.uuid": "Qbw2pof0QzSXC1OvK0aFSw", "node.id": "t9hfPgy_RyC9LOJUxQUrSQ"  }
{"type": "server", "timestamp": "2022-03-29T00:00:58,787Z", "level": "INFO", "component": "o.e.c.m.MetadataMappingService", "cluster.name": "tpotcluster", "node.name": "tpotcluster-node-01", "message": "[logstash-2022.03.29/4CNLAl-yQqmObSIQcEvFWA] update_mapping [_doc]", "cluster.uuid": "Qbw2pof0QzSXC1OvK0aFSw", "node.id": "t9hfPgy_RyC9LOJUxQUrSQ"  }
{"type": "server", "timestamp": "2022-03-29T00:01:03,534Z", "level": "INFO", "component": "o.e.c.m.MetadataMappingService", "cluster.name": "tpotcluster", "node.name": "tpotcluster-node-01", "message": "[logstash-2022.03.29/4CNLAl-yQqmObSIQcEvFWA] update_mapping [_doc]", "cluster.uuid": "Qbw2pof0QzSXC1OvK0aFSw", "node.id": "t9hfPgy_RyC9LOJUxQUrSQ"  }
{"type": "server", "timestamp": "2022-03-29T00:01:10,514Z", "level": "INFO", "component": "o.e.c.m.MetadataMappingService", "cluster.name": "tpotcluster", "node.name": "tpotcluster-node-01", "message": "[logstash-2022.03.29/4CNLAl-yQqmObSIQcEvFWA] update_mapping [_doc]", "cluster.uuid": "Qbw2pof0QzSXC1OvK0aFSw", "node.id": "t9hfPgy_RyC9LOJUxQUrSQ"  }
{"type": "server", "timestamp": "2022-03-29T00:01:15,193Z", "level": "INFO", "component": "o.e.c.m.MetadataMappingService", "cluster.name": "tpotcluster", "node.name": "tpotcluster-node-01", "message": "[logstash-2022.03.29/4CNLAl-yQqmObSIQcEvFWA] update_mapping [_doc]", "cluster.uuid": "Qbw2pof0QzSXC1OvK0aFSw", "node.id": "t9hfPgy_RyC9LOJUxQUrSQ"  }
{"type": "server", "timestamp": "2022-03-29T00:01:23,095Z", "level": "INFO", "component": "o.e.c.m.MetadataMappingService", "cluster.name": "tpotcluster", "node.name": "tpotcluster-node-01", "message": "[logstash-2022.03.29/4CNLAl-yQqmObSIQcEvFWA] update_mapping [_doc]", "cluster.uuid": "Qbw2pof0QzSXC1OvK0aFSw", "node.id": "t9hfPgy_RyC9LOJUxQUrSQ"  }
{"type": "server", "timestamp": "2022-03-29T00:01:34,583Z", "level": "INFO", "component": "o.e.c.m.MetadataMappingService", "cluster.name": "tpotcluster", "node.name": "tpotcluster-node-01", "message": "[logstash-2022.03.29/4CNLAl-yQqmObSIQcEvFWA] update_mapping [_doc]", "cluster.uuid": "Qbw2pof0QzSXC1OvK0aFSw", "node.id": "t9hfPgy_RyC9LOJUxQUrSQ"  }
{"type": "server", "timestamp": "2022-03-29T00:01:50,986Z", "level": "INFO", "component": "o.e.c.c.C.CoordinatorPublication", "cluster.name": "tpotcluster", "node.name": "tpotcluster-node-01", "message": "after [11.4s] publication of cluster state version [4215] is still waiting for {tpotcluster-node-01}{t9hfPgy_RyC9LOJUxQUrSQ}{dy80hAwmTV2j1llaU5jUkA}{127.0.0.1}{127.0.0.1:9300}{cdfhimrstw}{xpack.installed=true, transform.node=true} [SENT_PUBLISH_REQUEST]", "cluster.uuid": "Qbw2pof0QzSXC1OvK0aFSw", "node.id": "t9hfPgy_RyC9LOJUxQUrSQ"  }
{"type": "server", "timestamp": "2022-03-29T00:02:35,529Z", "level": "INFO", "component": "o.e.c.m.MetadataMappingService", "cluster.name": "tpotcluster", "node.name": "tpotcluster-node-01", "message": "[logstash-2022.03.29/4CNLAl-yQqmObSIQcEvFWA] update_mapping [_doc]", "cluster.uuid": "Qbw2pof0QzSXC1OvK0aFSw", "node.id": "t9hfPgy_RyC9LOJUxQUrSQ"  }
{"type": "server", "timestamp": "2022-03-29T00:02:42,148Z", "level": "WARN", "component": "o.e.c.s.MasterService", "cluster.name": "tpotcluster", "node.name": "tpotcluster-node-01", "message": "took [16.8s/16817ms] to compute cluster state update for [put-mapping [logstash-2022.03.29/4CNLAl-yQqmObSIQcEvFWA][_doc, _doc]], which exceeds the warn threshold of [10s]", "cluster.uuid": "Qbw2pof0QzSXC1OvK0aFSw", "node.id": "t9hfPgy_RyC9LOJUxQUrSQ"  }
{"type": "server", "timestamp": "2022-03-29T00:02:59,005Z", "level": "WARN", "component": "o.e.g.PersistedClusterStateService", "cluster.name": "tpotcluster", "node.name": "tpotcluster-node-01", "message": "writing cluster state took [12002ms] which is above the warn threshold of [10s]; wrote global metadata [false] and metadata for [1] indices and skipped [31] unchanged indices", "cluster.uuid": "Qbw2pof0QzSXC1OvK0aFSw", "node.id": "t9hfPgy_RyC9LOJUxQUrSQ"  }
{"type": "server", "timestamp": "2022-03-29T00:03:03,982Z", "level": "INFO", "component": "o.e.c.c.C.CoordinatorPublication", "cluster.name": "tpotcluster", "node.name": "tpotcluster-node-01", "message": "after [18.6s] publication of cluster state version [4216] is still waiting for {tpotcluster-node-01}{t9hfPgy_RyC9LOJUxQUrSQ}{dy80hAwmTV2j1llaU5jUkA}{127.0.0.1}{127.0.0.1:9300}{cdfhimrstw}{xpack.installed=true, transform.node=true} [SENT_PUBLISH_REQUEST]", "cluster.uuid": "Qbw2pof0QzSXC1OvK0aFSw", "node.id": "t9hfPgy_RyC9LOJUxQUrSQ"  }
{"type": "server", "timestamp": "2022-03-29T00:03:19,281Z", "level": "INFO", "component": "o.e.c.m.MetadataMappingService", "cluster.name": "tpotcluster", "node.name": "tpotcluster-node-01", "message": "[logstash-2022.03.29/4CNLAl-yQqmObSIQcEvFWA] update_mapping [_doc]", "cluster.uuid": "Qbw2pof0QzSXC1OvK0aFSw", "node.id": "t9hfPgy_RyC9LOJUxQUrSQ"  }
{"type": "server", "timestamp": "2022-03-29T00:03:31,797Z", "level": "INFO", "component": "o.e.c.m.MetadataMappingService", "cluster.name": "tpotcluster", "node.name": "tpotcluster-node-01", "message": "[logstash-2022.03.29/4CNLAl-yQqmObSIQcEvFWA] update_mapping [_doc]", "cluster.uuid": "Qbw2pof0QzSXC1OvK0aFSw", "node.id": "t9hfPgy_RyC9LOJUxQUrSQ"  }
{"type": "server", "timestamp": "2022-03-29T00:03:45,375Z", "level": "INFO", "component": "o.e.c.m.MetadataMappingService", "cluster.name": "tpotcluster", "node.name": "tpotcluster-node-01", "message": "[logstash-2022.03.29/4CNLAl-yQqmObSIQcEvFWA] update_mapping [_doc]", "cluster.uuid": "Qbw2pof0QzSXC1OvK0aFSw", "node.id": "t9hfPgy_RyC9LOJUxQUrSQ"  }
{"type": "server", "timestamp": "2022-03-29T00:03:46,554Z", "level": "INFO", "component": "o.e.c.m.MetadataMappingService", "cluster.name": "tpotcluster", "node.name": "tpotcluster-node-01", "message": "[logstash-2022.03.29/4CNLAl-yQqmObSIQcEvFWA] update_mapping [_doc]", "cluster.uuid": "Qbw2pof0QzSXC1OvK0aFSw", "node.id": "t9hfPgy_RyC9LOJUxQUrSQ"  }
{"type": "server", "timestamp": "2022-03-29T00:04:07,054Z", "level": "INFO", "component": "o.e.c.m.MetadataMappingService", "cluster.name": "tpotcluster", "node.name": "tpotcluster-node-01", "message": "[logstash-2022.03.29/4CNLAl-yQqmObSIQcEvFWA] update_mapping [_doc]", "cluster.uuid": "Qbw2pof0QzSXC1OvK0aFSw", "node.id": "t9hfPgy_RyC9LOJUxQUrSQ"  }
{"type": "server", "timestamp": "2022-03-29T00:04:09,457Z", "level": "INFO", "component": "o.e.c.m.MetadataMappingService", "cluster.name": "tpotcluster", "node.name": "tpotcluster-node-01", "message": "[logstash-2022.03.29/4CNLAl-yQqmObSIQcEvFWA] update_mapping [_doc]", "cluster.uuid": "Qbw2pof0QzSXC1OvK0aFSw", "node.id": "t9hfPgy_RyC9LOJUxQUrSQ"  }
{"type": "server", "timestamp": "2022-03-29T00:04:09,458Z", "level": "WARN", "component": "o.e.m.j.JvmGcMonitorService", "cluster.name": "tpotcluster", "node.name": "tpotcluster-node-01", "message": "[gc][young][820][93] duration [1.1s], collections [1]/[2.7s], total [1.1s]/[3.1m], memory [1.3gb]->[240.6mb]/[2gb], all_pools {[young] [1.1gb]->[24mb]/[0b]}{[old] [203.6mb]->[204.6mb]/[2gb]}{[survivor] [10.9mb]->[12mb]/[0b]}", "cluster.uuid": "Qbw2pof0QzSXC1OvK0aFSw", "node.id": "t9hfPgy_RyC9LOJUxQUrSQ"  }
{"type": "server", "timestamp": "2022-03-29T00:04:09,649Z", "level": "INFO", "component": "o.e.m.j.JvmGcMonitorService", "cluster.name": "tpotcluster", "node.name": "tpotcluster-node-01", "message": "[gc][820] overhead, spent [1.1s] collecting in the last [2.7s]", "cluster.uuid": "Qbw2pof0QzSXC1OvK0aFSw", "node.id": "t9hfPgy_RyC9LOJUxQUrSQ"  }
{"type": "server", "timestamp": "2022-03-29T00:04:18,730Z", "level": "INFO", "component": "o.e.c.m.MetadataMappingService", "cluster.name": "tpotcluster", "node.name": "tpotcluster-node-01", "message": "[logstash-2022.03.29/4CNLAl-yQqmObSIQcEvFWA] update_mapping [_doc]", "cluster.uuid": "Qbw2pof0QzSXC1OvK0aFSw", "node.id": "t9hfPgy_RyC9LOJUxQUrSQ"  }
{"type": "server", "timestamp": "2022-03-29T00:04:22,729Z", "level": "WARN", "component": "o.e.m.j.JvmGcMonitorService", "cluster.name": "tpotcluster", "node.name": "tpotcluster-node-01", "message": "[gc][young][828][94] duration [1.4s], collections [1]/[1.1s], total [1.4s]/[3.1m], memory [276.6mb]->[280.6mb]/[2gb], all_pools {[young] [60mb]->[84mb]/[0b]}{[old] [204.6mb]->[204.6mb]/[2gb]}{[survivor] [12mb]->[12mb]/[0b]}", "cluster.uuid": "Qbw2pof0QzSXC1OvK0aFSw", "node.id": "t9hfPgy_RyC9LOJUxQUrSQ"  }
{"type": "server", "timestamp": "2022-03-29T00:04:22,985Z", "level": "WARN", "component": "o.e.m.j.JvmGcMonitorService", "cluster.name": "tpotcluster", "node.name": "tpotcluster-node-01", "message": "[gc][828] overhead, spent [1.4s] collecting in the last [1.1s]", "cluster.uuid": "Qbw2pof0QzSXC1OvK0aFSw", "node.id": "t9hfPgy_RyC9LOJUxQUrSQ"  }
{"type": "server", "timestamp": "2022-03-29T00:04:25,718Z", "level": "WARN", "component": "o.e.m.j.JvmGcMonitorService", "cluster.name": "tpotcluster", "node.name": "tpotcluster-node-01", "message": "[gc][young][829][95] duration [1.1s], collections [1]/[5.2s], total [1.1s]/[3.2m], memory [280.6mb]->[216.9mb]/[2gb], all_pools {[young] [84mb]->[0b]/[0b]}{[old] [204.6mb]->[211.9mb]/[2gb]}{[survivor] [12mb]->[4.9mb]/[0b]}", "cluster.uuid": "Qbw2pof0QzSXC1OvK0aFSw", "node.id": "t9hfPgy_RyC9LOJUxQUrSQ"  }
{"type": "server", "timestamp": "2022-03-29T00:04:30,878Z", "level": "INFO", "component": "o.e.c.m.MetadataMappingService", "cluster.name": "tpotcluster", "node.name": "tpotcluster-node-01", "message": "[logstash-2022.03.29/4CNLAl-yQqmObSIQcEvFWA] update_mapping [_doc]", "cluster.uuid": "Qbw2pof0QzSXC1OvK0aFSw", "node.id": "t9hfPgy_RyC9LOJUxQUrSQ"  }
{"type": "server", "timestamp": "2022-03-29T00:04:40,007Z", "level": "WARN", "component": "o.e.t.ThreadPool", "cluster.name": "tpotcluster", "node.name": "tpotcluster-node-01", "message": "timer thread slept for [5.8s/5826ms] on absolute clock which is above the warn threshold of [5000ms]", "cluster.uuid": "Qbw2pof0QzSXC1OvK0aFSw", "node.id": "t9hfPgy_RyC9LOJUxQUrSQ"  }
{"type": "server", "timestamp": "2022-03-29T00:04:40,025Z", "level": "WARN", "component": "o.e.m.j.JvmGcMonitorService", "cluster.name": "tpotcluster", "node.name": "tpotcluster-node-01", "message": "[gc][young][836][96] duration [5s], collections [1]/[6.1s], total [5s]/[3.2m], memory [280.9mb]->[217.5mb]/[2gb], all_pools {[young] [64mb]->[0b]/[0b]}{[old] [211.9mb]->[211.9mb]/[2gb]}{[survivor] [4.9mb]->[5.5mb]/[0b]}", "cluster.uuid": "Qbw2pof0QzSXC1OvK0aFSw", "node.id": "t9hfPgy_RyC9LOJUxQUrSQ"  }
{"type": "server", "timestamp": "2022-03-29T00:04:40,434Z", "level": "WARN", "component": "o.e.m.j.JvmGcMonitorService", "cluster.name": "tpotcluster", "node.name": "tpotcluster-node-01", "message": "[gc][836] overhead, spent [5s] collecting in the last [6.1s]", "cluster.uuid": "Qbw2pof0QzSXC1OvK0aFSw", "node.id": "t9hfPgy_RyC9LOJUxQUrSQ"  }
{"type": "server", "timestamp": "2022-03-29T00:04:40,435Z", "level": "WARN", "component": "o.e.t.ThreadPool", "cluster.name": "tpotcluster", "node.name": "tpotcluster-node-01", "message": "timer thread slept for [5.8s/5825300232ns] on relative clock which is above the warn threshold of [5000ms]", "cluster.uuid": "Qbw2pof0QzSXC1OvK0aFSw", "node.id": "t9hfPgy_RyC9LOJUxQUrSQ"  }
{"type": "server", "timestamp": "2022-03-29T00:04:52,620Z", "level": "WARN", "component": "o.e.t.ThreadPool", "cluster.name": "tpotcluster", "node.name": "tpotcluster-node-01", "message": "timer thread slept for [9.5s/9543ms] on absolute clock which is above the warn threshold of [5000ms]", "cluster.uuid": "Qbw2pof0QzSXC1OvK0aFSw", "node.id": "t9hfPgy_RyC9LOJUxQUrSQ"  }
{"type": "server", "timestamp": "2022-03-29T00:04:53,399Z", "level": "WARN", "component": "o.e.m.j.JvmGcMonitorService", "cluster.name": "tpotcluster", "node.name": "tpotcluster-node-01", "message": "[gc][young][837][97] duration [7s], collections [1]/[1.9s], total [7s]/[3.4m], memory [217.5mb]->[297.5mb]/[2gb], all_pools {[young] [0b]->[20mb]/[0b]}{[old] [211.9mb]->[211.9mb]/[2gb]}{[survivor] [5.5mb]->[6.5mb]/[0b]}", "cluster.uuid": "Qbw2pof0QzSXC1OvK0aFSw", "node.id": "t9hfPgy_RyC9LOJUxQUrSQ"  }
{"type": "server", "timestamp": "2022-03-29T00:04:53,399Z", "level": "WARN", "component": "o.e.t.ThreadPool", "cluster.name": "tpotcluster", "node.name": "tpotcluster-node-01", "message": "timer thread slept for [9.5s/9542982608ns] on relative clock which is above the warn threshold of [5000ms]", "cluster.uuid": "Qbw2pof0QzSXC1OvK0aFSw", "node.id": "t9hfPgy_RyC9LOJUxQUrSQ"  }
{"type": "server", "timestamp": "2022-03-29T00:04:53,478Z", "level": "WARN", "component": "o.e.m.j.JvmGcMonitorService", "cluster.name": "tpotcluster", "node.name": "tpotcluster-node-01", "message": "[gc][837] overhead, spent [7s] collecting in the last [1.9s]", "cluster.uuid": "Qbw2pof0QzSXC1OvK0aFSw", "node.id": "t9hfPgy_RyC9LOJUxQUrSQ"  }
{"type": "server", "timestamp": "2022-03-29T00:04:53,479Z", "level": "WARN", "component": "o.e.t.ThreadPool", "cluster.name": "tpotcluster", "node.name": "tpotcluster-node-01", "message": "execution of [ReschedulingRunnable{runnable=org.elasticsearch.monitor.jvm.JvmGcMonitorService$1@4cb7d97d, interval=1s}] took [10206ms] which is above the warn threshold of [5000ms]", "cluster.uuid": "Qbw2pof0QzSXC1OvK0aFSw", "node.id": "t9hfPgy_RyC9LOJUxQUrSQ"  }
{"type": "server", "timestamp": "2022-03-29T00:04:53,933Z", "level": "WARN", "component": "o.e.g.PersistedClusterStateService", "cluster.name": "tpotcluster", "node.name": "tpotcluster-node-01", "message": "writing cluster state took [21199ms] which is above the warn threshold of [10s]; wrote global metadata [false] and metadata for [1] indices and skipped [31] unchanged indices", "cluster.uuid": "Qbw2pof0QzSXC1OvK0aFSw", "node.id": "t9hfPgy_RyC9LOJUxQUrSQ"  }
{"type": "server", "timestamp": "2022-03-29T00:04:54,131Z", "level": "INFO", "component": "o.e.c.c.C.CoordinatorPublication", "cluster.name": "tpotcluster", "node.name": "tpotcluster-node-01", "message": "after [22.4s] publication of cluster state version [4222] is still waiting for {tpotcluster-node-01}{t9hfPgy_RyC9LOJUxQUrSQ}{dy80hAwmTV2j1llaU5jUkA}{127.0.0.1}{127.0.0.1:9300}{cdfhimrstw}{xpack.installed=true, transform.node=true} [SENT_PUBLISH_REQUEST]", "cluster.uuid": "Qbw2pof0QzSXC1OvK0aFSw", "node.id": "t9hfPgy_RyC9LOJUxQUrSQ"  }
{"type": "server", "timestamp": "2022-03-29T00:04:59,748Z", "level": "INFO", "component": "o.e.c.m.MetadataMappingService", "cluster.name": "tpotcluster", "node.name": "tpotcluster-node-01", "message": "[logstash-2022.03.29/4CNLAl-yQqmObSIQcEvFWA] update_mapping [_doc]", "cluster.uuid": "Qbw2pof0QzSXC1OvK0aFSw", "node.id": "t9hfPgy_RyC9LOJUxQUrSQ"  }
{"type": "server", "timestamp": "2022-03-29T00:05:02,960Z", "level": "WARN", "component": "o.e.m.j.JvmGcMonitorService", "cluster.name": "tpotcluster", "node.name": "tpotcluster-node-01", "message": "[gc][young][842][98] duration [1.6s], collections [1]/[3.8s], total [1.6s]/[3.4m], memory [274.5mb]->[222.9mb]/[2gb], all_pools {[young] [60mb]->[16mb]/[0b]}{[old] [211.9mb]->[211.9mb]/[2gb]}{[survivor] [6.5mb]->[6.9mb]/[0b]}", "cluster.uuid": "Qbw2pof0QzSXC1OvK0aFSw", "node.id": "t9hfPgy_RyC9LOJUxQUrSQ"  }
{"type": "server", "timestamp": "2022-03-29T00:05:03,192Z", "level": "INFO", "component": "o.e.m.j.JvmGcMonitorService", "cluster.name": "tpotcluster", "node.name": "tpotcluster-node-01", "message": "[gc][842] overhead, spent [1.6s] collecting in the last [3.8s]", "cluster.uuid": "Qbw2pof0QzSXC1OvK0aFSw", "node.id": "t9hfPgy_RyC9LOJUxQUrSQ"  }
{"type": "server", "timestamp": "2022-03-29T00:05:10,710Z", "level": "INFO", "component": "o.e.m.j.JvmGcMonitorService", "cluster.name": "tpotcluster", "node.name": "tpotcluster-node-01", "message": "[gc][young][848][99] duration [738ms], collections [1]/[1.7s], total [738ms]/[3.4m], memory [278.9mb]->[276.5mb]/[2gb], all_pools {[young] [64mb]->[56mb]/[0b]}{[old] [211.9mb]->[211.9mb]/[2gb]}{[survivor] [6.9mb]->[8.5mb]/[0b]}", "cluster.uuid": "Qbw2pof0QzSXC1OvK0aFSw", "node.id": "t9hfPgy_RyC9LOJUxQUrSQ"  }
{"type": "server", "timestamp": "2022-03-29T00:05:10,869Z", "level": "INFO", "component": "o.e.m.j.JvmGcMonitorService", "cluster.name": "tpotcluster", "node.name": "tpotcluster-node-01", "message": "[gc][848] overhead, spent [738ms] collecting in the last [1.7s]", "cluster.uuid": "Qbw2pof0QzSXC1OvK0aFSw", "node.id": "t9hfPgy_RyC9LOJUxQUrSQ"  }
{"type": "server", "timestamp": "2022-03-29T00:05:15,066Z", "level": "WARN", "component": "o.e.m.j.JvmGcMonitorService", "cluster.name": "tpotcluster", "node.name": "tpotcluster-node-01", "message": "[gc][young][849][100] duration [2.1s], collections [1]/[4.3s], total [2.1s]/[3.4m], memory [276.5mb]->[286.1mb]/[2gb], all_pools {[young] [56mb]->[72mb]/[0b]}{[old] [211.9mb]->[211.9mb]/[2gb]}{[survivor] [8.5mb]->[6.1mb]/[0b]}", "cluster.uuid": "Qbw2pof0QzSXC1OvK0aFSw", "node.id": "t9hfPgy_RyC9LOJUxQUrSQ"  }
{"type": "server", "timestamp": "2022-03-29T00:05:15,560Z", "level": "INFO", "component": "o.e.m.j.JvmGcMonitorService", "cluster.name": "tpotcluster", "node.name": "tpotcluster-node-01", "message": "[gc][849] overhead, spent [2.1s] collecting in the last [4.3s]", "cluster.uuid": "Qbw2pof0QzSXC1OvK0aFSw", "node.id": "t9hfPgy_RyC9LOJUxQUrSQ"  }
{"type": "server", "timestamp": "2022-03-29T00:05:15,406Z", "level": "INFO", "component": "o.e.c.m.MetadataMappingService", "cluster.name": "tpotcluster", "node.name": "tpotcluster-node-01", "message": "[logstash-2022.03.29/4CNLAl-yQqmObSIQcEvFWA] update_mapping [_doc]", "cluster.uuid": "Qbw2pof0QzSXC1OvK0aFSw", "node.id": "t9hfPgy_RyC9LOJUxQUrSQ"  }
{"type": "server", "timestamp": "2022-03-29T00:05:23,360Z", "level": "WARN", "component": "o.e.m.j.JvmGcMonitorService", "cluster.name": "tpotcluster", "node.name": "tpotcluster-node-01", "message": "[gc][young][853][101] duration [1.5s], collections [1]/[1.3s], total [1.5s]/[3.5m], memory [302.1mb]->[306.1mb]/[2gb], all_pools {[young] [84mb]->[0b]/[0b]}{[old] [211.9mb]->[211.9mb]/[2gb]}{[survivor] [6.1mb]->[5.7mb]/[0b]}", "cluster.uuid": "Qbw2pof0QzSXC1OvK0aFSw", "node.id": "t9hfPgy_RyC9LOJUxQUrSQ"  }
{"type": "server", "timestamp": "2022-03-29T00:05:23,553Z", "level": "WARN", "component": "o.e.m.j.JvmGcMonitorService", "cluster.name": "tpotcluster", "node.name": "tpotcluster-node-01", "message": "[gc][853] overhead, spent [1.5s] collecting in the last [1.3s]", "cluster.uuid": "Qbw2pof0QzSXC1OvK0aFSw", "node.id": "t9hfPgy_RyC9LOJUxQUrSQ"  }
{"type": "server", "timestamp": "2022-03-29T00:05:24,498Z", "level": "INFO", "component": "o.e.c.m.MetadataMappingService", "cluster.name": "tpotcluster", "node.name": "tpotcluster-node-01", "message": "[logstash-2022.03.29/4CNLAl-yQqmObSIQcEvFWA] update_mapping [_doc]", "cluster.uuid": "Qbw2pof0QzSXC1OvK0aFSw", "node.id": "t9hfPgy_RyC9LOJUxQUrSQ"  }
{"type": "server", "timestamp": "2022-03-29T00:05:38,921Z", "level": "WARN", "component": "o.e.m.j.JvmGcMonitorService", "cluster.name": "tpotcluster", "node.name": "tpotcluster-node-01", "message": "[gc][young][862][102] duration [1.9s], collections [1]/[3.6s], total [1.9s]/[3.5m], memory [297.7mb]->[226.6mb]/[2gb], all_pools {[young] [80mb]->[28mb]/[0b]}{[old] [211.9mb]->[211.9mb]/[2gb]}{[survivor] [5.7mb]->[6.6mb]/[0b]}", "cluster.uuid": "Qbw2pof0QzSXC1OvK0aFSw", "node.id": "t9hfPgy_RyC9LOJUxQUrSQ"  }
{"type": "server", "timestamp": "2022-03-29T00:05:39,351Z", "level": "WARN", "component": "o.e.m.j.JvmGcMonitorService", "cluster.name": "tpotcluster", "node.name": "tpotcluster-node-01", "message": "[gc][862] overhead, spent [1.9s] collecting in the last [3.6s]", "cluster.uuid": "Qbw2pof0QzSXC1OvK0aFSw", "node.id": "t9hfPgy_RyC9LOJUxQUrSQ"  }
{"type": "server", "timestamp": "2022-03-29T00:05:49,638Z", "level": "INFO", "component": "o.e.c.m.MetadataMappingService", "cluster.name": "tpotcluster", "node.name": "tpotcluster-node-01", "message": "[logstash-2022.03.29/4CNLAl-yQqmObSIQcEvFWA] update_mapping [_doc]", "cluster.uuid": "Qbw2pof0QzSXC1OvK0aFSw", "node.id": "t9hfPgy_RyC9LOJUxQUrSQ"  }
{"type": "server", "timestamp": "2022-03-29T00:05:50,083Z", "level": "WARN", "component": "o.e.m.j.JvmGcMonitorService", "cluster.name": "tpotcluster", "node.name": "tpotcluster-node-01", "message": "[gc][young][867][103] duration [3.2s], collections [1]/[4.9s], total [3.2s]/[3.5m], memory [274.6mb]->[219.9mb]/[2gb], all_pools {[young] [60mb]->[48mb]/[0b]}{[old] [211.9mb]->[211.9mb]/[2gb]}{[survivor] [6.6mb]->[7.9mb]/[0b]}", "cluster.uuid": "Qbw2pof0QzSXC1OvK0aFSw", "node.id": "t9hfPgy_RyC9LOJUxQUrSQ"  }
{"type": "server", "timestamp": "2022-03-29T00:05:50,196Z", "level": "WARN", "component": "o.e.m.j.JvmGcMonitorService", "cluster.name": "tpotcluster", "node.name": "tpotcluster-node-01", "message": "[gc][867] overhead, spent [3.2s] collecting in the last [4.9s]", "cluster.uuid": "Qbw2pof0QzSXC1OvK0aFSw", "node.id": "t9hfPgy_RyC9LOJUxQUrSQ"  }
{"type": "server", "timestamp": "2022-03-29T00:05:50,197Z", "level": "WARN", "component": "o.e.t.ThreadPool", "cluster.name": "tpotcluster", "node.name": "tpotcluster-node-01", "message": "execution of [ReschedulingRunnable{runnable=org.elasticsearch.monitor.jvm.JvmGcMonitorService$1@4cb7d97d, interval=1s}] took [5207ms] which is above the warn threshold of [5000ms]", "cluster.uuid": "Qbw2pof0QzSXC1OvK0aFSw", "node.id": "t9hfPgy_RyC9LOJUxQUrSQ"  }
{"type": "server", "timestamp": "2022-03-29T00:05:50,599Z", "level": "INFO", "component": "o.e.c.m.MetadataMappingService", "cluster.name": "tpotcluster", "node.name": "tpotcluster-node-01", "message": "[logstash-2022.03.29/4CNLAl-yQqmObSIQcEvFWA] update_mapping [_doc]", "cluster.uuid": "Qbw2pof0QzSXC1OvK0aFSw", "node.id": "t9hfPgy_RyC9LOJUxQUrSQ"  }
{"type": "server", "timestamp": "2022-03-29T00:06:01,391Z", "level": "WARN", "component": "o.e.m.j.JvmGcMonitorService", "cluster.name": "tpotcluster", "node.name": "tpotcluster-node-01", "message": "[gc][young][873][104] duration [1.9s], collections [1]/[3.1s], total [1.9s]/[3.6m], memory [303.9mb]->[218mb]/[2gb], all_pools {[young] [84mb]->[0b]/[0b]}{[old] [211.9mb]->[211.9mb]/[2gb]}{[survivor] [7.9mb]->[6mb]/[0b]}", "cluster.uuid": "Qbw2pof0QzSXC1OvK0aFSw", "node.id": "t9hfPgy_RyC9LOJUxQUrSQ"  }
{"type": "server", "timestamp": "2022-03-29T00:06:01,826Z", "level": "WARN", "component": "o.e.m.j.JvmGcMonitorService", "cluster.name": "tpotcluster", "node.name": "tpotcluster-node-01", "message": "[gc][873] overhead, spent [1.9s] collecting in the last [3.1s]", "cluster.uuid": "Qbw2pof0QzSXC1OvK0aFSw", "node.id": "t9hfPgy_RyC9LOJUxQUrSQ"  }
{"type": "server", "timestamp": "2022-03-29T00:06:03,738Z", "level": "INFO", "component": "o.e.c.m.MetadataMappingService", "cluster.name": "tpotcluster", "node.name": "tpotcluster-node-01", "message": "[logstash-2022.03.29/4CNLAl-yQqmObSIQcEvFWA] update_mapping [_doc]", "cluster.uuid": "Qbw2pof0QzSXC1OvK0aFSw", "node.id": "t9hfPgy_RyC9LOJUxQUrSQ"  }
{"type": "server", "timestamp": "2022-03-29T00:06:07,177Z", "level": "WARN", "component": "o.e.m.j.JvmGcMonitorService", "cluster.name": "tpotcluster", "node.name": "tpotcluster-node-01", "message": "[gc][young][875][105] duration [2s], collections [1]/[1.2s], total [2s]/[3.6m], memory [270mb]->[306mb]/[2gb], all_pools {[young] [52mb]->[4mb]/[0b]}{[old] [211.9mb]->[211.9mb]/[2gb]}{[survivor] [6mb]->[9.8mb]/[0b]}", "cluster.uuid": "Qbw2pof0QzSXC1OvK0aFSw", "node.id": "t9hfPgy_RyC9LOJUxQUrSQ"  }
{"type": "server", "timestamp": "2022-03-29T00:06:07,378Z", "level": "WARN", "component": "o.e.m.j.JvmGcMonitorService", "cluster.name": "tpotcluster", "node.name": "tpotcluster-node-01", "message": "[gc][875] overhead, spent [2s] collecting in the last [1.2s]", "cluster.uuid": "Qbw2pof0QzSXC1OvK0aFSw", "node.id": "t9hfPgy_RyC9LOJUxQUrSQ"  }
{"type": "server", "timestamp": "2022-03-29T00:06:09,191Z", "level": "INFO", "component": "o.e.m.j.JvmGcMonitorService", "cluster.name": "tpotcluster", "node.name": "tpotcluster-node-01", "message": "[gc][young][876][106] duration [861ms], collections [1]/[4.9s], total [861ms]/[3.6m], memory [306mb]->[222mb]/[2gb], all_pools {[young] [4mb]->[0b]/[0b]}{[old] [211.9mb]->[213.2mb]/[2gb]}{[survivor] [9.8mb]->[8.8mb]/[0b]}", "cluster.uuid": "Qbw2pof0QzSXC1OvK0aFSw", "node.id": "t9hfPgy_RyC9LOJUxQUrSQ"  }
{"type": "server", "timestamp": "2022-03-29T00:06:16,352Z", "level": "INFO", "component": "o.e.m.j.JvmGcMonitorService", "cluster.name": "tpotcluster", "node.name": "tpotcluster-node-01", "message": "[gc][882] overhead, spent [263ms] collecting in the last [1s]", "cluster.uuid": "Qbw2pof0QzSXC1OvK0aFSw", "node.id": "t9hfPgy_RyC9LOJUxQUrSQ"  }
{"type": "server", "timestamp": "2022-03-29T00:06:24,023Z", "level": "INFO", "component": "o.e.c.m.MetadataMappingService", "cluster.name": "tpotcluster", "node.name": "tpotcluster-node-01", "message": "[logstash-2022.03.29/4CNLAl-yQqmObSIQcEvFWA] update_mapping [_doc]", "cluster.uuid": "Qbw2pof0QzSXC1OvK0aFSw", "node.id": "t9hfPgy_RyC9LOJUxQUrSQ"  }
{"type": "server", "timestamp": "2022-03-29T00:06:39,759Z", "level": "INFO", "component": "o.e.m.j.JvmGcMonitorService", "cluster.name": "tpotcluster", "node.name": "tpotcluster-node-01", "message": "[gc][901] overhead, spent [370ms] collecting in the last [1.2s]", "cluster.uuid": "Qbw2pof0QzSXC1OvK0aFSw", "node.id": "t9hfPgy_RyC9LOJUxQUrSQ"  }
{"type": "server", "timestamp": "2022-03-29T00:06:56,446Z", "level": "WARN", "component": "o.e.m.j.JvmGcMonitorService", "cluster.name": "tpotcluster", "node.name": "tpotcluster-node-01", "message": "[gc][young][910][112] duration [3.6s], collections [1]/[5.6s], total [3.6s]/[3.7m], memory [295.6mb]->[221.1mb]/[2gb], all_pools {[young] [80mb]->[4mb]/[0b]}{[old] [213.2mb]->[213.2mb]/[2gb]}{[survivor] [6.3mb]->[7.8mb]/[0b]}", "cluster.uuid": "Qbw2pof0QzSXC1OvK0aFSw", "node.id": "t9hfPgy_RyC9LOJUxQUrSQ"  }
{"type": "server", "timestamp": "2022-03-29T00:07:00,366Z", "level": "WARN", "component": "o.e.m.j.JvmGcMonitorService", "cluster.name": "tpotcluster", "node.name": "tpotcluster-node-01", "message": "[gc][910] overhead, spent [3.6s] collecting in the last [5.6s]", "cluster.uuid": "Qbw2pof0QzSXC1OvK0aFSw", "node.id": "t9hfPgy_RyC9LOJUxQUrSQ"  }
{"type": "server", "timestamp": "2022-03-29T00:07:01,494Z", "level": "WARN", "component": "o.e.t.ThreadPool", "cluster.name": "tpotcluster", "node.name": "tpotcluster-node-01", "message": "execution of [ReschedulingRunnable{runnable=org.elasticsearch.monitor.jvm.JvmGcMonitorService$1@4cb7d97d, interval=1s}] took [5455ms] which is above the warn threshold of [5000ms]", "cluster.uuid": "Qbw2pof0QzSXC1OvK0aFSw", "node.id": "t9hfPgy_RyC9LOJUxQUrSQ"  }
{"type": "server", "timestamp": "2022-03-29T00:07:09,629Z", "level": "WARN", "component": "o.e.t.ThreadPool", "cluster.name": "tpotcluster", "node.name": "tpotcluster-node-01", "message": "timer thread slept for [5.2s/5275ms] on absolute clock which is above the warn threshold of [5000ms]", "cluster.uuid": "Qbw2pof0QzSXC1OvK0aFSw", "node.id": "t9hfPgy_RyC9LOJUxQUrSQ"  }
{"type": "server", "timestamp": "2022-03-29T00:07:09,688Z", "level": "WARN", "component": "o.e.m.j.JvmGcMonitorService", "cluster.name": "tpotcluster", "node.name": "tpotcluster-node-01", "message": "[gc][young][911][113] duration [2.2s], collections [1]/[7.8s], total [2.2s]/[3.7m], memory [221.1mb]->[293.2mb]/[2gb], all_pools {[young] [4mb]->[80mb]/[0b]}{[old] [213.2mb]->[213.2mb]/[2gb]}{[survivor] [7.8mb]->[7.9mb]/[0b]}", "cluster.uuid": "Qbw2pof0QzSXC1OvK0aFSw", "node.id": "t9hfPgy_RyC9LOJUxQUrSQ"  }
{"type": "server", "timestamp": "2022-03-29T00:07:10,293Z", "level": "WARN", "component": "o.e.t.ThreadPool", "cluster.name": "tpotcluster", "node.name": "tpotcluster-node-01", "message": "timer thread slept for [5.2s/5274535049ns] on relative clock which is above the warn threshold of [5000ms]", "cluster.uuid": "Qbw2pof0QzSXC1OvK0aFSw", "node.id": "t9hfPgy_RyC9LOJUxQUrSQ"  }
{"type": "server", "timestamp": "2022-03-29T00:07:10,293Z", "level": "INFO", "component": "o.e.m.j.JvmGcMonitorService", "cluster.name": "tpotcluster", "node.name": "tpotcluster-node-01", "message": "[gc][911] overhead, spent [2.2s] collecting in the last [7.8s]", "cluster.uuid": "Qbw2pof0QzSXC1OvK0aFSw", "node.id": "t9hfPgy_RyC9LOJUxQUrSQ"  }
{"type": "server", "timestamp": "2022-03-29T00:07:10,477Z", "level": "WARN", "component": "o.e.t.ThreadPool", "cluster.name": "tpotcluster", "node.name": "tpotcluster-node-01", "message": "execution of [ReschedulingRunnable{runnable=org.elasticsearch.monitor.jvm.JvmGcMonitorService$1@4cb7d97d, interval=1s}] took [5674ms] which is above the warn threshold of [5000ms]", "cluster.uuid": "Qbw2pof0QzSXC1OvK0aFSw", "node.id": "t9hfPgy_RyC9LOJUxQUrSQ"  }
{"type": "server", "timestamp": "2022-03-29T00:07:12,119Z", "level": "WARN", "component": "o.e.m.j.JvmGcMonitorService", "cluster.name": "tpotcluster", "node.name": "tpotcluster-node-01", "message": "[gc][young][912][114] duration [3.8s], collections [1]/[7.6s], total [3.8s]/[3.8m], memory [293.2mb]->[256.9mb]/[2gb], all_pools {[young] [80mb]->[36mb]/[0b]}{[old] [213.2mb]->[214mb]/[2gb]}{[survivor] [7.9mb]->[6.9mb]/[0b]}", "cluster.uuid": "Qbw2pof0QzSXC1OvK0aFSw", "node.id": "t9hfPgy_RyC9LOJUxQUrSQ"  }
{"type": "server", "timestamp": "2022-03-29T00:07:12,844Z", "level": "WARN", "component": "o.e.m.j.JvmGcMonitorService", "cluster.name": "tpotcluster", "node.name": "tpotcluster-node-01", "message": "[gc][912] overhead, spent [3.8s] collecting in the last [7.6s]", "cluster.uuid": "Qbw2pof0QzSXC1OvK0aFSw", "node.id": "t9hfPgy_RyC9LOJUxQUrSQ"  }
{"type": "server", "timestamp": "2022-03-29T00:07:45,107Z", "level": "WARN", "component": "o.e.t.ThreadPool", "cluster.name": "tpotcluster", "node.name": "tpotcluster-node-01", "message": "timer thread slept for [11.5s/11569ms] on absolute clock which is above the warn threshold of [5000ms]", "cluster.uuid": "Qbw2pof0QzSXC1OvK0aFSw", "node.id": "t9hfPgy_RyC9LOJUxQUrSQ"  }
{"type": "server", "timestamp": "2022-03-29T00:07:45,990Z", "level": "WARN", "component": "o.e.t.ThreadPool", "cluster.name": "tpotcluster", "node.name": "tpotcluster-node-01", "message": "timer thread slept for [11.5s/11568672739ns] on relative clock which is above the warn threshold of [5000ms]", "cluster.uuid": "Qbw2pof0QzSXC1OvK0aFSw", "node.id": "t9hfPgy_RyC9LOJUxQUrSQ"  }
{"type": "server", "timestamp": "2022-03-29T00:07:46,839Z", "level": "WARN", "component": "o.e.m.j.JvmGcMonitorService", "cluster.name": "tpotcluster", "node.name": "tpotcluster-node-01", "message": "[gc][young][920][115] duration [8.1s], collections [1]/[2.9s], total [8.1s]/[3.9m], memory [304.9mb]->[304.9mb]/[2gb], all_pools {[young] [84mb]->[84mb]/[0b]}{[old] [214mb]->[214mb]/[2gb]}{[survivor] [6.9mb]->[6.9mb]/[0b]}", "cluster.uuid": "Qbw2pof0QzSXC1OvK0aFSw", "node.id": "t9hfPgy_RyC9LOJUxQUrSQ"  }
{"type": "server", "timestamp": "2022-03-29T00:07:51,154Z", "level": "WARN", "component": "o.e.m.j.JvmGcMonitorService", "cluster.name": "tpotcluster", "node.name": "tpotcluster-node-01", "message": "[gc][920] overhead, spent [8.1s] collecting in the last [2.9s]", "cluster.uuid": "Qbw2pof0QzSXC1OvK0aFSw", "node.id": "t9hfPgy_RyC9LOJUxQUrSQ"  }
{"type": "server", "timestamp": "2022-03-29T00:07:53,909Z", "level": "WARN", "component": "o.e.t.ThreadPool", "cluster.name": "tpotcluster", "node.name": "tpotcluster-node-01", "message": "execution of [ReschedulingRunnable{runnable=org.elasticsearch.monitor.jvm.JvmGcMonitorService$1@4cb7d97d, interval=1s}] took [24156ms] which is above the warn threshold of [5000ms]", "cluster.uuid": "Qbw2pof0QzSXC1OvK0aFSw", "node.id": "t9hfPgy_RyC9LOJUxQUrSQ"  }
{"type": "server", "timestamp": "2022-03-29T00:08:25,186Z", "level": "WARN", "component": "o.e.t.ThreadPool", "cluster.name": "tpotcluster", "node.name": "tpotcluster-node-01", "message": "timer thread slept for [14s/14086ms] on absolute clock which is above the warn threshold of [5000ms]", "cluster.uuid": "Qbw2pof0QzSXC1OvK0aFSw", "node.id": "t9hfPgy_RyC9LOJUxQUrSQ"  }
{"type": "server", "timestamp": "2022-03-29T00:08:26,172Z", "level": "WARN", "component": "o.e.m.j.JvmGcMonitorService", "cluster.name": "tpotcluster", "node.name": "tpotcluster-node-01", "message": "[gc][young][922][116] duration [10.7s], collections [1]/[17.3s], total [10.7s]/[4.1m], memory [263.4mb]->[219.2mb]/[2gb], all_pools {[young] [68mb]->[28mb]/[0b]}{[old] [214mb]->[214.2mb]/[2gb]}{[survivor] [5.3mb]->[4.9mb]/[0b]}", "cluster.uuid": "Qbw2pof0QzSXC1OvK0aFSw", "node.id": "t9hfPgy_RyC9LOJUxQUrSQ"  }
{"type": "server", "timestamp": "2022-03-29T00:08:26,215Z", "level": "WARN", "component": "o.e.t.ThreadPool", "cluster.name": "tpotcluster", "node.name": "tpotcluster-node-01", "message": "timer thread slept for [14s/14086186061ns] on relative clock which is above the warn threshold of [5000ms]", "cluster.uuid": "Qbw2pof0QzSXC1OvK0aFSw", "node.id": "t9hfPgy_RyC9LOJUxQUrSQ"  }
{"type": "server", "timestamp": "2022-03-29T00:08:26,563Z", "level": "WARN", "component": "o.e.m.j.JvmGcMonitorService", "cluster.name": "tpotcluster", "node.name": "tpotcluster-node-01", "message": "[gc][922] overhead, spent [10.7s] collecting in the last [17.3s]", "cluster.uuid": "Qbw2pof0QzSXC1OvK0aFSw", "node.id": "t9hfPgy_RyC9LOJUxQUrSQ"  }
{"type": "server", "timestamp": "2022-03-29T00:08:26,564Z", "level": "WARN", "component": "o.e.t.ThreadPool", "cluster.name": "tpotcluster", "node.name": "tpotcluster-node-01", "message": "execution of [ReschedulingRunnable{runnable=org.elasticsearch.monitor.jvm.JvmGcMonitorService$1@4cb7d97d, interval=1s}] took [14086ms] which is above the warn threshold of [5000ms]", "cluster.uuid": "Qbw2pof0QzSXC1OvK0aFSw", "node.id": "t9hfPgy_RyC9LOJUxQUrSQ"  }
{"type": "server", "timestamp": "2022-03-29T00:08:27,913Z", "level": "INFO", "component": "o.e.c.m.MetadataMappingService", "cluster.name": "tpotcluster", "node.name": "tpotcluster-node-01", "message": "[logstash-2022.03.29/4CNLAl-yQqmObSIQcEvFWA] update_mapping [_doc]", "cluster.uuid": "Qbw2pof0QzSXC1OvK0aFSw", "node.id": "t9hfPgy_RyC9LOJUxQUrSQ"  }
{"type": "server", "timestamp": "2022-03-29T00:08:31,917Z", "level": "WARN", "component": "o.e.c.s.MasterService", "cluster.name": "tpotcluster", "node.name": "tpotcluster-node-01", "message": "took [24s/24014ms] to compute cluster state update for [put-mapping [logstash-2022.03.29/4CNLAl-yQqmObSIQcEvFWA][_doc]], which exceeds the warn threshold of [10s]", "cluster.uuid": "Qbw2pof0QzSXC1OvK0aFSw", "node.id": "t9hfPgy_RyC9LOJUxQUrSQ"  }
{"type": "server", "timestamp": "2022-03-29T00:08:51,216Z", "level": "WARN", "component": "o.e.t.ThreadPool", "cluster.name": "tpotcluster", "node.name": "tpotcluster-node-01", "message": "timer thread slept for [8.1s/8110ms] on absolute clock which is above the warn threshold of [5000ms]", "cluster.uuid": "Qbw2pof0QzSXC1OvK0aFSw", "node.id": "t9hfPgy_RyC9LOJUxQUrSQ"  }
{"type": "server", "timestamp": "2022-03-29T00:08:51,543Z", "level": "WARN", "component": "o.e.m.j.JvmGcMonitorService", "cluster.name": "tpotcluster", "node.name": "tpotcluster-node-01", "message": "[gc][young][930][117] duration [6.4s], collections [1]/[1.6s], total [6.4s]/[4.2m], memory [287.2mb]->[287.2mb]/[2gb], all_pools {[young] [68mb]->[72mb]/[0b]}{[old] [214.2mb]->[214.2mb]/[2gb]}{[survivor] [4.9mb]->[4.9mb]/[0b]}", "cluster.uuid": "Qbw2pof0QzSXC1OvK0aFSw", "node.id": "t9hfPgy_RyC9LOJUxQUrSQ"  }
{"type": "server", "timestamp": "2022-03-29T00:08:51,585Z", "level": "WARN", "component": "o.e.h.AbstractHttpServerTransport", "cluster.name": "tpotcluster", "node.name": "tpotcluster-node-01", "message": "handling request [null][POST][/_bulk][Netty4HttpChannel{localAddress=/192.168.48.2:9200, remoteAddress=/192.168.48.5:38574}] took [8511ms] which is above the warn threshold of [5000ms]", "cluster.uuid": "Qbw2pof0QzSXC1OvK0aFSw", "node.id": "t9hfPgy_RyC9LOJUxQUrSQ"  }
{"type": "server", "timestamp": "2022-03-29T00:08:51,681Z", "level": "WARN", "component": "o.e.t.ThreadPool", "cluster.name": "tpotcluster", "node.name": "tpotcluster-node-01", "message": "timer thread slept for [8.1s/8110480180ns] on relative clock which is above the warn threshold of [5000ms]", "cluster.uuid": "Qbw2pof0QzSXC1OvK0aFSw", "node.id": "t9hfPgy_RyC9LOJUxQUrSQ"  }
{"type": "server", "timestamp": "2022-03-29T00:08:51,681Z", "level": "WARN", "component": "o.e.m.j.JvmGcMonitorService", "cluster.name": "tpotcluster", "node.name": "tpotcluster-node-01", "message": "[gc][930] overhead, spent [6.4s] collecting in the last [1.6s]", "cluster.uuid": "Qbw2pof0QzSXC1OvK0aFSw", "node.id": "t9hfPgy_RyC9LOJUxQUrSQ"  }
{"type": "server", "timestamp": "2022-03-29T00:08:51,682Z", "level": "WARN", "component": "o.e.t.ThreadPool", "cluster.name": "tpotcluster", "node.name": "tpotcluster-node-01", "message": "execution of [ReschedulingRunnable{runnable=org.elasticsearch.monitor.jvm.JvmGcMonitorService$1@4cb7d97d, interval=1s}] took [10915ms] which is above the warn threshold of [5000ms]", "cluster.uuid": "Qbw2pof0QzSXC1OvK0aFSw", "node.id": "t9hfPgy_RyC9LOJUxQUrSQ"  }
{"type": "server", "timestamp": "2022-03-29T00:08:59,072Z", "level": "WARN", "component": "o.e.m.j.JvmGcMonitorService", "cluster.name": "tpotcluster", "node.name": "tpotcluster-node-01", "message": "[gc][young][932][118] duration [3.1s], collections [1]/[1.4s], total [3.1s]/[4.3m], memory [248.1mb]->[252.1mb]/[2gb], all_pools {[young] [28mb]->[88mb]/[0b]}{[old] [214.2mb]->[214.2mb]/[2gb]}{[survivor] [5.8mb]->[5.8mb]/[0b]}", "cluster.uuid": "Qbw2pof0QzSXC1OvK0aFSw", "node.id": "t9hfPgy_RyC9LOJUxQUrSQ"  }
{"type": "server", "timestamp": "2022-03-29T00:08:58,854Z", "level": "WARN", "component": "o.e.g.PersistedClusterStateService", "cluster.name": "tpotcluster", "node.name": "tpotcluster-node-01", "message": "writing cluster state took [15160ms] which is above the warn threshold of [10s]; wrote global metadata [false] and metadata for [1] indices and skipped [31] unchanged indices", "cluster.uuid": "Qbw2pof0QzSXC1OvK0aFSw", "node.id": "t9hfPgy_RyC9LOJUxQUrSQ"  }
{"type": "server", "timestamp": "2022-03-29T00:08:59,515Z", "level": "WARN", "component": "o.e.m.j.JvmGcMonitorService", "cluster.name": "tpotcluster", "node.name": "tpotcluster-node-01", "message": "[gc][932] overhead, spent [3.1s] collecting in the last [1.4s]", "cluster.uuid": "Qbw2pof0QzSXC1OvK0aFSw", "node.id": "t9hfPgy_RyC9LOJUxQUrSQ"  }
{"type": "server", "timestamp": "2022-03-29T00:08:59,517Z", "level": "WARN", "component": "o.e.t.ThreadPool", "cluster.name": "tpotcluster", "node.name": "tpotcluster-node-01", "message": "execution of [ReschedulingRunnable{runnable=org.elasticsearch.monitor.jvm.JvmGcMonitorService$1@4cb7d97d, interval=1s}] took [5359ms] which is above the warn threshold of [5000ms]", "cluster.uuid": "Qbw2pof0QzSXC1OvK0aFSw", "node.id": "t9hfPgy_RyC9LOJUxQUrSQ"  }
{"type": "server", "timestamp": "2022-03-29T00:09:07,094Z", "level": "WARN", "component": "o.e.t.ThreadPool", "cluster.name": "tpotcluster", "node.name": "tpotcluster-node-01", "message": "timer thread slept for [6.4s/6469ms] on absolute clock which is above the warn threshold of [5000ms]", "cluster.uuid": "Qbw2pof0QzSXC1OvK0aFSw", "node.id": "t9hfPgy_RyC9LOJUxQUrSQ"  }
{"type": "server", "timestamp": "2022-03-29T00:09:00,546Z", "level": "INFO", "component": "o.e.c.c.C.CoordinatorPublication", "cluster.name": "tpotcluster", "node.name": "tpotcluster-node-01", "message": "after [26.1s] publication of cluster state version [4229] is still waiting for {tpotcluster-node-01}{t9hfPgy_RyC9LOJUxQUrSQ}{dy80hAwmTV2j1llaU5jUkA}{127.0.0.1}{127.0.0.1:9300}{cdfhimrstw}{xpack.installed=true, transform.node=true} [SENT_PUBLISH_REQUEST]", "cluster.uuid": "Qbw2pof0QzSXC1OvK0aFSw", "node.id": "t9hfPgy_RyC9LOJUxQUrSQ"  }
{"type": "server", "timestamp": "2022-03-29T00:09:07,902Z", "level": "WARN", "component": "o.e.m.j.JvmGcMonitorService", "cluster.name": "tpotcluster", "node.name": "tpotcluster-node-01", "message": "[gc][young][933][119] duration [5.2s], collections [1]/[6.3s], total [5.2s]/[4.4m], memory [252.1mb]->[219.6mb]/[2gb], all_pools {[young] [88mb]->[0b]/[0b]}{[old] [214.2mb]->[214.4mb]/[2gb]}{[survivor] [5.8mb]->[5.1mb]/[0b]}", "cluster.uuid": "Qbw2pof0QzSXC1OvK0aFSw", "node.id": "t9hfPgy_RyC9LOJUxQUrSQ"  }
{"type": "server", "timestamp": "2022-03-29T00:09:08,016Z", "level": "WARN", "component": "o.e.t.ThreadPool", "cluster.name": "tpotcluster", "node.name": "tpotcluster-node-01", "message": "timer thread slept for [6.4s/6468673732ns] on relative clock which is above the warn threshold of [5000ms]", "cluster.uuid": "Qbw2pof0QzSXC1OvK0aFSw", "node.id": "t9hfPgy_RyC9LOJUxQUrSQ"  }
{"type": "server", "timestamp": "2022-03-29T00:09:08,081Z", "level": "WARN", "component": "o.e.m.j.JvmGcMonitorService", "cluster.name": "tpotcluster", "node.name": "tpotcluster-node-01", "message": "[gc][933] overhead, spent [5.2s] collecting in the last [6.3s]", "cluster.uuid": "Qbw2pof0QzSXC1OvK0aFSw", "node.id": "t9hfPgy_RyC9LOJUxQUrSQ"  }
{"type": "server", "timestamp": "2022-03-29T00:09:08,082Z", "level": "WARN", "component": "o.e.t.ThreadPool", "cluster.name": "tpotcluster", "node.name": "tpotcluster-node-01", "message": "execution of [ReschedulingRunnable{runnable=org.elasticsearch.monitor.jvm.JvmGcMonitorService$1@4cb7d97d, interval=1s}] took [6468ms] which is above the warn threshold of [5000ms]", "cluster.uuid": "Qbw2pof0QzSXC1OvK0aFSw", "node.id": "t9hfPgy_RyC9LOJUxQUrSQ"  }
{"type": "server", "timestamp": "2022-03-29T00:09:17,459Z", "level": "WARN", "component": "o.e.m.j.JvmGcMonitorService", "cluster.name": "tpotcluster", "node.name": "tpotcluster-node-01", "message": "[gc][young][939][120] duration [1s], collections [1]/[1.8s], total [1s]/[4.4m], memory [299.6mb]->[241mb]/[2gb], all_pools {[young] [80mb]->[44mb]/[0b]}{[old] [214.4mb]->[214.4mb]/[2gb]}{[survivor] [5.1mb]->[6.6mb]/[0b]}", "cluster.uuid": "Qbw2pof0QzSXC1OvK0aFSw", "node.id": "t9hfPgy_RyC9LOJUxQUrSQ"  }
{"type": "server", "timestamp": "2022-03-29T00:09:18,067Z", "level": "WARN", "component": "o.e.m.j.JvmGcMonitorService", "cluster.name": "tpotcluster", "node.name": "tpotcluster-node-01", "message": "[gc][939] overhead, spent [1s] collecting in the last [1.8s]", "cluster.uuid": "Qbw2pof0QzSXC1OvK0aFSw", "node.id": "t9hfPgy_RyC9LOJUxQUrSQ"  }
{"type": "server", "timestamp": "2022-03-29T00:09:25,905Z", "level": "INFO", "component": "o.e.m.j.JvmGcMonitorService", "cluster.name": "tpotcluster", "node.name": "tpotcluster-node-01", "message": "[gc][944] overhead, spent [550ms] collecting in the last [1.4s]", "cluster.uuid": "Qbw2pof0QzSXC1OvK0aFSw", "node.id": "t9hfPgy_RyC9LOJUxQUrSQ"  }
{"type": "server", "timestamp": "2022-03-29T00:09:33,365Z", "level": "WARN", "component": "o.e.m.j.JvmGcMonitorService", "cluster.name": "tpotcluster", "node.name": "tpotcluster-node-01", "message": "[gc][young][949][122] duration [1s], collections [1]/[2s], total [1s]/[4.4m], memory [297.3mb]->[220.8mb]/[2gb], all_pools {[young] [76mb]->[12mb]/[0b]}{[old] [214.4mb]->[214.4mb]/[2gb]}{[survivor] [6.9mb]->[6.3mb]/[0b]}", "cluster.uuid": "Qbw2pof0QzSXC1OvK0aFSw", "node.id": "t9hfPgy_RyC9LOJUxQUrSQ"  }
{"type": "server", "timestamp": "2022-03-29T00:09:33,523Z", "level": "INFO", "component": "o.e.m.j.JvmGcMonitorService", "cluster.name": "tpotcluster", "node.name": "tpotcluster-node-01", "message": "[gc][949] overhead, spent [1s] collecting in the last [2s]", "cluster.uuid": "Qbw2pof0QzSXC1OvK0aFSw", "node.id": "t9hfPgy_RyC9LOJUxQUrSQ"  }
{"type": "server", "timestamp": "2022-03-29T00:09:41,023Z", "level": "INFO", "component": "o.e.m.j.JvmGcMonitorService", "cluster.name": "tpotcluster", "node.name": "tpotcluster-node-01", "message": "[gc][955] overhead, spent [421ms] collecting in the last [1.1s]", "cluster.uuid": "Qbw2pof0QzSXC1OvK0aFSw", "node.id": "t9hfPgy_RyC9LOJUxQUrSQ"  }
{"type": "server", "timestamp": "2022-03-29T00:09:50,430Z", "level": "INFO", "component": "o.e.m.j.JvmGcMonitorService", "cluster.name": "tpotcluster", "node.name": "tpotcluster-node-01", "message": "[gc][young][962][124] duration [727ms], collections [1]/[1.7s], total [727ms]/[4.4m], memory [280.7mb]->[221.8mb]/[2gb], all_pools {[young] [60mb]->[0b]/[0b]}{[old] [214.5mb]->[214.5mb]/[2gb]}{[survivor] [6.1mb]->[7.2mb]/[0b]}", "cluster.uuid": "Qbw2pof0QzSXC1OvK0aFSw", "node.id": "t9hfPgy_RyC9LOJUxQUrSQ"  }
{"type": "server", "timestamp": "2022-03-29T00:09:50,735Z", "level": "INFO", "component": "o.e.m.j.JvmGcMonitorService", "cluster.name": "tpotcluster", "node.name": "tpotcluster-node-01", "message": "[gc][962] overhead, spent [727ms] collecting in the last [1.7s]", "cluster.uuid": "Qbw2pof0QzSXC1OvK0aFSw", "node.id": "t9hfPgy_RyC9LOJUxQUrSQ"  }
{"type": "server", "timestamp": "2022-03-29T00:09:58,941Z", "level": "INFO", "component": "o.e.m.j.JvmGcMonitorService", "cluster.name": "tpotcluster", "node.name": "tpotcluster-node-01", "message": "[gc][968] overhead, spent [394ms] collecting in the last [1.2s]", "cluster.uuid": "Qbw2pof0QzSXC1OvK0aFSw", "node.id": "t9hfPgy_RyC9LOJUxQUrSQ"  }
{"type": "server", "timestamp": "2022-03-29T00:10:06,183Z", "level": "INFO", "component": "o.e.m.j.JvmGcMonitorService", "cluster.name": "tpotcluster", "node.name": "tpotcluster-node-01", "message": "[gc][974] overhead, spent [314ms] collecting in the last [1.1s]", "cluster.uuid": "Qbw2pof0QzSXC1OvK0aFSw", "node.id": "t9hfPgy_RyC9LOJUxQUrSQ"  }
{"type": "server", "timestamp": "2022-03-29T00:10:34,686Z", "level": "INFO", "component": "o.e.m.j.JvmGcMonitorService", "cluster.name": "tpotcluster", "node.name": "tpotcluster-node-01", "message": "[gc][998] overhead, spent [301ms] collecting in the last [1s]", "cluster.uuid": "Qbw2pof0QzSXC1OvK0aFSw", "node.id": "t9hfPgy_RyC9LOJUxQUrSQ"  }
{"type": "server", "timestamp": "2022-03-29T00:19:22,359Z", "level": "WARN", "component": "o.e.c.InternalClusterInfoService", "cluster.name": "tpotcluster", "node.name": "tpotcluster-node-01", "message": "failed to retrieve shard stats from node [t9hfPgy_RyC9LOJUxQUrSQ]: [tpotcluster-node-01][127.0.0.1:9300][indices:monitor/stats[n]] request_id [7559] timed out after [15963ms]", "cluster.uuid": "Qbw2pof0QzSXC1OvK0aFSw", "node.id": "t9hfPgy_RyC9LOJUxQUrSQ"  }
{"type": "server", "timestamp": "2022-03-29T00:19:29,227Z", "level": "WARN", "component": "o.e.t.TransportService", "cluster.name": "tpotcluster", "node.name": "tpotcluster-node-01", "message": "Received response for a request that has timed out, sent [25.7s/25720ms] ago, timed out [9.7s/9757ms] ago, action [indices:monitor/stats[n]], node [{tpotcluster-node-01}{t9hfPgy_RyC9LOJUxQUrSQ}{dy80hAwmTV2j1llaU5jUkA}{127.0.0.1}{127.0.0.1:9300}{cdfhimrstw}{xpack.installed=true, transform.node=true}], id [7559]", "cluster.uuid": "Qbw2pof0QzSXC1OvK0aFSw", "node.id": "t9hfPgy_RyC9LOJUxQUrSQ"  }
{"type": "server", "timestamp": "2022-03-29T00:20:43,320Z", "level": "WARN", "component": "o.e.m.j.JvmGcMonitorService", "cluster.name": "tpotcluster", "node.name": "tpotcluster-node-01", "message": "[gc][young][1532][144] duration [3s], collections [1]/[5.4s], total [3s]/[4.5m], memory [1.3gb]->[224.8mb]/[2gb], all_pools {[young] [1gb]->[0b]/[0b]}{[old] [216.7mb]->[216.8mb]/[2gb]}{[survivor] [6.4mb]->[8mb]/[0b]}", "cluster.uuid": "Qbw2pof0QzSXC1OvK0aFSw", "node.id": "t9hfPgy_RyC9LOJUxQUrSQ"  }
{"type": "server", "timestamp": "2022-03-29T00:20:46,638Z", "level": "WARN", "component": "o.e.m.j.JvmGcMonitorService", "cluster.name": "tpotcluster", "node.name": "tpotcluster-node-01", "message": "[gc][1532] overhead, spent [3s] collecting in the last [5.4s]", "cluster.uuid": "Qbw2pof0QzSXC1OvK0aFSw", "node.id": "t9hfPgy_RyC9LOJUxQUrSQ"  }
{"type": "server", "timestamp": "2022-03-29T00:20:48,731Z", "level": "WARN", "component": "o.e.m.j.JvmGcMonitorService", "cluster.name": "tpotcluster", "node.name": "tpotcluster-node-01", "message": "[gc][young][1533][145] duration [1.8s], collections [1]/[5.6s], total [1.8s]/[4.6m], memory [224.8mb]->[260.3mb]/[2gb], all_pools {[young] [0b]->[36mb]/[0b]}{[old] [216.8mb]->[216.8mb]/[2gb]}{[survivor] [8mb]->[7.4mb]/[0b]}", "cluster.uuid": "Qbw2pof0QzSXC1OvK0aFSw", "node.id": "t9hfPgy_RyC9LOJUxQUrSQ"  }
{"type": "server", "timestamp": "2022-03-29T00:20:49,249Z", "level": "INFO", "component": "o.e.m.j.JvmGcMonitorService", "cluster.name": "tpotcluster", "node.name": "tpotcluster-node-01", "message": "[gc][1533] overhead, spent [1.8s] collecting in the last [5.6s]", "cluster.uuid": "Qbw2pof0QzSXC1OvK0aFSw", "node.id": "t9hfPgy_RyC9LOJUxQUrSQ"  }
{"type": "server", "timestamp": "2022-03-29T00:20:55,192Z", "level": "WARN", "component": "o.e.m.j.JvmGcMonitorService", "cluster.name": "tpotcluster", "node.name": "tpotcluster-node-01", "message": "[gc][young][1536][146] duration [1.4s], collections [1]/[2.6s], total [1.4s]/[4.6m], memory [264.3mb]->[232.2mb]/[2gb], all_pools {[young] [40mb]->[12mb]/[0b]}{[old] [216.8mb]->[216.8mb]/[2gb]}{[survivor] [7.4mb]->[7.3mb]/[0b]}", "cluster.uuid": "Qbw2pof0QzSXC1OvK0aFSw", "node.id": "t9hfPgy_RyC9LOJUxQUrSQ"  }
{"type": "server", "timestamp": "2022-03-29T00:20:55,988Z", "level": "WARN", "component": "o.e.m.j.JvmGcMonitorService", "cluster.name": "tpotcluster", "node.name": "tpotcluster-node-01", "message": "[gc][1536] overhead, spent [1.4s] collecting in the last [2.6s]", "cluster.uuid": "Qbw2pof0QzSXC1OvK0aFSw", "node.id": "t9hfPgy_RyC9LOJUxQUrSQ"  }
{"type": "server", "timestamp": "2022-03-29T00:21:07,119Z", "level": "WARN", "component": "o.e.m.j.JvmGcMonitorService", "cluster.name": "tpotcluster", "node.name": "tpotcluster-node-01", "message": "[gc][young][1540][147] duration [2.6s], collections [1]/[5.4s], total [2.6s]/[4.6m], memory [248.2mb]->[226.1mb]/[2gb], all_pools {[young] [24mb]->[8mb]/[0b]}{[old] [216.8mb]->[216.8mb]/[2gb]}{[survivor] [7.3mb]->[5.2mb]/[0b]}", "cluster.uuid": "Qbw2pof0QzSXC1OvK0aFSw", "node.id": "t9hfPgy_RyC9LOJUxQUrSQ"  }
{"type": "server", "timestamp": "2022-03-29T00:21:08,578Z", "level": "INFO", "component": "o.e.m.j.JvmGcMonitorService", "cluster.name": "tpotcluster", "node.name": "tpotcluster-node-01", "message": "[gc][1540] overhead, spent [2.6s] collecting in the last [5.4s]", "cluster.uuid": "Qbw2pof0QzSXC1OvK0aFSw", "node.id": "t9hfPgy_RyC9LOJUxQUrSQ"  }
{"type": "server", "timestamp": "2022-03-29T00:21:26,700Z", "level": "WARN", "component": "o.e.t.ThreadPool", "cluster.name": "tpotcluster", "node.name": "tpotcluster-node-01", "message": "timer thread slept for [5.1s/5199ms] on absolute clock which is above the warn threshold of [5000ms]", "cluster.uuid": "Qbw2pof0QzSXC1OvK0aFSw", "node.id": "t9hfPgy_RyC9LOJUxQUrSQ"  }
{"type": "server", "timestamp": "2022-03-29T00:21:27,423Z", "level": "WARN", "component": "o.e.m.j.JvmGcMonitorService", "cluster.name": "tpotcluster", "node.name": "tpotcluster-node-01", "message": "[gc][young][1547][148] duration [3.9s], collections [1]/[6.3s], total [3.9s]/[4.7m], memory [290.1mb]->[223.5mb]/[2gb], all_pools {[young] [68mb]->[36mb]/[0b]}{[old] [216.8mb]->[216.8mb]/[2gb]}{[survivor] [5.2mb]->[6.7mb]/[0b]}", "cluster.uuid": "Qbw2pof0QzSXC1OvK0aFSw", "node.id": "t9hfPgy_RyC9LOJUxQUrSQ"  }
{"type": "server", "timestamp": "2022-03-29T00:21:27,421Z", "level": "WARN", "component": "o.e.t.ThreadPool", "cluster.name": "tpotcluster", "node.name": "tpotcluster-node-01", "message": "timer thread slept for [5.1s/5198938076ns] on relative clock which is above the warn threshold of [5000ms]", "cluster.uuid": "Qbw2pof0QzSXC1OvK0aFSw", "node.id": "t9hfPgy_RyC9LOJUxQUrSQ"  }
{"type": "server", "timestamp": "2022-03-29T00:21:27,764Z", "level": "WARN", "component": "o.e.m.j.JvmGcMonitorService", "cluster.name": "tpotcluster", "node.name": "tpotcluster-node-01", "message": "[gc][1547] overhead, spent [3.9s] collecting in the last [6.3s]", "cluster.uuid": "Qbw2pof0QzSXC1OvK0aFSw", "node.id": "t9hfPgy_RyC9LOJUxQUrSQ"  }
{"type": "server", "timestamp": "2022-03-29T00:21:27,931Z", "level": "WARN", "component": "o.e.t.ThreadPool", "cluster.name": "tpotcluster", "node.name": "tpotcluster-node-01", "message": "execution of [ReschedulingRunnable{runnable=org.elasticsearch.monitor.jvm.JvmGcMonitorService$1@4cb7d97d, interval=1s}] took [5198ms] which is above the warn threshold of [5000ms]", "cluster.uuid": "Qbw2pof0QzSXC1OvK0aFSw", "node.id": "t9hfPgy_RyC9LOJUxQUrSQ"  }
{"type": "server", "timestamp": "2022-03-29T00:22:10,661Z", "level": "WARN", "component": "o.e.t.ThreadPool", "cluster.name": "tpotcluster", "node.name": "tpotcluster-node-01", "message": "timer thread slept for [12.7s/12740ms] on absolute clock which is above the warn threshold of [5000ms]", "cluster.uuid": "Qbw2pof0QzSXC1OvK0aFSw", "node.id": "t9hfPgy_RyC9LOJUxQUrSQ"  }
{"type": "server", "timestamp": "2022-03-29T00:22:11,944Z", "level": "WARN", "component": "o.e.t.ThreadPool", "cluster.name": "tpotcluster", "node.name": "tpotcluster-node-01", "message": "timer thread slept for [12.7s/12740151619ns] on relative clock which is above the warn threshold of [5000ms]", "cluster.uuid": "Qbw2pof0QzSXC1OvK0aFSw", "node.id": "t9hfPgy_RyC9LOJUxQUrSQ"  }
{"type": "server", "timestamp": "2022-03-29T00:22:12,039Z", "level": "WARN", "component": "o.e.m.j.JvmGcMonitorService", "cluster.name": "tpotcluster", "node.name": "tpotcluster-node-01", "message": "[gc][young][1559][149] duration [9.9s], collections [1]/[14.7s], total [9.9s]/[4.8m], memory [279.5mb]->[224.3mb]/[2gb], all_pools {[young] [56mb]->[36mb]/[0b]}{[old] [216.8mb]->[216.9mb]/[2gb]}{[survivor] [6.7mb]->[7.4mb]/[0b]}", "cluster.uuid": "Qbw2pof0QzSXC1OvK0aFSw", "node.id": "t9hfPgy_RyC9LOJUxQUrSQ"  }
{"type": "server", "timestamp": "2022-03-29T00:22:13,598Z", "level": "WARN", "component": "o.e.m.j.JvmGcMonitorService", "cluster.name": "tpotcluster", "node.name": "tpotcluster-node-01", "message": "[gc][1559] overhead, spent [9.9s] collecting in the last [14.7s]", "cluster.uuid": "Qbw2pof0QzSXC1OvK0aFSw", "node.id": "t9hfPgy_RyC9LOJUxQUrSQ"  }
{"type": "server", "timestamp": "2022-03-29T00:22:19,908Z", "level": "WARN", "component": "o.e.t.ThreadPool", "cluster.name": "tpotcluster", "node.name": "tpotcluster-node-01", "message": "execution of [ReschedulingRunnable{runnable=org.elasticsearch.monitor.jvm.JvmGcMonitorService$1@4cb7d97d, interval=1s}] took [21678ms] which is above the warn threshold of [5000ms]", "cluster.uuid": "Qbw2pof0QzSXC1OvK0aFSw", "node.id": "t9hfPgy_RyC9LOJUxQUrSQ"  }
{"type": "server", "timestamp": "2022-03-29T00:22:32,597Z", "level": "WARN", "component": "o.e.t.ThreadPool", "cluster.name": "tpotcluster", "node.name": "tpotcluster-node-01", "message": "execution of [ReschedulingRunnable{runnable=org.elasticsearch.watcher.ResourceWatcherService$ResourceMonitor@57a193ee, interval=5s}] took [7550ms] which is above the warn threshold of [5000ms]", "cluster.uuid": "Qbw2pof0QzSXC1OvK0aFSw", "node.id": "t9hfPgy_RyC9LOJUxQUrSQ"  }
{"type": "server", "timestamp": "2022-03-29T00:23:22,234Z", "level": "WARN", "component": "o.e.t.ThreadPool", "cluster.name": "tpotcluster", "node.name": "tpotcluster-node-01", "message": "timer thread slept for [20.7s/20728ms] on absolute clock which is above the warn threshold of [5000ms]", "cluster.uuid": "Qbw2pof0QzSXC1OvK0aFSw", "node.id": "t9hfPgy_RyC9LOJUxQUrSQ"  }
{"type": "server", "timestamp": "2022-03-29T00:23:22,779Z", "level": "WARN", "component": "o.e.t.ThreadPool", "cluster.name": "tpotcluster", "node.name": "tpotcluster-node-01", "message": "execution of [org.elasticsearch.cluster.InternalClusterInfoService$RefreshScheduler$$Lambda$5125/0x00000008017f9258@b7390be] took [22529ms] which is above the warn threshold of [5000ms]", "cluster.uuid": "Qbw2pof0QzSXC1OvK0aFSw", "node.id": "t9hfPgy_RyC9LOJUxQUrSQ"  }
{"type": "server", "timestamp": "2022-03-29T00:23:23,243Z", "level": "WARN", "component": "o.e.t.ThreadPool", "cluster.name": "tpotcluster", "node.name": "tpotcluster-node-01", "message": "timer thread slept for [20.7s/20728762092ns] on relative clock which is above the warn threshold of [5000ms]", "cluster.uuid": "Qbw2pof0QzSXC1OvK0aFSw", "node.id": "t9hfPgy_RyC9LOJUxQUrSQ"  }
{"type": "server", "timestamp": "2022-03-29T00:23:24,139Z", "level": "WARN", "component": "o.e.m.j.JvmGcMonitorService", "cluster.name": "tpotcluster", "node.name": "tpotcluster-node-01", "message": "[gc][young][1561][150] duration [15.1s], collections [1]/[31.2s], total [15.1s]/[5.1m], memory [268.3mb]->[233.5mb]/[2gb], all_pools {[young] [44mb]->[52mb]/[0b]}{[old] [216.9mb]->[216.9mb]/[2gb]}{[survivor] [7.4mb]->[8.6mb]/[0b]}", "cluster.uuid": "Qbw2pof0QzSXC1OvK0aFSw", "node.id": "t9hfPgy_RyC9LOJUxQUrSQ"  }
{"type": "server", "timestamp": "2022-03-29T00:23:24,901Z", "level": "INFO", "component": "o.e.m.j.JvmGcMonitorService", "cluster.name": "tpotcluster", "node.name": "tpotcluster-node-01", "message": "[gc][1561] overhead, spent [15.1s] collecting in the last [31.2s]", "cluster.uuid": "Qbw2pof0QzSXC1OvK0aFSw", "node.id": "t9hfPgy_RyC9LOJUxQUrSQ"  }
{"type": "server", "timestamp": "2022-03-29T00:23:37,728Z", "level": "WARN", "component": "o.e.t.ThreadPool", "cluster.name": "tpotcluster", "node.name": "tpotcluster-node-01", "message": "timer thread slept for [9.7s/9735ms] on absolute clock which is above the warn threshold of [5000ms]", "cluster.uuid": "Qbw2pof0QzSXC1OvK0aFSw", "node.id": "t9hfPgy_RyC9LOJUxQUrSQ"  }
{"type": "server", "timestamp": "2022-03-29T00:23:38,393Z", "level": "WARN", "component": "o.e.h.AbstractHttpServerTransport", "cluster.name": "tpotcluster", "node.name": "tpotcluster-node-01", "message": "handling request [null][POST][/_bulk][Netty4HttpChannel{localAddress=/192.168.48.2:9200, remoteAddress=/192.168.48.5:38574}] took [10536ms] which is above the warn threshold of [5000ms]", "cluster.uuid": "Qbw2pof0QzSXC1OvK0aFSw", "node.id": "t9hfPgy_RyC9LOJUxQUrSQ"  }
{"type": "server", "timestamp": "2022-03-29T00:23:38,616Z", "level": "WARN", "component": "o.e.t.ThreadPool", "cluster.name": "tpotcluster", "node.name": "tpotcluster-node-01", "message": "timer thread slept for [9.7s/9735577427ns] on relative clock which is above the warn threshold of [5000ms]", "cluster.uuid": "Qbw2pof0QzSXC1OvK0aFSw", "node.id": "t9hfPgy_RyC9LOJUxQUrSQ"  }
{"type": "server", "timestamp": "2022-03-29T00:23:38,800Z", "level": "WARN", "component": "o.e.m.j.JvmGcMonitorService", "cluster.name": "tpotcluster", "node.name": "tpotcluster-node-01", "message": "[gc][young][1562][151] duration [6.3s], collections [1]/[15.2s], total [6.3s]/[5.2m], memory [233.5mb]->[268.6mb]/[2gb], all_pools {[young] [52mb]->[48mb]/[0b]}{[old] [216.9mb]->[216.9mb]/[2gb]}{[survivor] [8.6mb]->[7.6mb]/[0b]}", "cluster.uuid": "Qbw2pof0QzSXC1OvK0aFSw", "node.id": "t9hfPgy_RyC9LOJUxQUrSQ"  }
{"type": "server", "timestamp": "2022-03-29T00:23:38,801Z", "level": "INFO", "component": "o.e.m.j.JvmGcMonitorService", "cluster.name": "tpotcluster", "node.name": "tpotcluster-node-01", "message": "[gc][1562] overhead, spent [6.3s] collecting in the last [15.2s]", "cluster.uuid": "Qbw2pof0QzSXC1OvK0aFSw", "node.id": "t9hfPgy_RyC9LOJUxQUrSQ"  }
{"type": "server", "timestamp": "2022-03-29T00:23:56,705Z", "level": "WARN", "component": "o.e.t.ThreadPool", "cluster.name": "tpotcluster", "node.name": "tpotcluster-node-01", "message": "timer thread slept for [7.3s/7379ms] on absolute clock which is above the warn threshold of [5000ms]", "cluster.uuid": "Qbw2pof0QzSXC1OvK0aFSw", "node.id": "t9hfPgy_RyC9LOJUxQUrSQ"  }
{"type": "server", "timestamp": "2022-03-29T00:23:56,705Z", "level": "WARN", "component": "o.e.t.ThreadPool", "cluster.name": "tpotcluster", "node.name": "tpotcluster-node-01", "message": "execution of [ReschedulingRunnable{runnable=org.elasticsearch.indices.IndexingMemoryController$ShardsIndicesStatusChecker@77bf7db2, interval=5s}] took [7379ms] which is above the warn threshold of [5000ms]", "cluster.uuid": "Qbw2pof0QzSXC1OvK0aFSw", "node.id": "t9hfPgy_RyC9LOJUxQUrSQ"  }
{"type": "server", "timestamp": "2022-03-29T00:23:57,096Z", "level": "WARN", "component": "o.e.t.ThreadPool", "cluster.name": "tpotcluster", "node.name": "tpotcluster-node-01", "message": "timer thread slept for [7.3s/7379302816ns] on relative clock which is above the warn threshold of [5000ms]", "cluster.uuid": "Qbw2pof0QzSXC1OvK0aFSw", "node.id": "t9hfPgy_RyC9LOJUxQUrSQ"  }
{"type": "server", "timestamp": "2022-03-29T00:23:57,251Z", "level": "WARN", "component": "o.e.m.j.JvmGcMonitorService", "cluster.name": "tpotcluster", "node.name": "tpotcluster-node-01", "message": "[gc][young][1568][152] duration [5.9s], collections [1]/[8.6s], total [5.9s]/[5.3m], memory [284.6mb]->[244.3mb]/[2gb], all_pools {[young] [88mb]->[28mb]/[0b]}{[old] [216.9mb]->[216.9mb]/[2gb]}{[survivor] [7.6mb]->[7.4mb]/[0b]}", "cluster.uuid": "Qbw2pof0QzSXC1OvK0aFSw", "node.id": "t9hfPgy_RyC9LOJUxQUrSQ"  }
{"type": "server", "timestamp": "2022-03-29T00:23:57,275Z", "level": "WARN", "component": "o.e.m.j.JvmGcMonitorService", "cluster.name": "tpotcluster", "node.name": "tpotcluster-node-01", "message": "[gc][1568] overhead, spent [5.9s] collecting in the last [8.6s]", "cluster.uuid": "Qbw2pof0QzSXC1OvK0aFSw", "node.id": "t9hfPgy_RyC9LOJUxQUrSQ"  }
{"type": "server", "timestamp": "2022-03-29T00:23:57,544Z", "level": "INFO", "component": "o.e.c.m.MetadataMappingService", "cluster.name": "tpotcluster", "node.name": "tpotcluster-node-01", "message": "[logstash-2022.03.29/4CNLAl-yQqmObSIQcEvFWA] update_mapping [_doc]", "cluster.uuid": "Qbw2pof0QzSXC1OvK0aFSw", "node.id": "t9hfPgy_RyC9LOJUxQUrSQ"  }
{"type": "server", "timestamp": "2022-03-29T00:23:57,721Z", "level": "WARN", "component": "o.e.c.s.MasterService", "cluster.name": "tpotcluster", "node.name": "tpotcluster-node-01", "message": "took [13.7s/13783ms] to compute cluster state update for [put-mapping [logstash-2022.03.29/4CNLAl-yQqmObSIQcEvFWA][_doc]], which exceeds the warn threshold of [10s]", "cluster.uuid": "Qbw2pof0QzSXC1OvK0aFSw", "node.id": "t9hfPgy_RyC9LOJUxQUrSQ"  }
{"type": "server", "timestamp": "2022-03-29T00:24:05,783Z", "level": "WARN", "component": "o.e.m.j.JvmGcMonitorService", "cluster.name": "tpotcluster", "node.name": "tpotcluster-node-01", "message": "[gc][young][1573][153] duration [1.2s], collections [1]/[2.7s], total [1.2s]/[5.3m], memory [272.3mb]->[232.4mb]/[2gb], all_pools {[young] [48mb]->[32mb]/[0b]}{[old] [216.9mb]->[216.9mb]/[2gb]}{[survivor] [7.4mb]->[7.4mb]/[0b]}", "cluster.uuid": "Qbw2pof0QzSXC1OvK0aFSw", "node.id": "t9hfPgy_RyC9LOJUxQUrSQ"  }
{"type": "server", "timestamp": "2022-03-29T00:24:06,128Z", "level": "INFO", "component": "o.e.m.j.JvmGcMonitorService", "cluster.name": "tpotcluster", "node.name": "tpotcluster-node-01", "message": "[gc][1573] overhead, spent [1.2s] collecting in the last [2.7s]", "cluster.uuid": "Qbw2pof0QzSXC1OvK0aFSw", "node.id": "t9hfPgy_RyC9LOJUxQUrSQ"  }
{"type": "server", "timestamp": "2022-03-29T00:24:34,300Z", "level": "WARN", "component": "o.e.t.ThreadPool", "cluster.name": "tpotcluster", "node.name": "tpotcluster-node-01", "message": "timer thread slept for [7.9s/7917ms] on absolute clock which is above the warn threshold of [5000ms]", "cluster.uuid": "Qbw2pof0QzSXC1OvK0aFSw", "node.id": "t9hfPgy_RyC9LOJUxQUrSQ"  }
{"type": "server", "timestamp": "2022-03-29T00:24:34,574Z", "level": "WARN", "component": "o.e.m.j.JvmGcMonitorService", "cluster.name": "tpotcluster", "node.name": "tpotcluster-node-01", "message": "[gc][young][1585][154] duration [5.7s], collections [1]/[2.4s], total [5.7s]/[5.4m], memory [308.4mb]->[312.4mb]/[2gb], all_pools {[young] [84mb]->[0b]/[0b]}{[old] [216.9mb]->[216.9mb]/[2gb]}{[survivor] [7.4mb]->[6.4mb]/[0b]}", "cluster.uuid": "Qbw2pof0QzSXC1OvK0aFSw", "node.id": "t9hfPgy_RyC9LOJUxQUrSQ"  }
{"type": "server", "timestamp": "2022-03-29T00:24:34,793Z", "level": "WARN", "component": "o.e.t.ThreadPool", "cluster.name": "tpotcluster", "node.name": "tpotcluster-node-01", "message": "timer thread slept for [7.9s/7916834588ns] on relative clock which is above the warn threshold of [5000ms]", "cluster.uuid": "Qbw2pof0QzSXC1OvK0aFSw", "node.id": "t9hfPgy_RyC9LOJUxQUrSQ"  }
{"type": "server", "timestamp": "2022-03-29T00:24:34,793Z", "level": "WARN", "component": "o.e.m.j.JvmGcMonitorService", "cluster.name": "tpotcluster", "node.name": "tpotcluster-node-01", "message": "[gc][1585] overhead, spent [5.7s] collecting in the last [2.4s]", "cluster.uuid": "Qbw2pof0QzSXC1OvK0aFSw", "node.id": "t9hfPgy_RyC9LOJUxQUrSQ"  }
{"type": "server", "timestamp": "2022-03-29T00:24:34,794Z", "level": "WARN", "component": "o.e.t.ThreadPool", "cluster.name": "tpotcluster", "node.name": "tpotcluster-node-01", "message": "execution of [ReschedulingRunnable{runnable=org.elasticsearch.monitor.jvm.JvmGcMonitorService$1@4cb7d97d, interval=1s}] took [9009ms] which is above the warn threshold of [5000ms]", "cluster.uuid": "Qbw2pof0QzSXC1OvK0aFSw", "node.id": "t9hfPgy_RyC9LOJUxQUrSQ"  }
{"type": "server", "timestamp": "2022-03-29T00:24:41,062Z", "level": "WARN", "component": "o.e.c.s.ClusterApplierService", "cluster.name": "tpotcluster", "node.name": "tpotcluster-node-01", "message": "cluster state applier task [Publication{term=146, version=4230}] took [33.6s] which is above the warn threshold of [30s]: [running task [Publication{term=146, version=4230}]] took [103ms], [connecting to new nodes] took [26ms], [applying settings] took [0ms], [org.elasticsearch.repositories.RepositoriesService@21bd0d8e] took [146ms], [org.elasticsearch.indices.cluster.IndicesClusterStateService@6d7e8b0c] took [1409ms], [org.elasticsearch.script.ScriptService@560a5988] took [0ms], [org.elasticsearch.xpack.ilm.IndexLifecycleService@3c72e955] took [0ms], [org.elasticsearch.snapshots.RestoreService@75ea5228] took [0ms], [org.elasticsearch.ingest.IngestService@6cd58172] took [137ms], [org.elasticsearch.action.ingest.IngestActionForwarder@68174379] took [24ms], [org.elasticsearch.action.admin.cluster.repositories.cleanup.TransportCleanupRepositoryAction$$Lambda$4527/0x00000008016a7960@4304276f] took [0ms], [org.elasticsearch.indices.TimestampFieldMapperService@64d85635] took [0ms], [org.elasticsearch.tasks.TaskManager@244695cd] took [0ms], [org.elasticsearch.snapshots.SnapshotsService@761816b7] took [0ms], [org.elasticsearch.cluster.InternalClusterInfoService@64bda51] took [0ms], [org.elasticsearch.snapshots.InternalSnapshotsInfoService@6c9d3359] took [29ms], [org.elasticsearch.indices.SystemIndexManager@7074e5e7] took [144ms], [org.elasticsearch.xpack.shutdown.NodeSeenService@15e3ba29] took [0ms], [org.elasticsearch.xpack.autoscaling.capacity.memory.AutoscalingMemoryInfoService$$Lambda$3179/0x0000000801316e58@7c05388] took [0ms], [org.elasticsearch.xpack.ccr.action.ShardFollowTaskCleaner@7e8e58b] took [1ms], [org.elasticsearch.xpack.enrich.EnrichPolicyMaintenanceService@6edd7ccc] took [0ms], [org.elasticsearch.xpack.transform.notifications.TransformAuditor$$Lambda$3197/0x00000008013da000@616bfea9] took [0ms], [org.elasticsearch.xpack.transform.TransformClusterStateListener@5673daf] took [34ms], [org.elasticsearch.xpack.stack.StackTemplateRegistry@63e3c819] took [12953ms], [org.elasticsearch.xpack.searchablesnapshots.cache.blob.BlobStoreCacheMaintenanceService@3a0d3a1d] took [0ms], [org.elasticsearch.xpack.searchablesnapshots.SearchableSnapshots$RepositoryUuidWatcher@44027c3c] took [0ms], [org.elasticsearch.xpack.watcher.support.WatcherIndexTemplateRegistry@170c7b73] took [13048ms], [org.elasticsearch.xpack.watcher.WatcherLifeCycleService@42896614] took [83ms], [org.elasticsearch.xpack.watcher.WatcherIndexingListener@1d4a4a73] took [0ms], [org.elasticsearch.xpack.ilm.history.ILMHistoryTemplateRegistry@4afe367a] took [1166ms], [org.elasticsearch.xpack.ilm.IndexLifecycleService@3c72e955] took [855ms], [org.elasticsearch.xpack.core.slm.history.SnapshotLifecycleTemplateRegistry@3edd0bb5] took [2138ms], [org.elasticsearch.xpack.slm.SnapshotLifecycleService@37ed63bc] took [44ms], [org.elasticsearch.xpack.slm.SnapshotRetentionService@159b3114] took [0ms], [org.elasticsearch.xpack.deprecation.logging.DeprecationIndexingTemplateRegistry@55d4b2b7] took [492ms], [org.elasticsearch.xpack.fleet.FleetTemplateRegistry@39079607] took [42ms], [org.elasticsearch.cluster.metadata.SystemIndexMetadataUpgradeService@23552e63] took [0ms], [org.elasticsearch.cluster.metadata.TemplateUpgradeService@5a276363] took [232ms], [org.elasticsearch.node.ResponseCollectorService@5f95618e] took [0ms], [org.elasticsearch.snapshots.SnapshotShardsService@208892ec] took [0ms], [org.elasticsearch.persistent.PersistentTasksClusterService@2aa486a8] took [24ms], [org.elasticsearch.shutdown.PluginShutdownService@4b79c4e4] took [0ms], [org.elasticsearch.cluster.routing.DelayedAllocationService@33baf2ae] took [0ms], [org.elasticsearch.indices.store.IndicesStore@2aacf3e0] took [0ms], [org.elasticsearch.persistent.PersistentTasksNodeService@22acb0ec] took [0ms], [org.elasticsearch.license.LicenseService@16e477b6] took [0ms], [org.elasticsearch.xpack.ccr.action.AutoFollowCoordinator@3fd11600] took [0ms], [org.elasticsearch.xpack.core.async.AsyncTaskMaintenanceService@136bb706] took [127ms], [org.elasticsearch.gateway.GatewayService@367fa86b] took [0ms], [org.elasticsearch.indices.recovery.PeerRecoverySourceService@51a71461] took [0ms]", "cluster.uuid": "Qbw2pof0QzSXC1OvK0aFSw", "node.id": "t9hfPgy_RyC9LOJUxQUrSQ"  }
{"type": "server", "timestamp": "2022-03-29T00:24:52,201Z", "level": "WARN", "component": "o.e.m.j.JvmGcMonitorService", "cluster.name": "tpotcluster", "node.name": "tpotcluster-node-01", "message": "[gc][young][1592][155] duration [2.8s], collections [1]/[1.6s], total [2.8s]/[5.5m], memory [283.4mb]->[311.4mb]/[2gb], all_pools {[young] [60mb]->[20mb]/[0b]}{[old] [216.9mb]->[217.2mb]/[2gb]}{[survivor] [6.4mb]->[6.3mb]/[0b]}", "cluster.uuid": "Qbw2pof0QzSXC1OvK0aFSw", "node.id": "t9hfPgy_RyC9LOJUxQUrSQ"  }
{"type": "server", "timestamp": "2022-03-29T00:24:54,240Z", "level": "WARN", "component": "o.e.m.j.JvmGcMonitorService", "cluster.name": "tpotcluster", "node.name": "tpotcluster-node-01", "message": "[gc][1592] overhead, spent [2.8s] collecting in the last [1.6s]", "cluster.uuid": "Qbw2pof0QzSXC1OvK0aFSw", "node.id": "t9hfPgy_RyC9LOJUxQUrSQ"  }
{"type": "server", "timestamp": "2022-03-29T00:24:54,711Z", "level": "WARN", "component": "o.e.t.ThreadPool", "cluster.name": "tpotcluster", "node.name": "tpotcluster-node-01", "message": "execution of [ReschedulingRunnable{runnable=org.elasticsearch.monitor.jvm.JvmGcMonitorService$1@4cb7d97d, interval=1s}] took [7540ms] which is above the warn threshold of [5000ms]", "cluster.uuid": "Qbw2pof0QzSXC1OvK0aFSw", "node.id": "t9hfPgy_RyC9LOJUxQUrSQ"  }
{"type": "server", "timestamp": "2022-03-29T00:25:43,612Z", "level": "WARN", "component": "o.e.m.j.JvmGcMonitorService", "cluster.name": "tpotcluster", "node.name": "tpotcluster-node-01", "message": "[gc][young][1598][156] duration [21.2s], collections [1]/[2.9s], total [21.2s]/[5.8m], memory [279.5mb]->[287.5mb]/[2gb], all_pools {[young] [60mb]->[12mb]/[0b]}{[old] [217.2mb]->[217.3mb]/[2gb]}{[survivor] [6.3mb]->[6.9mb]/[0b]}", "cluster.uuid": "Qbw2pof0QzSXC1OvK0aFSw", "node.id": "t9hfPgy_RyC9LOJUxQUrSQ"  }
{"type": "server", "timestamp": "2022-03-29T00:25:43,298Z", "level": "WARN", "component": "o.e.h.AbstractHttpServerTransport", "cluster.name": "tpotcluster", "node.name": "tpotcluster-node-01", "message": "handling request [null][POST][/_bulk][Netty4HttpChannel{localAddress=/192.168.48.2:9200, remoteAddress=/192.168.48.5:38900}] took [26419ms] which is above the warn threshold of [5000ms]", "cluster.uuid": "Qbw2pof0QzSXC1OvK0aFSw", "node.id": "t9hfPgy_RyC9LOJUxQUrSQ"  }
{"type": "server", "timestamp": "2022-03-29T00:25:42,280Z", "level": "WARN", "component": "o.e.t.ThreadPool", "cluster.name": "tpotcluster", "node.name": "tpotcluster-node-01", "message": "timer thread slept for [25.5s/25523ms] on absolute clock which is above the warn threshold of [5000ms]", "cluster.uuid": "Qbw2pof0QzSXC1OvK0aFSw", "node.id": "t9hfPgy_RyC9LOJUxQUrSQ"  }
{"type": "server", "timestamp": "2022-03-29T00:25:44,144Z", "level": "WARN", "component": "o.e.m.j.JvmGcMonitorService", "cluster.name": "tpotcluster", "node.name": "tpotcluster-node-01", "message": "[gc][1598] overhead, spent [21.2s] collecting in the last [2.9s]", "cluster.uuid": "Qbw2pof0QzSXC1OvK0aFSw", "node.id": "t9hfPgy_RyC9LOJUxQUrSQ"  }
{"type": "server", "timestamp": "2022-03-29T00:25:44,087Z", "level": "WARN", "component": "o.e.t.ThreadPool", "cluster.name": "tpotcluster", "node.name": "tpotcluster-node-01", "message": "timer thread slept for [25.5s/25522368770ns] on relative clock which is above the warn threshold of [5000ms]", "cluster.uuid": "Qbw2pof0QzSXC1OvK0aFSw", "node.id": "t9hfPgy_RyC9LOJUxQUrSQ"  }
{"type": "server", "timestamp": "2022-03-29T00:25:47,304Z", "level": "WARN", "component": "o.e.t.ThreadPool", "cluster.name": "tpotcluster", "node.name": "tpotcluster-node-01", "message": "execution of [ReschedulingRunnable{runnable=org.elasticsearch.monitor.jvm.JvmGcMonitorService$1@4cb7d97d, interval=1s}] took [25722ms] which is above the warn threshold of [5000ms]", "cluster.uuid": "Qbw2pof0QzSXC1OvK0aFSw", "node.id": "t9hfPgy_RyC9LOJUxQUrSQ"  }
{"type": "server", "timestamp": "2022-03-29T00:25:47,494Z", "level": "WARN", "component": "o.e.t.ThreadPool", "cluster.name": "tpotcluster", "node.name": "tpotcluster-node-01", "message": "timer thread slept for [5.7s/5749ms] on absolute clock which is above the warn threshold of [5000ms]", "cluster.uuid": "Qbw2pof0QzSXC1OvK0aFSw", "node.id": "t9hfPgy_RyC9LOJUxQUrSQ"  }
{"type": "server", "timestamp": "2022-03-29T00:25:54,754Z", "level": "WARN", "component": "o.e.t.ThreadPool", "cluster.name": "tpotcluster", "node.name": "tpotcluster-node-01", "message": "timer thread slept for [5.7s/5748842916ns] on relative clock which is above the warn threshold of [5000ms]", "cluster.uuid": "Qbw2pof0QzSXC1OvK0aFSw", "node.id": "t9hfPgy_RyC9LOJUxQUrSQ"  }
{"type": "server", "timestamp": "2022-03-29T00:26:00,619Z", "level": "WARN", "component": "o.e.t.ThreadPool", "cluster.name": "tpotcluster", "node.name": "tpotcluster-node-01", "message": "timer thread slept for [13s/13094ms] on absolute clock which is above the warn threshold of [5000ms]", "cluster.uuid": "Qbw2pof0QzSXC1OvK0aFSw", "node.id": "t9hfPgy_RyC9LOJUxQUrSQ"  }
{"type": "server", "timestamp": "2022-03-29T00:26:06,099Z", "level": "WARN", "component": "o.e.t.ThreadPool", "cluster.name": "tpotcluster", "node.name": "tpotcluster-node-01", "message": "timer thread slept for [13s/13093898888ns] on relative clock which is above the warn threshold of [5000ms]", "cluster.uuid": "Qbw2pof0QzSXC1OvK0aFSw", "node.id": "t9hfPgy_RyC9LOJUxQUrSQ"  }
{"type": "server", "timestamp": "2022-03-29T00:26:04,483Z", "level": "WARN", "component": "o.e.m.f.FsHealthService", "cluster.name": "tpotcluster", "node.name": "tpotcluster-node-01", "message": "health check of [/data/elk/data/nodes/0] took [13094ms] which is above the warn threshold of [5s]", "cluster.uuid": "Qbw2pof0QzSXC1OvK0aFSw", "node.id": "t9hfPgy_RyC9LOJUxQUrSQ"  }
{"type": "server", "timestamp": "2022-03-29T00:26:09,835Z", "level": "WARN", "component": "o.e.t.ThreadPool", "cluster.name": "tpotcluster", "node.name": "tpotcluster-node-01", "message": "timer thread slept for [9.1s/9183ms] on absolute clock which is above the warn threshold of [5000ms]", "cluster.uuid": "Qbw2pof0QzSXC1OvK0aFSw", "node.id": "t9hfPgy_RyC9LOJUxQUrSQ"  }
{"type": "server", "timestamp": "2022-03-29T00:26:10,589Z", "level": "WARN", "component": "o.e.t.ThreadPool", "cluster.name": "tpotcluster", "node.name": "tpotcluster-node-01", "message": "execution of [ReschedulingRunnable{runnable=org.elasticsearch.monitor.jvm.JvmGcMonitorService$1@4cb7d97d, interval=1s}] took [9183ms] which is above the warn threshold of [5000ms]", "cluster.uuid": "Qbw2pof0QzSXC1OvK0aFSw", "node.id": "t9hfPgy_RyC9LOJUxQUrSQ"  }
{"type": "server", "timestamp": "2022-03-29T00:26:13,103Z", "level": "WARN", "component": "o.e.t.ThreadPool", "cluster.name": "tpotcluster", "node.name": "tpotcluster-node-01", "message": "timer thread slept for [9.1s/9183731479ns] on relative clock which is above the warn threshold of [5000ms]", "cluster.uuid": "Qbw2pof0QzSXC1OvK0aFSw", "node.id": "t9hfPgy_RyC9LOJUxQUrSQ"  }
{"type": "server", "timestamp": "2022-03-29T00:26:15,510Z", "level": "WARN", "component": "o.e.t.ThreadPool", "cluster.name": "tpotcluster", "node.name": "tpotcluster-node-01", "message": "timer thread slept for [5.7s/5739ms] on absolute clock which is above the warn threshold of [5000ms]", "cluster.uuid": "Qbw2pof0QzSXC1OvK0aFSw", "node.id": "t9hfPgy_RyC9LOJUxQUrSQ"  }
{"type": "server", "timestamp": "2022-03-29T00:26:17,312Z", "level": "WARN", "component": "o.e.t.ThreadPool", "cluster.name": "tpotcluster", "node.name": "tpotcluster-node-01", "message": "timer thread slept for [5.7s/5738345569ns] on relative clock which is above the warn threshold of [5000ms]", "cluster.uuid": "Qbw2pof0QzSXC1OvK0aFSw", "node.id": "t9hfPgy_RyC9LOJUxQUrSQ"  }
{"type": "server", "timestamp": "2022-03-29T00:26:18,137Z", "level": "WARN", "component": "o.e.t.ThreadPool", "cluster.name": "tpotcluster", "node.name": "tpotcluster-node-01", "message": "execution of [ReschedulingRunnable{runnable=org.elasticsearch.monitor.jvm.JvmGcMonitorService$1@4cb7d97d, interval=1s}] took [5738ms] which is above the warn threshold of [5000ms]", "cluster.uuid": "Qbw2pof0QzSXC1OvK0aFSw", "node.id": "t9hfPgy_RyC9LOJUxQUrSQ"  }
{"type": "server", "timestamp": "2022-03-29T00:26:38,450Z", "level": "WARN", "component": "o.e.t.ThreadPool", "cluster.name": "tpotcluster", "node.name": "tpotcluster-node-01", "message": "timer thread slept for [18.5s/18587ms] on absolute clock which is above the warn threshold of [5000ms]", "cluster.uuid": "Qbw2pof0QzSXC1OvK0aFSw", "node.id": "t9hfPgy_RyC9LOJUxQUrSQ"  }
{"type": "server", "timestamp": "2022-03-29T00:26:39,086Z", "level": "WARN", "component": "o.e.t.ThreadPool", "cluster.name": "tpotcluster", "node.name": "tpotcluster-node-01", "message": "timer thread slept for [18.5s/18586912199ns] on relative clock which is above the warn threshold of [5000ms]", "cluster.uuid": "Qbw2pof0QzSXC1OvK0aFSw", "node.id": "t9hfPgy_RyC9LOJUxQUrSQ"  }
{"type": "server", "timestamp": "2022-03-29T00:26:40,206Z", "level": "WARN", "component": "o.e.m.j.JvmGcMonitorService", "cluster.name": "tpotcluster", "node.name": "tpotcluster-node-01", "message": "[gc][young][1601][157] duration [14.6s], collections [1]/[24.5s], total [14.6s]/[6.1m], memory [248.3mb]->[230.6mb]/[2gb], all_pools {[young] [32mb]->[8mb]/[0b]}{[old] [217.3mb]->[217.4mb]/[2gb]}{[survivor] [6.9mb]->[9.2mb]/[0b]}", "cluster.uuid": "Qbw2pof0QzSXC1OvK0aFSw", "node.id": "t9hfPgy_RyC9LOJUxQUrSQ"  }
{"type": "server", "timestamp": "2022-03-29T00:26:43,668Z", "level": "WARN", "component": "o.e.m.j.JvmGcMonitorService", "cluster.name": "tpotcluster", "node.name": "tpotcluster-node-01", "message": "[gc][1601] overhead, spent [14.6s] collecting in the last [24.5s]", "cluster.uuid": "Qbw2pof0QzSXC1OvK0aFSw", "node.id": "t9hfPgy_RyC9LOJUxQUrSQ"  }
{"type": "server", "timestamp": "2022-03-29T00:26:45,976Z", "level": "WARN", "component": "o.e.t.ThreadPool", "cluster.name": "tpotcluster", "node.name": "tpotcluster-node-01", "message": "execution of [ReschedulingRunnable{runnable=org.elasticsearch.monitor.jvm.JvmGcMonitorService$1@4cb7d97d, interval=1s}] took [7764ms] which is above the warn threshold of [5000ms]", "cluster.uuid": "Qbw2pof0QzSXC1OvK0aFSw", "node.id": "t9hfPgy_RyC9LOJUxQUrSQ"  }
{"type": "server", "timestamp": "2022-03-29T00:27:00,034Z", "level": "WARN", "component": "o.e.t.ThreadPool", "cluster.name": "tpotcluster", "node.name": "tpotcluster-node-01", "message": "timer thread slept for [5.1s/5199ms] on absolute clock which is above the warn threshold of [5000ms]", "cluster.uuid": "Qbw2pof0QzSXC1OvK0aFSw", "node.id": "t9hfPgy_RyC9LOJUxQUrSQ"  }
{"type": "server", "timestamp": "2022-03-29T00:27:01,339Z", "level": "WARN", "component": "o.e.t.ThreadPool", "cluster.name": "tpotcluster", "node.name": "tpotcluster-node-01", "message": "timer thread slept for [5.1s/5198711914ns] on relative clock which is above the warn threshold of [5000ms]", "cluster.uuid": "Qbw2pof0QzSXC1OvK0aFSw", "node.id": "t9hfPgy_RyC9LOJUxQUrSQ"  }
{"type": "server", "timestamp": "2022-03-29T00:27:01,190Z", "level": "WARN", "component": "o.e.m.j.JvmGcMonitorService", "cluster.name": "tpotcluster", "node.name": "tpotcluster-node-01", "message": "[gc][young][1605][158] duration [3.6s], collections [1]/[1.4s], total [3.6s]/[6.1m], memory [302.6mb]->[310.6mb]/[2gb], all_pools {[young] [76mb]->[0b]/[0b]}{[old] [217.4mb]->[218.5mb]/[2gb]}{[survivor] [9.2mb]->[8.8mb]/[0b]}", "cluster.uuid": "Qbw2pof0QzSXC1OvK0aFSw", "node.id": "t9hfPgy_RyC9LOJUxQUrSQ"  }
{"type": "server", "timestamp": "2022-03-29T00:27:01,507Z", "level": "WARN", "component": "o.e.m.j.JvmGcMonitorService", "cluster.name": "tpotcluster", "node.name": "tpotcluster-node-01", "message": "[gc][1605] overhead, spent [3.6s] collecting in the last [1.4s]", "cluster.uuid": "Qbw2pof0QzSXC1OvK0aFSw", "node.id": "t9hfPgy_RyC9LOJUxQUrSQ"  }
{"type": "server", "timestamp": "2022-03-29T00:27:01,508Z", "level": "WARN", "component": "o.e.t.ThreadPool", "cluster.name": "tpotcluster", "node.name": "tpotcluster-node-01", "message": "execution of [ReschedulingRunnable{runnable=org.elasticsearch.monitor.jvm.JvmGcMonitorService$1@4cb7d97d, interval=1s}] took [6003ms] which is above the warn threshold of [5000ms]", "cluster.uuid": "Qbw2pof0QzSXC1OvK0aFSw", "node.id": "t9hfPgy_RyC9LOJUxQUrSQ"  }
{"type": "server", "timestamp": "2022-03-29T00:27:03,156Z", "level": "INFO", "component": "o.e.c.m.MetadataMappingService", "cluster.name": "tpotcluster", "node.name": "tpotcluster-node-01", "message": "[logstash-2022.03.29/4CNLAl-yQqmObSIQcEvFWA] update_mapping [_doc]", "cluster.uuid": "Qbw2pof0QzSXC1OvK0aFSw", "node.id": "t9hfPgy_RyC9LOJUxQUrSQ"  }
{"type": "server", "timestamp": "2022-03-29T00:27:08,612Z", "level": "INFO", "component": "o.e.m.j.JvmGcMonitorService", "cluster.name": "tpotcluster", "node.name": "tpotcluster-node-01", "message": "[gc][young][1610][160] duration [722ms], collections [1]/[2s], total [722ms]/[6.2m], memory [300.1mb]->[229.8mb]/[2gb], all_pools {[young] [72mb]->[24mb]/[0b]}{[old] [218.5mb]->[219.3mb]/[2gb]}{[survivor] [9.5mb]->[6.4mb]/[0b]}", "cluster.uuid": "Qbw2pof0QzSXC1OvK0aFSw", "node.id": "t9hfPgy_RyC9LOJUxQUrSQ"  }
{"type": "server", "timestamp": "2022-03-29T00:27:08,995Z", "level": "INFO", "component": "o.e.m.j.JvmGcMonitorService", "cluster.name": "tpotcluster", "node.name": "tpotcluster-node-01", "message": "[gc][1610] overhead, spent [722ms] collecting in the last [2s]", "cluster.uuid": "Qbw2pof0QzSXC1OvK0aFSw", "node.id": "t9hfPgy_RyC9LOJUxQUrSQ"  }
{"type": "server", "timestamp": "2022-03-29T00:27:09,602Z", "level": "INFO", "component": "o.e.c.m.MetadataMappingService", "cluster.name": "tpotcluster", "node.name": "tpotcluster-node-01", "message": "[logstash-2022.03.29/4CNLAl-yQqmObSIQcEvFWA] update_mapping [_doc]", "cluster.uuid": "Qbw2pof0QzSXC1OvK0aFSw", "node.id": "t9hfPgy_RyC9LOJUxQUrSQ"  }
{"type": "server", "timestamp": "2022-03-29T00:27:17,569Z", "level": "WARN", "component": "o.e.m.j.JvmGcMonitorService", "cluster.name": "tpotcluster", "node.name": "tpotcluster-node-01", "message": "[gc][young][1615][161] duration [1.8s], collections [1]/[3.5s], total [1.8s]/[6.2m], memory [281.8mb]->[224.6mb]/[2gb], all_pools {[young] [56mb]->[60mb]/[0b]}{[old] [219.3mb]->[219.3mb]/[2gb]}{[survivor] [6.4mb]->[5.2mb]/[0b]}", "cluster.uuid": "Qbw2pof0QzSXC1OvK0aFSw", "node.id": "t9hfPgy_RyC9LOJUxQUrSQ"  }
{"type": "server", "timestamp": "2022-03-29T00:27:17,782Z", "level": "WARN", "component": "o.e.m.j.JvmGcMonitorService", "cluster.name": "tpotcluster", "node.name": "tpotcluster-node-01", "message": "[gc][1615] overhead, spent [1.8s] collecting in the last [3.5s]", "cluster.uuid": "Qbw2pof0QzSXC1OvK0aFSw", "node.id": "t9hfPgy_RyC9LOJUxQUrSQ"  }
{"type": "server", "timestamp": "2022-03-29T00:27:28,364Z", "level": "WARN", "component": "o.e.m.j.JvmGcMonitorService", "cluster.name": "tpotcluster", "node.name": "tpotcluster-node-01", "message": "[gc][young][1620][162] duration [2.1s], collections [1]/[3.9s], total [2.1s]/[6.2m], memory [304.6mb]->[225.8mb]/[2gb], all_pools {[young] [80mb]->[28mb]/[0b]}{[old] [219.3mb]->[219.3mb]/[2gb]}{[survivor] [5.2mb]->[6.4mb]/[0b]}", "cluster.uuid": "Qbw2pof0QzSXC1OvK0aFSw", "node.id": "t9hfPgy_RyC9LOJUxQUrSQ"  }
{"type": "server", "timestamp": "2022-03-29T00:27:30,705Z", "level": "WARN", "component": "o.e.m.j.JvmGcMonitorService", "cluster.name": "tpotcluster", "node.name": "tpotcluster-node-01", "message": "[gc][1620] overhead, spent [2.1s] collecting in the last [3.9s]", "cluster.uuid": "Qbw2pof0QzSXC1OvK0aFSw", "node.id": "t9hfPgy_RyC9LOJUxQUrSQ"  }
{"type": "server", "timestamp": "2022-03-29T00:27:32,217Z", "level": "WARN", "component": "o.e.t.ThreadPool", "cluster.name": "tpotcluster", "node.name": "tpotcluster-node-01", "message": "execution of [ReschedulingRunnable{runnable=org.elasticsearch.monitor.jvm.JvmGcMonitorService$1@4cb7d97d, interval=1s}] took [7268ms] which is above the warn threshold of [5000ms]", "cluster.uuid": "Qbw2pof0QzSXC1OvK0aFSw", "node.id": "t9hfPgy_RyC9LOJUxQUrSQ"  }
{"type": "server", "timestamp": "2022-03-29T00:27:34,658Z", "level": "WARN", "component": "o.e.m.j.JvmGcMonitorService", "cluster.name": "tpotcluster", "node.name": "tpotcluster-node-01", "message": "[gc][young][1621][163] duration [1.1s], collections [1]/[6.4s], total [1.1s]/[6.2m], memory [225.8mb]->[242.1mb]/[2gb], all_pools {[young] [28mb]->[16mb]/[0b]}{[old] [219.3mb]->[219.3mb]/[2gb]}{[survivor] [6.4mb]->[6.7mb]/[0b]}", "cluster.uuid": "Qbw2pof0QzSXC1OvK0aFSw", "node.id": "t9hfPgy_RyC9LOJUxQUrSQ"  }
{"type": "server", "timestamp": "2022-03-29T00:27:43,997Z", "level": "WARN", "component": "o.e.m.j.JvmGcMonitorService", "cluster.name": "tpotcluster", "node.name": "tpotcluster-node-01", "message": "[gc][young][1624][164] duration [2.5s], collections [1]/[4.9s], total [2.5s]/[6.3m], memory [246.1mb]->[268.8mb]/[2gb], all_pools {[young] [24mb]->[44mb]/[0b]}{[old] [219.3mb]->[219.5mb]/[2gb]}{[survivor] [6.7mb]->[5.3mb]/[0b]}", "cluster.uuid": "Qbw2pof0QzSXC1OvK0aFSw", "node.id": "t9hfPgy_RyC9LOJUxQUrSQ"  }
{"type": "server", "timestamp": "2022-03-29T00:27:44,764Z", "level": "WARN", "component": "o.e.m.j.JvmGcMonitorService", "cluster.name": "tpotcluster", "node.name": "tpotcluster-node-01", "message": "[gc][1624] overhead, spent [2.5s] collecting in the last [4.9s]", "cluster.uuid": "Qbw2pof0QzSXC1OvK0aFSw", "node.id": "t9hfPgy_RyC9LOJUxQUrSQ"  }
{"type": "server", "timestamp": "2022-03-29T00:27:46,126Z", "level": "INFO", "component": "o.e.c.m.MetadataMappingService", "cluster.name": "tpotcluster", "node.name": "tpotcluster-node-01", "message": "[logstash-2022.03.29/4CNLAl-yQqmObSIQcEvFWA] update_mapping [_doc]", "cluster.uuid": "Qbw2pof0QzSXC1OvK0aFSw", "node.id": "t9hfPgy_RyC9LOJUxQUrSQ"  }
{"type": "server", "timestamp": "2022-03-29T00:28:25,542Z", "level": "WARN", "component": "o.e.c.s.ClusterApplierService", "cluster.name": "tpotcluster", "node.name": "tpotcluster-node-01", "message": "cluster state applier task [Publication{term=146, version=4233}] took [33.9s] which is above the warn threshold of [30s]: [running task [Publication{term=146, version=4233}]] took [19ms], [connecting to new nodes] took [0ms], [applying settings] took [0ms], [org.elasticsearch.repositories.RepositoriesService@21bd0d8e] took [0ms], [org.elasticsearch.indices.cluster.IndicesClusterStateService@6d7e8b0c] took [4283ms], [org.elasticsearch.script.ScriptService@560a5988] took [0ms], [org.elasticsearch.xpack.ilm.IndexLifecycleService@3c72e955] took [0ms], [org.elasticsearch.snapshots.RestoreService@75ea5228] took [0ms], [org.elasticsearch.ingest.IngestService@6cd58172] took [154ms], [org.elasticsearch.action.ingest.IngestActionForwarder@68174379] took [0ms], [org.elasticsearch.action.admin.cluster.repositories.cleanup.TransportCleanupRepositoryAction$$Lambda$4527/0x00000008016a7960@4304276f] took [0ms], [org.elasticsearch.indices.TimestampFieldMapperService@64d85635] took [0ms], [org.elasticsearch.tasks.TaskManager@244695cd] took [0ms], [org.elasticsearch.snapshots.SnapshotsService@761816b7] took [0ms], [org.elasticsearch.cluster.InternalClusterInfoService@64bda51] took [0ms], [org.elasticsearch.snapshots.InternalSnapshotsInfoService@6c9d3359] took [0ms], [org.elasticsearch.indices.SystemIndexManager@7074e5e7] took [104ms], [org.elasticsearch.xpack.shutdown.NodeSeenService@15e3ba29] took [0ms], [org.elasticsearch.xpack.autoscaling.capacity.memory.AutoscalingMemoryInfoService$$Lambda$3179/0x0000000801316e58@7c05388] took [1ms], [org.elasticsearch.xpack.ccr.action.ShardFollowTaskCleaner@7e8e58b] took [0ms], [org.elasticsearch.xpack.enrich.EnrichPolicyMaintenanceService@6edd7ccc] took [0ms], [org.elasticsearch.xpack.transform.notifications.TransformAuditor$$Lambda$3197/0x00000008013da000@616bfea9] took [0ms], [org.elasticsearch.xpack.transform.TransformClusterStateListener@5673daf] took [22ms], [org.elasticsearch.xpack.stack.StackTemplateRegistry@63e3c819] took [12294ms], [org.elasticsearch.xpack.searchablesnapshots.cache.blob.BlobStoreCacheMaintenanceService@3a0d3a1d] took [0ms], [org.elasticsearch.xpack.searchablesnapshots.SearchableSnapshots$RepositoryUuidWatcher@44027c3c] took [0ms], [org.elasticsearch.xpack.watcher.support.WatcherIndexTemplateRegistry@170c7b73] took [2013ms], [org.elasticsearch.xpack.watcher.WatcherLifeCycleService@42896614] took [70ms], [org.elasticsearch.xpack.watcher.WatcherIndexingListener@1d4a4a73] took [0ms], [org.elasticsearch.xpack.ilm.history.ILMHistoryTemplateRegistry@4afe367a] took [2565ms], [org.elasticsearch.xpack.ilm.IndexLifecycleService@3c72e955] took [128ms], [org.elasticsearch.xpack.core.slm.history.SnapshotLifecycleTemplateRegistry@3edd0bb5] took [4484ms], [org.elasticsearch.xpack.slm.SnapshotLifecycleService@37ed63bc] took [59ms], [org.elasticsearch.xpack.slm.SnapshotRetentionService@159b3114] took [0ms], [org.elasticsearch.xpack.deprecation.logging.DeprecationIndexingTemplateRegistry@55d4b2b7] took [4367ms], [org.elasticsearch.xpack.fleet.FleetTemplateRegistry@39079607] took [2060ms], [org.elasticsearch.cluster.metadata.SystemIndexMetadataUpgradeService@23552e63] took [0ms], [org.elasticsearch.cluster.metadata.TemplateUpgradeService@5a276363] took [635ms], [org.elasticsearch.node.ResponseCollectorService@5f95618e] took [0ms], [org.elasticsearch.snapshots.SnapshotShardsService@208892ec] took [0ms], [org.elasticsearch.persistent.PersistentTasksClusterService@2aa486a8] took [64ms], [org.elasticsearch.shutdown.PluginShutdownService@4b79c4e4] took [50ms], [org.elasticsearch.cluster.routing.DelayedAllocationService@33baf2ae] took [22ms], [org.elasticsearch.indices.store.IndicesStore@2aacf3e0] took [0ms], [org.elasticsearch.persistent.PersistentTasksNodeService@22acb0ec] took [0ms], [org.elasticsearch.license.LicenseService@16e477b6] took [0ms], [org.elasticsearch.xpack.ccr.action.AutoFollowCoordinator@3fd11600] took [55ms], [org.elasticsearch.xpack.core.async.AsyncTaskMaintenanceService@136bb706] took [0ms], [org.elasticsearch.gateway.GatewayService@367fa86b] took [0ms], [org.elasticsearch.indices.recovery.PeerRecoverySourceService@51a71461] took [0ms], [ClusterStateObserver[ObservingContext[ContextPreservingListener[org.elasticsearch.action.bulk.TransportShardBulkAction$1@5b3a0f6a]]]] took [209ms]", "cluster.uuid": "Qbw2pof0QzSXC1OvK0aFSw", "node.id": "t9hfPgy_RyC9LOJUxQUrSQ"  }
{"type": "server", "timestamp": "2022-03-29T00:28:36,434Z", "level": "WARN", "component": "o.e.t.ThreadPool", "cluster.name": "tpotcluster", "node.name": "tpotcluster-node-01", "message": "execution of [org.elasticsearch.cluster.InternalClusterInfoService$RefreshScheduler$$Lambda$5125/0x00000008017f9258@48bc072c] took [8851ms] which is above the warn threshold of [5000ms]", "cluster.uuid": "Qbw2pof0QzSXC1OvK0aFSw", "node.id": "t9hfPgy_RyC9LOJUxQUrSQ"  }
{"type": "server", "timestamp": "2022-03-29T00:28:36,350Z", "level": "WARN", "component": "o.e.t.ThreadPool", "cluster.name": "tpotcluster", "node.name": "tpotcluster-node-01", "message": "timer thread slept for [8.4s/8451ms] on absolute clock which is above the warn threshold of [5000ms]", "cluster.uuid": "Qbw2pof0QzSXC1OvK0aFSw", "node.id": "t9hfPgy_RyC9LOJUxQUrSQ"  }
{"type": "server", "timestamp": "2022-03-29T00:28:37,223Z", "level": "WARN", "component": "o.e.t.ThreadPool", "cluster.name": "tpotcluster", "node.name": "tpotcluster-node-01", "message": "timer thread slept for [8.4s/8451787139ns] on relative clock which is above the warn threshold of [5000ms]", "cluster.uuid": "Qbw2pof0QzSXC1OvK0aFSw", "node.id": "t9hfPgy_RyC9LOJUxQUrSQ"  }
{"type": "server", "timestamp": "2022-03-29T00:28:38,232Z", "level": "WARN", "component": "o.e.m.j.JvmGcMonitorService", "cluster.name": "tpotcluster", "node.name": "tpotcluster-node-01", "message": "[gc][young][1645][165] duration [5.2s], collections [1]/[10.6s], total [5.2s]/[6.4m], memory [304.8mb]->[249mb]/[2gb], all_pools {[young] [80mb]->[28mb]/[0b]}{[old] [219.5mb]->[219.5mb]/[2gb]}{[survivor] [5.3mb]->[5.5mb]/[0b]}", "cluster.uuid": "Qbw2pof0QzSXC1OvK0aFSw", "node.id": "t9hfPgy_RyC9LOJUxQUrSQ"  }
{"type": "server", "timestamp": "2022-03-29T00:28:42,212Z", "level": "INFO", "component": "o.e.m.j.JvmGcMonitorService", "cluster.name": "tpotcluster", "node.name": "tpotcluster-node-01", "message": "[gc][1645] overhead, spent [5.2s] collecting in the last [10.6s]", "cluster.uuid": "Qbw2pof0QzSXC1OvK0aFSw", "node.id": "t9hfPgy_RyC9LOJUxQUrSQ"  }
{"type": "server", "timestamp": "2022-03-29T00:28:44,105Z", "level": "WARN", "component": "o.e.t.ThreadPool", "cluster.name": "tpotcluster", "node.name": "tpotcluster-node-01", "message": "execution of [ReschedulingRunnable{runnable=org.elasticsearch.monitor.jvm.JvmGcMonitorService$1@4cb7d97d, interval=1s}] took [7916ms] which is above the warn threshold of [5000ms]", "cluster.uuid": "Qbw2pof0QzSXC1OvK0aFSw", "node.id": "t9hfPgy_RyC9LOJUxQUrSQ"  }
{"type": "server", "timestamp": "2022-03-29T00:29:13,533Z", "level": "WARN", "component": "o.e.t.ThreadPool", "cluster.name": "tpotcluster", "node.name": "tpotcluster-node-01", "message": "timer thread slept for [17s/17099ms] on absolute clock which is above the warn threshold of [5000ms]", "cluster.uuid": "Qbw2pof0QzSXC1OvK0aFSw", "node.id": "t9hfPgy_RyC9LOJUxQUrSQ"  }
{"type": "server", "timestamp": "2022-03-29T00:29:15,563Z", "level": "WARN", "component": "o.e.t.ThreadPool", "cluster.name": "tpotcluster", "node.name": "tpotcluster-node-01", "message": "timer thread slept for [17s/17099018287ns] on relative clock which is above the warn threshold of [5000ms]", "cluster.uuid": "Qbw2pof0QzSXC1OvK0aFSw", "node.id": "t9hfPgy_RyC9LOJUxQUrSQ"  }
{"type": "server", "timestamp": "2022-03-29T00:29:16,693Z", "level": "WARN", "component": "o.e.m.j.JvmGcMonitorService", "cluster.name": "tpotcluster", "node.name": "tpotcluster-node-01", "message": "[gc][young][1649][166] duration [12.3s], collections [1]/[2.7s], total [12.3s]/[6.6m], memory [265mb]->[313mb]/[2gb], all_pools {[young] [40mb]->[12mb]/[0b]}{[old] [219.5mb]->[219.5mb]/[2gb]}{[survivor] [5.5mb]->[8.4mb]/[0b]}", "cluster.uuid": "Qbw2pof0QzSXC1OvK0aFSw", "node.id": "t9hfPgy_RyC9LOJUxQUrSQ"  }
{"type": "server", "timestamp": "2022-03-29T00:29:18,361Z", "level": "WARN", "component": "o.e.m.j.JvmGcMonitorService", "cluster.name": "tpotcluster", "node.name": "tpotcluster-node-01", "message": "[gc][1649] overhead, spent [12.3s] collecting in the last [2.7s]", "cluster.uuid": "Qbw2pof0QzSXC1OvK0aFSw", "node.id": "t9hfPgy_RyC9LOJUxQUrSQ"  }
{"type": "server", "timestamp": "2022-03-29T00:29:26,870Z", "level": "WARN", "component": "o.e.h.AbstractHttpServerTransport", "cluster.name": "tpotcluster", "node.name": "tpotcluster-node-01", "message": "handling request [null][HEAD][/][Netty4HttpChannel{localAddress=/192.168.48.2:9200, remoteAddress=/192.168.48.5:38922}] took [9030ms] which is above the warn threshold of [5000ms]", "cluster.uuid": "Qbw2pof0QzSXC1OvK0aFSw", "node.id": "t9hfPgy_RyC9LOJUxQUrSQ"  }
{"type": "server", "timestamp": "2022-03-29T00:29:26,847Z", "level": "WARN", "component": "o.e.t.ThreadPool", "cluster.name": "tpotcluster", "node.name": "tpotcluster-node-01", "message": "execution of [ReschedulingRunnable{runnable=org.elasticsearch.monitor.jvm.JvmGcMonitorService$1@4cb7d97d, interval=1s}] took [31292ms] which is above the warn threshold of [5000ms]", "cluster.uuid": "Qbw2pof0QzSXC1OvK0aFSw", "node.id": "t9hfPgy_RyC9LOJUxQUrSQ"  }
{"type": "server", "timestamp": "2022-03-29T00:29:26,731Z", "level": "WARN", "component": "o.e.t.ThreadPool", "cluster.name": "tpotcluster", "node.name": "tpotcluster-node-01", "message": "timer thread slept for [7.6s/7628ms] on absolute clock which is above the warn threshold of [5000ms]", "cluster.uuid": "Qbw2pof0QzSXC1OvK0aFSw", "node.id": "t9hfPgy_RyC9LOJUxQUrSQ"  }
{"type": "server", "timestamp": "2022-03-29T00:29:27,300Z", "level": "WARN", "component": "o.e.t.ThreadPool", "cluster.name": "tpotcluster", "node.name": "tpotcluster-node-01", "message": "timer thread slept for [7.6s/7628433739ns] on relative clock which is above the warn threshold of [5000ms]", "cluster.uuid": "Qbw2pof0QzSXC1OvK0aFSw", "node.id": "t9hfPgy_RyC9LOJUxQUrSQ"  }
{"type": "server", "timestamp": "2022-03-29T00:29:28,582Z", "level": "WARN", "component": "o.e.m.j.JvmGcMonitorService", "cluster.name": "tpotcluster", "node.name": "tpotcluster-node-01", "message": "[gc][young][1650][167] duration [4.9s], collections [1]/[32.6s], total [4.9s]/[6.7m], memory [313mb]->[283.5mb]/[2gb], all_pools {[young] [12mb]->[56mb]/[0b]}{[old] [219.5mb]->[219.5mb]/[2gb]}{[survivor] [8.4mb]->[8mb]/[0b]}", "cluster.uuid": "Qbw2pof0QzSXC1OvK0aFSw", "node.id": "t9hfPgy_RyC9LOJUxQUrSQ"  }
{"type": "server", "timestamp": "2022-03-29T00:29:36,134Z", "level": "WARN", "component": "o.e.m.j.JvmGcMonitorService", "cluster.name": "tpotcluster", "node.name": "tpotcluster-node-01", "message": "[gc][young][1653][168] duration [2s], collections [1]/[4s], total [2s]/[6.7m], memory [311.5mb]->[227.1mb]/[2gb], all_pools {[young] [84mb]->[0b]/[0b]}{[old] [219.5mb]->[219.5mb]/[2gb]}{[survivor] [8mb]->[7.5mb]/[0b]}", "cluster.uuid": "Qbw2pof0QzSXC1OvK0aFSw", "node.id": "t9hfPgy_RyC9LOJUxQUrSQ"  }
{"type": "server", "timestamp": "2022-03-29T00:29:36,607Z", "level": "WARN", "component": "o.e.m.j.JvmGcMonitorService", "cluster.name": "tpotcluster", "node.name": "tpotcluster-node-01", "message": "[gc][1653] overhead, spent [2s] collecting in the last [4s]", "cluster.uuid": "Qbw2pof0QzSXC1OvK0aFSw", "node.id": "t9hfPgy_RyC9LOJUxQUrSQ"  }
{"type": "server", "timestamp": "2022-03-29T00:29:58,640Z", "level": "WARN", "component": "o.e.t.ThreadPool", "cluster.name": "tpotcluster", "node.name": "tpotcluster-node-01", "message": "timer thread slept for [12.3s/12388ms] on absolute clock which is above the warn threshold of [5000ms]", "cluster.uuid": "Qbw2pof0QzSXC1OvK0aFSw", "node.id": "t9hfPgy_RyC9LOJUxQUrSQ"  }
{"type": "server", "timestamp": "2022-03-29T00:29:59,987Z", "level": "WARN", "component": "o.e.t.ThreadPool", "cluster.name": "tpotcluster", "node.name": "tpotcluster-node-01", "message": "timer thread slept for [12.3s/12388181396ns] on relative clock which is above the warn threshold of [5000ms]", "cluster.uuid": "Qbw2pof0QzSXC1OvK0aFSw", "node.id": "t9hfPgy_RyC9LOJUxQUrSQ"  }
{"type": "server", "timestamp": "2022-03-29T00:29:59,987Z", "level": "WARN", "component": "o.e.m.j.JvmGcMonitorService", "cluster.name": "tpotcluster", "node.name": "tpotcluster-node-01", "message": "[gc][young][1659][169] duration [9.4s], collections [1]/[1.5s], total [9.4s]/[6.8m], memory [291.1mb]->[315.1mb]/[2gb], all_pools {[young] [64mb]->[36mb]/[0b]}{[old] [219.5mb]->[219.5mb]/[2gb]}{[survivor] [7.5mb]->[5.5mb]/[0b]}", "cluster.uuid": "Qbw2pof0QzSXC1OvK0aFSw", "node.id": "t9hfPgy_RyC9LOJUxQUrSQ"  }
{"type": "server", "timestamp": "2022-03-29T00:30:00,470Z", "level": "WARN", "component": "o.e.m.j.JvmGcMonitorService", "cluster.name": "tpotcluster", "node.name": "tpotcluster-node-01", "message": "[gc][1659] overhead, spent [9.4s] collecting in the last [1.5s]", "cluster.uuid": "Qbw2pof0QzSXC1OvK0aFSw", "node.id": "t9hfPgy_RyC9LOJUxQUrSQ"  }
{"type": "server", "timestamp": "2022-03-29T00:30:00,471Z", "level": "WARN", "component": "o.e.t.ThreadPool", "cluster.name": "tpotcluster", "node.name": "tpotcluster-node-01", "message": "execution of [ReschedulingRunnable{runnable=org.elasticsearch.monitor.jvm.JvmGcMonitorService$1@4cb7d97d, interval=1s}] took [12825ms] which is above the warn threshold of [5000ms]", "cluster.uuid": "Qbw2pof0QzSXC1OvK0aFSw", "node.id": "t9hfPgy_RyC9LOJUxQUrSQ"  }
{"type": "server", "timestamp": "2022-03-29T00:30:02,668Z", "level": "INFO", "component": "o.e.c.m.MetadataMappingService", "cluster.name": "tpotcluster", "node.name": "tpotcluster-node-01", "message": "[logstash-2022.03.29/4CNLAl-yQqmObSIQcEvFWA] update_mapping [_doc]", "cluster.uuid": "Qbw2pof0QzSXC1OvK0aFSw", "node.id": "t9hfPgy_RyC9LOJUxQUrSQ"  }
{"type": "server", "timestamp": "2022-03-29T00:30:04,681Z", "level": "WARN", "component": "o.e.c.s.MasterService", "cluster.name": "tpotcluster", "node.name": "tpotcluster-node-01", "message": "took [22.5s/22508ms] to compute cluster state update for [put-mapping [logstash-2022.03.29/4CNLAl-yQqmObSIQcEvFWA][_doc]], which exceeds the warn threshold of [10s]", "cluster.uuid": "Qbw2pof0QzSXC1OvK0aFSw", "node.id": "t9hfPgy_RyC9LOJUxQUrSQ"  }
{"type": "server", "timestamp": "2022-03-29T00:30:12,225Z", "level": "WARN", "component": "o.e.m.j.JvmGcMonitorService", "cluster.name": "tpotcluster", "node.name": "tpotcluster-node-01", "message": "[gc][young][1664][170] duration [2.5s], collections [1]/[1.3s], total [2.5s]/[6.9m], memory [281mb]->[313mb]/[2gb], all_pools {[young] [56mb]->[32mb]/[0b]}{[old] [219.5mb]->[219.5mb]/[2gb]}{[survivor] [5.5mb]->[6.3mb]/[0b]}", "cluster.uuid": "Qbw2pof0QzSXC1OvK0aFSw", "node.id": "t9hfPgy_RyC9LOJUxQUrSQ"  }
{"type": "server", "timestamp": "2022-03-29T00:30:13,033Z", "level": "WARN", "component": "o.e.m.j.JvmGcMonitorService", "cluster.name": "tpotcluster", "node.name": "tpotcluster-node-01", "message": "[gc][1664] overhead, spent [2.5s] collecting in the last [1.3s]", "cluster.uuid": "Qbw2pof0QzSXC1OvK0aFSw", "node.id": "t9hfPgy_RyC9LOJUxQUrSQ"  }
{"type": "server", "timestamp": "2022-03-29T00:30:13,457Z", "level": "WARN", "component": "o.e.t.ThreadPool", "cluster.name": "tpotcluster", "node.name": "tpotcluster-node-01", "message": "execution of [ReschedulingRunnable{runnable=org.elasticsearch.monitor.jvm.JvmGcMonitorService$1@4cb7d97d, interval=1s}] took [5250ms] which is above the warn threshold of [5000ms]", "cluster.uuid": "Qbw2pof0QzSXC1OvK0aFSw", "node.id": "t9hfPgy_RyC9LOJUxQUrSQ"  }
{"type": "server", "timestamp": "2022-03-29T00:30:19,539Z", "level": "INFO", "component": "o.e.c.m.MetadataMappingService", "cluster.name": "tpotcluster", "node.name": "tpotcluster-node-01", "message": "[logstash-2022.03.29/4CNLAl-yQqmObSIQcEvFWA] update_mapping [_doc]", "cluster.uuid": "Qbw2pof0QzSXC1OvK0aFSw", "node.id": "t9hfPgy_RyC9LOJUxQUrSQ"  }
{"type": "server", "timestamp": "2022-03-29T00:30:22,342Z", "level": "WARN", "component": "o.e.m.j.JvmGcMonitorService", "cluster.name": "tpotcluster", "node.name": "tpotcluster-node-01", "message": "[gc][1669] overhead, spent [1.5s] collecting in the last [1.3s]", "cluster.uuid": "Qbw2pof0QzSXC1OvK0aFSw", "node.id": "t9hfPgy_RyC9LOJUxQUrSQ"  }
{"type": "server", "timestamp": "2022-03-29T00:30:34,416Z", "level": "WARN", "component": "o.e.g.PersistedClusterStateService", "cluster.name": "tpotcluster", "node.name": "tpotcluster-node-01", "message": "writing cluster state took [10007ms] which is above the warn threshold of [10s]; wrote global metadata [false] and metadata for [1] indices and skipped [31] unchanged indices", "cluster.uuid": "Qbw2pof0QzSXC1OvK0aFSw", "node.id": "t9hfPgy_RyC9LOJUxQUrSQ"  }
{"type": "server", "timestamp": "2022-03-29T00:30:35,603Z", "level": "INFO", "component": "o.e.c.c.C.CoordinatorPublication", "cluster.name": "tpotcluster", "node.name": "tpotcluster-node-01", "message": "after [12.3s] publication of cluster state version [4235] is still waiting for {tpotcluster-node-01}{t9hfPgy_RyC9LOJUxQUrSQ}{dy80hAwmTV2j1llaU5jUkA}{127.0.0.1}{127.0.0.1:9300}{cdfhimrstw}{xpack.installed=true, transform.node=true} [SENT_PUBLISH_REQUEST]", "cluster.uuid": "Qbw2pof0QzSXC1OvK0aFSw", "node.id": "t9hfPgy_RyC9LOJUxQUrSQ"  }
{"type": "server", "timestamp": "2022-03-29T00:30:54,521Z", "level": "INFO", "component": "o.e.c.m.MetadataMappingService", "cluster.name": "tpotcluster", "node.name": "tpotcluster-node-01", "message": "[logstash-2022.03.29/4CNLAl-yQqmObSIQcEvFWA] update_mapping [_doc]", "cluster.uuid": "Qbw2pof0QzSXC1OvK0aFSw", "node.id": "t9hfPgy_RyC9LOJUxQUrSQ"  }
{"type": "server", "timestamp": "2022-03-29T00:30:58,155Z", "level": "WARN", "component": "o.e.c.s.MasterService", "cluster.name": "tpotcluster", "node.name": "tpotcluster-node-01", "message": "took [12.9s/12912ms] to compute cluster state update for [put-mapping [logstash-2022.03.29/4CNLAl-yQqmObSIQcEvFWA][_doc, _doc]], which exceeds the warn threshold of [10s]", "cluster.uuid": "Qbw2pof0QzSXC1OvK0aFSw", "node.id": "t9hfPgy_RyC9LOJUxQUrSQ"  }
{"type": "server", "timestamp": "2022-03-29T00:31:05,528Z", "level": "WARN", "component": "o.e.m.j.JvmGcMonitorService", "cluster.name": "tpotcluster", "node.name": "tpotcluster-node-01", "message": "[gc][young][1694][172] duration [2.2s], collections [1]/[4.3s], total [2.2s]/[7m], memory [313.8mb]->[224.6mb]/[2gb], all_pools {[young] [88mb]->[0b]/[0b]}{[old] [219.5mb]->[219.5mb]/[2gb]}{[survivor] [6.2mb]->[5.1mb]/[0b]}", "cluster.uuid": "Qbw2pof0QzSXC1OvK0aFSw", "node.id": "t9hfPgy_RyC9LOJUxQUrSQ"  }
{"type": "server", "timestamp": "2022-03-29T00:31:05,999Z", "level": "WARN", "component": "o.e.m.j.JvmGcMonitorService", "cluster.name": "tpotcluster", "node.name": "tpotcluster-node-01", "message": "[gc][1694] overhead, spent [2.2s] collecting in the last [4.3s]", "cluster.uuid": "Qbw2pof0QzSXC1OvK0aFSw", "node.id": "t9hfPgy_RyC9LOJUxQUrSQ"  }
{"type": "server", "timestamp": "2022-03-29T00:31:11,293Z", "level": "INFO", "component": "o.e.c.m.MetadataMappingService", "cluster.name": "tpotcluster", "node.name": "tpotcluster-node-01", "message": "[logstash-2022.03.29/4CNLAl-yQqmObSIQcEvFWA] update_mapping [_doc]", "cluster.uuid": "Qbw2pof0QzSXC1OvK0aFSw", "node.id": "t9hfPgy_RyC9LOJUxQUrSQ"  }
{"type": "server", "timestamp": "2022-03-29T00:31:32,738Z", "level": "WARN", "component": "o.e.m.j.JvmGcMonitorService", "cluster.name": "tpotcluster", "node.name": "tpotcluster-node-01", "message": "[gc][young][1710][173] duration [2.7s], collections [1]/[5.2s], total [2.7s]/[7m], memory [304.6mb]->[225.7mb]/[2gb], all_pools {[young] [80mb]->[68mb]/[0b]}{[old] [219.5mb]->[219.7mb]/[2gb]}{[survivor] [5.1mb]->[5.9mb]/[0b]}", "cluster.uuid": "Qbw2pof0QzSXC1OvK0aFSw", "node.id": "t9hfPgy_RyC9LOJUxQUrSQ"  }
{"type": "server", "timestamp": "2022-03-29T00:31:34,538Z", "level": "WARN", "component": "o.e.m.j.JvmGcMonitorService", "cluster.name": "tpotcluster", "node.name": "tpotcluster-node-01", "message": "[gc][1710] overhead, spent [2.7s] collecting in the last [5.2s]", "cluster.uuid": "Qbw2pof0QzSXC1OvK0aFSw", "node.id": "t9hfPgy_RyC9LOJUxQUrSQ"  }
{"type": "server", "timestamp": "2022-03-29T00:31:49,069Z", "level": "WARN", "component": "o.e.t.ThreadPool", "cluster.name": "tpotcluster", "node.name": "tpotcluster-node-01", "message": "timer thread slept for [6s/6081ms] on absolute clock which is above the warn threshold of [5000ms]", "cluster.uuid": "Qbw2pof0QzSXC1OvK0aFSw", "node.id": "t9hfPgy_RyC9LOJUxQUrSQ"  }
{"type": "server", "timestamp": "2022-03-29T00:31:49,682Z", "level": "WARN", "component": "o.e.m.j.JvmGcMonitorService", "cluster.name": "tpotcluster", "node.name": "tpotcluster-node-01", "message": "[gc][young][1714][174] duration [4.5s], collections [1]/[7.5s], total [4.5s]/[7.1m], memory [305.7mb]->[230.6mb]/[2gb], all_pools {[young] [80mb]->[56mb]/[0b]}{[old] [219.7mb]->[219.8mb]/[2gb]}{[survivor] [5.9mb]->[6.7mb]/[0b]}", "cluster.uuid": "Qbw2pof0QzSXC1OvK0aFSw", "node.id": "t9hfPgy_RyC9LOJUxQUrSQ"  }
{"type": "server", "timestamp": "2022-03-29T00:31:49,947Z", "level": "WARN", "component": "o.e.m.j.JvmGcMonitorService", "cluster.name": "tpotcluster", "node.name": "tpotcluster-node-01", "message": "[gc][1714] overhead, spent [4.5s] collecting in the last [7.5s]", "cluster.uuid": "Qbw2pof0QzSXC1OvK0aFSw", "node.id": "t9hfPgy_RyC9LOJUxQUrSQ"  }
{"type": "server", "timestamp": "2022-03-29T00:31:49,980Z", "level": "WARN", "component": "o.e.t.ThreadPool", "cluster.name": "tpotcluster", "node.name": "tpotcluster-node-01", "message": "execution of [ReschedulingRunnable{runnable=org.elasticsearch.monitor.jvm.JvmGcMonitorService$1@4cb7d97d, interval=1s}] took [6081ms] which is above the warn threshold of [5000ms]", "cluster.uuid": "Qbw2pof0QzSXC1OvK0aFSw", "node.id": "t9hfPgy_RyC9LOJUxQUrSQ"  }
{"type": "server", "timestamp": "2022-03-29T00:31:49,947Z", "level": "WARN", "component": "o.e.t.ThreadPool", "cluster.name": "tpotcluster", "node.name": "tpotcluster-node-01", "message": "timer thread slept for [6s/6081482670ns] on relative clock which is above the warn threshold of [5000ms]", "cluster.uuid": "Qbw2pof0QzSXC1OvK0aFSw", "node.id": "t9hfPgy_RyC9LOJUxQUrSQ"  }
{"type": "server", "timestamp": "2022-03-29T00:31:58,829Z", "level": "WARN", "component": "o.e.m.j.JvmGcMonitorService", "cluster.name": "tpotcluster", "node.name": "tpotcluster-node-01", "message": "[gc][young][1717][175] duration [2.7s], collections [1]/[5.2s], total [2.7s]/[7.1m], memory [294.6mb]->[229.1mb]/[2gb], all_pools {[young] [68mb]->[20mb]/[0b]}{[old] [219.8mb]->[219.8mb]/[2gb]}{[survivor] [6.7mb]->[9.2mb]/[0b]}", "cluster.uuid": "Qbw2pof0QzSXC1OvK0aFSw", "node.id": "t9hfPgy_RyC9LOJUxQUrSQ"  }
{"type": "server", "timestamp": "2022-03-29T00:31:59,772Z", "level": "WARN", "component": "o.e.m.j.JvmGcMonitorService", "cluster.name": "tpotcluster", "node.name": "tpotcluster-node-01", "message": "[gc][1717] overhead, spent [2.7s] collecting in the last [5.2s]", "cluster.uuid": "Qbw2pof0QzSXC1OvK0aFSw", "node.id": "t9hfPgy_RyC9LOJUxQUrSQ"  }
{"type": "server", "timestamp": "2022-03-29T00:32:09,413Z", "level": "WARN", "component": "o.e.t.ThreadPool", "cluster.name": "tpotcluster", "node.name": "tpotcluster-node-01", "message": "timer thread slept for [7.1s/7105ms] on absolute clock which is above the warn threshold of [5000ms]", "cluster.uuid": "Qbw2pof0QzSXC1OvK0aFSw", "node.id": "t9hfPgy_RyC9LOJUxQUrSQ"  }
{"type": "server", "timestamp": "2022-03-29T00:32:10,151Z", "level": "WARN", "component": "o.e.t.ThreadPool", "cluster.name": "tpotcluster", "node.name": "tpotcluster-node-01", "message": "timer thread slept for [7.1s/7104933778ns] on relative clock which is above the warn threshold of [5000ms]", "cluster.uuid": "Qbw2pof0QzSXC1OvK0aFSw", "node.id": "t9hfPgy_RyC9LOJUxQUrSQ"  }
{"type": "server", "timestamp": "2022-03-29T00:32:09,944Z", "level": "WARN", "component": "o.e.m.j.JvmGcMonitorService", "cluster.name": "tpotcluster", "node.name": "tpotcluster-node-01", "message": "[gc][young][1718][176] duration [5.5s], collections [1]/[4.3s], total [5.5s]/[7.2m], memory [229.1mb]->[313.1mb]/[2gb], all_pools {[young] [20mb]->[0b]/[0b]}{[old] [219.8mb]->[220.5mb]/[2gb]}{[survivor] [9.2mb]->[7.8mb]/[0b]}", "cluster.uuid": "Qbw2pof0QzSXC1OvK0aFSw", "node.id": "t9hfPgy_RyC9LOJUxQUrSQ"  }
{"type": "server", "timestamp": "2022-03-29T00:32:10,292Z", "level": "WARN", "component": "o.e.m.j.JvmGcMonitorService", "cluster.name": "tpotcluster", "node.name": "tpotcluster-node-01", "message": "[gc][1718] overhead, spent [5.5s] collecting in the last [4.3s]", "cluster.uuid": "Qbw2pof0QzSXC1OvK0aFSw", "node.id": "t9hfPgy_RyC9LOJUxQUrSQ"  }
{"type": "server", "timestamp": "2022-03-29T00:32:10,293Z", "level": "WARN", "component": "o.e.t.ThreadPool", "cluster.name": "tpotcluster", "node.name": "tpotcluster-node-01", "message": "execution of [ReschedulingRunnable{runnable=org.elasticsearch.monitor.jvm.JvmGcMonitorService$1@4cb7d97d, interval=1s}] took [7305ms] which is above the warn threshold of [5000ms]", "cluster.uuid": "Qbw2pof0QzSXC1OvK0aFSw", "node.id": "t9hfPgy_RyC9LOJUxQUrSQ"  }
{"type": "server", "timestamp": "2022-03-29T00:32:19,890Z", "level": "WARN", "component": "o.e.t.ThreadPool", "cluster.name": "tpotcluster", "node.name": "tpotcluster-node-01", "message": "timer thread slept for [8.1s/8131ms] on absolute clock which is above the warn threshold of [5000ms]", "cluster.uuid": "Qbw2pof0QzSXC1OvK0aFSw", "node.id": "t9hfPgy_RyC9LOJUxQUrSQ"  }
{"type": "server", "timestamp": "2022-03-29T00:32:20,669Z", "level": "WARN", "component": "o.e.t.ThreadPool", "cluster.name": "tpotcluster", "node.name": "tpotcluster-node-01", "message": "timer thread slept for [8.1s/8130486128ns] on relative clock which is above the warn threshold of [5000ms]", "cluster.uuid": "Qbw2pof0QzSXC1OvK0aFSw", "node.id": "t9hfPgy_RyC9LOJUxQUrSQ"  }
{"type": "server", "timestamp": "2022-03-29T00:32:24,608Z", "level": "WARN", "component": "o.e.m.j.JvmGcMonitorService", "cluster.name": "tpotcluster", "node.name": "tpotcluster-node-01", "message": "[gc][young][1719][177] duration [6.2s], collections [1]/[19.7s], total [6.2s]/[7.3m], memory [313.1mb]->[235.5mb]/[2gb], all_pools {[young] [0b]->[8mb]/[0b]}{[old] [220.5mb]->[220.6mb]/[2gb]}{[survivor] [7.8mb]->[6.9mb]/[0b]}", "cluster.uuid": "Qbw2pof0QzSXC1OvK0aFSw", "node.id": "t9hfPgy_RyC9LOJUxQUrSQ"  }
{"type": "server", "timestamp": "2022-03-29T00:32:25,980Z", "level": "INFO", "component": "o.e.m.j.JvmGcMonitorService", "cluster.name": "tpotcluster", "node.name": "tpotcluster-node-01", "message": "[gc][1719] overhead, spent [6.2s] collecting in the last [19.7s]", "cluster.uuid": "Qbw2pof0QzSXC1OvK0aFSw", "node.id": "t9hfPgy_RyC9LOJUxQUrSQ"  }
{"type": "server", "timestamp": "2022-03-29T00:32:28,739Z", "level": "WARN", "component": "o.e.t.ThreadPool", "cluster.name": "tpotcluster", "node.name": "tpotcluster-node-01", "message": "execution of [ReschedulingRunnable{runnable=org.elasticsearch.monitor.jvm.JvmGcMonitorService$1@4cb7d97d, interval=1s}] took [6291ms] which is above the warn threshold of [5000ms]", "cluster.uuid": "Qbw2pof0QzSXC1OvK0aFSw", "node.id": "t9hfPgy_RyC9LOJUxQUrSQ"  }
{"type": "server", "timestamp": "2022-03-29T00:32:51,852Z", "level": "WARN", "component": "o.e.t.ThreadPool", "cluster.name": "tpotcluster", "node.name": "tpotcluster-node-01", "message": "execution of [org.elasticsearch.indices.IndicesService$CacheCleaner@2a5a3cfa] took [13915ms] which is above the warn threshold of [5000ms]", "cluster.uuid": "Qbw2pof0QzSXC1OvK0aFSw", "node.id": "t9hfPgy_RyC9LOJUxQUrSQ"  }
{"type": "server", "timestamp": "2022-03-29T00:32:51,852Z", "level": "WARN", "component": "o.e.t.ThreadPool", "cluster.name": "tpotcluster", "node.name": "tpotcluster-node-01", "message": "timer thread slept for [13.7s/13715ms] on absolute clock which is above the warn threshold of [5000ms]", "cluster.uuid": "Qbw2pof0QzSXC1OvK0aFSw", "node.id": "t9hfPgy_RyC9LOJUxQUrSQ"  }
{"type": "server", "timestamp": "2022-03-29T00:32:52,786Z", "level": "WARN", "component": "o.e.t.ThreadPool", "cluster.name": "tpotcluster", "node.name": "tpotcluster-node-01", "message": "timer thread slept for [13.7s/13715138373ns] on relative clock which is above the warn threshold of [5000ms]", "cluster.uuid": "Qbw2pof0QzSXC1OvK0aFSw", "node.id": "t9hfPgy_RyC9LOJUxQUrSQ"  }
{"type": "server", "timestamp": "2022-03-29T00:32:53,664Z", "level": "WARN", "component": "o.e.m.j.JvmGcMonitorService", "cluster.name": "tpotcluster", "node.name": "tpotcluster-node-01", "message": "[gc][young][1722][178] duration [10.5s], collections [1]/[18.9s], total [10.5s]/[7.5m], memory [239.5mb]->[260.5mb]/[2gb], all_pools {[young] [16mb]->[32mb]/[0b]}{[old] [220.6mb]->[220.6mb]/[2gb]}{[survivor] [6.9mb]->[7.8mb]/[0b]}", "cluster.uuid": "Qbw2pof0QzSXC1OvK0aFSw", "node.id": "t9hfPgy_RyC9LOJUxQUrSQ"  }
{"type": "server", "timestamp": "2022-03-29T00:32:54,063Z", "level": "WARN", "component": "o.e.m.j.JvmGcMonitorService", "cluster.name": "tpotcluster", "node.name": "tpotcluster-node-01", "message": "[gc][1722] overhead, spent [10.5s] collecting in the last [18.9s]", "cluster.uuid": "Qbw2pof0QzSXC1OvK0aFSw", "node.id": "t9hfPgy_RyC9LOJUxQUrSQ"  }
{"type": "server", "timestamp": "2022-03-29T00:33:05,135Z", "level": "WARN", "component": "o.e.m.j.JvmGcMonitorService", "cluster.name": "tpotcluster", "node.name": "tpotcluster-node-01", "message": "[gc][young][1726][179] duration [2.5s], collections [1]/[1.4s], total [2.5s]/[7.5m], memory [280.5mb]->[284.5mb]/[2gb], all_pools {[young] [52mb]->[4mb]/[0b]}{[old] [220.6mb]->[220.6mb]/[2gb]}{[survivor] [7.8mb]->[7.4mb]/[0b]}", "cluster.uuid": "Qbw2pof0QzSXC1OvK0aFSw", "node.id": "t9hfPgy_RyC9LOJUxQUrSQ"  }
{"type": "server", "timestamp": "2022-03-29T00:33:05,530Z", "level": "WARN", "component": "o.e.m.j.JvmGcMonitorService", "cluster.name": "tpotcluster", "node.name": "tpotcluster-node-01", "message": "[gc][1726] overhead, spent [2.5s] collecting in the last [1.4s]", "cluster.uuid": "Qbw2pof0QzSXC1OvK0aFSw", "node.id": "t9hfPgy_RyC9LOJUxQUrSQ"  }
{"type": "server", "timestamp": "2022-03-29T00:33:05,574Z", "level": "WARN", "component": "o.e.t.ThreadPool", "cluster.name": "tpotcluster", "node.name": "tpotcluster-node-01", "message": "execution of [ReschedulingRunnable{runnable=org.elasticsearch.monitor.jvm.JvmGcMonitorService$1@4cb7d97d, interval=1s}] took [5580ms] which is above the warn threshold of [5000ms]", "cluster.uuid": "Qbw2pof0QzSXC1OvK0aFSw", "node.id": "t9hfPgy_RyC9LOJUxQUrSQ"  }
{"type": "server", "timestamp": "2022-03-29T00:33:15,928Z", "level": "WARN", "component": "o.e.m.j.JvmGcMonitorService", "cluster.name": "tpotcluster", "node.name": "tpotcluster-node-01", "message": "[gc][young][1732][180] duration [2.2s], collections [1]/[3.5s], total [2.2s]/[7.6m], memory [280.1mb]->[230.6mb]/[2gb], all_pools {[young] [52mb]->[28mb]/[0b]}{[old] [220.6mb]->[220.7mb]/[2gb]}{[survivor] [7.4mb]->[5.9mb]/[0b]}", "cluster.uuid": "Qbw2pof0QzSXC1OvK0aFSw", "node.id": "t9hfPgy_RyC9LOJUxQUrSQ"  }
{"type": "server", "timestamp": "2022-03-29T00:33:16,634Z", "level": "WARN", "component": "o.e.m.j.JvmGcMonitorService", "cluster.name": "tpotcluster", "node.name": "tpotcluster-node-01", "message": "[gc][1732] overhead, spent [2.2s] collecting in the last [3.5s]", "cluster.uuid": "Qbw2pof0QzSXC1OvK0aFSw", "node.id": "t9hfPgy_RyC9LOJUxQUrSQ"  }
{"type": "server", "timestamp": "2022-03-29T00:33:25,614Z", "level": "WARN", "component": "o.e.m.j.JvmGcMonitorService", "cluster.name": "tpotcluster", "node.name": "tpotcluster-node-01", "message": "[gc][young][1737][181] duration [1.5s], collections [1]/[2.5s], total [1.5s]/[7.6m], memory [262.6mb]->[225.9mb]/[2gb], all_pools {[young] [76mb]->[12mb]/[0b]}{[old] [220.7mb]->[220.7mb]/[2gb]}{[survivor] [5.9mb]->[5.2mb]/[0b]}", "cluster.uuid": "Qbw2pof0QzSXC1OvK0aFSw", "node.id": "t9hfPgy_RyC9LOJUxQUrSQ"  }
{"type": "server", "timestamp": "2022-03-29T00:33:26,286Z", "level": "WARN", "component": "o.e.m.j.JvmGcMonitorService", "cluster.name": "tpotcluster", "node.name": "tpotcluster-node-01", "message": "[gc][1737] overhead, spent [1.5s] collecting in the last [2.5s]", "cluster.uuid": "Qbw2pof0QzSXC1OvK0aFSw", "node.id": "t9hfPgy_RyC9LOJUxQUrSQ"  }
{"type": "server", "timestamp": "2022-03-29T00:33:32,869Z", "level": "WARN", "component": "o.e.m.j.JvmGcMonitorService", "cluster.name": "tpotcluster", "node.name": "tpotcluster-node-01", "message": "[gc][young][1740][182] duration [1.4s], collections [1]/[1.1s], total [1.4s]/[7.6m], memory [249.9mb]->[313.9mb]/[2gb], all_pools {[young] [24mb]->[0b]/[0b]}{[old] [220.7mb]->[220.7mb]/[2gb]}{[survivor] [5.2mb]->[7.7mb]/[0b]}", "cluster.uuid": "Qbw2pof0QzSXC1OvK0aFSw", "node.id": "t9hfPgy_RyC9LOJUxQUrSQ"  }
{"type": "server", "timestamp": "2022-03-29T00:33:33,862Z", "level": "WARN", "component": "o.e.m.j.JvmGcMonitorService", "cluster.name": "tpotcluster", "node.name": "tpotcluster-node-01", "message": "[gc][1740] overhead, spent [1.4s] collecting in the last [1.1s]", "cluster.uuid": "Qbw2pof0QzSXC1OvK0aFSw", "node.id": "t9hfPgy_RyC9LOJUxQUrSQ"  }
{"type": "server", "timestamp": "2022-03-29T00:33:39,606Z", "level": "WARN", "component": "o.e.m.j.JvmGcMonitorService", "cluster.name": "tpotcluster", "node.name": "tpotcluster-node-01", "message": "[gc][young][1741][183] duration [3.3s], collections [1]/[8.8s], total [3.3s]/[7.7m], memory [313.9mb]->[244mb]/[2gb], all_pools {[young] [0b]->[36mb]/[0b]}{[old] [220.7mb]->[220.7mb]/[2gb]}{[survivor] [7.7mb]->[7.2mb]/[0b]}", "cluster.uuid": "Qbw2pof0QzSXC1OvK0aFSw", "node.id": "t9hfPgy_RyC9LOJUxQUrSQ"  }
{"type": "server", "timestamp": "2022-03-29T00:33:40,175Z", "level": "INFO", "component": "o.e.m.j.JvmGcMonitorService", "cluster.name": "tpotcluster", "node.name": "tpotcluster-node-01", "message": "[gc][1741] overhead, spent [3.3s] collecting in the last [8.8s]", "cluster.uuid": "Qbw2pof0QzSXC1OvK0aFSw", "node.id": "t9hfPgy_RyC9LOJUxQUrSQ"  }
{"type": "server", "timestamp": "2022-03-29T00:33:40,481Z", "level": "WARN", "component": "o.e.t.ThreadPool", "cluster.name": "tpotcluster", "node.name": "tpotcluster-node-01", "message": "execution of [ReschedulingRunnable{runnable=org.elasticsearch.monitor.jvm.JvmGcMonitorService$1@4cb7d97d, interval=1s}] took [5913ms] which is above the warn threshold of [5000ms]", "cluster.uuid": "Qbw2pof0QzSXC1OvK0aFSw", "node.id": "t9hfPgy_RyC9LOJUxQUrSQ"  }
{"type": "server", "timestamp": "2022-03-29T00:33:54,007Z", "level": "WARN", "component": "o.e.t.ThreadPool", "cluster.name": "tpotcluster", "node.name": "tpotcluster-node-01", "message": "timer thread slept for [7.2s/7251ms] on absolute clock which is above the warn threshold of [5000ms]", "cluster.uuid": "Qbw2pof0QzSXC1OvK0aFSw", "node.id": "t9hfPgy_RyC9LOJUxQUrSQ"  }
{"type": "server", "timestamp": "2022-03-29T00:33:55,548Z", "level": "WARN", "component": "o.e.m.j.JvmGcMonitorService", "cluster.name": "tpotcluster", "node.name": "tpotcluster-node-01", "message": "[gc][young][1745][184] duration [5.4s], collections [1]/[1.9s], total [5.4s]/[7.8m], memory [300mb]->[316mb]/[2gb], all_pools {[young] [72mb]->[24mb]/[0b]}{[old] [220.7mb]->[221.4mb]/[2gb]}{[survivor] [7.2mb]->[6.5mb]/[0b]}", "cluster.uuid": "Qbw2pof0QzSXC1OvK0aFSw", "node.id": "t9hfPgy_RyC9LOJUxQUrSQ"  }
{"type": "server", "timestamp": "2022-03-29T00:33:55,643Z", "level": "WARN", "component": "o.e.t.ThreadPool", "cluster.name": "tpotcluster", "node.name": "tpotcluster-node-01", "message": "timer thread slept for [7.2s/7251125898ns] on relative clock which is above the warn threshold of [5000ms]", "cluster.uuid": "Qbw2pof0QzSXC1OvK0aFSw", "node.id": "t9hfPgy_RyC9LOJUxQUrSQ"  }
{"type": "server", "timestamp": "2022-03-29T00:33:57,025Z", "level": "WARN", "component": "o.e.m.j.JvmGcMonitorService", "cluster.name": "tpotcluster", "node.name": "tpotcluster-node-01", "message": "[gc][1745] overhead, spent [5.4s] collecting in the last [1.9s]", "cluster.uuid": "Qbw2pof0QzSXC1OvK0aFSw", "node.id": "t9hfPgy_RyC9LOJUxQUrSQ"  }
{"type": "server", "timestamp": "2022-03-29T00:33:58,690Z", "level": "WARN", "component": "o.e.t.ThreadPool", "cluster.name": "tpotcluster", "node.name": "tpotcluster-node-01", "message": "execution of [ReschedulingRunnable{runnable=org.elasticsearch.monitor.jvm.JvmGcMonitorService$1@4cb7d97d, interval=1s}] took [12188ms] which is above the warn threshold of [5000ms]", "cluster.uuid": "Qbw2pof0QzSXC1OvK0aFSw", "node.id": "t9hfPgy_RyC9LOJUxQUrSQ"  }
{"type": "server", "timestamp": "2022-03-29T00:36:54,576Z", "level": "WARN", "component": "o.e.h.AbstractHttpServerTransport", "cluster.name": "tpotcluster", "node.name": "tpotcluster-node-01", "message": "handling request [null][POST][/_bulk][Netty4HttpChannel{localAddress=/192.168.48.2:9200, remoteAddress=/192.168.48.5:38940}] took [157718ms] which is above the warn threshold of [5000ms]", "cluster.uuid": "Qbw2pof0QzSXC1OvK0aFSw", "node.id": "t9hfPgy_RyC9LOJUxQUrSQ"  }
{"type": "server", "timestamp": "2022-03-29T00:36:58,268Z", "level": "WARN", "component": "o.e.t.ThreadPool", "cluster.name": "tpotcluster", "node.name": "tpotcluster-node-01", "message": "timer thread slept for [2.6m/157519ms] on absolute clock which is above the warn threshold of [5000ms]", "cluster.uuid": "Qbw2pof0QzSXC1OvK0aFSw", "node.id": "t9hfPgy_RyC9LOJUxQUrSQ"  }
{"type": "server", "timestamp": "2022-03-29T00:36:58,714Z", "level": "WARN", "component": "o.e.m.j.JvmGcMonitorService", "cluster.name": "tpotcluster", "node.name": "tpotcluster-node-01", "message": "[gc][1751] overhead, spent [2.4m] collecting in the last [4.2s]", "cluster.uuid": "Qbw2pof0QzSXC1OvK0aFSw", "node.id": "t9hfPgy_RyC9LOJUxQUrSQ"  }
{"type": "server", "timestamp": "2022-03-29T00:37:13,955Z", "level": "WARN", "component": "o.e.t.ThreadPool", "cluster.name": "tpotcluster", "node.name": "tpotcluster-node-01", "message": "timer thread slept for [2.6m/157518145053ns] on relative clock which is above the warn threshold of [5000ms]", "cluster.uuid": "Qbw2pof0QzSXC1OvK0aFSw", "node.id": "t9hfPgy_RyC9LOJUxQUrSQ"  }
{"type": "server", "timestamp": "2022-03-29T00:37:16,762Z", "level": "WARN", "component": "o.e.t.ThreadPool", "cluster.name": "tpotcluster", "node.name": "tpotcluster-node-01", "message": "execution of [ReschedulingRunnable{runnable=org.elasticsearch.monitor.jvm.JvmGcMonitorService$1@4cb7d97d, interval=1s}] took [158118ms] which is above the warn threshold of [5000ms]", "cluster.uuid": "Qbw2pof0QzSXC1OvK0aFSw", "node.id": "t9hfPgy_RyC9LOJUxQUrSQ"  }
{"type": "server", "timestamp": "2022-03-29T00:37:23,427Z", "level": "WARN", "component": "o.e.t.ThreadPool", "cluster.name": "tpotcluster", "node.name": "tpotcluster-node-01", "message": "timer thread slept for [32.4s/32403ms] on absolute clock which is above the warn threshold of [5000ms]", "cluster.uuid": "Qbw2pof0QzSXC1OvK0aFSw", "node.id": "t9hfPgy_RyC9LOJUxQUrSQ"  }
{"type": "server", "timestamp": "2022-03-29T00:37:30,076Z", "level": "WARN", "component": "o.e.t.ThreadPool", "cluster.name": "tpotcluster", "node.name": "tpotcluster-node-01", "message": "execution of [ReschedulingRunnable{runnable=org.elasticsearch.watcher.ResourceWatcherService$ResourceMonitor@57a193ee, interval=5s}] took [32403ms] which is above the warn threshold of [5000ms]", "cluster.uuid": "Qbw2pof0QzSXC1OvK0aFSw", "node.id": "t9hfPgy_RyC9LOJUxQUrSQ"  }
{"type": "server", "timestamp": "2022-03-29T00:37:32,246Z", "level": "WARN", "component": "o.e.t.ThreadPool", "cluster.name": "tpotcluster", "node.name": "tpotcluster-node-01", "message": "timer thread slept for [32.4s/32403076861ns] on relative clock which is above the warn threshold of [5000ms]", "cluster.uuid": "Qbw2pof0QzSXC1OvK0aFSw", "node.id": "t9hfPgy_RyC9LOJUxQUrSQ"  }
{"type": "server", "timestamp": "2022-03-29T00:37:41,834Z", "level": "WARN", "component": "o.e.t.ThreadPool", "cluster.name": "tpotcluster", "node.name": "tpotcluster-node-01", "message": "timer thread slept for [17.7s/17719ms] on absolute clock which is above the warn threshold of [5000ms]", "cluster.uuid": "Qbw2pof0QzSXC1OvK0aFSw", "node.id": "t9hfPgy_RyC9LOJUxQUrSQ"  }
{"type": "server", "timestamp": "2022-03-29T00:37:53,397Z", "level": "WARN", "component": "o.e.t.ThreadPool", "cluster.name": "tpotcluster", "node.name": "tpotcluster-node-01", "message": "timer thread slept for [17.7s/17719061400ns] on relative clock which is above the warn threshold of [5000ms]", "cluster.uuid": "Qbw2pof0QzSXC1OvK0aFSw", "node.id": "t9hfPgy_RyC9LOJUxQUrSQ"  }
{"type": "server", "timestamp": "2022-03-29T00:38:03,272Z", "level": "WARN", "component": "o.e.t.ThreadPool", "cluster.name": "tpotcluster", "node.name": "tpotcluster-node-01", "message": "timer thread slept for [21.8s/21871ms] on absolute clock which is above the warn threshold of [5000ms]", "cluster.uuid": "Qbw2pof0QzSXC1OvK0aFSw", "node.id": "t9hfPgy_RyC9LOJUxQUrSQ"  }
{"type": "server", "timestamp": "2022-03-29T00:38:11,737Z", "level": "WARN", "component": "o.e.t.ThreadPool", "cluster.name": "tpotcluster", "node.name": "tpotcluster-node-01", "message": "timer thread slept for [21.8s/21871101760ns] on relative clock which is above the warn threshold of [5000ms]", "cluster.uuid": "Qbw2pof0QzSXC1OvK0aFSw", "node.id": "t9hfPgy_RyC9LOJUxQUrSQ"  }
{"type": "server", "timestamp": "2022-03-29T00:38:28,183Z", "level": "WARN", "component": "o.e.t.ThreadPool", "cluster.name": "tpotcluster", "node.name": "tpotcluster-node-01", "message": "timer thread slept for [22.7s/22755ms] on absolute clock which is above the warn threshold of [5000ms]", "cluster.uuid": "Qbw2pof0QzSXC1OvK0aFSw", "node.id": "t9hfPgy_RyC9LOJUxQUrSQ"  }
{"type": "server", "timestamp": "2022-03-29T00:38:42,054Z", "level": "WARN", "component": "o.e.t.ThreadPool", "cluster.name": "tpotcluster", "node.name": "tpotcluster-node-01", "message": "timer thread slept for [22.7s/22754831399ns] on relative clock which is above the warn threshold of [5000ms]", "cluster.uuid": "Qbw2pof0QzSXC1OvK0aFSw", "node.id": "t9hfPgy_RyC9LOJUxQUrSQ"  }
{"type": "server", "timestamp": "2022-03-29T00:38:52,115Z", "level": "WARN", "component": "o.e.t.ThreadPool", "cluster.name": "tpotcluster", "node.name": "tpotcluster-node-01", "message": "timer thread slept for [25.4s/25445ms] on absolute clock which is above the warn threshold of [5000ms]", "cluster.uuid": "Qbw2pof0QzSXC1OvK0aFSw", "node.id": "t9hfPgy_RyC9LOJUxQUrSQ"  }
{"type": "server", "timestamp": "2022-03-29T00:38:59,703Z", "level": "WARN", "component": "o.e.t.ThreadPool", "cluster.name": "tpotcluster", "node.name": "tpotcluster-node-01", "message": "execution of [org.elasticsearch.cluster.InternalClusterInfoService$RefreshScheduler$$Lambda$5125/0x00000008017f9258@59dfe26f] took [25444ms] which is above the warn threshold of [5000ms]", "cluster.uuid": "Qbw2pof0QzSXC1OvK0aFSw", "node.id": "t9hfPgy_RyC9LOJUxQUrSQ"  }
{"type": "server", "timestamp": "2022-03-29T00:39:07,915Z", "level": "WARN", "component": "o.e.t.ThreadPool", "cluster.name": "tpotcluster", "node.name": "tpotcluster-node-01", "message": "timer thread slept for [25.4s/25444858617ns] on relative clock which is above the warn threshold of [5000ms]", "cluster.uuid": "Qbw2pof0QzSXC1OvK0aFSw", "node.id": "t9hfPgy_RyC9LOJUxQUrSQ"  }
{"type": "server", "timestamp": "2022-03-29T00:39:29,655Z", "level": "WARN", "component": "o.e.t.ThreadPool", "cluster.name": "tpotcluster", "node.name": "tpotcluster-node-01", "message": "timer thread slept for [38.2s/38253ms] on absolute clock which is above the warn threshold of [5000ms]", "cluster.uuid": "Qbw2pof0QzSXC1OvK0aFSw", "node.id": "t9hfPgy_RyC9LOJUxQUrSQ"  }
{"type": "server", "timestamp": "2022-03-29T00:39:47,152Z", "level": "WARN", "component": "o.e.t.ThreadPool", "cluster.name": "tpotcluster", "node.name": "tpotcluster-node-01", "message": "timer thread slept for [38.2s/38253402042ns] on relative clock which is above the warn threshold of [5000ms]", "cluster.uuid": "Qbw2pof0QzSXC1OvK0aFSw", "node.id": "t9hfPgy_RyC9LOJUxQUrSQ"  }
{"type": "server", "timestamp": "2022-03-29T00:40:05,087Z", "level": "WARN", "component": "o.e.t.ThreadPool", "cluster.name": "tpotcluster", "node.name": "tpotcluster-node-01", "message": "timer thread slept for [34.2s/34230ms] on absolute clock which is above the warn threshold of [5000ms]", "cluster.uuid": "Qbw2pof0QzSXC1OvK0aFSw", "node.id": "t9hfPgy_RyC9LOJUxQUrSQ"  }
{"type": "server", "timestamp": "2022-03-29T00:40:19,559Z", "level": "WARN", "component": "o.e.t.ThreadPool", "cluster.name": "tpotcluster", "node.name": "tpotcluster-node-01", "message": "execution of [ReschedulingRunnable{runnable=org.elasticsearch.monitor.jvm.JvmGcMonitorService$1@4cb7d97d, interval=1s}] took [72483ms] which is above the warn threshold of [5000ms]", "cluster.uuid": "Qbw2pof0QzSXC1OvK0aFSw", "node.id": "t9hfPgy_RyC9LOJUxQUrSQ"  }
{"type": "server", "timestamp": "2022-03-29T00:40:30,767Z", "level": "WARN", "component": "o.e.t.ThreadPool", "cluster.name": "tpotcluster", "node.name": "tpotcluster-node-01", "message": "timer thread slept for [34.2s/34229894778ns] on relative clock which is above the warn threshold of [5000ms]", "cluster.uuid": "Qbw2pof0QzSXC1OvK0aFSw", "node.id": "t9hfPgy_RyC9LOJUxQUrSQ"  }
{"type": "server", "timestamp": "2022-03-29T00:39:48,169Z", "level": "WARN", "component": "o.e.m.f.FsHealthService", "cluster.name": "tpotcluster", "node.name": "tpotcluster-node-01", "message": "health check of [/data/elk/data/nodes/0] took [38254ms] which is above the warn threshold of [5s]", "cluster.uuid": "Qbw2pof0QzSXC1OvK0aFSw", "node.id": "t9hfPgy_RyC9LOJUxQUrSQ"  }
{"type": "server", "timestamp": "2022-03-29T00:40:55,148Z", "level": "WARN", "component": "o.e.t.ThreadPool", "cluster.name": "tpotcluster", "node.name": "tpotcluster-node-01", "message": "timer thread slept for [50.2s/50282ms] on absolute clock which is above the warn threshold of [5000ms]", "cluster.uuid": "Qbw2pof0QzSXC1OvK0aFSw", "node.id": "t9hfPgy_RyC9LOJUxQUrSQ"  }
{"type": "server", "timestamp": "2022-03-29T00:40:59,156Z", "level": "WARN", "component": "o.e.t.ThreadPool", "cluster.name": "tpotcluster", "node.name": "tpotcluster-node-01", "message": "execution of [ReschedulingRunnable{runnable=org.elasticsearch.watcher.ResourceWatcherService$ResourceMonitor@57a193ee, interval=5s}] took [50282ms] which is above the warn threshold of [5000ms]", "cluster.uuid": "Qbw2pof0QzSXC1OvK0aFSw", "node.id": "t9hfPgy_RyC9LOJUxQUrSQ"  }
{"type": "server", "timestamp": "2022-03-29T00:41:10,270Z", "level": "WARN", "component": "o.e.t.ThreadPool", "cluster.name": "tpotcluster", "node.name": "tpotcluster-node-01", "message": "timer thread slept for [50.2s/50282026189ns] on relative clock which is above the warn threshold of [5000ms]", "cluster.uuid": "Qbw2pof0QzSXC1OvK0aFSw", "node.id": "t9hfPgy_RyC9LOJUxQUrSQ"  }
{"type": "server", "timestamp": "2022-03-29T00:41:24,832Z", "level": "WARN", "component": "o.e.t.ThreadPool", "cluster.name": "tpotcluster", "node.name": "tpotcluster-node-01", "message": "timer thread slept for [29.9s/29905ms] on absolute clock which is above the warn threshold of [5000ms]", "cluster.uuid": "Qbw2pof0QzSXC1OvK0aFSw", "node.id": "t9hfPgy_RyC9LOJUxQUrSQ"  }
{"type": "server", "timestamp": "2022-03-29T00:41:37,676Z", "level": "WARN", "component": "o.e.t.ThreadPool", "cluster.name": "tpotcluster", "node.name": "tpotcluster-node-01", "message": "timer thread slept for [29.9s/29904802093ns] on relative clock which is above the warn threshold of [5000ms]", "cluster.uuid": "Qbw2pof0QzSXC1OvK0aFSw", "node.id": "t9hfPgy_RyC9LOJUxQUrSQ"  }
{"type": "server", "timestamp": "2022-03-29T00:41:54,653Z", "level": "WARN", "component": "o.e.t.ThreadPool", "cluster.name": "tpotcluster", "node.name": "tpotcluster-node-01", "message": "timer thread slept for [30.3s/30366ms] on absolute clock which is above the warn threshold of [5000ms]", "cluster.uuid": "Qbw2pof0QzSXC1OvK0aFSw", "node.id": "t9hfPgy_RyC9LOJUxQUrSQ"  }
{"type": "server", "timestamp": "2022-03-29T00:42:10,769Z", "level": "WARN", "component": "o.e.t.ThreadPool", "cluster.name": "tpotcluster", "node.name": "tpotcluster-node-01", "message": "timer thread slept for [30.3s/30366249200ns] on relative clock which is above the warn threshold of [5000ms]", "cluster.uuid": "Qbw2pof0QzSXC1OvK0aFSw", "node.id": "t9hfPgy_RyC9LOJUxQUrSQ"  }
{"type": "server", "timestamp": "2022-03-29T00:42:38,819Z", "level": "WARN", "component": "o.e.t.ThreadPool", "cluster.name": "tpotcluster", "node.name": "tpotcluster-node-01", "message": "timer thread slept for [44.3s/44361ms] on absolute clock which is above the warn threshold of [5000ms]", "cluster.uuid": "Qbw2pof0QzSXC1OvK0aFSw", "node.id": "t9hfPgy_RyC9LOJUxQUrSQ"  }
{"type": "server", "timestamp": "2022-03-29T00:42:58,481Z", "level": "WARN", "component": "o.e.t.ThreadPool", "cluster.name": "tpotcluster", "node.name": "tpotcluster-node-01", "message": "timer thread slept for [44.3s/44360774509ns] on relative clock which is above the warn threshold of [5000ms]", "cluster.uuid": "Qbw2pof0QzSXC1OvK0aFSw", "node.id": "t9hfPgy_RyC9LOJUxQUrSQ"  }
{"type": "server", "timestamp": "2022-03-29T00:43:13,842Z", "level": "WARN", "component": "o.e.t.ThreadPool", "cluster.name": "tpotcluster", "node.name": "tpotcluster-node-01", "message": "timer thread slept for [35s/35052ms] on absolute clock which is above the warn threshold of [5000ms]", "cluster.uuid": "Qbw2pof0QzSXC1OvK0aFSw", "node.id": "t9hfPgy_RyC9LOJUxQUrSQ"  }
{"type": "server", "timestamp": "2022-03-29T00:43:25,775Z", "level": "WARN", "component": "o.e.t.ThreadPool", "cluster.name": "tpotcluster", "node.name": "tpotcluster-node-01", "message": "timer thread slept for [35s/35052698535ns] on relative clock which is above the warn threshold of [5000ms]", "cluster.uuid": "Qbw2pof0QzSXC1OvK0aFSw", "node.id": "t9hfPgy_RyC9LOJUxQUrSQ"  }
{"type": "server", "timestamp": "2022-03-29T00:43:42,110Z", "level": "WARN", "component": "o.e.t.ThreadPool", "cluster.name": "tpotcluster", "node.name": "tpotcluster-node-01", "message": "timer thread slept for [28.1s/28189ms] on absolute clock which is above the warn threshold of [5000ms]", "cluster.uuid": "Qbw2pof0QzSXC1OvK0aFSw", "node.id": "t9hfPgy_RyC9LOJUxQUrSQ"  }
{"type": "server", "timestamp": "2022-03-29T00:44:01,372Z", "level": "WARN", "component": "o.e.t.ThreadPool", "cluster.name": "tpotcluster", "node.name": "tpotcluster-node-01", "message": "timer thread slept for [28.1s/28188267875ns] on relative clock which is above the warn threshold of [5000ms]", "cluster.uuid": "Qbw2pof0QzSXC1OvK0aFSw", "node.id": "t9hfPgy_RyC9LOJUxQUrSQ"  }
{"type": "server", "timestamp": "2022-03-29T00:44:29,078Z", "level": "WARN", "component": "o.e.t.ThreadPool", "cluster.name": "tpotcluster", "node.name": "tpotcluster-node-01", "message": "timer thread slept for [45.6s/45660ms] on absolute clock which is above the warn threshold of [5000ms]", "cluster.uuid": "Qbw2pof0QzSXC1OvK0aFSw", "node.id": "t9hfPgy_RyC9LOJUxQUrSQ"  }
{"type": "server", "timestamp": "2022-03-29T00:44:48,863Z", "level": "WARN", "component": "o.e.t.ThreadPool", "cluster.name": "tpotcluster", "node.name": "tpotcluster-node-01", "message": "timer thread slept for [45.6s/45659958352ns] on relative clock which is above the warn threshold of [5000ms]", "cluster.uuid": "Qbw2pof0QzSXC1OvK0aFSw", "node.id": "t9hfPgy_RyC9LOJUxQUrSQ"  }
{"type": "server", "timestamp": "2022-03-29T00:45:09,039Z", "level": "WARN", "component": "o.e.t.ThreadPool", "cluster.name": "tpotcluster", "node.name": "tpotcluster-node-01", "message": "timer thread slept for [41.2s/41202ms] on absolute clock which is above the warn threshold of [5000ms]", "cluster.uuid": "Qbw2pof0QzSXC1OvK0aFSw", "node.id": "t9hfPgy_RyC9LOJUxQUrSQ"  }
{"type": "server", "timestamp": "2022-03-29T00:45:22,753Z", "level": "WARN", "component": "o.e.t.ThreadPool", "cluster.name": "tpotcluster", "node.name": "tpotcluster-node-01", "message": "timer thread slept for [41.2s/41202298523ns] on relative clock which is above the warn threshold of [5000ms]", "cluster.uuid": "Qbw2pof0QzSXC1OvK0aFSw", "node.id": "t9hfPgy_RyC9LOJUxQUrSQ"  }
{"type": "server", "timestamp": "2022-03-29T00:45:36,028Z", "level": "WARN", "component": "o.e.t.ThreadPool", "cluster.name": "tpotcluster", "node.name": "tpotcluster-node-01", "message": "timer thread slept for [27.2s/27222ms] on absolute clock which is above the warn threshold of [5000ms]", "cluster.uuid": "Qbw2pof0QzSXC1OvK0aFSw", "node.id": "t9hfPgy_RyC9LOJUxQUrSQ"  }
{"type": "server", "timestamp": "2022-03-29T00:45:31,110Z", "level": "WARN", "component": "o.e.c.InternalClusterInfoService", "cluster.name": "tpotcluster", "node.name": "tpotcluster-node-01", "message": "failed to retrieve shard stats from node [t9hfPgy_RyC9LOJUxQUrSQ]: [tpotcluster-node-01][127.0.0.1:9300][indices:monitor/stats[n]] request_id [8761] timed out after [262450ms]", "cluster.uuid": "Qbw2pof0QzSXC1OvK0aFSw", "node.id": "t9hfPgy_RyC9LOJUxQUrSQ"  }
{"type": "server", "timestamp": "2022-03-29T00:45:45,073Z", "level": "WARN", "component": "o.e.t.ThreadPool", "cluster.name": "tpotcluster", "node.name": "tpotcluster-node-01", "message": "timer thread slept for [27.2s/27222358581ns] on relative clock which is above the warn threshold of [5000ms]", "cluster.uuid": "Qbw2pof0QzSXC1OvK0aFSw", "node.id": "t9hfPgy_RyC9LOJUxQUrSQ"  }
{"type": "server", "timestamp": "2022-03-29T00:45:54,580Z", "level": "WARN", "component": "o.e.t.ThreadPool", "cluster.name": "tpotcluster", "node.name": "tpotcluster-node-01", "message": "execution of [ReschedulingRunnable{runnable=org.elasticsearch.monitor.jvm.JvmGcMonitorService$1@4cb7d97d, interval=1s}] took [27222ms] which is above the warn threshold of [5000ms]", "cluster.uuid": "Qbw2pof0QzSXC1OvK0aFSw", "node.id": "t9hfPgy_RyC9LOJUxQUrSQ"  }
{"type": "server", "timestamp": "2022-03-29T00:45:56,592Z", "level": "WARN", "component": "o.e.t.ThreadPool", "cluster.name": "tpotcluster", "node.name": "tpotcluster-node-01", "message": "timer thread slept for [20.5s/20596ms] on absolute clock which is above the warn threshold of [5000ms]", "cluster.uuid": "Qbw2pof0QzSXC1OvK0aFSw", "node.id": "t9hfPgy_RyC9LOJUxQUrSQ"  }
{"type": "server", "timestamp": "2022-03-29T00:46:04,802Z", "level": "WARN", "component": "o.e.t.ThreadPool", "cluster.name": "tpotcluster", "node.name": "tpotcluster-node-01", "message": "timer thread slept for [20.5s/20596147625ns] on relative clock which is above the warn threshold of [5000ms]", "cluster.uuid": "Qbw2pof0QzSXC1OvK0aFSw", "node.id": "t9hfPgy_RyC9LOJUxQUrSQ"  }
{"type": "server", "timestamp": "2022-03-29T00:46:19,366Z", "level": "WARN", "component": "o.e.t.ThreadPool", "cluster.name": "tpotcluster", "node.name": "tpotcluster-node-01", "message": "timer thread slept for [22.7s/22773ms] on absolute clock which is above the warn threshold of [5000ms]", "cluster.uuid": "Qbw2pof0QzSXC1OvK0aFSw", "node.id": "t9hfPgy_RyC9LOJUxQUrSQ"  }
{"type": "server", "timestamp": "2022-03-29T00:46:28,342Z", "level": "WARN", "component": "o.e.t.ThreadPool", "cluster.name": "tpotcluster", "node.name": "tpotcluster-node-01", "message": "timer thread slept for [22.7s/22772399224ns] on relative clock which is above the warn threshold of [5000ms]", "cluster.uuid": "Qbw2pof0QzSXC1OvK0aFSw", "node.id": "t9hfPgy_RyC9LOJUxQUrSQ"  }
{"type": "server", "timestamp": "2022-03-29T00:46:39,016Z", "level": "WARN", "component": "o.e.t.ThreadPool", "cluster.name": "tpotcluster", "node.name": "tpotcluster-node-01", "message": "timer thread slept for [18.8s/18872ms] on absolute clock which is above the warn threshold of [5000ms]", "cluster.uuid": "Qbw2pof0QzSXC1OvK0aFSw", "node.id": "t9hfPgy_RyC9LOJUxQUrSQ"  }
{"type": "server", "timestamp": "2022-03-29T00:46:48,405Z", "level": "WARN", "component": "o.e.t.ThreadPool", "cluster.name": "tpotcluster", "node.name": "tpotcluster-node-01", "message": "timer thread slept for [18.8s/18872320898ns] on relative clock which is above the warn threshold of [5000ms]", "cluster.uuid": "Qbw2pof0QzSXC1OvK0aFSw", "node.id": "t9hfPgy_RyC9LOJUxQUrSQ"  }
{"type": "server", "timestamp": "2022-03-29T00:46:57,529Z", "level": "WARN", "component": "o.e.t.ThreadPool", "cluster.name": "tpotcluster", "node.name": "tpotcluster-node-01", "message": "timer thread slept for [19.1s/19129ms] on absolute clock which is above the warn threshold of [5000ms]", "cluster.uuid": "Qbw2pof0QzSXC1OvK0aFSw", "node.id": "t9hfPgy_RyC9LOJUxQUrSQ"  }
{"type": "server", "timestamp": "2022-03-29T00:47:10,614Z", "level": "WARN", "component": "o.e.t.ThreadPool", "cluster.name": "tpotcluster", "node.name": "tpotcluster-node-01", "message": "timer thread slept for [19.1s/19129165867ns] on relative clock which is above the warn threshold of [5000ms]", "cluster.uuid": "Qbw2pof0QzSXC1OvK0aFSw", "node.id": "t9hfPgy_RyC9LOJUxQUrSQ"  }
{"type": "server", "timestamp": "2022-03-29T00:47:36,152Z", "level": "WARN", "component": "o.e.t.ThreadPool", "cluster.name": "tpotcluster", "node.name": "tpotcluster-node-01", "message": "timer thread slept for [37.1s/37194ms] on absolute clock which is above the warn threshold of [5000ms]", "cluster.uuid": "Qbw2pof0QzSXC1OvK0aFSw", "node.id": "t9hfPgy_RyC9LOJUxQUrSQ"  }
{"type": "server", "timestamp": "2022-03-29T00:47:50,354Z", "level": "WARN", "component": "o.e.t.ThreadPool", "cluster.name": "tpotcluster", "node.name": "tpotcluster-node-01", "message": "timer thread slept for [37.1s/37193522889ns] on relative clock which is above the warn threshold of [5000ms]", "cluster.uuid": "Qbw2pof0QzSXC1OvK0aFSw", "node.id": "t9hfPgy_RyC9LOJUxQUrSQ"  }
{"type": "server", "timestamp": "2022-03-29T00:48:10,825Z", "level": "WARN", "component": "o.e.t.ThreadPool", "cluster.name": "tpotcluster", "node.name": "tpotcluster-node-01", "message": "timer thread slept for [36.1s/36160ms] on absolute clock which is above the warn threshold of [5000ms]", "cluster.uuid": "Qbw2pof0QzSXC1OvK0aFSw", "node.id": "t9hfPgy_RyC9LOJUxQUrSQ"  }
{"type": "server", "timestamp": "2022-03-29T00:47:58,594Z", "level": "WARN", "component": "o.e.m.f.FsHealthService", "cluster.name": "tpotcluster", "node.name": "tpotcluster-node-01", "message": "health check of [/data/elk/data/nodes/0] took [37194ms] which is above the warn threshold of [5s]", "cluster.uuid": "Qbw2pof0QzSXC1OvK0aFSw", "node.id": "t9hfPgy_RyC9LOJUxQUrSQ"  }
{"type": "server", "timestamp": "2022-03-29T00:48:18,630Z", "level": "WARN", "component": "o.e.t.ThreadPool", "cluster.name": "tpotcluster", "node.name": "tpotcluster-node-01", "message": "execution of [ReschedulingRunnable{runnable=org.elasticsearch.monitor.jvm.JvmGcMonitorService$1@4cb7d97d, interval=1s}] took [73354ms] which is above the warn threshold of [5000ms]", "cluster.uuid": "Qbw2pof0QzSXC1OvK0aFSw", "node.id": "t9hfPgy_RyC9LOJUxQUrSQ"  }
{"type": "server", "timestamp": "2022-03-29T00:48:26,421Z", "level": "WARN", "component": "o.e.t.ThreadPool", "cluster.name": "tpotcluster", "node.name": "tpotcluster-node-01", "message": "timer thread slept for [36.1s/36160644844ns] on relative clock which is above the warn threshold of [5000ms]", "cluster.uuid": "Qbw2pof0QzSXC1OvK0aFSw", "node.id": "t9hfPgy_RyC9LOJUxQUrSQ"  }
{"type": "server", "timestamp": "2022-03-29T00:48:50,516Z", "level": "WARN", "component": "o.e.t.ThreadPool", "cluster.name": "tpotcluster", "node.name": "tpotcluster-node-01", "message": "execution of [ReschedulingRunnable{runnable=org.elasticsearch.watcher.ResourceWatcherService$ResourceMonitor@57a193ee, interval=5s}] took [32263ms] which is above the warn threshold of [5000ms]", "cluster.uuid": "Qbw2pof0QzSXC1OvK0aFSw", "node.id": "t9hfPgy_RyC9LOJUxQUrSQ"  }
{"type": "server", "timestamp": "2022-03-29T00:48:53,291Z", "level": "WARN", "component": "o.e.t.ThreadPool", "cluster.name": "tpotcluster", "node.name": "tpotcluster-node-01", "message": "timer thread slept for [32.2s/32264ms] on absolute clock which is above the warn threshold of [5000ms]", "cluster.uuid": "Qbw2pof0QzSXC1OvK0aFSw", "node.id": "t9hfPgy_RyC9LOJUxQUrSQ"  }
{"type": "server", "timestamp": "2022-03-29T00:49:08,315Z", "level": "WARN", "component": "o.e.t.ThreadPool", "cluster.name": "tpotcluster", "node.name": "tpotcluster-node-01", "message": "timer thread slept for [32.2s/32263282354ns] on relative clock which is above the warn threshold of [5000ms]", "cluster.uuid": "Qbw2pof0QzSXC1OvK0aFSw", "node.id": "t9hfPgy_RyC9LOJUxQUrSQ"  }
{"type": "server", "timestamp": "2022-03-29T00:49:23,861Z", "level": "WARN", "component": "o.e.t.ThreadPool", "cluster.name": "tpotcluster", "node.name": "tpotcluster-node-01", "message": "timer thread slept for [40.9s/40920ms] on absolute clock which is above the warn threshold of [5000ms]", "cluster.uuid": "Qbw2pof0QzSXC1OvK0aFSw", "node.id": "t9hfPgy_RyC9LOJUxQUrSQ"  }
{"type": "server", "timestamp": "2022-03-29T00:49:42,216Z", "level": "WARN", "component": "o.e.t.ThreadPool", "cluster.name": "tpotcluster", "node.name": "tpotcluster-node-01", "message": "timer thread slept for [40.9s/40920058378ns] on relative clock which is above the warn threshold of [5000ms]", "cluster.uuid": "Qbw2pof0QzSXC1OvK0aFSw", "node.id": "t9hfPgy_RyC9LOJUxQUrSQ"  }
{"type": "server", "timestamp": "2022-03-29T00:49:58,143Z", "level": "WARN", "component": "o.e.t.ThreadPool", "cluster.name": "tpotcluster", "node.name": "tpotcluster-node-01", "message": "timer thread slept for [34s/34033ms] on absolute clock which is above the warn threshold of [5000ms]", "cluster.uuid": "Qbw2pof0QzSXC1OvK0aFSw", "node.id": "t9hfPgy_RyC9LOJUxQUrSQ"  }
{"type": "server", "timestamp": "2022-03-29T00:50:14,307Z", "level": "WARN", "component": "o.e.t.ThreadPool", "cluster.name": "tpotcluster", "node.name": "tpotcluster-node-01", "message": "timer thread slept for [34s/34033118200ns] on relative clock which is above the warn threshold of [5000ms]", "cluster.uuid": "Qbw2pof0QzSXC1OvK0aFSw", "node.id": "t9hfPgy_RyC9LOJUxQUrSQ"  }
{"type": "server", "timestamp": "2022-03-29T00:50:34,879Z", "level": "WARN", "component": "o.e.t.ThreadPool", "cluster.name": "tpotcluster", "node.name": "tpotcluster-node-01", "message": "timer thread slept for [35.3s/35331ms] on absolute clock which is above the warn threshold of [5000ms]", "cluster.uuid": "Qbw2pof0QzSXC1OvK0aFSw", "node.id": "t9hfPgy_RyC9LOJUxQUrSQ"  }
{"type": "server", "timestamp": "2022-03-29T00:50:59,440Z", "level": "WARN", "component": "o.e.t.ThreadPool", "cluster.name": "tpotcluster", "node.name": "tpotcluster-node-01", "message": "timer thread slept for [35.3s/35330950039ns] on relative clock which is above the warn threshold of [5000ms]", "cluster.uuid": "Qbw2pof0QzSXC1OvK0aFSw", "node.id": "t9hfPgy_RyC9LOJUxQUrSQ"  }
{"type": "server", "timestamp": "2022-03-29T00:51:19,410Z", "level": "WARN", "component": "o.e.t.ThreadPool", "cluster.name": "tpotcluster", "node.name": "tpotcluster-node-01", "message": "timer thread slept for [40.5s/40555ms] on absolute clock which is above the warn threshold of [5000ms]", "cluster.uuid": "Qbw2pof0QzSXC1OvK0aFSw", "node.id": "t9hfPgy_RyC9LOJUxQUrSQ"  }
{"type": "server", "timestamp": "2022-03-29T00:51:34,605Z", "level": "WARN", "component": "o.e.t.ThreadPool", "cluster.name": "tpotcluster", "node.name": "tpotcluster-node-01", "message": "execution of [ReschedulingRunnable{runnable=org.elasticsearch.monitor.jvm.JvmGcMonitorService$1@4cb7d97d, interval=1s}] took [40554ms] which is above the warn threshold of [5000ms]", "cluster.uuid": "Qbw2pof0QzSXC1OvK0aFSw", "node.id": "t9hfPgy_RyC9LOJUxQUrSQ"  }
{"type": "server", "timestamp": "2022-03-29T00:51:33,916Z", "level": "WARN", "component": "o.e.t.ThreadPool", "cluster.name": "tpotcluster", "node.name": "tpotcluster-node-01", "message": "timer thread slept for [40.5s/40554729451ns] on relative clock which is above the warn threshold of [5000ms]", "cluster.uuid": "Qbw2pof0QzSXC1OvK0aFSw", "node.id": "t9hfPgy_RyC9LOJUxQUrSQ"  }
{"type": "server", "timestamp": "2022-03-29T00:51:53,125Z", "level": "WARN", "component": "o.e.t.ThreadPool", "cluster.name": "tpotcluster", "node.name": "tpotcluster-node-01", "message": "execution of [ReschedulingRunnable{runnable=org.elasticsearch.watcher.ResourceWatcherService$ResourceMonitor@57a193ee, interval=5s}] took [32970ms] which is above the warn threshold of [5000ms]", "cluster.uuid": "Qbw2pof0QzSXC1OvK0aFSw", "node.id": "t9hfPgy_RyC9LOJUxQUrSQ"  }
{"type": "server", "timestamp": "2022-03-29T00:51:50,541Z", "level": "WARN", "component": "o.e.t.ThreadPool", "cluster.name": "tpotcluster", "node.name": "tpotcluster-node-01", "message": "timer thread slept for [32.9s/32970ms] on absolute clock which is above the warn threshold of [5000ms]", "cluster.uuid": "Qbw2pof0QzSXC1OvK0aFSw", "node.id": "t9hfPgy_RyC9LOJUxQUrSQ"  }
{"type": "server", "timestamp": "2022-03-29T00:52:09,665Z", "level": "WARN", "component": "o.e.t.ThreadPool", "cluster.name": "tpotcluster", "node.name": "tpotcluster-node-01", "message": "timer thread slept for [32.9s/32970699836ns] on relative clock which is above the warn threshold of [5000ms]", "cluster.uuid": "Qbw2pof0QzSXC1OvK0aFSw", "node.id": "t9hfPgy_RyC9LOJUxQUrSQ"  }
{"type": "server", "timestamp": "2022-03-29T00:52:24,004Z", "level": "WARN", "component": "o.e.t.ThreadPool", "cluster.name": "tpotcluster", "node.name": "tpotcluster-node-01", "message": "timer thread slept for [37.2s/37234ms] on absolute clock which is above the warn threshold of [5000ms]", "cluster.uuid": "Qbw2pof0QzSXC1OvK0aFSw", "node.id": "t9hfPgy_RyC9LOJUxQUrSQ"  }
{"type": "server", "timestamp": "2022-03-29T00:52:47,844Z", "level": "WARN", "component": "o.e.t.ThreadPool", "cluster.name": "tpotcluster", "node.name": "tpotcluster-node-01", "message": "timer thread slept for [37.2s/37233563416ns] on relative clock which is above the warn threshold of [5000ms]", "cluster.uuid": "Qbw2pof0QzSXC1OvK0aFSw", "node.id": "t9hfPgy_RyC9LOJUxQUrSQ"  }
{"type": "server", "timestamp": "2022-03-29T00:52:46,571Z", "level": "WARN", "component": "o.e.t.TransportService", "cluster.name": "tpotcluster", "node.name": "tpotcluster-node-01", "message": "Received response for a request that has timed out, sent [13.5m/812754ms] ago, timed out [9.1m/550304ms] ago, action [indices:monitor/stats[n]], node [{tpotcluster-node-01}{t9hfPgy_RyC9LOJUxQUrSQ}{dy80hAwmTV2j1llaU5jUkA}{127.0.0.1}{127.0.0.1:9300}{cdfhimrstw}{xpack.installed=true, transform.node=true}], id [8761]", "cluster.uuid": "Qbw2pof0QzSXC1OvK0aFSw", "node.id": "t9hfPgy_RyC9LOJUxQUrSQ"  }
{"type": "server", "timestamp": "2022-03-29T00:53:07,361Z", "level": "WARN", "component": "o.e.t.ThreadPool", "cluster.name": "tpotcluster", "node.name": "tpotcluster-node-01", "message": "timer thread slept for [43.4s/43431ms] on absolute clock which is above the warn threshold of [5000ms]", "cluster.uuid": "Qbw2pof0QzSXC1OvK0aFSw", "node.id": "t9hfPgy_RyC9LOJUxQUrSQ"  }
{"type": "server", "timestamp": "2022-03-29T00:53:12,636Z", "level": "WARN", "component": "o.e.m.f.FsHealthService", "cluster.name": "tpotcluster", "node.name": "tpotcluster-node-01", "message": "health check of [/data/elk/data/nodes/0] took [43430ms] which is above the warn threshold of [5s]", "cluster.uuid": "Qbw2pof0QzSXC1OvK0aFSw", "node.id": "t9hfPgy_RyC9LOJUxQUrSQ"  }
{"type": "server", "timestamp": "2022-03-29T00:53:17,424Z", "level": "WARN", "component": "o.e.t.ThreadPool", "cluster.name": "tpotcluster", "node.name": "tpotcluster-node-01", "message": "timer thread slept for [43.4s/43430766005ns] on relative clock which is above the warn threshold of [5000ms]", "cluster.uuid": "Qbw2pof0QzSXC1OvK0aFSw", "node.id": "t9hfPgy_RyC9LOJUxQUrSQ"  }
{"type": "server", "timestamp": "2022-03-29T00:53:30,023Z", "level": "WARN", "component": "o.e.t.ThreadPool", "cluster.name": "tpotcluster", "node.name": "tpotcluster-node-01", "message": "timer thread slept for [21.4s/21443ms] on absolute clock which is above the warn threshold of [5000ms]", "cluster.uuid": "Qbw2pof0QzSXC1OvK0aFSw", "node.id": "t9hfPgy_RyC9LOJUxQUrSQ"  }
{"type": "server", "timestamp": "2022-03-29T00:53:40,042Z", "level": "WARN", "component": "o.e.t.ThreadPool", "cluster.name": "tpotcluster", "node.name": "tpotcluster-node-01", "message": "timer thread slept for [21.4s/21443317887ns] on relative clock which is above the warn threshold of [5000ms]", "cluster.uuid": "Qbw2pof0QzSXC1OvK0aFSw", "node.id": "t9hfPgy_RyC9LOJUxQUrSQ"  }
{"type": "server", "timestamp": "2022-03-29T00:53:31,131Z", "level": "WARN", "component": "o.e.c.InternalClusterInfoService", "cluster.name": "tpotcluster", "node.name": "tpotcluster-node-01", "message": "failed to retrieve shard stats from node [t9hfPgy_RyC9LOJUxQUrSQ]: [tpotcluster-node-01][127.0.0.1:9300][indices:monitor/stats[n]] request_id [8831] timed out after [183810ms]", "cluster.uuid": "Qbw2pof0QzSXC1OvK0aFSw", "node.id": "t9hfPgy_RyC9LOJUxQUrSQ"  }
{"type": "server", "timestamp": "2022-03-29T00:53:53,903Z", "level": "WARN", "component": "o.e.t.ThreadPool", "cluster.name": "tpotcluster", "node.name": "tpotcluster-node-01", "message": "execution of [ReschedulingRunnable{runnable=org.elasticsearch.monitor.jvm.JvmGcMonitorService$1@4cb7d97d, interval=1s}] took [21443ms] which is above the warn threshold of [5000ms]", "cluster.uuid": "Qbw2pof0QzSXC1OvK0aFSw", "node.id": "t9hfPgy_RyC9LOJUxQUrSQ"  }
{"type": "server", "timestamp": "2022-03-29T00:53:53,903Z", "level": "WARN", "component": "o.e.t.ThreadPool", "cluster.name": "tpotcluster", "node.name": "tpotcluster-node-01", "message": "timer thread slept for [24.9s/24963ms] on absolute clock which is above the warn threshold of [5000ms]", "cluster.uuid": "Qbw2pof0QzSXC1OvK0aFSw", "node.id": "t9hfPgy_RyC9LOJUxQUrSQ"  }
{"type": "server", "timestamp": "2022-03-29T00:54:04,200Z", "level": "WARN", "component": "o.e.t.ThreadPool", "cluster.name": "tpotcluster", "node.name": "tpotcluster-node-01", "message": "timer thread slept for [24.9s/24962833494ns] on relative clock which is above the warn threshold of [5000ms]", "cluster.uuid": "Qbw2pof0QzSXC1OvK0aFSw", "node.id": "t9hfPgy_RyC9LOJUxQUrSQ"  }
{"type": "server", "timestamp": "2022-03-29T00:54:16,239Z", "level": "WARN", "component": "o.e.t.ThreadPool", "cluster.name": "tpotcluster", "node.name": "tpotcluster-node-01", "message": "timer thread slept for [21.7s/21769ms] on absolute clock which is above the warn threshold of [5000ms]", "cluster.uuid": "Qbw2pof0QzSXC1OvK0aFSw", "node.id": "t9hfPgy_RyC9LOJUxQUrSQ"  }
{"type": "server", "timestamp": "2022-03-29T00:54:24,826Z", "level": "WARN", "component": "o.e.t.ThreadPool", "cluster.name": "tpotcluster", "node.name": "tpotcluster-node-01", "message": "timer thread slept for [21.7s/21769557309ns] on relative clock which is above the warn threshold of [5000ms]", "cluster.uuid": "Qbw2pof0QzSXC1OvK0aFSw", "node.id": "t9hfPgy_RyC9LOJUxQUrSQ"  }
{"type": "server", "timestamp": "2022-03-29T00:54:34,791Z", "level": "WARN", "component": "o.e.t.ThreadPool", "cluster.name": "tpotcluster", "node.name": "tpotcluster-node-01", "message": "timer thread slept for [19.2s/19208ms] on absolute clock which is above the warn threshold of [5000ms]", "cluster.uuid": "Qbw2pof0QzSXC1OvK0aFSw", "node.id": "t9hfPgy_RyC9LOJUxQUrSQ"  }
{"type": "server", "timestamp": "2022-03-29T00:54:34,791Z", "level": "WARN", "component": "o.e.t.ThreadPool", "cluster.name": "tpotcluster", "node.name": "tpotcluster-node-01", "message": "execution of [ReschedulingRunnable{runnable=org.elasticsearch.search.SearchService$Reaper@6229f0b7, interval=1m}] took [19207ms] which is above the warn threshold of [5000ms]", "cluster.uuid": "Qbw2pof0QzSXC1OvK0aFSw", "node.id": "t9hfPgy_RyC9LOJUxQUrSQ"  }
{"type": "server", "timestamp": "2022-03-29T00:54:40,780Z", "level": "WARN", "component": "o.e.t.ThreadPool", "cluster.name": "tpotcluster", "node.name": "tpotcluster-node-01", "message": "timer thread slept for [19.2s/19207660074ns] on relative clock which is above the warn threshold of [5000ms]", "cluster.uuid": "Qbw2pof0QzSXC1OvK0aFSw", "node.id": "t9hfPgy_RyC9LOJUxQUrSQ"  }
{"type": "server", "timestamp": "2022-03-29T00:54:51,967Z", "level": "WARN", "component": "o.e.t.ThreadPool", "cluster.name": "tpotcluster", "node.name": "tpotcluster-node-01", "message": "timer thread slept for [17.1s/17115ms] on absolute clock which is above the warn threshold of [5000ms]", "cluster.uuid": "Qbw2pof0QzSXC1OvK0aFSw", "node.id": "t9hfPgy_RyC9LOJUxQUrSQ"  }
{"type": "server", "timestamp": "2022-03-29T00:55:05,535Z", "level": "WARN", "component": "o.e.t.ThreadPool", "cluster.name": "tpotcluster", "node.name": "tpotcluster-node-01", "message": "timer thread slept for [17.1s/17114582095ns] on relative clock which is above the warn threshold of [5000ms]", "cluster.uuid": "Qbw2pof0QzSXC1OvK0aFSw", "node.id": "t9hfPgy_RyC9LOJUxQUrSQ"  }
{"type": "server", "timestamp": "2022-03-29T00:55:15,265Z", "level": "WARN", "component": "o.e.t.ThreadPool", "cluster.name": "tpotcluster", "node.name": "tpotcluster-node-01", "message": "timer thread slept for [22.7s/22786ms] on absolute clock which is above the warn threshold of [5000ms]", "cluster.uuid": "Qbw2pof0QzSXC1OvK0aFSw", "node.id": "t9hfPgy_RyC9LOJUxQUrSQ"  }
{"type": "server", "timestamp": "2022-03-29T00:55:23,639Z", "level": "WARN", "component": "o.e.t.ThreadPool", "cluster.name": "tpotcluster", "node.name": "tpotcluster-node-01", "message": "timer thread slept for [22.7s/22786695025ns] on relative clock which is above the warn threshold of [5000ms]", "cluster.uuid": "Qbw2pof0QzSXC1OvK0aFSw", "node.id": "t9hfPgy_RyC9LOJUxQUrSQ"  }
{"type": "server", "timestamp": "2022-03-29T00:55:34,741Z", "level": "WARN", "component": "o.e.t.ThreadPool", "cluster.name": "tpotcluster", "node.name": "tpotcluster-node-01", "message": "timer thread slept for [19.9s/19992ms] on absolute clock which is above the warn threshold of [5000ms]", "cluster.uuid": "Qbw2pof0QzSXC1OvK0aFSw", "node.id": "t9hfPgy_RyC9LOJUxQUrSQ"  }
{"type": "server", "timestamp": "2022-03-29T00:55:44,063Z", "level": "WARN", "component": "o.e.t.ThreadPool", "cluster.name": "tpotcluster", "node.name": "tpotcluster-node-01", "message": "timer thread slept for [19.9s/19991202445ns] on relative clock which is above the warn threshold of [5000ms]", "cluster.uuid": "Qbw2pof0QzSXC1OvK0aFSw", "node.id": "t9hfPgy_RyC9LOJUxQUrSQ"  }
{"type": "server", "timestamp": "2022-03-29T00:55:47,675Z", "level": "WARN", "component": "o.e.t.ThreadPool", "cluster.name": "tpotcluster", "node.name": "tpotcluster-node-01", "message": "execution of [ReschedulingRunnable{runnable=org.elasticsearch.monitor.jvm.JvmGcMonitorService$1@4cb7d97d, interval=1s}] took [19991ms] which is above the warn threshold of [5000ms]", "cluster.uuid": "Qbw2pof0QzSXC1OvK0aFSw", "node.id": "t9hfPgy_RyC9LOJUxQUrSQ"  }
{"type": "server", "timestamp": "2022-03-29T00:55:54,524Z", "level": "WARN", "component": "o.e.t.ThreadPool", "cluster.name": "tpotcluster", "node.name": "tpotcluster-node-01", "message": "timer thread slept for [18.5s/18543ms] on absolute clock which is above the warn threshold of [5000ms]", "cluster.uuid": "Qbw2pof0QzSXC1OvK0aFSw", "node.id": "t9hfPgy_RyC9LOJUxQUrSQ"  }
{"type": "server", "timestamp": "2022-03-29T00:56:03,382Z", "level": "WARN", "component": "o.e.t.ThreadPool", "cluster.name": "tpotcluster", "node.name": "tpotcluster-node-01", "message": "timer thread slept for [18.5s/18543956361ns] on relative clock which is above the warn threshold of [5000ms]", "cluster.uuid": "Qbw2pof0QzSXC1OvK0aFSw", "node.id": "t9hfPgy_RyC9LOJUxQUrSQ"  }
{"type": "server", "timestamp": "2022-03-29T00:56:12,258Z", "level": "WARN", "component": "o.e.t.ThreadPool", "cluster.name": "tpotcluster", "node.name": "tpotcluster-node-01", "message": "timer thread slept for [18.8s/18889ms] on absolute clock which is above the warn threshold of [5000ms]", "cluster.uuid": "Qbw2pof0QzSXC1OvK0aFSw", "node.id": "t9hfPgy_RyC9LOJUxQUrSQ"  }
{"type": "server", "timestamp": "2022-03-29T00:56:20,020Z", "level": "WARN", "component": "o.e.t.ThreadPool", "cluster.name": "tpotcluster", "node.name": "tpotcluster-node-01", "message": "execution of [ReschedulingRunnable{runnable=org.elasticsearch.watcher.ResourceWatcherService$ResourceMonitor@57a193ee, interval=5s}] took [18888ms] which is above the warn threshold of [5000ms]", "cluster.uuid": "Qbw2pof0QzSXC1OvK0aFSw", "node.id": "t9hfPgy_RyC9LOJUxQUrSQ"  }
{"type": "server", "timestamp": "2022-03-29T00:56:22,957Z", "level": "WARN", "component": "o.e.t.ThreadPool", "cluster.name": "tpotcluster", "node.name": "tpotcluster-node-01", "message": "timer thread slept for [18.8s/18888706251ns] on relative clock which is above the warn threshold of [5000ms]", "cluster.uuid": "Qbw2pof0QzSXC1OvK0aFSw", "node.id": "t9hfPgy_RyC9LOJUxQUrSQ"  }
{"type": "server", "timestamp": "2022-03-29T00:56:34,470Z", "level": "WARN", "component": "o.e.t.ThreadPool", "cluster.name": "tpotcluster", "node.name": "tpotcluster-node-01", "message": "timer thread slept for [21.9s/21961ms] on absolute clock which is above the warn threshold of [5000ms]", "cluster.uuid": "Qbw2pof0QzSXC1OvK0aFSw", "node.id": "t9hfPgy_RyC9LOJUxQUrSQ"  }
{"type": "server", "timestamp": "2022-03-29T00:56:43,568Z", "level": "WARN", "component": "o.e.t.ThreadPool", "cluster.name": "tpotcluster", "node.name": "tpotcluster-node-01", "message": "timer thread slept for [21.9s/21960425086ns] on relative clock which is above the warn threshold of [5000ms]", "cluster.uuid": "Qbw2pof0QzSXC1OvK0aFSw", "node.id": "t9hfPgy_RyC9LOJUxQUrSQ"  }
{"type": "server", "timestamp": "2022-03-29T00:56:53,982Z", "level": "WARN", "component": "o.e.t.ThreadPool", "cluster.name": "tpotcluster", "node.name": "tpotcluster-node-01", "message": "timer thread slept for [19.8s/19812ms] on absolute clock which is above the warn threshold of [5000ms]", "cluster.uuid": "Qbw2pof0QzSXC1OvK0aFSw", "node.id": "t9hfPgy_RyC9LOJUxQUrSQ"  }
{"type": "server", "timestamp": "2022-03-29T00:57:04,619Z", "level": "WARN", "component": "o.e.t.ThreadPool", "cluster.name": "tpotcluster", "node.name": "tpotcluster-node-01", "message": "timer thread slept for [19.8s/19812415737ns] on relative clock which is above the warn threshold of [5000ms]", "cluster.uuid": "Qbw2pof0QzSXC1OvK0aFSw", "node.id": "t9hfPgy_RyC9LOJUxQUrSQ"  }
{"type": "server", "timestamp": "2022-03-29T00:57:15,495Z", "level": "WARN", "component": "o.e.t.ThreadPool", "cluster.name": "tpotcluster", "node.name": "tpotcluster-node-01", "message": "timer thread slept for [21.5s/21525ms] on absolute clock which is above the warn threshold of [5000ms]", "cluster.uuid": "Qbw2pof0QzSXC1OvK0aFSw", "node.id": "t9hfPgy_RyC9LOJUxQUrSQ"  }
{"type": "server", "timestamp": "2022-03-29T00:57:31,814Z", "level": "WARN", "component": "o.e.t.ThreadPool", "cluster.name": "tpotcluster", "node.name": "tpotcluster-node-01", "message": "timer thread slept for [21.5s/21524731309ns] on relative clock which is above the warn threshold of [5000ms]", "cluster.uuid": "Qbw2pof0QzSXC1OvK0aFSw", "node.id": "t9hfPgy_RyC9LOJUxQUrSQ"  }
{"type": "server", "timestamp": "2022-03-29T00:57:45,061Z", "level": "WARN", "component": "o.e.t.ThreadPool", "cluster.name": "tpotcluster", "node.name": "tpotcluster-node-01", "message": "timer thread slept for [29.5s/29508ms] on absolute clock which is above the warn threshold of [5000ms]", "cluster.uuid": "Qbw2pof0QzSXC1OvK0aFSw", "node.id": "t9hfPgy_RyC9LOJUxQUrSQ"  }
{"type": "server", "timestamp": "2022-03-29T00:57:55,978Z", "level": "WARN", "component": "o.e.t.ThreadPool", "cluster.name": "tpotcluster", "node.name": "tpotcluster-node-01", "message": "timer thread slept for [29.5s/29508088434ns] on relative clock which is above the warn threshold of [5000ms]", "cluster.uuid": "Qbw2pof0QzSXC1OvK0aFSw", "node.id": "t9hfPgy_RyC9LOJUxQUrSQ"  }
{"type": "server", "timestamp": "2022-03-29T00:58:10,235Z", "level": "WARN", "component": "o.e.t.ThreadPool", "cluster.name": "tpotcluster", "node.name": "tpotcluster-node-01", "message": "timer thread slept for [25.1s/25140ms] on absolute clock which is above the warn threshold of [5000ms]", "cluster.uuid": "Qbw2pof0QzSXC1OvK0aFSw", "node.id": "t9hfPgy_RyC9LOJUxQUrSQ"  }
{"type": "server", "timestamp": "2022-03-29T00:58:22,015Z", "level": "WARN", "component": "o.e.t.ThreadPool", "cluster.name": "tpotcluster", "node.name": "tpotcluster-node-01", "message": "timer thread slept for [25.1s/25139815057ns] on relative clock which is above the warn threshold of [5000ms]", "cluster.uuid": "Qbw2pof0QzSXC1OvK0aFSw", "node.id": "t9hfPgy_RyC9LOJUxQUrSQ"  }
{"type": "server", "timestamp": "2022-03-29T00:58:31,749Z", "level": "WARN", "component": "o.e.t.ThreadPool", "cluster.name": "tpotcluster", "node.name": "tpotcluster-node-01", "message": "timer thread slept for [20.7s/20703ms] on absolute clock which is above the warn threshold of [5000ms]", "cluster.uuid": "Qbw2pof0QzSXC1OvK0aFSw", "node.id": "t9hfPgy_RyC9LOJUxQUrSQ"  }
{"type": "server", "timestamp": "2022-03-29T00:58:37,892Z", "level": "WARN", "component": "o.e.t.ThreadPool", "cluster.name": "tpotcluster", "node.name": "tpotcluster-node-01", "message": "timer thread slept for [20.7s/20702881384ns] on relative clock which is above the warn threshold of [5000ms]", "cluster.uuid": "Qbw2pof0QzSXC1OvK0aFSw", "node.id": "t9hfPgy_RyC9LOJUxQUrSQ"  }
{"type": "server", "timestamp": "2022-03-29T00:58:40,393Z", "level": "WARN", "component": "o.e.t.TransportService", "cluster.name": "tpotcluster", "node.name": "tpotcluster-node-01", "message": "Received response for a request that has timed out, sent [9.7m/587831ms] ago, timed out [6.7m/404021ms] ago, action [indices:monitor/stats[n]], node [{tpotcluster-node-01}{t9hfPgy_RyC9LOJUxQUrSQ}{dy80hAwmTV2j1llaU5jUkA}{127.0.0.1}{127.0.0.1:9300}{cdfhimrstw}{xpack.installed=true, transform.node=true}], id [8831]", "cluster.uuid": "Qbw2pof0QzSXC1OvK0aFSw", "node.id": "t9hfPgy_RyC9LOJUxQUrSQ"  }
{"type": "server", "timestamp": "2022-03-29T00:58:40,393Z", "level": "WARN", "component": "o.e.t.ThreadPool", "cluster.name": "tpotcluster", "node.name": "tpotcluster-node-01", "message": "timer thread slept for [9.7s/9734ms] on absolute clock which is above the warn threshold of [5000ms]", "cluster.uuid": "Qbw2pof0QzSXC1OvK0aFSw", "node.id": "t9hfPgy_RyC9LOJUxQUrSQ"  }
{"type": "server", "timestamp": "2022-03-29T00:58:40,393Z", "level": "WARN", "component": "o.e.t.ThreadPool", "cluster.name": "tpotcluster", "node.name": "tpotcluster-node-01", "message": "execution of [ReschedulingRunnable{runnable=org.elasticsearch.watcher.ResourceWatcherService$ResourceMonitor@57a193ee, interval=5s}] took [9734ms] which is above the warn threshold of [5000ms]", "cluster.uuid": "Qbw2pof0QzSXC1OvK0aFSw", "node.id": "t9hfPgy_RyC9LOJUxQUrSQ"  }
{"type": "server", "timestamp": "2022-03-29T00:58:38,416Z", "level": "WARN", "component": "o.e.m.f.FsHealthService", "cluster.name": "tpotcluster", "node.name": "tpotcluster-node-01", "message": "health check of [/data/elk/data/nodes/0] took [20703ms] which is above the warn threshold of [5s]", "cluster.uuid": "Qbw2pof0QzSXC1OvK0aFSw", "node.id": "t9hfPgy_RyC9LOJUxQUrSQ"  }
{"type": "server", "timestamp": "2022-03-29T00:58:42,234Z", "level": "WARN", "component": "o.e.t.ThreadPool", "cluster.name": "tpotcluster", "node.name": "tpotcluster-node-01", "message": "timer thread slept for [9.7s/9734592903ns] on relative clock which is above the warn threshold of [5000ms]", "cluster.uuid": "Qbw2pof0QzSXC1OvK0aFSw", "node.id": "t9hfPgy_RyC9LOJUxQUrSQ"  }
{"type": "server", "timestamp": "2022-03-29T00:58:42,965Z", "level": "WARN", "component": "o.e.c.InternalClusterInfoService", "cluster.name": "tpotcluster", "node.name": "tpotcluster-node-01", "message": "failed to retrieve shard stats from node [t9hfPgy_RyC9LOJUxQUrSQ]: [tpotcluster-node-01][127.0.0.1:9300][indices:monitor/stats[n]] request_id [8893] timed out after [106610ms]", "cluster.uuid": "Qbw2pof0QzSXC1OvK0aFSw", "node.id": "t9hfPgy_RyC9LOJUxQUrSQ"  }
{"type": "server", "timestamp": "2022-03-29T00:59:11,029Z", "level": "WARN", "component": "o.e.t.ThreadPool", "cluster.name": "tpotcluster", "node.name": "tpotcluster-node-01", "message": "execution of [ReschedulingRunnable{runnable=org.elasticsearch.monitor.jvm.JvmGcMonitorService$1@4cb7d97d, interval=1s}] took [6766ms] which is above the warn threshold of [5000ms]", "cluster.uuid": "Qbw2pof0QzSXC1OvK0aFSw", "node.id": "t9hfPgy_RyC9LOJUxQUrSQ"  }
{"type": "server", "timestamp": "2022-03-29T00:59:11,399Z", "level": "WARN", "component": "o.e.h.AbstractHttpServerTransport", "cluster.name": "tpotcluster", "node.name": "tpotcluster-node-01", "message": "handling request [null][GET][/_cat/health][Netty4HttpChannel{localAddress=/127.0.0.1:9200, remoteAddress=/127.0.0.1:53020}] took [9368ms] which is above the warn threshold of [5000ms]", "cluster.uuid": "Qbw2pof0QzSXC1OvK0aFSw", "node.id": "t9hfPgy_RyC9LOJUxQUrSQ"  }
{"type": "server", "timestamp": "2022-03-29T00:59:29,126Z", "level": "WARN", "component": "o.e.t.ThreadPool", "cluster.name": "tpotcluster", "node.name": "tpotcluster-node-01", "message": "execution of [ReschedulingRunnable{runnable=org.elasticsearch.monitor.jvm.JvmGcMonitorService$1@4cb7d97d, interval=1s}] took [8541ms] which is above the warn threshold of [5000ms]", "cluster.uuid": "Qbw2pof0QzSXC1OvK0aFSw", "node.id": "t9hfPgy_RyC9LOJUxQUrSQ"  }
{"type": "server", "timestamp": "2022-03-29T01:00:59,059Z", "level": "WARN", "component": "o.e.t.ThreadPool", "cluster.name": "tpotcluster", "node.name": "tpotcluster-node-01", "message": "execution of [ReschedulingRunnable{runnable=org.elasticsearch.watcher.ResourceWatcherService$ResourceMonitor@57a193ee, interval=5s}] took [50720ms] which is above the warn threshold of [5000ms]", "cluster.uuid": "Qbw2pof0QzSXC1OvK0aFSw", "node.id": "t9hfPgy_RyC9LOJUxQUrSQ"  }
{"type": "server", "timestamp": "2022-03-29T01:02:54,725Z", "level": "WARN", "component": "o.e.t.ThreadPool", "cluster.name": "tpotcluster", "node.name": "tpotcluster-node-01", "message": "execution of [ReschedulingRunnable{runnable=org.elasticsearch.indices.IndexingMemoryController$ShardsIndicesStatusChecker@77bf7db2, interval=5s}] took [6563ms] which is above the warn threshold of [5000ms]", "cluster.uuid": "Qbw2pof0QzSXC1OvK0aFSw", "node.id": "t9hfPgy_RyC9LOJUxQUrSQ"  }
{"type": "server", "timestamp": "2022-03-29T01:02:59,669Z", "level": "WARN", "component": "o.e.c.s.MasterService", "cluster.name": "tpotcluster", "node.name": "tpotcluster-node-01", "message": "took [15.5s/15514ms] to notify listeners on unchanged cluster state for [ilm-set-step-info {policy [kibana-event-log-policy], index [.kibana-event-log-7.16.2-000001], currentStep [{\"phase\":\"hot\",\"action\":\"rollover\",\"name\":\"check-rollover-ready\"}]}[org.elasticsearch.xpack.ilm.SetStepInfoUpdateTask@53fb3fe1]], which exceeds the warn threshold of [10s]", "cluster.uuid": "Qbw2pof0QzSXC1OvK0aFSw", "node.id": "t9hfPgy_RyC9LOJUxQUrSQ"  }
{"type": "server", "timestamp": "2022-03-29T01:06:06,116Z", "level": "WARN", "component": "o.e.t.ThreadPool", "cluster.name": "tpotcluster", "node.name": "tpotcluster-node-01", "message": "execution of [ReschedulingRunnable{runnable=org.elasticsearch.monitor.jvm.JvmGcMonitorService$1@4cb7d97d, interval=1s}] took [109173ms] which is above the warn threshold of [5000ms]", "cluster.uuid": "Qbw2pof0QzSXC1OvK0aFSw", "node.id": "t9hfPgy_RyC9LOJUxQUrSQ"  }
{"type": "server", "timestamp": "2022-03-29T01:06:19,123Z", "level": "WARN", "component": "o.e.c.s.MasterService", "cluster.name": "tpotcluster", "node.name": "tpotcluster-node-01", "message": "took [19.7s/19726ms] to notify listeners on unchanged cluster state for [ilm-set-step-info {policy [ilm-history-ilm-policy], index [.ds-ilm-history-5-2022.03.12-000001], currentStep [{\"phase\":\"hot\",\"action\":\"rollover\",\"name\":\"check-rollover-ready\"}]}[org.elasticsearch.xpack.ilm.SetStepInfoUpdateTask@cf767083], ilm-set-step-info {policy [kibana-event-log-policy], index [.kibana-event-log-7.17.0-000001], currentStep [{\"phase\":\"hot\",\"action\":\"rollover\",\"name\":\"check-rollover-ready\"}]}[org.elasticsearch.xpack.ilm.SetStepInfoUpdateTask@8cb6533a]], which exceeds the warn threshold of [10s]", "cluster.uuid": "Qbw2pof0QzSXC1OvK0aFSw", "node.id": "t9hfPgy_RyC9LOJUxQUrSQ"  }
{"type": "server", "timestamp": "2022-03-29T01:12:21,468Z", "level": "WARN", "component": "o.e.t.ThreadPool", "cluster.name": "tpotcluster", "node.name": "tpotcluster-node-01", "message": "timer thread slept for [5s/5096ms] on absolute clock which is above the warn threshold of [5000ms]", "cluster.uuid": "Qbw2pof0QzSXC1OvK0aFSw", "node.id": "t9hfPgy_RyC9LOJUxQUrSQ"  }
{"type": "server", "timestamp": "2022-03-29T01:14:53,259Z", "level": "WARN", "component": "o.e.t.ThreadPool", "cluster.name": "tpotcluster", "node.name": "tpotcluster-node-01", "message": "timer thread slept for [2.4m/147912ms] on absolute clock which is above the warn threshold of [5000ms]", "cluster.uuid": "Qbw2pof0QzSXC1OvK0aFSw", "node.id": "t9hfPgy_RyC9LOJUxQUrSQ"  }
{"type": "server", "timestamp": "2022-03-29T01:17:02,576Z", "level": "WARN", "component": "o.e.t.ThreadPool", "cluster.name": "tpotcluster", "node.name": "tpotcluster-node-01", "message": "timer thread slept for [2.4m/148304069485ns] on relative clock which is above the warn threshold of [5000ms]", "cluster.uuid": "Qbw2pof0QzSXC1OvK0aFSw", "node.id": "t9hfPgy_RyC9LOJUxQUrSQ"  }
{"type": "server", "timestamp": "2022-03-29T01:19:42,169Z", "level": "WARN", "component": "o.e.t.ThreadPool", "cluster.name": "tpotcluster", "node.name": "tpotcluster-node-01", "message": "timer thread slept for [4.8m/292779ms] on absolute clock which is above the warn threshold of [5000ms]", "cluster.uuid": "Qbw2pof0QzSXC1OvK0aFSw", "node.id": "t9hfPgy_RyC9LOJUxQUrSQ"  }
{"type": "server", "timestamp": "2022-03-29T01:22:24,907Z", "level": "WARN", "component": "o.e.t.ThreadPool", "cluster.name": "tpotcluster", "node.name": "tpotcluster-node-01", "message": "timer thread slept for [4.8m/292470109777ns] on relative clock which is above the warn threshold of [5000ms]", "cluster.uuid": "Qbw2pof0QzSXC1OvK0aFSw", "node.id": "t9hfPgy_RyC9LOJUxQUrSQ"  }
{"type": "server", "timestamp": "2022-03-29T01:25:31,740Z", "level": "WARN", "component": "o.e.t.ThreadPool", "cluster.name": "tpotcluster", "node.name": "tpotcluster-node-01", "message": "timer thread slept for [5.7m/343566ms] on absolute clock which is above the warn threshold of [5000ms]", "cluster.uuid": "Qbw2pof0QzSXC1OvK0aFSw", "node.id": "t9hfPgy_RyC9LOJUxQUrSQ"  }
{"type": "server", "timestamp": "2022-03-29T01:28:32,147Z", "level": "WARN", "component": "o.e.t.ThreadPool", "cluster.name": "tpotcluster", "node.name": "tpotcluster-node-01", "message": "timer thread slept for [5.7m/343476050295ns] on relative clock which is above the warn threshold of [5000ms]", "cluster.uuid": "Qbw2pof0QzSXC1OvK0aFSw", "node.id": "t9hfPgy_RyC9LOJUxQUrSQ"  }
{"type": "server", "timestamp": "2022-03-29T01:31:44,470Z", "level": "WARN", "component": "o.e.t.ThreadPool", "cluster.name": "tpotcluster", "node.name": "tpotcluster-node-01", "message": "timer thread slept for [6.3m/378752ms] on absolute clock which is above the warn threshold of [5000ms]", "cluster.uuid": "Qbw2pof0QzSXC1OvK0aFSw", "node.id": "t9hfPgy_RyC9LOJUxQUrSQ"  }
{"type": "server", "timestamp": "2022-03-29T01:33:17,109Z", "level": "WARN", "component": "o.e.t.TransportService", "cluster.name": "tpotcluster", "node.name": "tpotcluster-node-01", "message": "Received response for a request that has timed out, sent [34.8m/2089711ms] ago, timed out [33m/1983101ms] ago, action [indices:monitor/stats[n]], node [{tpotcluster-node-01}{t9hfPgy_RyC9LOJUxQUrSQ}{dy80hAwmTV2j1llaU5jUkA}{127.0.0.1}{127.0.0.1:9300}{cdfhimrstw}{xpack.installed=true, transform.node=true}], id [8893]", "cluster.uuid": "Qbw2pof0QzSXC1OvK0aFSw", "node.id": "t9hfPgy_RyC9LOJUxQUrSQ"  }
{"type": "server", "timestamp": "2022-03-29T01:34:55,195Z", "level": "WARN", "component": "o.e.t.ThreadPool", "cluster.name": "tpotcluster", "node.name": "tpotcluster-node-01", "message": "timer thread slept for [6.3m/379004857617ns] on relative clock which is above the warn threshold of [5000ms]", "cluster.uuid": "Qbw2pof0QzSXC1OvK0aFSw", "node.id": "t9hfPgy_RyC9LOJUxQUrSQ"  }
{"type": "server", "timestamp": "2022-03-29T01:38:21,113Z", "level": "WARN", "component": "o.e.t.ThreadPool", "cluster.name": "tpotcluster", "node.name": "tpotcluster-node-01", "message": "timer thread slept for [6.6m/396477ms] on absolute clock which is above the warn threshold of [5000ms]", "cluster.uuid": "Qbw2pof0QzSXC1OvK0aFSw", "node.id": "t9hfPgy_RyC9LOJUxQUrSQ"  }
{"type": "server", "timestamp": "2022-03-29T01:38:57,024Z", "level": "WARN", "component": "o.e.t.ThreadPool", "cluster.name": "tpotcluster", "node.name": "tpotcluster-node-01", "message": "execution of [org.elasticsearch.cluster.InternalClusterInfoService$RefreshScheduler$$Lambda$5125/0x00000008017f9258@40d0cf29] took [396462ms] which is above the warn threshold of [5000ms]", "cluster.uuid": "Qbw2pof0QzSXC1OvK0aFSw", "node.id": "t9hfPgy_RyC9LOJUxQUrSQ"  }
{"type": "server", "timestamp": "2022-03-29T01:41:47,503Z", "level": "WARN", "component": "o.e.t.ThreadPool", "cluster.name": "tpotcluster", "node.name": "tpotcluster-node-01", "message": "timer thread slept for [6.6m/396462211638ns] on relative clock which is above the warn threshold of [5000ms]", "cluster.uuid": "Qbw2pof0QzSXC1OvK0aFSw", "node.id": "t9hfPgy_RyC9LOJUxQUrSQ"  }
{"type": "server", "timestamp": "2022-03-29T01:45:41,484Z", "level": "WARN", "component": "o.e.t.ThreadPool", "cluster.name": "tpotcluster", "node.name": "tpotcluster-node-01", "message": "timer thread slept for [6.6m/398082ms] on absolute clock which is above the warn threshold of [5000ms]", "cluster.uuid": "Qbw2pof0QzSXC1OvK0aFSw", "node.id": "t9hfPgy_RyC9LOJUxQUrSQ"  }
{"type": "server", "timestamp": "2022-03-29T01:48:34,518Z", "level": "WARN", "component": "o.e.t.ThreadPool", "cluster.name": "tpotcluster", "node.name": "tpotcluster-node-01", "message": "timer thread slept for [6.6m/398362757695ns] on relative clock which is above the warn threshold of [5000ms]", "cluster.uuid": "Qbw2pof0QzSXC1OvK0aFSw", "node.id": "t9hfPgy_RyC9LOJUxQUrSQ"  }
{"type": "server", "timestamp": "2022-03-29T03:04:55,636Z", "level": "INFO", "component": "o.e.n.Node", "cluster.name": "tpotcluster", "node.name": "tpotcluster-node-01", "message": "version[7.17.0], pid[1], build[default/tar/bee86328705acaa9a6daede7140defd4d9ec56bd/2022-01-28T08:36:04.875279988Z], OS[Linux/4.19.0-20-cloud-amd64/amd64], JVM[Alpine/OpenJDK 64-Bit Server VM/16.0.2/16.0.2+7-alpine-r1]" }
{"type": "server", "timestamp": "2022-03-29T03:04:55,649Z", "level": "INFO", "component": "o.e.n.Node", "cluster.name": "tpotcluster", "node.name": "tpotcluster-node-01", "message": "JVM home [/usr/lib/jvm/java-16-openjdk], using bundled JDK [false]" }
{"type": "server", "timestamp": "2022-03-29T03:04:55,650Z", "level": "INFO", "component": "o.e.n.Node", "cluster.name": "tpotcluster", "node.name": "tpotcluster-node-01", "message": "JVM arguments [-Xshare:auto, -Des.networkaddress.cache.ttl=60, -Des.networkaddress.cache.negative.ttl=10, -XX:+AlwaysPreTouch, -Xss1m, -Djava.awt.headless=true, -Dfile.encoding=UTF-8, -Djna.nosys=true, -XX:-OmitStackTraceInFastThrow, -XX:+ShowCodeDetailsInExceptionMessages, -Dio.netty.noUnsafe=true, -Dio.netty.noKeySetOptimization=true, -Dio.netty.recycler.maxCapacityPerThread=0, -Dio.netty.allocator.numDirectArenas=0, -Dlog4j.shutdownHookEnabled=false, -Dlog4j2.disable.jmx=true, -Dlog4j2.formatMsgNoLookups=true, -Djava.locale.providers=SPI,COMPAT, --add-opens=java.base/java.io=ALL-UNNAMED, -XX:+UseG1GC, -Djava.io.tmpdir=/tmp, -XX:+HeapDumpOnOutOfMemoryError, -XX:+ExitOnOutOfMemoryError, -XX:HeapDumpPath=data, -XX:ErrorFile=logs/hs_err_pid%p.log, -Xlog:gc*,gc+age=trace,safepoint:file=logs/gc.log:utctime,pid,tags:filecount=32,filesize=64m, -Xms2048m, -Xmx2048m, -XX:MaxDirectMemorySize=1073741824, -XX:G1HeapRegionSize=4m, -XX:InitiatingHeapOccupancyPercent=30, -XX:G1ReservePercent=15, -Des.path.home=/usr/share/elasticsearch, -Des.path.conf=/usr/share/elasticsearch/config, -Des.distribution.flavor=default, -Des.distribution.type=tar, -Des.bundled_jdk=true]" }
{"type": "server", "timestamp": "2022-03-29T03:05:01,930Z", "level": "INFO", "component": "o.e.p.PluginsService", "cluster.name": "tpotcluster", "node.name": "tpotcluster-node-01", "message": "loaded module [aggs-matrix-stats]" }
{"type": "server", "timestamp": "2022-03-29T03:05:01,932Z", "level": "INFO", "component": "o.e.p.PluginsService", "cluster.name": "tpotcluster", "node.name": "tpotcluster-node-01", "message": "loaded module [analysis-common]" }
{"type": "server", "timestamp": "2022-03-29T03:05:01,934Z", "level": "INFO", "component": "o.e.p.PluginsService", "cluster.name": "tpotcluster", "node.name": "tpotcluster-node-01", "message": "loaded module [constant-keyword]" }
{"type": "server", "timestamp": "2022-03-29T03:05:01,935Z", "level": "INFO", "component": "o.e.p.PluginsService", "cluster.name": "tpotcluster", "node.name": "tpotcluster-node-01", "message": "loaded module [frozen-indices]" }
{"type": "server", "timestamp": "2022-03-29T03:05:01,937Z", "level": "INFO", "component": "o.e.p.PluginsService", "cluster.name": "tpotcluster", "node.name": "tpotcluster-node-01", "message": "loaded module [ingest-common]" }
{"type": "server", "timestamp": "2022-03-29T03:05:01,938Z", "level": "INFO", "component": "o.e.p.PluginsService", "cluster.name": "tpotcluster", "node.name": "tpotcluster-node-01", "message": "loaded module [ingest-geoip]" }
{"type": "server", "timestamp": "2022-03-29T03:05:01,940Z", "level": "INFO", "component": "o.e.p.PluginsService", "cluster.name": "tpotcluster", "node.name": "tpotcluster-node-01", "message": "loaded module [ingest-user-agent]" }
{"type": "server", "timestamp": "2022-03-29T03:05:01,941Z", "level": "INFO", "component": "o.e.p.PluginsService", "cluster.name": "tpotcluster", "node.name": "tpotcluster-node-01", "message": "loaded module [kibana]" }
{"type": "server", "timestamp": "2022-03-29T03:05:01,942Z", "level": "INFO", "component": "o.e.p.PluginsService", "cluster.name": "tpotcluster", "node.name": "tpotcluster-node-01", "message": "loaded module [lang-expression]" }
{"type": "server", "timestamp": "2022-03-29T03:05:01,943Z", "level": "INFO", "component": "o.e.p.PluginsService", "cluster.name": "tpotcluster", "node.name": "tpotcluster-node-01", "message": "loaded module [lang-mustache]" }
{"type": "server", "timestamp": "2022-03-29T03:05:01,945Z", "level": "INFO", "component": "o.e.p.PluginsService", "cluster.name": "tpotcluster", "node.name": "tpotcluster-node-01", "message": "loaded module [lang-painless]" }
{"type": "server", "timestamp": "2022-03-29T03:05:01,946Z", "level": "INFO", "component": "o.e.p.PluginsService", "cluster.name": "tpotcluster", "node.name": "tpotcluster-node-01", "message": "loaded module [legacy-geo]" }
{"type": "server", "timestamp": "2022-03-29T03:05:01,947Z", "level": "INFO", "component": "o.e.p.PluginsService", "cluster.name": "tpotcluster", "node.name": "tpotcluster-node-01", "message": "loaded module [mapper-extras]" }
{"type": "server", "timestamp": "2022-03-29T03:05:01,949Z", "level": "INFO", "component": "o.e.p.PluginsService", "cluster.name": "tpotcluster", "node.name": "tpotcluster-node-01", "message": "loaded module [mapper-version]" }
{"type": "server", "timestamp": "2022-03-29T03:05:01,950Z", "level": "INFO", "component": "o.e.p.PluginsService", "cluster.name": "tpotcluster", "node.name": "tpotcluster-node-01", "message": "loaded module [parent-join]" }
{"type": "server", "timestamp": "2022-03-29T03:05:01,951Z", "level": "INFO", "component": "o.e.p.PluginsService", "cluster.name": "tpotcluster", "node.name": "tpotcluster-node-01", "message": "loaded module [percolator]" }
{"type": "server", "timestamp": "2022-03-29T03:05:01,953Z", "level": "INFO", "component": "o.e.p.PluginsService", "cluster.name": "tpotcluster", "node.name": "tpotcluster-node-01", "message": "loaded module [rank-eval]" }
{"type": "server", "timestamp": "2022-03-29T03:05:01,954Z", "level": "INFO", "component": "o.e.p.PluginsService", "cluster.name": "tpotcluster", "node.name": "tpotcluster-node-01", "message": "loaded module [reindex]" }
{"type": "server", "timestamp": "2022-03-29T03:05:01,955Z", "level": "INFO", "component": "o.e.p.PluginsService", "cluster.name": "tpotcluster", "node.name": "tpotcluster-node-01", "message": "loaded module [repositories-metering-api]" }
{"type": "server", "timestamp": "2022-03-29T03:05:01,956Z", "level": "INFO", "component": "o.e.p.PluginsService", "cluster.name": "tpotcluster", "node.name": "tpotcluster-node-01", "message": "loaded module [repository-encrypted]" }
{"type": "server", "timestamp": "2022-03-29T03:05:01,957Z", "level": "INFO", "component": "o.e.p.PluginsService", "cluster.name": "tpotcluster", "node.name": "tpotcluster-node-01", "message": "loaded module [repository-url]" }
{"type": "server", "timestamp": "2022-03-29T03:05:01,959Z", "level": "INFO", "component": "o.e.p.PluginsService", "cluster.name": "tpotcluster", "node.name": "tpotcluster-node-01", "message": "loaded module [runtime-fields-common]" }
{"type": "server", "timestamp": "2022-03-29T03:05:01,960Z", "level": "INFO", "component": "o.e.p.PluginsService", "cluster.name": "tpotcluster", "node.name": "tpotcluster-node-01", "message": "loaded module [search-business-rules]" }
{"type": "server", "timestamp": "2022-03-29T03:05:01,961Z", "level": "INFO", "component": "o.e.p.PluginsService", "cluster.name": "tpotcluster", "node.name": "tpotcluster-node-01", "message": "loaded module [searchable-snapshots]" }
{"type": "server", "timestamp": "2022-03-29T03:05:01,962Z", "level": "INFO", "component": "o.e.p.PluginsService", "cluster.name": "tpotcluster", "node.name": "tpotcluster-node-01", "message": "loaded module [snapshot-repo-test-kit]" }
{"type": "server", "timestamp": "2022-03-29T03:05:01,964Z", "level": "INFO", "component": "o.e.p.PluginsService", "cluster.name": "tpotcluster", "node.name": "tpotcluster-node-01", "message": "loaded module [spatial]" }
{"type": "server", "timestamp": "2022-03-29T03:05:01,965Z", "level": "INFO", "component": "o.e.p.PluginsService", "cluster.name": "tpotcluster", "node.name": "tpotcluster-node-01", "message": "loaded module [transform]" }
{"type": "server", "timestamp": "2022-03-29T03:05:01,967Z", "level": "INFO", "component": "o.e.p.PluginsService", "cluster.name": "tpotcluster", "node.name": "tpotcluster-node-01", "message": "loaded module [transport-netty4]" }
{"type": "server", "timestamp": "2022-03-29T03:05:01,969Z", "level": "INFO", "component": "o.e.p.PluginsService", "cluster.name": "tpotcluster", "node.name": "tpotcluster-node-01", "message": "loaded module [unsigned-long]" }
{"type": "server", "timestamp": "2022-03-29T03:05:01,969Z", "level": "INFO", "component": "o.e.p.PluginsService", "cluster.name": "tpotcluster", "node.name": "tpotcluster-node-01", "message": "loaded module [vector-tile]" }
{"type": "server", "timestamp": "2022-03-29T03:05:01,972Z", "level": "INFO", "component": "o.e.p.PluginsService", "cluster.name": "tpotcluster", "node.name": "tpotcluster-node-01", "message": "loaded module [vectors]" }
{"type": "server", "timestamp": "2022-03-29T03:05:01,973Z", "level": "INFO", "component": "o.e.p.PluginsService", "cluster.name": "tpotcluster", "node.name": "tpotcluster-node-01", "message": "loaded module [wildcard]" }
{"type": "server", "timestamp": "2022-03-29T03:05:01,975Z", "level": "INFO", "component": "o.e.p.PluginsService", "cluster.name": "tpotcluster", "node.name": "tpotcluster-node-01", "message": "loaded module [x-pack-aggregate-metric]" }
{"type": "server", "timestamp": "2022-03-29T03:05:01,977Z", "level": "INFO", "component": "o.e.p.PluginsService", "cluster.name": "tpotcluster", "node.name": "tpotcluster-node-01", "message": "loaded module [x-pack-analytics]" }
{"type": "server", "timestamp": "2022-03-29T03:05:01,981Z", "level": "INFO", "component": "o.e.p.PluginsService", "cluster.name": "tpotcluster", "node.name": "tpotcluster-node-01", "message": "loaded module [x-pack-async]" }
{"type": "server", "timestamp": "2022-03-29T03:05:01,982Z", "level": "INFO", "component": "o.e.p.PluginsService", "cluster.name": "tpotcluster", "node.name": "tpotcluster-node-01", "message": "loaded module [x-pack-async-search]" }
{"type": "server", "timestamp": "2022-03-29T03:05:01,983Z", "level": "INFO", "component": "o.e.p.PluginsService", "cluster.name": "tpotcluster", "node.name": "tpotcluster-node-01", "message": "loaded module [x-pack-autoscaling]" }
{"type": "server", "timestamp": "2022-03-29T03:05:01,983Z", "level": "INFO", "component": "o.e.p.PluginsService", "cluster.name": "tpotcluster", "node.name": "tpotcluster-node-01", "message": "loaded module [x-pack-ccr]" }
{"type": "server", "timestamp": "2022-03-29T03:05:01,985Z", "level": "INFO", "component": "o.e.p.PluginsService", "cluster.name": "tpotcluster", "node.name": "tpotcluster-node-01", "message": "loaded module [x-pack-core]" }
{"type": "server", "timestamp": "2022-03-29T03:05:01,986Z", "level": "INFO", "component": "o.e.p.PluginsService", "cluster.name": "tpotcluster", "node.name": "tpotcluster-node-01", "message": "loaded module [x-pack-data-streams]" }
{"type": "server", "timestamp": "2022-03-29T03:05:01,988Z", "level": "INFO", "component": "o.e.p.PluginsService", "cluster.name": "tpotcluster", "node.name": "tpotcluster-node-01", "message": "loaded module [x-pack-deprecation]" }
{"type": "server", "timestamp": "2022-03-29T03:05:01,989Z", "level": "INFO", "component": "o.e.p.PluginsService", "cluster.name": "tpotcluster", "node.name": "tpotcluster-node-01", "message": "loaded module [x-pack-enrich]" }
{"type": "server", "timestamp": "2022-03-29T03:05:01,990Z", "level": "INFO", "component": "o.e.p.PluginsService", "cluster.name": "tpotcluster", "node.name": "tpotcluster-node-01", "message": "loaded module [x-pack-eql]" }
{"type": "server", "timestamp": "2022-03-29T03:05:01,991Z", "level": "INFO", "component": "o.e.p.PluginsService", "cluster.name": "tpotcluster", "node.name": "tpotcluster-node-01", "message": "loaded module [x-pack-fleet]" }
{"type": "server", "timestamp": "2022-03-29T03:05:01,992Z", "level": "INFO", "component": "o.e.p.PluginsService", "cluster.name": "tpotcluster", "node.name": "tpotcluster-node-01", "message": "loaded module [x-pack-graph]" }
{"type": "server", "timestamp": "2022-03-29T03:05:01,992Z", "level": "INFO", "component": "o.e.p.PluginsService", "cluster.name": "tpotcluster", "node.name": "tpotcluster-node-01", "message": "loaded module [x-pack-identity-provider]" }
{"type": "server", "timestamp": "2022-03-29T03:05:01,994Z", "level": "INFO", "component": "o.e.p.PluginsService", "cluster.name": "tpotcluster", "node.name": "tpotcluster-node-01", "message": "loaded module [x-pack-ilm]" }
{"type": "server", "timestamp": "2022-03-29T03:05:01,995Z", "level": "INFO", "component": "o.e.p.PluginsService", "cluster.name": "tpotcluster", "node.name": "tpotcluster-node-01", "message": "loaded module [x-pack-logstash]" }
{"type": "server", "timestamp": "2022-03-29T03:05:01,996Z", "level": "INFO", "component": "o.e.p.PluginsService", "cluster.name": "tpotcluster", "node.name": "tpotcluster-node-01", "message": "loaded module [x-pack-monitoring]" }
{"type": "server", "timestamp": "2022-03-29T03:05:01,996Z", "level": "INFO", "component": "o.e.p.PluginsService", "cluster.name": "tpotcluster", "node.name": "tpotcluster-node-01", "message": "loaded module [x-pack-ql]" }
{"type": "server", "timestamp": "2022-03-29T03:05:01,997Z", "level": "INFO", "component": "o.e.p.PluginsService", "cluster.name": "tpotcluster", "node.name": "tpotcluster-node-01", "message": "loaded module [x-pack-rollup]" }
{"type": "server", "timestamp": "2022-03-29T03:05:01,998Z", "level": "INFO", "component": "o.e.p.PluginsService", "cluster.name": "tpotcluster", "node.name": "tpotcluster-node-01", "message": "loaded module [x-pack-security]" }
{"type": "server", "timestamp": "2022-03-29T03:05:01,999Z", "level": "INFO", "component": "o.e.p.PluginsService", "cluster.name": "tpotcluster", "node.name": "tpotcluster-node-01", "message": "loaded module [x-pack-shutdown]" }
{"type": "server", "timestamp": "2022-03-29T03:05:01,999Z", "level": "INFO", "component": "o.e.p.PluginsService", "cluster.name": "tpotcluster", "node.name": "tpotcluster-node-01", "message": "loaded module [x-pack-sql]" }
{"type": "server", "timestamp": "2022-03-29T03:05:02,006Z", "level": "INFO", "component": "o.e.p.PluginsService", "cluster.name": "tpotcluster", "node.name": "tpotcluster-node-01", "message": "loaded module [x-pack-stack]" }
{"type": "server", "timestamp": "2022-03-29T03:05:02,007Z", "level": "INFO", "component": "o.e.p.PluginsService", "cluster.name": "tpotcluster", "node.name": "tpotcluster-node-01", "message": "loaded module [x-pack-text-structure]" }
{"type": "server", "timestamp": "2022-03-29T03:05:02,007Z", "level": "INFO", "component": "o.e.p.PluginsService", "cluster.name": "tpotcluster", "node.name": "tpotcluster-node-01", "message": "loaded module [x-pack-voting-only-node]" }
{"type": "server", "timestamp": "2022-03-29T03:05:02,008Z", "level": "INFO", "component": "o.e.p.PluginsService", "cluster.name": "tpotcluster", "node.name": "tpotcluster-node-01", "message": "loaded module [x-pack-watcher]" }
{"type": "server", "timestamp": "2022-03-29T03:05:02,010Z", "level": "INFO", "component": "o.e.p.PluginsService", "cluster.name": "tpotcluster", "node.name": "tpotcluster-node-01", "message": "no plugins loaded" }
{"type": "server", "timestamp": "2022-03-29T03:05:02,098Z", "level": "INFO", "component": "o.e.e.NodeEnvironment", "cluster.name": "tpotcluster", "node.name": "tpotcluster-node-01", "message": "using [1] data paths, mounts [[/data (/dev/sda1)]], net usable_space [103.6gb], net total_space [125.8gb], types [ext4]" }
{"type": "server", "timestamp": "2022-03-29T03:05:02,099Z", "level": "INFO", "component": "o.e.e.NodeEnvironment", "cluster.name": "tpotcluster", "node.name": "tpotcluster-node-01", "message": "heap size [2gb], compressed ordinary object pointers [true]" }
{"type": "server", "timestamp": "2022-03-29T03:05:02,589Z", "level": "INFO", "component": "o.e.n.Node", "cluster.name": "tpotcluster", "node.name": "tpotcluster-node-01", "message": "node name [tpotcluster-node-01], node ID [t9hfPgy_RyC9LOJUxQUrSQ], cluster name [tpotcluster], roles [transform, data_frozen, master, remote_cluster_client, data, data_content, data_hot, data_warm, data_cold, ingest]" }
{"type": "server", "timestamp": "2022-03-29T03:05:16,597Z", "level": "INFO", "component": "o.e.i.g.ConfigDatabases", "cluster.name": "tpotcluster", "node.name": "tpotcluster-node-01", "message": "initialized default databases [[GeoLite2-Country.mmdb, GeoLite2-City.mmdb, GeoLite2-ASN.mmdb]], config databases [[]] and watching [/usr/share/elasticsearch/config/ingest-geoip] for changes" }
{"type": "server", "timestamp": "2022-03-29T03:05:16,604Z", "level": "INFO", "component": "o.e.i.g.DatabaseNodeService", "cluster.name": "tpotcluster", "node.name": "tpotcluster-node-01", "message": "deleting stale file [/tmp/geoip-databases/t9hfPgy_RyC9LOJUxQUrSQ/GeoLite2-City.mmdb_LICENSE.txt]" }
{"type": "server", "timestamp": "2022-03-29T03:05:16,606Z", "level": "INFO", "component": "o.e.i.g.DatabaseNodeService", "cluster.name": "tpotcluster", "node.name": "tpotcluster-node-01", "message": "deleting stale file [/tmp/geoip-databases/t9hfPgy_RyC9LOJUxQUrSQ/GeoLite2-City.mmdb]" }
{"type": "server", "timestamp": "2022-03-29T03:05:16,608Z", "level": "INFO", "component": "o.e.i.g.DatabaseNodeService", "cluster.name": "tpotcluster", "node.name": "tpotcluster-node-01", "message": "deleting stale file [/tmp/geoip-databases/t9hfPgy_RyC9LOJUxQUrSQ/GeoLite2-Country.mmdb_LICENSE.txt]" }
{"type": "server", "timestamp": "2022-03-29T03:05:16,609Z", "level": "INFO", "component": "o.e.i.g.DatabaseNodeService", "cluster.name": "tpotcluster", "node.name": "tpotcluster-node-01", "message": "deleting stale file [/tmp/geoip-databases/t9hfPgy_RyC9LOJUxQUrSQ/GeoLite2-Country.mmdb_elastic-geoip-database-service-agreement-LICENSE.txt]" }
{"type": "server", "timestamp": "2022-03-29T03:05:16,610Z", "level": "INFO", "component": "o.e.i.g.DatabaseNodeService", "cluster.name": "tpotcluster", "node.name": "tpotcluster-node-01", "message": "deleting stale file [/tmp/geoip-databases/t9hfPgy_RyC9LOJUxQUrSQ/GeoLite2-ASN.mmdb_COPYRIGHT.txt]" }
{"type": "server", "timestamp": "2022-03-29T03:05:16,611Z", "level": "INFO", "component": "o.e.i.g.DatabaseNodeService", "cluster.name": "tpotcluster", "node.name": "tpotcluster-node-01", "message": "deleting stale file [/tmp/geoip-databases/t9hfPgy_RyC9LOJUxQUrSQ/GeoLite2-City.mmdb_COPYRIGHT.txt]" }
{"type": "server", "timestamp": "2022-03-29T03:05:16,612Z", "level": "INFO", "component": "o.e.i.g.DatabaseNodeService", "cluster.name": "tpotcluster", "node.name": "tpotcluster-node-01", "message": "deleting stale file [/tmp/geoip-databases/t9hfPgy_RyC9LOJUxQUrSQ/GeoLite2-ASN.mmdb_elastic-geoip-database-service-agreement-LICENSE.txt]" }
{"type": "server", "timestamp": "2022-03-29T03:05:16,613Z", "level": "INFO", "component": "o.e.i.g.DatabaseNodeService", "cluster.name": "tpotcluster", "node.name": "tpotcluster-node-01", "message": "deleting stale file [/tmp/geoip-databases/t9hfPgy_RyC9LOJUxQUrSQ/GeoLite2-City.mmdb_README.txt]" }
{"type": "server", "timestamp": "2022-03-29T03:05:16,614Z", "level": "INFO", "component": "o.e.i.g.DatabaseNodeService", "cluster.name": "tpotcluster", "node.name": "tpotcluster-node-01", "message": "deleting stale file [/tmp/geoip-databases/t9hfPgy_RyC9LOJUxQUrSQ/GeoLite2-Country.mmdb_COPYRIGHT.txt]" }
{"type": "server", "timestamp": "2022-03-29T03:05:16,615Z", "level": "INFO", "component": "o.e.i.g.DatabaseNodeService", "cluster.name": "tpotcluster", "node.name": "tpotcluster-node-01", "message": "deleting stale file [/tmp/geoip-databases/t9hfPgy_RyC9LOJUxQUrSQ/GeoLite2-ASN.mmdb_LICENSE.txt]" }
{"type": "server", "timestamp": "2022-03-29T03:05:16,616Z", "level": "INFO", "component": "o.e.i.g.DatabaseNodeService", "cluster.name": "tpotcluster", "node.name": "tpotcluster-node-01", "message": "deleting stale file [/tmp/geoip-databases/t9hfPgy_RyC9LOJUxQUrSQ/GeoLite2-Country.mmdb]" }
{"type": "server", "timestamp": "2022-03-29T03:05:16,617Z", "level": "INFO", "component": "o.e.i.g.DatabaseNodeService", "cluster.name": "tpotcluster", "node.name": "tpotcluster-node-01", "message": "deleting stale file [/tmp/geoip-databases/t9hfPgy_RyC9LOJUxQUrSQ/GeoLite2-ASN.mmdb]" }
{"type": "server", "timestamp": "2022-03-29T03:05:16,619Z", "level": "INFO", "component": "o.e.i.g.DatabaseNodeService", "cluster.name": "tpotcluster", "node.name": "tpotcluster-node-01", "message": "deleting stale file [/tmp/geoip-databases/t9hfPgy_RyC9LOJUxQUrSQ/GeoLite2-City.mmdb_elastic-geoip-database-service-agreement-LICENSE.txt]" }
{"type": "server", "timestamp": "2022-03-29T03:05:16,620Z", "level": "INFO", "component": "o.e.i.g.DatabaseNodeService", "cluster.name": "tpotcluster", "node.name": "tpotcluster-node-01", "message": "initialized database registry, using geoip-databases directory [/tmp/geoip-databases/t9hfPgy_RyC9LOJUxQUrSQ]" }
{"type": "server", "timestamp": "2022-03-29T03:05:17,853Z", "level": "INFO", "component": "o.e.t.NettyAllocator", "cluster.name": "tpotcluster", "node.name": "tpotcluster-node-01", "message": "creating NettyAllocator with the following configs: [name=elasticsearch_configured, chunk_size=1mb, suggested_max_allocation_size=1mb, factors={es.unsafe.use_netty_default_chunk_and_page_size=false, g1gc_enabled=true, g1gc_region_size=4mb}]" }
{"type": "server", "timestamp": "2022-03-29T03:05:18,122Z", "level": "INFO", "component": "o.e.d.DiscoveryModule", "cluster.name": "tpotcluster", "node.name": "tpotcluster-node-01", "message": "using discovery type [single-node] and seed hosts providers [settings]" }
{"type": "server", "timestamp": "2022-03-29T03:05:19,094Z", "level": "INFO", "component": "o.e.g.DanglingIndicesState", "cluster.name": "tpotcluster", "node.name": "tpotcluster-node-01", "message": "gateway.auto_import_dangling_indices is disabled, dangling indices will not be automatically detected or imported and must be managed manually" }
{"type": "server", "timestamp": "2022-03-29T03:05:20,124Z", "level": "INFO", "component": "o.e.n.Node", "cluster.name": "tpotcluster", "node.name": "tpotcluster-node-01", "message": "initialized" }
{"type": "server", "timestamp": "2022-03-29T03:05:20,132Z", "level": "INFO", "component": "o.e.n.Node", "cluster.name": "tpotcluster", "node.name": "tpotcluster-node-01", "message": "starting ..." }
{"type": "server", "timestamp": "2022-03-29T03:05:20,273Z", "level": "INFO", "component": "o.e.x.s.c.f.PersistentCache", "cluster.name": "tpotcluster", "node.name": "tpotcluster-node-01", "message": "persistent cache index loaded" }
{"type": "server", "timestamp": "2022-03-29T03:05:20,276Z", "level": "INFO", "component": "o.e.x.d.l.DeprecationIndexingComponent", "cluster.name": "tpotcluster", "node.name": "tpotcluster-node-01", "message": "deprecation component started" }
{"type": "server", "timestamp": "2022-03-29T03:05:20,608Z", "level": "INFO", "component": "o.e.t.TransportService", "cluster.name": "tpotcluster", "node.name": "tpotcluster-node-01", "message": "publish_address {127.0.0.1:9300}, bound_addresses {127.0.0.1:9300}" }
{"type": "server", "timestamp": "2022-03-29T03:05:23,623Z", "level": "INFO", "component": "o.e.c.c.Coordinator", "cluster.name": "tpotcluster", "node.name": "tpotcluster-node-01", "message": "cluster UUID [Qbw2pof0QzSXC1OvK0aFSw]" }
{"type": "server", "timestamp": "2022-03-29T03:05:23,826Z", "level": "INFO", "component": "o.e.c.s.MasterService", "cluster.name": "tpotcluster", "node.name": "tpotcluster-node-01", "message": "elected-as-master ([1] nodes joined)[{tpotcluster-node-01}{t9hfPgy_RyC9LOJUxQUrSQ}{M5Rm2yggQ6anzsBv2oDMcQ}{127.0.0.1}{127.0.0.1:9300}{cdfhimrstw} elect leader, _BECOME_MASTER_TASK_, _FINISH_ELECTION_], term: 147, version: 4238, delta: master node changed {previous [], current [{tpotcluster-node-01}{t9hfPgy_RyC9LOJUxQUrSQ}{M5Rm2yggQ6anzsBv2oDMcQ}{127.0.0.1}{127.0.0.1:9300}{cdfhimrstw}]}" }
{"type": "server", "timestamp": "2022-03-29T03:05:24,110Z", "level": "INFO", "component": "o.e.c.s.ClusterApplierService", "cluster.name": "tpotcluster", "node.name": "tpotcluster-node-01", "message": "master node changed {previous [], current [{tpotcluster-node-01}{t9hfPgy_RyC9LOJUxQUrSQ}{M5Rm2yggQ6anzsBv2oDMcQ}{127.0.0.1}{127.0.0.1:9300}{cdfhimrstw}]}, term: 147, version: 4238, reason: Publication{term=147, version=4238}" }
{"type": "server", "timestamp": "2022-03-29T03:05:24,350Z", "level": "INFO", "component": "o.e.h.AbstractHttpServerTransport", "cluster.name": "tpotcluster", "node.name": "tpotcluster-node-01", "message": "publish_address {192.168.48.2:9200}, bound_addresses {0.0.0.0:9200}", "cluster.uuid": "Qbw2pof0QzSXC1OvK0aFSw", "node.id": "t9hfPgy_RyC9LOJUxQUrSQ"  }
{"type": "server", "timestamp": "2022-03-29T03:05:24,354Z", "level": "INFO", "component": "o.e.n.Node", "cluster.name": "tpotcluster", "node.name": "tpotcluster-node-01", "message": "started", "cluster.uuid": "Qbw2pof0QzSXC1OvK0aFSw", "node.id": "t9hfPgy_RyC9LOJUxQUrSQ"  }
{"type": "server", "timestamp": "2022-03-29T03:07:09,953Z", "level": "INFO", "component": "o.e.n.Node", "cluster.name": "tpotcluster", "node.name": "tpotcluster-node-01", "message": "version[7.17.0], pid[1], build[default/tar/bee86328705acaa9a6daede7140defd4d9ec56bd/2022-01-28T08:36:04.875279988Z], OS[Linux/4.19.0-20-cloud-amd64/amd64], JVM[Alpine/OpenJDK 64-Bit Server VM/16.0.2/16.0.2+7-alpine-r1]" }
{"type": "server", "timestamp": "2022-03-29T03:07:10,008Z", "level": "INFO", "component": "o.e.n.Node", "cluster.name": "tpotcluster", "node.name": "tpotcluster-node-01", "message": "JVM home [/usr/lib/jvm/java-16-openjdk], using bundled JDK [false]" }
{"type": "server", "timestamp": "2022-03-29T03:07:10,009Z", "level": "INFO", "component": "o.e.n.Node", "cluster.name": "tpotcluster", "node.name": "tpotcluster-node-01", "message": "JVM arguments [-Xshare:auto, -Des.networkaddress.cache.ttl=60, -Des.networkaddress.cache.negative.ttl=10, -XX:+AlwaysPreTouch, -Xss1m, -Djava.awt.headless=true, -Dfile.encoding=UTF-8, -Djna.nosys=true, -XX:-OmitStackTraceInFastThrow, -XX:+ShowCodeDetailsInExceptionMessages, -Dio.netty.noUnsafe=true, -Dio.netty.noKeySetOptimization=true, -Dio.netty.recycler.maxCapacityPerThread=0, -Dio.netty.allocator.numDirectArenas=0, -Dlog4j.shutdownHookEnabled=false, -Dlog4j2.disable.jmx=true, -Dlog4j2.formatMsgNoLookups=true, -Djava.locale.providers=SPI,COMPAT, --add-opens=java.base/java.io=ALL-UNNAMED, -XX:+UseG1GC, -Djava.io.tmpdir=/tmp, -XX:+HeapDumpOnOutOfMemoryError, -XX:+ExitOnOutOfMemoryError, -XX:HeapDumpPath=data, -XX:ErrorFile=logs/hs_err_pid%p.log, -Xlog:gc*,gc+age=trace,safepoint:file=logs/gc.log:utctime,pid,tags:filecount=32,filesize=64m, -Xms2048m, -Xmx2048m, -XX:MaxDirectMemorySize=1073741824, -XX:G1HeapRegionSize=4m, -XX:InitiatingHeapOccupancyPercent=30, -XX:G1ReservePercent=15, -Des.path.home=/usr/share/elasticsearch, -Des.path.conf=/usr/share/elasticsearch/config, -Des.distribution.flavor=default, -Des.distribution.type=tar, -Des.bundled_jdk=true]" }
{"type": "server", "timestamp": "2022-03-29T03:07:16,336Z", "level": "INFO", "component": "o.e.p.PluginsService", "cluster.name": "tpotcluster", "node.name": "tpotcluster-node-01", "message": "loaded module [aggs-matrix-stats]" }
{"type": "server", "timestamp": "2022-03-29T03:07:16,339Z", "level": "INFO", "component": "o.e.p.PluginsService", "cluster.name": "tpotcluster", "node.name": "tpotcluster-node-01", "message": "loaded module [analysis-common]" }
{"type": "server", "timestamp": "2022-03-29T03:07:16,340Z", "level": "INFO", "component": "o.e.p.PluginsService", "cluster.name": "tpotcluster", "node.name": "tpotcluster-node-01", "message": "loaded module [constant-keyword]" }
{"type": "server", "timestamp": "2022-03-29T03:07:16,341Z", "level": "INFO", "component": "o.e.p.PluginsService", "cluster.name": "tpotcluster", "node.name": "tpotcluster-node-01", "message": "loaded module [frozen-indices]" }
{"type": "server", "timestamp": "2022-03-29T03:07:16,343Z", "level": "INFO", "component": "o.e.p.PluginsService", "cluster.name": "tpotcluster", "node.name": "tpotcluster-node-01", "message": "loaded module [ingest-common]" }
{"type": "server", "timestamp": "2022-03-29T03:07:16,344Z", "level": "INFO", "component": "o.e.p.PluginsService", "cluster.name": "tpotcluster", "node.name": "tpotcluster-node-01", "message": "loaded module [ingest-geoip]" }
{"type": "server", "timestamp": "2022-03-29T03:07:16,345Z", "level": "INFO", "component": "o.e.p.PluginsService", "cluster.name": "tpotcluster", "node.name": "tpotcluster-node-01", "message": "loaded module [ingest-user-agent]" }
{"type": "server", "timestamp": "2022-03-29T03:07:16,346Z", "level": "INFO", "component": "o.e.p.PluginsService", "cluster.name": "tpotcluster", "node.name": "tpotcluster-node-01", "message": "loaded module [kibana]" }
{"type": "server", "timestamp": "2022-03-29T03:07:16,347Z", "level": "INFO", "component": "o.e.p.PluginsService", "cluster.name": "tpotcluster", "node.name": "tpotcluster-node-01", "message": "loaded module [lang-expression]" }
{"type": "server", "timestamp": "2022-03-29T03:07:16,348Z", "level": "INFO", "component": "o.e.p.PluginsService", "cluster.name": "tpotcluster", "node.name": "tpotcluster-node-01", "message": "loaded module [lang-mustache]" }
{"type": "server", "timestamp": "2022-03-29T03:07:16,348Z", "level": "INFO", "component": "o.e.p.PluginsService", "cluster.name": "tpotcluster", "node.name": "tpotcluster-node-01", "message": "loaded module [lang-painless]" }
{"type": "server", "timestamp": "2022-03-29T03:07:16,349Z", "level": "INFO", "component": "o.e.p.PluginsService", "cluster.name": "tpotcluster", "node.name": "tpotcluster-node-01", "message": "loaded module [legacy-geo]" }
{"type": "server", "timestamp": "2022-03-29T03:07:16,351Z", "level": "INFO", "component": "o.e.p.PluginsService", "cluster.name": "tpotcluster", "node.name": "tpotcluster-node-01", "message": "loaded module [mapper-extras]" }
{"type": "server", "timestamp": "2022-03-29T03:07:16,352Z", "level": "INFO", "component": "o.e.p.PluginsService", "cluster.name": "tpotcluster", "node.name": "tpotcluster-node-01", "message": "loaded module [mapper-version]" }
{"type": "server", "timestamp": "2022-03-29T03:07:16,353Z", "level": "INFO", "component": "o.e.p.PluginsService", "cluster.name": "tpotcluster", "node.name": "tpotcluster-node-01", "message": "loaded module [parent-join]" }
{"type": "server", "timestamp": "2022-03-29T03:07:16,355Z", "level": "INFO", "component": "o.e.p.PluginsService", "cluster.name": "tpotcluster", "node.name": "tpotcluster-node-01", "message": "loaded module [percolator]" }
{"type": "server", "timestamp": "2022-03-29T03:07:16,356Z", "level": "INFO", "component": "o.e.p.PluginsService", "cluster.name": "tpotcluster", "node.name": "tpotcluster-node-01", "message": "loaded module [rank-eval]" }
{"type": "server", "timestamp": "2022-03-29T03:07:16,356Z", "level": "INFO", "component": "o.e.p.PluginsService", "cluster.name": "tpotcluster", "node.name": "tpotcluster-node-01", "message": "loaded module [reindex]" }
{"type": "server", "timestamp": "2022-03-29T03:07:16,357Z", "level": "INFO", "component": "o.e.p.PluginsService", "cluster.name": "tpotcluster", "node.name": "tpotcluster-node-01", "message": "loaded module [repositories-metering-api]" }
{"type": "server", "timestamp": "2022-03-29T03:07:16,359Z", "level": "INFO", "component": "o.e.p.PluginsService", "cluster.name": "tpotcluster", "node.name": "tpotcluster-node-01", "message": "loaded module [repository-encrypted]" }
{"type": "server", "timestamp": "2022-03-29T03:07:16,360Z", "level": "INFO", "component": "o.e.p.PluginsService", "cluster.name": "tpotcluster", "node.name": "tpotcluster-node-01", "message": "loaded module [repository-url]" }
{"type": "server", "timestamp": "2022-03-29T03:07:16,361Z", "level": "INFO", "component": "o.e.p.PluginsService", "cluster.name": "tpotcluster", "node.name": "tpotcluster-node-01", "message": "loaded module [runtime-fields-common]" }
{"type": "server", "timestamp": "2022-03-29T03:07:16,362Z", "level": "INFO", "component": "o.e.p.PluginsService", "cluster.name": "tpotcluster", "node.name": "tpotcluster-node-01", "message": "loaded module [search-business-rules]" }
{"type": "server", "timestamp": "2022-03-29T03:07:16,363Z", "level": "INFO", "component": "o.e.p.PluginsService", "cluster.name": "tpotcluster", "node.name": "tpotcluster-node-01", "message": "loaded module [searchable-snapshots]" }
{"type": "server", "timestamp": "2022-03-29T03:07:16,365Z", "level": "INFO", "component": "o.e.p.PluginsService", "cluster.name": "tpotcluster", "node.name": "tpotcluster-node-01", "message": "loaded module [snapshot-repo-test-kit]" }
{"type": "server", "timestamp": "2022-03-29T03:07:16,366Z", "level": "INFO", "component": "o.e.p.PluginsService", "cluster.name": "tpotcluster", "node.name": "tpotcluster-node-01", "message": "loaded module [spatial]" }
{"type": "server", "timestamp": "2022-03-29T03:07:16,367Z", "level": "INFO", "component": "o.e.p.PluginsService", "cluster.name": "tpotcluster", "node.name": "tpotcluster-node-01", "message": "loaded module [transform]" }
{"type": "server", "timestamp": "2022-03-29T03:07:16,367Z", "level": "INFO", "component": "o.e.p.PluginsService", "cluster.name": "tpotcluster", "node.name": "tpotcluster-node-01", "message": "loaded module [transport-netty4]" }
{"type": "server", "timestamp": "2022-03-29T03:07:16,368Z", "level": "INFO", "component": "o.e.p.PluginsService", "cluster.name": "tpotcluster", "node.name": "tpotcluster-node-01", "message": "loaded module [unsigned-long]" }
{"type": "server", "timestamp": "2022-03-29T03:07:16,370Z", "level": "INFO", "component": "o.e.p.PluginsService", "cluster.name": "tpotcluster", "node.name": "tpotcluster-node-01", "message": "loaded module [vector-tile]" }
{"type": "server", "timestamp": "2022-03-29T03:07:16,371Z", "level": "INFO", "component": "o.e.p.PluginsService", "cluster.name": "tpotcluster", "node.name": "tpotcluster-node-01", "message": "loaded module [vectors]" }
{"type": "server", "timestamp": "2022-03-29T03:07:16,372Z", "level": "INFO", "component": "o.e.p.PluginsService", "cluster.name": "tpotcluster", "node.name": "tpotcluster-node-01", "message": "loaded module [wildcard]" }
{"type": "server", "timestamp": "2022-03-29T03:07:16,374Z", "level": "INFO", "component": "o.e.p.PluginsService", "cluster.name": "tpotcluster", "node.name": "tpotcluster-node-01", "message": "loaded module [x-pack-aggregate-metric]" }
{"type": "server", "timestamp": "2022-03-29T03:07:16,375Z", "level": "INFO", "component": "o.e.p.PluginsService", "cluster.name": "tpotcluster", "node.name": "tpotcluster-node-01", "message": "loaded module [x-pack-analytics]" }
{"type": "server", "timestamp": "2022-03-29T03:07:16,376Z", "level": "INFO", "component": "o.e.p.PluginsService", "cluster.name": "tpotcluster", "node.name": "tpotcluster-node-01", "message": "loaded module [x-pack-async]" }
{"type": "server", "timestamp": "2022-03-29T03:07:16,377Z", "level": "INFO", "component": "o.e.p.PluginsService", "cluster.name": "tpotcluster", "node.name": "tpotcluster-node-01", "message": "loaded module [x-pack-async-search]" }
{"type": "server", "timestamp": "2022-03-29T03:07:16,377Z", "level": "INFO", "component": "o.e.p.PluginsService", "cluster.name": "tpotcluster", "node.name": "tpotcluster-node-01", "message": "loaded module [x-pack-autoscaling]" }
{"type": "server", "timestamp": "2022-03-29T03:07:16,378Z", "level": "INFO", "component": "o.e.p.PluginsService", "cluster.name": "tpotcluster", "node.name": "tpotcluster-node-01", "message": "loaded module [x-pack-ccr]" }
{"type": "server", "timestamp": "2022-03-29T03:07:16,380Z", "level": "INFO", "component": "o.e.p.PluginsService", "cluster.name": "tpotcluster", "node.name": "tpotcluster-node-01", "message": "loaded module [x-pack-core]" }
{"type": "server", "timestamp": "2022-03-29T03:07:16,381Z", "level": "INFO", "component": "o.e.p.PluginsService", "cluster.name": "tpotcluster", "node.name": "tpotcluster-node-01", "message": "loaded module [x-pack-data-streams]" }
{"type": "server", "timestamp": "2022-03-29T03:07:16,385Z", "level": "INFO", "component": "o.e.p.PluginsService", "cluster.name": "tpotcluster", "node.name": "tpotcluster-node-01", "message": "loaded module [x-pack-deprecation]" }
{"type": "server", "timestamp": "2022-03-29T03:07:16,386Z", "level": "INFO", "component": "o.e.p.PluginsService", "cluster.name": "tpotcluster", "node.name": "tpotcluster-node-01", "message": "loaded module [x-pack-enrich]" }
{"type": "server", "timestamp": "2022-03-29T03:07:16,387Z", "level": "INFO", "component": "o.e.p.PluginsService", "cluster.name": "tpotcluster", "node.name": "tpotcluster-node-01", "message": "loaded module [x-pack-eql]" }
{"type": "server", "timestamp": "2022-03-29T03:07:16,387Z", "level": "INFO", "component": "o.e.p.PluginsService", "cluster.name": "tpotcluster", "node.name": "tpotcluster-node-01", "message": "loaded module [x-pack-fleet]" }
{"type": "server", "timestamp": "2022-03-29T03:07:16,388Z", "level": "INFO", "component": "o.e.p.PluginsService", "cluster.name": "tpotcluster", "node.name": "tpotcluster-node-01", "message": "loaded module [x-pack-graph]" }
{"type": "server", "timestamp": "2022-03-29T03:07:16,389Z", "level": "INFO", "component": "o.e.p.PluginsService", "cluster.name": "tpotcluster", "node.name": "tpotcluster-node-01", "message": "loaded module [x-pack-identity-provider]" }
{"type": "server", "timestamp": "2022-03-29T03:07:16,390Z", "level": "INFO", "component": "o.e.p.PluginsService", "cluster.name": "tpotcluster", "node.name": "tpotcluster-node-01", "message": "loaded module [x-pack-ilm]" }
{"type": "server", "timestamp": "2022-03-29T03:07:16,390Z", "level": "INFO", "component": "o.e.p.PluginsService", "cluster.name": "tpotcluster", "node.name": "tpotcluster-node-01", "message": "loaded module [x-pack-logstash]" }
{"type": "server", "timestamp": "2022-03-29T03:07:16,392Z", "level": "INFO", "component": "o.e.p.PluginsService", "cluster.name": "tpotcluster", "node.name": "tpotcluster-node-01", "message": "loaded module [x-pack-monitoring]" }
{"type": "server", "timestamp": "2022-03-29T03:07:16,392Z", "level": "INFO", "component": "o.e.p.PluginsService", "cluster.name": "tpotcluster", "node.name": "tpotcluster-node-01", "message": "loaded module [x-pack-ql]" }
{"type": "server", "timestamp": "2022-03-29T03:07:16,393Z", "level": "INFO", "component": "o.e.p.PluginsService", "cluster.name": "tpotcluster", "node.name": "tpotcluster-node-01", "message": "loaded module [x-pack-rollup]" }
{"type": "server", "timestamp": "2022-03-29T03:07:16,393Z", "level": "INFO", "component": "o.e.p.PluginsService", "cluster.name": "tpotcluster", "node.name": "tpotcluster-node-01", "message": "loaded module [x-pack-security]" }
{"type": "server", "timestamp": "2022-03-29T03:07:16,394Z", "level": "INFO", "component": "o.e.p.PluginsService", "cluster.name": "tpotcluster", "node.name": "tpotcluster-node-01", "message": "loaded module [x-pack-shutdown]" }
{"type": "server", "timestamp": "2022-03-29T03:07:16,395Z", "level": "INFO", "component": "o.e.p.PluginsService", "cluster.name": "tpotcluster", "node.name": "tpotcluster-node-01", "message": "loaded module [x-pack-sql]" }
{"type": "server", "timestamp": "2022-03-29T03:07:16,398Z", "level": "INFO", "component": "o.e.p.PluginsService", "cluster.name": "tpotcluster", "node.name": "tpotcluster-node-01", "message": "loaded module [x-pack-stack]" }
{"type": "server", "timestamp": "2022-03-29T03:07:16,398Z", "level": "INFO", "component": "o.e.p.PluginsService", "cluster.name": "tpotcluster", "node.name": "tpotcluster-node-01", "message": "loaded module [x-pack-text-structure]" }
{"type": "server", "timestamp": "2022-03-29T03:07:16,400Z", "level": "INFO", "component": "o.e.p.PluginsService", "cluster.name": "tpotcluster", "node.name": "tpotcluster-node-01", "message": "loaded module [x-pack-voting-only-node]" }
{"type": "server", "timestamp": "2022-03-29T03:07:16,401Z", "level": "INFO", "component": "o.e.p.PluginsService", "cluster.name": "tpotcluster", "node.name": "tpotcluster-node-01", "message": "loaded module [x-pack-watcher]" }
{"type": "server", "timestamp": "2022-03-29T03:07:16,402Z", "level": "INFO", "component": "o.e.p.PluginsService", "cluster.name": "tpotcluster", "node.name": "tpotcluster-node-01", "message": "no plugins loaded" }
{"type": "server", "timestamp": "2022-03-29T03:07:16,489Z", "level": "INFO", "component": "o.e.e.NodeEnvironment", "cluster.name": "tpotcluster", "node.name": "tpotcluster-node-01", "message": "using [1] data paths, mounts [[/data (/dev/sda1)]], net usable_space [103.6gb], net total_space [125.8gb], types [ext4]" }
{"type": "server", "timestamp": "2022-03-29T03:07:16,490Z", "level": "INFO", "component": "o.e.e.NodeEnvironment", "cluster.name": "tpotcluster", "node.name": "tpotcluster-node-01", "message": "heap size [2gb], compressed ordinary object pointers [true]" }
{"type": "server", "timestamp": "2022-03-29T03:07:16,875Z", "level": "INFO", "component": "o.e.n.Node", "cluster.name": "tpotcluster", "node.name": "tpotcluster-node-01", "message": "node name [tpotcluster-node-01], node ID [t9hfPgy_RyC9LOJUxQUrSQ], cluster name [tpotcluster], roles [transform, data_frozen, master, remote_cluster_client, data, data_content, data_hot, data_warm, data_cold, ingest]" }
{"type": "server", "timestamp": "2022-03-29T03:07:31,606Z", "level": "INFO", "component": "o.e.i.g.ConfigDatabases", "cluster.name": "tpotcluster", "node.name": "tpotcluster-node-01", "message": "initialized default databases [[GeoLite2-Country.mmdb, GeoLite2-City.mmdb, GeoLite2-ASN.mmdb]], config databases [[]] and watching [/usr/share/elasticsearch/config/ingest-geoip] for changes" }
{"type": "server", "timestamp": "2022-03-29T03:07:31,612Z", "level": "INFO", "component": "o.e.i.g.DatabaseNodeService", "cluster.name": "tpotcluster", "node.name": "tpotcluster-node-01", "message": "initialized database registry, using geoip-databases directory [/tmp/geoip-databases/t9hfPgy_RyC9LOJUxQUrSQ]" }
{"type": "server", "timestamp": "2022-03-29T03:07:34,015Z", "level": "INFO", "component": "o.e.t.NettyAllocator", "cluster.name": "tpotcluster", "node.name": "tpotcluster-node-01", "message": "creating NettyAllocator with the following configs: [name=elasticsearch_configured, chunk_size=1mb, suggested_max_allocation_size=1mb, factors={es.unsafe.use_netty_default_chunk_and_page_size=false, g1gc_enabled=true, g1gc_region_size=4mb}]" }
{"type": "server", "timestamp": "2022-03-29T03:07:36,314Z", "level": "INFO", "component": "o.e.d.DiscoveryModule", "cluster.name": "tpotcluster", "node.name": "tpotcluster-node-01", "message": "using discovery type [single-node] and seed hosts providers [settings]" }
{"type": "server", "timestamp": "2022-03-29T03:07:38,729Z", "level": "INFO", "component": "o.e.g.DanglingIndicesState", "cluster.name": "tpotcluster", "node.name": "tpotcluster-node-01", "message": "gateway.auto_import_dangling_indices is disabled, dangling indices will not be automatically detected or imported and must be managed manually" }
{"type": "server", "timestamp": "2022-03-29T03:07:43,741Z", "level": "INFO", "component": "o.e.n.Node", "cluster.name": "tpotcluster", "node.name": "tpotcluster-node-01", "message": "initialized" }
{"type": "server", "timestamp": "2022-03-29T03:07:43,748Z", "level": "INFO", "component": "o.e.n.Node", "cluster.name": "tpotcluster", "node.name": "tpotcluster-node-01", "message": "starting ..." }
{"type": "server", "timestamp": "2022-03-29T03:07:43,885Z", "level": "INFO", "component": "o.e.x.s.c.f.PersistentCache", "cluster.name": "tpotcluster", "node.name": "tpotcluster-node-01", "message": "persistent cache index loaded" }
{"type": "server", "timestamp": "2022-03-29T03:07:43,887Z", "level": "INFO", "component": "o.e.x.d.l.DeprecationIndexingComponent", "cluster.name": "tpotcluster", "node.name": "tpotcluster-node-01", "message": "deprecation component started" }
{"type": "server", "timestamp": "2022-03-29T03:07:44,537Z", "level": "INFO", "component": "o.e.t.TransportService", "cluster.name": "tpotcluster", "node.name": "tpotcluster-node-01", "message": "publish_address {127.0.0.1:9300}, bound_addresses {127.0.0.1:9300}" }
{"type": "server", "timestamp": "2022-03-29T03:08:02,019Z", "level": "WARN", "component": "o.e.t.ThreadPool", "cluster.name": "tpotcluster", "node.name": "tpotcluster-node-01", "message": "execution of [ReschedulingRunnable{runnable=org.elasticsearch.monitor.jvm.JvmGcMonitorService$1@767f605d, interval=1s}] took [5859ms] which is above the warn threshold of [5000ms]" }
{"type": "server", "timestamp": "2022-03-29T03:08:57,760Z", "level": "WARN", "component": "o.e.t.ThreadPool", "cluster.name": "tpotcluster", "node.name": "tpotcluster-node-01", "message": "execution of [org.elasticsearch.indices.IndicesService$CacheCleaner@398115be] took [11029ms] which is above the warn threshold of [5000ms]" }
{"type": "server", "timestamp": "2022-03-29T03:09:21,114Z", "level": "WARN", "component": "o.e.t.ThreadPool", "cluster.name": "tpotcluster", "node.name": "tpotcluster-node-01", "message": "execution of [ReschedulingRunnable{runnable=org.elasticsearch.monitor.jvm.JvmGcMonitorService$1@767f605d, interval=1s}] took [7242ms] which is above the warn threshold of [5000ms]" }
{"type": "server", "timestamp": "2022-03-29T03:09:42,954Z", "level": "WARN", "component": "o.e.t.ThreadPool", "cluster.name": "tpotcluster", "node.name": "tpotcluster-node-01", "message": "execution of [ReschedulingRunnable{runnable=org.elasticsearch.monitor.jvm.JvmGcMonitorService$1@767f605d, interval=1s}] took [10806ms] which is above the warn threshold of [5000ms]" }
{"type": "server", "timestamp": "2022-03-29T03:10:05,495Z", "level": "WARN", "component": "o.e.t.ThreadPool", "cluster.name": "tpotcluster", "node.name": "tpotcluster-node-01", "message": "execution of [ReschedulingRunnable{runnable=org.elasticsearch.monitor.jvm.JvmGcMonitorService$1@767f605d, interval=1s}] took [7004ms] which is above the warn threshold of [5000ms]" }
{"type": "server", "timestamp": "2022-03-29T03:10:28,318Z", "level": "WARN", "component": "o.e.t.ThreadPool", "cluster.name": "tpotcluster", "node.name": "tpotcluster-node-01", "message": "execution of [ReschedulingRunnable{runnable=org.elasticsearch.monitor.jvm.JvmGcMonitorService$1@767f605d, interval=1s}] took [6149ms] which is above the warn threshold of [5000ms]" }
{"type": "server", "timestamp": "2022-03-29T03:10:25,638Z", "level": "WARN", "component": "o.e.m.f.FsHealthService", "cluster.name": "tpotcluster", "node.name": "tpotcluster-node-01", "message": "health check of [/data/elk/data/nodes/0] took [9597ms] which is above the warn threshold of [5s]" }
{"type": "server", "timestamp": "2022-03-29T03:10:45,386Z", "level": "WARN", "component": "o.e.t.ThreadPool", "cluster.name": "tpotcluster", "node.name": "tpotcluster-node-01", "message": "execution of [ReschedulingRunnable{runnable=org.elasticsearch.monitor.jvm.JvmGcMonitorService$1@767f605d, interval=1s}] took [9606ms] which is above the warn threshold of [5000ms]" }
{"type": "server", "timestamp": "2022-03-29T03:11:01,311Z", "level": "WARN", "component": "o.e.t.ThreadPool", "cluster.name": "tpotcluster", "node.name": "tpotcluster-node-01", "message": "execution of [ReschedulingRunnable{runnable=org.elasticsearch.monitor.jvm.JvmGcMonitorService$1@767f605d, interval=1s}] took [5484ms] which is above the warn threshold of [5000ms]" }
{"type": "server", "timestamp": "2022-03-29T03:11:12,982Z", "level": "WARN", "component": "o.e.t.ThreadPool", "cluster.name": "tpotcluster", "node.name": "tpotcluster-node-01", "message": "execution of [ReschedulingRunnable{runnable=org.elasticsearch.monitor.jvm.JvmGcMonitorService$1@767f605d, interval=1s}] took [5603ms] which is above the warn threshold of [5000ms]" }
{"type": "server", "timestamp": "2022-03-29T03:11:26,699Z", "level": "WARN", "component": "o.e.t.ThreadPool", "cluster.name": "tpotcluster", "node.name": "tpotcluster-node-01", "message": "execution of [ReschedulingRunnable{runnable=org.elasticsearch.monitor.jvm.JvmGcMonitorService$1@767f605d, interval=1s}] took [5808ms] which is above the warn threshold of [5000ms]" }
{"type": "server", "timestamp": "2022-03-29T03:13:01,621Z", "level": "WARN", "component": "o.e.t.ThreadPool", "cluster.name": "tpotcluster", "node.name": "tpotcluster-node-01", "message": "execution of [ReschedulingRunnable{runnable=org.elasticsearch.monitor.jvm.JvmGcMonitorService$1@767f605d, interval=1s}] took [38032ms] which is above the warn threshold of [5000ms]" }
{"type": "server", "timestamp": "2022-03-29T03:13:38,416Z", "level": "WARN", "component": "o.e.t.ThreadPool", "cluster.name": "tpotcluster", "node.name": "tpotcluster-node-01", "message": "execution of [ReschedulingRunnable{runnable=org.elasticsearch.indices.IndexingMemoryController$ShardsIndicesStatusChecker@646aedfa, interval=5s}] took [5961ms] which is above the warn threshold of [5000ms]" }
{"type": "server", "timestamp": "2022-03-29T03:16:14,298Z", "level": "WARN", "component": "o.e.t.ThreadPool", "cluster.name": "tpotcluster", "node.name": "tpotcluster-node-01", "message": "execution of [ReschedulingRunnable{runnable=org.elasticsearch.watcher.ResourceWatcherService$ResourceMonitor@7f99b2d2, interval=5s}] took [40546ms] which is above the warn threshold of [5000ms]" }
{"type": "server", "timestamp": "2022-03-29T03:19:59,992Z", "level": "WARN", "component": "o.e.t.ThreadPool", "cluster.name": "tpotcluster", "node.name": "tpotcluster-node-01", "message": "execution of [ReschedulingRunnable{runnable=org.elasticsearch.monitor.jvm.JvmGcMonitorService$1@767f605d, interval=1s}] took [83485ms] which is above the warn threshold of [5000ms]" }
{"type": "server", "timestamp": "2022-03-29T03:19:50,145Z", "level": "WARN", "component": "o.e.m.f.FsHealthService", "cluster.name": "tpotcluster", "node.name": "tpotcluster-node-01", "message": "health check of [/data/elk/data/nodes/0] took [94481ms] which is above the warn threshold of [5s]" }
{"type": "server", "timestamp": "2022-03-29T03:20:37,672Z", "level": "WARN", "component": "o.e.t.ThreadPool", "cluster.name": "tpotcluster", "node.name": "tpotcluster-node-01", "message": "execution of [ReschedulingRunnable{runnable=org.elasticsearch.watcher.ResourceWatcherService$ResourceMonitor@7f99b2d2, interval=5s}] took [6396ms] which is above the warn threshold of [5000ms]" }
{"type": "server", "timestamp": "2022-03-29T03:21:37,886Z", "level": "WARN", "component": "o.e.t.ThreadPool", "cluster.name": "tpotcluster", "node.name": "tpotcluster-node-01", "message": "execution of [ReschedulingRunnable{runnable=org.elasticsearch.monitor.jvm.JvmGcMonitorService$1@767f605d, interval=1s}] took [42602ms] which is above the warn threshold of [5000ms]" }
{"type": "server", "timestamp": "2022-03-29T03:22:18,973Z", "level": "WARN", "component": "o.e.t.ThreadPool", "cluster.name": "tpotcluster", "node.name": "tpotcluster-node-01", "message": "execution of [ReschedulingRunnable{runnable=org.elasticsearch.monitor.jvm.JvmGcMonitorService$1@767f605d, interval=1s}] took [12325ms] which is above the warn threshold of [5000ms]" }
{"type": "server", "timestamp": "2022-03-29T03:23:06,419Z", "level": "WARN", "component": "o.e.t.ThreadPool", "cluster.name": "tpotcluster", "node.name": "tpotcluster-node-01", "message": "execution of [ReschedulingRunnable{runnable=org.elasticsearch.monitor.jvm.JvmGcMonitorService$1@767f605d, interval=1s}] took [30931ms] which is above the warn threshold of [5000ms]" }
{"type": "server", "timestamp": "2022-03-29T03:24:05,332Z", "level": "WARN", "component": "o.e.m.f.FsHealthService", "cluster.name": "tpotcluster", "node.name": "tpotcluster-node-01", "message": "health check of [/data/elk/data/nodes/0] took [26489ms] which is above the warn threshold of [5s]" }
{"type": "server", "timestamp": "2022-03-29T03:24:09,304Z", "level": "WARN", "component": "o.e.t.ThreadPool", "cluster.name": "tpotcluster", "node.name": "tpotcluster-node-01", "message": "timer thread slept for [11.1s/11162ms] on absolute clock which is above the warn threshold of [5000ms]" }
{"type": "server", "timestamp": "2022-03-29T03:24:32,035Z", "level": "WARN", "component": "o.e.t.ThreadPool", "cluster.name": "tpotcluster", "node.name": "tpotcluster-node-01", "message": "execution of [ReschedulingRunnable{runnable=org.elasticsearch.monitor.jvm.JvmGcMonitorService$1@767f605d, interval=1s}] took [23687ms] which is above the warn threshold of [5000ms]" }
{"type": "server", "timestamp": "2022-03-29T03:25:03,859Z", "level": "WARN", "component": "o.e.t.ThreadPool", "cluster.name": "tpotcluster", "node.name": "tpotcluster-node-01", "message": "timer thread slept for [11.1s/11161483891ns] on relative clock which is above the warn threshold of [5000ms]" }
{"type": "server", "timestamp": "2022-03-29T03:25:17,773Z", "level": "WARN", "component": "o.e.t.ThreadPool", "cluster.name": "tpotcluster", "node.name": "tpotcluster-node-01", "message": "timer thread slept for [1.3m/79343ms] on absolute clock which is above the warn threshold of [5000ms]" }
{"type": "server", "timestamp": "2022-03-29T03:25:29,559Z", "level": "WARN", "component": "o.e.t.ThreadPool", "cluster.name": "tpotcluster", "node.name": "tpotcluster-node-01", "message": "timer thread slept for [1.3m/79343124036ns] on relative clock which is above the warn threshold of [5000ms]" }
{"type": "server", "timestamp": "2022-03-29T03:25:42,055Z", "level": "WARN", "component": "o.e.t.ThreadPool", "cluster.name": "tpotcluster", "node.name": "tpotcluster-node-01", "message": "timer thread slept for [24.7s/24764ms] on absolute clock which is above the warn threshold of [5000ms]" }
{"type": "server", "timestamp": "2022-03-29T03:25:38,484Z", "level": "WARN", "component": "o.e.t.ThreadPool", "cluster.name": "tpotcluster", "node.name": "tpotcluster-node-01", "message": "execution of [ReschedulingRunnable{runnable=org.elasticsearch.monitor.jvm.JvmGcMonitorService$1@767f605d, interval=1s}] took [79343ms] which is above the warn threshold of [5000ms]" }
{"type": "server", "timestamp": "2022-03-29T03:25:50,966Z", "level": "WARN", "component": "o.e.t.ThreadPool", "cluster.name": "tpotcluster", "node.name": "tpotcluster-node-01", "message": "timer thread slept for [24.7s/24763936888ns] on relative clock which is above the warn threshold of [5000ms]" }
{"type": "server", "timestamp": "2022-03-29T03:26:02,091Z", "level": "WARN", "component": "o.e.t.ThreadPool", "cluster.name": "tpotcluster", "node.name": "tpotcluster-node-01", "message": "timer thread slept for [19.9s/19946ms] on absolute clock which is above the warn threshold of [5000ms]" }
{"type": "server", "timestamp": "2022-03-29T03:26:02,731Z", "level": "WARN", "component": "o.e.t.ThreadPool", "cluster.name": "tpotcluster", "node.name": "tpotcluster-node-01", "message": "execution of [ReschedulingRunnable{runnable=org.elasticsearch.watcher.ResourceWatcherService$ResourceMonitor@7f99b2d2, interval=5s}] took [19946ms] which is above the warn threshold of [5000ms]" }
{"type": "server", "timestamp": "2022-03-29T03:26:12,464Z", "level": "WARN", "component": "o.e.t.ThreadPool", "cluster.name": "tpotcluster", "node.name": "tpotcluster-node-01", "message": "timer thread slept for [19.9s/19946505707ns] on relative clock which is above the warn threshold of [5000ms]" }
{"type": "server", "timestamp": "2022-03-29T03:26:25,135Z", "level": "WARN", "component": "o.e.t.ThreadPool", "cluster.name": "tpotcluster", "node.name": "tpotcluster-node-01", "message": "timer thread slept for [22.6s/22695ms] on absolute clock which is above the warn threshold of [5000ms]" }
{"type": "server", "timestamp": "2022-03-29T03:26:35,870Z", "level": "WARN", "component": "o.e.t.ThreadPool", "cluster.name": "tpotcluster", "node.name": "tpotcluster-node-01", "message": "timer thread slept for [22.6s/22695058496ns] on relative clock which is above the warn threshold of [5000ms]" }
{"type": "server", "timestamp": "2022-03-29T03:26:44,790Z", "level": "WARN", "component": "o.e.t.ThreadPool", "cluster.name": "tpotcluster", "node.name": "tpotcluster-node-01", "message": "timer thread slept for [20.7s/20797ms] on absolute clock which is above the warn threshold of [5000ms]" }
{"type": "server", "timestamp": "2022-03-29T03:26:50,265Z", "level": "WARN", "component": "o.e.t.ThreadPool", "cluster.name": "tpotcluster", "node.name": "tpotcluster-node-01", "message": "execution of [ReschedulingRunnable{runnable=org.elasticsearch.monitor.jvm.JvmGcMonitorService$1@767f605d, interval=1s}] took [43491ms] which is above the warn threshold of [5000ms]" }
{"type": "server", "timestamp": "2022-03-29T03:26:53,323Z", "level": "WARN", "component": "o.e.t.ThreadPool", "cluster.name": "tpotcluster", "node.name": "tpotcluster-node-01", "message": "timer thread slept for [20.7s/20796434931ns] on relative clock which is above the warn threshold of [5000ms]" }
{"type": "server", "timestamp": "2022-03-29T03:27:00,801Z", "level": "WARN", "component": "o.e.t.ThreadPool", "cluster.name": "tpotcluster", "node.name": "tpotcluster-node-01", "message": "timer thread slept for [16s/16083ms] on absolute clock which is above the warn threshold of [5000ms]" }
{"type": "server", "timestamp": "2022-03-29T03:27:01,987Z", "level": "WARN", "component": "o.e.t.ThreadPool", "cluster.name": "tpotcluster", "node.name": "tpotcluster-node-01", "message": "execution of [ReschedulingRunnable{runnable=org.elasticsearch.watcher.ResourceWatcherService$ResourceMonitor@430c934f, interval=1m}] took [16083ms] which is above the warn threshold of [5000ms]" }
{"type": "server", "timestamp": "2022-03-29T03:27:10,169Z", "level": "WARN", "component": "o.e.t.ThreadPool", "cluster.name": "tpotcluster", "node.name": "tpotcluster-node-01", "message": "timer thread slept for [16s/16083290578ns] on relative clock which is above the warn threshold of [5000ms]" }
{"type": "server", "timestamp": "2022-03-29T03:27:20,877Z", "level": "WARN", "component": "o.e.t.ThreadPool", "cluster.name": "tpotcluster", "node.name": "tpotcluster-node-01", "message": "timer thread slept for [19.5s/19570ms] on absolute clock which is above the warn threshold of [5000ms]" }
{"type": "server", "timestamp": "2022-03-29T03:27:23,744Z", "level": "WARN", "component": "o.e.t.ThreadPool", "cluster.name": "tpotcluster", "node.name": "tpotcluster-node-01", "message": "execution of [ReschedulingRunnable{runnable=org.elasticsearch.watcher.ResourceWatcherService$ResourceMonitor@7f99b2d2, interval=5s}] took [19569ms] which is above the warn threshold of [5000ms]" }
{"type": "server", "timestamp": "2022-03-29T03:27:31,526Z", "level": "WARN", "component": "o.e.t.ThreadPool", "cluster.name": "tpotcluster", "node.name": "tpotcluster-node-01", "message": "timer thread slept for [19.5s/19569527119ns] on relative clock which is above the warn threshold of [5000ms]" }
{"type": "server", "timestamp": "2022-03-29T03:27:39,008Z", "level": "WARN", "component": "o.e.t.ThreadPool", "cluster.name": "tpotcluster", "node.name": "tpotcluster-node-01", "message": "timer thread slept for [18.6s/18675ms] on absolute clock which is above the warn threshold of [5000ms]" }
{"type": "server", "timestamp": "2022-03-29T03:27:47,233Z", "level": "WARN", "component": "o.e.t.ThreadPool", "cluster.name": "tpotcluster", "node.name": "tpotcluster-node-01", "message": "timer thread slept for [18.6s/18675149083ns] on relative clock which is above the warn threshold of [5000ms]" }
{"type": "server", "timestamp": "2022-03-29T03:27:57,288Z", "level": "WARN", "component": "o.e.t.ThreadPool", "cluster.name": "tpotcluster", "node.name": "tpotcluster-node-01", "message": "timer thread slept for [17.7s/17765ms] on absolute clock which is above the warn threshold of [5000ms]" }
{"type": "server", "timestamp": "2022-03-29T03:27:59,832Z", "level": "WARN", "component": "o.e.t.ThreadPool", "cluster.name": "tpotcluster", "node.name": "tpotcluster-node-01", "message": "execution of [ReschedulingRunnable{runnable=org.elasticsearch.monitor.jvm.JvmGcMonitorService$1@767f605d, interval=1s}] took [36440ms] which is above the warn threshold of [5000ms]" }
{"type": "server", "timestamp": "2022-03-29T03:28:07,641Z", "level": "WARN", "component": "o.e.t.ThreadPool", "cluster.name": "tpotcluster", "node.name": "tpotcluster-node-01", "message": "timer thread slept for [17.7s/17765484221ns] on relative clock which is above the warn threshold of [5000ms]" }
{"type": "server", "timestamp": "2022-03-29T03:28:18,990Z", "level": "WARN", "component": "o.e.t.ThreadPool", "cluster.name": "tpotcluster", "node.name": "tpotcluster-node-01", "message": "timer thread slept for [20.2s/20202ms] on absolute clock which is above the warn threshold of [5000ms]" }
{"type": "server", "timestamp": "2022-03-29T03:28:18,991Z", "level": "WARN", "component": "o.e.t.ThreadPool", "cluster.name": "tpotcluster", "node.name": "tpotcluster-node-01", "message": "execution of [ReschedulingRunnable{runnable=org.elasticsearch.indices.IndexingMemoryController$ShardsIndicesStatusChecker@646aedfa, interval=5s}] took [20201ms] which is above the warn threshold of [5000ms]" }
{"type": "server", "timestamp": "2022-03-29T03:28:27,919Z", "level": "WARN", "component": "o.e.t.ThreadPool", "cluster.name": "tpotcluster", "node.name": "tpotcluster-node-01", "message": "timer thread slept for [20.2s/20201923492ns] on relative clock which is above the warn threshold of [5000ms]" }
{"type": "server", "timestamp": "2022-03-29T03:28:31,665Z", "level": "WARN", "component": "o.e.m.f.FsHealthService", "cluster.name": "tpotcluster", "node.name": "tpotcluster-node-01", "message": "health check of [/data/elk/data/nodes/0] took [20202ms] which is above the warn threshold of [5s]" }
{"type": "server", "timestamp": "2022-03-29T03:28:37,979Z", "level": "WARN", "component": "o.e.t.ThreadPool", "cluster.name": "tpotcluster", "node.name": "tpotcluster-node-01", "message": "timer thread slept for [20.3s/20315ms] on absolute clock which is above the warn threshold of [5000ms]" }
{"type": "server", "timestamp": "2022-03-29T03:28:48,474Z", "level": "WARN", "component": "o.e.t.ThreadPool", "cluster.name": "tpotcluster", "node.name": "tpotcluster-node-01", "message": "timer thread slept for [20.3s/20314416752ns] on relative clock which is above the warn threshold of [5000ms]" }
{"type": "server", "timestamp": "2022-03-29T03:28:50,698Z", "level": "WARN", "component": "o.e.t.ThreadPool", "cluster.name": "tpotcluster", "node.name": "tpotcluster-node-01", "message": "execution of [ReschedulingRunnable{runnable=org.elasticsearch.monitor.jvm.JvmGcMonitorService$1@767f605d, interval=1s}] took [20314ms] which is above the warn threshold of [5000ms]" }
{"type": "server", "timestamp": "2022-03-29T03:28:56,630Z", "level": "WARN", "component": "o.e.t.ThreadPool", "cluster.name": "tpotcluster", "node.name": "tpotcluster-node-01", "message": "timer thread slept for [19.4s/19405ms] on absolute clock which is above the warn threshold of [5000ms]" }
{"type": "server", "timestamp": "2022-03-29T03:29:04,936Z", "level": "WARN", "component": "o.e.t.ThreadPool", "cluster.name": "tpotcluster", "node.name": "tpotcluster-node-01", "message": "timer thread slept for [19.4s/19405727056ns] on relative clock which is above the warn threshold of [5000ms]" }
{"type": "server", "timestamp": "2022-03-29T03:29:13,013Z", "level": "WARN", "component": "o.e.t.ThreadPool", "cluster.name": "tpotcluster", "node.name": "tpotcluster-node-01", "message": "timer thread slept for [16.1s/16199ms] on absolute clock which is above the warn threshold of [5000ms]" }
{"type": "server", "timestamp": "2022-03-29T03:29:20,902Z", "level": "WARN", "component": "o.e.t.ThreadPool", "cluster.name": "tpotcluster", "node.name": "tpotcluster-node-01", "message": "execution of [ReschedulingRunnable{runnable=org.elasticsearch.monitor.jvm.JvmGcMonitorService$1@767f605d, interval=1s}] took [16199ms] which is above the warn threshold of [5000ms]" }
{"type": "server", "timestamp": "2022-03-29T03:29:18,954Z", "level": "WARN", "component": "o.e.t.ThreadPool", "cluster.name": "tpotcluster", "node.name": "tpotcluster-node-01", "message": "timer thread slept for [16.1s/16199006411ns] on relative clock which is above the warn threshold of [5000ms]" }
{"type": "server", "timestamp": "2022-03-29T03:29:27,197Z", "level": "WARN", "component": "o.e.t.ThreadPool", "cluster.name": "tpotcluster", "node.name": "tpotcluster-node-01", "message": "timer thread slept for [14.6s/14608ms] on absolute clock which is above the warn threshold of [5000ms]" }
{"type": "server", "timestamp": "2022-03-29T03:29:34,228Z", "level": "WARN", "component": "o.e.t.ThreadPool", "cluster.name": "tpotcluster", "node.name": "tpotcluster-node-01", "message": "timer thread slept for [14.6s/14607565815ns] on relative clock which is above the warn threshold of [5000ms]" }
{"type": "server", "timestamp": "2022-03-29T03:29:40,865Z", "level": "WARN", "component": "o.e.t.ThreadPool", "cluster.name": "tpotcluster", "node.name": "tpotcluster-node-01", "message": "timer thread slept for [13.8s/13883ms] on absolute clock which is above the warn threshold of [5000ms]" }
{"type": "server", "timestamp": "2022-03-29T03:29:44,903Z", "level": "WARN", "component": "o.e.t.ThreadPool", "cluster.name": "tpotcluster", "node.name": "tpotcluster-node-01", "message": "execution of [ReschedulingRunnable{runnable=org.elasticsearch.monitor.jvm.JvmGcMonitorService$1@767f605d, interval=1s}] took [13883ms] which is above the warn threshold of [5000ms]" }
{"type": "server", "timestamp": "2022-03-29T03:29:49,461Z", "level": "WARN", "component": "o.e.t.ThreadPool", "cluster.name": "tpotcluster", "node.name": "tpotcluster-node-01", "message": "timer thread slept for [13.8s/13883279594ns] on relative clock which is above the warn threshold of [5000ms]" }
{"type": "server", "timestamp": "2022-03-29T03:29:56,092Z", "level": "WARN", "component": "o.e.t.ThreadPool", "cluster.name": "tpotcluster", "node.name": "tpotcluster-node-01", "message": "timer thread slept for [14.7s/14713ms] on absolute clock which is above the warn threshold of [5000ms]" }
{"type": "server", "timestamp": "2022-03-29T03:30:02,856Z", "level": "WARN", "component": "o.e.t.ThreadPool", "cluster.name": "tpotcluster", "node.name": "tpotcluster-node-01", "message": "timer thread slept for [14.7s/14713177217ns] on relative clock which is above the warn threshold of [5000ms]" }
{"type": "server", "timestamp": "2022-03-29T03:30:07,631Z", "level": "WARN", "component": "o.e.t.ThreadPool", "cluster.name": "tpotcluster", "node.name": "tpotcluster-node-01", "message": "timer thread slept for [11.6s/11673ms] on absolute clock which is above the warn threshold of [5000ms]" }
{"type": "server", "timestamp": "2022-03-29T03:30:07,631Z", "level": "WARN", "component": "o.e.t.ThreadPool", "cluster.name": "tpotcluster", "node.name": "tpotcluster-node-01", "message": "execution of [ReschedulingRunnable{runnable=org.elasticsearch.watcher.ResourceWatcherService$ResourceMonitor@430c934f, interval=1m}] took [11672ms] which is above the warn threshold of [5000ms]" }
{"type": "server", "timestamp": "2022-03-29T03:30:13,205Z", "level": "WARN", "component": "o.e.t.ThreadPool", "cluster.name": "tpotcluster", "node.name": "tpotcluster-node-01", "message": "timer thread slept for [11.6s/11672257278ns] on relative clock which is above the warn threshold of [5000ms]" }
{"type": "server", "timestamp": "2022-03-29T03:30:21,130Z", "level": "WARN", "component": "o.e.t.ThreadPool", "cluster.name": "tpotcluster", "node.name": "tpotcluster-node-01", "message": "timer thread slept for [13.4s/13446ms] on absolute clock which is above the warn threshold of [5000ms]" }
{"type": "server", "timestamp": "2022-03-29T03:30:22,011Z", "level": "WARN", "component": "o.e.t.ThreadPool", "cluster.name": "tpotcluster", "node.name": "tpotcluster-node-01", "message": "execution of [ReschedulingRunnable{runnable=org.elasticsearch.watcher.ResourceWatcherService$ResourceMonitor@7f99b2d2, interval=5s}] took [13445ms] which is above the warn threshold of [5000ms]" }
{"type": "server", "timestamp": "2022-03-29T03:30:25,545Z", "level": "WARN", "component": "o.e.t.ThreadPool", "cluster.name": "tpotcluster", "node.name": "tpotcluster-node-01", "message": "timer thread slept for [13.4s/13445878624ns] on relative clock which is above the warn threshold of [5000ms]" }
{"type": "server", "timestamp": "2022-03-29T03:30:31,273Z", "level": "WARN", "component": "o.e.t.ThreadPool", "cluster.name": "tpotcluster", "node.name": "tpotcluster-node-01", "message": "timer thread slept for [10.1s/10105ms] on absolute clock which is above the warn threshold of [5000ms]" }
{"type": "server", "timestamp": "2022-03-29T03:30:35,760Z", "level": "WARN", "component": "o.e.t.ThreadPool", "cluster.name": "tpotcluster", "node.name": "tpotcluster-node-01", "message": "timer thread slept for [10.1s/10105106284ns] on relative clock which is above the warn threshold of [5000ms]" }
{"type": "server", "timestamp": "2022-03-29T03:30:35,760Z", "level": "WARN", "component": "o.e.t.ThreadPool", "cluster.name": "tpotcluster", "node.name": "tpotcluster-node-01", "message": "execution of [ReschedulingRunnable{runnable=org.elasticsearch.monitor.jvm.JvmGcMonitorService$1@767f605d, interval=1s}] took [10105ms] which is above the warn threshold of [5000ms]" }
{"type": "server", "timestamp": "2022-03-29T03:30:50,241Z", "level": "WARN", "component": "o.e.t.ThreadPool", "cluster.name": "tpotcluster", "node.name": "tpotcluster-node-01", "message": "timer thread slept for [19s/19031ms] on absolute clock which is above the warn threshold of [5000ms]" }
{"type": "server", "timestamp": "2022-03-29T03:30:58,138Z", "level": "WARN", "component": "o.e.t.ThreadPool", "cluster.name": "tpotcluster", "node.name": "tpotcluster-node-01", "message": "timer thread slept for [19s/19031601477ns] on relative clock which is above the warn threshold of [5000ms]" }
{"type": "server", "timestamp": "2022-03-29T03:31:10,650Z", "level": "WARN", "component": "o.e.t.ThreadPool", "cluster.name": "tpotcluster", "node.name": "tpotcluster-node-01", "message": "timer thread slept for [20.6s/20638ms] on absolute clock which is above the warn threshold of [5000ms]" }
{"type": "server", "timestamp": "2022-03-29T03:31:20,351Z", "level": "WARN", "component": "o.e.t.ThreadPool", "cluster.name": "tpotcluster", "node.name": "tpotcluster-node-01", "message": "timer thread slept for [20.6s/20637983234ns] on relative clock which is above the warn threshold of [5000ms]" }
{"type": "server", "timestamp": "2022-03-29T03:31:22,512Z", "level": "WARN", "component": "o.e.t.ThreadPool", "cluster.name": "tpotcluster", "node.name": "tpotcluster-node-01", "message": "execution of [ReschedulingRunnable{runnable=org.elasticsearch.monitor.jvm.JvmGcMonitorService$1@767f605d, interval=1s}] took [20637ms] which is above the warn threshold of [5000ms]" }
{"type": "server", "timestamp": "2022-03-29T03:31:38,405Z", "level": "WARN", "component": "o.e.t.ThreadPool", "cluster.name": "tpotcluster", "node.name": "tpotcluster-node-01", "message": "timer thread slept for [26s/26050ms] on absolute clock which is above the warn threshold of [5000ms]" }
{"type": "server", "timestamp": "2022-03-29T03:32:00,048Z", "level": "WARN", "component": "o.e.t.ThreadPool", "cluster.name": "tpotcluster", "node.name": "tpotcluster-node-01", "message": "timer thread slept for [26s/26049946844ns] on relative clock which is above the warn threshold of [5000ms]" }
{"type": "server", "timestamp": "2022-03-29T03:32:21,014Z", "level": "WARN", "component": "o.e.t.ThreadPool", "cluster.name": "tpotcluster", "node.name": "tpotcluster-node-01", "message": "timer thread slept for [41.4s/41472ms] on absolute clock which is above the warn threshold of [5000ms]" }
{"type": "server", "timestamp": "2022-03-29T03:32:39,288Z", "level": "WARN", "component": "o.e.t.ThreadPool", "cluster.name": "tpotcluster", "node.name": "tpotcluster-node-01", "message": "timer thread slept for [41.4s/41472240626ns] on relative clock which is above the warn threshold of [5000ms]" }
{"type": "server", "timestamp": "2022-03-29T03:32:54,990Z", "level": "WARN", "component": "o.e.m.f.FsHealthService", "cluster.name": "tpotcluster", "node.name": "tpotcluster-node-01", "message": "health check of [/data/elk/data/nodes/0] took [41472ms] which is above the warn threshold of [5s]" }
{"type": "server", "timestamp": "2022-03-29T03:33:01,553Z", "level": "WARN", "component": "o.e.t.ThreadPool", "cluster.name": "tpotcluster", "node.name": "tpotcluster-node-01", "message": "timer thread slept for [40.5s/40557ms] on absolute clock which is above the warn threshold of [5000ms]" }
{"type": "server", "timestamp": "2022-03-29T03:33:16,593Z", "level": "WARN", "component": "o.e.t.ThreadPool", "cluster.name": "tpotcluster", "node.name": "tpotcluster-node-01", "message": "execution of [ReschedulingRunnable{runnable=org.elasticsearch.monitor.jvm.JvmGcMonitorService$1@767f605d, interval=1s}] took [82028ms] which is above the warn threshold of [5000ms]" }
{"type": "server", "timestamp": "2022-03-29T03:33:27,270Z", "level": "WARN", "component": "o.e.t.ThreadPool", "cluster.name": "tpotcluster", "node.name": "tpotcluster-node-01", "message": "timer thread slept for [40.5s/40556092909ns] on relative clock which is above the warn threshold of [5000ms]" }
{"type": "server", "timestamp": "2022-03-29T03:33:38,825Z", "level": "WARN", "component": "o.e.t.ThreadPool", "cluster.name": "tpotcluster", "node.name": "tpotcluster-node-01", "message": "timer thread slept for [39.2s/39247ms] on absolute clock which is above the warn threshold of [5000ms]" }
{"type": "server", "timestamp": "2022-03-29T03:33:52,677Z", "level": "WARN", "component": "o.e.t.ThreadPool", "cluster.name": "tpotcluster", "node.name": "tpotcluster-node-01", "message": "timer thread slept for [39.2s/39247869018ns] on relative clock which is above the warn threshold of [5000ms]" }
{"type": "server", "timestamp": "2022-03-29T03:34:05,198Z", "level": "WARN", "component": "o.e.t.ThreadPool", "cluster.name": "tpotcluster", "node.name": "tpotcluster-node-01", "message": "timer thread slept for [25.8s/25871ms] on absolute clock which is above the warn threshold of [5000ms]" }
{"type": "server", "timestamp": "2022-03-29T03:34:16,778Z", "level": "WARN", "component": "o.e.t.ThreadPool", "cluster.name": "tpotcluster", "node.name": "tpotcluster-node-01", "message": "timer thread slept for [25.8s/25870121889ns] on relative clock which is above the warn threshold of [5000ms]" }
{"type": "server", "timestamp": "2022-03-29T03:34:29,003Z", "level": "WARN", "component": "o.e.t.ThreadPool", "cluster.name": "tpotcluster", "node.name": "tpotcluster-node-01", "message": "timer thread slept for [23.4s/23409ms] on absolute clock which is above the warn threshold of [5000ms]" }
{"type": "server", "timestamp": "2022-03-29T03:34:39,730Z", "level": "WARN", "component": "o.e.t.ThreadPool", "cluster.name": "tpotcluster", "node.name": "tpotcluster-node-01", "message": "timer thread slept for [23.4s/23409927622ns] on relative clock which is above the warn threshold of [5000ms]" }
{"type": "server", "timestamp": "2022-03-29T03:34:39,730Z", "level": "WARN", "component": "o.e.t.ThreadPool", "cluster.name": "tpotcluster", "node.name": "tpotcluster-node-01", "message": "execution of [ReschedulingRunnable{runnable=org.elasticsearch.monitor.jvm.JvmGcMonitorService$1@767f605d, interval=1s}] took [49280ms] which is above the warn threshold of [5000ms]" }
{"type": "server", "timestamp": "2022-03-29T03:34:53,352Z", "level": "WARN", "component": "o.e.t.ThreadPool", "cluster.name": "tpotcluster", "node.name": "tpotcluster-node-01", "message": "timer thread slept for [24.7s/24767ms] on absolute clock which is above the warn threshold of [5000ms]" }
{"type": "server", "timestamp": "2022-03-29T03:34:55,618Z", "level": "WARN", "component": "o.e.t.ThreadPool", "cluster.name": "tpotcluster", "node.name": "tpotcluster-node-01", "message": "execution of [ReschedulingRunnable{runnable=org.elasticsearch.indices.IndexingMemoryController$ShardsIndicesStatusChecker@646aedfa, interval=5s}] took [24766ms] which is above the warn threshold of [5000ms]" }
{"type": "server", "timestamp": "2022-03-29T03:35:04,655Z", "level": "WARN", "component": "o.e.t.ThreadPool", "cluster.name": "tpotcluster", "node.name": "tpotcluster-node-01", "message": "timer thread slept for [24.7s/24766154007ns] on relative clock which is above the warn threshold of [5000ms]" }
{"type": "server", "timestamp": "2022-03-29T03:35:18,342Z", "level": "WARN", "component": "o.e.t.ThreadPool", "cluster.name": "tpotcluster", "node.name": "tpotcluster-node-01", "message": "timer thread slept for [25.9s/25961ms] on absolute clock which is above the warn threshold of [5000ms]" }
{"type": "server", "timestamp": "2022-03-29T03:35:29,030Z", "level": "WARN", "component": "o.e.t.ThreadPool", "cluster.name": "tpotcluster", "node.name": "tpotcluster-node-01", "message": "timer thread slept for [25.9s/25961384899ns] on relative clock which is above the warn threshold of [5000ms]" }
{"type": "server", "timestamp": "2022-03-29T03:35:38,480Z", "level": "WARN", "component": "o.e.t.ThreadPool", "cluster.name": "tpotcluster", "node.name": "tpotcluster-node-01", "message": "timer thread slept for [20s/20025ms] on absolute clock which is above the warn threshold of [5000ms]" }
{"type": "server", "timestamp": "2022-03-29T03:35:47,707Z", "level": "WARN", "component": "o.e.t.ThreadPool", "cluster.name": "tpotcluster", "node.name": "tpotcluster-node-01", "message": "execution of [ReschedulingRunnable{runnable=org.elasticsearch.monitor.jvm.JvmGcMonitorService$1@767f605d, interval=1s}] took [45986ms] which is above the warn threshold of [5000ms]" }
{"type": "server", "timestamp": "2022-03-29T03:35:46,901Z", "level": "WARN", "component": "o.e.t.ThreadPool", "cluster.name": "tpotcluster", "node.name": "tpotcluster-node-01", "message": "timer thread slept for [20s/20024870484ns] on relative clock which is above the warn threshold of [5000ms]" }
{"type": "server", "timestamp": "2022-03-29T03:36:01,547Z", "level": "WARN", "component": "o.e.t.ThreadPool", "cluster.name": "tpotcluster", "node.name": "tpotcluster-node-01", "message": "timer thread slept for [22.5s/22584ms] on absolute clock which is above the warn threshold of [5000ms]" }
{"type": "server", "timestamp": "2022-03-29T03:36:03,035Z", "level": "WARN", "component": "o.e.t.ThreadPool", "cluster.name": "tpotcluster", "node.name": "tpotcluster-node-01", "message": "execution of [org.elasticsearch.indices.IndicesService$CacheCleaner@398115be] took [22584ms] which is above the warn threshold of [5000ms]" }
{"type": "server", "timestamp": "2022-03-29T03:36:16,741Z", "level": "WARN", "component": "o.e.t.ThreadPool", "cluster.name": "tpotcluster", "node.name": "tpotcluster-node-01", "message": "timer thread slept for [22.5s/22584537964ns] on relative clock which is above the warn threshold of [5000ms]" }
{"type": "server", "timestamp": "2022-03-29T03:36:33,583Z", "level": "WARN", "component": "o.e.t.ThreadPool", "cluster.name": "tpotcluster", "node.name": "tpotcluster-node-01", "message": "timer thread slept for [30s/30083ms] on absolute clock which is above the warn threshold of [5000ms]" }
{"type": "server", "timestamp": "2022-03-29T03:36:46,390Z", "level": "WARN", "component": "o.e.t.ThreadPool", "cluster.name": "tpotcluster", "node.name": "tpotcluster-node-01", "message": "timer thread slept for [30s/30082484704ns] on relative clock which is above the warn threshold of [5000ms]" }
{"type": "server", "timestamp": "2022-03-29T03:37:01,518Z", "level": "WARN", "component": "o.e.t.ThreadPool", "cluster.name": "tpotcluster", "node.name": "tpotcluster-node-01", "message": "timer thread slept for [28.5s/28501ms] on absolute clock which is above the warn threshold of [5000ms]" }
{"type": "server", "timestamp": "2022-03-29T03:37:19,364Z", "level": "WARN", "component": "o.e.m.f.FsHealthService", "cluster.name": "tpotcluster", "node.name": "tpotcluster-node-01", "message": "health check of [/data/elk/data/nodes/0] took [28500ms] which is above the warn threshold of [5s]" }
{"type": "server", "timestamp": "2022-03-29T03:37:19,434Z", "level": "WARN", "component": "o.e.t.ThreadPool", "cluster.name": "tpotcluster", "node.name": "tpotcluster-node-01", "message": "timer thread slept for [28.5s/28500744792ns] on relative clock which is above the warn threshold of [5000ms]" }
{"type": "server", "timestamp": "2022-03-29T03:37:37,604Z", "level": "WARN", "component": "o.e.t.ThreadPool", "cluster.name": "tpotcluster", "node.name": "tpotcluster-node-01", "message": "timer thread slept for [36.7s/36736ms] on absolute clock which is above the warn threshold of [5000ms]" }
{"type": "server", "timestamp": "2022-03-29T03:37:47,601Z", "level": "WARN", "component": "o.e.t.ThreadPool", "cluster.name": "tpotcluster", "node.name": "tpotcluster-node-01", "message": "execution of [ReschedulingRunnable{runnable=org.elasticsearch.monitor.jvm.JvmGcMonitorService$1@767f605d, interval=1s}] took [65236ms] which is above the warn threshold of [5000ms]" }
{"type": "server", "timestamp": "2022-03-29T03:37:59,424Z", "level": "WARN", "component": "o.e.t.ThreadPool", "cluster.name": "tpotcluster", "node.name": "tpotcluster-node-01", "message": "timer thread slept for [36.7s/36735996836ns] on relative clock which is above the warn threshold of [5000ms]" }
{"type": "server", "timestamp": "2022-03-29T03:38:17,097Z", "level": "WARN", "component": "o.e.t.ThreadPool", "cluster.name": "tpotcluster", "node.name": "tpotcluster-node-01", "message": "timer thread slept for [38.4s/38450ms] on absolute clock which is above the warn threshold of [5000ms]" }
{"type": "server", "timestamp": "2022-03-29T03:38:19,423Z", "level": "WARN", "component": "o.e.t.ThreadPool", "cluster.name": "tpotcluster", "node.name": "tpotcluster-node-01", "message": "execution of [ReschedulingRunnable{runnable=org.elasticsearch.watcher.ResourceWatcherService$ResourceMonitor@7f99b2d2, interval=5s}] took [38450ms] which is above the warn threshold of [5000ms]" }
{"type": "server", "timestamp": "2022-03-29T03:38:39,324Z", "level": "WARN", "component": "o.e.t.ThreadPool", "cluster.name": "tpotcluster", "node.name": "tpotcluster-node-01", "message": "timer thread slept for [38.4s/38450590497ns] on relative clock which is above the warn threshold of [5000ms]" }
{"type": "server", "timestamp": "2022-03-29T03:38:53,962Z", "level": "WARN", "component": "o.e.t.ThreadPool", "cluster.name": "tpotcluster", "node.name": "tpotcluster-node-01", "message": "timer thread slept for [39s/39024ms] on absolute clock which is above the warn threshold of [5000ms]" }
{"type": "server", "timestamp": "2022-03-29T03:39:10,207Z", "level": "WARN", "component": "o.e.t.ThreadPool", "cluster.name": "tpotcluster", "node.name": "tpotcluster-node-01", "message": "timer thread slept for [39s/39023656366ns] on relative clock which is above the warn threshold of [5000ms]" }
{"type": "server", "timestamp": "2022-03-29T03:39:19,234Z", "level": "WARN", "component": "o.e.t.ThreadPool", "cluster.name": "tpotcluster", "node.name": "tpotcluster-node-01", "message": "execution of [ReschedulingRunnable{runnable=org.elasticsearch.monitor.jvm.JvmGcMonitorService$1@767f605d, interval=1s}] took [39023ms] which is above the warn threshold of [5000ms]" }
{"type": "server", "timestamp": "2022-03-29T03:39:33,030Z", "level": "WARN", "component": "o.e.t.ThreadPool", "cluster.name": "tpotcluster", "node.name": "tpotcluster-node-01", "message": "timer thread slept for [37.3s/37382ms] on absolute clock which is above the warn threshold of [5000ms]" }
{"type": "server", "timestamp": "2022-03-29T03:39:51,007Z", "level": "WARN", "component": "o.e.t.ThreadPool", "cluster.name": "tpotcluster", "node.name": "tpotcluster-node-01", "message": "timer thread slept for [37.3s/37382014529ns] on relative clock which is above the warn threshold of [5000ms]" }
{"type": "server", "timestamp": "2022-03-29T03:40:16,598Z", "level": "WARN", "component": "o.e.t.ThreadPool", "cluster.name": "tpotcluster", "node.name": "tpotcluster-node-01", "message": "timer thread slept for [43.7s/43711ms] on absolute clock which is above the warn threshold of [5000ms]" }
{"type": "server", "timestamp": "2022-03-29T03:40:30,220Z", "level": "WARN", "component": "o.e.t.ThreadPool", "cluster.name": "tpotcluster", "node.name": "tpotcluster-node-01", "message": "timer thread slept for [43.7s/43710863222ns] on relative clock which is above the warn threshold of [5000ms]" }
{"type": "server", "timestamp": "2022-03-29T03:40:47,018Z", "level": "WARN", "component": "o.e.t.ThreadPool", "cluster.name": "tpotcluster", "node.name": "tpotcluster-node-01", "message": "timer thread slept for [29.4s/29482ms] on absolute clock which is above the warn threshold of [5000ms]" }
{"type": "server", "timestamp": "2022-03-29T03:40:59,638Z", "level": "WARN", "component": "o.e.t.ThreadPool", "cluster.name": "tpotcluster", "node.name": "tpotcluster-node-01", "message": "execution of [ReschedulingRunnable{runnable=org.elasticsearch.monitor.jvm.JvmGcMonitorService$1@767f605d, interval=1s}] took [73192ms] which is above the warn threshold of [5000ms]" }
{"type": "server", "timestamp": "2022-03-29T03:41:04,995Z", "level": "WARN", "component": "o.e.t.ThreadPool", "cluster.name": "tpotcluster", "node.name": "tpotcluster-node-01", "message": "timer thread slept for [29.4s/29482028140ns] on relative clock which is above the warn threshold of [5000ms]" }
{"type": "server", "timestamp": "2022-03-29T03:41:28,008Z", "level": "WARN", "component": "o.e.t.ThreadPool", "cluster.name": "tpotcluster", "node.name": "tpotcluster-node-01", "message": "timer thread slept for [40.9s/40986ms] on absolute clock which is above the warn threshold of [5000ms]" }
{"type": "server", "timestamp": "2022-03-29T03:41:40,612Z", "level": "WARN", "component": "o.e.t.ThreadPool", "cluster.name": "tpotcluster", "node.name": "tpotcluster-node-01", "message": "timer thread slept for [40.9s/40986691765ns] on relative clock which is above the warn threshold of [5000ms]" }
{"type": "server", "timestamp": "2022-03-29T03:41:53,353Z", "level": "WARN", "component": "o.e.t.ThreadPool", "cluster.name": "tpotcluster", "node.name": "tpotcluster-node-01", "message": "timer thread slept for [27.1s/27149ms] on absolute clock which is above the warn threshold of [5000ms]" }
{"type": "server", "timestamp": "2022-03-29T03:41:53,294Z", "level": "WARN", "component": "o.e.m.f.FsHealthService", "cluster.name": "tpotcluster", "node.name": "tpotcluster-node-01", "message": "health check of [/data/elk/data/nodes/0] took [40987ms] which is above the warn threshold of [5s]" }
{"type": "server", "timestamp": "2022-03-29T03:42:07,349Z", "level": "WARN", "component": "o.e.t.ThreadPool", "cluster.name": "tpotcluster", "node.name": "tpotcluster-node-01", "message": "timer thread slept for [27.1s/27148630597ns] on relative clock which is above the warn threshold of [5000ms]" }
{"type": "server", "timestamp": "2022-03-29T03:42:23,166Z", "level": "WARN", "component": "o.e.t.ThreadPool", "cluster.name": "tpotcluster", "node.name": "tpotcluster-node-01", "message": "timer thread slept for [28.8s/28882ms] on absolute clock which is above the warn threshold of [5000ms]" }
{"type": "server", "timestamp": "2022-03-29T03:42:42,543Z", "level": "WARN", "component": "o.e.t.ThreadPool", "cluster.name": "tpotcluster", "node.name": "tpotcluster-node-01", "message": "execution of [ReschedulingRunnable{runnable=org.elasticsearch.monitor.jvm.JvmGcMonitorService$1@767f605d, interval=1s}] took [56030ms] which is above the warn threshold of [5000ms]" }
{"type": "server", "timestamp": "2022-03-29T03:42:37,239Z", "level": "WARN", "component": "o.e.t.ThreadPool", "cluster.name": "tpotcluster", "node.name": "tpotcluster-node-01", "message": "timer thread slept for [28.8s/28882264745ns] on relative clock which is above the warn threshold of [5000ms]" }
{"type": "server", "timestamp": "2022-03-29T03:42:57,781Z", "level": "WARN", "component": "o.e.t.ThreadPool", "cluster.name": "tpotcluster", "node.name": "tpotcluster-node-01", "message": "timer thread slept for [35s/35068ms] on absolute clock which is above the warn threshold of [5000ms]" }
{"type": "server", "timestamp": "2022-03-29T03:43:12,880Z", "level": "WARN", "component": "o.e.t.ThreadPool", "cluster.name": "tpotcluster", "node.name": "tpotcluster-node-01", "message": "timer thread slept for [35s/35067403308ns] on relative clock which is above the warn threshold of [5000ms]" }
{"type": "server", "timestamp": "2022-03-29T03:43:29,903Z", "level": "WARN", "component": "o.e.t.ThreadPool", "cluster.name": "tpotcluster", "node.name": "tpotcluster-node-01", "message": "timer thread slept for [30.5s/30558ms] on absolute clock which is above the warn threshold of [5000ms]" }
{"type": "server", "timestamp": "2022-03-29T03:44:00,086Z", "level": "WARN", "component": "o.e.t.ThreadPool", "cluster.name": "tpotcluster", "node.name": "tpotcluster-node-01", "message": "timer thread slept for [30.5s/30558250915ns] on relative clock which is above the warn threshold of [5000ms]" }
{"type": "server", "timestamp": "2022-03-29T03:44:14,842Z", "level": "WARN", "component": "o.e.t.ThreadPool", "cluster.name": "tpotcluster", "node.name": "tpotcluster-node-01", "message": "execution of [ReschedulingRunnable{runnable=org.elasticsearch.monitor.jvm.JvmGcMonitorService$1@767f605d, interval=1s}] took [30558ms] which is above the warn threshold of [5000ms]" }
{"type": "server", "timestamp": "2022-03-29T03:44:22,376Z", "level": "WARN", "component": "o.e.t.ThreadPool", "cluster.name": "tpotcluster", "node.name": "tpotcluster-node-01", "message": "timer thread slept for [53.9s/53907ms] on absolute clock which is above the warn threshold of [5000ms]" }
{"type": "server", "timestamp": "2022-03-29T03:44:40,904Z", "level": "WARN", "component": "o.e.t.ThreadPool", "cluster.name": "tpotcluster", "node.name": "tpotcluster-node-01", "message": "timer thread slept for [53.9s/53907127544ns] on relative clock which is above the warn threshold of [5000ms]" }
{"type": "server", "timestamp": "2022-03-29T03:45:00,815Z", "level": "WARN", "component": "o.e.t.ThreadPool", "cluster.name": "tpotcluster", "node.name": "tpotcluster-node-01", "message": "timer thread slept for [38.7s/38763ms] on absolute clock which is above the warn threshold of [5000ms]" }
{"type": "server", "timestamp": "2022-03-29T03:45:16,571Z", "level": "WARN", "component": "o.e.t.ThreadPool", "cluster.name": "tpotcluster", "node.name": "tpotcluster-node-01", "message": "timer thread slept for [38.7s/38762859207ns] on relative clock which is above the warn threshold of [5000ms]" }
{"type": "server", "timestamp": "2022-03-29T03:45:29,559Z", "level": "WARN", "component": "o.e.t.ThreadPool", "cluster.name": "tpotcluster", "node.name": "tpotcluster-node-01", "message": "timer thread slept for [27.8s/27835ms] on absolute clock which is above the warn threshold of [5000ms]" }
{"type": "server", "timestamp": "2022-03-29T03:45:35,151Z", "level": "WARN", "component": "o.e.m.f.FsHealthService", "cluster.name": "tpotcluster", "node.name": "tpotcluster-node-01", "message": "health check of [/data/elk/data/nodes/0] took [27834ms] which is above the warn threshold of [5s]" }
{"type": "server", "timestamp": "2022-03-29T03:45:41,203Z", "level": "WARN", "component": "o.e.t.ThreadPool", "cluster.name": "tpotcluster", "node.name": "tpotcluster-node-01", "message": "execution of [ReschedulingRunnable{runnable=org.elasticsearch.monitor.jvm.JvmGcMonitorService$1@767f605d, interval=1s}] took [66597ms] which is above the warn threshold of [5000ms]" }
{"type": "server", "timestamp": "2022-03-29T03:45:42,882Z", "level": "WARN", "component": "o.e.t.ThreadPool", "cluster.name": "tpotcluster", "node.name": "tpotcluster-node-01", "message": "timer thread slept for [27.8s/27834696628ns] on relative clock which is above the warn threshold of [5000ms]" }
{"type": "server", "timestamp": "2022-03-29T03:45:58,567Z", "level": "WARN", "component": "o.e.t.ThreadPool", "cluster.name": "tpotcluster", "node.name": "tpotcluster-node-01", "message": "execution of [ReschedulingRunnable{runnable=org.elasticsearch.watcher.ResourceWatcherService$ResourceMonitor@430c934f, interval=1m}] took [29621ms] which is above the warn threshold of [5000ms]" }
{"type": "server", "timestamp": "2022-03-29T03:45:57,845Z", "level": "WARN", "component": "o.e.t.ThreadPool", "cluster.name": "tpotcluster", "node.name": "tpotcluster-node-01", "message": "timer thread slept for [29.6s/29621ms] on absolute clock which is above the warn threshold of [5000ms]" }
{"type": "server", "timestamp": "2022-03-29T03:46:11,639Z", "level": "WARN", "component": "o.e.t.ThreadPool", "cluster.name": "tpotcluster", "node.name": "tpotcluster-node-01", "message": "timer thread slept for [29.6s/29621062502ns] on relative clock which is above the warn threshold of [5000ms]" }
{"type": "server", "timestamp": "2022-03-29T03:46:25,098Z", "level": "WARN", "component": "o.e.t.ThreadPool", "cluster.name": "tpotcluster", "node.name": "tpotcluster-node-01", "message": "timer thread slept for [27.3s/27311ms] on absolute clock which is above the warn threshold of [5000ms]" }
{"type": "server", "timestamp": "2022-03-29T03:46:27,441Z", "level": "WARN", "component": "o.e.t.ThreadPool", "cluster.name": "tpotcluster", "node.name": "tpotcluster-node-01", "message": "execution of [ReschedulingRunnable{runnable=org.elasticsearch.watcher.ResourceWatcherService$ResourceMonitor@72915275, interval=30s}] took [27311ms] which is above the warn threshold of [5000ms]" }
{"type": "server", "timestamp": "2022-03-29T03:46:38,629Z", "level": "WARN", "component": "o.e.t.ThreadPool", "cluster.name": "tpotcluster", "node.name": "tpotcluster-node-01", "message": "timer thread slept for [27.3s/27311254743ns] on relative clock which is above the warn threshold of [5000ms]" }
{"type": "server", "timestamp": "2022-03-29T03:46:51,978Z", "level": "WARN", "component": "o.e.t.ThreadPool", "cluster.name": "tpotcluster", "node.name": "tpotcluster-node-01", "message": "timer thread slept for [26.6s/26629ms] on absolute clock which is above the warn threshold of [5000ms]" }
{"type": "server", "timestamp": "2022-03-29T03:47:05,424Z", "level": "WARN", "component": "o.e.t.ThreadPool", "cluster.name": "tpotcluster", "node.name": "tpotcluster-node-01", "message": "timer thread slept for [26.6s/26629393927ns] on relative clock which is above the warn threshold of [5000ms]" }
{"type": "server", "timestamp": "2022-03-29T03:47:18,875Z", "level": "WARN", "component": "o.e.t.ThreadPool", "cluster.name": "tpotcluster", "node.name": "tpotcluster-node-01", "message": "execution of [ReschedulingRunnable{runnable=org.elasticsearch.monitor.jvm.JvmGcMonitorService$1@767f605d, interval=1s}] took [26629ms] which is above the warn threshold of [5000ms]" }
{"type": "server", "timestamp": "2022-03-29T03:47:21,621Z", "level": "WARN", "component": "o.e.t.ThreadPool", "cluster.name": "tpotcluster", "node.name": "tpotcluster-node-01", "message": "timer thread slept for [29.2s/29213ms] on absolute clock which is above the warn threshold of [5000ms]" }
{"type": "server", "timestamp": "2022-03-29T03:47:37,598Z", "level": "WARN", "component": "o.e.t.ThreadPool", "cluster.name": "tpotcluster", "node.name": "tpotcluster-node-01", "message": "timer thread slept for [29.2s/29213070582ns] on relative clock which is above the warn threshold of [5000ms]" }
{"type": "server", "timestamp": "2022-03-29T03:47:53,956Z", "level": "WARN", "component": "o.e.t.ThreadPool", "cluster.name": "tpotcluster", "node.name": "tpotcluster-node-01", "message": "execution of [ReschedulingRunnable{runnable=org.elasticsearch.watcher.ResourceWatcherService$ResourceMonitor@72915275, interval=30s}] took [31681ms] which is above the warn threshold of [5000ms]" }
{"type": "server", "timestamp": "2022-03-29T03:47:53,217Z", "level": "WARN", "component": "o.e.t.ThreadPool", "cluster.name": "tpotcluster", "node.name": "tpotcluster-node-01", "message": "timer thread slept for [31.6s/31682ms] on absolute clock which is above the warn threshold of [5000ms]" }
{"type": "server", "timestamp": "2022-03-29T03:48:09,427Z", "level": "WARN", "component": "o.e.t.ThreadPool", "cluster.name": "tpotcluster", "node.name": "tpotcluster-node-01", "message": "timer thread slept for [31.6s/31681459836ns] on relative clock which is above the warn threshold of [5000ms]" }
{"type": "server", "timestamp": "2022-03-29T03:48:27,025Z", "level": "WARN", "component": "o.e.t.ThreadPool", "cluster.name": "tpotcluster", "node.name": "tpotcluster-node-01", "message": "timer thread slept for [32.8s/32890ms] on absolute clock which is above the warn threshold of [5000ms]" }
{"type": "server", "timestamp": "2022-03-29T03:48:40,858Z", "level": "WARN", "component": "o.e.t.ThreadPool", "cluster.name": "tpotcluster", "node.name": "tpotcluster-node-01", "message": "timer thread slept for [32.8s/32890472264ns] on relative clock which is above the warn threshold of [5000ms]" }
{"type": "server", "timestamp": "2022-03-29T03:48:54,910Z", "level": "WARN", "component": "o.e.t.ThreadPool", "cluster.name": "tpotcluster", "node.name": "tpotcluster-node-01", "message": "timer thread slept for [28.5s/28583ms] on absolute clock which is above the warn threshold of [5000ms]" }
{"type": "server", "timestamp": "2022-03-29T03:50:33,571Z", "level": "WARN", "component": "o.e.t.ThreadPool", "cluster.name": "tpotcluster", "node.name": "tpotcluster-node-01", "message": "execution of [ReschedulingRunnable{runnable=org.elasticsearch.monitor.jvm.JvmGcMonitorService$1@767f605d, interval=1s}] took [61472ms] which is above the warn threshold of [5000ms]" }
{"type": "server", "timestamp": "2022-03-29T03:50:38,443Z", "level": "WARN", "component": "o.e.t.ThreadPool", "cluster.name": "tpotcluster", "node.name": "tpotcluster-node-01", "message": "timer thread slept for [28.5s/28582525458ns] on relative clock which is above the warn threshold of [5000ms]" }
{"type": "server", "timestamp": "2022-03-29T03:50:52,278Z", "level": "WARN", "component": "o.e.t.ThreadPool", "cluster.name": "tpotcluster", "node.name": "tpotcluster-node-01", "message": "timer thread slept for [1.9m/119075ms] on absolute clock which is above the warn threshold of [5000ms]" }
{"type": "server", "timestamp": "2022-03-29T03:50:57,247Z", "level": "WARN", "component": "o.e.t.ThreadPool", "cluster.name": "tpotcluster", "node.name": "tpotcluster-node-01", "message": "execution of [ReschedulingRunnable{runnable=org.elasticsearch.watcher.ResourceWatcherService$ResourceMonitor@7f99b2d2, interval=5s}] took [119075ms] which is above the warn threshold of [5000ms]" }
{"type": "server", "timestamp": "2022-03-29T03:51:04,180Z", "level": "WARN", "component": "o.e.t.ThreadPool", "cluster.name": "tpotcluster", "node.name": "tpotcluster-node-01", "message": "timer thread slept for [1.9m/119075138476ns] on relative clock which is above the warn threshold of [5000ms]" }
{"type": "server", "timestamp": "2022-03-29T03:51:16,565Z", "level": "WARN", "component": "o.e.t.ThreadPool", "cluster.name": "tpotcluster", "node.name": "tpotcluster-node-01", "message": "timer thread slept for [23s/23023ms] on absolute clock which is above the warn threshold of [5000ms]" }
{"type": "server", "timestamp": "2022-03-29T03:51:16,565Z", "level": "WARN", "component": "o.e.m.f.FsHealthService", "cluster.name": "tpotcluster", "node.name": "tpotcluster-node-01", "message": "health check of [/data/elk/data/nodes/0] took [23023ms] which is above the warn threshold of [5s]" }
{"type": "server", "timestamp": "2022-03-29T03:51:50,508Z", "level": "WARN", "component": "o.e.t.ThreadPool", "cluster.name": "tpotcluster", "node.name": "tpotcluster-node-01", "message": "timer thread slept for [23s/23022818511ns] on relative clock which is above the warn threshold of [5000ms]" }
{"type": "server", "timestamp": "2022-03-29T03:54:30,279Z", "level": "WARN", "component": "o.e.t.ThreadPool", "cluster.name": "tpotcluster", "node.name": "tpotcluster-node-01", "message": "timer thread slept for [3m/182686ms] on absolute clock which is above the warn threshold of [5000ms]" }
{"type": "server", "timestamp": "2022-03-29T03:56:03,696Z", "level": "WARN", "component": "o.e.t.ThreadPool", "cluster.name": "tpotcluster", "node.name": "tpotcluster-node-01", "message": "execution of [ReschedulingRunnable{runnable=org.elasticsearch.monitor.jvm.JvmGcMonitorService$1@767f605d, interval=1s}] took [182378ms] which is above the warn threshold of [5000ms]" }
{"type": "server", "timestamp": "2022-03-29T03:57:21,970Z", "level": "WARN", "component": "o.e.t.ThreadPool", "cluster.name": "tpotcluster", "node.name": "tpotcluster-node-01", "message": "timer thread slept for [3m/182378665365ns] on relative clock which is above the warn threshold of [5000ms]" }
{"type": "server", "timestamp": "2022-03-29T04:00:40,275Z", "level": "WARN", "component": "o.e.t.ThreadPool", "cluster.name": "tpotcluster", "node.name": "tpotcluster-node-01", "message": "execution of [ReschedulingRunnable{runnable=org.elasticsearch.watcher.ResourceWatcherService$ResourceMonitor@7f99b2d2, interval=5s}] took [352800ms] which is above the warn threshold of [5000ms]" }
{"type": "server", "timestamp": "2022-03-29T04:00:48,923Z", "level": "WARN", "component": "o.e.t.ThreadPool", "cluster.name": "tpotcluster", "node.name": "tpotcluster-node-01", "message": "timer thread slept for [5.8m/352828ms] on absolute clock which is above the warn threshold of [5000ms]" }
{"type": "server", "timestamp": "2022-03-29T04:05:07,354Z", "level": "WARN", "component": "o.e.t.ThreadPool", "cluster.name": "tpotcluster", "node.name": "tpotcluster-node-01", "message": "timer thread slept for [5.8m/352800395322ns] on relative clock which is above the warn threshold of [5000ms]" }
{"type": "server", "timestamp": "2022-03-29T04:08:50,559Z", "level": "WARN", "component": "o.e.t.ThreadPool", "cluster.name": "tpotcluster", "node.name": "tpotcluster-node-01", "message": "timer thread slept for [8m/484518ms] on absolute clock which is above the warn threshold of [5000ms]" }
{"type": "server", "timestamp": "2022-03-29T04:11:04,865Z", "level": "WARN", "component": "o.e.t.ThreadPool", "cluster.name": "tpotcluster", "node.name": "tpotcluster-node-01", "message": "execution of [ReschedulingRunnable{runnable=org.elasticsearch.monitor.jvm.JvmGcMonitorService$1@767f605d, interval=1s}] took [484849ms] which is above the warn threshold of [5000ms]" }
{"type": "server", "timestamp": "2022-03-29T04:12:54,422Z", "level": "WARN", "component": "o.e.m.f.FsHealthService", "cluster.name": "tpotcluster", "node.name": "tpotcluster-node-01", "message": "health check of [/data/elk/data/nodes/0] took [484849ms] which is above the warn threshold of [5s]" }
{"type": "server", "timestamp": "2022-03-29T04:13:03,093Z", "level": "WARN", "component": "o.e.t.ThreadPool", "cluster.name": "tpotcluster", "node.name": "tpotcluster-node-01", "message": "timer thread slept for [8m/484849088500ns] on relative clock which is above the warn threshold of [5000ms]" }
{"type": "server", "timestamp": "2022-03-29T04:17:13,375Z", "level": "WARN", "component": "o.e.t.ThreadPool", "cluster.name": "tpotcluster", "node.name": "tpotcluster-node-01", "message": "timer thread slept for [8.7m/525909ms] on absolute clock which is above the warn threshold of [5000ms]" }
{"type": "server", "timestamp": "2022-03-29T04:21:08,400Z", "level": "WARN", "component": "o.e.t.ThreadPool", "cluster.name": "tpotcluster", "node.name": "tpotcluster-node-01", "message": "timer thread slept for [8.7m/525459272172ns] on relative clock which is above the warn threshold of [5000ms]" }
{"type": "server", "timestamp": "2022-03-29T03:27:21,600Z", "level": "WARN", "component": "o.e.t.ThreadPool", "cluster.name": "tpotcluster", "node.name": "tpotcluster-node-01", "message": "failed to run scheduled task [org.elasticsearch.xpack.searchablesnapshots.SearchableSnapshotsUsageTracker@1f022b3e] on thread pool [generic]", 
"stacktrace": ["java.lang.NullPointerException: Cannot invoke \"org.elasticsearch.cluster.ClusterState.metadata()\" because \"state\" is null",
"at org.elasticsearch.xpack.searchablesnapshots.SearchableSnapshotsUsageTracker.hasSearchableSnapshotsIndices(SearchableSnapshotsUsageTracker.java:37) ~[?:?]",
"at org.elasticsearch.xpack.searchablesnapshots.SearchableSnapshotsUsageTracker.run(SearchableSnapshotsUsageTracker.java:31) ~[?:?]",
"at org.elasticsearch.threadpool.Scheduler$ReschedulingRunnable.doRun(Scheduler.java:214) [elasticsearch-7.17.0.jar:7.17.0]",
"at org.elasticsearch.common.util.concurrent.ThreadContext$ContextPreservingAbstractRunnable.doRun(ThreadContext.java:777) [elasticsearch-7.17.0.jar:7.17.0]",
"at org.elasticsearch.common.util.concurrent.AbstractRunnable.run(AbstractRunnable.java:26) [elasticsearch-7.17.0.jar:7.17.0]",
"at java.util.concurrent.ThreadPoolExecutor.runWorker(ThreadPoolExecutor.java:1130) [?:?]",
"at java.util.concurrent.ThreadPoolExecutor$Worker.run(ThreadPoolExecutor.java:630) [?:?]",
"at java.lang.Thread.run(Thread.java:831) [?:?]"] }
{"type": "server", "timestamp": "2022-03-29T04:25:37,974Z", "level": "WARN", "component": "o.e.t.ThreadPool", "cluster.name": "tpotcluster", "node.name": "tpotcluster-node-01", "message": "timer thread slept for [8.3m/503161ms] on absolute clock which is above the warn threshold of [5000ms]" }
{"type": "server", "timestamp": "2022-03-29T04:25:39,475Z", "level": "WARN", "component": "o.e.t.ThreadPool", "cluster.name": "tpotcluster", "node.name": "tpotcluster-node-01", "message": "execution of [ReschedulingRunnable{runnable=org.elasticsearch.watcher.ResourceWatcherService$ResourceMonitor@7f99b2d2, interval=5s}] took [503200ms] which is above the warn threshold of [5000ms]" }
{"type": "server", "timestamp": "2022-03-29T04:28:43,806Z", "level": "WARN", "component": "o.e.t.ThreadPool", "cluster.name": "tpotcluster", "node.name": "tpotcluster-node-01", "message": "timer thread slept for [8.3m/503200862111ns] on relative clock which is above the warn threshold of [5000ms]" }
{"type": "server", "timestamp": "2022-03-29T04:32:14,850Z", "level": "WARN", "component": "o.e.t.ThreadPool", "cluster.name": "tpotcluster", "node.name": "tpotcluster-node-01", "message": "timer thread slept for [6.6m/398787ms] on absolute clock which is above the warn threshold of [5000ms]" }
{"type": "server", "timestamp": "2022-03-29T04:35:19,692Z", "level": "WARN", "component": "o.e.t.ThreadPool", "cluster.name": "tpotcluster", "node.name": "tpotcluster-node-01", "message": "timer thread slept for [6.6m/399200492532ns] on relative clock which is above the warn threshold of [5000ms]" }
{"type": "server", "timestamp": "2022-03-29T04:38:29,619Z", "level": "WARN", "component": "o.e.m.f.FsHealthService", "cluster.name": "tpotcluster", "node.name": "tpotcluster-node-01", "message": "health check of [/data/elk/data/nodes/0] took [399200ms] which is above the warn threshold of [5s]" }
{"type": "server", "timestamp": "2022-03-29T04:38:36,915Z", "level": "WARN", "component": "o.e.t.ThreadPool", "cluster.name": "tpotcluster", "node.name": "tpotcluster-node-01", "message": "timer thread slept for [6.3m/382568ms] on absolute clock which is above the warn threshold of [5000ms]" }
{"type": "server", "timestamp": "2022-03-29T04:40:41,242Z", "level": "WARN", "component": "o.e.t.ThreadPool", "cluster.name": "tpotcluster", "node.name": "tpotcluster-node-01", "message": "execution of [ReschedulingRunnable{runnable=org.elasticsearch.monitor.jvm.JvmGcMonitorService$1@767f605d, interval=1s}] took [382448ms] which is above the warn threshold of [5000ms]" }
{"type": "server", "timestamp": "2022-03-29T04:42:09,465Z", "level": "WARN", "component": "o.e.t.ThreadPool", "cluster.name": "tpotcluster", "node.name": "tpotcluster-node-01", "message": "timer thread slept for [6.3m/382448855253ns] on relative clock which is above the warn threshold of [5000ms]" }
{"type": "server", "timestamp": "2022-03-29T04:45:20,407Z", "level": "WARN", "component": "o.e.t.ThreadPool", "cluster.name": "tpotcluster", "node.name": "tpotcluster-node-01", "message": "timer thread slept for [6.7m/405114ms] on absolute clock which is above the warn threshold of [5000ms]" }
{"type": "server", "timestamp": "2022-03-29T04:45:53,179Z", "level": "WARN", "component": "o.e.t.ThreadPool", "cluster.name": "tpotcluster", "node.name": "tpotcluster-node-01", "message": "execution of [ReschedulingRunnable{runnable=org.elasticsearch.indices.IndexingMemoryController$ShardsIndicesStatusChecker@646aedfa, interval=5s}] took [404738ms] which is above the warn threshold of [5000ms]" }
{"type": "server", "timestamp": "2022-03-29T04:48:05,669Z", "level": "WARN", "component": "o.e.t.ThreadPool", "cluster.name": "tpotcluster", "node.name": "tpotcluster-node-01", "message": "timer thread slept for [6.7m/404738509552ns] on relative clock which is above the warn threshold of [5000ms]" }
{"type": "server", "timestamp": "2022-03-29T04:50:47,437Z", "level": "WARN", "component": "o.e.t.ThreadPool", "cluster.name": "tpotcluster", "node.name": "tpotcluster-node-01", "message": "timer thread slept for [5.4m/326028ms] on absolute clock which is above the warn threshold of [5000ms]" }
{"type": "server", "timestamp": "2022-03-29T04:53:34,052Z", "level": "WARN", "component": "o.e.t.ThreadPool", "cluster.name": "tpotcluster", "node.name": "tpotcluster-node-01", "message": "timer thread slept for [5.4m/326522723966ns] on relative clock which is above the warn threshold of [5000ms]" }
{"type": "server", "timestamp": "2022-03-29T04:56:50,283Z", "level": "WARN", "component": "o.e.t.ThreadPool", "cluster.name": "tpotcluster", "node.name": "tpotcluster-node-01", "message": "timer thread slept for [6m/362109ms] on absolute clock which is above the warn threshold of [5000ms]" }
{"type": "server", "timestamp": "2022-03-29T04:57:45,078Z", "level": "WARN", "component": "o.e.t.ThreadPool", "cluster.name": "tpotcluster", "node.name": "tpotcluster-node-01", "message": "execution of [ReschedulingRunnable{runnable=org.elasticsearch.watcher.ResourceWatcherService$ResourceMonitor@7f99b2d2, interval=5s}] took [361595ms] which is above the warn threshold of [5000ms]" }
{"type": "server", "timestamp": "2022-03-29T04:59:53,837Z", "level": "WARN", "component": "o.e.t.ThreadPool", "cluster.name": "tpotcluster", "node.name": "tpotcluster-node-01", "message": "timer thread slept for [6m/361595940180ns] on relative clock which is above the warn threshold of [5000ms]" }
{"type": "server", "timestamp": "2022-03-29T05:02:55,703Z", "level": "WARN", "component": "o.e.t.ThreadPool", "cluster.name": "tpotcluster", "node.name": "tpotcluster-node-01", "message": "timer thread slept for [6.1m/367708ms] on absolute clock which is above the warn threshold of [5000ms]" }
{"type": "server", "timestamp": "2022-03-29T05:03:00,792Z", "level": "WARN", "component": "o.e.t.ThreadPool", "cluster.name": "tpotcluster", "node.name": "tpotcluster-node-01", "message": "execution of [ReschedulingRunnable{runnable=org.elasticsearch.search.SearchService$Reaper@731a4124, interval=1m}] took [367838ms] which is above the warn threshold of [5000ms]" }
{"type": "server", "timestamp": "2022-03-29T05:05:58,070Z", "level": "WARN", "component": "o.e.t.ThreadPool", "cluster.name": "tpotcluster", "node.name": "tpotcluster-node-01", "message": "timer thread slept for [6.1m/367838217160ns] on relative clock which is above the warn threshold of [5000ms]" }
{"type": "server", "timestamp": "2022-03-29T05:04:45,476Z", "level": "WARN", "component": "o.e.m.f.FsHealthService", "cluster.name": "tpotcluster", "node.name": "tpotcluster-node-01", "message": "health check of [/data/elk/data/nodes/0] took [367839ms] which is above the warn threshold of [5s]" }
{"type": "server", "timestamp": "2022-03-29T05:09:01,197Z", "level": "WARN", "component": "o.e.t.ThreadPool", "cluster.name": "tpotcluster", "node.name": "tpotcluster-node-01", "message": "timer thread slept for [5.9m/357217ms] on absolute clock which is above the warn threshold of [5000ms]" }
{"type": "server", "timestamp": "2022-03-29T05:10:42,762Z", "level": "WARN", "component": "o.e.t.ThreadPool", "cluster.name": "tpotcluster", "node.name": "tpotcluster-node-01", "message": "execution of [ReschedulingRunnable{runnable=org.elasticsearch.monitor.jvm.JvmGcMonitorService$1@767f605d, interval=1s}] took [357487ms] which is above the warn threshold of [5000ms]" }
{"type": "server", "timestamp": "2022-03-29T05:12:11,796Z", "level": "WARN", "component": "o.e.t.ThreadPool", "cluster.name": "tpotcluster", "node.name": "tpotcluster-node-01", "message": "timer thread slept for [5.9m/357487506339ns] on relative clock which is above the warn threshold of [5000ms]" }
{"type": "server", "timestamp": "2022-03-29T05:16:57,227Z", "level": "WARN", "component": "o.e.t.ThreadPool", "cluster.name": "tpotcluster", "node.name": "tpotcluster-node-01", "message": "timer thread slept for [8m/481548ms] on absolute clock which is above the warn threshold of [5000ms]" }
{"type": "server", "timestamp": "2022-03-29T05:20:08,239Z", "level": "WARN", "component": "o.e.t.ThreadPool", "cluster.name": "tpotcluster", "node.name": "tpotcluster-node-01", "message": "timer thread slept for [8m/481305887369ns] on relative clock which is above the warn threshold of [5000ms]" }
{"type": "server", "timestamp": "2022-03-29T05:23:11,944Z", "level": "WARN", "component": "o.e.t.ThreadPool", "cluster.name": "tpotcluster", "node.name": "tpotcluster-node-01", "message": "timer thread slept for [6.2m/372045ms] on absolute clock which is above the warn threshold of [5000ms]" }
{"type": "server", "timestamp": "2022-03-29T05:24:54,290Z", "level": "WARN", "component": "o.e.t.ThreadPool", "cluster.name": "tpotcluster", "node.name": "tpotcluster-node-01", "message": "execution of [ReschedulingRunnable{runnable=org.elasticsearch.monitor.jvm.JvmGcMonitorService$1@767f605d, interval=1s}] took [372270ms] which is above the warn threshold of [5000ms]" }
{"type": "server", "timestamp": "2022-03-29T05:26:18,001Z", "level": "WARN", "component": "o.e.t.ThreadPool", "cluster.name": "tpotcluster", "node.name": "tpotcluster-node-01", "message": "timer thread slept for [6.2m/372270076985ns] on relative clock which is above the warn threshold of [5000ms]" }
{"type": "server", "timestamp": "2022-03-29T05:29:40,715Z", "level": "WARN", "component": "o.e.t.ThreadPool", "cluster.name": "tpotcluster", "node.name": "tpotcluster-node-01", "message": "timer thread slept for [6.4m/385176ms] on absolute clock which is above the warn threshold of [5000ms]" }
{"type": "server", "timestamp": "2022-03-29T04:59:28,183Z", "level": "WARN", "component": "o.e.t.ThreadPool", "cluster.name": "tpotcluster", "node.name": "tpotcluster-node-01", "message": "failed to run scheduled task [org.elasticsearch.xpack.searchablesnapshots.SearchableSnapshotsUsageTracker@1f022b3e] on thread pool [generic]", 
"stacktrace": ["java.lang.NullPointerException: Cannot invoke \"org.elasticsearch.cluster.ClusterState.metadata()\" because \"state\" is null",
"at org.elasticsearch.xpack.searchablesnapshots.SearchableSnapshotsUsageTracker.hasSearchableSnapshotsIndices(SearchableSnapshotsUsageTracker.java:37) ~[?:?]",
"at org.elasticsearch.xpack.searchablesnapshots.SearchableSnapshotsUsageTracker.run(SearchableSnapshotsUsageTracker.java:31) ~[?:?]",
"at org.elasticsearch.threadpool.Scheduler$ReschedulingRunnable.doRun(Scheduler.java:214) [elasticsearch-7.17.0.jar:7.17.0]",
"at org.elasticsearch.common.util.concurrent.ThreadContext$ContextPreservingAbstractRunnable.doRun(ThreadContext.java:777) [elasticsearch-7.17.0.jar:7.17.0]",
"at org.elasticsearch.common.util.concurrent.AbstractRunnable.run(AbstractRunnable.java:26) [elasticsearch-7.17.0.jar:7.17.0]",
"at java.util.concurrent.ThreadPoolExecutor.runWorker(ThreadPoolExecutor.java:1130) [?:?]",
"at java.util.concurrent.ThreadPoolExecutor$Worker.run(ThreadPoolExecutor.java:630) [?:?]",
"at java.lang.Thread.run(Thread.java:831) [?:?]"] }
{"type": "server", "timestamp": "2022-03-29T05:30:10,697Z", "level": "WARN", "component": "o.e.t.ThreadPool", "cluster.name": "tpotcluster", "node.name": "tpotcluster-node-01", "message": "execution of [ReschedulingRunnable{runnable=org.elasticsearch.indices.IndexingMemoryController$ShardsIndicesStatusChecker@646aedfa, interval=5s}] took [384905ms] which is above the warn threshold of [5000ms]" }
{"type": "server", "timestamp": "2022-03-29T05:32:36,241Z", "level": "WARN", "component": "o.e.t.ThreadPool", "cluster.name": "tpotcluster", "node.name": "tpotcluster-node-01", "message": "timer thread slept for [6.4m/384905563778ns] on relative clock which is above the warn threshold of [5000ms]" }
{"type": "server", "timestamp": "2022-03-29T05:35:27,581Z", "level": "WARN", "component": "o.e.t.ThreadPool", "cluster.name": "tpotcluster", "node.name": "tpotcluster-node-01", "message": "timer thread slept for [5.9m/354272ms] on absolute clock which is above the warn threshold of [5000ms]" }
{"type": "server", "timestamp": "2022-03-29T05:35:36,679Z", "level": "WARN", "component": "o.e.t.ThreadPool", "cluster.name": "tpotcluster", "node.name": "tpotcluster-node-01", "message": "execution of [ReschedulingRunnable{runnable=org.elasticsearch.watcher.ResourceWatcherService$ResourceMonitor@72915275, interval=30s}] took [354537ms] which is above the warn threshold of [5000ms]" }
{"type": "server", "timestamp": "2022-03-29T05:38:14,959Z", "level": "WARN", "component": "o.e.t.ThreadPool", "cluster.name": "tpotcluster", "node.name": "tpotcluster-node-01", "message": "timer thread slept for [5.9m/354537806701ns] on relative clock which is above the warn threshold of [5000ms]" }
{"type": "server", "timestamp": "2022-03-29T05:41:14,211Z", "level": "WARN", "component": "o.e.t.ThreadPool", "cluster.name": "tpotcluster", "node.name": "tpotcluster-node-01", "message": "timer thread slept for [5.7m/342641ms] on absolute clock which is above the warn threshold of [5000ms]" }
{"type": "server", "timestamp": "2022-03-29T05:44:38,295Z", "level": "WARN", "component": "o.e.t.ThreadPool", "cluster.name": "tpotcluster", "node.name": "tpotcluster-node-01", "message": "timer thread slept for [5.7m/342536657470ns] on relative clock which is above the warn threshold of [5000ms]" }
{"type": "server", "timestamp": "2022-03-29T05:44:54,442Z", "level": "WARN", "component": "o.e.t.ThreadPool", "cluster.name": "tpotcluster", "node.name": "tpotcluster-node-01", "message": "execution of [ReschedulingRunnable{runnable=org.elasticsearch.monitor.jvm.JvmGcMonitorService$1@767f605d, interval=1s}] took [342536ms] which is above the warn threshold of [5000ms]" }
{"type": "server", "timestamp": "2022-03-29T05:46:07,973Z", "level": "WARN", "component": "o.e.m.f.FsHealthService", "cluster.name": "tpotcluster", "node.name": "tpotcluster-node-01", "message": "health check of [/data/elk/data/nodes/0] took [342537ms] which is above the warn threshold of [5s]" }
{"type": "server", "timestamp": "2022-03-29T05:48:18,049Z", "level": "WARN", "component": "o.e.t.ThreadPool", "cluster.name": "tpotcluster", "node.name": "tpotcluster-node-01", "message": "timer thread slept for [7.1m/426289ms] on absolute clock which is above the warn threshold of [5000ms]" }
{"type": "server", "timestamp": "2022-03-29T05:51:23,724Z", "level": "WARN", "component": "o.e.t.ThreadPool", "cluster.name": "tpotcluster", "node.name": "tpotcluster-node-01", "message": "timer thread slept for [7.1m/426527140739ns] on relative clock which is above the warn threshold of [5000ms]" }
{"type": "server", "timestamp": "2022-03-29T05:55:22,418Z", "level": "WARN", "component": "o.e.t.ThreadPool", "cluster.name": "tpotcluster", "node.name": "tpotcluster-node-01", "message": "timer thread slept for [6.9m/415449ms] on absolute clock which is above the warn threshold of [5000ms]" }
{"type": "server", "timestamp": "2022-03-29T05:58:11,273Z", "level": "WARN", "component": "o.e.t.ThreadPool", "cluster.name": "tpotcluster", "node.name": "tpotcluster-node-01", "message": "execution of [ReschedulingRunnable{runnable=org.elasticsearch.monitor.jvm.JvmGcMonitorService$1@767f605d, interval=1s}] took [415449ms] which is above the warn threshold of [5000ms]" }
{"type": "server", "timestamp": "2022-03-29T05:59:17,787Z", "level": "WARN", "component": "o.e.t.ThreadPool", "cluster.name": "tpotcluster", "node.name": "tpotcluster-node-01", "message": "timer thread slept for [6.9m/415449313320ns] on relative clock which is above the warn threshold of [5000ms]" }
{"type": "server", "timestamp": "2022-03-29T06:02:01,231Z", "level": "WARN", "component": "o.e.t.ThreadPool", "cluster.name": "tpotcluster", "node.name": "tpotcluster-node-01", "message": "timer thread slept for [6.7m/407859ms] on absolute clock which is above the warn threshold of [5000ms]" }
{"type": "server", "timestamp": "2022-03-29T06:05:41,084Z", "level": "WARN", "component": "o.e.t.ThreadPool", "cluster.name": "tpotcluster", "node.name": "tpotcluster-node-01", "message": "timer thread slept for [6.7m/407743001912ns] on relative clock which is above the warn threshold of [5000ms]" }
{"type": "server", "timestamp": "2022-03-29T06:10:41,641Z", "level": "WARN", "component": "o.e.t.ThreadPool", "cluster.name": "tpotcluster", "node.name": "tpotcluster-node-01", "message": "timer thread slept for [8m/481785ms] on absolute clock which is above the warn threshold of [5000ms]" }
{"type": "server", "timestamp": "2022-03-29T06:16:37,859Z", "level": "WARN", "component": "o.e.t.ThreadPool", "cluster.name": "tpotcluster", "node.name": "tpotcluster-node-01", "message": "execution of [ReschedulingRunnable{runnable=org.elasticsearch.monitor.jvm.JvmGcMonitorService$1@767f605d, interval=1s}] took [481674ms] which is above the warn threshold of [5000ms]" }
{"type": "server", "timestamp": "2022-03-29T06:19:00,581Z", "level": "WARN", "component": "o.e.t.ThreadPool", "cluster.name": "tpotcluster", "node.name": "tpotcluster-node-01", "message": "timer thread slept for [8m/481674227636ns] on relative clock which is above the warn threshold of [5000ms]" }
{"type": "server", "timestamp": "2022-03-29T06:19:24,092Z", "level": "WARN", "component": "o.e.m.f.FsHealthService", "cluster.name": "tpotcluster", "node.name": "tpotcluster-node-01", "message": "health check of [/data/elk/data/nodes/0] took [481674ms] which is above the warn threshold of [5s]" }
{"type": "server", "timestamp": "2022-03-29T06:23:08,504Z", "level": "WARN", "component": "o.e.t.ThreadPool", "cluster.name": "tpotcluster", "node.name": "tpotcluster-node-01", "message": "timer thread slept for [12.7m/764779ms] on absolute clock which is above the warn threshold of [5000ms]" }
{"type": "server", "timestamp": "2022-03-29T06:23:52,497Z", "level": "WARN", "component": "o.e.t.ThreadPool", "cluster.name": "tpotcluster", "node.name": "tpotcluster-node-01", "message": "execution of [ReschedulingRunnable{runnable=org.elasticsearch.watcher.ResourceWatcherService$ResourceMonitor@7f99b2d2, interval=5s}] took [764703ms] which is above the warn threshold of [5000ms]" }
{"type": "server", "timestamp": "2022-03-29T06:26:48,640Z", "level": "WARN", "component": "o.e.t.ThreadPool", "cluster.name": "tpotcluster", "node.name": "tpotcluster-node-01", "message": "timer thread slept for [12.7m/764703805274ns] on relative clock which is above the warn threshold of [5000ms]" }
{"type": "server", "timestamp": "2022-03-29T06:32:18,361Z", "level": "WARN", "component": "o.e.t.ThreadPool", "cluster.name": "tpotcluster", "node.name": "tpotcluster-node-01", "message": "timer thread slept for [9.1m/551987ms] on absolute clock which is above the warn threshold of [5000ms]" }
{"type": "server", "timestamp": "2022-03-29T06:35:40,268Z", "level": "WARN", "component": "o.e.t.ThreadPool", "cluster.name": "tpotcluster", "node.name": "tpotcluster-node-01", "message": "timer thread slept for [9.1m/551848255984ns] on relative clock which is above the warn threshold of [5000ms]" }
{"type": "server", "timestamp": "2022-03-29T06:39:10,812Z", "level": "WARN", "component": "o.e.t.ThreadPool", "cluster.name": "tpotcluster", "node.name": "tpotcluster-node-01", "message": "timer thread slept for [6.9m/416521ms] on absolute clock which is above the warn threshold of [5000ms]" }
{"type": "server", "timestamp": "2022-03-29T06:05:56,363Z", "level": "WARN", "component": "o.e.t.ThreadPool", "cluster.name": "tpotcluster", "node.name": "tpotcluster-node-01", "message": "failed to run scheduled task [org.elasticsearch.xpack.searchablesnapshots.SearchableSnapshotsUsageTracker@1f022b3e] on thread pool [generic]", 
"stacktrace": ["java.lang.NullPointerException: Cannot invoke \"org.elasticsearch.cluster.ClusterState.metadata()\" because \"state\" is null",
"at org.elasticsearch.xpack.searchablesnapshots.SearchableSnapshotsUsageTracker.hasSearchableSnapshotsIndices(SearchableSnapshotsUsageTracker.java:37) ~[?:?]",
"at org.elasticsearch.xpack.searchablesnapshots.SearchableSnapshotsUsageTracker.run(SearchableSnapshotsUsageTracker.java:31) ~[?:?]",
"at org.elasticsearch.threadpool.Scheduler$ReschedulingRunnable.doRun(Scheduler.java:214) [elasticsearch-7.17.0.jar:7.17.0]",
"at org.elasticsearch.common.util.concurrent.ThreadContext$ContextPreservingAbstractRunnable.doRun(ThreadContext.java:777) [elasticsearch-7.17.0.jar:7.17.0]",
"at org.elasticsearch.common.util.concurrent.AbstractRunnable.run(AbstractRunnable.java:26) [elasticsearch-7.17.0.jar:7.17.0]",
"at java.util.concurrent.ThreadPoolExecutor.runWorker(ThreadPoolExecutor.java:1130) [?:?]",
"at java.util.concurrent.ThreadPoolExecutor$Worker.run(ThreadPoolExecutor.java:630) [?:?]",
"at java.lang.Thread.run(Thread.java:831) [?:?]"] }
{"type": "server", "timestamp": "2022-03-29T06:43:06,795Z", "level": "WARN", "component": "o.e.t.ThreadPool", "cluster.name": "tpotcluster", "node.name": "tpotcluster-node-01", "message": "timer thread slept for [6.9m/416961644651ns] on relative clock which is above the warn threshold of [5000ms]" }
{"type": "server", "timestamp": "2022-03-29T06:47:47,795Z", "level": "WARN", "component": "o.e.t.ThreadPool", "cluster.name": "tpotcluster", "node.name": "tpotcluster-node-01", "message": "timer thread slept for [8.5m/514785ms] on absolute clock which is above the warn threshold of [5000ms]" }
{"type": "server", "timestamp": "2022-03-29T06:47:51,018Z", "level": "WARN", "component": "o.e.t.ThreadPool", "cluster.name": "tpotcluster", "node.name": "tpotcluster-node-01", "message": "execution of [ReschedulingRunnable{runnable=org.elasticsearch.monitor.jvm.JvmGcMonitorService$1@767f605d, interval=1s}] took [514544ms] which is above the warn threshold of [5000ms]" }
{"type": "server", "timestamp": "2022-03-29T06:49:52,733Z", "level": "WARN", "component": "o.e.m.f.FsHealthService", "cluster.name": "tpotcluster", "node.name": "tpotcluster-node-01", "message": "health check of [/data/elk/data/nodes/0] took [514545ms] which is above the warn threshold of [5s]" }
{"type": "server", "timestamp": "2022-03-29T06:52:49,822Z", "level": "WARN", "component": "o.e.t.ThreadPool", "cluster.name": "tpotcluster", "node.name": "tpotcluster-node-01", "message": "timer thread slept for [8.5m/514544217224ns] on relative clock which is above the warn threshold of [5000ms]" }
{"type": "server", "timestamp": "2022-03-29T07:05:32,659Z", "level": "INFO", "component": "o.e.n.Node", "cluster.name": "tpotcluster", "node.name": "tpotcluster-node-01", "message": "version[7.17.0], pid[1], build[default/tar/bee86328705acaa9a6daede7140defd4d9ec56bd/2022-01-28T08:36:04.875279988Z], OS[Linux/4.19.0-20-cloud-amd64/amd64], JVM[Alpine/OpenJDK 64-Bit Server VM/16.0.2/16.0.2+7-alpine-r1]" }
{"type": "server", "timestamp": "2022-03-29T07:05:32,709Z", "level": "INFO", "component": "o.e.n.Node", "cluster.name": "tpotcluster", "node.name": "tpotcluster-node-01", "message": "JVM home [/usr/lib/jvm/java-16-openjdk], using bundled JDK [false]" }
{"type": "server", "timestamp": "2022-03-29T07:05:32,710Z", "level": "INFO", "component": "o.e.n.Node", "cluster.name": "tpotcluster", "node.name": "tpotcluster-node-01", "message": "JVM arguments [-Xshare:auto, -Des.networkaddress.cache.ttl=60, -Des.networkaddress.cache.negative.ttl=10, -XX:+AlwaysPreTouch, -Xss1m, -Djava.awt.headless=true, -Dfile.encoding=UTF-8, -Djna.nosys=true, -XX:-OmitStackTraceInFastThrow, -XX:+ShowCodeDetailsInExceptionMessages, -Dio.netty.noUnsafe=true, -Dio.netty.noKeySetOptimization=true, -Dio.netty.recycler.maxCapacityPerThread=0, -Dio.netty.allocator.numDirectArenas=0, -Dlog4j.shutdownHookEnabled=false, -Dlog4j2.disable.jmx=true, -Dlog4j2.formatMsgNoLookups=true, -Djava.locale.providers=SPI,COMPAT, --add-opens=java.base/java.io=ALL-UNNAMED, -XX:+UseG1GC, -Djava.io.tmpdir=/tmp, -XX:+HeapDumpOnOutOfMemoryError, -XX:+ExitOnOutOfMemoryError, -XX:HeapDumpPath=data, -XX:ErrorFile=logs/hs_err_pid%p.log, -Xlog:gc*,gc+age=trace,safepoint:file=logs/gc.log:utctime,pid,tags:filecount=32,filesize=64m, -Xms2048m, -Xmx2048m, -XX:MaxDirectMemorySize=1073741824, -XX:G1HeapRegionSize=4m, -XX:InitiatingHeapOccupancyPercent=30, -XX:G1ReservePercent=15, -Des.path.home=/usr/share/elasticsearch, -Des.path.conf=/usr/share/elasticsearch/config, -Des.distribution.flavor=default, -Des.distribution.type=tar, -Des.bundled_jdk=true]" }
{"type": "server", "timestamp": "2022-03-29T07:05:39,735Z", "level": "INFO", "component": "o.e.p.PluginsService", "cluster.name": "tpotcluster", "node.name": "tpotcluster-node-01", "message": "loaded module [aggs-matrix-stats]" }
{"type": "server", "timestamp": "2022-03-29T07:05:39,737Z", "level": "INFO", "component": "o.e.p.PluginsService", "cluster.name": "tpotcluster", "node.name": "tpotcluster-node-01", "message": "loaded module [analysis-common]" }
{"type": "server", "timestamp": "2022-03-29T07:05:39,739Z", "level": "INFO", "component": "o.e.p.PluginsService", "cluster.name": "tpotcluster", "node.name": "tpotcluster-node-01", "message": "loaded module [constant-keyword]" }
{"type": "server", "timestamp": "2022-03-29T07:05:39,740Z", "level": "INFO", "component": "o.e.p.PluginsService", "cluster.name": "tpotcluster", "node.name": "tpotcluster-node-01", "message": "loaded module [frozen-indices]" }
{"type": "server", "timestamp": "2022-03-29T07:05:39,741Z", "level": "INFO", "component": "o.e.p.PluginsService", "cluster.name": "tpotcluster", "node.name": "tpotcluster-node-01", "message": "loaded module [ingest-common]" }
{"type": "server", "timestamp": "2022-03-29T07:05:39,742Z", "level": "INFO", "component": "o.e.p.PluginsService", "cluster.name": "tpotcluster", "node.name": "tpotcluster-node-01", "message": "loaded module [ingest-geoip]" }
{"type": "server", "timestamp": "2022-03-29T07:05:39,743Z", "level": "INFO", "component": "o.e.p.PluginsService", "cluster.name": "tpotcluster", "node.name": "tpotcluster-node-01", "message": "loaded module [ingest-user-agent]" }
{"type": "server", "timestamp": "2022-03-29T07:05:39,744Z", "level": "INFO", "component": "o.e.p.PluginsService", "cluster.name": "tpotcluster", "node.name": "tpotcluster-node-01", "message": "loaded module [kibana]" }
{"type": "server", "timestamp": "2022-03-29T07:05:39,745Z", "level": "INFO", "component": "o.e.p.PluginsService", "cluster.name": "tpotcluster", "node.name": "tpotcluster-node-01", "message": "loaded module [lang-expression]" }
{"type": "server", "timestamp": "2022-03-29T07:05:39,746Z", "level": "INFO", "component": "o.e.p.PluginsService", "cluster.name": "tpotcluster", "node.name": "tpotcluster-node-01", "message": "loaded module [lang-mustache]" }
{"type": "server", "timestamp": "2022-03-29T07:05:39,746Z", "level": "INFO", "component": "o.e.p.PluginsService", "cluster.name": "tpotcluster", "node.name": "tpotcluster-node-01", "message": "loaded module [lang-painless]" }
{"type": "server", "timestamp": "2022-03-29T07:05:39,747Z", "level": "INFO", "component": "o.e.p.PluginsService", "cluster.name": "tpotcluster", "node.name": "tpotcluster-node-01", "message": "loaded module [legacy-geo]" }
{"type": "server", "timestamp": "2022-03-29T07:05:39,748Z", "level": "INFO", "component": "o.e.p.PluginsService", "cluster.name": "tpotcluster", "node.name": "tpotcluster-node-01", "message": "loaded module [mapper-extras]" }
{"type": "server", "timestamp": "2022-03-29T07:05:39,750Z", "level": "INFO", "component": "o.e.p.PluginsService", "cluster.name": "tpotcluster", "node.name": "tpotcluster-node-01", "message": "loaded module [mapper-version]" }
{"type": "server", "timestamp": "2022-03-29T07:05:39,751Z", "level": "INFO", "component": "o.e.p.PluginsService", "cluster.name": "tpotcluster", "node.name": "tpotcluster-node-01", "message": "loaded module [parent-join]" }
{"type": "server", "timestamp": "2022-03-29T07:05:39,753Z", "level": "INFO", "component": "o.e.p.PluginsService", "cluster.name": "tpotcluster", "node.name": "tpotcluster-node-01", "message": "loaded module [percolator]" }
{"type": "server", "timestamp": "2022-03-29T07:05:39,754Z", "level": "INFO", "component": "o.e.p.PluginsService", "cluster.name": "tpotcluster", "node.name": "tpotcluster-node-01", "message": "loaded module [rank-eval]" }
{"type": "server", "timestamp": "2022-03-29T07:05:39,754Z", "level": "INFO", "component": "o.e.p.PluginsService", "cluster.name": "tpotcluster", "node.name": "tpotcluster-node-01", "message": "loaded module [reindex]" }
{"type": "server", "timestamp": "2022-03-29T07:05:39,755Z", "level": "INFO", "component": "o.e.p.PluginsService", "cluster.name": "tpotcluster", "node.name": "tpotcluster-node-01", "message": "loaded module [repositories-metering-api]" }
{"type": "server", "timestamp": "2022-03-29T07:05:39,758Z", "level": "INFO", "component": "o.e.p.PluginsService", "cluster.name": "tpotcluster", "node.name": "tpotcluster-node-01", "message": "loaded module [repository-encrypted]" }
{"type": "server", "timestamp": "2022-03-29T07:05:39,758Z", "level": "INFO", "component": "o.e.p.PluginsService", "cluster.name": "tpotcluster", "node.name": "tpotcluster-node-01", "message": "loaded module [repository-url]" }
{"type": "server", "timestamp": "2022-03-29T07:05:39,759Z", "level": "INFO", "component": "o.e.p.PluginsService", "cluster.name": "tpotcluster", "node.name": "tpotcluster-node-01", "message": "loaded module [runtime-fields-common]" }
{"type": "server", "timestamp": "2022-03-29T07:05:39,760Z", "level": "INFO", "component": "o.e.p.PluginsService", "cluster.name": "tpotcluster", "node.name": "tpotcluster-node-01", "message": "loaded module [search-business-rules]" }
{"type": "server", "timestamp": "2022-03-29T07:05:39,760Z", "level": "INFO", "component": "o.e.p.PluginsService", "cluster.name": "tpotcluster", "node.name": "tpotcluster-node-01", "message": "loaded module [searchable-snapshots]" }
{"type": "server", "timestamp": "2022-03-29T07:05:39,762Z", "level": "INFO", "component": "o.e.p.PluginsService", "cluster.name": "tpotcluster", "node.name": "tpotcluster-node-01", "message": "loaded module [snapshot-repo-test-kit]" }
{"type": "server", "timestamp": "2022-03-29T07:05:39,763Z", "level": "INFO", "component": "o.e.p.PluginsService", "cluster.name": "tpotcluster", "node.name": "tpotcluster-node-01", "message": "loaded module [spatial]" }
{"type": "server", "timestamp": "2022-03-29T07:05:39,765Z", "level": "INFO", "component": "o.e.p.PluginsService", "cluster.name": "tpotcluster", "node.name": "tpotcluster-node-01", "message": "loaded module [transform]" }
{"type": "server", "timestamp": "2022-03-29T07:05:39,765Z", "level": "INFO", "component": "o.e.p.PluginsService", "cluster.name": "tpotcluster", "node.name": "tpotcluster-node-01", "message": "loaded module [transport-netty4]" }
{"type": "server", "timestamp": "2022-03-29T07:05:39,766Z", "level": "INFO", "component": "o.e.p.PluginsService", "cluster.name": "tpotcluster", "node.name": "tpotcluster-node-01", "message": "loaded module [unsigned-long]" }
{"type": "server", "timestamp": "2022-03-29T07:05:39,767Z", "level": "INFO", "component": "o.e.p.PluginsService", "cluster.name": "tpotcluster", "node.name": "tpotcluster-node-01", "message": "loaded module [vector-tile]" }
{"type": "server", "timestamp": "2022-03-29T07:05:39,769Z", "level": "INFO", "component": "o.e.p.PluginsService", "cluster.name": "tpotcluster", "node.name": "tpotcluster-node-01", "message": "loaded module [vectors]" }
{"type": "server", "timestamp": "2022-03-29T07:05:39,770Z", "level": "INFO", "component": "o.e.p.PluginsService", "cluster.name": "tpotcluster", "node.name": "tpotcluster-node-01", "message": "loaded module [wildcard]" }
{"type": "server", "timestamp": "2022-03-29T07:05:39,772Z", "level": "INFO", "component": "o.e.p.PluginsService", "cluster.name": "tpotcluster", "node.name": "tpotcluster-node-01", "message": "loaded module [x-pack-aggregate-metric]" }
{"type": "server", "timestamp": "2022-03-29T07:05:39,772Z", "level": "INFO", "component": "o.e.p.PluginsService", "cluster.name": "tpotcluster", "node.name": "tpotcluster-node-01", "message": "loaded module [x-pack-analytics]" }
{"type": "server", "timestamp": "2022-03-29T07:05:39,774Z", "level": "INFO", "component": "o.e.p.PluginsService", "cluster.name": "tpotcluster", "node.name": "tpotcluster-node-01", "message": "loaded module [x-pack-async]" }
{"type": "server", "timestamp": "2022-03-29T07:05:39,774Z", "level": "INFO", "component": "o.e.p.PluginsService", "cluster.name": "tpotcluster", "node.name": "tpotcluster-node-01", "message": "loaded module [x-pack-async-search]" }
{"type": "server", "timestamp": "2022-03-29T07:05:39,775Z", "level": "INFO", "component": "o.e.p.PluginsService", "cluster.name": "tpotcluster", "node.name": "tpotcluster-node-01", "message": "loaded module [x-pack-autoscaling]" }
{"type": "server", "timestamp": "2022-03-29T07:05:39,776Z", "level": "INFO", "component": "o.e.p.PluginsService", "cluster.name": "tpotcluster", "node.name": "tpotcluster-node-01", "message": "loaded module [x-pack-ccr]" }
{"type": "server", "timestamp": "2022-03-29T07:05:39,777Z", "level": "INFO", "component": "o.e.p.PluginsService", "cluster.name": "tpotcluster", "node.name": "tpotcluster-node-01", "message": "loaded module [x-pack-core]" }
{"type": "server", "timestamp": "2022-03-29T07:05:39,779Z", "level": "INFO", "component": "o.e.p.PluginsService", "cluster.name": "tpotcluster", "node.name": "tpotcluster-node-01", "message": "loaded module [x-pack-data-streams]" }
{"type": "server", "timestamp": "2022-03-29T07:05:39,782Z", "level": "INFO", "component": "o.e.p.PluginsService", "cluster.name": "tpotcluster", "node.name": "tpotcluster-node-01", "message": "loaded module [x-pack-deprecation]" }
{"type": "server", "timestamp": "2022-03-29T07:05:39,783Z", "level": "INFO", "component": "o.e.p.PluginsService", "cluster.name": "tpotcluster", "node.name": "tpotcluster-node-01", "message": "loaded module [x-pack-enrich]" }
{"type": "server", "timestamp": "2022-03-29T07:05:39,784Z", "level": "INFO", "component": "o.e.p.PluginsService", "cluster.name": "tpotcluster", "node.name": "tpotcluster-node-01", "message": "loaded module [x-pack-eql]" }
{"type": "server", "timestamp": "2022-03-29T07:05:39,784Z", "level": "INFO", "component": "o.e.p.PluginsService", "cluster.name": "tpotcluster", "node.name": "tpotcluster-node-01", "message": "loaded module [x-pack-fleet]" }
{"type": "server", "timestamp": "2022-03-29T07:05:39,785Z", "level": "INFO", "component": "o.e.p.PluginsService", "cluster.name": "tpotcluster", "node.name": "tpotcluster-node-01", "message": "loaded module [x-pack-graph]" }
{"type": "server", "timestamp": "2022-03-29T07:05:39,785Z", "level": "INFO", "component": "o.e.p.PluginsService", "cluster.name": "tpotcluster", "node.name": "tpotcluster-node-01", "message": "loaded module [x-pack-identity-provider]" }
{"type": "server", "timestamp": "2022-03-29T07:05:39,786Z", "level": "INFO", "component": "o.e.p.PluginsService", "cluster.name": "tpotcluster", "node.name": "tpotcluster-node-01", "message": "loaded module [x-pack-ilm]" }
{"type": "server", "timestamp": "2022-03-29T07:05:39,786Z", "level": "INFO", "component": "o.e.p.PluginsService", "cluster.name": "tpotcluster", "node.name": "tpotcluster-node-01", "message": "loaded module [x-pack-logstash]" }
{"type": "server", "timestamp": "2022-03-29T07:05:39,787Z", "level": "INFO", "component": "o.e.p.PluginsService", "cluster.name": "tpotcluster", "node.name": "tpotcluster-node-01", "message": "loaded module [x-pack-monitoring]" }
{"type": "server", "timestamp": "2022-03-29T07:05:39,788Z", "level": "INFO", "component": "o.e.p.PluginsService", "cluster.name": "tpotcluster", "node.name": "tpotcluster-node-01", "message": "loaded module [x-pack-ql]" }
{"type": "server", "timestamp": "2022-03-29T07:05:39,789Z", "level": "INFO", "component": "o.e.p.PluginsService", "cluster.name": "tpotcluster", "node.name": "tpotcluster-node-01", "message": "loaded module [x-pack-rollup]" }
{"type": "server", "timestamp": "2022-03-29T07:05:39,789Z", "level": "INFO", "component": "o.e.p.PluginsService", "cluster.name": "tpotcluster", "node.name": "tpotcluster-node-01", "message": "loaded module [x-pack-security]" }
{"type": "server", "timestamp": "2022-03-29T07:05:39,790Z", "level": "INFO", "component": "o.e.p.PluginsService", "cluster.name": "tpotcluster", "node.name": "tpotcluster-node-01", "message": "loaded module [x-pack-shutdown]" }
{"type": "server", "timestamp": "2022-03-29T07:05:39,791Z", "level": "INFO", "component": "o.e.p.PluginsService", "cluster.name": "tpotcluster", "node.name": "tpotcluster-node-01", "message": "loaded module [x-pack-sql]" }
{"type": "server", "timestamp": "2022-03-29T07:05:39,793Z", "level": "INFO", "component": "o.e.p.PluginsService", "cluster.name": "tpotcluster", "node.name": "tpotcluster-node-01", "message": "loaded module [x-pack-stack]" }
{"type": "server", "timestamp": "2022-03-29T07:05:39,795Z", "level": "INFO", "component": "o.e.p.PluginsService", "cluster.name": "tpotcluster", "node.name": "tpotcluster-node-01", "message": "loaded module [x-pack-text-structure]" }
{"type": "server", "timestamp": "2022-03-29T07:05:39,796Z", "level": "INFO", "component": "o.e.p.PluginsService", "cluster.name": "tpotcluster", "node.name": "tpotcluster-node-01", "message": "loaded module [x-pack-voting-only-node]" }
{"type": "server", "timestamp": "2022-03-29T07:05:39,796Z", "level": "INFO", "component": "o.e.p.PluginsService", "cluster.name": "tpotcluster", "node.name": "tpotcluster-node-01", "message": "loaded module [x-pack-watcher]" }
{"type": "server", "timestamp": "2022-03-29T07:05:39,798Z", "level": "INFO", "component": "o.e.p.PluginsService", "cluster.name": "tpotcluster", "node.name": "tpotcluster-node-01", "message": "no plugins loaded" }
{"type": "server", "timestamp": "2022-03-29T07:05:39,888Z", "level": "INFO", "component": "o.e.e.NodeEnvironment", "cluster.name": "tpotcluster", "node.name": "tpotcluster-node-01", "message": "using [1] data paths, mounts [[/data (/dev/sda1)]], net usable_space [103.6gb], net total_space [125.8gb], types [ext4]" }
{"type": "server", "timestamp": "2022-03-29T07:05:39,889Z", "level": "INFO", "component": "o.e.e.NodeEnvironment", "cluster.name": "tpotcluster", "node.name": "tpotcluster-node-01", "message": "heap size [2gb], compressed ordinary object pointers [true]" }
{"type": "server", "timestamp": "2022-03-29T07:05:40,424Z", "level": "INFO", "component": "o.e.n.Node", "cluster.name": "tpotcluster", "node.name": "tpotcluster-node-01", "message": "node name [tpotcluster-node-01], node ID [t9hfPgy_RyC9LOJUxQUrSQ], cluster name [tpotcluster], roles [transform, data_frozen, master, remote_cluster_client, data, data_content, data_hot, data_warm, data_cold, ingest]" }
{"type": "server", "timestamp": "2022-03-29T07:05:53,019Z", "level": "INFO", "component": "o.e.i.g.ConfigDatabases", "cluster.name": "tpotcluster", "node.name": "tpotcluster-node-01", "message": "initialized default databases [[GeoLite2-Country.mmdb, GeoLite2-City.mmdb, GeoLite2-ASN.mmdb]], config databases [[]] and watching [/usr/share/elasticsearch/config/ingest-geoip] for changes" }
{"type": "server", "timestamp": "2022-03-29T07:05:53,023Z", "level": "INFO", "component": "o.e.i.g.DatabaseNodeService", "cluster.name": "tpotcluster", "node.name": "tpotcluster-node-01", "message": "initialized database registry, using geoip-databases directory [/tmp/geoip-databases/t9hfPgy_RyC9LOJUxQUrSQ]" }
{"type": "server", "timestamp": "2022-03-29T07:05:54,795Z", "level": "INFO", "component": "o.e.t.NettyAllocator", "cluster.name": "tpotcluster", "node.name": "tpotcluster-node-01", "message": "creating NettyAllocator with the following configs: [name=elasticsearch_configured, chunk_size=1mb, suggested_max_allocation_size=1mb, factors={es.unsafe.use_netty_default_chunk_and_page_size=false, g1gc_enabled=true, g1gc_region_size=4mb}]" }
{"type": "server", "timestamp": "2022-03-29T07:05:55,031Z", "level": "INFO", "component": "o.e.d.DiscoveryModule", "cluster.name": "tpotcluster", "node.name": "tpotcluster-node-01", "message": "using discovery type [single-node] and seed hosts providers [settings]" }
{"type": "server", "timestamp": "2022-03-29T07:05:56,442Z", "level": "INFO", "component": "o.e.g.DanglingIndicesState", "cluster.name": "tpotcluster", "node.name": "tpotcluster-node-01", "message": "gateway.auto_import_dangling_indices is disabled, dangling indices will not be automatically detected or imported and must be managed manually" }
{"type": "server", "timestamp": "2022-03-29T07:05:57,819Z", "level": "INFO", "component": "o.e.n.Node", "cluster.name": "tpotcluster", "node.name": "tpotcluster-node-01", "message": "initialized" }
{"type": "server", "timestamp": "2022-03-29T07:05:57,820Z", "level": "INFO", "component": "o.e.n.Node", "cluster.name": "tpotcluster", "node.name": "tpotcluster-node-01", "message": "starting ..." }
{"type": "server", "timestamp": "2022-03-29T07:05:57,947Z", "level": "INFO", "component": "o.e.x.s.c.f.PersistentCache", "cluster.name": "tpotcluster", "node.name": "tpotcluster-node-01", "message": "persistent cache index loaded" }
{"type": "server", "timestamp": "2022-03-29T07:05:57,949Z", "level": "INFO", "component": "o.e.x.d.l.DeprecationIndexingComponent", "cluster.name": "tpotcluster", "node.name": "tpotcluster-node-01", "message": "deprecation component started" }
{"type": "server", "timestamp": "2022-03-29T07:05:58,262Z", "level": "INFO", "component": "o.e.t.TransportService", "cluster.name": "tpotcluster", "node.name": "tpotcluster-node-01", "message": "publish_address {127.0.0.1:9300}, bound_addresses {127.0.0.1:9300}" }
{"type": "server", "timestamp": "2022-03-29T07:06:00,569Z", "level": "INFO", "component": "o.e.c.c.Coordinator", "cluster.name": "tpotcluster", "node.name": "tpotcluster-node-01", "message": "cluster UUID [Qbw2pof0QzSXC1OvK0aFSw]" }
{"type": "server", "timestamp": "2022-03-29T07:06:00,732Z", "level": "INFO", "component": "o.e.c.s.MasterService", "cluster.name": "tpotcluster", "node.name": "tpotcluster-node-01", "message": "elected-as-master ([1] nodes joined)[{tpotcluster-node-01}{t9hfPgy_RyC9LOJUxQUrSQ}{wiyuKYKUQWOg2mMJwrEYeQ}{127.0.0.1}{127.0.0.1:9300}{cdfhimrstw} elect leader, _BECOME_MASTER_TASK_, _FINISH_ELECTION_], term: 148, version: 4240, delta: master node changed {previous [], current [{tpotcluster-node-01}{t9hfPgy_RyC9LOJUxQUrSQ}{wiyuKYKUQWOg2mMJwrEYeQ}{127.0.0.1}{127.0.0.1:9300}{cdfhimrstw}]}" }
{"type": "server", "timestamp": "2022-03-29T07:06:00,943Z", "level": "INFO", "component": "o.e.c.s.ClusterApplierService", "cluster.name": "tpotcluster", "node.name": "tpotcluster-node-01", "message": "master node changed {previous [], current [{tpotcluster-node-01}{t9hfPgy_RyC9LOJUxQUrSQ}{wiyuKYKUQWOg2mMJwrEYeQ}{127.0.0.1}{127.0.0.1:9300}{cdfhimrstw}]}, term: 148, version: 4240, reason: Publication{term=148, version=4240}" }
{"type": "server", "timestamp": "2022-03-29T07:06:01,069Z", "level": "INFO", "component": "o.e.h.AbstractHttpServerTransport", "cluster.name": "tpotcluster", "node.name": "tpotcluster-node-01", "message": "publish_address {192.168.48.2:9200}, bound_addresses {0.0.0.0:9200}", "cluster.uuid": "Qbw2pof0QzSXC1OvK0aFSw", "node.id": "t9hfPgy_RyC9LOJUxQUrSQ"  }
{"type": "server", "timestamp": "2022-03-29T07:06:01,069Z", "level": "INFO", "component": "o.e.n.Node", "cluster.name": "tpotcluster", "node.name": "tpotcluster-node-01", "message": "started", "cluster.uuid": "Qbw2pof0QzSXC1OvK0aFSw", "node.id": "t9hfPgy_RyC9LOJUxQUrSQ"  }
{"type": "server", "timestamp": "2022-03-29T07:06:02,599Z", "level": "INFO", "component": "o.e.l.LicenseService", "cluster.name": "tpotcluster", "node.name": "tpotcluster-node-01", "message": "license [06f03395-4097-4495-8e63-b3dc92f4de14] mode [basic] - valid", "cluster.uuid": "Qbw2pof0QzSXC1OvK0aFSw", "node.id": "t9hfPgy_RyC9LOJUxQUrSQ"  }
{"type": "server", "timestamp": "2022-03-29T07:06:02,618Z", "level": "INFO", "component": "o.e.g.GatewayService", "cluster.name": "tpotcluster", "node.name": "tpotcluster-node-01", "message": "recovered [32] indices into cluster_state", "cluster.uuid": "Qbw2pof0QzSXC1OvK0aFSw", "node.id": "t9hfPgy_RyC9LOJUxQUrSQ"  }
{"type": "server", "timestamp": "2022-03-29T07:06:04,154Z", "level": "INFO", "component": "o.e.i.g.GeoIpDownloader", "cluster.name": "tpotcluster", "node.name": "tpotcluster-node-01", "message": "updating geoip databases", "cluster.uuid": "Qbw2pof0QzSXC1OvK0aFSw", "node.id": "t9hfPgy_RyC9LOJUxQUrSQ"  }
{"type": "server", "timestamp": "2022-03-29T07:06:04,162Z", "level": "INFO", "component": "o.e.i.g.GeoIpDownloader", "cluster.name": "tpotcluster", "node.name": "tpotcluster-node-01", "message": "fetching geoip databases overview from [https://geoip.elastic.co/v1/database?elastic_geoip_service_tos=agree]", "cluster.uuid": "Qbw2pof0QzSXC1OvK0aFSw", "node.id": "t9hfPgy_RyC9LOJUxQUrSQ"  }
{"type": "server", "timestamp": "2022-03-29T07:07:15,674Z", "level": "WARN", "component": "o.e.t.ThreadPool", "cluster.name": "tpotcluster", "node.name": "tpotcluster-node-01", "message": "execution of [ReschedulingRunnable{runnable=org.elasticsearch.monitor.jvm.JvmGcMonitorService$1@16188247, interval=1s}] took [47233ms] which is above the warn threshold of [5000ms]", "cluster.uuid": "Qbw2pof0QzSXC1OvK0aFSw", "node.id": "t9hfPgy_RyC9LOJUxQUrSQ"  }
{"type": "server", "timestamp": "2022-03-29T07:07:34,812Z", "level": "WARN", "component": "o.e.t.ThreadPool", "cluster.name": "tpotcluster", "node.name": "tpotcluster-node-01", "message": "timer thread slept for [7.5s/7505ms] on absolute clock which is above the warn threshold of [5000ms]", "cluster.uuid": "Qbw2pof0QzSXC1OvK0aFSw", "node.id": "t9hfPgy_RyC9LOJUxQUrSQ"  }
{"type": "server", "timestamp": "2022-03-29T07:07:44,561Z", "level": "WARN", "component": "o.e.t.ThreadPool", "cluster.name": "tpotcluster", "node.name": "tpotcluster-node-01", "message": "timer thread slept for [7.5s/7505454611ns] on relative clock which is above the warn threshold of [5000ms]", "cluster.uuid": "Qbw2pof0QzSXC1OvK0aFSw", "node.id": "t9hfPgy_RyC9LOJUxQUrSQ"  }
{"type": "server", "timestamp": "2022-03-29T07:07:48,471Z", "level": "WARN", "component": "o.e.t.ThreadPool", "cluster.name": "tpotcluster", "node.name": "tpotcluster-node-01", "message": "timer thread slept for [17.3s/17332ms] on absolute clock which is above the warn threshold of [5000ms]", "cluster.uuid": "Qbw2pof0QzSXC1OvK0aFSw", "node.id": "t9hfPgy_RyC9LOJUxQUrSQ"  }
{"type": "server", "timestamp": "2022-03-29T07:07:51,233Z", "level": "WARN", "component": "o.e.t.ThreadPool", "cluster.name": "tpotcluster", "node.name": "tpotcluster-node-01", "message": "timer thread slept for [17.3s/17331856262ns] on relative clock which is above the warn threshold of [5000ms]", "cluster.uuid": "Qbw2pof0QzSXC1OvK0aFSw", "node.id": "t9hfPgy_RyC9LOJUxQUrSQ"  }
{"type": "server", "timestamp": "2022-03-29T07:08:00,209Z", "level": "WARN", "component": "o.e.t.ThreadPool", "cluster.name": "tpotcluster", "node.name": "tpotcluster-node-01", "message": "timer thread slept for [12s/12033ms] on absolute clock which is above the warn threshold of [5000ms]", "cluster.uuid": "Qbw2pof0QzSXC1OvK0aFSw", "node.id": "t9hfPgy_RyC9LOJUxQUrSQ"  }
{"type": "server", "timestamp": "2022-03-29T07:08:02,258Z", "level": "WARN", "component": "o.e.t.ThreadPool", "cluster.name": "tpotcluster", "node.name": "tpotcluster-node-01", "message": "timer thread slept for [12s/12032651436ns] on relative clock which is above the warn threshold of [5000ms]", "cluster.uuid": "Qbw2pof0QzSXC1OvK0aFSw", "node.id": "t9hfPgy_RyC9LOJUxQUrSQ"  }
{"type": "server", "timestamp": "2022-03-29T07:08:05,497Z", "level": "WARN", "component": "o.e.t.ThreadPool", "cluster.name": "tpotcluster", "node.name": "tpotcluster-node-01", "message": "timer thread slept for [5.1s/5187ms] on absolute clock which is above the warn threshold of [5000ms]", "cluster.uuid": "Qbw2pof0QzSXC1OvK0aFSw", "node.id": "t9hfPgy_RyC9LOJUxQUrSQ"  }
{"type": "server", "timestamp": "2022-03-29T07:08:08,623Z", "level": "WARN", "component": "o.e.t.ThreadPool", "cluster.name": "tpotcluster", "node.name": "tpotcluster-node-01", "message": "timer thread slept for [5.1s/5187547000ns] on relative clock which is above the warn threshold of [5000ms]", "cluster.uuid": "Qbw2pof0QzSXC1OvK0aFSw", "node.id": "t9hfPgy_RyC9LOJUxQUrSQ"  }
{"type": "server", "timestamp": "2022-03-29T07:08:12,780Z", "level": "WARN", "component": "o.e.t.ThreadPool", "cluster.name": "tpotcluster", "node.name": "tpotcluster-node-01", "message": "timer thread slept for [7.3s/7336ms] on absolute clock which is above the warn threshold of [5000ms]", "cluster.uuid": "Qbw2pof0QzSXC1OvK0aFSw", "node.id": "t9hfPgy_RyC9LOJUxQUrSQ"  }
{"type": "server", "timestamp": "2022-03-29T07:08:18,273Z", "level": "WARN", "component": "o.e.t.ThreadPool", "cluster.name": "tpotcluster", "node.name": "tpotcluster-node-01", "message": "timer thread slept for [7.3s/7335549680ns] on relative clock which is above the warn threshold of [5000ms]", "cluster.uuid": "Qbw2pof0QzSXC1OvK0aFSw", "node.id": "t9hfPgy_RyC9LOJUxQUrSQ"  }
{"type": "server", "timestamp": "2022-03-29T07:08:22,263Z", "level": "WARN", "component": "o.e.t.ThreadPool", "cluster.name": "tpotcluster", "node.name": "tpotcluster-node-01", "message": "timer thread slept for [9.2s/9262ms] on absolute clock which is above the warn threshold of [5000ms]", "cluster.uuid": "Qbw2pof0QzSXC1OvK0aFSw", "node.id": "t9hfPgy_RyC9LOJUxQUrSQ"  }
{"type": "server", "timestamp": "2022-03-29T07:08:25,830Z", "level": "WARN", "component": "o.e.t.ThreadPool", "cluster.name": "tpotcluster", "node.name": "tpotcluster-node-01", "message": "timer thread slept for [9.2s/9262079576ns] on relative clock which is above the warn threshold of [5000ms]", "cluster.uuid": "Qbw2pof0QzSXC1OvK0aFSw", "node.id": "t9hfPgy_RyC9LOJUxQUrSQ"  }
{"type": "server", "timestamp": "2022-03-29T07:08:28,479Z", "level": "WARN", "component": "o.e.t.ThreadPool", "cluster.name": "tpotcluster", "node.name": "tpotcluster-node-01", "message": "timer thread slept for [6.1s/6141ms] on absolute clock which is above the warn threshold of [5000ms]", "cluster.uuid": "Qbw2pof0QzSXC1OvK0aFSw", "node.id": "t9hfPgy_RyC9LOJUxQUrSQ"  }
{"type": "server", "timestamp": "2022-03-29T07:08:30,382Z", "level": "WARN", "component": "o.e.t.ThreadPool", "cluster.name": "tpotcluster", "node.name": "tpotcluster-node-01", "message": "timer thread slept for [6.1s/6140802228ns] on relative clock which is above the warn threshold of [5000ms]", "cluster.uuid": "Qbw2pof0QzSXC1OvK0aFSw", "node.id": "t9hfPgy_RyC9LOJUxQUrSQ"  }
{"type": "server", "timestamp": "2022-03-29T07:08:43,009Z", "level": "WARN", "component": "o.e.c.s.ClusterApplierService", "cluster.name": "tpotcluster", "node.name": "tpotcluster-node-01", "message": "cluster state applier task [Publication{term=148, version=4246}] took [2.6m] which is above the warn threshold of [30s]: [running task [Publication{term=148, version=4246}]] took [0ms], [connecting to new nodes] took [0ms], [applying settings] took [0ms], [org.elasticsearch.repositories.RepositoriesService@21bd0d8e] took [0ms], [org.elasticsearch.indices.cluster.IndicesClusterStateService@6d7e8b0c] took [2663ms], [org.elasticsearch.script.ScriptService@560a5988] took [0ms], [org.elasticsearch.xpack.ilm.IndexLifecycleService@3c72e955] took [0ms], [org.elasticsearch.snapshots.RestoreService@75ea5228] took [0ms], [org.elasticsearch.ingest.IngestService@6cd58172] took [12ms], [org.elasticsearch.action.ingest.IngestActionForwarder@68174379] took [29ms], [org.elasticsearch.action.admin.cluster.repositories.cleanup.TransportCleanupRepositoryAction$$Lambda$4527/0x00000008016d1980@4304276f] took [0ms], [org.elasticsearch.indices.TimestampFieldMapperService@64d85635] took [0ms], [org.elasticsearch.tasks.TaskManager@244695cd] took [0ms], [org.elasticsearch.snapshots.SnapshotsService@761816b7] took [0ms], [org.elasticsearch.cluster.InternalClusterInfoService@64bda51] took [0ms], [org.elasticsearch.snapshots.InternalSnapshotsInfoService@6c9d3359] took [0ms], [org.elasticsearch.indices.SystemIndexManager@7074e5e7] took [24ms], [org.elasticsearch.xpack.shutdown.NodeSeenService@15e3ba29] took [0ms], [org.elasticsearch.xpack.autoscaling.capacity.memory.AutoscalingMemoryInfoService$$Lambda$3179/0x00000008012dee58@7c05388] took [0ms], [org.elasticsearch.xpack.ccr.action.ShardFollowTaskCleaner@7e8e58b] took [0ms], [org.elasticsearch.xpack.enrich.EnrichPolicyMaintenanceService@6edd7ccc] took [0ms], [org.elasticsearch.xpack.transform.notifications.TransformAuditor$$Lambda$3197/0x00000008013bec08@616bfea9] took [0ms], [org.elasticsearch.xpack.transform.TransformClusterStateListener@5673daf] took [0ms], [org.elasticsearch.xpack.stack.StackTemplateRegistry@63e3c819] took [82ms], [org.elasticsearch.xpack.searchablesnapshots.cache.blob.BlobStoreCacheMaintenanceService@3a0d3a1d] took [0ms], [org.elasticsearch.xpack.searchablesnapshots.SearchableSnapshots$RepositoryUuidWatcher@44027c3c] took [0ms], [org.elasticsearch.xpack.watcher.support.WatcherIndexTemplateRegistry@170c7b73] took [78ms], [org.elasticsearch.xpack.watcher.WatcherLifeCycleService@42896614] took [20ms], [org.elasticsearch.xpack.watcher.WatcherIndexingListener@1d4a4a73] took [0ms], [org.elasticsearch.xpack.ilm.history.ILMHistoryTemplateRegistry@4afe367a] took [107ms], [org.elasticsearch.xpack.ilm.IndexLifecycleService@3c72e955] took [23ms], [org.elasticsearch.xpack.core.slm.history.SnapshotLifecycleTemplateRegistry@3edd0bb5] took [23ms], [org.elasticsearch.xpack.slm.SnapshotLifecycleService@37ed63bc] took [1ms], [org.elasticsearch.xpack.slm.SnapshotRetentionService@159b3114] took [0ms], [org.elasticsearch.xpack.deprecation.logging.DeprecationIndexingTemplateRegistry@55d4b2b7] took [9ms], [org.elasticsearch.xpack.fleet.FleetTemplateRegistry@39079607] took [2ms], [org.elasticsearch.cluster.metadata.SystemIndexMetadataUpgradeService@23552e63] took [0ms], [org.elasticsearch.cluster.metadata.TemplateUpgradeService@5a276363] took [1ms], [org.elasticsearch.node.ResponseCollectorService@5f95618e] took [0ms], [org.elasticsearch.snapshots.SnapshotShardsService@208892ec] took [0ms], [org.elasticsearch.persistent.PersistentTasksClusterService@2aa486a8] took [0ms], [org.elasticsearch.shutdown.PluginShutdownService@4b79c4e4] took [0ms], [org.elasticsearch.cluster.routing.DelayedAllocationService@33baf2ae] took [0ms], [org.elasticsearch.indices.store.IndicesStore@2aacf3e0] took [0ms], [org.elasticsearch.persistent.PersistentTasksNodeService@22acb0ec] took [0ms], [org.elasticsearch.license.LicenseService@16e477b6] took [0ms], [org.elasticsearch.xpack.ccr.action.AutoFollowCoordinator@3fd11600] took [0ms], [org.elasticsearch.xpack.core.async.AsyncTaskMaintenanceService@136bb706] took [154752ms], [org.elasticsearch.gateway.GatewayService@367fa86b] took [0ms], [org.elasticsearch.indices.recovery.PeerRecoverySourceService@51a71461] took [0ms]", "cluster.uuid": "Qbw2pof0QzSXC1OvK0aFSw", "node.id": "t9hfPgy_RyC9LOJUxQUrSQ"  }
{"type": "server", "timestamp": "2022-03-29T07:08:43,465Z", "level": "WARN", "component": "o.e.t.ThreadPool", "cluster.name": "tpotcluster", "node.name": "tpotcluster-node-01", "message": "execution of [org.elasticsearch.cluster.InternalClusterInfoService$RefreshScheduler$$Lambda$5109/0x00000008017e5978@4c8ef8e9] took [72894ms] which is above the warn threshold of [5000ms]", "cluster.uuid": "Qbw2pof0QzSXC1OvK0aFSw", "node.id": "t9hfPgy_RyC9LOJUxQUrSQ"  }
{"type": "server", "timestamp": "2022-03-29T07:08:50,300Z", "level": "ERROR", "component": "o.e.i.g.GeoIpDownloader", "cluster.name": "tpotcluster", "node.name": "tpotcluster-node-01", "message": "exception during geoip databases update", "cluster.uuid": "Qbw2pof0QzSXC1OvK0aFSw", "node.id": "t9hfPgy_RyC9LOJUxQUrSQ" , 
"stacktrace": ["java.net.SocketException: Broken pipe",
"at sun.nio.ch.NioSocketImpl.implWrite(NioSocketImpl.java:420) ~[?:?]",
"at sun.nio.ch.NioSocketImpl.write(NioSocketImpl.java:440) ~[?:?]",
"at sun.nio.ch.NioSocketImpl$2.write(NioSocketImpl.java:826) ~[?:?]",
"at java.net.Socket$SocketOutputStream.write(Socket.java:1045) ~[?:?]",
"at sun.security.ssl.SSLSocketOutputRecord.encodeChangeCipherSpec(SSLSocketOutputRecord.java:233) ~[?:?]",
"at sun.security.ssl.OutputRecord.changeWriteCiphers(OutputRecord.java:182) ~[?:?]",
"at sun.security.ssl.ChangeCipherSpec$T10ChangeCipherSpecProducer.produce(ChangeCipherSpec.java:118) ~[?:?]",
"at sun.security.ssl.Finished$T12FinishedProducer.onProduceFinished(Finished.java:395) ~[?:?]",
"at sun.security.ssl.Finished$T12FinishedProducer.produce(Finished.java:379) ~[?:?]",
"at sun.security.ssl.SSLHandshake.produce(SSLHandshake.java:440) ~[?:?]",
"at sun.security.ssl.ServerHelloDone$ServerHelloDoneConsumer.consume(ServerHelloDone.java:182) ~[?:?]",
"at sun.security.ssl.SSLHandshake.consume(SSLHandshake.java:396) ~[?:?]",
"at sun.security.ssl.HandshakeContext.dispatch(HandshakeContext.java:480) ~[?:?]",
"at sun.security.ssl.HandshakeContext.dispatch(HandshakeContext.java:458) ~[?:?]",
"at sun.security.ssl.TransportContext.dispatch(TransportContext.java:199) ~[?:?]",
"at sun.security.ssl.SSLTransport.decode(SSLTransport.java:172) ~[?:?]",
"at sun.security.ssl.SSLSocketImpl.decode(SSLSocketImpl.java:1506) ~[?:?]",
"at sun.security.ssl.SSLSocketImpl.readHandshakeRecord(SSLSocketImpl.java:1416) ~[?:?]",
"at sun.security.ssl.SSLSocketImpl.startHandshake(SSLSocketImpl.java:451) ~[?:?]",
"at sun.security.ssl.SSLSocketImpl.startHandshake(SSLSocketImpl.java:422) ~[?:?]",
"at sun.net.www.protocol.https.HttpsClient.afterConnect(HttpsClient.java:574) ~[?:?]",
"at sun.net.www.protocol.https.AbstractDelegateHttpsURLConnection.connect(AbstractDelegateHttpsURLConnection.java:183) ~[?:?]",
"at sun.net.www.protocol.http.HttpURLConnection.getInputStream0(HttpURLConnection.java:1653) ~[?:?]",
"at sun.net.www.protocol.http.HttpURLConnection.getInputStream(HttpURLConnection.java:1577) ~[?:?]",
"at java.net.HttpURLConnection.getResponseCode(HttpURLConnection.java:527) ~[?:?]",
"at sun.net.www.protocol.https.HttpsURLConnectionImpl.getResponseCode(HttpsURLConnectionImpl.java:308) ~[?:?]",
"at org.elasticsearch.ingest.geoip.HttpClient.lambda$get$0(HttpClient.java:55) ~[ingest-geoip-7.17.0.jar:7.17.0]",
"at java.security.AccessController.doPrivileged(AccessController.java:554) ~[?:?]",
"at org.elasticsearch.ingest.geoip.HttpClient.doPrivileged(HttpClient.java:97) ~[ingest-geoip-7.17.0.jar:7.17.0]",
"at org.elasticsearch.ingest.geoip.HttpClient.get(HttpClient.java:49) ~[ingest-geoip-7.17.0.jar:7.17.0]",
"at org.elasticsearch.ingest.geoip.HttpClient.getBytes(HttpClient.java:40) ~[ingest-geoip-7.17.0.jar:7.17.0]",
"at org.elasticsearch.ingest.geoip.GeoIpDownloader.fetchDatabasesOverview(GeoIpDownloader.java:135) ~[ingest-geoip-7.17.0.jar:7.17.0]",
"at org.elasticsearch.ingest.geoip.GeoIpDownloader.updateDatabases(GeoIpDownloader.java:123) ~[ingest-geoip-7.17.0.jar:7.17.0]",
"at org.elasticsearch.ingest.geoip.GeoIpDownloader.runDownloader(GeoIpDownloader.java:260) [ingest-geoip-7.17.0.jar:7.17.0]",
"at org.elasticsearch.ingest.geoip.GeoIpDownloaderTaskExecutor.nodeOperation(GeoIpDownloaderTaskExecutor.java:97) [ingest-geoip-7.17.0.jar:7.17.0]",
"at org.elasticsearch.ingest.geoip.GeoIpDownloaderTaskExecutor.nodeOperation(GeoIpDownloaderTaskExecutor.java:43) [ingest-geoip-7.17.0.jar:7.17.0]",
"at org.elasticsearch.persistent.NodePersistentTasksExecutor$1.doRun(NodePersistentTasksExecutor.java:42) [elasticsearch-7.17.0.jar:7.17.0]",
"at org.elasticsearch.common.util.concurrent.ThreadContext$ContextPreservingAbstractRunnable.doRun(ThreadContext.java:777) [elasticsearch-7.17.0.jar:7.17.0]",
"at org.elasticsearch.common.util.concurrent.AbstractRunnable.run(AbstractRunnable.java:26) [elasticsearch-7.17.0.jar:7.17.0]",
"at java.util.concurrent.ThreadPoolExecutor.runWorker(ThreadPoolExecutor.java:1130) [?:?]",
"at java.util.concurrent.ThreadPoolExecutor$Worker.run(ThreadPoolExecutor.java:630) [?:?]",
"at java.lang.Thread.run(Thread.java:831) [?:?]"] }
{"type": "server", "timestamp": "2022-03-29T07:09:02,279Z", "level": "INFO", "component": "o.e.m.j.JvmGcMonitorService", "cluster.name": "tpotcluster", "node.name": "tpotcluster-node-01", "message": "[gc][30] overhead, spent [693ms] collecting in the last [2.3s]", "cluster.uuid": "Qbw2pof0QzSXC1OvK0aFSw", "node.id": "t9hfPgy_RyC9LOJUxQUrSQ"  }
{"type": "server", "timestamp": "2022-03-29T07:09:13,864Z", "level": "INFO", "component": "o.e.i.g.DatabaseNodeService", "cluster.name": "tpotcluster", "node.name": "tpotcluster-node-01", "message": "downloading geoip database [GeoLite2-Country.mmdb] to [/tmp/geoip-databases/t9hfPgy_RyC9LOJUxQUrSQ/GeoLite2-Country.mmdb.tmp.gz]", "cluster.uuid": "Qbw2pof0QzSXC1OvK0aFSw", "node.id": "t9hfPgy_RyC9LOJUxQUrSQ"  }
{"type": "server", "timestamp": "2022-03-29T07:09:16,214Z", "level": "INFO", "component": "o.e.i.g.DatabaseNodeService", "cluster.name": "tpotcluster", "node.name": "tpotcluster-node-01", "message": "downloading geoip database [GeoLite2-ASN.mmdb] to [/tmp/geoip-databases/t9hfPgy_RyC9LOJUxQUrSQ/GeoLite2-ASN.mmdb.tmp.gz]", "cluster.uuid": "Qbw2pof0QzSXC1OvK0aFSw", "node.id": "t9hfPgy_RyC9LOJUxQUrSQ"  }
{"type": "server", "timestamp": "2022-03-29T07:09:16,496Z", "level": "INFO", "component": "o.e.i.g.DatabaseNodeService", "cluster.name": "tpotcluster", "node.name": "tpotcluster-node-01", "message": "downloading geoip database [GeoLite2-City.mmdb] to [/tmp/geoip-databases/t9hfPgy_RyC9LOJUxQUrSQ/GeoLite2-City.mmdb.tmp.gz]", "cluster.uuid": "Qbw2pof0QzSXC1OvK0aFSw", "node.id": "t9hfPgy_RyC9LOJUxQUrSQ"  }
{"type": "server", "timestamp": "2022-03-29T07:09:24,842Z", "level": "INFO", "component": "o.e.i.g.DatabaseNodeService", "cluster.name": "tpotcluster", "node.name": "tpotcluster-node-01", "message": "successfully reloaded changed geoip database file [/tmp/geoip-databases/t9hfPgy_RyC9LOJUxQUrSQ/GeoLite2-ASN.mmdb]", "cluster.uuid": "Qbw2pof0QzSXC1OvK0aFSw", "node.id": "t9hfPgy_RyC9LOJUxQUrSQ"  }
{"type": "server", "timestamp": "2022-03-29T07:09:24,842Z", "level": "INFO", "component": "o.e.i.g.DatabaseNodeService", "cluster.name": "tpotcluster", "node.name": "tpotcluster-node-01", "message": "successfully reloaded changed geoip database file [/tmp/geoip-databases/t9hfPgy_RyC9LOJUxQUrSQ/GeoLite2-Country.mmdb]", "cluster.uuid": "Qbw2pof0QzSXC1OvK0aFSw", "node.id": "t9hfPgy_RyC9LOJUxQUrSQ"  }
{"type": "server", "timestamp": "2022-03-29T07:09:31,233Z", "level": "INFO", "component": "o.e.i.g.DatabaseNodeService", "cluster.name": "tpotcluster", "node.name": "tpotcluster-node-01", "message": "successfully reloaded changed geoip database file [/tmp/geoip-databases/t9hfPgy_RyC9LOJUxQUrSQ/GeoLite2-City.mmdb]", "cluster.uuid": "Qbw2pof0QzSXC1OvK0aFSw", "node.id": "t9hfPgy_RyC9LOJUxQUrSQ"  }
{"type": "server", "timestamp": "2022-03-29T07:09:45,599Z", "level": "WARN", "component": "o.e.t.ThreadPool", "cluster.name": "tpotcluster", "node.name": "tpotcluster-node-01", "message": "execution of [ReschedulingRunnable{runnable=org.elasticsearch.monitor.jvm.JvmGcMonitorService$1@16188247, interval=1s}] took [5377ms] which is above the warn threshold of [5000ms]", "cluster.uuid": "Qbw2pof0QzSXC1OvK0aFSw", "node.id": "t9hfPgy_RyC9LOJUxQUrSQ"  }
{"type": "server", "timestamp": "2022-03-29T07:09:46,254Z", "level": "WARN", "component": "o.e.h.AbstractHttpServerTransport", "cluster.name": "tpotcluster", "node.name": "tpotcluster-node-01", "message": "handling request [null][POST][/.kibana_7.17.0/_search?from=0&rest_total_hits_as_int=true&size=20][Netty4HttpChannel{localAddress=/192.168.48.2:9200, remoteAddress=/192.168.48.4:38468}] took [11184ms] which is above the warn threshold of [5000ms]", "cluster.uuid": "Qbw2pof0QzSXC1OvK0aFSw", "node.id": "t9hfPgy_RyC9LOJUxQUrSQ"  }
{"type": "server", "timestamp": "2022-03-29T07:09:46,682Z", "level": "WARN", "component": "o.e.m.j.JvmGcMonitorService", "cluster.name": "tpotcluster", "node.name": "tpotcluster-node-01", "message": "[gc][young][55][15] duration [3.1s], collections [1]/[6.4s], total [3.1s]/[5.1s], memory [191.7mb]->[132.1mb]/[2gb], all_pools {[young] [84mb]->[16mb]/[0b]}{[old] [101.9mb]->[106.4mb]/[2gb]}{[survivor] [9.7mb]->[9.6mb]/[0b]}", "cluster.uuid": "Qbw2pof0QzSXC1OvK0aFSw", "node.id": "t9hfPgy_RyC9LOJUxQUrSQ"  }
{"type": "server", "timestamp": "2022-03-29T07:09:46,750Z", "level": "INFO", "component": "o.e.m.j.JvmGcMonitorService", "cluster.name": "tpotcluster", "node.name": "tpotcluster-node-01", "message": "[gc][55] overhead, spent [3.1s] collecting in the last [6.4s]", "cluster.uuid": "Qbw2pof0QzSXC1OvK0aFSw", "node.id": "t9hfPgy_RyC9LOJUxQUrSQ"  }
{"type": "server", "timestamp": "2022-03-29T07:10:02,576Z", "level": "WARN", "component": "o.e.t.ThreadPool", "cluster.name": "tpotcluster", "node.name": "tpotcluster-node-01", "message": "timer thread slept for [5.7s/5751ms] on absolute clock which is above the warn threshold of [5000ms]", "cluster.uuid": "Qbw2pof0QzSXC1OvK0aFSw", "node.id": "t9hfPgy_RyC9LOJUxQUrSQ"  }
{"type": "server", "timestamp": "2022-03-29T07:10:02,497Z", "level": "WARN", "component": "o.e.m.j.JvmGcMonitorService", "cluster.name": "tpotcluster", "node.name": "tpotcluster-node-01", "message": "[gc][young][61][16] duration [4.1s], collections [1]/[1.3s], total [4.1s]/[9.2s], memory [160.1mb]->[184.1mb]/[2gb], all_pools {[young] [52mb]->[80mb]/[0b]}{[old] [106.4mb]->[106.4mb]/[2gb]}{[survivor] [9.6mb]->[9.6mb]/[0b]}", "cluster.uuid": "Qbw2pof0QzSXC1OvK0aFSw", "node.id": "t9hfPgy_RyC9LOJUxQUrSQ"  }
{"type": "server", "timestamp": "2022-03-29T07:10:03,630Z", "level": "WARN", "component": "o.e.m.j.JvmGcMonitorService", "cluster.name": "tpotcluster", "node.name": "tpotcluster-node-01", "message": "[gc][61] overhead, spent [4.1s] collecting in the last [1.3s]", "cluster.uuid": "Qbw2pof0QzSXC1OvK0aFSw", "node.id": "t9hfPgy_RyC9LOJUxQUrSQ"  }
{"type": "server", "timestamp": "2022-03-29T07:10:03,714Z", "level": "WARN", "component": "o.e.t.ThreadPool", "cluster.name": "tpotcluster", "node.name": "tpotcluster-node-01", "message": "timer thread slept for [5.7s/5751711551ns] on relative clock which is above the warn threshold of [5000ms]", "cluster.uuid": "Qbw2pof0QzSXC1OvK0aFSw", "node.id": "t9hfPgy_RyC9LOJUxQUrSQ"  }
{"type": "server", "timestamp": "2022-03-29T07:10:04,103Z", "level": "WARN", "component": "o.e.t.ThreadPool", "cluster.name": "tpotcluster", "node.name": "tpotcluster-node-01", "message": "execution of [ReschedulingRunnable{runnable=org.elasticsearch.monitor.jvm.JvmGcMonitorService$1@16188247, interval=1s}] took [6151ms] which is above the warn threshold of [5000ms]", "cluster.uuid": "Qbw2pof0QzSXC1OvK0aFSw", "node.id": "t9hfPgy_RyC9LOJUxQUrSQ"  }
{"type": "server", "timestamp": "2022-03-29T07:10:20,723Z", "level": "WARN", "component": "o.e.h.AbstractHttpServerTransport", "cluster.name": "tpotcluster", "node.name": "tpotcluster-node-01", "message": "handling request [null][GET][/_xpack?accept_enterprise=true][Netty4HttpChannel{localAddress=/192.168.48.2:9200, remoteAddress=/192.168.48.4:38464}] took [32821ms] which is above the warn threshold of [5000ms]", "cluster.uuid": "Qbw2pof0QzSXC1OvK0aFSw", "node.id": "t9hfPgy_RyC9LOJUxQUrSQ"  }
{"type": "server", "timestamp": "2022-03-29T07:10:20,560Z", "level": "WARN", "component": "o.e.h.AbstractHttpServerTransport", "cluster.name": "tpotcluster", "node.name": "tpotcluster-node-01", "message": "handling request [null][GET][/_xpack?accept_enterprise=true][Netty4HttpChannel{localAddress=/192.168.48.2:9200, remoteAddress=/192.168.48.4:38466}] took [45292ms] which is above the warn threshold of [5000ms]", "cluster.uuid": "Qbw2pof0QzSXC1OvK0aFSw", "node.id": "t9hfPgy_RyC9LOJUxQUrSQ"  }
{"type": "server", "timestamp": "2022-03-29T07:10:54,758Z", "level": "WARN", "component": "o.e.t.ThreadPool", "cluster.name": "tpotcluster", "node.name": "tpotcluster-node-01", "message": "execution of [ReschedulingRunnable{runnable=org.elasticsearch.monitor.jvm.JvmGcMonitorService$1@16188247, interval=1s}] took [5627ms] which is above the warn threshold of [5000ms]", "cluster.uuid": "Qbw2pof0QzSXC1OvK0aFSw", "node.id": "t9hfPgy_RyC9LOJUxQUrSQ"  }
{"type": "server", "timestamp": "2022-03-29T07:11:11,831Z", "level": "WARN", "component": "o.e.g.PersistedClusterStateService", "cluster.name": "tpotcluster", "node.name": "tpotcluster-node-01", "message": "writing cluster state took [43112ms] which is above the warn threshold of [10s]; wrote global metadata [false] and metadata for [2] indices and skipped [30] unchanged indices", "cluster.uuid": "Qbw2pof0QzSXC1OvK0aFSw", "node.id": "t9hfPgy_RyC9LOJUxQUrSQ"  }
{"type": "server", "timestamp": "2022-03-29T07:11:16,711Z", "level": "INFO", "component": "o.e.c.c.C.CoordinatorPublication", "cluster.name": "tpotcluster", "node.name": "tpotcluster-node-01", "message": "after [50.3s] publication of cluster state version [4257] is still waiting for {tpotcluster-node-01}{t9hfPgy_RyC9LOJUxQUrSQ}{wiyuKYKUQWOg2mMJwrEYeQ}{127.0.0.1}{127.0.0.1:9300}{cdfhimrstw}{xpack.installed=true, transform.node=true} [SENT_PUBLISH_REQUEST]", "cluster.uuid": "Qbw2pof0QzSXC1OvK0aFSw", "node.id": "t9hfPgy_RyC9LOJUxQUrSQ"  }
{"type": "server", "timestamp": "2022-03-29T07:11:19,515Z", "level": "WARN", "component": "o.e.t.ThreadPool", "cluster.name": "tpotcluster", "node.name": "tpotcluster-node-01", "message": "execution of [org.elasticsearch.cluster.InternalClusterInfoService$RefreshScheduler$$Lambda$5109/0x00000008017e5978@73030288] took [18185ms] which is above the warn threshold of [5000ms]", "cluster.uuid": "Qbw2pof0QzSXC1OvK0aFSw", "node.id": "t9hfPgy_RyC9LOJUxQUrSQ"  }
{"type": "server", "timestamp": "2022-03-29T07:11:43,655Z", "level": "WARN", "component": "o.e.t.ThreadPool", "cluster.name": "tpotcluster", "node.name": "tpotcluster-node-01", "message": "timer thread slept for [7.5s/7511ms] on absolute clock which is above the warn threshold of [5000ms]", "cluster.uuid": "Qbw2pof0QzSXC1OvK0aFSw", "node.id": "t9hfPgy_RyC9LOJUxQUrSQ"  }
{"type": "server", "timestamp": "2022-03-29T07:11:44,557Z", "level": "WARN", "component": "o.e.t.ThreadPool", "cluster.name": "tpotcluster", "node.name": "tpotcluster-node-01", "message": "timer thread slept for [7.5s/7511735217ns] on relative clock which is above the warn threshold of [5000ms]", "cluster.uuid": "Qbw2pof0QzSXC1OvK0aFSw", "node.id": "t9hfPgy_RyC9LOJUxQUrSQ"  }
{"type": "server", "timestamp": "2022-03-29T07:11:44,508Z", "level": "WARN", "component": "o.e.m.j.JvmGcMonitorService", "cluster.name": "tpotcluster", "node.name": "tpotcluster-node-01", "message": "[gc][young][87][17] duration [4.5s], collections [1]/[9.1s], total [4.5s]/[13.7s], memory [202.2mb]->[128.9mb]/[2gb], all_pools {[young] [80mb]->[0b]/[0b]}{[old] [111.6mb]->[115.1mb]/[2gb]}{[survivor] [10.5mb]->[13.7mb]/[0b]}", "cluster.uuid": "Qbw2pof0QzSXC1OvK0aFSw", "node.id": "t9hfPgy_RyC9LOJUxQUrSQ"  }
{"type": "server", "timestamp": "2022-03-29T07:11:44,642Z", "level": "INFO", "component": "o.e.m.j.JvmGcMonitorService", "cluster.name": "tpotcluster", "node.name": "tpotcluster-node-01", "message": "[gc][87] overhead, spent [4.5s] collecting in the last [9.1s]", "cluster.uuid": "Qbw2pof0QzSXC1OvK0aFSw", "node.id": "t9hfPgy_RyC9LOJUxQUrSQ"  }
{"type": "server", "timestamp": "2022-03-29T07:11:44,836Z", "level": "WARN", "component": "o.e.t.ThreadPool", "cluster.name": "tpotcluster", "node.name": "tpotcluster-node-01", "message": "timer thread slept for [7.2s/7262ms] on absolute clock which is above the warn threshold of [5000ms]", "cluster.uuid": "Qbw2pof0QzSXC1OvK0aFSw", "node.id": "t9hfPgy_RyC9LOJUxQUrSQ"  }
{"type": "server", "timestamp": "2022-03-29T07:11:44,867Z", "level": "WARN", "component": "o.e.t.ThreadPool", "cluster.name": "tpotcluster", "node.name": "tpotcluster-node-01", "message": "timer thread slept for [7.2s/7261323415ns] on relative clock which is above the warn threshold of [5000ms]", "cluster.uuid": "Qbw2pof0QzSXC1OvK0aFSw", "node.id": "t9hfPgy_RyC9LOJUxQUrSQ"  }
{"type": "server", "timestamp": "2022-03-29T07:11:44,935Z", "level": "WARN", "component": "o.e.h.AbstractHttpServerTransport", "cluster.name": "tpotcluster", "node.name": "tpotcluster-node-01", "message": "handling request [null][GET][/][Netty4HttpChannel{localAddress=/192.168.48.2:9200, remoteAddress=/192.168.48.5:39942}] took [7261ms] which is above the warn threshold of [5000ms]", "cluster.uuid": "Qbw2pof0QzSXC1OvK0aFSw", "node.id": "t9hfPgy_RyC9LOJUxQUrSQ"  }
{"type": "server", "timestamp": "2022-03-29T07:11:46,759Z", "level": "WARN", "component": "o.e.g.PersistedClusterStateService", "cluster.name": "tpotcluster", "node.name": "tpotcluster-node-01", "message": "writing cluster state took [16464ms] which is above the warn threshold of [10s]; wrote global metadata [false] and metadata for [1] indices and skipped [31] unchanged indices", "cluster.uuid": "Qbw2pof0QzSXC1OvK0aFSw", "node.id": "t9hfPgy_RyC9LOJUxQUrSQ"  }
{"type": "server", "timestamp": "2022-03-29T07:11:46,961Z", "level": "INFO", "component": "o.e.c.c.C.CoordinatorPublication", "cluster.name": "tpotcluster", "node.name": "tpotcluster-node-01", "message": "after [17.6s] publication of cluster state version [4258] is still waiting for {tpotcluster-node-01}{t9hfPgy_RyC9LOJUxQUrSQ}{wiyuKYKUQWOg2mMJwrEYeQ}{127.0.0.1}{127.0.0.1:9300}{cdfhimrstw}{xpack.installed=true, transform.node=true} [SENT_PUBLISH_REQUEST]", "cluster.uuid": "Qbw2pof0QzSXC1OvK0aFSw", "node.id": "t9hfPgy_RyC9LOJUxQUrSQ"  }
{"type": "server", "timestamp": "2022-03-29T07:11:52,251Z", "level": "INFO", "component": "o.e.m.j.JvmGcMonitorService", "cluster.name": "tpotcluster", "node.name": "tpotcluster-node-01", "message": "[gc][93] overhead, spent [540ms] collecting in the last [1.5s]", "cluster.uuid": "Qbw2pof0QzSXC1OvK0aFSw", "node.id": "t9hfPgy_RyC9LOJUxQUrSQ"  }
{"type": "server", "timestamp": "2022-03-29T07:11:57,352Z", "level": "WARN", "component": "o.e.m.j.JvmGcMonitorService", "cluster.name": "tpotcluster", "node.name": "tpotcluster-node-01", "message": "[gc][96] overhead, spent [996ms] collecting in the last [1s]", "cluster.uuid": "Qbw2pof0QzSXC1OvK0aFSw", "node.id": "t9hfPgy_RyC9LOJUxQUrSQ"  }
{"type": "server", "timestamp": "2022-03-29T07:11:59,776Z", "level": "INFO", "component": "o.e.m.j.JvmGcMonitorService", "cluster.name": "tpotcluster", "node.name": "tpotcluster-node-01", "message": "[gc][98] overhead, spent [285ms] collecting in the last [1s]", "cluster.uuid": "Qbw2pof0QzSXC1OvK0aFSw", "node.id": "t9hfPgy_RyC9LOJUxQUrSQ"  }
{"type": "server", "timestamp": "2022-03-29T07:12:01,447Z", "level": "INFO", "component": "o.e.m.j.JvmGcMonitorService", "cluster.name": "tpotcluster", "node.name": "tpotcluster-node-01", "message": "[gc][99] overhead, spent [491ms] collecting in the last [1.4s]", "cluster.uuid": "Qbw2pof0QzSXC1OvK0aFSw", "node.id": "t9hfPgy_RyC9LOJUxQUrSQ"  }
{"type": "server", "timestamp": "2022-03-29T07:12:16,082Z", "level": "INFO", "component": "o.e.m.j.JvmGcMonitorService", "cluster.name": "tpotcluster", "node.name": "tpotcluster-node-01", "message": "[gc][young][110][25] duration [747ms], collections [1]/[1.8s], total [747ms]/[17.2s], memory [233mb]->[170.3mb]/[2gb], all_pools {[young] [68mb]->[0b]/[0b]}{[old] [151mb]->[158.6mb]/[2gb]}{[survivor] [14mb]->[11.7mb]/[0b]}", "cluster.uuid": "Qbw2pof0QzSXC1OvK0aFSw", "node.id": "t9hfPgy_RyC9LOJUxQUrSQ"  }
{"type": "server", "timestamp": "2022-03-29T07:12:16,526Z", "level": "INFO", "component": "o.e.m.j.JvmGcMonitorService", "cluster.name": "tpotcluster", "node.name": "tpotcluster-node-01", "message": "[gc][110] overhead, spent [747ms] collecting in the last [1.8s]", "cluster.uuid": "Qbw2pof0QzSXC1OvK0aFSw", "node.id": "t9hfPgy_RyC9LOJUxQUrSQ"  }
{"type": "server", "timestamp": "2022-03-29T07:12:20,480Z", "level": "INFO", "component": "o.e.m.j.JvmGcMonitorService", "cluster.name": "tpotcluster", "node.name": "tpotcluster-node-01", "message": "[gc][young][112][26] duration [899ms], collections [1]/[2.2s], total [899ms]/[18.1s], memory [222.3mb]->[173.2mb]/[2gb], all_pools {[young] [52mb]->[4mb]/[0b]}{[old] [158.6mb]->[165.2mb]/[2gb]}{[survivor] [11.7mb]->[8mb]/[0b]}", "cluster.uuid": "Qbw2pof0QzSXC1OvK0aFSw", "node.id": "t9hfPgy_RyC9LOJUxQUrSQ"  }
{"type": "server", "timestamp": "2022-03-29T07:12:21,925Z", "level": "INFO", "component": "o.e.m.j.JvmGcMonitorService", "cluster.name": "tpotcluster", "node.name": "tpotcluster-node-01", "message": "[gc][112] overhead, spent [899ms] collecting in the last [2.2s]", "cluster.uuid": "Qbw2pof0QzSXC1OvK0aFSw", "node.id": "t9hfPgy_RyC9LOJUxQUrSQ"  }
{"type": "server", "timestamp": "2022-03-29T07:12:25,384Z", "level": "INFO", "component": "o.e.m.j.JvmGcMonitorService", "cluster.name": "tpotcluster", "node.name": "tpotcluster-node-01", "message": "[gc][young][114][27] duration [802ms], collections [1]/[1.7s], total [802ms]/[18.9s], memory [233.2mb]->[174.7mb]/[2gb], all_pools {[young] [60mb]->[4mb]/[0b]}{[old] [165.2mb]->[165.2mb]/[2gb]}{[survivor] [8mb]->[9.5mb]/[0b]}", "cluster.uuid": "Qbw2pof0QzSXC1OvK0aFSw", "node.id": "t9hfPgy_RyC9LOJUxQUrSQ"  }
{"type": "server", "timestamp": "2022-03-29T07:12:25,567Z", "level": "INFO", "component": "o.e.m.j.JvmGcMonitorService", "cluster.name": "tpotcluster", "node.name": "tpotcluster-node-01", "message": "[gc][114] overhead, spent [802ms] collecting in the last [1.7s]", "cluster.uuid": "Qbw2pof0QzSXC1OvK0aFSw", "node.id": "t9hfPgy_RyC9LOJUxQUrSQ"  }
{"type": "server", "timestamp": "2022-03-29T07:12:25,752Z", "level": "INFO", "component": "o.e.c.r.a.AllocationService", "cluster.name": "tpotcluster", "node.name": "tpotcluster-node-01", "message": "Cluster health status changed from [RED] to [GREEN] (reason: [shards started [[.ds-.logs-deprecation.elasticsearch-default-2022.03.12-000001][0], [.kibana-event-log-7.16.2-000001][0], [logstash-2022.03.13][0]]]).", "cluster.uuid": "Qbw2pof0QzSXC1OvK0aFSw", "node.id": "t9hfPgy_RyC9LOJUxQUrSQ"  }
{"type": "server", "timestamp": "2022-03-29T07:12:37,833Z", "level": "INFO", "component": "o.e.c.m.MetadataMappingService", "cluster.name": "tpotcluster", "node.name": "tpotcluster-node-01", "message": "[logstash-2022.03.29/4CNLAl-yQqmObSIQcEvFWA] update_mapping [_doc]", "cluster.uuid": "Qbw2pof0QzSXC1OvK0aFSw", "node.id": "t9hfPgy_RyC9LOJUxQUrSQ"  }
{"type": "server", "timestamp": "2022-03-29T07:12:39,689Z", "level": "INFO", "component": "o.e.c.m.MetadataMappingService", "cluster.name": "tpotcluster", "node.name": "tpotcluster-node-01", "message": "[logstash-2022.03.29/4CNLAl-yQqmObSIQcEvFWA] update_mapping [_doc]", "cluster.uuid": "Qbw2pof0QzSXC1OvK0aFSw", "node.id": "t9hfPgy_RyC9LOJUxQUrSQ"  }
{"type": "server", "timestamp": "2022-03-29T07:12:42,302Z", "level": "INFO", "component": "o.e.m.j.JvmGcMonitorService", "cluster.name": "tpotcluster", "node.name": "tpotcluster-node-01", "message": "[gc][127] overhead, spent [481ms] collecting in the last [1.4s]", "cluster.uuid": "Qbw2pof0QzSXC1OvK0aFSw", "node.id": "t9hfPgy_RyC9LOJUxQUrSQ"  }
{"type": "server", "timestamp": "2022-03-29T07:12:43,814Z", "level": "INFO", "component": "o.e.c.m.MetadataMappingService", "cluster.name": "tpotcluster", "node.name": "tpotcluster-node-01", "message": "[logstash-2022.03.29/4CNLAl-yQqmObSIQcEvFWA] update_mapping [_doc]", "cluster.uuid": "Qbw2pof0QzSXC1OvK0aFSw", "node.id": "t9hfPgy_RyC9LOJUxQUrSQ"  }
{"type": "server", "timestamp": "2022-03-29T07:12:45,484Z", "level": "INFO", "component": "o.e.m.j.JvmGcMonitorService", "cluster.name": "tpotcluster", "node.name": "tpotcluster-node-01", "message": "[gc][129] overhead, spent [374ms] collecting in the last [1s]", "cluster.uuid": "Qbw2pof0QzSXC1OvK0aFSw", "node.id": "t9hfPgy_RyC9LOJUxQUrSQ"  }
{"type": "server", "timestamp": "2022-03-29T07:12:52,334Z", "level": "WARN", "component": "o.e.m.j.JvmGcMonitorService", "cluster.name": "tpotcluster", "node.name": "tpotcluster-node-01", "message": "[gc][133] overhead, spent [671ms] collecting in the last [1.1s]", "cluster.uuid": "Qbw2pof0QzSXC1OvK0aFSw", "node.id": "t9hfPgy_RyC9LOJUxQUrSQ"  }
{"type": "server", "timestamp": "2022-03-29T07:12:56,227Z", "level": "WARN", "component": "o.e.m.j.JvmGcMonitorService", "cluster.name": "tpotcluster", "node.name": "tpotcluster-node-01", "message": "[gc][young][134][34] duration [1.6s], collections [1]/[6s], total [1.6s]/[22.6s], memory [266mb]->[231.9mb]/[2gb], all_pools {[young] [0b]->[52mb]/[0b]}{[old] [172.1mb]->[172.1mb]/[2gb]}{[survivor] [6.7mb]->[7.7mb]/[0b]}", "cluster.uuid": "Qbw2pof0QzSXC1OvK0aFSw", "node.id": "t9hfPgy_RyC9LOJUxQUrSQ"  }
{"type": "server", "timestamp": "2022-03-29T07:12:56,431Z", "level": "INFO", "component": "o.e.m.j.JvmGcMonitorService", "cluster.name": "tpotcluster", "node.name": "tpotcluster-node-01", "message": "[gc][134] overhead, spent [1.6s] collecting in the last [6s]", "cluster.uuid": "Qbw2pof0QzSXC1OvK0aFSw", "node.id": "t9hfPgy_RyC9LOJUxQUrSQ"  }
{"type": "server", "timestamp": "2022-03-29T07:13:12,496Z", "level": "WARN", "component": "o.e.m.j.JvmGcMonitorService", "cluster.name": "tpotcluster", "node.name": "tpotcluster-node-01", "message": "[gc][young][144][36] duration [1.4s], collections [1]/[2.7s], total [1.4s]/[24.2s], memory [255.6mb]->[192.7mb]/[2gb], all_pools {[young] [76mb]->[12mb]/[0b]}{[old] [172.1mb]->[172.1mb]/[2gb]}{[survivor] [7.4mb]->[8.6mb]/[0b]}", "cluster.uuid": "Qbw2pof0QzSXC1OvK0aFSw", "node.id": "t9hfPgy_RyC9LOJUxQUrSQ"  }
{"type": "server", "timestamp": "2022-03-29T07:13:12,722Z", "level": "WARN", "component": "o.e.m.j.JvmGcMonitorService", "cluster.name": "tpotcluster", "node.name": "tpotcluster-node-01", "message": "[gc][144] overhead, spent [1.4s] collecting in the last [2.7s]", "cluster.uuid": "Qbw2pof0QzSXC1OvK0aFSw", "node.id": "t9hfPgy_RyC9LOJUxQUrSQ"  }
{"type": "server", "timestamp": "2022-03-29T07:13:36,310Z", "level": "WARN", "component": "o.e.m.j.JvmGcMonitorService", "cluster.name": "tpotcluster", "node.name": "tpotcluster-node-01", "message": "[gc][young][156][38] duration [1.1s], collections [1]/[2.5s], total [1.1s]/[25.9s], memory [247.8mb]->[182.4mb]/[2gb], all_pools {[young] [68mb]->[16mb]/[0b]}{[old] [172.1mb]->[172.1mb]/[2gb]}{[survivor] [7.6mb]->[10.3mb]/[0b]}", "cluster.uuid": "Qbw2pof0QzSXC1OvK0aFSw", "node.id": "t9hfPgy_RyC9LOJUxQUrSQ"  }
{"type": "server", "timestamp": "2022-03-29T07:13:36,580Z", "level": "INFO", "component": "o.e.m.j.JvmGcMonitorService", "cluster.name": "tpotcluster", "node.name": "tpotcluster-node-01", "message": "[gc][156] overhead, spent [1.1s] collecting in the last [2.5s]", "cluster.uuid": "Qbw2pof0QzSXC1OvK0aFSw", "node.id": "t9hfPgy_RyC9LOJUxQUrSQ"  }
{"type": "server", "timestamp": "2022-03-29T07:13:38,111Z", "level": "WARN", "component": "o.e.h.AbstractHttpServerTransport", "cluster.name": "tpotcluster", "node.name": "tpotcluster-node-01", "message": "handling request [null][POST][/.kibana_7.17.0/_update/usage-counters%3AeventLoop%3A29032022%3Acount%3Adelay_threshold_exceeded?refresh=wait_for&require_alias=true&_source=true][Netty4HttpChannel{localAddress=/192.168.48.2:9200, remoteAddress=/192.168.48.4:38520}] took [7056ms] which is above the warn threshold of [5000ms]", "cluster.uuid": "Qbw2pof0QzSXC1OvK0aFSw", "node.id": "t9hfPgy_RyC9LOJUxQUrSQ"  }
{"type": "server", "timestamp": "2022-03-29T07:13:44,389Z", "level": "WARN", "component": "o.e.m.j.JvmGcMonitorService", "cluster.name": "tpotcluster", "node.name": "tpotcluster-node-01", "message": "[gc][young][159][39] duration [2.9s], collections [1]/[5s], total [2.9s]/[28.8s], memory [250.4mb]->[183.6mb]/[2gb], all_pools {[young] [68mb]->[0b]/[0b]}{[old] [172.1mb]->[173.2mb]/[2gb]}{[survivor] [10.3mb]->[10.4mb]/[0b]}", "cluster.uuid": "Qbw2pof0QzSXC1OvK0aFSw", "node.id": "t9hfPgy_RyC9LOJUxQUrSQ"  }
{"type": "server", "timestamp": "2022-03-29T07:13:44,732Z", "level": "WARN", "component": "o.e.m.j.JvmGcMonitorService", "cluster.name": "tpotcluster", "node.name": "tpotcluster-node-01", "message": "[gc][159] overhead, spent [2.9s] collecting in the last [5s]", "cluster.uuid": "Qbw2pof0QzSXC1OvK0aFSw", "node.id": "t9hfPgy_RyC9LOJUxQUrSQ"  }
{"type": "server", "timestamp": "2022-03-29T07:13:44,733Z", "level": "WARN", "component": "o.e.t.ThreadPool", "cluster.name": "tpotcluster", "node.name": "tpotcluster-node-01", "message": "execution of [ReschedulingRunnable{runnable=org.elasticsearch.monitor.jvm.JvmGcMonitorService$1@16188247, interval=1s}] took [5230ms] which is above the warn threshold of [5000ms]", "cluster.uuid": "Qbw2pof0QzSXC1OvK0aFSw", "node.id": "t9hfPgy_RyC9LOJUxQUrSQ"  }
{"type": "server", "timestamp": "2022-03-29T07:13:54,937Z", "level": "WARN", "component": "o.e.t.ThreadPool", "cluster.name": "tpotcluster", "node.name": "tpotcluster-node-01", "message": "execution of [ReschedulingRunnable{runnable=org.elasticsearch.indices.IndexingMemoryController$ShardsIndicesStatusChecker@2d987ae3, interval=5s}] took [5120ms] which is above the warn threshold of [5000ms]", "cluster.uuid": "Qbw2pof0QzSXC1OvK0aFSw", "node.id": "t9hfPgy_RyC9LOJUxQUrSQ"  }
{"type": "server", "timestamp": "2022-03-29T07:13:55,773Z", "level": "INFO", "component": "o.e.c.m.MetadataMappingService", "cluster.name": "tpotcluster", "node.name": "tpotcluster-node-01", "message": "[logstash-2022.03.29/4CNLAl-yQqmObSIQcEvFWA] update_mapping [_doc]", "cluster.uuid": "Qbw2pof0QzSXC1OvK0aFSw", "node.id": "t9hfPgy_RyC9LOJUxQUrSQ"  }
{"type": "server", "timestamp": "2022-03-29T07:13:55,729Z", "level": "WARN", "component": "o.e.m.j.JvmGcMonitorService", "cluster.name": "tpotcluster", "node.name": "tpotcluster-node-01", "message": "[gc][young][163][40] duration [2.4s], collections [1]/[6.5s], total [2.4s]/[31.3s], memory [235.6mb]->[203.4mb]/[2gb], all_pools {[young] [56mb]->[24mb]/[0b]}{[old] [173.2mb]->[175.4mb]/[2gb]}{[survivor] [10.4mb]->[8mb]/[0b]}", "cluster.uuid": "Qbw2pof0QzSXC1OvK0aFSw", "node.id": "t9hfPgy_RyC9LOJUxQUrSQ"  }
{"type": "server", "timestamp": "2022-03-29T07:13:55,923Z", "level": "INFO", "component": "o.e.m.j.JvmGcMonitorService", "cluster.name": "tpotcluster", "node.name": "tpotcluster-node-01", "message": "[gc][163] overhead, spent [2.4s] collecting in the last [6.5s]", "cluster.uuid": "Qbw2pof0QzSXC1OvK0aFSw", "node.id": "t9hfPgy_RyC9LOJUxQUrSQ"  }
{"type": "server", "timestamp": "2022-03-29T07:14:01,683Z", "level": "INFO", "component": "o.e.c.m.MetadataMappingService", "cluster.name": "tpotcluster", "node.name": "tpotcluster-node-01", "message": "[logstash-2022.03.29/4CNLAl-yQqmObSIQcEvFWA] update_mapping [_doc]", "cluster.uuid": "Qbw2pof0QzSXC1OvK0aFSw", "node.id": "t9hfPgy_RyC9LOJUxQUrSQ"  }
{"type": "server", "timestamp": "2022-03-29T07:14:01,935Z", "level": "WARN", "component": "o.e.m.j.JvmGcMonitorService", "cluster.name": "tpotcluster", "node.name": "tpotcluster-node-01", "message": "[gc][young][164][41] duration [3.7s], collections [1]/[5.8s], total [3.7s]/[35s], memory [203.4mb]->[183mb]/[2gb], all_pools {[young] [24mb]->[0b]/[0b]}{[old] [175.4mb]->[175.4mb]/[2gb]}{[survivor] [8mb]->[7.5mb]/[0b]}", "cluster.uuid": "Qbw2pof0QzSXC1OvK0aFSw", "node.id": "t9hfPgy_RyC9LOJUxQUrSQ"  }
{"type": "server", "timestamp": "2022-03-29T07:14:02,318Z", "level": "WARN", "component": "o.e.m.j.JvmGcMonitorService", "cluster.name": "tpotcluster", "node.name": "tpotcluster-node-01", "message": "[gc][164] overhead, spent [3.7s] collecting in the last [5.8s]", "cluster.uuid": "Qbw2pof0QzSXC1OvK0aFSw", "node.id": "t9hfPgy_RyC9LOJUxQUrSQ"  }
{"type": "server", "timestamp": "2022-03-29T07:14:03,186Z", "level": "WARN", "component": "o.e.c.s.MasterService", "cluster.name": "tpotcluster", "node.name": "tpotcluster-node-01", "message": "took [14.6s/14683ms] to compute cluster state update for [put-mapping [logstash-2022.03.29/4CNLAl-yQqmObSIQcEvFWA][_doc, _doc]], which exceeds the warn threshold of [10s]", "cluster.uuid": "Qbw2pof0QzSXC1OvK0aFSw", "node.id": "t9hfPgy_RyC9LOJUxQUrSQ"  }
{"type": "server", "timestamp": "2022-03-29T07:14:14,886Z", "level": "INFO", "component": "o.e.c.c.C.CoordinatorPublication", "cluster.name": "tpotcluster", "node.name": "tpotcluster-node-01", "message": "after [10.4s] publication of cluster state version [4272] is still waiting for {tpotcluster-node-01}{t9hfPgy_RyC9LOJUxQUrSQ}{wiyuKYKUQWOg2mMJwrEYeQ}{127.0.0.1}{127.0.0.1:9300}{cdfhimrstw}{xpack.installed=true, transform.node=true} [SENT_PUBLISH_REQUEST]", "cluster.uuid": "Qbw2pof0QzSXC1OvK0aFSw", "node.id": "t9hfPgy_RyC9LOJUxQUrSQ"  }
{"type": "server", "timestamp": "2022-03-29T07:14:18,264Z", "level": "WARN", "component": "o.e.m.j.JvmGcMonitorService", "cluster.name": "tpotcluster", "node.name": "tpotcluster-node-01", "message": "[gc][young][173][42] duration [1.5s], collections [1]/[2.8s], total [1.5s]/[36.6s], memory [235mb]->[182.2mb]/[2gb], all_pools {[young] [56mb]->[0b]/[0b]}{[old] [175.4mb]->[175.4mb]/[2gb]}{[survivor] [7.5mb]->[6.8mb]/[0b]}", "cluster.uuid": "Qbw2pof0QzSXC1OvK0aFSw", "node.id": "t9hfPgy_RyC9LOJUxQUrSQ"  }
{"type": "server", "timestamp": "2022-03-29T07:14:18,522Z", "level": "WARN", "component": "o.e.m.j.JvmGcMonitorService", "cluster.name": "tpotcluster", "node.name": "tpotcluster-node-01", "message": "[gc][173] overhead, spent [1.5s] collecting in the last [2.8s]", "cluster.uuid": "Qbw2pof0QzSXC1OvK0aFSw", "node.id": "t9hfPgy_RyC9LOJUxQUrSQ"  }
{"type": "server", "timestamp": "2022-03-29T07:14:21,189Z", "level": "INFO", "component": "o.e.m.j.JvmGcMonitorService", "cluster.name": "tpotcluster", "node.name": "tpotcluster-node-01", "message": "[gc][young][174][43] duration [889ms], collections [1]/[3.1s], total [889ms]/[37.5s], memory [182.2mb]->[182.6mb]/[2gb], all_pools {[young] [0b]->[8mb]/[0b]}{[old] [175.4mb]->[175.4mb]/[2gb]}{[survivor] [6.8mb]->[7.1mb]/[0b]}", "cluster.uuid": "Qbw2pof0QzSXC1OvK0aFSw", "node.id": "t9hfPgy_RyC9LOJUxQUrSQ"  }
{"type": "server", "timestamp": "2022-03-29T07:14:21,391Z", "level": "INFO", "component": "o.e.m.j.JvmGcMonitorService", "cluster.name": "tpotcluster", "node.name": "tpotcluster-node-01", "message": "[gc][174] overhead, spent [889ms] collecting in the last [3.1s]", "cluster.uuid": "Qbw2pof0QzSXC1OvK0aFSw", "node.id": "t9hfPgy_RyC9LOJUxQUrSQ"  }
{"type": "server", "timestamp": "2022-03-29T07:14:30,639Z", "level": "INFO", "component": "o.e.c.m.MetadataMappingService", "cluster.name": "tpotcluster", "node.name": "tpotcluster-node-01", "message": "[logstash-2022.03.29/4CNLAl-yQqmObSIQcEvFWA] update_mapping [_doc]", "cluster.uuid": "Qbw2pof0QzSXC1OvK0aFSw", "node.id": "t9hfPgy_RyC9LOJUxQUrSQ"  }
{"type": "server", "timestamp": "2022-03-29T07:14:45,349Z", "level": "WARN", "component": "o.e.m.j.JvmGcMonitorService", "cluster.name": "tpotcluster", "node.name": "tpotcluster-node-01", "message": "[gc][191] overhead, spent [659ms] collecting in the last [1s]", "cluster.uuid": "Qbw2pof0QzSXC1OvK0aFSw", "node.id": "t9hfPgy_RyC9LOJUxQUrSQ"  }
{"type": "server", "timestamp": "2022-03-29T07:14:55,625Z", "level": "WARN", "component": "o.e.m.j.JvmGcMonitorService", "cluster.name": "tpotcluster", "node.name": "tpotcluster-node-01", "message": "[gc][young][198][48] duration [1.1s], collections [1]/[3.2s], total [1.1s]/[39.8s], memory [234.4mb]->[185.6mb]/[2gb], all_pools {[young] [52mb]->[0b]/[0b]}{[old] [177.1mb]->[177.1mb]/[2gb]}{[survivor] [5.3mb]->[8.5mb]/[0b]}", "cluster.uuid": "Qbw2pof0QzSXC1OvK0aFSw", "node.id": "t9hfPgy_RyC9LOJUxQUrSQ"  }
{"type": "server", "timestamp": "2022-03-29T07:14:55,866Z", "level": "INFO", "component": "o.e.m.j.JvmGcMonitorService", "cluster.name": "tpotcluster", "node.name": "tpotcluster-node-01", "message": "[gc][198] overhead, spent [1.1s] collecting in the last [3.2s]", "cluster.uuid": "Qbw2pof0QzSXC1OvK0aFSw", "node.id": "t9hfPgy_RyC9LOJUxQUrSQ"  }
{"type": "server", "timestamp": "2022-03-29T07:15:06,400Z", "level": "WARN", "component": "o.e.m.j.JvmGcMonitorService", "cluster.name": "tpotcluster", "node.name": "tpotcluster-node-01", "message": "[gc][young][203][49] duration [1.8s], collections [1]/[3.1s], total [1.8s]/[41.7s], memory [265.6mb]->[185.1mb]/[2gb], all_pools {[young] [80mb]->[4mb]/[0b]}{[old] [177.1mb]->[177.1mb]/[2gb]}{[survivor] [8.5mb]->[8mb]/[0b]}", "cluster.uuid": "Qbw2pof0QzSXC1OvK0aFSw", "node.id": "t9hfPgy_RyC9LOJUxQUrSQ"  }
{"type": "server", "timestamp": "2022-03-29T07:15:06,631Z", "level": "WARN", "component": "o.e.m.j.JvmGcMonitorService", "cluster.name": "tpotcluster", "node.name": "tpotcluster-node-01", "message": "[gc][203] overhead, spent [1.8s] collecting in the last [3.1s]", "cluster.uuid": "Qbw2pof0QzSXC1OvK0aFSw", "node.id": "t9hfPgy_RyC9LOJUxQUrSQ"  }
{"type": "server", "timestamp": "2022-03-29T07:15:14,010Z", "level": "WARN", "component": "o.e.t.ThreadPool", "cluster.name": "tpotcluster", "node.name": "tpotcluster-node-01", "message": "timer thread slept for [5.8s/5828ms] on absolute clock which is above the warn threshold of [5000ms]", "cluster.uuid": "Qbw2pof0QzSXC1OvK0aFSw", "node.id": "t9hfPgy_RyC9LOJUxQUrSQ"  }
{"type": "server", "timestamp": "2022-03-29T07:15:15,104Z", "level": "WARN", "component": "o.e.m.j.JvmGcMonitorService", "cluster.name": "tpotcluster", "node.name": "tpotcluster-node-01", "message": "[gc][young][204][50] duration [4.6s], collections [1]/[2s], total [4.6s]/[46.3s], memory [185.1mb]->[273.1mb]/[2gb], all_pools {[young] [4mb]->[0b]/[0b]}{[old] [177.1mb]->[177.1mb]/[2gb]}{[survivor] [8mb]->[9.5mb]/[0b]}", "cluster.uuid": "Qbw2pof0QzSXC1OvK0aFSw", "node.id": "t9hfPgy_RyC9LOJUxQUrSQ"  }
{"type": "server", "timestamp": "2022-03-29T07:15:15,054Z", "level": "WARN", "component": "o.e.t.ThreadPool", "cluster.name": "tpotcluster", "node.name": "tpotcluster-node-01", "message": "timer thread slept for [5.8s/5827491514ns] on relative clock which is above the warn threshold of [5000ms]", "cluster.uuid": "Qbw2pof0QzSXC1OvK0aFSw", "node.id": "t9hfPgy_RyC9LOJUxQUrSQ"  }
{"type": "server", "timestamp": "2022-03-29T07:15:15,801Z", "level": "WARN", "component": "o.e.m.j.JvmGcMonitorService", "cluster.name": "tpotcluster", "node.name": "tpotcluster-node-01", "message": "[gc][204] overhead, spent [4.6s] collecting in the last [2s]", "cluster.uuid": "Qbw2pof0QzSXC1OvK0aFSw", "node.id": "t9hfPgy_RyC9LOJUxQUrSQ"  }
{"type": "server", "timestamp": "2022-03-29T07:15:18,115Z", "level": "WARN", "component": "o.e.t.ThreadPool", "cluster.name": "tpotcluster", "node.name": "tpotcluster-node-01", "message": "execution of [ReschedulingRunnable{runnable=org.elasticsearch.monitor.jvm.JvmGcMonitorService$1@16188247, interval=1s}] took [10351ms] which is above the warn threshold of [5000ms]", "cluster.uuid": "Qbw2pof0QzSXC1OvK0aFSw", "node.id": "t9hfPgy_RyC9LOJUxQUrSQ"  }
{"type": "server", "timestamp": "2022-03-29T07:15:32,238Z", "level": "WARN", "component": "o.e.t.ThreadPool", "cluster.name": "tpotcluster", "node.name": "tpotcluster-node-01", "message": "timer thread slept for [5.6s/5628ms] on absolute clock which is above the warn threshold of [5000ms]", "cluster.uuid": "Qbw2pof0QzSXC1OvK0aFSw", "node.id": "t9hfPgy_RyC9LOJUxQUrSQ"  }
{"type": "server", "timestamp": "2022-03-29T07:15:32,803Z", "level": "WARN", "component": "o.e.m.j.JvmGcMonitorService", "cluster.name": "tpotcluster", "node.name": "tpotcluster-node-01", "message": "[gc][young][207][51] duration [3.7s], collections [1]/[1.6s], total [3.7s]/[50s], memory [190.6mb]->[206.6mb]/[2gb], all_pools {[young] [4mb]->[80mb]/[0b]}{[old] [177.1mb]->[177.1mb]/[2gb]}{[survivor] [9.5mb]->[9.5mb]/[0b]}", "cluster.uuid": "Qbw2pof0QzSXC1OvK0aFSw", "node.id": "t9hfPgy_RyC9LOJUxQUrSQ"  }
{"type": "server", "timestamp": "2022-03-29T07:15:32,827Z", "level": "WARN", "component": "o.e.t.ThreadPool", "cluster.name": "tpotcluster", "node.name": "tpotcluster-node-01", "message": "timer thread slept for [5.6s/5628212958ns] on relative clock which is above the warn threshold of [5000ms]", "cluster.uuid": "Qbw2pof0QzSXC1OvK0aFSw", "node.id": "t9hfPgy_RyC9LOJUxQUrSQ"  }
{"type": "server", "timestamp": "2022-03-29T07:15:32,827Z", "level": "WARN", "component": "o.e.m.j.JvmGcMonitorService", "cluster.name": "tpotcluster", "node.name": "tpotcluster-node-01", "message": "[gc][207] overhead, spent [3.7s] collecting in the last [1.6s]", "cluster.uuid": "Qbw2pof0QzSXC1OvK0aFSw", "node.id": "t9hfPgy_RyC9LOJUxQUrSQ"  }
{"type": "server", "timestamp": "2022-03-29T07:15:32,828Z", "level": "WARN", "component": "o.e.t.ThreadPool", "cluster.name": "tpotcluster", "node.name": "tpotcluster-node-01", "message": "execution of [ReschedulingRunnable{runnable=org.elasticsearch.monitor.jvm.JvmGcMonitorService$1@16188247, interval=1s}] took [8036ms] which is above the warn threshold of [5000ms]", "cluster.uuid": "Qbw2pof0QzSXC1OvK0aFSw", "node.id": "t9hfPgy_RyC9LOJUxQUrSQ"  }
{"type": "server", "timestamp": "2022-03-29T07:15:47,449Z", "level": "WARN", "component": "o.e.m.j.JvmGcMonitorService", "cluster.name": "tpotcluster", "node.name": "tpotcluster-node-01", "message": "[gc][young][214][52] duration [2.8s], collections [1]/[4.7s], total [2.8s]/[52.9s], memory [249.9mb]->[204.9mb]/[2gb], all_pools {[young] [88mb]->[20mb]/[0b]}{[old] [177.9mb]->[177.9mb]/[2gb]}{[survivor] [8mb]->[10.9mb]/[0b]}", "cluster.uuid": "Qbw2pof0QzSXC1OvK0aFSw", "node.id": "t9hfPgy_RyC9LOJUxQUrSQ"  }
{"type": "server", "timestamp": "2022-03-29T07:15:48,101Z", "level": "WARN", "component": "o.e.m.j.JvmGcMonitorService", "cluster.name": "tpotcluster", "node.name": "tpotcluster-node-01", "message": "[gc][214] overhead, spent [2.8s] collecting in the last [4.7s]", "cluster.uuid": "Qbw2pof0QzSXC1OvK0aFSw", "node.id": "t9hfPgy_RyC9LOJUxQUrSQ"  }
{"type": "server", "timestamp": "2022-03-29T07:15:48,635Z", "level": "INFO", "component": "o.e.c.m.MetadataMappingService", "cluster.name": "tpotcluster", "node.name": "tpotcluster-node-01", "message": "[logstash-2022.03.29/4CNLAl-yQqmObSIQcEvFWA] update_mapping [_doc]", "cluster.uuid": "Qbw2pof0QzSXC1OvK0aFSw", "node.id": "t9hfPgy_RyC9LOJUxQUrSQ"  }
{"type": "server", "timestamp": "2022-03-29T07:15:48,820Z", "level": "WARN", "component": "o.e.c.s.MasterService", "cluster.name": "tpotcluster", "node.name": "tpotcluster-node-01", "message": "took [13.1s/13197ms] to compute cluster state update for [put-mapping [logstash-2022.03.29/4CNLAl-yQqmObSIQcEvFWA][_doc]], which exceeds the warn threshold of [10s]", "cluster.uuid": "Qbw2pof0QzSXC1OvK0aFSw", "node.id": "t9hfPgy_RyC9LOJUxQUrSQ"  }
{"type": "server", "timestamp": "2022-03-29T07:15:59,278Z", "level": "WARN", "component": "o.e.m.j.JvmGcMonitorService", "cluster.name": "tpotcluster", "node.name": "tpotcluster-node-01", "message": "[gc][young][217][53] duration [2.8s], collections [1]/[4.1s], total [2.8s]/[55.7s], memory [268.9mb]->[268.9mb]/[2gb], all_pools {[young] [80mb]->[0b]/[0b]}{[old] [177.9mb]->[180.8mb]/[2gb]}{[survivor] [10.9mb]->[4.9mb]/[0b]}", "cluster.uuid": "Qbw2pof0QzSXC1OvK0aFSw", "node.id": "t9hfPgy_RyC9LOJUxQUrSQ"  }
{"type": "server", "timestamp": "2022-03-29T07:15:59,631Z", "level": "WARN", "component": "o.e.m.j.JvmGcMonitorService", "cluster.name": "tpotcluster", "node.name": "tpotcluster-node-01", "message": "[gc][217] overhead, spent [2.8s] collecting in the last [4.1s]", "cluster.uuid": "Qbw2pof0QzSXC1OvK0aFSw", "node.id": "t9hfPgy_RyC9LOJUxQUrSQ"  }
{"type": "server", "timestamp": "2022-03-29T07:15:59,632Z", "level": "WARN", "component": "o.e.t.ThreadPool", "cluster.name": "tpotcluster", "node.name": "tpotcluster-node-01", "message": "execution of [ReschedulingRunnable{runnable=org.elasticsearch.monitor.jvm.JvmGcMonitorService$1@16188247, interval=1s}] took [5137ms] which is above the warn threshold of [5000ms]", "cluster.uuid": "Qbw2pof0QzSXC1OvK0aFSw", "node.id": "t9hfPgy_RyC9LOJUxQUrSQ"  }
{"type": "server", "timestamp": "2022-03-29T07:16:18,133Z", "level": "WARN", "component": "o.e.t.ThreadPool", "cluster.name": "tpotcluster", "node.name": "tpotcluster-node-01", "message": "execution of [ReschedulingRunnable{runnable=org.elasticsearch.monitor.jvm.JvmGcMonitorService$1@16188247, interval=1s}] took [6101ms] which is above the warn threshold of [5000ms]", "cluster.uuid": "Qbw2pof0QzSXC1OvK0aFSw", "node.id": "t9hfPgy_RyC9LOJUxQUrSQ"  }
{"type": "server", "timestamp": "2022-03-29T07:16:28,501Z", "level": "WARN", "component": "o.e.t.ThreadPool", "cluster.name": "tpotcluster", "node.name": "tpotcluster-node-01", "message": "timer thread slept for [5.7s/5760ms] on absolute clock which is above the warn threshold of [5000ms]", "cluster.uuid": "Qbw2pof0QzSXC1OvK0aFSw", "node.id": "t9hfPgy_RyC9LOJUxQUrSQ"  }
{"type": "server", "timestamp": "2022-03-29T07:16:28,501Z", "level": "WARN", "component": "o.e.t.ThreadPool", "cluster.name": "tpotcluster", "node.name": "tpotcluster-node-01", "message": "execution of [ReschedulingRunnable{runnable=org.elasticsearch.indices.IndexingMemoryController$ShardsIndicesStatusChecker@2d987ae3, interval=5s}] took [6960ms] which is above the warn threshold of [5000ms]", "cluster.uuid": "Qbw2pof0QzSXC1OvK0aFSw", "node.id": "t9hfPgy_RyC9LOJUxQUrSQ"  }
{"type": "server", "timestamp": "2022-03-29T07:16:29,149Z", "level": "WARN", "component": "o.e.t.ThreadPool", "cluster.name": "tpotcluster", "node.name": "tpotcluster-node-01", "message": "timer thread slept for [5.7s/5759648029ns] on relative clock which is above the warn threshold of [5000ms]", "cluster.uuid": "Qbw2pof0QzSXC1OvK0aFSw", "node.id": "t9hfPgy_RyC9LOJUxQUrSQ"  }
{"type": "server", "timestamp": "2022-03-29T07:16:29,609Z", "level": "WARN", "component": "o.e.m.j.JvmGcMonitorService", "cluster.name": "tpotcluster", "node.name": "tpotcluster-node-01", "message": "[gc][young][224][54] duration [3.4s], collections [1]/[17.5s], total [3.4s]/[59.2s], memory [253.8mb]->[226.4mb]/[2gb], all_pools {[young] [84mb]->[40mb]/[0b]}{[old] [180.8mb]->[180.8mb]/[2gb]}{[survivor] [4.9mb]->[5.6mb]/[0b]}", "cluster.uuid": "Qbw2pof0QzSXC1OvK0aFSw", "node.id": "t9hfPgy_RyC9LOJUxQUrSQ"  }
{"type": "server", "timestamp": "2022-03-29T07:16:45,613Z", "level": "WARN", "component": "o.e.m.j.JvmGcMonitorService", "cluster.name": "tpotcluster", "node.name": "tpotcluster-node-01", "message": "[gc][young][230][55] duration [3.3s], collections [1]/[6.3s], total [3.3s]/[1m], memory [246.4mb]->[186.9mb]/[2gb], all_pools {[young] [60mb]->[28mb]/[0b]}{[old] [180.8mb]->[180.8mb]/[2gb]}{[survivor] [5.6mb]->[6.1mb]/[0b]}", "cluster.uuid": "Qbw2pof0QzSXC1OvK0aFSw", "node.id": "t9hfPgy_RyC9LOJUxQUrSQ"  }
{"type": "server", "timestamp": "2022-03-29T07:16:46,319Z", "level": "WARN", "component": "o.e.m.j.JvmGcMonitorService", "cluster.name": "tpotcluster", "node.name": "tpotcluster-node-01", "message": "[gc][230] overhead, spent [3.3s] collecting in the last [6.3s]", "cluster.uuid": "Qbw2pof0QzSXC1OvK0aFSw", "node.id": "t9hfPgy_RyC9LOJUxQUrSQ"  }
{"type": "server", "timestamp": "2022-03-29T07:16:49,167Z", "level": "WARN", "component": "o.e.t.ThreadPool", "cluster.name": "tpotcluster", "node.name": "tpotcluster-node-01", "message": "execution of [ReschedulingRunnable{runnable=org.elasticsearch.monitor.jvm.JvmGcMonitorService$1@16188247, interval=1s}] took [9672ms] which is above the warn threshold of [5000ms]", "cluster.uuid": "Qbw2pof0QzSXC1OvK0aFSw", "node.id": "t9hfPgy_RyC9LOJUxQUrSQ"  }
{"type": "server", "timestamp": "2022-03-29T07:17:09,931Z", "level": "WARN", "component": "o.e.t.ThreadPool", "cluster.name": "tpotcluster", "node.name": "tpotcluster-node-01", "message": "timer thread slept for [5.5s/5515ms] on absolute clock which is above the warn threshold of [5000ms]", "cluster.uuid": "Qbw2pof0QzSXC1OvK0aFSw", "node.id": "t9hfPgy_RyC9LOJUxQUrSQ"  }
{"type": "server", "timestamp": "2022-03-29T07:17:10,218Z", "level": "WARN", "component": "o.e.h.AbstractHttpServerTransport", "cluster.name": "tpotcluster", "node.name": "tpotcluster-node-01", "message": "handling request [null][POST][/_bulk][Netty4HttpChannel{localAddress=/192.168.48.2:9200, remoteAddress=/192.168.48.5:39956}] took [5916ms] which is above the warn threshold of [5000ms]", "cluster.uuid": "Qbw2pof0QzSXC1OvK0aFSw", "node.id": "t9hfPgy_RyC9LOJUxQUrSQ"  }
{"type": "server", "timestamp": "2022-03-29T07:17:10,228Z", "level": "WARN", "component": "o.e.m.j.JvmGcMonitorService", "cluster.name": "tpotcluster", "node.name": "tpotcluster-node-01", "message": "[gc][young][236][56] duration [3.3s], collections [1]/[6.3s], total [3.3s]/[1m], memory [246.9mb]->[188.1mb]/[2gb], all_pools {[young] [60mb]->[4mb]/[0b]}{[old] [180.8mb]->[180.8mb]/[2gb]}{[survivor] [6.1mb]->[7.2mb]/[0b]}", "cluster.uuid": "Qbw2pof0QzSXC1OvK0aFSw", "node.id": "t9hfPgy_RyC9LOJUxQUrSQ"  }
{"type": "server", "timestamp": "2022-03-29T07:17:10,260Z", "level": "WARN", "component": "o.e.m.j.JvmGcMonitorService", "cluster.name": "tpotcluster", "node.name": "tpotcluster-node-01", "message": "[gc][236] overhead, spent [3.3s] collecting in the last [6.3s]", "cluster.uuid": "Qbw2pof0QzSXC1OvK0aFSw", "node.id": "t9hfPgy_RyC9LOJUxQUrSQ"  }
{"type": "server", "timestamp": "2022-03-29T07:17:10,259Z", "level": "WARN", "component": "o.e.t.ThreadPool", "cluster.name": "tpotcluster", "node.name": "tpotcluster-node-01", "message": "timer thread slept for [5.5s/5515632988ns] on relative clock which is above the warn threshold of [5000ms]", "cluster.uuid": "Qbw2pof0QzSXC1OvK0aFSw", "node.id": "t9hfPgy_RyC9LOJUxQUrSQ"  }
{"type": "server", "timestamp": "2022-03-29T07:17:12,851Z", "level": "WARN", "component": "o.e.m.j.JvmGcMonitorService", "cluster.name": "tpotcluster", "node.name": "tpotcluster-node-01", "message": "[gc][young][237][57] duration [1.2s], collections [1]/[2.7s], total [1.2s]/[1.1m], memory [188.1mb]->[189.4mb]/[2gb], all_pools {[young] [4mb]->[4mb]/[0b]}{[old] [180.8mb]->[180.8mb]/[2gb]}{[survivor] [7.2mb]->[8.6mb]/[0b]}", "cluster.uuid": "Qbw2pof0QzSXC1OvK0aFSw", "node.id": "t9hfPgy_RyC9LOJUxQUrSQ"  }
{"type": "server", "timestamp": "2022-03-29T07:17:12,998Z", "level": "INFO", "component": "o.e.m.j.JvmGcMonitorService", "cluster.name": "tpotcluster", "node.name": "tpotcluster-node-01", "message": "[gc][237] overhead, spent [1.2s] collecting in the last [2.7s]", "cluster.uuid": "Qbw2pof0QzSXC1OvK0aFSw", "node.id": "t9hfPgy_RyC9LOJUxQUrSQ"  }
{"type": "server", "timestamp": "2022-03-29T07:17:17,750Z", "level": "WARN", "component": "o.e.m.j.JvmGcMonitorService", "cluster.name": "tpotcluster", "node.name": "tpotcluster-node-01", "message": "[gc][young][238][58] duration [1.9s], collections [1]/[1.4s], total [1.9s]/[1.1m], memory [189.4mb]->[265.4mb]/[2gb], all_pools {[young] [4mb]->[80mb]/[0b]}{[old] [180.8mb]->[180.8mb]/[2gb]}{[survivor] [8.6mb]->[8.6mb]/[0b]}", "cluster.uuid": "Qbw2pof0QzSXC1OvK0aFSw", "node.id": "t9hfPgy_RyC9LOJUxQUrSQ"  }
{"type": "server", "timestamp": "2022-03-29T07:17:18,333Z", "level": "WARN", "component": "o.e.m.j.JvmGcMonitorService", "cluster.name": "tpotcluster", "node.name": "tpotcluster-node-01", "message": "[gc][238] overhead, spent [1.9s] collecting in the last [1.4s]", "cluster.uuid": "Qbw2pof0QzSXC1OvK0aFSw", "node.id": "t9hfPgy_RyC9LOJUxQUrSQ"  }
{"type": "server", "timestamp": "2022-03-29T07:17:22,651Z", "level": "WARN", "component": "o.e.m.j.JvmGcMonitorService", "cluster.name": "tpotcluster", "node.name": "tpotcluster-node-01", "message": "[gc][young][240][60] duration [1s], collections [1]/[1.2s], total [1s]/[1.1m], memory [190.9mb]->[189.1mb]/[2gb], all_pools {[young] [40mb]->[0b]/[0b]}{[old] [182.1mb]->[182.1mb]/[2gb]}{[survivor] [8.8mb]->[7mb]/[0b]}", "cluster.uuid": "Qbw2pof0QzSXC1OvK0aFSw", "node.id": "t9hfPgy_RyC9LOJUxQUrSQ"  }
{"type": "server", "timestamp": "2022-03-29T07:17:22,993Z", "level": "WARN", "component": "o.e.m.j.JvmGcMonitorService", "cluster.name": "tpotcluster", "node.name": "tpotcluster-node-01", "message": "[gc][240] overhead, spent [1s] collecting in the last [1.2s]", "cluster.uuid": "Qbw2pof0QzSXC1OvK0aFSw", "node.id": "t9hfPgy_RyC9LOJUxQUrSQ"  }
{"type": "server", "timestamp": "2022-03-29T07:17:30,588Z", "level": "WARN", "component": "o.e.m.j.JvmGcMonitorService", "cluster.name": "tpotcluster", "node.name": "tpotcluster-node-01", "message": "[gc][young][245][61] duration [1.2s], collections [1]/[2.5s], total [1.2s]/[1.1m], memory [273.1mb]->[191.3mb]/[2gb], all_pools {[young] [84mb]->[4mb]/[0b]}{[old] [182.1mb]->[182.1mb]/[2gb]}{[survivor] [7mb]->[5.2mb]/[0b]}", "cluster.uuid": "Qbw2pof0QzSXC1OvK0aFSw", "node.id": "t9hfPgy_RyC9LOJUxQUrSQ"  }
{"type": "server", "timestamp": "2022-03-29T07:17:31,674Z", "level": "INFO", "component": "o.e.m.j.JvmGcMonitorService", "cluster.name": "tpotcluster", "node.name": "tpotcluster-node-01", "message": "[gc][245] overhead, spent [1.2s] collecting in the last [2.5s]", "cluster.uuid": "Qbw2pof0QzSXC1OvK0aFSw", "node.id": "t9hfPgy_RyC9LOJUxQUrSQ"  }
{"type": "server", "timestamp": "2022-03-29T07:17:34,090Z", "level": "INFO", "component": "o.e.c.m.MetadataMappingService", "cluster.name": "tpotcluster", "node.name": "tpotcluster-node-01", "message": "[logstash-2022.03.29/4CNLAl-yQqmObSIQcEvFWA] update_mapping [_doc]", "cluster.uuid": "Qbw2pof0QzSXC1OvK0aFSw", "node.id": "t9hfPgy_RyC9LOJUxQUrSQ"  }
{"type": "server", "timestamp": "2022-03-29T07:17:41,181Z", "level": "INFO", "component": "o.e.m.j.JvmGcMonitorService", "cluster.name": "tpotcluster", "node.name": "tpotcluster-node-01", "message": "[gc][young][252][62] duration [889ms], collections [1]/[2s], total [889ms]/[1.2m], memory [247.3mb]->[189mb]/[2gb], all_pools {[young] [60mb]->[20mb]/[0b]}{[old] [182.1mb]->[182.1mb]/[2gb]}{[survivor] [5.2mb]->[6.8mb]/[0b]}", "cluster.uuid": "Qbw2pof0QzSXC1OvK0aFSw", "node.id": "t9hfPgy_RyC9LOJUxQUrSQ"  }
{"type": "server", "timestamp": "2022-03-29T07:17:41,427Z", "level": "INFO", "component": "o.e.m.j.JvmGcMonitorService", "cluster.name": "tpotcluster", "node.name": "tpotcluster-node-01", "message": "[gc][252] overhead, spent [889ms] collecting in the last [2s]", "cluster.uuid": "Qbw2pof0QzSXC1OvK0aFSw", "node.id": "t9hfPgy_RyC9LOJUxQUrSQ"  }
{"type": "server", "timestamp": "2022-03-29T07:17:45,824Z", "level": "WARN", "component": "o.e.m.j.JvmGcMonitorService", "cluster.name": "tpotcluster", "node.name": "tpotcluster-node-01", "message": "[gc][young][253][63] duration [1.6s], collections [1]/[4.2s], total [1.6s]/[1.2m], memory [189mb]->[210.1mb]/[2gb], all_pools {[young] [20mb]->[20mb]/[0b]}{[old] [182.1mb]->[182.1mb]/[2gb]}{[survivor] [6.8mb]->[8mb]/[0b]}", "cluster.uuid": "Qbw2pof0QzSXC1OvK0aFSw", "node.id": "t9hfPgy_RyC9LOJUxQUrSQ"  }
{"type": "server", "timestamp": "2022-03-29T07:17:46,473Z", "level": "INFO", "component": "o.e.m.j.JvmGcMonitorService", "cluster.name": "tpotcluster", "node.name": "tpotcluster-node-01", "message": "[gc][253] overhead, spent [1.6s] collecting in the last [4.2s]", "cluster.uuid": "Qbw2pof0QzSXC1OvK0aFSw", "node.id": "t9hfPgy_RyC9LOJUxQUrSQ"  }
{"type": "server", "timestamp": "2022-03-29T07:17:53,565Z", "level": "WARN", "component": "o.e.m.j.JvmGcMonitorService", "cluster.name": "tpotcluster", "node.name": "tpotcluster-node-01", "message": "[gc][young][256][64] duration [1.7s], collections [1]/[3.3s], total [1.7s]/[1.2m], memory [214.1mb]->[188.1mb]/[2gb], all_pools {[young] [32mb]->[0b]/[0b]}{[old] [182.1mb]->[182.1mb]/[2gb]}{[survivor] [8mb]->[6mb]/[0b]}", "cluster.uuid": "Qbw2pof0QzSXC1OvK0aFSw", "node.id": "t9hfPgy_RyC9LOJUxQUrSQ"  }
{"type": "server", "timestamp": "2022-03-29T07:17:53,729Z", "level": "WARN", "component": "o.e.m.j.JvmGcMonitorService", "cluster.name": "tpotcluster", "node.name": "tpotcluster-node-01", "message": "[gc][256] overhead, spent [1.7s] collecting in the last [3.3s]", "cluster.uuid": "Qbw2pof0QzSXC1OvK0aFSw", "node.id": "t9hfPgy_RyC9LOJUxQUrSQ"  }
{"type": "server", "timestamp": "2022-03-29T07:18:01,130Z", "level": "INFO", "component": "o.e.m.j.JvmGcMonitorService", "cluster.name": "tpotcluster", "node.name": "tpotcluster-node-01", "message": "[gc][young][260][66] duration [797ms], collections [1]/[2.5s], total [797ms]/[1.2m], memory [264.1mb]->[190.1mb]/[2gb], all_pools {[young] [0b]->[4mb]/[0b]}{[old] [182.1mb]->[182.1mb]/[2gb]}{[survivor] [7.9mb]->[8mb]/[0b]}", "cluster.uuid": "Qbw2pof0QzSXC1OvK0aFSw", "node.id": "t9hfPgy_RyC9LOJUxQUrSQ"  }
{"type": "server", "timestamp": "2022-03-29T07:18:01,304Z", "level": "INFO", "component": "o.e.m.j.JvmGcMonitorService", "cluster.name": "tpotcluster", "node.name": "tpotcluster-node-01", "message": "[gc][260] overhead, spent [797ms] collecting in the last [2.5s]", "cluster.uuid": "Qbw2pof0QzSXC1OvK0aFSw", "node.id": "t9hfPgy_RyC9LOJUxQUrSQ"  }
{"type": "server", "timestamp": "2022-03-29T07:18:09,312Z", "level": "WARN", "component": "o.e.m.j.JvmGcMonitorService", "cluster.name": "tpotcluster", "node.name": "tpotcluster-node-01", "message": "[gc][young][264][67] duration [1.4s], collections [1]/[3.2s], total [1.4s]/[1.3m], memory [226.1mb]->[189.9mb]/[2gb], all_pools {[young] [40mb]->[8mb]/[0b]}{[old] [182.1mb]->[182.1mb]/[2gb]}{[survivor] [8mb]->[7.8mb]/[0b]}", "cluster.uuid": "Qbw2pof0QzSXC1OvK0aFSw", "node.id": "t9hfPgy_RyC9LOJUxQUrSQ"  }
{"type": "server", "timestamp": "2022-03-29T07:18:09,504Z", "level": "INFO", "component": "o.e.m.j.JvmGcMonitorService", "cluster.name": "tpotcluster", "node.name": "tpotcluster-node-01", "message": "[gc][264] overhead, spent [1.4s] collecting in the last [3.2s]", "cluster.uuid": "Qbw2pof0QzSXC1OvK0aFSw", "node.id": "t9hfPgy_RyC9LOJUxQUrSQ"  }
{"type": "server", "timestamp": "2022-03-29T07:18:36,812Z", "level": "WARN", "component": "o.e.t.ThreadPool", "cluster.name": "tpotcluster", "node.name": "tpotcluster-node-01", "message": "execution of [ReschedulingRunnable{runnable=org.elasticsearch.monitor.jvm.JvmGcMonitorService$1@16188247, interval=1s}] took [6198ms] which is above the warn threshold of [5000ms]", "cluster.uuid": "Qbw2pof0QzSXC1OvK0aFSw", "node.id": "t9hfPgy_RyC9LOJUxQUrSQ"  }
{"type": "server", "timestamp": "2022-03-29T07:19:02,600Z", "level": "WARN", "component": "o.e.h.AbstractHttpServerTransport", "cluster.name": "tpotcluster", "node.name": "tpotcluster-node-01", "message": "handling request [null][POST][/_bulk][Netty4HttpChannel{localAddress=/192.168.48.2:9200, remoteAddress=/192.168.48.5:39956}] took [32318ms] which is above the warn threshold of [5000ms]", "cluster.uuid": "Qbw2pof0QzSXC1OvK0aFSw", "node.id": "t9hfPgy_RyC9LOJUxQUrSQ"  }
{"type": "server", "timestamp": "2022-03-29T07:19:15,732Z", "level": "WARN", "component": "o.e.t.ThreadPool", "cluster.name": "tpotcluster", "node.name": "tpotcluster-node-01", "message": "execution of [ReschedulingRunnable{runnable=org.elasticsearch.watcher.ResourceWatcherService$ResourceMonitor@fdfa4b9, interval=5s}] took [14263ms] which is above the warn threshold of [5000ms]", "cluster.uuid": "Qbw2pof0QzSXC1OvK0aFSw", "node.id": "t9hfPgy_RyC9LOJUxQUrSQ"  }
{"type": "server", "timestamp": "2022-03-29T07:19:39,240Z", "level": "WARN", "component": "o.e.t.ThreadPool", "cluster.name": "tpotcluster", "node.name": "tpotcluster-node-01", "message": "execution of [ReschedulingRunnable{runnable=org.elasticsearch.indices.IndexingMemoryController$ShardsIndicesStatusChecker@2d987ae3, interval=5s}] took [11044ms] which is above the warn threshold of [5000ms]", "cluster.uuid": "Qbw2pof0QzSXC1OvK0aFSw", "node.id": "t9hfPgy_RyC9LOJUxQUrSQ"  }
{"type": "server", "timestamp": "2022-03-29T07:20:24,365Z", "level": "WARN", "component": "o.e.t.ThreadPool", "cluster.name": "tpotcluster", "node.name": "tpotcluster-node-01", "message": "execution of [org.elasticsearch.cluster.InternalClusterInfoService$RefreshScheduler$$Lambda$5109/0x00000008017e5978@639ce543] took [6470ms] which is above the warn threshold of [5000ms]", "cluster.uuid": "Qbw2pof0QzSXC1OvK0aFSw", "node.id": "t9hfPgy_RyC9LOJUxQUrSQ"  }
{"type": "server", "timestamp": "2022-03-29T07:20:39,359Z", "level": "WARN", "component": "o.e.t.ThreadPool", "cluster.name": "tpotcluster", "node.name": "tpotcluster-node-01", "message": "execution of [ReschedulingRunnable{runnable=org.elasticsearch.monitor.jvm.JvmGcMonitorService$1@16188247, interval=1s}] took [11019ms] which is above the warn threshold of [5000ms]", "cluster.uuid": "Qbw2pof0QzSXC1OvK0aFSw", "node.id": "t9hfPgy_RyC9LOJUxQUrSQ"  }
{"type": "server", "timestamp": "2022-03-29T07:21:21,592Z", "level": "WARN", "component": "o.e.t.ThreadPool", "cluster.name": "tpotcluster", "node.name": "tpotcluster-node-01", "message": "timer thread slept for [29.9s/29915ms] on absolute clock which is above the warn threshold of [5000ms]", "cluster.uuid": "Qbw2pof0QzSXC1OvK0aFSw", "node.id": "t9hfPgy_RyC9LOJUxQUrSQ"  }
{"type": "server", "timestamp": "2022-03-29T07:21:21,592Z", "level": "WARN", "component": "o.e.t.ThreadPool", "cluster.name": "tpotcluster", "node.name": "tpotcluster-node-01", "message": "execution of [ReschedulingRunnable{runnable=org.elasticsearch.watcher.ResourceWatcherService$ResourceMonitor@fdfa4b9, interval=5s}] took [30915ms] which is above the warn threshold of [5000ms]", "cluster.uuid": "Qbw2pof0QzSXC1OvK0aFSw", "node.id": "t9hfPgy_RyC9LOJUxQUrSQ"  }
{"type": "server", "timestamp": "2022-03-29T07:21:23,174Z", "level": "WARN", "component": "o.e.t.ThreadPool", "cluster.name": "tpotcluster", "node.name": "tpotcluster-node-01", "message": "timer thread slept for [29.9s/29915261054ns] on relative clock which is above the warn threshold of [5000ms]", "cluster.uuid": "Qbw2pof0QzSXC1OvK0aFSw", "node.id": "t9hfPgy_RyC9LOJUxQUrSQ"  }
{"type": "server", "timestamp": "2022-03-29T07:21:25,885Z", "level": "WARN", "component": "o.e.m.j.JvmGcMonitorService", "cluster.name": "tpotcluster", "node.name": "tpotcluster-node-01", "message": "[gc][young][277][70] duration [23s], collections [1]/[57.4s], total [23s]/[1.7m], memory [205.2mb]->[209.9mb]/[2gb], all_pools {[young] [20mb]->[24mb]/[0b]}{[old] [182.1mb]->[182.1mb]/[2gb]}{[survivor] [7.1mb]->[7.8mb]/[0b]}", "cluster.uuid": "Qbw2pof0QzSXC1OvK0aFSw", "node.id": "t9hfPgy_RyC9LOJUxQUrSQ"  }
{"type": "server", "timestamp": "2022-03-29T07:21:27,127Z", "level": "INFO", "component": "o.e.m.j.JvmGcMonitorService", "cluster.name": "tpotcluster", "node.name": "tpotcluster-node-01", "message": "[gc][277] overhead, spent [23s] collecting in the last [57.4s]", "cluster.uuid": "Qbw2pof0QzSXC1OvK0aFSw", "node.id": "t9hfPgy_RyC9LOJUxQUrSQ"  }
{"type": "server", "timestamp": "2022-03-29T07:21:37,714Z", "level": "WARN", "component": "o.e.m.j.JvmGcMonitorService", "cluster.name": "tpotcluster", "node.name": "tpotcluster-node-01", "message": "[gc][young][282][71] duration [2s], collections [1]/[4s], total [2s]/[1.7m], memory [233.9mb]->[191.5mb]/[2gb], all_pools {[young] [44mb]->[24mb]/[0b]}{[old] [182.1mb]->[182.1mb]/[2gb]}{[survivor] [7.8mb]->[9.3mb]/[0b]}", "cluster.uuid": "Qbw2pof0QzSXC1OvK0aFSw", "node.id": "t9hfPgy_RyC9LOJUxQUrSQ"  }
{"type": "server", "timestamp": "2022-03-29T07:21:38,449Z", "level": "WARN", "component": "o.e.m.j.JvmGcMonitorService", "cluster.name": "tpotcluster", "node.name": "tpotcluster-node-01", "message": "[gc][282] overhead, spent [2s] collecting in the last [4s]", "cluster.uuid": "Qbw2pof0QzSXC1OvK0aFSw", "node.id": "t9hfPgy_RyC9LOJUxQUrSQ"  }
{"type": "server", "timestamp": "2022-03-29T07:21:47,439Z", "level": "WARN", "component": "o.e.t.ThreadPool", "cluster.name": "tpotcluster", "node.name": "tpotcluster-node-01", "message": "timer thread slept for [6.6s/6679ms] on absolute clock which is above the warn threshold of [5000ms]", "cluster.uuid": "Qbw2pof0QzSXC1OvK0aFSw", "node.id": "t9hfPgy_RyC9LOJUxQUrSQ"  }
{"type": "server", "timestamp": "2022-03-29T07:21:48,146Z", "level": "WARN", "component": "o.e.t.ThreadPool", "cluster.name": "tpotcluster", "node.name": "tpotcluster-node-01", "message": "timer thread slept for [6.6s/6679219441ns] on relative clock which is above the warn threshold of [5000ms]", "cluster.uuid": "Qbw2pof0QzSXC1OvK0aFSw", "node.id": "t9hfPgy_RyC9LOJUxQUrSQ"  }
{"type": "server", "timestamp": "2022-03-29T07:21:48,149Z", "level": "WARN", "component": "o.e.m.j.JvmGcMonitorService", "cluster.name": "tpotcluster", "node.name": "tpotcluster-node-01", "message": "[gc][young][284][72] duration [4.2s], collections [1]/[7.6s], total [4.2s]/[1.8m], memory [231.5mb]->[190mb]/[2gb], all_pools {[young] [40mb]->[20mb]/[0b]}{[old] [182.1mb]->[183.5mb]/[2gb]}{[survivor] [9.3mb]->[6.5mb]/[0b]}", "cluster.uuid": "Qbw2pof0QzSXC1OvK0aFSw", "node.id": "t9hfPgy_RyC9LOJUxQUrSQ"  }
{"type": "server", "timestamp": "2022-03-29T07:21:49,123Z", "level": "WARN", "component": "o.e.m.j.JvmGcMonitorService", "cluster.name": "tpotcluster", "node.name": "tpotcluster-node-01", "message": "[gc][284] overhead, spent [4.2s] collecting in the last [7.6s]", "cluster.uuid": "Qbw2pof0QzSXC1OvK0aFSw", "node.id": "t9hfPgy_RyC9LOJUxQUrSQ"  }
{"type": "server", "timestamp": "2022-03-29T07:21:56,819Z", "level": "WARN", "component": "o.e.m.j.JvmGcMonitorService", "cluster.name": "tpotcluster", "node.name": "tpotcluster-node-01", "message": "[gc][young][287][73] duration [2.9s], collections [1]/[4.4s], total [2.9s]/[1.8m], memory [270mb]->[189.4mb]/[2gb], all_pools {[young] [84mb]->[0b]/[0b]}{[old] [183.5mb]->[183.5mb]/[2gb]}{[survivor] [6.5mb]->[5.8mb]/[0b]}", "cluster.uuid": "Qbw2pof0QzSXC1OvK0aFSw", "node.id": "t9hfPgy_RyC9LOJUxQUrSQ"  }
{"type": "server", "timestamp": "2022-03-29T07:21:57,191Z", "level": "WARN", "component": "o.e.m.j.JvmGcMonitorService", "cluster.name": "tpotcluster", "node.name": "tpotcluster-node-01", "message": "[gc][287] overhead, spent [2.9s] collecting in the last [4.4s]", "cluster.uuid": "Qbw2pof0QzSXC1OvK0aFSw", "node.id": "t9hfPgy_RyC9LOJUxQUrSQ"  }
{"type": "server", "timestamp": "2022-03-29T07:22:07,526Z", "level": "WARN", "component": "o.e.m.j.JvmGcMonitorService", "cluster.name": "tpotcluster", "node.name": "tpotcluster-node-01", "message": "[gc][young][291][74] duration [2.8s], collections [1]/[1.4s], total [2.8s]/[1.9m], memory [265.4mb]->[277.4mb]/[2gb], all_pools {[young] [80mb]->[0b]/[0b]}{[old] [183.5mb]->[183.5mb]/[2gb]}{[survivor] [5.8mb]->[5mb]/[0b]}", "cluster.uuid": "Qbw2pof0QzSXC1OvK0aFSw", "node.id": "t9hfPgy_RyC9LOJUxQUrSQ"  }
{"type": "server", "timestamp": "2022-03-29T07:22:08,892Z", "level": "WARN", "component": "o.e.m.j.JvmGcMonitorService", "cluster.name": "tpotcluster", "node.name": "tpotcluster-node-01", "message": "[gc][291] overhead, spent [2.8s] collecting in the last [1.4s]", "cluster.uuid": "Qbw2pof0QzSXC1OvK0aFSw", "node.id": "t9hfPgy_RyC9LOJUxQUrSQ"  }
{"type": "server", "timestamp": "2022-03-29T07:22:09,503Z", "level": "WARN", "component": "o.e.t.ThreadPool", "cluster.name": "tpotcluster", "node.name": "tpotcluster-node-01", "message": "execution of [ReschedulingRunnable{runnable=org.elasticsearch.monitor.jvm.JvmGcMonitorService$1@16188247, interval=1s}] took [7315ms] which is above the warn threshold of [5000ms]", "cluster.uuid": "Qbw2pof0QzSXC1OvK0aFSw", "node.id": "t9hfPgy_RyC9LOJUxQUrSQ"  }
{"type": "server", "timestamp": "2022-03-29T07:22:18,018Z", "level": "INFO", "component": "o.e.m.j.JvmGcMonitorService", "cluster.name": "tpotcluster", "node.name": "tpotcluster-node-01", "message": "[gc][297] overhead, spent [336ms] collecting in the last [1.1s]", "cluster.uuid": "Qbw2pof0QzSXC1OvK0aFSw", "node.id": "t9hfPgy_RyC9LOJUxQUrSQ"  }
{"type": "server", "timestamp": "2022-03-29T07:22:22,401Z", "level": "WARN", "component": "o.e.m.j.JvmGcMonitorService", "cluster.name": "tpotcluster", "node.name": "tpotcluster-node-01", "message": "[gc][young][298][76] duration [1.6s], collections [1]/[3.1s], total [1.6s]/[1.9m], memory [266.4mb]->[190.1mb]/[2gb], all_pools {[young] [76mb]->[8mb]/[0b]}{[old] [183.5mb]->[183.5mb]/[2gb]}{[survivor] [6.8mb]->[6.5mb]/[0b]}", "cluster.uuid": "Qbw2pof0QzSXC1OvK0aFSw", "node.id": "t9hfPgy_RyC9LOJUxQUrSQ"  }
{"type": "server", "timestamp": "2022-03-29T07:22:22,589Z", "level": "WARN", "component": "o.e.m.j.JvmGcMonitorService", "cluster.name": "tpotcluster", "node.name": "tpotcluster-node-01", "message": "[gc][298] overhead, spent [1.6s] collecting in the last [3.1s]", "cluster.uuid": "Qbw2pof0QzSXC1OvK0aFSw", "node.id": "t9hfPgy_RyC9LOJUxQUrSQ"  }
{"type": "server", "timestamp": "2022-03-29T07:22:36,285Z", "level": "WARN", "component": "o.e.m.j.JvmGcMonitorService", "cluster.name": "tpotcluster", "node.name": "tpotcluster-node-01", "message": "[gc][young][305][77] duration [2.1s], collections [1]/[1.5s], total [2.1s]/[1.9m], memory [246.1mb]->[188.7mb]/[2gb], all_pools {[young] [60mb]->[16mb]/[0b]}{[old] [183.5mb]->[183.5mb]/[2gb]}{[survivor] [6.5mb]->[5.1mb]/[0b]}", "cluster.uuid": "Qbw2pof0QzSXC1OvK0aFSw", "node.id": "t9hfPgy_RyC9LOJUxQUrSQ"  }
{"type": "server", "timestamp": "2022-03-29T07:22:36,562Z", "level": "WARN", "component": "o.e.m.j.JvmGcMonitorService", "cluster.name": "tpotcluster", "node.name": "tpotcluster-node-01", "message": "[gc][305] overhead, spent [2.1s] collecting in the last [1.5s]", "cluster.uuid": "Qbw2pof0QzSXC1OvK0aFSw", "node.id": "t9hfPgy_RyC9LOJUxQUrSQ"  }
{"type": "server", "timestamp": "2022-03-29T07:22:47,255Z", "level": "INFO", "component": "o.e.m.j.JvmGcMonitorService", "cluster.name": "tpotcluster", "node.name": "tpotcluster-node-01", "message": "[gc][young][310][78] duration [759ms], collections [1]/[2.6s], total [759ms]/[1.9m], memory [244.7mb]->[206mb]/[2gb], all_pools {[young] [56mb]->[24mb]/[0b]}{[old] [183.5mb]->[183.5mb]/[2gb]}{[survivor] [5.1mb]->[6.4mb]/[0b]}", "cluster.uuid": "Qbw2pof0QzSXC1OvK0aFSw", "node.id": "t9hfPgy_RyC9LOJUxQUrSQ"  }
{"type": "server", "timestamp": "2022-03-29T07:22:47,444Z", "level": "INFO", "component": "o.e.m.j.JvmGcMonitorService", "cluster.name": "tpotcluster", "node.name": "tpotcluster-node-01", "message": "[gc][310] overhead, spent [759ms] collecting in the last [2.6s]", "cluster.uuid": "Qbw2pof0QzSXC1OvK0aFSw", "node.id": "t9hfPgy_RyC9LOJUxQUrSQ"  }
{"type": "server", "timestamp": "2022-03-29T07:23:02,749Z", "level": "WARN", "component": "o.e.m.j.JvmGcMonitorService", "cluster.name": "tpotcluster", "node.name": "tpotcluster-node-01", "message": "[gc][young][316][79] duration [2.9s], collections [1]/[1.5s], total [2.9s]/[2m], memory [222mb]->[226mb]/[2gb], all_pools {[young] [32mb]->[40mb]/[0b]}{[old] [183.5mb]->[183.5mb]/[2gb]}{[survivor] [6.4mb]->[6.4mb]/[0b]}", "cluster.uuid": "Qbw2pof0QzSXC1OvK0aFSw", "node.id": "t9hfPgy_RyC9LOJUxQUrSQ"  }
{"type": "server", "timestamp": "2022-03-29T07:23:03,177Z", "level": "WARN", "component": "o.e.m.j.JvmGcMonitorService", "cluster.name": "tpotcluster", "node.name": "tpotcluster-node-01", "message": "[gc][316] overhead, spent [2.9s] collecting in the last [1.5s]", "cluster.uuid": "Qbw2pof0QzSXC1OvK0aFSw", "node.id": "t9hfPgy_RyC9LOJUxQUrSQ"  }
{"type": "server", "timestamp": "2022-03-29T07:23:03,265Z", "level": "WARN", "component": "o.e.t.ThreadPool", "cluster.name": "tpotcluster", "node.name": "tpotcluster-node-01", "message": "execution of [ReschedulingRunnable{runnable=org.elasticsearch.monitor.jvm.JvmGcMonitorService$1@16188247, interval=1s}] took [7216ms] which is above the warn threshold of [5000ms]", "cluster.uuid": "Qbw2pof0QzSXC1OvK0aFSw", "node.id": "t9hfPgy_RyC9LOJUxQUrSQ"  }
{"type": "server", "timestamp": "2022-03-29T07:23:25,992Z", "level": "WARN", "component": "o.e.m.j.JvmGcMonitorService", "cluster.name": "tpotcluster", "node.name": "tpotcluster-node-01", "message": "[gc][young][322][80] duration [1.6s], collections [1]/[1.5s], total [1.6s]/[2m], memory [271mb]->[279mb]/[2gb], all_pools {[young] [80mb]->[0b]/[0b]}{[old] [183.5mb]->[183.6mb]/[2gb]}{[survivor] [7.4mb]->[7.4mb]/[0b]}", "cluster.uuid": "Qbw2pof0QzSXC1OvK0aFSw", "node.id": "t9hfPgy_RyC9LOJUxQUrSQ"  }
{"type": "server", "timestamp": "2022-03-29T07:23:26,079Z", "level": "WARN", "component": "o.e.m.j.JvmGcMonitorService", "cluster.name": "tpotcluster", "node.name": "tpotcluster-node-01", "message": "[gc][322] overhead, spent [1.6s] collecting in the last [1.5s]", "cluster.uuid": "Qbw2pof0QzSXC1OvK0aFSw", "node.id": "t9hfPgy_RyC9LOJUxQUrSQ"  }
{"type": "server", "timestamp": "2022-03-29T07:23:31,902Z", "level": "WARN", "component": "o.e.m.j.JvmGcMonitorService", "cluster.name": "tpotcluster", "node.name": "tpotcluster-node-01", "message": "[gc][young][325][82] duration [1.8s], collections [1]/[3.1s], total [1.8s]/[2.1m], memory [263.4mb]->[191.1mb]/[2gb], all_pools {[young] [72mb]->[0b]/[0b]}{[old] [183.6mb]->[183.6mb]/[2gb]}{[survivor] [7.8mb]->[7.4mb]/[0b]}", "cluster.uuid": "Qbw2pof0QzSXC1OvK0aFSw", "node.id": "t9hfPgy_RyC9LOJUxQUrSQ"  }
{"type": "server", "timestamp": "2022-03-29T07:23:32,105Z", "level": "WARN", "component": "o.e.m.j.JvmGcMonitorService", "cluster.name": "tpotcluster", "node.name": "tpotcluster-node-01", "message": "[gc][325] overhead, spent [1.8s] collecting in the last [3.1s]", "cluster.uuid": "Qbw2pof0QzSXC1OvK0aFSw", "node.id": "t9hfPgy_RyC9LOJUxQUrSQ"  }
{"type": "server", "timestamp": "2022-03-29T07:24:21,049Z", "level": "WARN", "component": "o.e.m.j.JvmGcMonitorService", "cluster.name": "tpotcluster", "node.name": "tpotcluster-node-01", "message": "[gc][young][359][86] duration [1.9s], collections [1]/[3.3s], total [1.9s]/[2.1m], memory [253.9mb]->[194.4mb]/[2gb], all_pools {[young] [64mb]->[4mb]/[0b]}{[old] [183.7mb]->[183.8mb]/[2gb]}{[survivor] [6.1mb]->[6.6mb]/[0b]}", "cluster.uuid": "Qbw2pof0QzSXC1OvK0aFSw", "node.id": "t9hfPgy_RyC9LOJUxQUrSQ"  }
{"type": "server", "timestamp": "2022-03-29T07:24:21,186Z", "level": "WARN", "component": "o.e.m.j.JvmGcMonitorService", "cluster.name": "tpotcluster", "node.name": "tpotcluster-node-01", "message": "[gc][359] overhead, spent [1.9s] collecting in the last [3.3s]", "cluster.uuid": "Qbw2pof0QzSXC1OvK0aFSw", "node.id": "t9hfPgy_RyC9LOJUxQUrSQ"  }
{"type": "server", "timestamp": "2022-03-29T07:24:32,214Z", "level": "WARN", "component": "o.e.m.j.JvmGcMonitorService", "cluster.name": "tpotcluster", "node.name": "tpotcluster-node-01", "message": "[gc][young][364][87] duration [2s], collections [1]/[3.8s], total [2s]/[2.1m], memory [258.4mb]->[191.8mb]/[2gb], all_pools {[young] [68mb]->[0b]/[0b]}{[old] [183.8mb]->[183.8mb]/[2gb]}{[survivor] [6.6mb]->[8mb]/[0b]}", "cluster.uuid": "Qbw2pof0QzSXC1OvK0aFSw", "node.id": "t9hfPgy_RyC9LOJUxQUrSQ"  }
{"type": "server", "timestamp": "2022-03-29T07:24:32,698Z", "level": "WARN", "component": "o.e.m.j.JvmGcMonitorService", "cluster.name": "tpotcluster", "node.name": "tpotcluster-node-01", "message": "[gc][364] overhead, spent [2s] collecting in the last [3.8s]", "cluster.uuid": "Qbw2pof0QzSXC1OvK0aFSw", "node.id": "t9hfPgy_RyC9LOJUxQUrSQ"  }
{"type": "server", "timestamp": "2022-03-29T07:24:41,475Z", "level": "WARN", "component": "o.e.m.j.JvmGcMonitorService", "cluster.name": "tpotcluster", "node.name": "tpotcluster-node-01", "message": "[gc][young][367][88] duration [2.9s], collections [1]/[4.7s], total [2.9s]/[2.2m], memory [271.8mb]->[190.6mb]/[2gb], all_pools {[young] [80mb]->[0b]/[0b]}{[old] [183.8mb]->[183.8mb]/[2gb]}{[survivor] [8mb]->[6.7mb]/[0b]}", "cluster.uuid": "Qbw2pof0QzSXC1OvK0aFSw", "node.id": "t9hfPgy_RyC9LOJUxQUrSQ"  }
{"type": "server", "timestamp": "2022-03-29T07:24:41,908Z", "level": "WARN", "component": "o.e.m.j.JvmGcMonitorService", "cluster.name": "tpotcluster", "node.name": "tpotcluster-node-01", "message": "[gc][367] overhead, spent [2.9s] collecting in the last [4.7s]", "cluster.uuid": "Qbw2pof0QzSXC1OvK0aFSw", "node.id": "t9hfPgy_RyC9LOJUxQUrSQ"  }
{"type": "server", "timestamp": "2022-03-29T07:25:07,108Z", "level": "WARN", "component": "o.e.m.j.JvmGcMonitorService", "cluster.name": "tpotcluster", "node.name": "tpotcluster-node-01", "message": "[gc][young][381][89] duration [1.8s], collections [1]/[1.9s], total [1.8s]/[2.2m], memory [274.6mb]->[274.6mb]/[2gb], all_pools {[young] [84mb]->[0b]/[0b]}{[old] [183.8mb]->[183.9mb]/[2gb]}{[survivor] [6.7mb]->[4.6mb]/[0b]}", "cluster.uuid": "Qbw2pof0QzSXC1OvK0aFSw", "node.id": "t9hfPgy_RyC9LOJUxQUrSQ"  }
{"type": "server", "timestamp": "2022-03-29T07:25:07,239Z", "level": "WARN", "component": "o.e.m.j.JvmGcMonitorService", "cluster.name": "tpotcluster", "node.name": "tpotcluster-node-01", "message": "[gc][381] overhead, spent [1.8s] collecting in the last [1.9s]", "cluster.uuid": "Qbw2pof0QzSXC1OvK0aFSw", "node.id": "t9hfPgy_RyC9LOJUxQUrSQ"  }
{"type": "server", "timestamp": "2022-03-29T07:25:07,539Z", "level": "WARN", "component": "o.e.h.AbstractHttpServerTransport", "cluster.name": "tpotcluster", "node.name": "tpotcluster-node-01", "message": "handling request [null][GET][/_transform/endpoint.metadata_*/_stats][Netty4HttpChannel{localAddress=/192.168.48.2:9200, remoteAddress=/192.168.48.4:38466}] took [63568ms] which is above the warn threshold of [5000ms]", "cluster.uuid": "Qbw2pof0QzSXC1OvK0aFSw", "node.id": "t9hfPgy_RyC9LOJUxQUrSQ"  }
{"type": "server", "timestamp": "2022-03-29T07:25:09,430Z", "level": "INFO", "component": "o.e.c.m.MetadataMappingService", "cluster.name": "tpotcluster", "node.name": "tpotcluster-node-01", "message": "[logstash-2022.03.29/4CNLAl-yQqmObSIQcEvFWA] update_mapping [_doc]", "cluster.uuid": "Qbw2pof0QzSXC1OvK0aFSw", "node.id": "t9hfPgy_RyC9LOJUxQUrSQ"  }
{"type": "server", "timestamp": "2022-03-29T07:25:13,206Z", "level": "INFO", "component": "o.e.m.j.JvmGcMonitorService", "cluster.name": "tpotcluster", "node.name": "tpotcluster-node-01", "message": "[gc][386] overhead, spent [264ms] collecting in the last [1s]", "cluster.uuid": "Qbw2pof0QzSXC1OvK0aFSw", "node.id": "t9hfPgy_RyC9LOJUxQUrSQ"  }
{"type": "server", "timestamp": "2022-03-29T07:25:29,546Z", "level": "WARN", "component": "o.e.m.j.JvmGcMonitorService", "cluster.name": "tpotcluster", "node.name": "tpotcluster-node-01", "message": "[gc][young][395][91] duration [1.3s], collections [1]/[2.6s], total [1.3s]/[2.2m], memory [269.8mb]->[229.7mb]/[2gb], all_pools {[young] [80mb]->[40mb]/[0b]}{[old] [183.9mb]->[184mb]/[2gb]}{[survivor] [5.9mb]->[5.7mb]/[0b]}", "cluster.uuid": "Qbw2pof0QzSXC1OvK0aFSw", "node.id": "t9hfPgy_RyC9LOJUxQUrSQ"  }
{"type": "server", "timestamp": "2022-03-29T07:25:29,747Z", "level": "INFO", "component": "o.e.m.j.JvmGcMonitorService", "cluster.name": "tpotcluster", "node.name": "tpotcluster-node-01", "message": "[gc][395] overhead, spent [1.3s] collecting in the last [2.6s]", "cluster.uuid": "Qbw2pof0QzSXC1OvK0aFSw", "node.id": "t9hfPgy_RyC9LOJUxQUrSQ"  }
{"type": "server", "timestamp": "2022-03-29T07:25:35,631Z", "level": "WARN", "component": "o.e.m.j.JvmGcMonitorService", "cluster.name": "tpotcluster", "node.name": "tpotcluster-node-01", "message": "[gc][young][398][92] duration [1.5s], collections [1]/[2.7s], total [1.5s]/[2.3m], memory [241.7mb]->[192.6mb]/[2gb], all_pools {[young] [56mb]->[0b]/[0b]}{[old] [184mb]->[184mb]/[2gb]}{[survivor] [5.7mb]->[8.5mb]/[0b]}", "cluster.uuid": "Qbw2pof0QzSXC1OvK0aFSw", "node.id": "t9hfPgy_RyC9LOJUxQUrSQ"  }
{"type": "server", "timestamp": "2022-03-29T07:25:36,212Z", "level": "WARN", "component": "o.e.m.j.JvmGcMonitorService", "cluster.name": "tpotcluster", "node.name": "tpotcluster-node-01", "message": "[gc][398] overhead, spent [1.5s] collecting in the last [2.7s]", "cluster.uuid": "Qbw2pof0QzSXC1OvK0aFSw", "node.id": "t9hfPgy_RyC9LOJUxQUrSQ"  }
{"type": "server", "timestamp": "2022-03-29T07:25:41,870Z", "level": "WARN", "component": "o.e.m.j.JvmGcMonitorService", "cluster.name": "tpotcluster", "node.name": "tpotcluster-node-01", "message": "[gc][young][399][93] duration [2.3s], collections [1]/[6.7s], total [2.3s]/[2.3m], memory [192.6mb]->[191.5mb]/[2gb], all_pools {[young] [0b]->[4mb]/[0b]}{[old] [184mb]->[184mb]/[2gb]}{[survivor] [8.5mb]->[7.4mb]/[0b]}", "cluster.uuid": "Qbw2pof0QzSXC1OvK0aFSw", "node.id": "t9hfPgy_RyC9LOJUxQUrSQ"  }
{"type": "server", "timestamp": "2022-03-29T07:25:42,135Z", "level": "INFO", "component": "o.e.m.j.JvmGcMonitorService", "cluster.name": "tpotcluster", "node.name": "tpotcluster-node-01", "message": "[gc][399] overhead, spent [2.3s] collecting in the last [6.7s]", "cluster.uuid": "Qbw2pof0QzSXC1OvK0aFSw", "node.id": "t9hfPgy_RyC9LOJUxQUrSQ"  }
{"type": "server", "timestamp": "2022-03-29T07:25:50,954Z", "level": "WARN", "component": "o.e.m.j.JvmGcMonitorService", "cluster.name": "tpotcluster", "node.name": "tpotcluster-node-01", "message": "[gc][young][405][94] duration [1s], collections [1]/[2.6s], total [1s]/[2.3m], memory [259.5mb]->[193.2mb]/[2gb], all_pools {[young] [68mb]->[0b]/[0b]}{[old] [184mb]->[184mb]/[2gb]}{[survivor] [7.4mb]->[9.1mb]/[0b]}", "cluster.uuid": "Qbw2pof0QzSXC1OvK0aFSw", "node.id": "t9hfPgy_RyC9LOJUxQUrSQ"  }
{"type": "server", "timestamp": "2022-03-29T07:25:51,233Z", "level": "INFO", "component": "o.e.m.j.JvmGcMonitorService", "cluster.name": "tpotcluster", "node.name": "tpotcluster-node-01", "message": "[gc][405] overhead, spent [1s] collecting in the last [2.6s]", "cluster.uuid": "Qbw2pof0QzSXC1OvK0aFSw", "node.id": "t9hfPgy_RyC9LOJUxQUrSQ"  }
{"type": "server", "timestamp": "2022-03-29T07:26:38,325Z", "level": "WARN", "component": "o.e.m.j.JvmGcMonitorService", "cluster.name": "tpotcluster", "node.name": "tpotcluster-node-01", "message": "[gc][young][440][100] duration [1.6s], collections [1]/[3.2s], total [1.6s]/[2.4m], memory [275.2mb]->[192mb]/[2gb], all_pools {[young] [84mb]->[0b]/[0b]}{[old] [185.2mb]->[185.5mb]/[2gb]}{[survivor] [5.9mb]->[6.4mb]/[0b]}", "cluster.uuid": "Qbw2pof0QzSXC1OvK0aFSw", "node.id": "t9hfPgy_RyC9LOJUxQUrSQ"  }
{"type": "server", "timestamp": "2022-03-29T07:26:38,823Z", "level": "WARN", "component": "o.e.m.j.JvmGcMonitorService", "cluster.name": "tpotcluster", "node.name": "tpotcluster-node-01", "message": "[gc][440] overhead, spent [1.6s] collecting in the last [3.2s]", "cluster.uuid": "Qbw2pof0QzSXC1OvK0aFSw", "node.id": "t9hfPgy_RyC9LOJUxQUrSQ"  }
{"type": "server", "timestamp": "2022-03-29T07:26:56,201Z", "level": "WARN", "component": "o.e.m.j.JvmGcMonitorService", "cluster.name": "tpotcluster", "node.name": "tpotcluster-node-01", "message": "[gc][young][451][101] duration [1.6s], collections [1]/[2.8s], total [1.6s]/[2.4m], memory [276mb]->[193.4mb]/[2gb], all_pools {[young] [84mb]->[0b]/[0b]}{[old] [185.5mb]->[185.5mb]/[2gb]}{[survivor] [6.4mb]->[7.8mb]/[0b]}", "cluster.uuid": "Qbw2pof0QzSXC1OvK0aFSw", "node.id": "t9hfPgy_RyC9LOJUxQUrSQ"  }
{"type": "server", "timestamp": "2022-03-29T07:26:56,351Z", "level": "WARN", "component": "o.e.m.j.JvmGcMonitorService", "cluster.name": "tpotcluster", "node.name": "tpotcluster-node-01", "message": "[gc][451] overhead, spent [1.6s] collecting in the last [2.8s]", "cluster.uuid": "Qbw2pof0QzSXC1OvK0aFSw", "node.id": "t9hfPgy_RyC9LOJUxQUrSQ"  }
{"type": "server", "timestamp": "2022-03-29T07:27:00,101Z", "level": "INFO", "component": "o.e.m.j.JvmGcMonitorService", "cluster.name": "tpotcluster", "node.name": "tpotcluster-node-01", "message": "[gc][young][453][102] duration [982ms], collections [1]/[2.3s], total [982ms]/[2.4m], memory [201.4mb]->[195.8mb]/[2gb], all_pools {[young] [8mb]->[0b]/[0b]}{[old] [185.5mb]->[185.6mb]/[2gb]}{[survivor] [7.8mb]->[10.2mb]/[0b]}", "cluster.uuid": "Qbw2pof0QzSXC1OvK0aFSw", "node.id": "t9hfPgy_RyC9LOJUxQUrSQ"  }
{"type": "server", "timestamp": "2022-03-29T07:27:00,367Z", "level": "INFO", "component": "o.e.m.j.JvmGcMonitorService", "cluster.name": "tpotcluster", "node.name": "tpotcluster-node-01", "message": "[gc][453] overhead, spent [982ms] collecting in the last [2.3s]", "cluster.uuid": "Qbw2pof0QzSXC1OvK0aFSw", "node.id": "t9hfPgy_RyC9LOJUxQUrSQ"  }
{"type": "server", "timestamp": "2022-03-29T07:27:02,180Z", "level": "INFO", "component": "o.e.m.j.JvmGcMonitorService", "cluster.name": "tpotcluster", "node.name": "tpotcluster-node-01", "message": "[gc][454] overhead, spent [698ms] collecting in the last [2.2s]", "cluster.uuid": "Qbw2pof0QzSXC1OvK0aFSw", "node.id": "t9hfPgy_RyC9LOJUxQUrSQ"  }
{"type": "server", "timestamp": "2022-03-29T07:27:10,679Z", "level": "INFO", "component": "o.e.m.j.JvmGcMonitorService", "cluster.name": "tpotcluster", "node.name": "tpotcluster-node-01", "message": "[gc][young][460][104] duration [780ms], collections [1]/[1.5s], total [780ms]/[2.4m], memory [278mb]->[194.3mb]/[2gb], all_pools {[young] [84mb]->[0b]/[0b]}{[old] [186.4mb]->[186.4mb]/[2gb]}{[survivor] [7.5mb]->[7.9mb]/[0b]}", "cluster.uuid": "Qbw2pof0QzSXC1OvK0aFSw", "node.id": "t9hfPgy_RyC9LOJUxQUrSQ"  }
{"type": "server", "timestamp": "2022-03-29T07:27:10,798Z", "level": "WARN", "component": "o.e.m.j.JvmGcMonitorService", "cluster.name": "tpotcluster", "node.name": "tpotcluster-node-01", "message": "[gc][460] overhead, spent [780ms] collecting in the last [1.5s]", "cluster.uuid": "Qbw2pof0QzSXC1OvK0aFSw", "node.id": "t9hfPgy_RyC9LOJUxQUrSQ"  }
{"type": "server", "timestamp": "2022-03-29T07:27:48,710Z", "level": "WARN", "component": "o.e.h.AbstractHttpServerTransport", "cluster.name": "tpotcluster", "node.name": "tpotcluster-node-01", "message": "handling request [null][GET][/_cat/health][Netty4HttpChannel{localAddress=/127.0.0.1:9200, remoteAddress=/127.0.0.1:54228}] took [5852ms] which is above the warn threshold of [5000ms]", "cluster.uuid": "Qbw2pof0QzSXC1OvK0aFSw", "node.id": "t9hfPgy_RyC9LOJUxQUrSQ"  }
{"type": "server", "timestamp": "2022-03-29T07:27:53,526Z", "level": "WARN", "component": "o.e.m.j.JvmGcMonitorService", "cluster.name": "tpotcluster", "node.name": "tpotcluster-node-01", "message": "[gc][young][484][107] duration [2.5s], collections [1]/[5.5s], total [2.5s]/[2.5m], memory [278.4mb]->[192.8mb]/[2gb], all_pools {[young] [84mb]->[0b]/[0b]}{[old] [186.9mb]->[187.9mb]/[2gb]}{[survivor] [7.4mb]->[4.8mb]/[0b]}", "cluster.uuid": "Qbw2pof0QzSXC1OvK0aFSw", "node.id": "t9hfPgy_RyC9LOJUxQUrSQ"  }
{"type": "server", "timestamp": "2022-03-29T07:27:53,663Z", "level": "INFO", "component": "o.e.m.j.JvmGcMonitorService", "cluster.name": "tpotcluster", "node.name": "tpotcluster-node-01", "message": "[gc][484] overhead, spent [2.5s] collecting in the last [5.5s]", "cluster.uuid": "Qbw2pof0QzSXC1OvK0aFSw", "node.id": "t9hfPgy_RyC9LOJUxQUrSQ"  }
{"type": "server", "timestamp": "2022-03-29T07:28:11,731Z", "level": "WARN", "component": "o.e.m.j.JvmGcMonitorService", "cluster.name": "tpotcluster", "node.name": "tpotcluster-node-01", "message": "[gc][young][492][108] duration [3.8s], collections [1]/[6.3s], total [3.8s]/[2.6m], memory [236.8mb]->[194.6mb]/[2gb], all_pools {[young] [44mb]->[4mb]/[0b]}{[old] [187.9mb]->[187.9mb]/[2gb]}{[survivor] [4.8mb]->[6.6mb]/[0b]}", "cluster.uuid": "Qbw2pof0QzSXC1OvK0aFSw", "node.id": "t9hfPgy_RyC9LOJUxQUrSQ"  }
{"type": "server", "timestamp": "2022-03-29T07:28:12,496Z", "level": "WARN", "component": "o.e.m.j.JvmGcMonitorService", "cluster.name": "tpotcluster", "node.name": "tpotcluster-node-01", "message": "[gc][492] overhead, spent [3.8s] collecting in the last [6.3s]", "cluster.uuid": "Qbw2pof0QzSXC1OvK0aFSw", "node.id": "t9hfPgy_RyC9LOJUxQUrSQ"  }
{"type": "server", "timestamp": "2022-03-29T07:28:14,263Z", "level": "WARN", "component": "o.e.t.ThreadPool", "cluster.name": "tpotcluster", "node.name": "tpotcluster-node-01", "message": "execution of [ReschedulingRunnable{runnable=org.elasticsearch.monitor.jvm.JvmGcMonitorService$1@16188247, interval=1s}] took [7712ms] which is above the warn threshold of [5000ms]", "cluster.uuid": "Qbw2pof0QzSXC1OvK0aFSw", "node.id": "t9hfPgy_RyC9LOJUxQUrSQ"  }
{"type": "server", "timestamp": "2022-03-29T07:28:31,387Z", "level": "WARN", "component": "o.e.t.ThreadPool", "cluster.name": "tpotcluster", "node.name": "tpotcluster-node-01", "message": "timer thread slept for [7.1s/7138ms] on absolute clock which is above the warn threshold of [5000ms]", "cluster.uuid": "Qbw2pof0QzSXC1OvK0aFSw", "node.id": "t9hfPgy_RyC9LOJUxQUrSQ"  }
{"type": "server", "timestamp": "2022-03-29T07:28:31,900Z", "level": "WARN", "component": "o.e.h.AbstractHttpServerTransport", "cluster.name": "tpotcluster", "node.name": "tpotcluster-node-01", "message": "handling request [null][POST][/_bulk][Netty4HttpChannel{localAddress=/192.168.48.2:9200, remoteAddress=/192.168.48.5:40062}] took [7938ms] which is above the warn threshold of [5000ms]", "cluster.uuid": "Qbw2pof0QzSXC1OvK0aFSw", "node.id": "t9hfPgy_RyC9LOJUxQUrSQ"  }
{"type": "server", "timestamp": "2022-03-29T07:28:32,245Z", "level": "WARN", "component": "o.e.t.ThreadPool", "cluster.name": "tpotcluster", "node.name": "tpotcluster-node-01", "message": "timer thread slept for [7.1s/7137852621ns] on relative clock which is above the warn threshold of [5000ms]", "cluster.uuid": "Qbw2pof0QzSXC1OvK0aFSw", "node.id": "t9hfPgy_RyC9LOJUxQUrSQ"  }
{"type": "server", "timestamp": "2022-03-29T07:28:32,251Z", "level": "WARN", "component": "o.e.m.j.JvmGcMonitorService", "cluster.name": "tpotcluster", "node.name": "tpotcluster-node-01", "message": "[gc][young][498][109] duration [5.7s], collections [1]/[7.7s], total [5.7s]/[2.7m], memory [266.6mb]->[197.6mb]/[2gb], all_pools {[young] [76mb]->[8mb]/[0b]}{[old] [187.9mb]->[188mb]/[2gb]}{[survivor] [6.6mb]->[5.6mb]/[0b]}", "cluster.uuid": "Qbw2pof0QzSXC1OvK0aFSw", "node.id": "t9hfPgy_RyC9LOJUxQUrSQ"  }
{"type": "server", "timestamp": "2022-03-29T07:28:32,380Z", "level": "WARN", "component": "o.e.m.j.JvmGcMonitorService", "cluster.name": "tpotcluster", "node.name": "tpotcluster-node-01", "message": "[gc][498] overhead, spent [5.7s] collecting in the last [7.7s]", "cluster.uuid": "Qbw2pof0QzSXC1OvK0aFSw", "node.id": "t9hfPgy_RyC9LOJUxQUrSQ"  }
{"type": "server", "timestamp": "2022-03-29T07:28:32,381Z", "level": "WARN", "component": "o.e.t.ThreadPool", "cluster.name": "tpotcluster", "node.name": "tpotcluster-node-01", "message": "execution of [ReschedulingRunnable{runnable=org.elasticsearch.monitor.jvm.JvmGcMonitorService$1@16188247, interval=1s}] took [7137ms] which is above the warn threshold of [5000ms]", "cluster.uuid": "Qbw2pof0QzSXC1OvK0aFSw", "node.id": "t9hfPgy_RyC9LOJUxQUrSQ"  }
{"type": "server", "timestamp": "2022-03-29T07:28:49,670Z", "level": "INFO", "component": "o.e.m.j.JvmGcMonitorService", "cluster.name": "tpotcluster", "node.name": "tpotcluster-node-01", "message": "[gc][510] overhead, spent [625ms] collecting in the last [1.6s]", "cluster.uuid": "Qbw2pof0QzSXC1OvK0aFSw", "node.id": "t9hfPgy_RyC9LOJUxQUrSQ"  }
{"type": "server", "timestamp": "2022-03-29T07:29:29,563Z", "level": "WARN", "component": "o.e.m.j.JvmGcMonitorService", "cluster.name": "tpotcluster", "node.name": "tpotcluster-node-01", "message": "[gc][young][541][113] duration [1.3s], collections [1]/[2.6s], total [1.3s]/[2.7m], memory [274.2mb]->[194.8mb]/[2gb], all_pools {[young] [84mb]->[16mb]/[0b]}{[old] [188mb]->[188mb]/[2gb]}{[survivor] [6.1mb]->[6.7mb]/[0b]}", "cluster.uuid": "Qbw2pof0QzSXC1OvK0aFSw", "node.id": "t9hfPgy_RyC9LOJUxQUrSQ"  }
{"type": "server", "timestamp": "2022-03-29T07:29:30,049Z", "level": "WARN", "component": "o.e.m.j.JvmGcMonitorService", "cluster.name": "tpotcluster", "node.name": "tpotcluster-node-01", "message": "[gc][541] overhead, spent [1.3s] collecting in the last [2.6s]", "cluster.uuid": "Qbw2pof0QzSXC1OvK0aFSw", "node.id": "t9hfPgy_RyC9LOJUxQUrSQ"  }
{"type": "server", "timestamp": "2022-03-29T07:29:36,706Z", "level": "WARN", "component": "o.e.t.ThreadPool", "cluster.name": "tpotcluster", "node.name": "tpotcluster-node-01", "message": "timer thread slept for [5.2s/5269ms] on absolute clock which is above the warn threshold of [5000ms]", "cluster.uuid": "Qbw2pof0QzSXC1OvK0aFSw", "node.id": "t9hfPgy_RyC9LOJUxQUrSQ"  }
{"type": "server", "timestamp": "2022-03-29T07:29:37,272Z", "level": "WARN", "component": "o.e.h.AbstractHttpServerTransport", "cluster.name": "tpotcluster", "node.name": "tpotcluster-node-01", "message": "handling request [null][POST][/_bulk][Netty4HttpChannel{localAddress=/192.168.48.2:9200, remoteAddress=/192.168.48.5:40062}] took [6069ms] which is above the warn threshold of [5000ms]", "cluster.uuid": "Qbw2pof0QzSXC1OvK0aFSw", "node.id": "t9hfPgy_RyC9LOJUxQUrSQ"  }
{"type": "server", "timestamp": "2022-03-29T07:29:37,915Z", "level": "WARN", "component": "o.e.t.ThreadPool", "cluster.name": "tpotcluster", "node.name": "tpotcluster-node-01", "message": "timer thread slept for [5.2s/5269062366ns] on relative clock which is above the warn threshold of [5000ms]", "cluster.uuid": "Qbw2pof0QzSXC1OvK0aFSw", "node.id": "t9hfPgy_RyC9LOJUxQUrSQ"  }
{"type": "server", "timestamp": "2022-03-29T07:29:39,012Z", "level": "WARN", "component": "o.e.m.j.JvmGcMonitorService", "cluster.name": "tpotcluster", "node.name": "tpotcluster-node-01", "message": "[gc][young][542][114] duration [3.9s], collections [1]/[2.8s], total [3.9s]/[2.8m], memory [194.8mb]->[282.8mb]/[2gb], all_pools {[young] [16mb]->[12mb]/[0b]}{[old] [188mb]->[188mb]/[2gb]}{[survivor] [6.7mb]->[6.4mb]/[0b]}", "cluster.uuid": "Qbw2pof0QzSXC1OvK0aFSw", "node.id": "t9hfPgy_RyC9LOJUxQUrSQ"  }
{"type": "server", "timestamp": "2022-03-29T07:29:39,746Z", "level": "WARN", "component": "o.e.m.j.JvmGcMonitorService", "cluster.name": "tpotcluster", "node.name": "tpotcluster-node-01", "message": "[gc][542] overhead, spent [3.9s] collecting in the last [2.8s]", "cluster.uuid": "Qbw2pof0QzSXC1OvK0aFSw", "node.id": "t9hfPgy_RyC9LOJUxQUrSQ"  }
{"type": "server", "timestamp": "2022-03-29T07:29:39,850Z", "level": "WARN", "component": "o.e.t.ThreadPool", "cluster.name": "tpotcluster", "node.name": "tpotcluster-node-01", "message": "execution of [ReschedulingRunnable{runnable=org.elasticsearch.monitor.jvm.JvmGcMonitorService$1@16188247, interval=1s}] took [8705ms] which is above the warn threshold of [5000ms]", "cluster.uuid": "Qbw2pof0QzSXC1OvK0aFSw", "node.id": "t9hfPgy_RyC9LOJUxQUrSQ"  }
{"type": "server", "timestamp": "2022-03-29T07:29:38,976Z", "level": "WARN", "component": "o.e.m.f.FsHealthService", "cluster.name": "tpotcluster", "node.name": "tpotcluster-node-01", "message": "health check of [/data/elk/data/nodes/0] took [6270ms] which is above the warn threshold of [5s]", "cluster.uuid": "Qbw2pof0QzSXC1OvK0aFSw", "node.id": "t9hfPgy_RyC9LOJUxQUrSQ"  }
{"type": "server", "timestamp": "2022-03-29T07:30:06,612Z", "level": "WARN", "component": "o.e.t.ThreadPool", "cluster.name": "tpotcluster", "node.name": "tpotcluster-node-01", "message": "execution of [org.elasticsearch.indices.IndicesService$CacheCleaner@59aaf69e] took [11406ms] which is above the warn threshold of [5000ms]", "cluster.uuid": "Qbw2pof0QzSXC1OvK0aFSw", "node.id": "t9hfPgy_RyC9LOJUxQUrSQ"  }
{"type": "server", "timestamp": "2022-03-29T07:30:18,265Z", "level": "WARN", "component": "o.e.m.j.JvmGcMonitorService", "cluster.name": "tpotcluster", "node.name": "tpotcluster-node-01", "message": "[gc][young][553][115] duration [2.8s], collections [1]/[5.1s], total [2.8s]/[2.8m], memory [262.5mb]->[210.7mb]/[2gb], all_pools {[young] [84mb]->[36mb]/[0b]}{[old] [188mb]->[188.3mb]/[2gb]}{[survivor] [6.4mb]->[6.4mb]/[0b]}", "cluster.uuid": "Qbw2pof0QzSXC1OvK0aFSw", "node.id": "t9hfPgy_RyC9LOJUxQUrSQ"  }
{"type": "server", "timestamp": "2022-03-29T07:30:18,296Z", "level": "WARN", "component": "o.e.h.AbstractHttpServerTransport", "cluster.name": "tpotcluster", "node.name": "tpotcluster-node-01", "message": "handling request [null][GET][/_cat/health][Netty4HttpChannel{localAddress=/127.0.0.1:9200, remoteAddress=/127.0.0.1:54250}] took [6118ms] which is above the warn threshold of [5000ms]", "cluster.uuid": "Qbw2pof0QzSXC1OvK0aFSw", "node.id": "t9hfPgy_RyC9LOJUxQUrSQ"  }
{"type": "server", "timestamp": "2022-03-29T07:30:18,478Z", "level": "WARN", "component": "o.e.m.j.JvmGcMonitorService", "cluster.name": "tpotcluster", "node.name": "tpotcluster-node-01", "message": "[gc][553] overhead, spent [2.8s] collecting in the last [5.1s]", "cluster.uuid": "Qbw2pof0QzSXC1OvK0aFSw", "node.id": "t9hfPgy_RyC9LOJUxQUrSQ"  }
{"type": "server", "timestamp": "2022-03-29T07:30:28,478Z", "level": "WARN", "component": "o.e.m.j.JvmGcMonitorService", "cluster.name": "tpotcluster", "node.name": "tpotcluster-node-01", "message": "[gc][young][558][116] duration [2.2s], collections [1]/[3.6s], total [2.2s]/[2.8m], memory [238.7mb]->[198.6mb]/[2gb], all_pools {[young] [48mb]->[8mb]/[0b]}{[old] [188.3mb]->[188.3mb]/[2gb]}{[survivor] [6.4mb]->[6.2mb]/[0b]}", "cluster.uuid": "Qbw2pof0QzSXC1OvK0aFSw", "node.id": "t9hfPgy_RyC9LOJUxQUrSQ"  }
{"type": "server", "timestamp": "2022-03-29T07:30:29,229Z", "level": "WARN", "component": "o.e.m.j.JvmGcMonitorService", "cluster.name": "tpotcluster", "node.name": "tpotcluster-node-01", "message": "[gc][558] overhead, spent [2.2s] collecting in the last [3.6s]", "cluster.uuid": "Qbw2pof0QzSXC1OvK0aFSw", "node.id": "t9hfPgy_RyC9LOJUxQUrSQ"  }
{"type": "server", "timestamp": "2022-03-29T07:30:51,447Z", "level": "WARN", "component": "o.e.h.AbstractHttpServerTransport", "cluster.name": "tpotcluster", "node.name": "tpotcluster-node-01", "message": "handling request [null][POST][/_bulk][Netty4HttpChannel{localAddress=/192.168.48.2:9200, remoteAddress=/192.168.48.5:40110}] took [5577ms] which is above the warn threshold of [5000ms]", "cluster.uuid": "Qbw2pof0QzSXC1OvK0aFSw", "node.id": "t9hfPgy_RyC9LOJUxQUrSQ"  }
{"type": "server", "timestamp": "2022-03-29T07:31:09,090Z", "level": "WARN", "component": "o.e.t.ThreadPool", "cluster.name": "tpotcluster", "node.name": "tpotcluster-node-01", "message": "execution of [ReschedulingRunnable{runnable=org.elasticsearch.watcher.ResourceWatcherService$ResourceMonitor@fdfa4b9, interval=5s}] took [5816ms] which is above the warn threshold of [5000ms]", "cluster.uuid": "Qbw2pof0QzSXC1OvK0aFSw", "node.id": "t9hfPgy_RyC9LOJUxQUrSQ"  }
{"type": "server", "timestamp": "2022-03-29T07:31:19,019Z", "level": "WARN", "component": "o.e.h.AbstractHttpServerTransport", "cluster.name": "tpotcluster", "node.name": "tpotcluster-node-01", "message": "handling request [null][POST][/_bulk][Netty4HttpChannel{localAddress=/192.168.48.2:9200, remoteAddress=/192.168.48.5:40110}] took [7875ms] which is above the warn threshold of [5000ms]", "cluster.uuid": "Qbw2pof0QzSXC1OvK0aFSw", "node.id": "t9hfPgy_RyC9LOJUxQUrSQ"  }
{"type": "server", "timestamp": "2022-03-29T07:31:31,409Z", "level": "WARN", "component": "o.e.t.ThreadPool", "cluster.name": "tpotcluster", "node.name": "tpotcluster-node-01", "message": "execution of [ReschedulingRunnable{runnable=org.elasticsearch.monitor.jvm.JvmGcMonitorService$1@16188247, interval=1s}] took [12813ms] which is above the warn threshold of [5000ms]", "cluster.uuid": "Qbw2pof0QzSXC1OvK0aFSw", "node.id": "t9hfPgy_RyC9LOJUxQUrSQ"  }
{"type": "server", "timestamp": "2022-03-29T07:32:09,312Z", "level": "WARN", "component": "o.e.t.ThreadPool", "cluster.name": "tpotcluster", "node.name": "tpotcluster-node-01", "message": "execution of [ReschedulingRunnable{runnable=org.elasticsearch.monitor.jvm.JvmGcMonitorService$1@16188247, interval=1s}] took [5480ms] which is above the warn threshold of [5000ms]", "cluster.uuid": "Qbw2pof0QzSXC1OvK0aFSw", "node.id": "t9hfPgy_RyC9LOJUxQUrSQ"  }
{"type": "server", "timestamp": "2022-03-29T07:32:25,022Z", "level": "WARN", "component": "o.e.t.ThreadPool", "cluster.name": "tpotcluster", "node.name": "tpotcluster-node-01", "message": "execution of [ReschedulingRunnable{runnable=org.elasticsearch.monitor.jvm.JvmGcMonitorService$1@16188247, interval=1s}] took [9521ms] which is above the warn threshold of [5000ms]", "cluster.uuid": "Qbw2pof0QzSXC1OvK0aFSw", "node.id": "t9hfPgy_RyC9LOJUxQUrSQ"  }
{"type": "server", "timestamp": "2022-03-29T07:32:41,660Z", "level": "WARN", "component": "o.e.t.ThreadPool", "cluster.name": "tpotcluster", "node.name": "tpotcluster-node-01", "message": "execution of [ReschedulingRunnable{runnable=org.elasticsearch.monitor.jvm.JvmGcMonitorService$1@16188247, interval=1s}] took [9169ms] which is above the warn threshold of [5000ms]", "cluster.uuid": "Qbw2pof0QzSXC1OvK0aFSw", "node.id": "t9hfPgy_RyC9LOJUxQUrSQ"  }
{"type": "server", "timestamp": "2022-03-29T07:32:51,793Z", "level": "WARN", "component": "o.e.h.AbstractHttpServerTransport", "cluster.name": "tpotcluster", "node.name": "tpotcluster-node-01", "message": "handling request [null][POST][/_bulk][Netty4HttpChannel{localAddress=/192.168.48.2:9200, remoteAddress=/192.168.48.5:40062}] took [5477ms] which is above the warn threshold of [5000ms]", "cluster.uuid": "Qbw2pof0QzSXC1OvK0aFSw", "node.id": "t9hfPgy_RyC9LOJUxQUrSQ"  }
{"type": "server", "timestamp": "2022-03-29T07:33:35,126Z", "level": "WARN", "component": "o.e.t.ThreadPool", "cluster.name": "tpotcluster", "node.name": "tpotcluster-node-01", "message": "timer thread slept for [39s/39026ms] on absolute clock which is above the warn threshold of [5000ms]", "cluster.uuid": "Qbw2pof0QzSXC1OvK0aFSw", "node.id": "t9hfPgy_RyC9LOJUxQUrSQ"  }
{"type": "server", "timestamp": "2022-03-29T07:33:35,975Z", "level": "WARN", "component": "o.e.t.ThreadPool", "cluster.name": "tpotcluster", "node.name": "tpotcluster-node-01", "message": "execution of [ReschedulingRunnable{runnable=org.elasticsearch.indices.IndexingMemoryController$ShardsIndicesStatusChecker@2d987ae3, interval=5s}] took [39876ms] which is above the warn threshold of [5000ms]", "cluster.uuid": "Qbw2pof0QzSXC1OvK0aFSw", "node.id": "t9hfPgy_RyC9LOJUxQUrSQ"  }
{"type": "server", "timestamp": "2022-03-29T07:33:37,230Z", "level": "WARN", "component": "o.e.t.ThreadPool", "cluster.name": "tpotcluster", "node.name": "tpotcluster-node-01", "message": "timer thread slept for [39s/39026060035ns] on relative clock which is above the warn threshold of [5000ms]", "cluster.uuid": "Qbw2pof0QzSXC1OvK0aFSw", "node.id": "t9hfPgy_RyC9LOJUxQUrSQ"  }
{"type": "server", "timestamp": "2022-03-29T07:33:47,976Z", "level": "WARN", "component": "o.e.m.j.JvmGcMonitorService", "cluster.name": "tpotcluster", "node.name": "tpotcluster-node-01", "message": "[gc][young][573][117] duration [30s], collections [1]/[1m], total [30s]/[3.3m], memory [274.6mb]->[222.6mb]/[2gb], all_pools {[young] [80mb]->[56mb]/[0b]}{[old] [188.3mb]->[188.3mb]/[2gb]}{[survivor] [6.2mb]->[6.2mb]/[0b]}", "cluster.uuid": "Qbw2pof0QzSXC1OvK0aFSw", "node.id": "t9hfPgy_RyC9LOJUxQUrSQ"  }
{"type": "server", "timestamp": "2022-03-29T07:33:55,024Z", "level": "INFO", "component": "o.e.m.j.JvmGcMonitorService", "cluster.name": "tpotcluster", "node.name": "tpotcluster-node-01", "message": "[gc][573] overhead, spent [30s] collecting in the last [1m]", "cluster.uuid": "Qbw2pof0QzSXC1OvK0aFSw", "node.id": "t9hfPgy_RyC9LOJUxQUrSQ"  }
{"type": "server", "timestamp": "2022-03-29T07:34:02,319Z", "level": "WARN", "component": "o.e.t.ThreadPool", "cluster.name": "tpotcluster", "node.name": "tpotcluster-node-01", "message": "execution of [ReschedulingRunnable{runnable=org.elasticsearch.monitor.jvm.JvmGcMonitorService$1@16188247, interval=1s}] took [27460ms] which is above the warn threshold of [5000ms]", "cluster.uuid": "Qbw2pof0QzSXC1OvK0aFSw", "node.id": "t9hfPgy_RyC9LOJUxQUrSQ"  }
{"type": "server", "timestamp": "2022-03-29T07:34:31,586Z", "level": "WARN", "component": "o.e.t.ThreadPool", "cluster.name": "tpotcluster", "node.name": "tpotcluster-node-01", "message": "timer thread slept for [7.7s/7704ms] on absolute clock which is above the warn threshold of [5000ms]", "cluster.uuid": "Qbw2pof0QzSXC1OvK0aFSw", "node.id": "t9hfPgy_RyC9LOJUxQUrSQ"  }
{"type": "server", "timestamp": "2022-03-29T07:34:38,024Z", "level": "WARN", "component": "o.e.t.ThreadPool", "cluster.name": "tpotcluster", "node.name": "tpotcluster-node-01", "message": "timer thread slept for [7.7s/7704770514ns] on relative clock which is above the warn threshold of [5000ms]", "cluster.uuid": "Qbw2pof0QzSXC1OvK0aFSw", "node.id": "t9hfPgy_RyC9LOJUxQUrSQ"  }
{"type": "server", "timestamp": "2022-03-29T07:34:43,461Z", "level": "WARN", "component": "o.e.t.ThreadPool", "cluster.name": "tpotcluster", "node.name": "tpotcluster-node-01", "message": "timer thread slept for [11.9s/11943ms] on absolute clock which is above the warn threshold of [5000ms]", "cluster.uuid": "Qbw2pof0QzSXC1OvK0aFSw", "node.id": "t9hfPgy_RyC9LOJUxQUrSQ"  }
{"type": "server", "timestamp": "2022-03-29T07:34:51,205Z", "level": "WARN", "component": "o.e.t.ThreadPool", "cluster.name": "tpotcluster", "node.name": "tpotcluster-node-01", "message": "execution of [ReschedulingRunnable{runnable=org.elasticsearch.indices.IndexingMemoryController$ShardsIndicesStatusChecker@2d987ae3, interval=5s}] took [11942ms] which is above the warn threshold of [5000ms]", "cluster.uuid": "Qbw2pof0QzSXC1OvK0aFSw", "node.id": "t9hfPgy_RyC9LOJUxQUrSQ"  }
{"type": "server", "timestamp": "2022-03-29T07:34:52,642Z", "level": "WARN", "component": "o.e.t.ThreadPool", "cluster.name": "tpotcluster", "node.name": "tpotcluster-node-01", "message": "timer thread slept for [11.9s/11942608871ns] on relative clock which is above the warn threshold of [5000ms]", "cluster.uuid": "Qbw2pof0QzSXC1OvK0aFSw", "node.id": "t9hfPgy_RyC9LOJUxQUrSQ"  }
{"type": "server", "timestamp": "2022-03-29T07:35:01,950Z", "level": "WARN", "component": "o.e.t.ThreadPool", "cluster.name": "tpotcluster", "node.name": "tpotcluster-node-01", "message": "timer thread slept for [18.3s/18325ms] on absolute clock which is above the warn threshold of [5000ms]", "cluster.uuid": "Qbw2pof0QzSXC1OvK0aFSw", "node.id": "t9hfPgy_RyC9LOJUxQUrSQ"  }
{"type": "server", "timestamp": "2022-03-29T07:35:11,229Z", "level": "WARN", "component": "o.e.t.ThreadPool", "cluster.name": "tpotcluster", "node.name": "tpotcluster-node-01", "message": "timer thread slept for [18.3s/18325469405ns] on relative clock which is above the warn threshold of [5000ms]", "cluster.uuid": "Qbw2pof0QzSXC1OvK0aFSw", "node.id": "t9hfPgy_RyC9LOJUxQUrSQ"  }
{"type": "server", "timestamp": "2022-03-29T07:35:14,148Z", "level": "WARN", "component": "o.e.t.ThreadPool", "cluster.name": "tpotcluster", "node.name": "tpotcluster-node-01", "message": "execution of [ReschedulingRunnable{runnable=org.elasticsearch.monitor.jvm.JvmGcMonitorService$1@16188247, interval=1s}] took [18325ms] which is above the warn threshold of [5000ms]", "cluster.uuid": "Qbw2pof0QzSXC1OvK0aFSw", "node.id": "t9hfPgy_RyC9LOJUxQUrSQ"  }
{"type": "server", "timestamp": "2022-03-29T07:35:37,605Z", "level": "WARN", "component": "o.e.t.ThreadPool", "cluster.name": "tpotcluster", "node.name": "tpotcluster-node-01", "message": "timer thread slept for [35.7s/35743ms] on absolute clock which is above the warn threshold of [5000ms]", "cluster.uuid": "Qbw2pof0QzSXC1OvK0aFSw", "node.id": "t9hfPgy_RyC9LOJUxQUrSQ"  }
{"type": "server", "timestamp": "2022-03-29T07:35:42,841Z", "level": "WARN", "component": "o.e.t.ThreadPool", "cluster.name": "tpotcluster", "node.name": "tpotcluster-node-01", "message": "timer thread slept for [35.7s/35742185185ns] on relative clock which is above the warn threshold of [5000ms]", "cluster.uuid": "Qbw2pof0QzSXC1OvK0aFSw", "node.id": "t9hfPgy_RyC9LOJUxQUrSQ"  }
{"type": "server", "timestamp": "2022-03-29T07:35:47,624Z", "level": "WARN", "component": "o.e.t.ThreadPool", "cluster.name": "tpotcluster", "node.name": "tpotcluster-node-01", "message": "timer thread slept for [9.8s/9875ms] on absolute clock which is above the warn threshold of [5000ms]", "cluster.uuid": "Qbw2pof0QzSXC1OvK0aFSw", "node.id": "t9hfPgy_RyC9LOJUxQUrSQ"  }
{"type": "server", "timestamp": "2022-03-29T07:35:56,736Z", "level": "WARN", "component": "o.e.t.ThreadPool", "cluster.name": "tpotcluster", "node.name": "tpotcluster-node-01", "message": "timer thread slept for [9.8s/9875306828ns] on relative clock which is above the warn threshold of [5000ms]", "cluster.uuid": "Qbw2pof0QzSXC1OvK0aFSw", "node.id": "t9hfPgy_RyC9LOJUxQUrSQ"  }
{"type": "server", "timestamp": "2022-03-29T07:36:02,453Z", "level": "WARN", "component": "o.e.t.ThreadPool", "cluster.name": "tpotcluster", "node.name": "tpotcluster-node-01", "message": "timer thread slept for [15.1s/15167ms] on absolute clock which is above the warn threshold of [5000ms]", "cluster.uuid": "Qbw2pof0QzSXC1OvK0aFSw", "node.id": "t9hfPgy_RyC9LOJUxQUrSQ"  }
{"type": "server", "timestamp": "2022-03-29T07:36:04,161Z", "level": "WARN", "component": "o.e.h.AbstractHttpServerTransport", "cluster.name": "tpotcluster", "node.name": "tpotcluster-node-01", "message": "handling request [null][POST][/.kibana_task_manager/_update_by_query?ignore_unavailable=true&refresh=true&conflicts=proceed][Netty4HttpChannel{localAddress=/192.168.48.2:9200, remoteAddress=/192.168.48.4:38628}] took [25042ms] which is above the warn threshold of [5000ms]", "cluster.uuid": "Qbw2pof0QzSXC1OvK0aFSw", "node.id": "t9hfPgy_RyC9LOJUxQUrSQ"  }
{"type": "server", "timestamp": "2022-03-29T07:36:17,763Z", "level": "WARN", "component": "o.e.t.ThreadPool", "cluster.name": "tpotcluster", "node.name": "tpotcluster-node-01", "message": "timer thread slept for [15.1s/15166584671ns] on relative clock which is above the warn threshold of [5000ms]", "cluster.uuid": "Qbw2pof0QzSXC1OvK0aFSw", "node.id": "t9hfPgy_RyC9LOJUxQUrSQ"  }
{"type": "server", "timestamp": "2022-03-29T07:36:22,799Z", "level": "WARN", "component": "o.e.h.AbstractHttpServerTransport", "cluster.name": "tpotcluster", "node.name": "tpotcluster-node-01", "message": "handling request [null][POST][/.kibana_7.17.0/_search?from=0&rest_total_hits_as_int=true&size=100][Netty4HttpChannel{localAddress=/192.168.48.2:9200, remoteAddress=/192.168.48.4:38700}] took [25042ms] which is above the warn threshold of [5000ms]", "cluster.uuid": "Qbw2pof0QzSXC1OvK0aFSw", "node.id": "t9hfPgy_RyC9LOJUxQUrSQ"  }
{"type": "server", "timestamp": "2022-03-29T07:36:31,826Z", "level": "WARN", "component": "o.e.t.ThreadPool", "cluster.name": "tpotcluster", "node.name": "tpotcluster-node-01", "message": "execution of [ReschedulingRunnable{runnable=org.elasticsearch.watcher.ResourceWatcherService$ResourceMonitor@fdfa4b9, interval=5s}] took [28310ms] which is above the warn threshold of [5000ms]", "cluster.uuid": "Qbw2pof0QzSXC1OvK0aFSw", "node.id": "t9hfPgy_RyC9LOJUxQUrSQ"  }
{"type": "server", "timestamp": "2022-03-29T07:36:33,338Z", "level": "WARN", "component": "o.e.t.ThreadPool", "cluster.name": "tpotcluster", "node.name": "tpotcluster-node-01", "message": "timer thread slept for [28.3s/28310ms] on absolute clock which is above the warn threshold of [5000ms]", "cluster.uuid": "Qbw2pof0QzSXC1OvK0aFSw", "node.id": "t9hfPgy_RyC9LOJUxQUrSQ"  }
{"type": "server", "timestamp": "2022-03-29T07:36:44,093Z", "level": "WARN", "component": "o.e.t.ThreadPool", "cluster.name": "tpotcluster", "node.name": "tpotcluster-node-01", "message": "timer thread slept for [28.3s/28310510904ns] on relative clock which is above the warn threshold of [5000ms]", "cluster.uuid": "Qbw2pof0QzSXC1OvK0aFSw", "node.id": "t9hfPgy_RyC9LOJUxQUrSQ"  }
{"type": "server", "timestamp": "2022-03-29T07:36:56,956Z", "level": "WARN", "component": "o.e.t.ThreadPool", "cluster.name": "tpotcluster", "node.name": "tpotcluster-node-01", "message": "timer thread slept for [25.8s/25841ms] on absolute clock which is above the warn threshold of [5000ms]", "cluster.uuid": "Qbw2pof0QzSXC1OvK0aFSw", "node.id": "t9hfPgy_RyC9LOJUxQUrSQ"  }
{"type": "server", "timestamp": "2022-03-29T07:37:07,213Z", "level": "WARN", "component": "o.e.t.ThreadPool", "cluster.name": "tpotcluster", "node.name": "tpotcluster-node-01", "message": "timer thread slept for [25.8s/25840587903ns] on relative clock which is above the warn threshold of [5000ms]", "cluster.uuid": "Qbw2pof0QzSXC1OvK0aFSw", "node.id": "t9hfPgy_RyC9LOJUxQUrSQ"  }
{"type": "server", "timestamp": "2022-03-29T07:37:31,529Z", "level": "WARN", "component": "o.e.t.ThreadPool", "cluster.name": "tpotcluster", "node.name": "tpotcluster-node-01", "message": "timer thread slept for [34.7s/34728ms] on absolute clock which is above the warn threshold of [5000ms]", "cluster.uuid": "Qbw2pof0QzSXC1OvK0aFSw", "node.id": "t9hfPgy_RyC9LOJUxQUrSQ"  }
{"type": "server", "timestamp": "2022-03-29T07:37:43,646Z", "level": "WARN", "component": "o.e.t.ThreadPool", "cluster.name": "tpotcluster", "node.name": "tpotcluster-node-01", "message": "timer thread slept for [34.7s/34728158666ns] on relative clock which is above the warn threshold of [5000ms]", "cluster.uuid": "Qbw2pof0QzSXC1OvK0aFSw", "node.id": "t9hfPgy_RyC9LOJUxQUrSQ"  }
{"type": "server", "timestamp": "2022-03-29T07:37:57,330Z", "level": "WARN", "component": "o.e.t.ThreadPool", "cluster.name": "tpotcluster", "node.name": "tpotcluster-node-01", "message": "timer thread slept for [25.7s/25715ms] on absolute clock which is above the warn threshold of [5000ms]", "cluster.uuid": "Qbw2pof0QzSXC1OvK0aFSw", "node.id": "t9hfPgy_RyC9LOJUxQUrSQ"  }
{"type": "server", "timestamp": "2022-03-29T07:38:08,242Z", "level": "WARN", "component": "o.e.t.ThreadPool", "cluster.name": "tpotcluster", "node.name": "tpotcluster-node-01", "message": "timer thread slept for [25.7s/25714824231ns] on relative clock which is above the warn threshold of [5000ms]", "cluster.uuid": "Qbw2pof0QzSXC1OvK0aFSw", "node.id": "t9hfPgy_RyC9LOJUxQUrSQ"  }
{"type": "server", "timestamp": "2022-03-29T07:38:37,184Z", "level": "WARN", "component": "o.e.t.ThreadPool", "cluster.name": "tpotcluster", "node.name": "tpotcluster-node-01", "message": "execution of [ReschedulingRunnable{runnable=org.elasticsearch.monitor.jvm.JvmGcMonitorService$1@16188247, interval=1s}] took [25714ms] which is above the warn threshold of [5000ms]", "cluster.uuid": "Qbw2pof0QzSXC1OvK0aFSw", "node.id": "t9hfPgy_RyC9LOJUxQUrSQ"  }
{"type": "server", "timestamp": "2022-03-29T07:38:47,254Z", "level": "WARN", "component": "o.e.t.ThreadPool", "cluster.name": "tpotcluster", "node.name": "tpotcluster-node-01", "message": "timer thread slept for [48.3s/48398ms] on absolute clock which is above the warn threshold of [5000ms]", "cluster.uuid": "Qbw2pof0QzSXC1OvK0aFSw", "node.id": "t9hfPgy_RyC9LOJUxQUrSQ"  }
{"type": "server", "timestamp": "2022-03-29T07:38:59,923Z", "level": "WARN", "component": "o.e.t.ThreadPool", "cluster.name": "tpotcluster", "node.name": "tpotcluster-node-01", "message": "timer thread slept for [48.3s/48398127368ns] on relative clock which is above the warn threshold of [5000ms]", "cluster.uuid": "Qbw2pof0QzSXC1OvK0aFSw", "node.id": "t9hfPgy_RyC9LOJUxQUrSQ"  }
{"type": "server", "timestamp": "2022-03-29T07:39:26,648Z", "level": "WARN", "component": "o.e.t.ThreadPool", "cluster.name": "tpotcluster", "node.name": "tpotcluster-node-01", "message": "timer thread slept for [40.8s/40899ms] on absolute clock which is above the warn threshold of [5000ms]", "cluster.uuid": "Qbw2pof0QzSXC1OvK0aFSw", "node.id": "t9hfPgy_RyC9LOJUxQUrSQ"  }
{"type": "server", "timestamp": "2022-03-29T07:39:38,045Z", "level": "WARN", "component": "o.e.t.ThreadPool", "cluster.name": "tpotcluster", "node.name": "tpotcluster-node-01", "message": "timer thread slept for [40.8s/40898842282ns] on relative clock which is above the warn threshold of [5000ms]", "cluster.uuid": "Qbw2pof0QzSXC1OvK0aFSw", "node.id": "t9hfPgy_RyC9LOJUxQUrSQ"  }
{"type": "server", "timestamp": "2022-03-29T07:39:56,741Z", "level": "WARN", "component": "o.e.t.ThreadPool", "cluster.name": "tpotcluster", "node.name": "tpotcluster-node-01", "message": "timer thread slept for [29.1s/29169ms] on absolute clock which is above the warn threshold of [5000ms]", "cluster.uuid": "Qbw2pof0QzSXC1OvK0aFSw", "node.id": "t9hfPgy_RyC9LOJUxQUrSQ"  }
{"type": "server", "timestamp": "2022-03-29T07:40:07,403Z", "level": "WARN", "component": "o.e.t.ThreadPool", "cluster.name": "tpotcluster", "node.name": "tpotcluster-node-01", "message": "timer thread slept for [29.1s/29169325018ns] on relative clock which is above the warn threshold of [5000ms]", "cluster.uuid": "Qbw2pof0QzSXC1OvK0aFSw", "node.id": "t9hfPgy_RyC9LOJUxQUrSQ"  }
{"type": "server", "timestamp": "2022-03-29T07:40:24,111Z", "level": "WARN", "component": "o.e.t.ThreadPool", "cluster.name": "tpotcluster", "node.name": "tpotcluster-node-01", "message": "timer thread slept for [28.2s/28261ms] on absolute clock which is above the warn threshold of [5000ms]", "cluster.uuid": "Qbw2pof0QzSXC1OvK0aFSw", "node.id": "t9hfPgy_RyC9LOJUxQUrSQ"  }
{"type": "server", "timestamp": "2022-03-29T07:40:36,075Z", "level": "WARN", "component": "o.e.t.ThreadPool", "cluster.name": "tpotcluster", "node.name": "tpotcluster-node-01", "message": "timer thread slept for [28.2s/28261342791ns] on relative clock which is above the warn threshold of [5000ms]", "cluster.uuid": "Qbw2pof0QzSXC1OvK0aFSw", "node.id": "t9hfPgy_RyC9LOJUxQUrSQ"  }
{"type": "server", "timestamp": "2022-03-29T07:40:47,569Z", "level": "WARN", "component": "o.e.t.ThreadPool", "cluster.name": "tpotcluster", "node.name": "tpotcluster-node-01", "message": "timer thread slept for [23.4s/23441ms] on absolute clock which is above the warn threshold of [5000ms]", "cluster.uuid": "Qbw2pof0QzSXC1OvK0aFSw", "node.id": "t9hfPgy_RyC9LOJUxQUrSQ"  }
{"type": "server", "timestamp": "2022-03-29T07:40:37,992Z", "level": "WARN", "component": "o.e.m.f.FsHealthService", "cluster.name": "tpotcluster", "node.name": "tpotcluster-node-01", "message": "health check of [/data/elk/data/nodes/0] took [28261ms] which is above the warn threshold of [5s]", "cluster.uuid": "Qbw2pof0QzSXC1OvK0aFSw", "node.id": "t9hfPgy_RyC9LOJUxQUrSQ"  }
{"type": "server", "timestamp": "2022-03-29T07:41:01,405Z", "level": "WARN", "component": "o.e.t.ThreadPool", "cluster.name": "tpotcluster", "node.name": "tpotcluster-node-01", "message": "timer thread slept for [23.4s/23440873809ns] on relative clock which is above the warn threshold of [5000ms]", "cluster.uuid": "Qbw2pof0QzSXC1OvK0aFSw", "node.id": "t9hfPgy_RyC9LOJUxQUrSQ"  }
{"type": "server", "timestamp": "2022-03-29T07:41:17,132Z", "level": "WARN", "component": "o.e.t.ThreadPool", "cluster.name": "tpotcluster", "node.name": "tpotcluster-node-01", "message": "timer thread slept for [29.2s/29297ms] on absolute clock which is above the warn threshold of [5000ms]", "cluster.uuid": "Qbw2pof0QzSXC1OvK0aFSw", "node.id": "t9hfPgy_RyC9LOJUxQUrSQ"  }
{"type": "server", "timestamp": "2022-03-29T07:41:27,555Z", "level": "WARN", "component": "o.e.t.ThreadPool", "cluster.name": "tpotcluster", "node.name": "tpotcluster-node-01", "message": "execution of [ReschedulingRunnable{runnable=org.elasticsearch.monitor.jvm.JvmGcMonitorService$1@16188247, interval=1s}] took [52738ms] which is above the warn threshold of [5000ms]", "cluster.uuid": "Qbw2pof0QzSXC1OvK0aFSw", "node.id": "t9hfPgy_RyC9LOJUxQUrSQ"  }
{"type": "server", "timestamp": "2022-03-29T07:41:27,460Z", "level": "WARN", "component": "o.e.t.ThreadPool", "cluster.name": "tpotcluster", "node.name": "tpotcluster-node-01", "message": "timer thread slept for [29.2s/29297210155ns] on relative clock which is above the warn threshold of [5000ms]", "cluster.uuid": "Qbw2pof0QzSXC1OvK0aFSw", "node.id": "t9hfPgy_RyC9LOJUxQUrSQ"  }
{"type": "server", "timestamp": "2022-03-29T07:41:40,154Z", "level": "WARN", "component": "o.e.t.ThreadPool", "cluster.name": "tpotcluster", "node.name": "tpotcluster-node-01", "message": "timer thread slept for [23.2s/23218ms] on absolute clock which is above the warn threshold of [5000ms]", "cluster.uuid": "Qbw2pof0QzSXC1OvK0aFSw", "node.id": "t9hfPgy_RyC9LOJUxQUrSQ"  }
{"type": "server", "timestamp": "2022-03-29T07:41:43,243Z", "level": "WARN", "component": "o.e.t.ThreadPool", "cluster.name": "tpotcluster", "node.name": "tpotcluster-node-01", "message": "execution of [ReschedulingRunnable{runnable=org.elasticsearch.watcher.ResourceWatcherService$ResourceMonitor@fdfa4b9, interval=5s}] took [23217ms] which is above the warn threshold of [5000ms]", "cluster.uuid": "Qbw2pof0QzSXC1OvK0aFSw", "node.id": "t9hfPgy_RyC9LOJUxQUrSQ"  }
{"type": "server", "timestamp": "2022-03-29T07:41:51,206Z", "level": "WARN", "component": "o.e.t.ThreadPool", "cluster.name": "tpotcluster", "node.name": "tpotcluster-node-01", "message": "timer thread slept for [23.2s/23217537548ns] on relative clock which is above the warn threshold of [5000ms]", "cluster.uuid": "Qbw2pof0QzSXC1OvK0aFSw", "node.id": "t9hfPgy_RyC9LOJUxQUrSQ"  }
{"type": "server", "timestamp": "2022-03-29T07:42:02,379Z", "level": "WARN", "component": "o.e.t.ThreadPool", "cluster.name": "tpotcluster", "node.name": "tpotcluster-node-01", "message": "timer thread slept for [21.3s/21340ms] on absolute clock which is above the warn threshold of [5000ms]", "cluster.uuid": "Qbw2pof0QzSXC1OvK0aFSw", "node.id": "t9hfPgy_RyC9LOJUxQUrSQ"  }
{"type": "server", "timestamp": "2022-03-29T07:42:21,637Z", "level": "WARN", "component": "o.e.t.ThreadPool", "cluster.name": "tpotcluster", "node.name": "tpotcluster-node-01", "message": "timer thread slept for [21.3s/21340543286ns] on relative clock which is above the warn threshold of [5000ms]", "cluster.uuid": "Qbw2pof0QzSXC1OvK0aFSw", "node.id": "t9hfPgy_RyC9LOJUxQUrSQ"  }
{"type": "server", "timestamp": "2022-03-29T07:44:19,749Z", "level": "WARN", "component": "o.e.t.ThreadPool", "cluster.name": "tpotcluster", "node.name": "tpotcluster-node-01", "message": "timer thread slept for [2.3m/138419ms] on absolute clock which is above the warn threshold of [5000ms]", "cluster.uuid": "Qbw2pof0QzSXC1OvK0aFSw", "node.id": "t9hfPgy_RyC9LOJUxQUrSQ"  }
{"type": "server", "timestamp": "2022-03-29T07:44:24,369Z", "level": "WARN", "component": "o.e.t.ThreadPool", "cluster.name": "tpotcluster", "node.name": "tpotcluster-node-01", "message": "timer thread slept for [2.3m/138418817371ns] on relative clock which is above the warn threshold of [5000ms]", "cluster.uuid": "Qbw2pof0QzSXC1OvK0aFSw", "node.id": "t9hfPgy_RyC9LOJUxQUrSQ"  }
{"type": "server", "timestamp": "2022-03-29T07:44:22,130Z", "level": "WARN", "component": "o.e.c.InternalClusterInfoService", "cluster.name": "tpotcluster", "node.name": "tpotcluster-node-01", "message": "failed to retrieve shard stats from node [t9hfPgy_RyC9LOJUxQUrSQ]: [tpotcluster-node-01][127.0.0.1:9300][indices:monitor/stats[n]] request_id [2156] timed out after [99941ms]", "cluster.uuid": "Qbw2pof0QzSXC1OvK0aFSw", "node.id": "t9hfPgy_RyC9LOJUxQUrSQ"  }
{"type": "server", "timestamp": "2022-03-29T07:44:28,737Z", "level": "WARN", "component": "o.e.t.ThreadPool", "cluster.name": "tpotcluster", "node.name": "tpotcluster-node-01", "message": "timer thread slept for [8.6s/8602ms] on absolute clock which is above the warn threshold of [5000ms]", "cluster.uuid": "Qbw2pof0QzSXC1OvK0aFSw", "node.id": "t9hfPgy_RyC9LOJUxQUrSQ"  }
{"type": "server", "timestamp": "2022-03-29T07:44:34,590Z", "level": "WARN", "component": "o.e.t.ThreadPool", "cluster.name": "tpotcluster", "node.name": "tpotcluster-node-01", "message": "timer thread slept for [8.6s/8602048987ns] on relative clock which is above the warn threshold of [5000ms]", "cluster.uuid": "Qbw2pof0QzSXC1OvK0aFSw", "node.id": "t9hfPgy_RyC9LOJUxQUrSQ"  }
{"type": "server", "timestamp": "2022-03-29T07:44:36,880Z", "level": "WARN", "component": "o.e.t.ThreadPool", "cluster.name": "tpotcluster", "node.name": "tpotcluster-node-01", "message": "timer thread slept for [8.9s/8980ms] on absolute clock which is above the warn threshold of [5000ms]", "cluster.uuid": "Qbw2pof0QzSXC1OvK0aFSw", "node.id": "t9hfPgy_RyC9LOJUxQUrSQ"  }
{"type": "server", "timestamp": "2022-03-29T07:44:36,680Z", "level": "WARN", "component": "o.e.m.j.JvmGcMonitorService", "cluster.name": "tpotcluster", "node.name": "tpotcluster-node-01", "message": "[gc][young][578][118] duration [1.3m], collections [1]/[3.8m], total [1.3m]/[4.7m], memory [262.6mb]->[212.3mb]/[2gb], all_pools {[young] [76mb]->[16mb]/[0b]}{[old] [188.3mb]->[188.3mb]/[2gb]}{[survivor] [6.2mb]->[8mb]/[0b]}", "cluster.uuid": "Qbw2pof0QzSXC1OvK0aFSw", "node.id": "t9hfPgy_RyC9LOJUxQUrSQ"  }
{"type": "server", "timestamp": "2022-03-29T07:44:41,409Z", "level": "INFO", "component": "o.e.m.j.JvmGcMonitorService", "cluster.name": "tpotcluster", "node.name": "tpotcluster-node-01", "message": "[gc][578] overhead, spent [1.3m] collecting in the last [3.8m]", "cluster.uuid": "Qbw2pof0QzSXC1OvK0aFSw", "node.id": "t9hfPgy_RyC9LOJUxQUrSQ"  }
{"type": "server", "timestamp": "2022-03-29T07:44:40,718Z", "level": "WARN", "component": "o.e.t.ThreadPool", "cluster.name": "tpotcluster", "node.name": "tpotcluster-node-01", "message": "timer thread slept for [8.9s/8979344890ns] on relative clock which is above the warn threshold of [5000ms]", "cluster.uuid": "Qbw2pof0QzSXC1OvK0aFSw", "node.id": "t9hfPgy_RyC9LOJUxQUrSQ"  }
{"type": "server", "timestamp": "2022-03-29T07:44:35,931Z", "level": "WARN", "component": "o.e.t.TransportService", "cluster.name": "tpotcluster", "node.name": "tpotcluster-node-01", "message": "Received response for a request that has timed out, sent [11.6m/696632ms] ago, timed out [9.9m/596691ms] ago, action [indices:monitor/stats[n]], node [{tpotcluster-node-01}{t9hfPgy_RyC9LOJUxQUrSQ}{wiyuKYKUQWOg2mMJwrEYeQ}{127.0.0.1}{127.0.0.1:9300}{cdfhimrstw}{xpack.installed=true, transform.node=true}], id [2156]", "cluster.uuid": "Qbw2pof0QzSXC1OvK0aFSw", "node.id": "t9hfPgy_RyC9LOJUxQUrSQ"  }
{"type": "server", "timestamp": "2022-03-29T07:44:44,930Z", "level": "WARN", "component": "o.e.t.ThreadPool", "cluster.name": "tpotcluster", "node.name": "tpotcluster-node-01", "message": "timer thread slept for [7.7s/7792ms] on absolute clock which is above the warn threshold of [5000ms]", "cluster.uuid": "Qbw2pof0QzSXC1OvK0aFSw", "node.id": "t9hfPgy_RyC9LOJUxQUrSQ"  }
{"type": "server", "timestamp": "2022-03-29T07:44:44,607Z", "level": "WARN", "component": "o.e.t.ThreadPool", "cluster.name": "tpotcluster", "node.name": "tpotcluster-node-01", "message": "execution of [ReschedulingRunnable{runnable=org.elasticsearch.monitor.jvm.JvmGcMonitorService$1@16188247, interval=1s}] took [8979ms] which is above the warn threshold of [5000ms]", "cluster.uuid": "Qbw2pof0QzSXC1OvK0aFSw", "node.id": "t9hfPgy_RyC9LOJUxQUrSQ"  }
{"type": "server", "timestamp": "2022-03-29T07:44:48,016Z", "level": "WARN", "component": "o.e.t.ThreadPool", "cluster.name": "tpotcluster", "node.name": "tpotcluster-node-01", "message": "timer thread slept for [7.7s/7792705073ns] on relative clock which is above the warn threshold of [5000ms]", "cluster.uuid": "Qbw2pof0QzSXC1OvK0aFSw", "node.id": "t9hfPgy_RyC9LOJUxQUrSQ"  }
{"type": "server", "timestamp": "2022-03-29T07:44:53,330Z", "level": "WARN", "component": "o.e.t.ThreadPool", "cluster.name": "tpotcluster", "node.name": "tpotcluster-node-01", "message": "timer thread slept for [7.7s/7757ms] on absolute clock which is above the warn threshold of [5000ms]", "cluster.uuid": "Qbw2pof0QzSXC1OvK0aFSw", "node.id": "t9hfPgy_RyC9LOJUxQUrSQ"  }
{"type": "server", "timestamp": "2022-03-29T07:44:56,285Z", "level": "WARN", "component": "o.e.t.ThreadPool", "cluster.name": "tpotcluster", "node.name": "tpotcluster-node-01", "message": "timer thread slept for [7.7s/7757070612ns] on relative clock which is above the warn threshold of [5000ms]", "cluster.uuid": "Qbw2pof0QzSXC1OvK0aFSw", "node.id": "t9hfPgy_RyC9LOJUxQUrSQ"  }
{"type": "server", "timestamp": "2022-03-29T07:45:00,596Z", "level": "WARN", "component": "o.e.t.ThreadPool", "cluster.name": "tpotcluster", "node.name": "tpotcluster-node-01", "message": "execution of [ReschedulingRunnable{runnable=org.elasticsearch.watcher.ResourceWatcherService$ResourceMonitor@fdfa4b9, interval=5s}] took [7731ms] which is above the warn threshold of [5000ms]", "cluster.uuid": "Qbw2pof0QzSXC1OvK0aFSw", "node.id": "t9hfPgy_RyC9LOJUxQUrSQ"  }
{"type": "server", "timestamp": "2022-03-29T07:45:00,334Z", "level": "WARN", "component": "o.e.t.ThreadPool", "cluster.name": "tpotcluster", "node.name": "tpotcluster-node-01", "message": "timer thread slept for [7.7s/7732ms] on absolute clock which is above the warn threshold of [5000ms]", "cluster.uuid": "Qbw2pof0QzSXC1OvK0aFSw", "node.id": "t9hfPgy_RyC9LOJUxQUrSQ"  }
{"type": "server", "timestamp": "2022-03-29T07:45:05,628Z", "level": "WARN", "component": "o.e.t.ThreadPool", "cluster.name": "tpotcluster", "node.name": "tpotcluster-node-01", "message": "timer thread slept for [7.7s/7731644947ns] on relative clock which is above the warn threshold of [5000ms]", "cluster.uuid": "Qbw2pof0QzSXC1OvK0aFSw", "node.id": "t9hfPgy_RyC9LOJUxQUrSQ"  }
{"type": "server", "timestamp": "2022-03-29T07:45:09,955Z", "level": "WARN", "component": "o.e.t.ThreadPool", "cluster.name": "tpotcluster", "node.name": "tpotcluster-node-01", "message": "timer thread slept for [9.2s/9271ms] on absolute clock which is above the warn threshold of [5000ms]", "cluster.uuid": "Qbw2pof0QzSXC1OvK0aFSw", "node.id": "t9hfPgy_RyC9LOJUxQUrSQ"  }
{"type": "server", "timestamp": "2022-03-29T07:45:08,057Z", "level": "WARN", "component": "o.e.m.f.FsHealthService", "cluster.name": "tpotcluster", "node.name": "tpotcluster-node-01", "message": "health check of [/data/elk/data/nodes/0] took [7732ms] which is above the warn threshold of [5s]", "cluster.uuid": "Qbw2pof0QzSXC1OvK0aFSw", "node.id": "t9hfPgy_RyC9LOJUxQUrSQ"  }
{"type": "server", "timestamp": "2022-03-29T07:45:16,516Z", "level": "WARN", "component": "o.e.t.ThreadPool", "cluster.name": "tpotcluster", "node.name": "tpotcluster-node-01", "message": "timer thread slept for [9.2s/9271146047ns] on relative clock which is above the warn threshold of [5000ms]", "cluster.uuid": "Qbw2pof0QzSXC1OvK0aFSw", "node.id": "t9hfPgy_RyC9LOJUxQUrSQ"  }
{"type": "server", "timestamp": "2022-03-29T07:45:21,078Z", "level": "WARN", "component": "o.e.t.ThreadPool", "cluster.name": "tpotcluster", "node.name": "tpotcluster-node-01", "message": "timer thread slept for [11.3s/11365ms] on absolute clock which is above the warn threshold of [5000ms]", "cluster.uuid": "Qbw2pof0QzSXC1OvK0aFSw", "node.id": "t9hfPgy_RyC9LOJUxQUrSQ"  }
{"type": "server", "timestamp": "2022-03-29T07:45:21,861Z", "level": "WARN", "component": "o.e.t.ThreadPool", "cluster.name": "tpotcluster", "node.name": "tpotcluster-node-01", "message": "execution of [ReschedulingRunnable{runnable=org.elasticsearch.indices.IndexingMemoryController$ShardsIndicesStatusChecker@2d987ae3, interval=5s}] took [11364ms] which is above the warn threshold of [5000ms]", "cluster.uuid": "Qbw2pof0QzSXC1OvK0aFSw", "node.id": "t9hfPgy_RyC9LOJUxQUrSQ"  }
{"type": "server", "timestamp": "2022-03-29T07:45:25,325Z", "level": "WARN", "component": "o.e.t.ThreadPool", "cluster.name": "tpotcluster", "node.name": "tpotcluster-node-01", "message": "timer thread slept for [11.3s/11364707484ns] on relative clock which is above the warn threshold of [5000ms]", "cluster.uuid": "Qbw2pof0QzSXC1OvK0aFSw", "node.id": "t9hfPgy_RyC9LOJUxQUrSQ"  }
{"type": "server", "timestamp": "2022-03-29T07:45:30,143Z", "level": "WARN", "component": "o.e.t.ThreadPool", "cluster.name": "tpotcluster", "node.name": "tpotcluster-node-01", "message": "timer thread slept for [8.9s/8937ms] on absolute clock which is above the warn threshold of [5000ms]", "cluster.uuid": "Qbw2pof0QzSXC1OvK0aFSw", "node.id": "t9hfPgy_RyC9LOJUxQUrSQ"  }
{"type": "server", "timestamp": "2022-03-29T07:45:35,416Z", "level": "WARN", "component": "o.e.t.ThreadPool", "cluster.name": "tpotcluster", "node.name": "tpotcluster-node-01", "message": "timer thread slept for [8.9s/8936818156ns] on relative clock which is above the warn threshold of [5000ms]", "cluster.uuid": "Qbw2pof0QzSXC1OvK0aFSw", "node.id": "t9hfPgy_RyC9LOJUxQUrSQ"  }
{"type": "server", "timestamp": "2022-03-29T07:45:36,432Z", "level": "WARN", "component": "o.e.t.ThreadPool", "cluster.name": "tpotcluster", "node.name": "tpotcluster-node-01", "message": "execution of [org.elasticsearch.cluster.InternalClusterInfoService$RefreshScheduler$$Lambda$5109/0x00000008017e5978@7297343e] took [8936ms] which is above the warn threshold of [5000ms]", "cluster.uuid": "Qbw2pof0QzSXC1OvK0aFSw", "node.id": "t9hfPgy_RyC9LOJUxQUrSQ"  }
{"type": "server", "timestamp": "2022-03-29T07:45:39,504Z", "level": "WARN", "component": "o.e.t.ThreadPool", "cluster.name": "tpotcluster", "node.name": "tpotcluster-node-01", "message": "timer thread slept for [9.4s/9421ms] on absolute clock which is above the warn threshold of [5000ms]", "cluster.uuid": "Qbw2pof0QzSXC1OvK0aFSw", "node.id": "t9hfPgy_RyC9LOJUxQUrSQ"  }
{"type": "server", "timestamp": "2022-03-29T07:45:43,530Z", "level": "WARN", "component": "o.e.t.ThreadPool", "cluster.name": "tpotcluster", "node.name": "tpotcluster-node-01", "message": "timer thread slept for [9.4s/9421263256ns] on relative clock which is above the warn threshold of [5000ms]", "cluster.uuid": "Qbw2pof0QzSXC1OvK0aFSw", "node.id": "t9hfPgy_RyC9LOJUxQUrSQ"  }
{"type": "server", "timestamp": "2022-03-29T07:45:44,730Z", "level": "WARN", "component": "o.e.t.ThreadPool", "cluster.name": "tpotcluster", "node.name": "tpotcluster-node-01", "message": "execution of [ReschedulingRunnable{runnable=org.elasticsearch.search.SearchService$Reaper@69cd45e3, interval=1m}] took [9421ms] which is above the warn threshold of [5000ms]", "cluster.uuid": "Qbw2pof0QzSXC1OvK0aFSw", "node.id": "t9hfPgy_RyC9LOJUxQUrSQ"  }
{"type": "server", "timestamp": "2022-03-29T07:45:47,790Z", "level": "WARN", "component": "o.e.t.ThreadPool", "cluster.name": "tpotcluster", "node.name": "tpotcluster-node-01", "message": "timer thread slept for [8.2s/8243ms] on absolute clock which is above the warn threshold of [5000ms]", "cluster.uuid": "Qbw2pof0QzSXC1OvK0aFSw", "node.id": "t9hfPgy_RyC9LOJUxQUrSQ"  }
{"type": "server", "timestamp": "2022-03-29T07:45:52,647Z", "level": "WARN", "component": "o.e.t.ThreadPool", "cluster.name": "tpotcluster", "node.name": "tpotcluster-node-01", "message": "timer thread slept for [8.2s/8243183524ns] on relative clock which is above the warn threshold of [5000ms]", "cluster.uuid": "Qbw2pof0QzSXC1OvK0aFSw", "node.id": "t9hfPgy_RyC9LOJUxQUrSQ"  }
{"type": "server", "timestamp": "2022-03-29T07:45:59,724Z", "level": "WARN", "component": "o.e.t.ThreadPool", "cluster.name": "tpotcluster", "node.name": "tpotcluster-node-01", "message": "timer thread slept for [11.2s/11294ms] on absolute clock which is above the warn threshold of [5000ms]", "cluster.uuid": "Qbw2pof0QzSXC1OvK0aFSw", "node.id": "t9hfPgy_RyC9LOJUxQUrSQ"  }
{"type": "server", "timestamp": "2022-03-29T07:46:01,392Z", "level": "WARN", "component": "o.e.h.AbstractHttpServerTransport", "cluster.name": "tpotcluster", "node.name": "tpotcluster-node-01", "message": "handling request [null][POST][/_monitoring/bulk?system_id=kibana&system_api_version=7&interval=10000ms][Netty4HttpChannel{localAddress=/192.168.48.2:9200, remoteAddress=/192.168.48.4:38694}] took [11293ms] which is above the warn threshold of [5000ms]", "cluster.uuid": "Qbw2pof0QzSXC1OvK0aFSw", "node.id": "t9hfPgy_RyC9LOJUxQUrSQ"  }
{"type": "server", "timestamp": "2022-03-29T07:46:03,112Z", "level": "WARN", "component": "o.e.t.ThreadPool", "cluster.name": "tpotcluster", "node.name": "tpotcluster-node-01", "message": "timer thread slept for [11.2s/11293535437ns] on relative clock which is above the warn threshold of [5000ms]", "cluster.uuid": "Qbw2pof0QzSXC1OvK0aFSw", "node.id": "t9hfPgy_RyC9LOJUxQUrSQ"  }
{"type": "server", "timestamp": "2022-03-29T07:46:05,746Z", "level": "WARN", "component": "o.e.t.ThreadPool", "cluster.name": "tpotcluster", "node.name": "tpotcluster-node-01", "message": "timer thread slept for [6.8s/6810ms] on absolute clock which is above the warn threshold of [5000ms]", "cluster.uuid": "Qbw2pof0QzSXC1OvK0aFSw", "node.id": "t9hfPgy_RyC9LOJUxQUrSQ"  }
{"type": "server", "timestamp": "2022-03-29T07:46:05,647Z", "level": "WARN", "component": "o.e.t.ThreadPool", "cluster.name": "tpotcluster", "node.name": "tpotcluster-node-01", "message": "execution of [ReschedulingRunnable{runnable=org.elasticsearch.monitor.jvm.JvmGcMonitorService$1@16188247, interval=1s}] took [6810ms] which is above the warn threshold of [5000ms]", "cluster.uuid": "Qbw2pof0QzSXC1OvK0aFSw", "node.id": "t9hfPgy_RyC9LOJUxQUrSQ"  }
{"type": "server", "timestamp": "2022-03-29T07:46:08,357Z", "level": "WARN", "component": "o.e.t.ThreadPool", "cluster.name": "tpotcluster", "node.name": "tpotcluster-node-01", "message": "timer thread slept for [6.8s/6810526296ns] on relative clock which is above the warn threshold of [5000ms]", "cluster.uuid": "Qbw2pof0QzSXC1OvK0aFSw", "node.id": "t9hfPgy_RyC9LOJUxQUrSQ"  }
{"type": "server", "timestamp": "2022-03-29T07:46:13,061Z", "level": "WARN", "component": "o.e.t.ThreadPool", "cluster.name": "tpotcluster", "node.name": "tpotcluster-node-01", "message": "timer thread slept for [7.2s/7271ms] on absolute clock which is above the warn threshold of [5000ms]", "cluster.uuid": "Qbw2pof0QzSXC1OvK0aFSw", "node.id": "t9hfPgy_RyC9LOJUxQUrSQ"  }
{"type": "server", "timestamp": "2022-03-29T07:46:08,046Z", "level": "WARN", "component": "o.e.c.InternalClusterInfoService", "cluster.name": "tpotcluster", "node.name": "tpotcluster-node-01", "message": "failed to retrieve shard stats from node [t9hfPgy_RyC9LOJUxQUrSQ]: [tpotcluster-node-01][127.0.0.1:9300][indices:monitor/stats[n]] request_id [2285] timed out after [35769ms]", "cluster.uuid": "Qbw2pof0QzSXC1OvK0aFSw", "node.id": "t9hfPgy_RyC9LOJUxQUrSQ"  }
{"type": "server", "timestamp": "2022-03-29T07:46:16,018Z", "level": "WARN", "component": "o.e.t.ThreadPool", "cluster.name": "tpotcluster", "node.name": "tpotcluster-node-01", "message": "timer thread slept for [7.2s/7270372278ns] on relative clock which is above the warn threshold of [5000ms]", "cluster.uuid": "Qbw2pof0QzSXC1OvK0aFSw", "node.id": "t9hfPgy_RyC9LOJUxQUrSQ"  }
{"type": "server", "timestamp": "2022-03-29T07:46:20,391Z", "level": "WARN", "component": "o.e.t.ThreadPool", "cluster.name": "tpotcluster", "node.name": "tpotcluster-node-01", "message": "execution of [ReschedulingRunnable{runnable=org.elasticsearch.monitor.jvm.JvmGcMonitorService$1@16188247, interval=1s}] took [14149ms] which is above the warn threshold of [5000ms]", "cluster.uuid": "Qbw2pof0QzSXC1OvK0aFSw", "node.id": "t9hfPgy_RyC9LOJUxQUrSQ"  }
{"type": "server", "timestamp": "2022-03-29T07:46:19,940Z", "level": "WARN", "component": "o.e.t.ThreadPool", "cluster.name": "tpotcluster", "node.name": "tpotcluster-node-01", "message": "timer thread slept for [6.8s/6879ms] on absolute clock which is above the warn threshold of [5000ms]", "cluster.uuid": "Qbw2pof0QzSXC1OvK0aFSw", "node.id": "t9hfPgy_RyC9LOJUxQUrSQ"  }
{"type": "server", "timestamp": "2022-03-29T07:46:24,081Z", "level": "WARN", "component": "o.e.t.ThreadPool", "cluster.name": "tpotcluster", "node.name": "tpotcluster-node-01", "message": "timer thread slept for [6.8s/6879048073ns] on relative clock which is above the warn threshold of [5000ms]", "cluster.uuid": "Qbw2pof0QzSXC1OvK0aFSw", "node.id": "t9hfPgy_RyC9LOJUxQUrSQ"  }
{"type": "server", "timestamp": "2022-03-29T07:46:30,319Z", "level": "WARN", "component": "o.e.t.ThreadPool", "cluster.name": "tpotcluster", "node.name": "tpotcluster-node-01", "message": "timer thread slept for [9.6s/9671ms] on absolute clock which is above the warn threshold of [5000ms]", "cluster.uuid": "Qbw2pof0QzSXC1OvK0aFSw", "node.id": "t9hfPgy_RyC9LOJUxQUrSQ"  }
{"type": "server", "timestamp": "2022-03-29T07:46:33,694Z", "level": "WARN", "component": "o.e.t.ThreadPool", "cluster.name": "tpotcluster", "node.name": "tpotcluster-node-01", "message": "timer thread slept for [9.6s/9671282857ns] on relative clock which is above the warn threshold of [5000ms]", "cluster.uuid": "Qbw2pof0QzSXC1OvK0aFSw", "node.id": "t9hfPgy_RyC9LOJUxQUrSQ"  }
{"type": "server", "timestamp": "2022-03-29T07:46:35,442Z", "level": "WARN", "component": "o.e.t.ThreadPool", "cluster.name": "tpotcluster", "node.name": "tpotcluster-node-01", "message": "execution of [ReschedulingRunnable{runnable=org.elasticsearch.monitor.jvm.JvmGcMonitorService$1@16188247, interval=1s}] took [9671ms] which is above the warn threshold of [5000ms]", "cluster.uuid": "Qbw2pof0QzSXC1OvK0aFSw", "node.id": "t9hfPgy_RyC9LOJUxQUrSQ"  }
{"type": "server", "timestamp": "2022-03-29T07:46:36,959Z", "level": "WARN", "component": "o.e.t.ThreadPool", "cluster.name": "tpotcluster", "node.name": "tpotcluster-node-01", "message": "timer thread slept for [7.5s/7542ms] on absolute clock which is above the warn threshold of [5000ms]", "cluster.uuid": "Qbw2pof0QzSXC1OvK0aFSw", "node.id": "t9hfPgy_RyC9LOJUxQUrSQ"  }
{"type": "server", "timestamp": "2022-03-29T07:46:38,169Z", "level": "WARN", "component": "o.e.t.TransportService", "cluster.name": "tpotcluster", "node.name": "tpotcluster-node-01", "message": "Received response for a request that has timed out, sent [1.1m/67131ms] ago, timed out [31.3s/31362ms] ago, action [indices:monitor/stats[n]], node [{tpotcluster-node-01}{t9hfPgy_RyC9LOJUxQUrSQ}{wiyuKYKUQWOg2mMJwrEYeQ}{127.0.0.1}{127.0.0.1:9300}{cdfhimrstw}{xpack.installed=true, transform.node=true}], id [2285]", "cluster.uuid": "Qbw2pof0QzSXC1OvK0aFSw", "node.id": "t9hfPgy_RyC9LOJUxQUrSQ"  }
{"type": "server", "timestamp": "2022-03-29T07:46:39,693Z", "level": "WARN", "component": "o.e.t.ThreadPool", "cluster.name": "tpotcluster", "node.name": "tpotcluster-node-01", "message": "timer thread slept for [7.5s/7541861527ns] on relative clock which is above the warn threshold of [5000ms]", "cluster.uuid": "Qbw2pof0QzSXC1OvK0aFSw", "node.id": "t9hfPgy_RyC9LOJUxQUrSQ"  }
{"type": "server", "timestamp": "2022-03-29T07:46:44,886Z", "level": "WARN", "component": "o.e.t.ThreadPool", "cluster.name": "tpotcluster", "node.name": "tpotcluster-node-01", "message": "timer thread slept for [7.5s/7507ms] on absolute clock which is above the warn threshold of [5000ms]", "cluster.uuid": "Qbw2pof0QzSXC1OvK0aFSw", "node.id": "t9hfPgy_RyC9LOJUxQUrSQ"  }
{"type": "server", "timestamp": "2022-03-29T07:46:49,026Z", "level": "WARN", "component": "o.e.t.ThreadPool", "cluster.name": "tpotcluster", "node.name": "tpotcluster-node-01", "message": "timer thread slept for [7.5s/7507477226ns] on relative clock which is above the warn threshold of [5000ms]", "cluster.uuid": "Qbw2pof0QzSXC1OvK0aFSw", "node.id": "t9hfPgy_RyC9LOJUxQUrSQ"  }
{"type": "server", "timestamp": "2022-03-29T07:46:55,227Z", "level": "WARN", "component": "o.e.t.ThreadPool", "cluster.name": "tpotcluster", "node.name": "tpotcluster-node-01", "message": "timer thread slept for [10.5s/10534ms] on absolute clock which is above the warn threshold of [5000ms]", "cluster.uuid": "Qbw2pof0QzSXC1OvK0aFSw", "node.id": "t9hfPgy_RyC9LOJUxQUrSQ"  }
{"type": "server", "timestamp": "2022-03-29T07:47:01,316Z", "level": "WARN", "component": "o.e.t.ThreadPool", "cluster.name": "tpotcluster", "node.name": "tpotcluster-node-01", "message": "timer thread slept for [10.5s/10533671631ns] on relative clock which is above the warn threshold of [5000ms]", "cluster.uuid": "Qbw2pof0QzSXC1OvK0aFSw", "node.id": "t9hfPgy_RyC9LOJUxQUrSQ"  }
{"type": "server", "timestamp": "2022-03-29T07:47:07,003Z", "level": "WARN", "component": "o.e.t.ThreadPool", "cluster.name": "tpotcluster", "node.name": "tpotcluster-node-01", "message": "execution of [ReschedulingRunnable{runnable=org.elasticsearch.monitor.jvm.JvmGcMonitorService$1@16188247, interval=1s}] took [10533ms] which is above the warn threshold of [5000ms]", "cluster.uuid": "Qbw2pof0QzSXC1OvK0aFSw", "node.id": "t9hfPgy_RyC9LOJUxQUrSQ"  }
{"type": "server", "timestamp": "2022-03-29T07:47:07,472Z", "level": "WARN", "component": "o.e.t.ThreadPool", "cluster.name": "tpotcluster", "node.name": "tpotcluster-node-01", "message": "timer thread slept for [12.2s/12240ms] on absolute clock which is above the warn threshold of [5000ms]", "cluster.uuid": "Qbw2pof0QzSXC1OvK0aFSw", "node.id": "t9hfPgy_RyC9LOJUxQUrSQ"  }
{"type": "server", "timestamp": "2022-03-29T07:47:15,307Z", "level": "WARN", "component": "o.e.t.ThreadPool", "cluster.name": "tpotcluster", "node.name": "tpotcluster-node-01", "message": "timer thread slept for [12.2s/12240162256ns] on relative clock which is above the warn threshold of [5000ms]", "cluster.uuid": "Qbw2pof0QzSXC1OvK0aFSw", "node.id": "t9hfPgy_RyC9LOJUxQUrSQ"  }
{"type": "server", "timestamp": "2022-03-29T07:47:20,916Z", "level": "WARN", "component": "o.e.t.ThreadPool", "cluster.name": "tpotcluster", "node.name": "tpotcluster-node-01", "message": "timer thread slept for [13.3s/13337ms] on absolute clock which is above the warn threshold of [5000ms]", "cluster.uuid": "Qbw2pof0QzSXC1OvK0aFSw", "node.id": "t9hfPgy_RyC9LOJUxQUrSQ"  }
{"type": "server", "timestamp": "2022-03-29T07:47:26,346Z", "level": "WARN", "component": "o.e.t.ThreadPool", "cluster.name": "tpotcluster", "node.name": "tpotcluster-node-01", "message": "execution of [org.elasticsearch.cluster.InternalClusterInfoService$RefreshScheduler$$Lambda$5109/0x00000008017e5978@61d90192] took [13336ms] which is above the warn threshold of [5000ms]", "cluster.uuid": "Qbw2pof0QzSXC1OvK0aFSw", "node.id": "t9hfPgy_RyC9LOJUxQUrSQ"  }
{"type": "server", "timestamp": "2022-03-29T07:47:25,882Z", "level": "WARN", "component": "o.e.t.ThreadPool", "cluster.name": "tpotcluster", "node.name": "tpotcluster-node-01", "message": "timer thread slept for [13.3s/13336896820ns] on relative clock which is above the warn threshold of [5000ms]", "cluster.uuid": "Qbw2pof0QzSXC1OvK0aFSw", "node.id": "t9hfPgy_RyC9LOJUxQUrSQ"  }
{"type": "server", "timestamp": "2022-03-29T07:47:30,433Z", "level": "WARN", "component": "o.e.t.ThreadPool", "cluster.name": "tpotcluster", "node.name": "tpotcluster-node-01", "message": "timer thread slept for [9.6s/9671ms] on absolute clock which is above the warn threshold of [5000ms]", "cluster.uuid": "Qbw2pof0QzSXC1OvK0aFSw", "node.id": "t9hfPgy_RyC9LOJUxQUrSQ"  }
{"type": "server", "timestamp": "2022-03-29T07:48:35,798Z", "level": "WARN", "component": "o.e.t.ThreadPool", "cluster.name": "tpotcluster", "node.name": "tpotcluster-node-01", "message": "timer thread slept for [9.6s/9670705647ns] on relative clock which is above the warn threshold of [5000ms]", "cluster.uuid": "Qbw2pof0QzSXC1OvK0aFSw", "node.id": "t9hfPgy_RyC9LOJUxQUrSQ"  }
{"type": "server", "timestamp": "2022-03-29T07:48:36,204Z", "level": "WARN", "component": "o.e.m.j.JvmGcMonitorService", "cluster.name": "tpotcluster", "node.name": "tpotcluster-node-01", "message": "[gc][young][586][119] duration [53.3s], collections [1]/[43.9s], total [53.3s]/[5.6m], memory [256.3mb]->[280.3mb]/[2gb], all_pools {[young] [60mb]->[8mb]/[0b]}{[old] [188.3mb]->[188.3mb]/[2gb]}{[survivor] [8mb]->[6.8mb]/[0b]}", "cluster.uuid": "Qbw2pof0QzSXC1OvK0aFSw", "node.id": "t9hfPgy_RyC9LOJUxQUrSQ"  }
{"type": "server", "timestamp": "2022-03-29T07:48:37,871Z", "level": "WARN", "component": "o.e.t.ThreadPool", "cluster.name": "tpotcluster", "node.name": "tpotcluster-node-01", "message": "timer thread slept for [1.1m/67205ms] on absolute clock which is above the warn threshold of [5000ms]", "cluster.uuid": "Qbw2pof0QzSXC1OvK0aFSw", "node.id": "t9hfPgy_RyC9LOJUxQUrSQ"  }
{"type": "server", "timestamp": "2022-03-29T07:48:38,332Z", "level": "WARN", "component": "o.e.m.j.JvmGcMonitorService", "cluster.name": "tpotcluster", "node.name": "tpotcluster-node-01", "message": "[gc][586] overhead, spent [53.3s] collecting in the last [43.9s]", "cluster.uuid": "Qbw2pof0QzSXC1OvK0aFSw", "node.id": "t9hfPgy_RyC9LOJUxQUrSQ"  }
{"type": "server", "timestamp": "2022-03-29T07:48:44,405Z", "level": "WARN", "component": "o.e.t.ThreadPool", "cluster.name": "tpotcluster", "node.name": "tpotcluster-node-01", "message": "execution of [ReschedulingRunnable{runnable=org.elasticsearch.monitor.jvm.JvmGcMonitorService$1@16188247, interval=1s}] took [76875ms] which is above the warn threshold of [5000ms]", "cluster.uuid": "Qbw2pof0QzSXC1OvK0aFSw", "node.id": "t9hfPgy_RyC9LOJUxQUrSQ"  }
{"type": "server", "timestamp": "2022-03-29T07:48:43,466Z", "level": "WARN", "component": "o.e.t.ThreadPool", "cluster.name": "tpotcluster", "node.name": "tpotcluster-node-01", "message": "timer thread slept for [1.1m/67205262355ns] on relative clock which is above the warn threshold of [5000ms]", "cluster.uuid": "Qbw2pof0QzSXC1OvK0aFSw", "node.id": "t9hfPgy_RyC9LOJUxQUrSQ"  }
{"type": "server", "timestamp": "2022-03-29T07:48:50,335Z", "level": "WARN", "component": "o.e.t.ThreadPool", "cluster.name": "tpotcluster", "node.name": "tpotcluster-node-01", "message": "timer thread slept for [12.5s/12572ms] on absolute clock which is above the warn threshold of [5000ms]", "cluster.uuid": "Qbw2pof0QzSXC1OvK0aFSw", "node.id": "t9hfPgy_RyC9LOJUxQUrSQ"  }
{"type": "server", "timestamp": "2022-03-29T07:48:57,213Z", "level": "WARN", "component": "o.e.t.ThreadPool", "cluster.name": "tpotcluster", "node.name": "tpotcluster-node-01", "message": "timer thread slept for [12.5s/12572251730ns] on relative clock which is above the warn threshold of [5000ms]", "cluster.uuid": "Qbw2pof0QzSXC1OvK0aFSw", "node.id": "t9hfPgy_RyC9LOJUxQUrSQ"  }
{"type": "server", "timestamp": "2022-03-29T07:49:02,334Z", "level": "WARN", "component": "o.e.t.ThreadPool", "cluster.name": "tpotcluster", "node.name": "tpotcluster-node-01", "message": "timer thread slept for [11.9s/11996ms] on absolute clock which is above the warn threshold of [5000ms]", "cluster.uuid": "Qbw2pof0QzSXC1OvK0aFSw", "node.id": "t9hfPgy_RyC9LOJUxQUrSQ"  }
{"type": "server", "timestamp": "2022-03-29T07:49:07,230Z", "level": "WARN", "component": "o.e.t.ThreadPool", "cluster.name": "tpotcluster", "node.name": "tpotcluster-node-01", "message": "timer thread slept for [11.9s/11995468373ns] on relative clock which is above the warn threshold of [5000ms]", "cluster.uuid": "Qbw2pof0QzSXC1OvK0aFSw", "node.id": "t9hfPgy_RyC9LOJUxQUrSQ"  }
{"type": "server", "timestamp": "2022-03-29T07:49:16,464Z", "level": "WARN", "component": "o.e.t.ThreadPool", "cluster.name": "tpotcluster", "node.name": "tpotcluster-node-01", "message": "timer thread slept for [13.9s/13909ms] on absolute clock which is above the warn threshold of [5000ms]", "cluster.uuid": "Qbw2pof0QzSXC1OvK0aFSw", "node.id": "t9hfPgy_RyC9LOJUxQUrSQ"  }
{"type": "server", "timestamp": "2022-03-29T07:49:18,125Z", "level": "WARN", "component": "o.e.t.ThreadPool", "cluster.name": "tpotcluster", "node.name": "tpotcluster-node-01", "message": "execution of [ReschedulingRunnable{runnable=org.elasticsearch.watcher.ResourceWatcherService$ResourceMonitor@fdfa4b9, interval=5s}] took [13909ms] which is above the warn threshold of [5000ms]", "cluster.uuid": "Qbw2pof0QzSXC1OvK0aFSw", "node.id": "t9hfPgy_RyC9LOJUxQUrSQ"  }
{"type": "server", "timestamp": "2022-03-29T07:49:24,232Z", "level": "WARN", "component": "o.e.t.ThreadPool", "cluster.name": "tpotcluster", "node.name": "tpotcluster-node-01", "message": "timer thread slept for [13.9s/13909033218ns] on relative clock which is above the warn threshold of [5000ms]", "cluster.uuid": "Qbw2pof0QzSXC1OvK0aFSw", "node.id": "t9hfPgy_RyC9LOJUxQUrSQ"  }
{"type": "server", "timestamp": "2022-03-29T07:49:32,897Z", "level": "WARN", "component": "o.e.t.ThreadPool", "cluster.name": "tpotcluster", "node.name": "tpotcluster-node-01", "message": "timer thread slept for [14.6s/14686ms] on absolute clock which is above the warn threshold of [5000ms]", "cluster.uuid": "Qbw2pof0QzSXC1OvK0aFSw", "node.id": "t9hfPgy_RyC9LOJUxQUrSQ"  }
{"type": "server", "timestamp": "2022-03-29T07:49:36,130Z", "level": "WARN", "component": "o.e.t.ThreadPool", "cluster.name": "tpotcluster", "node.name": "tpotcluster-node-01", "message": "execution of [ReschedulingRunnable{runnable=org.elasticsearch.monitor.jvm.JvmGcMonitorService$1@16188247, interval=1s}] took [14686ms] which is above the warn threshold of [5000ms]", "cluster.uuid": "Qbw2pof0QzSXC1OvK0aFSw", "node.id": "t9hfPgy_RyC9LOJUxQUrSQ"  }
{"type": "server", "timestamp": "2022-03-29T07:49:43,136Z", "level": "WARN", "component": "o.e.t.ThreadPool", "cluster.name": "tpotcluster", "node.name": "tpotcluster-node-01", "message": "timer thread slept for [14.6s/14686141112ns] on relative clock which is above the warn threshold of [5000ms]", "cluster.uuid": "Qbw2pof0QzSXC1OvK0aFSw", "node.id": "t9hfPgy_RyC9LOJUxQUrSQ"  }
{"type": "server", "timestamp": "2022-03-29T07:49:51,669Z", "level": "WARN", "component": "o.e.t.ThreadPool", "cluster.name": "tpotcluster", "node.name": "tpotcluster-node-01", "message": "timer thread slept for [20.8s/20886ms] on absolute clock which is above the warn threshold of [5000ms]", "cluster.uuid": "Qbw2pof0QzSXC1OvK0aFSw", "node.id": "t9hfPgy_RyC9LOJUxQUrSQ"  }
{"type": "server", "timestamp": "2022-03-29T07:49:57,583Z", "level": "WARN", "component": "o.e.t.ThreadPool", "cluster.name": "tpotcluster", "node.name": "tpotcluster-node-01", "message": "execution of [org.elasticsearch.cluster.InternalClusterInfoService$RefreshScheduler$$Lambda$5109/0x00000008017e5978@692a4f58] took [20886ms] which is above the warn threshold of [5000ms]", "cluster.uuid": "Qbw2pof0QzSXC1OvK0aFSw", "node.id": "t9hfPgy_RyC9LOJUxQUrSQ"  }
{"type": "server", "timestamp": "2022-03-29T07:49:59,079Z", "level": "WARN", "component": "o.e.t.ThreadPool", "cluster.name": "tpotcluster", "node.name": "tpotcluster-node-01", "message": "timer thread slept for [20.8s/20886574803ns] on relative clock which is above the warn threshold of [5000ms]", "cluster.uuid": "Qbw2pof0QzSXC1OvK0aFSw", "node.id": "t9hfPgy_RyC9LOJUxQUrSQ"  }
{"type": "server", "timestamp": "2022-03-29T07:50:04,872Z", "level": "WARN", "component": "o.e.t.ThreadPool", "cluster.name": "tpotcluster", "node.name": "tpotcluster-node-01", "message": "timer thread slept for [12.7s/12736ms] on absolute clock which is above the warn threshold of [5000ms]", "cluster.uuid": "Qbw2pof0QzSXC1OvK0aFSw", "node.id": "t9hfPgy_RyC9LOJUxQUrSQ"  }
{"type": "server", "timestamp": "2022-03-29T07:50:11,989Z", "level": "WARN", "component": "o.e.t.ThreadPool", "cluster.name": "tpotcluster", "node.name": "tpotcluster-node-01", "message": "timer thread slept for [12.7s/12735738521ns] on relative clock which is above the warn threshold of [5000ms]", "cluster.uuid": "Qbw2pof0QzSXC1OvK0aFSw", "node.id": "t9hfPgy_RyC9LOJUxQUrSQ"  }
{"type": "server", "timestamp": "2022-03-29T07:50:18,394Z", "level": "WARN", "component": "o.e.t.ThreadPool", "cluster.name": "tpotcluster", "node.name": "tpotcluster-node-01", "message": "timer thread slept for [13.8s/13892ms] on absolute clock which is above the warn threshold of [5000ms]", "cluster.uuid": "Qbw2pof0QzSXC1OvK0aFSw", "node.id": "t9hfPgy_RyC9LOJUxQUrSQ"  }
{"type": "server", "timestamp": "2022-03-29T07:50:25,536Z", "level": "WARN", "component": "o.e.t.ThreadPool", "cluster.name": "tpotcluster", "node.name": "tpotcluster-node-01", "message": "timer thread slept for [13.8s/13891789933ns] on relative clock which is above the warn threshold of [5000ms]", "cluster.uuid": "Qbw2pof0QzSXC1OvK0aFSw", "node.id": "t9hfPgy_RyC9LOJUxQUrSQ"  }
{"type": "server", "timestamp": "2022-03-29T07:50:30,576Z", "level": "WARN", "component": "o.e.h.AbstractHttpServerTransport", "cluster.name": "tpotcluster", "node.name": "tpotcluster-node-01", "message": "handling request [null][GET][/_xpack?accept_enterprise=true][Netty4HttpChannel{localAddress=/192.168.48.2:9200, remoteAddress=/192.168.48.4:38696}] took [26628ms] which is above the warn threshold of [5000ms]", "cluster.uuid": "Qbw2pof0QzSXC1OvK0aFSw", "node.id": "t9hfPgy_RyC9LOJUxQUrSQ"  }
{"type": "server", "timestamp": "2022-03-29T07:50:32,606Z", "level": "WARN", "component": "o.e.t.ThreadPool", "cluster.name": "tpotcluster", "node.name": "tpotcluster-node-01", "message": "timer thread slept for [14s/14033ms] on absolute clock which is above the warn threshold of [5000ms]", "cluster.uuid": "Qbw2pof0QzSXC1OvK0aFSw", "node.id": "t9hfPgy_RyC9LOJUxQUrSQ"  }
{"type": "server", "timestamp": "2022-03-29T07:50:38,168Z", "level": "WARN", "component": "o.e.t.ThreadPool", "cluster.name": "tpotcluster", "node.name": "tpotcluster-node-01", "message": "timer thread slept for [14s/14033471915ns] on relative clock which is above the warn threshold of [5000ms]", "cluster.uuid": "Qbw2pof0QzSXC1OvK0aFSw", "node.id": "t9hfPgy_RyC9LOJUxQUrSQ"  }
{"type": "server", "timestamp": "2022-03-29T07:50:48,830Z", "level": "WARN", "component": "o.e.t.ThreadPool", "cluster.name": "tpotcluster", "node.name": "tpotcluster-node-01", "message": "timer thread slept for [12.7s/12726ms] on absolute clock which is above the warn threshold of [5000ms]", "cluster.uuid": "Qbw2pof0QzSXC1OvK0aFSw", "node.id": "t9hfPgy_RyC9LOJUxQUrSQ"  }
{"type": "server", "timestamp": "2022-03-29T07:50:56,657Z", "level": "WARN", "component": "o.e.t.ThreadPool", "cluster.name": "tpotcluster", "node.name": "tpotcluster-node-01", "message": "timer thread slept for [12.7s/12725474984ns] on relative clock which is above the warn threshold of [5000ms]", "cluster.uuid": "Qbw2pof0QzSXC1OvK0aFSw", "node.id": "t9hfPgy_RyC9LOJUxQUrSQ"  }
{"type": "server", "timestamp": "2022-03-29T07:51:00,076Z", "level": "WARN", "component": "o.e.t.ThreadPool", "cluster.name": "tpotcluster", "node.name": "tpotcluster-node-01", "message": "execution of [ReschedulingRunnable{runnable=org.elasticsearch.monitor.jvm.JvmGcMonitorService$1@16188247, interval=1s}] took [26758ms] which is above the warn threshold of [5000ms]", "cluster.uuid": "Qbw2pof0QzSXC1OvK0aFSw", "node.id": "t9hfPgy_RyC9LOJUxQUrSQ"  }
{"type": "server", "timestamp": "2022-03-29T07:51:05,147Z", "level": "WARN", "component": "o.e.t.ThreadPool", "cluster.name": "tpotcluster", "node.name": "tpotcluster-node-01", "message": "timer thread slept for [19.9s/19974ms] on absolute clock which is above the warn threshold of [5000ms]", "cluster.uuid": "Qbw2pof0QzSXC1OvK0aFSw", "node.id": "t9hfPgy_RyC9LOJUxQUrSQ"  }
{"type": "server", "timestamp": "2022-03-29T07:51:05,933Z", "level": "WARN", "component": "o.e.t.ThreadPool", "cluster.name": "tpotcluster", "node.name": "tpotcluster-node-01", "message": "execution of [ReschedulingRunnable{runnable=org.elasticsearch.indices.IndexingMemoryController$ShardsIndicesStatusChecker@2d987ae3, interval=5s}] took [19974ms] which is above the warn threshold of [5000ms]", "cluster.uuid": "Qbw2pof0QzSXC1OvK0aFSw", "node.id": "t9hfPgy_RyC9LOJUxQUrSQ"  }
{"type": "server", "timestamp": "2022-03-29T07:51:16,063Z", "level": "WARN", "component": "o.e.t.ThreadPool", "cluster.name": "tpotcluster", "node.name": "tpotcluster-node-01", "message": "timer thread slept for [19.9s/19974013283ns] on relative clock which is above the warn threshold of [5000ms]", "cluster.uuid": "Qbw2pof0QzSXC1OvK0aFSw", "node.id": "t9hfPgy_RyC9LOJUxQUrSQ"  }
{"type": "server", "timestamp": "2022-03-29T07:51:23,196Z", "level": "WARN", "component": "o.e.t.ThreadPool", "cluster.name": "tpotcluster", "node.name": "tpotcluster-node-01", "message": "timer thread slept for [17.8s/17898ms] on absolute clock which is above the warn threshold of [5000ms]", "cluster.uuid": "Qbw2pof0QzSXC1OvK0aFSw", "node.id": "t9hfPgy_RyC9LOJUxQUrSQ"  }
{"type": "server", "timestamp": "2022-03-29T07:51:31,496Z", "level": "WARN", "component": "o.e.t.ThreadPool", "cluster.name": "tpotcluster", "node.name": "tpotcluster-node-01", "message": "timer thread slept for [17.8s/17898220188ns] on relative clock which is above the warn threshold of [5000ms]", "cluster.uuid": "Qbw2pof0QzSXC1OvK0aFSw", "node.id": "t9hfPgy_RyC9LOJUxQUrSQ"  }
{"type": "server", "timestamp": "2022-03-29T07:51:41,110Z", "level": "WARN", "component": "o.e.t.ThreadPool", "cluster.name": "tpotcluster", "node.name": "tpotcluster-node-01", "message": "timer thread slept for [18s/18037ms] on absolute clock which is above the warn threshold of [5000ms]", "cluster.uuid": "Qbw2pof0QzSXC1OvK0aFSw", "node.id": "t9hfPgy_RyC9LOJUxQUrSQ"  }
{"type": "server", "timestamp": "2022-03-29T07:51:33,690Z", "level": "WARN", "component": "o.e.c.InternalClusterInfoService", "cluster.name": "tpotcluster", "node.name": "tpotcluster-node-01", "message": "failed to retrieve shard stats from node [t9hfPgy_RyC9LOJUxQUrSQ]: [tpotcluster-node-01][127.0.0.1:9300][indices:monitor/stats[n]] request_id [2385] timed out after [91259ms]", "cluster.uuid": "Qbw2pof0QzSXC1OvK0aFSw", "node.id": "t9hfPgy_RyC9LOJUxQUrSQ"  }
{"type": "server", "timestamp": "2022-03-29T07:51:48,322Z", "level": "WARN", "component": "o.e.t.ThreadPool", "cluster.name": "tpotcluster", "node.name": "tpotcluster-node-01", "message": "timer thread slept for [18s/18037105202ns] on relative clock which is above the warn threshold of [5000ms]", "cluster.uuid": "Qbw2pof0QzSXC1OvK0aFSw", "node.id": "t9hfPgy_RyC9LOJUxQUrSQ"  }
{"type": "server", "timestamp": "2022-03-29T07:51:55,198Z", "level": "WARN", "component": "o.e.t.ThreadPool", "cluster.name": "tpotcluster", "node.name": "tpotcluster-node-01", "message": "timer thread slept for [14.1s/14179ms] on absolute clock which is above the warn threshold of [5000ms]", "cluster.uuid": "Qbw2pof0QzSXC1OvK0aFSw", "node.id": "t9hfPgy_RyC9LOJUxQUrSQ"  }
{"type": "server", "timestamp": "2022-03-29T07:52:06,126Z", "level": "WARN", "component": "o.e.t.ThreadPool", "cluster.name": "tpotcluster", "node.name": "tpotcluster-node-01", "message": "timer thread slept for [14.1s/14178356488ns] on relative clock which is above the warn threshold of [5000ms]", "cluster.uuid": "Qbw2pof0QzSXC1OvK0aFSw", "node.id": "t9hfPgy_RyC9LOJUxQUrSQ"  }
{"type": "server", "timestamp": "2022-03-29T07:52:16,022Z", "level": "WARN", "component": "o.e.t.ThreadPool", "cluster.name": "tpotcluster", "node.name": "tpotcluster-node-01", "message": "timer thread slept for [19.2s/19236ms] on absolute clock which is above the warn threshold of [5000ms]", "cluster.uuid": "Qbw2pof0QzSXC1OvK0aFSw", "node.id": "t9hfPgy_RyC9LOJUxQUrSQ"  }
{"type": "server", "timestamp": "2022-03-29T07:52:21,319Z", "level": "WARN", "component": "o.e.t.ThreadPool", "cluster.name": "tpotcluster", "node.name": "tpotcluster-node-01", "message": "execution of [ReschedulingRunnable{runnable=org.elasticsearch.monitor.jvm.JvmGcMonitorService$1@16188247, interval=1s}] took [33415ms] which is above the warn threshold of [5000ms]", "cluster.uuid": "Qbw2pof0QzSXC1OvK0aFSw", "node.id": "t9hfPgy_RyC9LOJUxQUrSQ"  }
{"type": "server", "timestamp": "2022-03-29T07:52:23,141Z", "level": "WARN", "component": "o.e.h.AbstractHttpServerTransport", "cluster.name": "tpotcluster", "node.name": "tpotcluster-node-01", "message": "handling request [null][POST][/.kibana_7.17.0/_search?from=0&rest_total_hits_as_int=true&size=20][Netty4HttpChannel{localAddress=/192.168.48.2:9200, remoteAddress=/192.168.48.4:38708}] took [33415ms] which is above the warn threshold of [5000ms]", "cluster.uuid": "Qbw2pof0QzSXC1OvK0aFSw", "node.id": "t9hfPgy_RyC9LOJUxQUrSQ"  }
{"type": "server", "timestamp": "2022-03-29T07:52:22,979Z", "level": "WARN", "component": "o.e.t.ThreadPool", "cluster.name": "tpotcluster", "node.name": "tpotcluster-node-01", "message": "timer thread slept for [19.2s/19236858736ns] on relative clock which is above the warn threshold of [5000ms]", "cluster.uuid": "Qbw2pof0QzSXC1OvK0aFSw", "node.id": "t9hfPgy_RyC9LOJUxQUrSQ"  }
{"type": "server", "timestamp": "2022-03-29T07:52:32,302Z", "level": "WARN", "component": "o.e.t.ThreadPool", "cluster.name": "tpotcluster", "node.name": "tpotcluster-node-01", "message": "timer thread slept for [17.6s/17632ms] on absolute clock which is above the warn threshold of [5000ms]", "cluster.uuid": "Qbw2pof0QzSXC1OvK0aFSw", "node.id": "t9hfPgy_RyC9LOJUxQUrSQ"  }
{"type": "server", "timestamp": "2022-03-29T07:52:39,450Z", "level": "WARN", "component": "o.e.t.ThreadPool", "cluster.name": "tpotcluster", "node.name": "tpotcluster-node-01", "message": "timer thread slept for [17.6s/17631929253ns] on relative clock which is above the warn threshold of [5000ms]", "cluster.uuid": "Qbw2pof0QzSXC1OvK0aFSw", "node.id": "t9hfPgy_RyC9LOJUxQUrSQ"  }
{"type": "server", "timestamp": "2022-03-29T07:52:50,112Z", "level": "WARN", "component": "o.e.t.ThreadPool", "cluster.name": "tpotcluster", "node.name": "tpotcluster-node-01", "message": "timer thread slept for [18s/18028ms] on absolute clock which is above the warn threshold of [5000ms]", "cluster.uuid": "Qbw2pof0QzSXC1OvK0aFSw", "node.id": "t9hfPgy_RyC9LOJUxQUrSQ"  }
{"type": "server", "timestamp": "2022-03-29T07:52:57,767Z", "level": "WARN", "component": "o.e.t.ThreadPool", "cluster.name": "tpotcluster", "node.name": "tpotcluster-node-01", "message": "timer thread slept for [18s/18027436508ns] on relative clock which is above the warn threshold of [5000ms]", "cluster.uuid": "Qbw2pof0QzSXC1OvK0aFSw", "node.id": "t9hfPgy_RyC9LOJUxQUrSQ"  }
{"type": "server", "timestamp": "2022-03-29T07:53:04,799Z", "level": "WARN", "component": "o.e.t.ThreadPool", "cluster.name": "tpotcluster", "node.name": "tpotcluster-node-01", "message": "timer thread slept for [14.6s/14655ms] on absolute clock which is above the warn threshold of [5000ms]", "cluster.uuid": "Qbw2pof0QzSXC1OvK0aFSw", "node.id": "t9hfPgy_RyC9LOJUxQUrSQ"  }
{"type": "server", "timestamp": "2022-03-29T07:53:12,363Z", "level": "WARN", "component": "o.e.t.ThreadPool", "cluster.name": "tpotcluster", "node.name": "tpotcluster-node-01", "message": "timer thread slept for [14.6s/14655507473ns] on relative clock which is above the warn threshold of [5000ms]", "cluster.uuid": "Qbw2pof0QzSXC1OvK0aFSw", "node.id": "t9hfPgy_RyC9LOJUxQUrSQ"  }
{"type": "server", "timestamp": "2022-03-29T07:53:21,137Z", "level": "WARN", "component": "o.e.t.ThreadPool", "cluster.name": "tpotcluster", "node.name": "tpotcluster-node-01", "message": "timer thread slept for [15.9s/15969ms] on absolute clock which is above the warn threshold of [5000ms]", "cluster.uuid": "Qbw2pof0QzSXC1OvK0aFSw", "node.id": "t9hfPgy_RyC9LOJUxQUrSQ"  }
{"type": "server", "timestamp": "2022-03-29T07:53:27,666Z", "level": "WARN", "component": "o.e.t.ThreadPool", "cluster.name": "tpotcluster", "node.name": "tpotcluster-node-01", "message": "timer thread slept for [15.9s/15968847691ns] on relative clock which is above the warn threshold of [5000ms]", "cluster.uuid": "Qbw2pof0QzSXC1OvK0aFSw", "node.id": "t9hfPgy_RyC9LOJUxQUrSQ"  }
{"type": "server", "timestamp": "2022-03-29T07:53:33,975Z", "level": "WARN", "component": "o.e.t.ThreadPool", "cluster.name": "tpotcluster", "node.name": "tpotcluster-node-01", "message": "timer thread slept for [12.9s/12916ms] on absolute clock which is above the warn threshold of [5000ms]", "cluster.uuid": "Qbw2pof0QzSXC1OvK0aFSw", "node.id": "t9hfPgy_RyC9LOJUxQUrSQ"  }
{"type": "server", "timestamp": "2022-03-29T07:53:35,225Z", "level": "WARN", "component": "o.e.t.ThreadPool", "cluster.name": "tpotcluster", "node.name": "tpotcluster-node-01", "message": "execution of [ReschedulingRunnable{runnable=org.elasticsearch.monitor.jvm.JvmGcMonitorService$1@16188247, interval=1s}] took [28885ms] which is above the warn threshold of [5000ms]", "cluster.uuid": "Qbw2pof0QzSXC1OvK0aFSw", "node.id": "t9hfPgy_RyC9LOJUxQUrSQ"  }
{"type": "server", "timestamp": "2022-03-29T07:53:40,072Z", "level": "WARN", "component": "o.e.t.ThreadPool", "cluster.name": "tpotcluster", "node.name": "tpotcluster-node-01", "message": "timer thread slept for [12.9s/12916261873ns] on relative clock which is above the warn threshold of [5000ms]", "cluster.uuid": "Qbw2pof0QzSXC1OvK0aFSw", "node.id": "t9hfPgy_RyC9LOJUxQUrSQ"  }
{"type": "server", "timestamp": "2022-03-29T07:53:48,135Z", "level": "WARN", "component": "o.e.t.ThreadPool", "cluster.name": "tpotcluster", "node.name": "tpotcluster-node-01", "message": "timer thread slept for [14.4s/14478ms] on absolute clock which is above the warn threshold of [5000ms]", "cluster.uuid": "Qbw2pof0QzSXC1OvK0aFSw", "node.id": "t9hfPgy_RyC9LOJUxQUrSQ"  }
{"type": "server", "timestamp": "2022-03-29T07:53:50,516Z", "level": "WARN", "component": "o.e.t.ThreadPool", "cluster.name": "tpotcluster", "node.name": "tpotcluster-node-01", "message": "execution of [org.elasticsearch.cluster.InternalClusterInfoService$RefreshScheduler$$Lambda$5109/0x00000008017e5978@44375fb2] took [14477ms] which is above the warn threshold of [5000ms]", "cluster.uuid": "Qbw2pof0QzSXC1OvK0aFSw", "node.id": "t9hfPgy_RyC9LOJUxQUrSQ"  }
{"type": "server", "timestamp": "2022-03-29T07:53:53,157Z", "level": "WARN", "component": "o.e.t.ThreadPool", "cluster.name": "tpotcluster", "node.name": "tpotcluster-node-01", "message": "timer thread slept for [14.4s/14477496695ns] on relative clock which is above the warn threshold of [5000ms]", "cluster.uuid": "Qbw2pof0QzSXC1OvK0aFSw", "node.id": "t9hfPgy_RyC9LOJUxQUrSQ"  }
{"type": "server", "timestamp": "2022-03-29T07:53:59,963Z", "level": "WARN", "component": "o.e.t.ThreadPool", "cluster.name": "tpotcluster", "node.name": "tpotcluster-node-01", "message": "timer thread slept for [11.3s/11320ms] on absolute clock which is above the warn threshold of [5000ms]", "cluster.uuid": "Qbw2pof0QzSXC1OvK0aFSw", "node.id": "t9hfPgy_RyC9LOJUxQUrSQ"  }
{"type": "server", "timestamp": "2022-03-29T07:54:02,238Z", "level": "WARN", "component": "o.e.t.ThreadPool", "cluster.name": "tpotcluster", "node.name": "tpotcluster-node-01", "message": "execution of [ReschedulingRunnable{runnable=org.elasticsearch.watcher.ResourceWatcherService$ResourceMonitor@fdfa4b9, interval=5s}] took [11320ms] which is above the warn threshold of [5000ms]", "cluster.uuid": "Qbw2pof0QzSXC1OvK0aFSw", "node.id": "t9hfPgy_RyC9LOJUxQUrSQ"  }
{"type": "server", "timestamp": "2022-03-29T07:54:07,024Z", "level": "WARN", "component": "o.e.t.ThreadPool", "cluster.name": "tpotcluster", "node.name": "tpotcluster-node-01", "message": "timer thread slept for [11.3s/11320224802ns] on relative clock which is above the warn threshold of [5000ms]", "cluster.uuid": "Qbw2pof0QzSXC1OvK0aFSw", "node.id": "t9hfPgy_RyC9LOJUxQUrSQ"  }
{"type": "server", "timestamp": "2022-03-29T07:54:11,314Z", "level": "WARN", "component": "o.e.t.ThreadPool", "cluster.name": "tpotcluster", "node.name": "tpotcluster-node-01", "message": "timer thread slept for [11.8s/11890ms] on absolute clock which is above the warn threshold of [5000ms]", "cluster.uuid": "Qbw2pof0QzSXC1OvK0aFSw", "node.id": "t9hfPgy_RyC9LOJUxQUrSQ"  }
{"type": "server", "timestamp": "2022-03-29T07:54:14,238Z", "level": "WARN", "component": "o.e.t.ThreadPool", "cluster.name": "tpotcluster", "node.name": "tpotcluster-node-01", "message": "timer thread slept for [11.8s/11890051372ns] on relative clock which is above the warn threshold of [5000ms]", "cluster.uuid": "Qbw2pof0QzSXC1OvK0aFSw", "node.id": "t9hfPgy_RyC9LOJUxQUrSQ"  }
{"type": "server", "timestamp": "2022-03-29T07:54:17,693Z", "level": "WARN", "component": "o.e.h.AbstractHttpServerTransport", "cluster.name": "tpotcluster", "node.name": "tpotcluster-node-01", "message": "handling request [null][GET][/_xpack?accept_enterprise=true][Netty4HttpChannel{localAddress=/192.168.48.2:9200, remoteAddress=/192.168.48.4:38684}] took [23210ms] which is above the warn threshold of [5000ms]", "cluster.uuid": "Qbw2pof0QzSXC1OvK0aFSw", "node.id": "t9hfPgy_RyC9LOJUxQUrSQ"  }
{"type": "server", "timestamp": "2022-03-29T07:54:20,622Z", "level": "WARN", "component": "o.e.t.ThreadPool", "cluster.name": "tpotcluster", "node.name": "tpotcluster-node-01", "message": "timer thread slept for [9.3s/9351ms] on absolute clock which is above the warn threshold of [5000ms]", "cluster.uuid": "Qbw2pof0QzSXC1OvK0aFSw", "node.id": "t9hfPgy_RyC9LOJUxQUrSQ"  }
{"type": "server", "timestamp": "2022-03-29T07:54:15,457Z", "level": "WARN", "component": "o.e.t.TransportService", "cluster.name": "tpotcluster", "node.name": "tpotcluster-node-01", "message": "Received response for a request that has timed out, sent [4.3m/259599ms] ago, timed out [2.8m/168340ms] ago, action [indices:monitor/stats[n]], node [{tpotcluster-node-01}{t9hfPgy_RyC9LOJUxQUrSQ}{wiyuKYKUQWOg2mMJwrEYeQ}{127.0.0.1}{127.0.0.1:9300}{cdfhimrstw}{xpack.installed=true, transform.node=true}], id [2385]", "cluster.uuid": "Qbw2pof0QzSXC1OvK0aFSw", "node.id": "t9hfPgy_RyC9LOJUxQUrSQ"  }
{"type": "server", "timestamp": "2022-03-29T07:54:25,785Z", "level": "WARN", "component": "o.e.t.ThreadPool", "cluster.name": "tpotcluster", "node.name": "tpotcluster-node-01", "message": "execution of [ReschedulingRunnable{runnable=org.elasticsearch.monitor.jvm.JvmGcMonitorService$1@16188247, interval=1s}] took [9350ms] which is above the warn threshold of [5000ms]", "cluster.uuid": "Qbw2pof0QzSXC1OvK0aFSw", "node.id": "t9hfPgy_RyC9LOJUxQUrSQ"  }
{"type": "server", "timestamp": "2022-03-29T07:54:29,348Z", "level": "WARN", "component": "o.e.t.ThreadPool", "cluster.name": "tpotcluster", "node.name": "tpotcluster-node-01", "message": "timer thread slept for [9.3s/9350397501ns] on relative clock which is above the warn threshold of [5000ms]", "cluster.uuid": "Qbw2pof0QzSXC1OvK0aFSw", "node.id": "t9hfPgy_RyC9LOJUxQUrSQ"  }
{"type": "server", "timestamp": "2022-03-29T07:54:33,800Z", "level": "WARN", "component": "o.e.t.ThreadPool", "cluster.name": "tpotcluster", "node.name": "tpotcluster-node-01", "message": "timer thread slept for [13s/13059ms] on absolute clock which is above the warn threshold of [5000ms]", "cluster.uuid": "Qbw2pof0QzSXC1OvK0aFSw", "node.id": "t9hfPgy_RyC9LOJUxQUrSQ"  }
{"type": "server", "timestamp": "2022-03-29T07:54:41,003Z", "level": "WARN", "component": "o.e.t.ThreadPool", "cluster.name": "tpotcluster", "node.name": "tpotcluster-node-01", "message": "timer thread slept for [13s/13059267599ns] on relative clock which is above the warn threshold of [5000ms]", "cluster.uuid": "Qbw2pof0QzSXC1OvK0aFSw", "node.id": "t9hfPgy_RyC9LOJUxQUrSQ"  }
{"type": "server", "timestamp": "2022-03-29T07:54:48,663Z", "level": "WARN", "component": "o.e.t.ThreadPool", "cluster.name": "tpotcluster", "node.name": "tpotcluster-node-01", "message": "timer thread slept for [15s/15064ms] on absolute clock which is above the warn threshold of [5000ms]", "cluster.uuid": "Qbw2pof0QzSXC1OvK0aFSw", "node.id": "t9hfPgy_RyC9LOJUxQUrSQ"  }
{"type": "server", "timestamp": "2022-03-29T07:54:54,737Z", "level": "WARN", "component": "o.e.t.ThreadPool", "cluster.name": "tpotcluster", "node.name": "tpotcluster-node-01", "message": "timer thread slept for [15s/15063832894ns] on relative clock which is above the warn threshold of [5000ms]", "cluster.uuid": "Qbw2pof0QzSXC1OvK0aFSw", "node.id": "t9hfPgy_RyC9LOJUxQUrSQ"  }
{"type": "server", "timestamp": "2022-03-29T07:55:05,038Z", "level": "WARN", "component": "o.e.t.ThreadPool", "cluster.name": "tpotcluster", "node.name": "tpotcluster-node-01", "message": "timer thread slept for [15.6s/15690ms] on absolute clock which is above the warn threshold of [5000ms]", "cluster.uuid": "Qbw2pof0QzSXC1OvK0aFSw", "node.id": "t9hfPgy_RyC9LOJUxQUrSQ"  }
{"type": "server", "timestamp": "2022-03-29T07:55:05,543Z", "level": "WARN", "component": "o.e.t.ThreadPool", "cluster.name": "tpotcluster", "node.name": "tpotcluster-node-01", "message": "execution of [ReschedulingRunnable{runnable=org.elasticsearch.monitor.jvm.JvmGcMonitorService$1@16188247, interval=1s}] took [30753ms] which is above the warn threshold of [5000ms]", "cluster.uuid": "Qbw2pof0QzSXC1OvK0aFSw", "node.id": "t9hfPgy_RyC9LOJUxQUrSQ"  }
{"type": "server", "timestamp": "2022-03-29T07:55:11,747Z", "level": "WARN", "component": "o.e.t.ThreadPool", "cluster.name": "tpotcluster", "node.name": "tpotcluster-node-01", "message": "timer thread slept for [15.6s/15689946309ns] on relative clock which is above the warn threshold of [5000ms]", "cluster.uuid": "Qbw2pof0QzSXC1OvK0aFSw", "node.id": "t9hfPgy_RyC9LOJUxQUrSQ"  }
{"type": "server", "timestamp": "2022-03-29T07:55:18,095Z", "level": "WARN", "component": "o.e.t.ThreadPool", "cluster.name": "tpotcluster", "node.name": "tpotcluster-node-01", "message": "timer thread slept for [13.6s/13604ms] on absolute clock which is above the warn threshold of [5000ms]", "cluster.uuid": "Qbw2pof0QzSXC1OvK0aFSw", "node.id": "t9hfPgy_RyC9LOJUxQUrSQ"  }
{"type": "server", "timestamp": "2022-03-29T07:55:24,189Z", "level": "WARN", "component": "o.e.t.ThreadPool", "cluster.name": "tpotcluster", "node.name": "tpotcluster-node-01", "message": "timer thread slept for [13.6s/13604585799ns] on relative clock which is above the warn threshold of [5000ms]", "cluster.uuid": "Qbw2pof0QzSXC1OvK0aFSw", "node.id": "t9hfPgy_RyC9LOJUxQUrSQ"  }
{"type": "server", "timestamp": "2022-03-29T07:55:25,615Z", "level": "WARN", "component": "o.e.t.ThreadPool", "cluster.name": "tpotcluster", "node.name": "tpotcluster-node-01", "message": "execution of [org.elasticsearch.cluster.InternalClusterInfoService$RefreshScheduler$$Lambda$5109/0x00000008017e5978@7ad0ca0a] took [13604ms] which is above the warn threshold of [5000ms]", "cluster.uuid": "Qbw2pof0QzSXC1OvK0aFSw", "node.id": "t9hfPgy_RyC9LOJUxQUrSQ"  }
{"type": "server", "timestamp": "2022-03-29T07:55:30,358Z", "level": "WARN", "component": "o.e.t.ThreadPool", "cluster.name": "tpotcluster", "node.name": "tpotcluster-node-01", "message": "timer thread slept for [12.2s/12209ms] on absolute clock which is above the warn threshold of [5000ms]", "cluster.uuid": "Qbw2pof0QzSXC1OvK0aFSw", "node.id": "t9hfPgy_RyC9LOJUxQUrSQ"  }
{"type": "server", "timestamp": "2022-03-29T07:55:34,380Z", "level": "WARN", "component": "o.e.t.ThreadPool", "cluster.name": "tpotcluster", "node.name": "tpotcluster-node-01", "message": "timer thread slept for [12.2s/12208729163ns] on relative clock which is above the warn threshold of [5000ms]", "cluster.uuid": "Qbw2pof0QzSXC1OvK0aFSw", "node.id": "t9hfPgy_RyC9LOJUxQUrSQ"  }
{"type": "server", "timestamp": "2022-03-29T07:55:39,203Z", "level": "WARN", "component": "o.e.t.ThreadPool", "cluster.name": "tpotcluster", "node.name": "tpotcluster-node-01", "message": "timer thread slept for [7.7s/7747ms] on absolute clock which is above the warn threshold of [5000ms]", "cluster.uuid": "Qbw2pof0QzSXC1OvK0aFSw", "node.id": "t9hfPgy_RyC9LOJUxQUrSQ"  }
{"type": "server", "timestamp": "2022-03-29T07:55:43,774Z", "level": "WARN", "component": "o.e.t.ThreadPool", "cluster.name": "tpotcluster", "node.name": "tpotcluster-node-01", "message": "timer thread slept for [7.7s/7746847389ns] on relative clock which is above the warn threshold of [5000ms]", "cluster.uuid": "Qbw2pof0QzSXC1OvK0aFSw", "node.id": "t9hfPgy_RyC9LOJUxQUrSQ"  }
{"type": "server", "timestamp": "2022-03-29T07:55:40,393Z", "level": "WARN", "component": "o.e.m.f.FsHealthService", "cluster.name": "tpotcluster", "node.name": "tpotcluster-node-01", "message": "health check of [/data/elk/data/nodes/0] took [7746ms] which is above the warn threshold of [5s]", "cluster.uuid": "Qbw2pof0QzSXC1OvK0aFSw", "node.id": "t9hfPgy_RyC9LOJUxQUrSQ"  }
{"type": "server", "timestamp": "2022-03-29T07:55:50,530Z", "level": "WARN", "component": "o.e.t.ThreadPool", "cluster.name": "tpotcluster", "node.name": "tpotcluster-node-01", "message": "timer thread slept for [12.3s/12325ms] on absolute clock which is above the warn threshold of [5000ms]", "cluster.uuid": "Qbw2pof0QzSXC1OvK0aFSw", "node.id": "t9hfPgy_RyC9LOJUxQUrSQ"  }
{"type": "server", "timestamp": "2022-03-29T07:55:54,085Z", "level": "WARN", "component": "o.e.t.ThreadPool", "cluster.name": "tpotcluster", "node.name": "tpotcluster-node-01", "message": "timer thread slept for [12.3s/12325257436ns] on relative clock which is above the warn threshold of [5000ms]", "cluster.uuid": "Qbw2pof0QzSXC1OvK0aFSw", "node.id": "t9hfPgy_RyC9LOJUxQUrSQ"  }
{"type": "server", "timestamp": "2022-03-29T07:55:57,321Z", "level": "WARN", "component": "o.e.t.ThreadPool", "cluster.name": "tpotcluster", "node.name": "tpotcluster-node-01", "message": "execution of [ReschedulingRunnable{runnable=org.elasticsearch.monitor.jvm.JvmGcMonitorService$1@16188247, interval=1s}] took [12325ms] which is above the warn threshold of [5000ms]", "cluster.uuid": "Qbw2pof0QzSXC1OvK0aFSw", "node.id": "t9hfPgy_RyC9LOJUxQUrSQ"  }
{"type": "server", "timestamp": "2022-03-29T07:55:58,665Z", "level": "WARN", "component": "o.e.t.ThreadPool", "cluster.name": "tpotcluster", "node.name": "tpotcluster-node-01", "message": "timer thread slept for [8.1s/8159ms] on absolute clock which is above the warn threshold of [5000ms]", "cluster.uuid": "Qbw2pof0QzSXC1OvK0aFSw", "node.id": "t9hfPgy_RyC9LOJUxQUrSQ"  }
{"type": "server", "timestamp": "2022-03-29T07:56:05,036Z", "level": "WARN", "component": "o.e.t.ThreadPool", "cluster.name": "tpotcluster", "node.name": "tpotcluster-node-01", "message": "timer thread slept for [8.1s/8159140907ns] on relative clock which is above the warn threshold of [5000ms]", "cluster.uuid": "Qbw2pof0QzSXC1OvK0aFSw", "node.id": "t9hfPgy_RyC9LOJUxQUrSQ"  }
{"type": "server", "timestamp": "2022-03-29T07:56:13,008Z", "level": "WARN", "component": "o.e.t.ThreadPool", "cluster.name": "tpotcluster", "node.name": "tpotcluster-node-01", "message": "timer thread slept for [14.3s/14372ms] on absolute clock which is above the warn threshold of [5000ms]", "cluster.uuid": "Qbw2pof0QzSXC1OvK0aFSw", "node.id": "t9hfPgy_RyC9LOJUxQUrSQ"  }
{"type": "server", "timestamp": "2022-03-29T07:56:20,621Z", "level": "WARN", "component": "o.e.t.ThreadPool", "cluster.name": "tpotcluster", "node.name": "tpotcluster-node-01", "message": "timer thread slept for [14.3s/14371681794ns] on relative clock which is above the warn threshold of [5000ms]", "cluster.uuid": "Qbw2pof0QzSXC1OvK0aFSw", "node.id": "t9hfPgy_RyC9LOJUxQUrSQ"  }
{"type": "server", "timestamp": "2022-03-29T07:56:32,144Z", "level": "WARN", "component": "o.e.t.ThreadPool", "cluster.name": "tpotcluster", "node.name": "tpotcluster-node-01", "message": "timer thread slept for [18.4s/18447ms] on absolute clock which is above the warn threshold of [5000ms]", "cluster.uuid": "Qbw2pof0QzSXC1OvK0aFSw", "node.id": "t9hfPgy_RyC9LOJUxQUrSQ"  }
{"type": "server", "timestamp": "2022-03-29T07:56:42,106Z", "level": "WARN", "component": "o.e.t.ThreadPool", "cluster.name": "tpotcluster", "node.name": "tpotcluster-node-01", "message": "timer thread slept for [18.4s/18447191323ns] on relative clock which is above the warn threshold of [5000ms]", "cluster.uuid": "Qbw2pof0QzSXC1OvK0aFSw", "node.id": "t9hfPgy_RyC9LOJUxQUrSQ"  }
{"type": "server", "timestamp": "2022-03-29T07:56:48,658Z", "level": "WARN", "component": "o.e.t.ThreadPool", "cluster.name": "tpotcluster", "node.name": "tpotcluster-node-01", "message": "execution of [ReschedulingRunnable{runnable=org.elasticsearch.monitor.jvm.JvmGcMonitorService$1@16188247, interval=1s}] took [18447ms] which is above the warn threshold of [5000ms]", "cluster.uuid": "Qbw2pof0QzSXC1OvK0aFSw", "node.id": "t9hfPgy_RyC9LOJUxQUrSQ"  }
{"type": "server", "timestamp": "2022-03-29T07:56:51,717Z", "level": "WARN", "component": "o.e.t.ThreadPool", "cluster.name": "tpotcluster", "node.name": "tpotcluster-node-01", "message": "timer thread slept for [20.1s/20121ms] on absolute clock which is above the warn threshold of [5000ms]", "cluster.uuid": "Qbw2pof0QzSXC1OvK0aFSw", "node.id": "t9hfPgy_RyC9LOJUxQUrSQ"  }
{"type": "server", "timestamp": "2022-03-29T07:57:00,372Z", "level": "WARN", "component": "o.e.t.ThreadPool", "cluster.name": "tpotcluster", "node.name": "tpotcluster-node-01", "message": "timer thread slept for [20.1s/20121145144ns] on relative clock which is above the warn threshold of [5000ms]", "cluster.uuid": "Qbw2pof0QzSXC1OvK0aFSw", "node.id": "t9hfPgy_RyC9LOJUxQUrSQ"  }
{"type": "server", "timestamp": "2022-03-29T07:57:07,693Z", "level": "WARN", "component": "o.e.t.ThreadPool", "cluster.name": "tpotcluster", "node.name": "tpotcluster-node-01", "message": "timer thread slept for [16.2s/16279ms] on absolute clock which is above the warn threshold of [5000ms]", "cluster.uuid": "Qbw2pof0QzSXC1OvK0aFSw", "node.id": "t9hfPgy_RyC9LOJUxQUrSQ"  }
{"type": "server", "timestamp": "2022-03-29T07:57:10,301Z", "level": "WARN", "component": "o.e.t.ThreadPool", "cluster.name": "tpotcluster", "node.name": "tpotcluster-node-01", "message": "execution of [ReschedulingRunnable{runnable=org.elasticsearch.indices.IndexingMemoryController$ShardsIndicesStatusChecker@2d987ae3, interval=5s}] took [16278ms] which is above the warn threshold of [5000ms]", "cluster.uuid": "Qbw2pof0QzSXC1OvK0aFSw", "node.id": "t9hfPgy_RyC9LOJUxQUrSQ"  }
{"type": "server", "timestamp": "2022-03-29T07:57:14,364Z", "level": "WARN", "component": "o.e.t.ThreadPool", "cluster.name": "tpotcluster", "node.name": "tpotcluster-node-01", "message": "timer thread slept for [16.2s/16278975176ns] on relative clock which is above the warn threshold of [5000ms]", "cluster.uuid": "Qbw2pof0QzSXC1OvK0aFSw", "node.id": "t9hfPgy_RyC9LOJUxQUrSQ"  }
{"type": "server", "timestamp": "2022-03-29T07:57:02,710Z", "level": "WARN", "component": "o.e.c.InternalClusterInfoService", "cluster.name": "tpotcluster", "node.name": "tpotcluster-node-01", "message": "failed to retrieve shard stats from node [t9hfPgy_RyC9LOJUxQUrSQ]: [tpotcluster-node-01][127.0.0.1:9300][indices:monitor/stats[n]] request_id [2493] timed out after [40440ms]", "cluster.uuid": "Qbw2pof0QzSXC1OvK0aFSw", "node.id": "t9hfPgy_RyC9LOJUxQUrSQ"  }
{"type": "server", "timestamp": "2022-03-29T07:57:22,562Z", "level": "WARN", "component": "o.e.t.ThreadPool", "cluster.name": "tpotcluster", "node.name": "tpotcluster-node-01", "message": "timer thread slept for [13.7s/13746ms] on absolute clock which is above the warn threshold of [5000ms]", "cluster.uuid": "Qbw2pof0QzSXC1OvK0aFSw", "node.id": "t9hfPgy_RyC9LOJUxQUrSQ"  }
{"type": "server", "timestamp": "2022-03-29T07:57:29,012Z", "level": "WARN", "component": "o.e.t.ThreadPool", "cluster.name": "tpotcluster", "node.name": "tpotcluster-node-01", "message": "timer thread slept for [13.7s/13745966369ns] on relative clock which is above the warn threshold of [5000ms]", "cluster.uuid": "Qbw2pof0QzSXC1OvK0aFSw", "node.id": "t9hfPgy_RyC9LOJUxQUrSQ"  }
{"type": "server", "timestamp": "2022-03-29T07:57:37,448Z", "level": "WARN", "component": "o.e.t.ThreadPool", "cluster.name": "tpotcluster", "node.name": "tpotcluster-node-01", "message": "timer thread slept for [15.7s/15787ms] on absolute clock which is above the warn threshold of [5000ms]", "cluster.uuid": "Qbw2pof0QzSXC1OvK0aFSw", "node.id": "t9hfPgy_RyC9LOJUxQUrSQ"  }
{"type": "server", "timestamp": "2022-03-29T07:57:46,439Z", "level": "WARN", "component": "o.e.t.ThreadPool", "cluster.name": "tpotcluster", "node.name": "tpotcluster-node-01", "message": "timer thread slept for [15.7s/15787310759ns] on relative clock which is above the warn threshold of [5000ms]", "cluster.uuid": "Qbw2pof0QzSXC1OvK0aFSw", "node.id": "t9hfPgy_RyC9LOJUxQUrSQ"  }
{"type": "server", "timestamp": "2022-03-29T07:57:55,988Z", "level": "WARN", "component": "o.e.t.ThreadPool", "cluster.name": "tpotcluster", "node.name": "tpotcluster-node-01", "message": "timer thread slept for [17.8s/17856ms] on absolute clock which is above the warn threshold of [5000ms]", "cluster.uuid": "Qbw2pof0QzSXC1OvK0aFSw", "node.id": "t9hfPgy_RyC9LOJUxQUrSQ"  }
{"type": "server", "timestamp": "2022-03-29T07:58:06,735Z", "level": "WARN", "component": "o.e.t.ThreadPool", "cluster.name": "tpotcluster", "node.name": "tpotcluster-node-01", "message": "timer thread slept for [17.8s/17855445456ns] on relative clock which is above the warn threshold of [5000ms]", "cluster.uuid": "Qbw2pof0QzSXC1OvK0aFSw", "node.id": "t9hfPgy_RyC9LOJUxQUrSQ"  }
{"type": "server", "timestamp": "2022-03-29T07:58:10,729Z", "level": "WARN", "component": "o.e.t.ThreadPool", "cluster.name": "tpotcluster", "node.name": "tpotcluster-node-01", "message": "execution of [ReschedulingRunnable{runnable=org.elasticsearch.monitor.jvm.JvmGcMonitorService$1@16188247, interval=1s}] took [33642ms] which is above the warn threshold of [5000ms]", "cluster.uuid": "Qbw2pof0QzSXC1OvK0aFSw", "node.id": "t9hfPgy_RyC9LOJUxQUrSQ"  }
{"type": "server", "timestamp": "2022-03-29T07:58:18,832Z", "level": "WARN", "component": "o.e.t.ThreadPool", "cluster.name": "tpotcluster", "node.name": "tpotcluster-node-01", "message": "timer thread slept for [23.5s/23568ms] on absolute clock which is above the warn threshold of [5000ms]", "cluster.uuid": "Qbw2pof0QzSXC1OvK0aFSw", "node.id": "t9hfPgy_RyC9LOJUxQUrSQ"  }
{"type": "server", "timestamp": "2022-03-29T07:59:27,706Z", "level": "WARN", "component": "o.e.t.ThreadPool", "cluster.name": "tpotcluster", "node.name": "tpotcluster-node-01", "message": "timer thread slept for [23.5s/23568470925ns] on relative clock which is above the warn threshold of [5000ms]", "cluster.uuid": "Qbw2pof0QzSXC1OvK0aFSw", "node.id": "t9hfPgy_RyC9LOJUxQUrSQ"  }
{"type": "server", "timestamp": "2022-03-29T08:01:10,946Z", "level": "WARN", "component": "o.e.t.ThreadPool", "cluster.name": "tpotcluster", "node.name": "tpotcluster-node-01", "message": "timer thread slept for [2.8m/170420ms] on absolute clock which is above the warn threshold of [5000ms]", "cluster.uuid": "Qbw2pof0QzSXC1OvK0aFSw", "node.id": "t9hfPgy_RyC9LOJUxQUrSQ"  }
{"type": "server", "timestamp": "2022-03-29T08:03:46,892Z", "level": "WARN", "component": "o.e.t.ThreadPool", "cluster.name": "tpotcluster", "node.name": "tpotcluster-node-01", "message": "timer thread slept for [2.8m/170076598377ns] on relative clock which is above the warn threshold of [5000ms]", "cluster.uuid": "Qbw2pof0QzSXC1OvK0aFSw", "node.id": "t9hfPgy_RyC9LOJUxQUrSQ"  }
{"type": "server", "timestamp": "2022-03-29T08:06:32,144Z", "level": "WARN", "component": "o.e.t.ThreadPool", "cluster.name": "tpotcluster", "node.name": "tpotcluster-node-01", "message": "timer thread slept for [5.3m/321192ms] on absolute clock which is above the warn threshold of [5000ms]", "cluster.uuid": "Qbw2pof0QzSXC1OvK0aFSw", "node.id": "t9hfPgy_RyC9LOJUxQUrSQ"  }
{"type": "server", "timestamp": "2022-03-29T08:09:12,659Z", "level": "WARN", "component": "o.e.t.ThreadPool", "cluster.name": "tpotcluster", "node.name": "tpotcluster-node-01", "message": "timer thread slept for [5.3m/321529498715ns] on relative clock which is above the warn threshold of [5000ms]", "cluster.uuid": "Qbw2pof0QzSXC1OvK0aFSw", "node.id": "t9hfPgy_RyC9LOJUxQUrSQ"  }
{"type": "server", "timestamp": "2022-03-29T08:12:59,892Z", "level": "WARN", "component": "o.e.t.ThreadPool", "cluster.name": "tpotcluster", "node.name": "tpotcluster-node-01", "message": "timer thread slept for [6.4m/386404ms] on absolute clock which is above the warn threshold of [5000ms]", "cluster.uuid": "Qbw2pof0QzSXC1OvK0aFSw", "node.id": "t9hfPgy_RyC9LOJUxQUrSQ"  }
{"type": "server", "timestamp": "2022-03-29T08:16:28,486Z", "level": "WARN", "component": "o.e.t.ThreadPool", "cluster.name": "tpotcluster", "node.name": "tpotcluster-node-01", "message": "timer thread slept for [6.4m/386036560177ns] on relative clock which is above the warn threshold of [5000ms]", "cluster.uuid": "Qbw2pof0QzSXC1OvK0aFSw", "node.id": "t9hfPgy_RyC9LOJUxQUrSQ"  }
{"type": "server", "timestamp": "2022-03-29T08:20:06,825Z", "level": "WARN", "component": "o.e.t.ThreadPool", "cluster.name": "tpotcluster", "node.name": "tpotcluster-node-01", "message": "timer thread slept for [7m/422054ms] on absolute clock which is above the warn threshold of [5000ms]", "cluster.uuid": "Qbw2pof0QzSXC1OvK0aFSw", "node.id": "t9hfPgy_RyC9LOJUxQUrSQ"  }
{"type": "server", "timestamp": "2022-03-29T08:23:06,824Z", "level": "WARN", "component": "o.e.t.ThreadPool", "cluster.name": "tpotcluster", "node.name": "tpotcluster-node-01", "message": "timer thread slept for [7m/422426985185ns] on relative clock which is above the warn threshold of [5000ms]", "cluster.uuid": "Qbw2pof0QzSXC1OvK0aFSw", "node.id": "t9hfPgy_RyC9LOJUxQUrSQ"  }
{"type": "server", "timestamp": "2022-03-29T08:26:53,158Z", "level": "WARN", "component": "o.e.t.ThreadPool", "cluster.name": "tpotcluster", "node.name": "tpotcluster-node-01", "message": "timer thread slept for [6.8m/412337ms] on absolute clock which is above the warn threshold of [5000ms]", "cluster.uuid": "Qbw2pof0QzSXC1OvK0aFSw", "node.id": "t9hfPgy_RyC9LOJUxQUrSQ"  }
{"type": "server", "timestamp": "2022-03-29T08:30:33,573Z", "level": "WARN", "component": "o.e.t.ThreadPool", "cluster.name": "tpotcluster", "node.name": "tpotcluster-node-01", "message": "timer thread slept for [6.8m/411911925578ns] on relative clock which is above the warn threshold of [5000ms]", "cluster.uuid": "Qbw2pof0QzSXC1OvK0aFSw", "node.id": "t9hfPgy_RyC9LOJUxQUrSQ"  }
{"type": "server", "timestamp": "2022-03-29T08:30:10,458Z", "level": "WARN", "component": "o.e.c.s.MasterService", "cluster.name": "tpotcluster", "node.name": "tpotcluster-node-01", "message": "took [21.5s/21570ms] to compute cluster state update for [ilm-set-step-info {policy [kibana-event-log-policy], index [.kibana-event-log-7.16.2-000001], currentStep [{\"phase\":\"hot\",\"action\":\"rollover\",\"name\":\"check-rollover-ready\"}]}[org.elasticsearch.xpack.ilm.SetStepInfoUpdateTask@2bd125f7]], which exceeds the warn threshold of [10s]", "cluster.uuid": "Qbw2pof0QzSXC1OvK0aFSw", "node.id": "t9hfPgy_RyC9LOJUxQUrSQ"  }
{"type": "server", "timestamp": "2022-03-29T08:33:41,350Z", "level": "WARN", "component": "o.e.t.ThreadPool", "cluster.name": "tpotcluster", "node.name": "tpotcluster-node-01", "message": "timer thread slept for [6.5m/394940ms] on absolute clock which is above the warn threshold of [5000ms]", "cluster.uuid": "Qbw2pof0QzSXC1OvK0aFSw", "node.id": "t9hfPgy_RyC9LOJUxQUrSQ"  }
{"type": "server", "timestamp": "2022-03-29T08:32:22,854Z", "level": "WARN", "component": "o.e.m.f.FsHealthService", "cluster.name": "tpotcluster", "node.name": "tpotcluster-node-01", "message": "health check of [/data/elk/data/nodes/0] took [411912ms] which is above the warn threshold of [5s]", "cluster.uuid": "Qbw2pof0QzSXC1OvK0aFSw", "node.id": "t9hfPgy_RyC9LOJUxQUrSQ"  }
{"type": "server", "timestamp": "2022-03-29T08:37:31,532Z", "level": "WARN", "component": "o.e.t.ThreadPool", "cluster.name": "tpotcluster", "node.name": "tpotcluster-node-01", "message": "timer thread slept for [6.5m/395053021612ns] on relative clock which is above the warn threshold of [5000ms]", "cluster.uuid": "Qbw2pof0QzSXC1OvK0aFSw", "node.id": "t9hfPgy_RyC9LOJUxQUrSQ"  }
{"type": "server", "timestamp": "2022-03-29T08:37:03,735Z", "level": "WARN", "component": "o.e.c.s.MasterService", "cluster.name": "tpotcluster", "node.name": "tpotcluster-node-01", "message": "took [10.5s/10530ms] to notify listeners on unchanged cluster state for [ilm-set-step-info {policy [kibana-event-log-policy], index [.kibana-event-log-7.16.2-000001], currentStep [{\"phase\":\"hot\",\"action\":\"rollover\",\"name\":\"check-rollover-ready\"}]}[org.elasticsearch.xpack.ilm.SetStepInfoUpdateTask@2bd125f7]], which exceeds the warn threshold of [10s]", "cluster.uuid": "Qbw2pof0QzSXC1OvK0aFSw", "node.id": "t9hfPgy_RyC9LOJUxQUrSQ"  }
{"type": "server", "timestamp": "2022-03-29T08:40:58,933Z", "level": "WARN", "component": "o.e.t.ThreadPool", "cluster.name": "tpotcluster", "node.name": "tpotcluster-node-01", "message": "timer thread slept for [7.5m/450979ms] on absolute clock which is above the warn threshold of [5000ms]", "cluster.uuid": "Qbw2pof0QzSXC1OvK0aFSw", "node.id": "t9hfPgy_RyC9LOJUxQUrSQ"  }
{"type": "server", "timestamp": "2022-03-29T08:42:46,017Z", "level": "WARN", "component": "o.e.c.s.MasterService", "cluster.name": "tpotcluster", "node.name": "tpotcluster-node-01", "message": "took [1.1m/66576ms] to compute cluster state update for [ilm-set-step-info {policy [.deprecation-indexing-ilm-policy], index [.ds-.logs-deprecation.elasticsearch-default-2022.03.26-000002], currentStep [{\"phase\":\"hot\",\"action\":\"rollover\",\"name\":\"check-rollover-ready\"}]}[org.elasticsearch.xpack.ilm.SetStepInfoUpdateTask@43cd1a8], ilm-set-step-info {policy [kibana-event-log-policy], index [.kibana-event-log-7.17.0-000001], currentStep [{\"phase\":\"hot\",\"action\":\"rollover\",\"name\":\"check-rollover-ready\"}]}[org.elasticsearch.xpack.ilm.SetStepInfoUpdateTask@648c3950]], which exceeds the warn threshold of [10s]", "cluster.uuid": "Qbw2pof0QzSXC1OvK0aFSw", "node.id": "t9hfPgy_RyC9LOJUxQUrSQ"  }
{"type": "server", "timestamp": "2022-03-29T08:44:28,721Z", "level": "WARN", "component": "o.e.t.ThreadPool", "cluster.name": "tpotcluster", "node.name": "tpotcluster-node-01", "message": "timer thread slept for [7.5m/450974927741ns] on relative clock which is above the warn threshold of [5000ms]", "cluster.uuid": "Qbw2pof0QzSXC1OvK0aFSw", "node.id": "t9hfPgy_RyC9LOJUxQUrSQ"  }
{"type": "server", "timestamp": "2022-03-29T08:47:53,564Z", "level": "WARN", "component": "o.e.t.ThreadPool", "cluster.name": "tpotcluster", "node.name": "tpotcluster-node-01", "message": "timer thread slept for [6.9m/414313ms] on absolute clock which is above the warn threshold of [5000ms]", "cluster.uuid": "Qbw2pof0QzSXC1OvK0aFSw", "node.id": "t9hfPgy_RyC9LOJUxQUrSQ"  }
{"type": "server", "timestamp": "2022-03-29T08:46:09,397Z", "level": "WARN", "component": "o.e.c.s.MasterService", "cluster.name": "tpotcluster", "node.name": "tpotcluster-node-01", "message": "took [17.3s/17332ms] to notify listeners on unchanged cluster state for [ilm-set-step-info {policy [.deprecation-indexing-ilm-policy], index [.ds-.logs-deprecation.elasticsearch-default-2022.03.26-000002], currentStep [{\"phase\":\"hot\",\"action\":\"rollover\",\"name\":\"check-rollover-ready\"}]}[org.elasticsearch.xpack.ilm.SetStepInfoUpdateTask@43cd1a8], ilm-set-step-info {policy [kibana-event-log-policy], index [.kibana-event-log-7.17.0-000001], currentStep [{\"phase\":\"hot\",\"action\":\"rollover\",\"name\":\"check-rollover-ready\"}]}[org.elasticsearch.xpack.ilm.SetStepInfoUpdateTask@648c3950]], which exceeds the warn threshold of [10s]", "cluster.uuid": "Qbw2pof0QzSXC1OvK0aFSw", "node.id": "t9hfPgy_RyC9LOJUxQUrSQ"  }
{"type": "server", "timestamp": "2022-03-29T08:52:20,237Z", "level": "WARN", "component": "o.e.t.ThreadPool", "cluster.name": "tpotcluster", "node.name": "tpotcluster-node-01", "message": "timer thread slept for [6.9m/414329269587ns] on relative clock which is above the warn threshold of [5000ms]", "cluster.uuid": "Qbw2pof0QzSXC1OvK0aFSw", "node.id": "t9hfPgy_RyC9LOJUxQUrSQ"  }
{"type": "server", "timestamp": "2022-03-29T08:53:26,602Z", "level": "WARN", "component": "o.e.t.ThreadPool", "cluster.name": "tpotcluster", "node.name": "tpotcluster-node-01", "message": "execution of [ReschedulingRunnable{runnable=org.elasticsearch.monitor.jvm.JvmGcMonitorService$1@16188247, interval=1s}] took [414329ms] which is above the warn threshold of [5000ms]", "cluster.uuid": "Qbw2pof0QzSXC1OvK0aFSw", "node.id": "t9hfPgy_RyC9LOJUxQUrSQ"  }
{"type": "server", "timestamp": "2022-03-29T08:53:12,056Z", "level": "WARN", "component": "o.e.h.AbstractHttpServerTransport", "cluster.name": "tpotcluster", "node.name": "tpotcluster-node-01", "message": "handling request [null][POST][/.kibana_task_manager/_update_by_query?ignore_unavailable=true&refresh=true&conflicts=proceed][Netty4HttpChannel{localAddress=/192.168.48.2:9200, remoteAddress=/192.168.48.4:38530}] took [865304ms] which is above the warn threshold of [5000ms]", "cluster.uuid": "Qbw2pof0QzSXC1OvK0aFSw", "node.id": "t9hfPgy_RyC9LOJUxQUrSQ"  }
{"type": "server", "timestamp": "2022-03-29T08:55:22,575Z", "level": "WARN", "component": "o.e.t.ThreadPool", "cluster.name": "tpotcluster", "node.name": "tpotcluster-node-01", "message": "timer thread slept for [7.4m/449562ms] on absolute clock which is above the warn threshold of [5000ms]", "cluster.uuid": "Qbw2pof0QzSXC1OvK0aFSw", "node.id": "t9hfPgy_RyC9LOJUxQUrSQ"  }
{"type": "server", "timestamp": "2022-03-29T08:55:06,056Z", "level": "WARN", "component": "o.e.t.TransportService", "cluster.name": "tpotcluster", "node.name": "tpotcluster-node-01", "message": "Received response for a request that has timed out, sent [52.5m/3152955ms] ago, timed out [51.8m/3112515ms] ago, action [indices:monitor/stats[n]], node [{tpotcluster-node-01}{t9hfPgy_RyC9LOJUxQUrSQ}{wiyuKYKUQWOg2mMJwrEYeQ}{127.0.0.1}{127.0.0.1:9300}{cdfhimrstw}{xpack.installed=true, transform.node=true}], id [2493]", "cluster.uuid": "Qbw2pof0QzSXC1OvK0aFSw", "node.id": "t9hfPgy_RyC9LOJUxQUrSQ"  }
{"type": "server", "timestamp": "2022-03-29T08:58:27,788Z", "level": "WARN", "component": "o.e.t.ThreadPool", "cluster.name": "tpotcluster", "node.name": "tpotcluster-node-01", "message": "timer thread slept for [7.4m/449701722167ns] on relative clock which is above the warn threshold of [5000ms]", "cluster.uuid": "Qbw2pof0QzSXC1OvK0aFSw", "node.id": "t9hfPgy_RyC9LOJUxQUrSQ"  }
{"type": "server", "timestamp": "2022-03-29T09:01:36,123Z", "level": "WARN", "component": "o.e.t.ThreadPool", "cluster.name": "tpotcluster", "node.name": "tpotcluster-node-01", "message": "timer thread slept for [6.2m/372684ms] on absolute clock which is above the warn threshold of [5000ms]", "cluster.uuid": "Qbw2pof0QzSXC1OvK0aFSw", "node.id": "t9hfPgy_RyC9LOJUxQUrSQ"  }
{"type": "server", "timestamp": "2022-03-29T09:02:35,560Z", "level": "WARN", "component": "o.e.t.ThreadPool", "cluster.name": "tpotcluster", "node.name": "tpotcluster-node-01", "message": "execution of [org.elasticsearch.cluster.InternalClusterInfoService$RefreshScheduler$$Lambda$5109/0x00000008017e5978@436b2eef] took [372685ms] which is above the warn threshold of [5000ms]", "cluster.uuid": "Qbw2pof0QzSXC1OvK0aFSw", "node.id": "t9hfPgy_RyC9LOJUxQUrSQ"  }
{"type": "server", "timestamp": "2022-03-29T09:04:55,126Z", "level": "WARN", "component": "o.e.t.ThreadPool", "cluster.name": "tpotcluster", "node.name": "tpotcluster-node-01", "message": "timer thread slept for [6.2m/372685985099ns] on relative clock which is above the warn threshold of [5000ms]", "cluster.uuid": "Qbw2pof0QzSXC1OvK0aFSw", "node.id": "t9hfPgy_RyC9LOJUxQUrSQ"  }
{"type": "server", "timestamp": "2022-03-29T09:16:59,872Z", "level": "INFO", "component": "o.e.n.Node", "cluster.name": "tpotcluster", "node.name": "tpotcluster-node-01", "message": "version[7.17.0], pid[1], build[default/tar/bee86328705acaa9a6daede7140defd4d9ec56bd/2022-01-28T08:36:04.875279988Z], OS[Linux/4.19.0-20-cloud-amd64/amd64], JVM[Alpine/OpenJDK 64-Bit Server VM/16.0.2/16.0.2+7-alpine-r1]" }
{"type": "server", "timestamp": "2022-03-29T09:16:59,889Z", "level": "INFO", "component": "o.e.n.Node", "cluster.name": "tpotcluster", "node.name": "tpotcluster-node-01", "message": "JVM home [/usr/lib/jvm/java-16-openjdk], using bundled JDK [false]" }
{"type": "server", "timestamp": "2022-03-29T09:16:59,891Z", "level": "INFO", "component": "o.e.n.Node", "cluster.name": "tpotcluster", "node.name": "tpotcluster-node-01", "message": "JVM arguments [-Xshare:auto, -Des.networkaddress.cache.ttl=60, -Des.networkaddress.cache.negative.ttl=10, -XX:+AlwaysPreTouch, -Xss1m, -Djava.awt.headless=true, -Dfile.encoding=UTF-8, -Djna.nosys=true, -XX:-OmitStackTraceInFastThrow, -XX:+ShowCodeDetailsInExceptionMessages, -Dio.netty.noUnsafe=true, -Dio.netty.noKeySetOptimization=true, -Dio.netty.recycler.maxCapacityPerThread=0, -Dio.netty.allocator.numDirectArenas=0, -Dlog4j.shutdownHookEnabled=false, -Dlog4j2.disable.jmx=true, -Dlog4j2.formatMsgNoLookups=true, -Djava.locale.providers=SPI,COMPAT, --add-opens=java.base/java.io=ALL-UNNAMED, -XX:+UseG1GC, -Djava.io.tmpdir=/tmp, -XX:+HeapDumpOnOutOfMemoryError, -XX:+ExitOnOutOfMemoryError, -XX:HeapDumpPath=data, -XX:ErrorFile=logs/hs_err_pid%p.log, -Xlog:gc*,gc+age=trace,safepoint:file=logs/gc.log:utctime,pid,tags:filecount=32,filesize=64m, -Xms2048m, -Xmx2048m, -XX:MaxDirectMemorySize=1073741824, -XX:G1HeapRegionSize=4m, -XX:InitiatingHeapOccupancyPercent=30, -XX:G1ReservePercent=15, -Des.path.home=/usr/share/elasticsearch, -Des.path.conf=/usr/share/elasticsearch/config, -Des.distribution.flavor=default, -Des.distribution.type=tar, -Des.bundled_jdk=true]" }
{"type": "server", "timestamp": "2022-03-29T09:17:05,789Z", "level": "INFO", "component": "o.e.p.PluginsService", "cluster.name": "tpotcluster", "node.name": "tpotcluster-node-01", "message": "loaded module [aggs-matrix-stats]" }
{"type": "server", "timestamp": "2022-03-29T09:17:05,792Z", "level": "INFO", "component": "o.e.p.PluginsService", "cluster.name": "tpotcluster", "node.name": "tpotcluster-node-01", "message": "loaded module [analysis-common]" }
{"type": "server", "timestamp": "2022-03-29T09:17:05,793Z", "level": "INFO", "component": "o.e.p.PluginsService", "cluster.name": "tpotcluster", "node.name": "tpotcluster-node-01", "message": "loaded module [constant-keyword]" }
{"type": "server", "timestamp": "2022-03-29T09:17:05,794Z", "level": "INFO", "component": "o.e.p.PluginsService", "cluster.name": "tpotcluster", "node.name": "tpotcluster-node-01", "message": "loaded module [frozen-indices]" }
{"type": "server", "timestamp": "2022-03-29T09:17:05,794Z", "level": "INFO", "component": "o.e.p.PluginsService", "cluster.name": "tpotcluster", "node.name": "tpotcluster-node-01", "message": "loaded module [ingest-common]" }
{"type": "server", "timestamp": "2022-03-29T09:17:05,795Z", "level": "INFO", "component": "o.e.p.PluginsService", "cluster.name": "tpotcluster", "node.name": "tpotcluster-node-01", "message": "loaded module [ingest-geoip]" }
{"type": "server", "timestamp": "2022-03-29T09:17:05,796Z", "level": "INFO", "component": "o.e.p.PluginsService", "cluster.name": "tpotcluster", "node.name": "tpotcluster-node-01", "message": "loaded module [ingest-user-agent]" }
{"type": "server", "timestamp": "2022-03-29T09:17:05,796Z", "level": "INFO", "component": "o.e.p.PluginsService", "cluster.name": "tpotcluster", "node.name": "tpotcluster-node-01", "message": "loaded module [kibana]" }
{"type": "server", "timestamp": "2022-03-29T09:17:05,797Z", "level": "INFO", "component": "o.e.p.PluginsService", "cluster.name": "tpotcluster", "node.name": "tpotcluster-node-01", "message": "loaded module [lang-expression]" }
{"type": "server", "timestamp": "2022-03-29T09:17:05,798Z", "level": "INFO", "component": "o.e.p.PluginsService", "cluster.name": "tpotcluster", "node.name": "tpotcluster-node-01", "message": "loaded module [lang-mustache]" }
{"type": "server", "timestamp": "2022-03-29T09:17:05,799Z", "level": "INFO", "component": "o.e.p.PluginsService", "cluster.name": "tpotcluster", "node.name": "tpotcluster-node-01", "message": "loaded module [lang-painless]" }
{"type": "server", "timestamp": "2022-03-29T09:17:05,799Z", "level": "INFO", "component": "o.e.p.PluginsService", "cluster.name": "tpotcluster", "node.name": "tpotcluster-node-01", "message": "loaded module [legacy-geo]" }
{"type": "server", "timestamp": "2022-03-29T09:17:05,800Z", "level": "INFO", "component": "o.e.p.PluginsService", "cluster.name": "tpotcluster", "node.name": "tpotcluster-node-01", "message": "loaded module [mapper-extras]" }
{"type": "server", "timestamp": "2022-03-29T09:17:05,801Z", "level": "INFO", "component": "o.e.p.PluginsService", "cluster.name": "tpotcluster", "node.name": "tpotcluster-node-01", "message": "loaded module [mapper-version]" }
{"type": "server", "timestamp": "2022-03-29T09:17:05,802Z", "level": "INFO", "component": "o.e.p.PluginsService", "cluster.name": "tpotcluster", "node.name": "tpotcluster-node-01", "message": "loaded module [parent-join]" }
{"type": "server", "timestamp": "2022-03-29T09:17:05,802Z", "level": "INFO", "component": "o.e.p.PluginsService", "cluster.name": "tpotcluster", "node.name": "tpotcluster-node-01", "message": "loaded module [percolator]" }
{"type": "server", "timestamp": "2022-03-29T09:17:05,803Z", "level": "INFO", "component": "o.e.p.PluginsService", "cluster.name": "tpotcluster", "node.name": "tpotcluster-node-01", "message": "loaded module [rank-eval]" }
{"type": "server", "timestamp": "2022-03-29T09:17:05,804Z", "level": "INFO", "component": "o.e.p.PluginsService", "cluster.name": "tpotcluster", "node.name": "tpotcluster-node-01", "message": "loaded module [reindex]" }
{"type": "server", "timestamp": "2022-03-29T09:17:05,804Z", "level": "INFO", "component": "o.e.p.PluginsService", "cluster.name": "tpotcluster", "node.name": "tpotcluster-node-01", "message": "loaded module [repositories-metering-api]" }
{"type": "server", "timestamp": "2022-03-29T09:17:05,805Z", "level": "INFO", "component": "o.e.p.PluginsService", "cluster.name": "tpotcluster", "node.name": "tpotcluster-node-01", "message": "loaded module [repository-encrypted]" }
{"type": "server", "timestamp": "2022-03-29T09:17:05,806Z", "level": "INFO", "component": "o.e.p.PluginsService", "cluster.name": "tpotcluster", "node.name": "tpotcluster-node-01", "message": "loaded module [repository-url]" }
{"type": "server", "timestamp": "2022-03-29T09:17:05,806Z", "level": "INFO", "component": "o.e.p.PluginsService", "cluster.name": "tpotcluster", "node.name": "tpotcluster-node-01", "message": "loaded module [runtime-fields-common]" }
{"type": "server", "timestamp": "2022-03-29T09:17:05,807Z", "level": "INFO", "component": "o.e.p.PluginsService", "cluster.name": "tpotcluster", "node.name": "tpotcluster-node-01", "message": "loaded module [search-business-rules]" }
{"type": "server", "timestamp": "2022-03-29T09:17:05,808Z", "level": "INFO", "component": "o.e.p.PluginsService", "cluster.name": "tpotcluster", "node.name": "tpotcluster-node-01", "message": "loaded module [searchable-snapshots]" }
{"type": "server", "timestamp": "2022-03-29T09:17:05,809Z", "level": "INFO", "component": "o.e.p.PluginsService", "cluster.name": "tpotcluster", "node.name": "tpotcluster-node-01", "message": "loaded module [snapshot-repo-test-kit]" }
{"type": "server", "timestamp": "2022-03-29T09:17:05,809Z", "level": "INFO", "component": "o.e.p.PluginsService", "cluster.name": "tpotcluster", "node.name": "tpotcluster-node-01", "message": "loaded module [spatial]" }
{"type": "server", "timestamp": "2022-03-29T09:17:05,810Z", "level": "INFO", "component": "o.e.p.PluginsService", "cluster.name": "tpotcluster", "node.name": "tpotcluster-node-01", "message": "loaded module [transform]" }
{"type": "server", "timestamp": "2022-03-29T09:17:05,811Z", "level": "INFO", "component": "o.e.p.PluginsService", "cluster.name": "tpotcluster", "node.name": "tpotcluster-node-01", "message": "loaded module [transport-netty4]" }
{"type": "server", "timestamp": "2022-03-29T09:17:05,812Z", "level": "INFO", "component": "o.e.p.PluginsService", "cluster.name": "tpotcluster", "node.name": "tpotcluster-node-01", "message": "loaded module [unsigned-long]" }
{"type": "server", "timestamp": "2022-03-29T09:17:05,813Z", "level": "INFO", "component": "o.e.p.PluginsService", "cluster.name": "tpotcluster", "node.name": "tpotcluster-node-01", "message": "loaded module [vector-tile]" }
{"type": "server", "timestamp": "2022-03-29T09:17:05,813Z", "level": "INFO", "component": "o.e.p.PluginsService", "cluster.name": "tpotcluster", "node.name": "tpotcluster-node-01", "message": "loaded module [vectors]" }
{"type": "server", "timestamp": "2022-03-29T09:17:05,814Z", "level": "INFO", "component": "o.e.p.PluginsService", "cluster.name": "tpotcluster", "node.name": "tpotcluster-node-01", "message": "loaded module [wildcard]" }
{"type": "server", "timestamp": "2022-03-29T09:17:05,815Z", "level": "INFO", "component": "o.e.p.PluginsService", "cluster.name": "tpotcluster", "node.name": "tpotcluster-node-01", "message": "loaded module [x-pack-aggregate-metric]" }
{"type": "server", "timestamp": "2022-03-29T09:17:05,815Z", "level": "INFO", "component": "o.e.p.PluginsService", "cluster.name": "tpotcluster", "node.name": "tpotcluster-node-01", "message": "loaded module [x-pack-analytics]" }
{"type": "server", "timestamp": "2022-03-29T09:17:05,816Z", "level": "INFO", "component": "o.e.p.PluginsService", "cluster.name": "tpotcluster", "node.name": "tpotcluster-node-01", "message": "loaded module [x-pack-async]" }
{"type": "server", "timestamp": "2022-03-29T09:17:05,817Z", "level": "INFO", "component": "o.e.p.PluginsService", "cluster.name": "tpotcluster", "node.name": "tpotcluster-node-01", "message": "loaded module [x-pack-async-search]" }
{"type": "server", "timestamp": "2022-03-29T09:17:05,817Z", "level": "INFO", "component": "o.e.p.PluginsService", "cluster.name": "tpotcluster", "node.name": "tpotcluster-node-01", "message": "loaded module [x-pack-autoscaling]" }
{"type": "server", "timestamp": "2022-03-29T09:17:05,818Z", "level": "INFO", "component": "o.e.p.PluginsService", "cluster.name": "tpotcluster", "node.name": "tpotcluster-node-01", "message": "loaded module [x-pack-ccr]" }
{"type": "server", "timestamp": "2022-03-29T09:17:05,819Z", "level": "INFO", "component": "o.e.p.PluginsService", "cluster.name": "tpotcluster", "node.name": "tpotcluster-node-01", "message": "loaded module [x-pack-core]" }
{"type": "server", "timestamp": "2022-03-29T09:17:05,819Z", "level": "INFO", "component": "o.e.p.PluginsService", "cluster.name": "tpotcluster", "node.name": "tpotcluster-node-01", "message": "loaded module [x-pack-data-streams]" }
{"type": "server", "timestamp": "2022-03-29T09:17:05,820Z", "level": "INFO", "component": "o.e.p.PluginsService", "cluster.name": "tpotcluster", "node.name": "tpotcluster-node-01", "message": "loaded module [x-pack-deprecation]" }
{"type": "server", "timestamp": "2022-03-29T09:17:05,821Z", "level": "INFO", "component": "o.e.p.PluginsService", "cluster.name": "tpotcluster", "node.name": "tpotcluster-node-01", "message": "loaded module [x-pack-enrich]" }
{"type": "server", "timestamp": "2022-03-29T09:17:05,821Z", "level": "INFO", "component": "o.e.p.PluginsService", "cluster.name": "tpotcluster", "node.name": "tpotcluster-node-01", "message": "loaded module [x-pack-eql]" }
{"type": "server", "timestamp": "2022-03-29T09:17:05,822Z", "level": "INFO", "component": "o.e.p.PluginsService", "cluster.name": "tpotcluster", "node.name": "tpotcluster-node-01", "message": "loaded module [x-pack-fleet]" }
{"type": "server", "timestamp": "2022-03-29T09:17:05,823Z", "level": "INFO", "component": "o.e.p.PluginsService", "cluster.name": "tpotcluster", "node.name": "tpotcluster-node-01", "message": "loaded module [x-pack-graph]" }
{"type": "server", "timestamp": "2022-03-29T09:17:05,823Z", "level": "INFO", "component": "o.e.p.PluginsService", "cluster.name": "tpotcluster", "node.name": "tpotcluster-node-01", "message": "loaded module [x-pack-identity-provider]" }
{"type": "server", "timestamp": "2022-03-29T09:17:05,824Z", "level": "INFO", "component": "o.e.p.PluginsService", "cluster.name": "tpotcluster", "node.name": "tpotcluster-node-01", "message": "loaded module [x-pack-ilm]" }
{"type": "server", "timestamp": "2022-03-29T09:17:05,825Z", "level": "INFO", "component": "o.e.p.PluginsService", "cluster.name": "tpotcluster", "node.name": "tpotcluster-node-01", "message": "loaded module [x-pack-logstash]" }
{"type": "server", "timestamp": "2022-03-29T09:17:05,826Z", "level": "INFO", "component": "o.e.p.PluginsService", "cluster.name": "tpotcluster", "node.name": "tpotcluster-node-01", "message": "loaded module [x-pack-monitoring]" }
{"type": "server", "timestamp": "2022-03-29T09:17:05,826Z", "level": "INFO", "component": "o.e.p.PluginsService", "cluster.name": "tpotcluster", "node.name": "tpotcluster-node-01", "message": "loaded module [x-pack-ql]" }
{"type": "server", "timestamp": "2022-03-29T09:17:05,827Z", "level": "INFO", "component": "o.e.p.PluginsService", "cluster.name": "tpotcluster", "node.name": "tpotcluster-node-01", "message": "loaded module [x-pack-rollup]" }
{"type": "server", "timestamp": "2022-03-29T09:17:05,828Z", "level": "INFO", "component": "o.e.p.PluginsService", "cluster.name": "tpotcluster", "node.name": "tpotcluster-node-01", "message": "loaded module [x-pack-security]" }
{"type": "server", "timestamp": "2022-03-29T09:17:05,829Z", "level": "INFO", "component": "o.e.p.PluginsService", "cluster.name": "tpotcluster", "node.name": "tpotcluster-node-01", "message": "loaded module [x-pack-shutdown]" }
{"type": "server", "timestamp": "2022-03-29T09:17:05,829Z", "level": "INFO", "component": "o.e.p.PluginsService", "cluster.name": "tpotcluster", "node.name": "tpotcluster-node-01", "message": "loaded module [x-pack-sql]" }
{"type": "server", "timestamp": "2022-03-29T09:17:05,830Z", "level": "INFO", "component": "o.e.p.PluginsService", "cluster.name": "tpotcluster", "node.name": "tpotcluster-node-01", "message": "loaded module [x-pack-stack]" }
{"type": "server", "timestamp": "2022-03-29T09:17:05,831Z", "level": "INFO", "component": "o.e.p.PluginsService", "cluster.name": "tpotcluster", "node.name": "tpotcluster-node-01", "message": "loaded module [x-pack-text-structure]" }
{"type": "server", "timestamp": "2022-03-29T09:17:05,832Z", "level": "INFO", "component": "o.e.p.PluginsService", "cluster.name": "tpotcluster", "node.name": "tpotcluster-node-01", "message": "loaded module [x-pack-voting-only-node]" }
{"type": "server", "timestamp": "2022-03-29T09:17:05,832Z", "level": "INFO", "component": "o.e.p.PluginsService", "cluster.name": "tpotcluster", "node.name": "tpotcluster-node-01", "message": "loaded module [x-pack-watcher]" }
{"type": "server", "timestamp": "2022-03-29T09:17:05,834Z", "level": "INFO", "component": "o.e.p.PluginsService", "cluster.name": "tpotcluster", "node.name": "tpotcluster-node-01", "message": "no plugins loaded" }
{"type": "server", "timestamp": "2022-03-29T09:17:05,921Z", "level": "INFO", "component": "o.e.e.NodeEnvironment", "cluster.name": "tpotcluster", "node.name": "tpotcluster-node-01", "message": "using [1] data paths, mounts [[/data (/dev/sda1)]], net usable_space [103.5gb], net total_space [125.8gb], types [ext4]" }
{"type": "server", "timestamp": "2022-03-29T09:17:05,922Z", "level": "INFO", "component": "o.e.e.NodeEnvironment", "cluster.name": "tpotcluster", "node.name": "tpotcluster-node-01", "message": "heap size [2gb], compressed ordinary object pointers [true]" }
{"type": "server", "timestamp": "2022-03-29T09:17:06,355Z", "level": "INFO", "component": "o.e.n.Node", "cluster.name": "tpotcluster", "node.name": "tpotcluster-node-01", "message": "node name [tpotcluster-node-01], node ID [t9hfPgy_RyC9LOJUxQUrSQ], cluster name [tpotcluster], roles [transform, data_frozen, master, remote_cluster_client, data, data_content, data_hot, data_warm, data_cold, ingest]" }
{"type": "server", "timestamp": "2022-03-29T09:17:19,590Z", "level": "INFO", "component": "o.e.i.g.ConfigDatabases", "cluster.name": "tpotcluster", "node.name": "tpotcluster-node-01", "message": "initialized default databases [[GeoLite2-Country.mmdb, GeoLite2-City.mmdb, GeoLite2-ASN.mmdb]], config databases [[]] and watching [/usr/share/elasticsearch/config/ingest-geoip] for changes" }
{"type": "server", "timestamp": "2022-03-29T09:17:19,597Z", "level": "INFO", "component": "o.e.i.g.DatabaseNodeService", "cluster.name": "tpotcluster", "node.name": "tpotcluster-node-01", "message": "deleting stale file [/tmp/geoip-databases/t9hfPgy_RyC9LOJUxQUrSQ/GeoLite2-City.mmdb_LICENSE.txt]" }
{"type": "server", "timestamp": "2022-03-29T09:17:19,599Z", "level": "INFO", "component": "o.e.i.g.DatabaseNodeService", "cluster.name": "tpotcluster", "node.name": "tpotcluster-node-01", "message": "deleting stale file [/tmp/geoip-databases/t9hfPgy_RyC9LOJUxQUrSQ/GeoLite2-City.mmdb]" }
{"type": "server", "timestamp": "2022-03-29T09:17:19,600Z", "level": "INFO", "component": "o.e.i.g.DatabaseNodeService", "cluster.name": "tpotcluster", "node.name": "tpotcluster-node-01", "message": "deleting stale file [/tmp/geoip-databases/t9hfPgy_RyC9LOJUxQUrSQ/GeoLite2-Country.mmdb_LICENSE.txt]" }
{"type": "server", "timestamp": "2022-03-29T09:17:19,601Z", "level": "INFO", "component": "o.e.i.g.DatabaseNodeService", "cluster.name": "tpotcluster", "node.name": "tpotcluster-node-01", "message": "deleting stale file [/tmp/geoip-databases/t9hfPgy_RyC9LOJUxQUrSQ/GeoLite2-Country.mmdb_elastic-geoip-database-service-agreement-LICENSE.txt]" }
{"type": "server", "timestamp": "2022-03-29T09:17:19,602Z", "level": "INFO", "component": "o.e.i.g.DatabaseNodeService", "cluster.name": "tpotcluster", "node.name": "tpotcluster-node-01", "message": "deleting stale file [/tmp/geoip-databases/t9hfPgy_RyC9LOJUxQUrSQ/GeoLite2-ASN.mmdb_COPYRIGHT.txt]" }
{"type": "server", "timestamp": "2022-03-29T09:17:19,603Z", "level": "INFO", "component": "o.e.i.g.DatabaseNodeService", "cluster.name": "tpotcluster", "node.name": "tpotcluster-node-01", "message": "deleting stale file [/tmp/geoip-databases/t9hfPgy_RyC9LOJUxQUrSQ/GeoLite2-City.mmdb_COPYRIGHT.txt]" }
{"type": "server", "timestamp": "2022-03-29T09:17:19,604Z", "level": "INFO", "component": "o.e.i.g.DatabaseNodeService", "cluster.name": "tpotcluster", "node.name": "tpotcluster-node-01", "message": "deleting stale file [/tmp/geoip-databases/t9hfPgy_RyC9LOJUxQUrSQ/GeoLite2-ASN.mmdb_elastic-geoip-database-service-agreement-LICENSE.txt]" }
{"type": "server", "timestamp": "2022-03-29T09:17:19,605Z", "level": "INFO", "component": "o.e.i.g.DatabaseNodeService", "cluster.name": "tpotcluster", "node.name": "tpotcluster-node-01", "message": "deleting stale file [/tmp/geoip-databases/t9hfPgy_RyC9LOJUxQUrSQ/GeoLite2-City.mmdb_README.txt]" }
{"type": "server", "timestamp": "2022-03-29T09:17:19,606Z", "level": "INFO", "component": "o.e.i.g.DatabaseNodeService", "cluster.name": "tpotcluster", "node.name": "tpotcluster-node-01", "message": "deleting stale file [/tmp/geoip-databases/t9hfPgy_RyC9LOJUxQUrSQ/GeoLite2-Country.mmdb_COPYRIGHT.txt]" }
{"type": "server", "timestamp": "2022-03-29T09:17:19,607Z", "level": "INFO", "component": "o.e.i.g.DatabaseNodeService", "cluster.name": "tpotcluster", "node.name": "tpotcluster-node-01", "message": "deleting stale file [/tmp/geoip-databases/t9hfPgy_RyC9LOJUxQUrSQ/GeoLite2-ASN.mmdb_LICENSE.txt]" }
{"type": "server", "timestamp": "2022-03-29T09:17:19,608Z", "level": "INFO", "component": "o.e.i.g.DatabaseNodeService", "cluster.name": "tpotcluster", "node.name": "tpotcluster-node-01", "message": "deleting stale file [/tmp/geoip-databases/t9hfPgy_RyC9LOJUxQUrSQ/GeoLite2-Country.mmdb]" }
{"type": "server", "timestamp": "2022-03-29T09:17:19,610Z", "level": "INFO", "component": "o.e.i.g.DatabaseNodeService", "cluster.name": "tpotcluster", "node.name": "tpotcluster-node-01", "message": "deleting stale file [/tmp/geoip-databases/t9hfPgy_RyC9LOJUxQUrSQ/GeoLite2-ASN.mmdb]" }
{"type": "server", "timestamp": "2022-03-29T09:17:19,611Z", "level": "INFO", "component": "o.e.i.g.DatabaseNodeService", "cluster.name": "tpotcluster", "node.name": "tpotcluster-node-01", "message": "deleting stale file [/tmp/geoip-databases/t9hfPgy_RyC9LOJUxQUrSQ/GeoLite2-City.mmdb_elastic-geoip-database-service-agreement-LICENSE.txt]" }
{"type": "server", "timestamp": "2022-03-29T09:17:19,612Z", "level": "INFO", "component": "o.e.i.g.DatabaseNodeService", "cluster.name": "tpotcluster", "node.name": "tpotcluster-node-01", "message": "initialized database registry, using geoip-databases directory [/tmp/geoip-databases/t9hfPgy_RyC9LOJUxQUrSQ]" }
{"type": "server", "timestamp": "2022-03-29T09:17:21,507Z", "level": "INFO", "component": "o.e.t.NettyAllocator", "cluster.name": "tpotcluster", "node.name": "tpotcluster-node-01", "message": "creating NettyAllocator with the following configs: [name=elasticsearch_configured, chunk_size=1mb, suggested_max_allocation_size=1mb, factors={es.unsafe.use_netty_default_chunk_and_page_size=false, g1gc_enabled=true, g1gc_region_size=4mb}]" }
{"type": "server", "timestamp": "2022-03-29T09:17:21,772Z", "level": "INFO", "component": "o.e.d.DiscoveryModule", "cluster.name": "tpotcluster", "node.name": "tpotcluster-node-01", "message": "using discovery type [single-node] and seed hosts providers [settings]" }
{"type": "server", "timestamp": "2022-03-29T09:17:22,987Z", "level": "INFO", "component": "o.e.g.DanglingIndicesState", "cluster.name": "tpotcluster", "node.name": "tpotcluster-node-01", "message": "gateway.auto_import_dangling_indices is disabled, dangling indices will not be automatically detected or imported and must be managed manually" }
{"type": "server", "timestamp": "2022-03-29T09:17:24,022Z", "level": "INFO", "component": "o.e.n.Node", "cluster.name": "tpotcluster", "node.name": "tpotcluster-node-01", "message": "initialized" }
{"type": "server", "timestamp": "2022-03-29T09:17:24,023Z", "level": "INFO", "component": "o.e.n.Node", "cluster.name": "tpotcluster", "node.name": "tpotcluster-node-01", "message": "starting ..." }
{"type": "server", "timestamp": "2022-03-29T09:17:24,116Z", "level": "INFO", "component": "o.e.x.s.c.f.PersistentCache", "cluster.name": "tpotcluster", "node.name": "tpotcluster-node-01", "message": "persistent cache index loaded" }
{"type": "server", "timestamp": "2022-03-29T09:17:24,118Z", "level": "INFO", "component": "o.e.x.d.l.DeprecationIndexingComponent", "cluster.name": "tpotcluster", "node.name": "tpotcluster-node-01", "message": "deprecation component started" }
{"type": "server", "timestamp": "2022-03-29T09:17:24,393Z", "level": "INFO", "component": "o.e.t.TransportService", "cluster.name": "tpotcluster", "node.name": "tpotcluster-node-01", "message": "publish_address {127.0.0.1:9300}, bound_addresses {127.0.0.1:9300}" }
{"type": "server", "timestamp": "2022-03-29T09:17:27,139Z", "level": "INFO", "component": "o.e.c.c.Coordinator", "cluster.name": "tpotcluster", "node.name": "tpotcluster-node-01", "message": "cluster UUID [Qbw2pof0QzSXC1OvK0aFSw]" }
{"type": "server", "timestamp": "2022-03-29T09:17:27,266Z", "level": "INFO", "component": "o.e.c.s.MasterService", "cluster.name": "tpotcluster", "node.name": "tpotcluster-node-01", "message": "elected-as-master ([1] nodes joined)[{tpotcluster-node-01}{t9hfPgy_RyC9LOJUxQUrSQ}{_1oazSPuS7avvc7WYchbVA}{127.0.0.1}{127.0.0.1:9300}{cdfhimrstw} elect leader, _BECOME_MASTER_TASK_, _FINISH_ELECTION_], term: 149, version: 4277, delta: master node changed {previous [], current [{tpotcluster-node-01}{t9hfPgy_RyC9LOJUxQUrSQ}{_1oazSPuS7avvc7WYchbVA}{127.0.0.1}{127.0.0.1:9300}{cdfhimrstw}]}" }
{"type": "server", "timestamp": "2022-03-29T09:17:27,440Z", "level": "INFO", "component": "o.e.c.s.ClusterApplierService", "cluster.name": "tpotcluster", "node.name": "tpotcluster-node-01", "message": "master node changed {previous [], current [{tpotcluster-node-01}{t9hfPgy_RyC9LOJUxQUrSQ}{_1oazSPuS7avvc7WYchbVA}{127.0.0.1}{127.0.0.1:9300}{cdfhimrstw}]}, term: 149, version: 4277, reason: Publication{term=149, version=4277}" }
{"type": "server", "timestamp": "2022-03-29T09:17:27,599Z", "level": "INFO", "component": "o.e.h.AbstractHttpServerTransport", "cluster.name": "tpotcluster", "node.name": "tpotcluster-node-01", "message": "publish_address {192.168.48.2:9200}, bound_addresses {0.0.0.0:9200}", "cluster.uuid": "Qbw2pof0QzSXC1OvK0aFSw", "node.id": "t9hfPgy_RyC9LOJUxQUrSQ"  }
{"type": "server", "timestamp": "2022-03-29T09:17:27,601Z", "level": "INFO", "component": "o.e.n.Node", "cluster.name": "tpotcluster", "node.name": "tpotcluster-node-01", "message": "started", "cluster.uuid": "Qbw2pof0QzSXC1OvK0aFSw", "node.id": "t9hfPgy_RyC9LOJUxQUrSQ"  }
{"type": "server", "timestamp": "2022-03-29T09:17:29,163Z", "level": "INFO", "component": "o.e.l.LicenseService", "cluster.name": "tpotcluster", "node.name": "tpotcluster-node-01", "message": "license [06f03395-4097-4495-8e63-b3dc92f4de14] mode [basic] - valid", "cluster.uuid": "Qbw2pof0QzSXC1OvK0aFSw", "node.id": "t9hfPgy_RyC9LOJUxQUrSQ"  }
{"type": "server", "timestamp": "2022-03-29T09:17:29,177Z", "level": "INFO", "component": "o.e.g.GatewayService", "cluster.name": "tpotcluster", "node.name": "tpotcluster-node-01", "message": "recovered [32] indices into cluster_state", "cluster.uuid": "Qbw2pof0QzSXC1OvK0aFSw", "node.id": "t9hfPgy_RyC9LOJUxQUrSQ"  }
{"type": "server", "timestamp": "2022-03-29T09:17:31,165Z", "level": "INFO", "component": "o.e.i.g.GeoIpDownloader", "cluster.name": "tpotcluster", "node.name": "tpotcluster-node-01", "message": "updating geoip databases", "cluster.uuid": "Qbw2pof0QzSXC1OvK0aFSw", "node.id": "t9hfPgy_RyC9LOJUxQUrSQ"  }
{"type": "server", "timestamp": "2022-03-29T09:17:31,168Z", "level": "INFO", "component": "o.e.i.g.GeoIpDownloader", "cluster.name": "tpotcluster", "node.name": "tpotcluster-node-01", "message": "fetching geoip databases overview from [https://geoip.elastic.co/v1/database?elastic_geoip_service_tos=agree]", "cluster.uuid": "Qbw2pof0QzSXC1OvK0aFSw", "node.id": "t9hfPgy_RyC9LOJUxQUrSQ"  }
{"type": "server", "timestamp": "2022-03-29T09:17:44,360Z", "level": "WARN", "component": "o.e.t.ThreadPool", "cluster.name": "tpotcluster", "node.name": "tpotcluster-node-01", "message": "execution of [ReschedulingRunnable{runnable=org.elasticsearch.monitor.jvm.JvmGcMonitorService$1@1c26d19d, interval=1s}] took [5233ms] which is above the warn threshold of [5000ms]", "cluster.uuid": "Qbw2pof0QzSXC1OvK0aFSw", "node.id": "t9hfPgy_RyC9LOJUxQUrSQ"  }
{"type": "server", "timestamp": "2022-03-29T09:21:49,357Z", "level": "WARN", "component": "o.e.t.ThreadPool", "cluster.name": "tpotcluster", "node.name": "tpotcluster-node-01", "message": "timer thread slept for [6.6s/6694ms] on absolute clock which is above the warn threshold of [5000ms]", "cluster.uuid": "Qbw2pof0QzSXC1OvK0aFSw", "node.id": "t9hfPgy_RyC9LOJUxQUrSQ"  }
{"type": "server", "timestamp": "2022-03-29T09:23:52,900Z", "level": "WARN", "component": "o.e.t.ThreadPool", "cluster.name": "tpotcluster", "node.name": "tpotcluster-node-01", "message": "timer thread slept for [6.6s/6693405550ns] on relative clock which is above the warn threshold of [5000ms]", "cluster.uuid": "Qbw2pof0QzSXC1OvK0aFSw", "node.id": "t9hfPgy_RyC9LOJUxQUrSQ"  }
{"type": "server", "timestamp": "2022-03-29T09:24:13,670Z", "level": "WARN", "component": "o.e.t.ThreadPool", "cluster.name": "tpotcluster", "node.name": "tpotcluster-node-01", "message": "timer thread slept for [3.9m/238754ms] on absolute clock which is above the warn threshold of [5000ms]", "cluster.uuid": "Qbw2pof0QzSXC1OvK0aFSw", "node.id": "t9hfPgy_RyC9LOJUxQUrSQ"  }
{"type": "server", "timestamp": "2022-03-29T09:24:29,959Z", "level": "WARN", "component": "o.e.t.ThreadPool", "cluster.name": "tpotcluster", "node.name": "tpotcluster-node-01", "message": "timer thread slept for [3.9m/238754402561ns] on relative clock which is above the warn threshold of [5000ms]", "cluster.uuid": "Qbw2pof0QzSXC1OvK0aFSw", "node.id": "t9hfPgy_RyC9LOJUxQUrSQ"  }
{"type": "server", "timestamp": "2022-03-29T09:24:52,974Z", "level": "WARN", "component": "o.e.t.ThreadPool", "cluster.name": "tpotcluster", "node.name": "tpotcluster-node-01", "message": "timer thread slept for [38.5s/38518ms] on absolute clock which is above the warn threshold of [5000ms]", "cluster.uuid": "Qbw2pof0QzSXC1OvK0aFSw", "node.id": "t9hfPgy_RyC9LOJUxQUrSQ"  }
{"type": "server", "timestamp": "2022-03-29T09:25:13,708Z", "level": "WARN", "component": "o.e.t.ThreadPool", "cluster.name": "tpotcluster", "node.name": "tpotcluster-node-01", "message": "timer thread slept for [38.5s/38517949531ns] on relative clock which is above the warn threshold of [5000ms]", "cluster.uuid": "Qbw2pof0QzSXC1OvK0aFSw", "node.id": "t9hfPgy_RyC9LOJUxQUrSQ"  }
{"type": "server", "timestamp": "2022-03-29T09:25:31,991Z", "level": "WARN", "component": "o.e.t.ThreadPool", "cluster.name": "tpotcluster", "node.name": "tpotcluster-node-01", "message": "timer thread slept for [39.4s/39460ms] on absolute clock which is above the warn threshold of [5000ms]", "cluster.uuid": "Qbw2pof0QzSXC1OvK0aFSw", "node.id": "t9hfPgy_RyC9LOJUxQUrSQ"  }
{"type": "server", "timestamp": "2022-03-29T09:25:51,987Z", "level": "WARN", "component": "o.e.t.ThreadPool", "cluster.name": "tpotcluster", "node.name": "tpotcluster-node-01", "message": "timer thread slept for [39.4s/39460151470ns] on relative clock which is above the warn threshold of [5000ms]", "cluster.uuid": "Qbw2pof0QzSXC1OvK0aFSw", "node.id": "t9hfPgy_RyC9LOJUxQUrSQ"  }
{"type": "server", "timestamp": "2022-03-29T09:26:11,288Z", "level": "WARN", "component": "o.e.t.ThreadPool", "cluster.name": "tpotcluster", "node.name": "tpotcluster-node-01", "message": "timer thread slept for [38.5s/38507ms] on absolute clock which is above the warn threshold of [5000ms]", "cluster.uuid": "Qbw2pof0QzSXC1OvK0aFSw", "node.id": "t9hfPgy_RyC9LOJUxQUrSQ"  }
{"type": "server", "timestamp": "2022-03-29T09:26:34,271Z", "level": "WARN", "component": "o.e.t.ThreadPool", "cluster.name": "tpotcluster", "node.name": "tpotcluster-node-01", "message": "timer thread slept for [38.5s/38506373616ns] on relative clock which is above the warn threshold of [5000ms]", "cluster.uuid": "Qbw2pof0QzSXC1OvK0aFSw", "node.id": "t9hfPgy_RyC9LOJUxQUrSQ"  }
{"type": "server", "timestamp": "2022-03-29T09:26:52,026Z", "level": "WARN", "component": "o.e.t.ThreadPool", "cluster.name": "tpotcluster", "node.name": "tpotcluster-node-01", "message": "timer thread slept for [41.2s/41249ms] on absolute clock which is above the warn threshold of [5000ms]", "cluster.uuid": "Qbw2pof0QzSXC1OvK0aFSw", "node.id": "t9hfPgy_RyC9LOJUxQUrSQ"  }
{"type": "server", "timestamp": "2022-03-29T09:27:17,723Z", "level": "WARN", "component": "o.e.t.ThreadPool", "cluster.name": "tpotcluster", "node.name": "tpotcluster-node-01", "message": "timer thread slept for [41.2s/41248972038ns] on relative clock which is above the warn threshold of [5000ms]", "cluster.uuid": "Qbw2pof0QzSXC1OvK0aFSw", "node.id": "t9hfPgy_RyC9LOJUxQUrSQ"  }
{"type": "server", "timestamp": "2022-03-29T09:27:42,024Z", "level": "WARN", "component": "o.e.t.ThreadPool", "cluster.name": "tpotcluster", "node.name": "tpotcluster-node-01", "message": "timer thread slept for [50.2s/50226ms] on absolute clock which is above the warn threshold of [5000ms]", "cluster.uuid": "Qbw2pof0QzSXC1OvK0aFSw", "node.id": "t9hfPgy_RyC9LOJUxQUrSQ"  }
{"type": "server", "timestamp": "2022-03-29T09:28:07,665Z", "level": "WARN", "component": "o.e.t.ThreadPool", "cluster.name": "tpotcluster", "node.name": "tpotcluster-node-01", "message": "timer thread slept for [50.2s/50226842748ns] on relative clock which is above the warn threshold of [5000ms]", "cluster.uuid": "Qbw2pof0QzSXC1OvK0aFSw", "node.id": "t9hfPgy_RyC9LOJUxQUrSQ"  }
{"type": "server", "timestamp": "2022-03-29T09:28:31,966Z", "level": "WARN", "component": "o.e.t.ThreadPool", "cluster.name": "tpotcluster", "node.name": "tpotcluster-node-01", "message": "timer thread slept for [49.2s/49205ms] on absolute clock which is above the warn threshold of [5000ms]", "cluster.uuid": "Qbw2pof0QzSXC1OvK0aFSw", "node.id": "t9hfPgy_RyC9LOJUxQUrSQ"  }
{"type": "server", "timestamp": "2022-03-29T09:28:52,724Z", "level": "WARN", "component": "o.e.t.ThreadPool", "cluster.name": "tpotcluster", "node.name": "tpotcluster-node-01", "message": "timer thread slept for [49.2s/49204647382ns] on relative clock which is above the warn threshold of [5000ms]", "cluster.uuid": "Qbw2pof0QzSXC1OvK0aFSw", "node.id": "t9hfPgy_RyC9LOJUxQUrSQ"  }
{"type": "server", "timestamp": "2022-03-29T09:29:13,974Z", "level": "WARN", "component": "o.e.t.ThreadPool", "cluster.name": "tpotcluster", "node.name": "tpotcluster-node-01", "message": "timer thread slept for [40.7s/40795ms] on absolute clock which is above the warn threshold of [5000ms]", "cluster.uuid": "Qbw2pof0QzSXC1OvK0aFSw", "node.id": "t9hfPgy_RyC9LOJUxQUrSQ"  }
{"type": "server", "timestamp": "2022-03-29T09:29:37,604Z", "level": "WARN", "component": "o.e.t.ThreadPool", "cluster.name": "tpotcluster", "node.name": "tpotcluster-node-01", "message": "timer thread slept for [40.7s/40794706147ns] on relative clock which is above the warn threshold of [5000ms]", "cluster.uuid": "Qbw2pof0QzSXC1OvK0aFSw", "node.id": "t9hfPgy_RyC9LOJUxQUrSQ"  }
{"type": "server", "timestamp": "2022-03-29T09:29:59,900Z", "level": "WARN", "component": "o.e.t.ThreadPool", "cluster.name": "tpotcluster", "node.name": "tpotcluster-node-01", "message": "timer thread slept for [47.1s/47137ms] on absolute clock which is above the warn threshold of [5000ms]", "cluster.uuid": "Qbw2pof0QzSXC1OvK0aFSw", "node.id": "t9hfPgy_RyC9LOJUxQUrSQ"  }
{"type": "server", "timestamp": "2022-03-29T09:30:27,751Z", "level": "WARN", "component": "o.e.t.ThreadPool", "cluster.name": "tpotcluster", "node.name": "tpotcluster-node-01", "message": "timer thread slept for [47.1s/47136877006ns] on relative clock which is above the warn threshold of [5000ms]", "cluster.uuid": "Qbw2pof0QzSXC1OvK0aFSw", "node.id": "t9hfPgy_RyC9LOJUxQUrSQ"  }
{"type": "server", "timestamp": "2022-03-29T09:30:50,628Z", "level": "WARN", "component": "o.e.t.ThreadPool", "cluster.name": "tpotcluster", "node.name": "tpotcluster-node-01", "message": "timer thread slept for [50.9s/50988ms] on absolute clock which is above the warn threshold of [5000ms]", "cluster.uuid": "Qbw2pof0QzSXC1OvK0aFSw", "node.id": "t9hfPgy_RyC9LOJUxQUrSQ"  }
{"type": "server", "timestamp": "2022-03-29T09:31:13,631Z", "level": "WARN", "component": "o.e.t.ThreadPool", "cluster.name": "tpotcluster", "node.name": "tpotcluster-node-01", "message": "timer thread slept for [50.9s/50988531730ns] on relative clock which is above the warn threshold of [5000ms]", "cluster.uuid": "Qbw2pof0QzSXC1OvK0aFSw", "node.id": "t9hfPgy_RyC9LOJUxQUrSQ"  }
{"type": "server", "timestamp": "2022-03-29T09:31:37,178Z", "level": "WARN", "component": "o.e.t.ThreadPool", "cluster.name": "tpotcluster", "node.name": "tpotcluster-node-01", "message": "timer thread slept for [46.5s/46563ms] on absolute clock which is above the warn threshold of [5000ms]", "cluster.uuid": "Qbw2pof0QzSXC1OvK0aFSw", "node.id": "t9hfPgy_RyC9LOJUxQUrSQ"  }
{"type": "server", "timestamp": "2022-03-29T09:31:53,074Z", "level": "WARN", "component": "o.e.t.ThreadPool", "cluster.name": "tpotcluster", "node.name": "tpotcluster-node-01", "message": "timer thread slept for [46.5s/46562620871ns] on relative clock which is above the warn threshold of [5000ms]", "cluster.uuid": "Qbw2pof0QzSXC1OvK0aFSw", "node.id": "t9hfPgy_RyC9LOJUxQUrSQ"  }
{"type": "server", "timestamp": "2022-03-29T09:32:19,049Z", "level": "WARN", "component": "o.e.t.ThreadPool", "cluster.name": "tpotcluster", "node.name": "tpotcluster-node-01", "message": "timer thread slept for [41.4s/41451ms] on absolute clock which is above the warn threshold of [5000ms]", "cluster.uuid": "Qbw2pof0QzSXC1OvK0aFSw", "node.id": "t9hfPgy_RyC9LOJUxQUrSQ"  }
{"type": "server", "timestamp": "2022-03-29T09:32:30,996Z", "level": "WARN", "component": "o.e.t.ThreadPool", "cluster.name": "tpotcluster", "node.name": "tpotcluster-node-01", "message": "timer thread slept for [41.4s/41450963315ns] on relative clock which is above the warn threshold of [5000ms]", "cluster.uuid": "Qbw2pof0QzSXC1OvK0aFSw", "node.id": "t9hfPgy_RyC9LOJUxQUrSQ"  }
{"type": "server", "timestamp": "2022-03-29T09:32:45,299Z", "level": "WARN", "component": "o.e.t.ThreadPool", "cluster.name": "tpotcluster", "node.name": "tpotcluster-node-01", "message": "timer thread slept for [27.3s/27389ms] on absolute clock which is above the warn threshold of [5000ms]", "cluster.uuid": "Qbw2pof0QzSXC1OvK0aFSw", "node.id": "t9hfPgy_RyC9LOJUxQUrSQ"  }
{"type": "server", "timestamp": "2022-03-29T09:33:00,079Z", "level": "WARN", "component": "o.e.t.ThreadPool", "cluster.name": "tpotcluster", "node.name": "tpotcluster-node-01", "message": "timer thread slept for [27.3s/27389290216ns] on relative clock which is above the warn threshold of [5000ms]", "cluster.uuid": "Qbw2pof0QzSXC1OvK0aFSw", "node.id": "t9hfPgy_RyC9LOJUxQUrSQ"  }
{"type": "server", "timestamp": "2022-03-29T09:33:12,193Z", "level": "WARN", "component": "o.e.t.ThreadPool", "cluster.name": "tpotcluster", "node.name": "tpotcluster-node-01", "message": "timer thread slept for [27.3s/27371ms] on absolute clock which is above the warn threshold of [5000ms]", "cluster.uuid": "Qbw2pof0QzSXC1OvK0aFSw", "node.id": "t9hfPgy_RyC9LOJUxQUrSQ"  }
{"type": "server", "timestamp": "2022-03-29T09:33:31,336Z", "level": "WARN", "component": "o.e.t.ThreadPool", "cluster.name": "tpotcluster", "node.name": "tpotcluster-node-01", "message": "timer thread slept for [27.3s/27370817433ns] on relative clock which is above the warn threshold of [5000ms]", "cluster.uuid": "Qbw2pof0QzSXC1OvK0aFSw", "node.id": "t9hfPgy_RyC9LOJUxQUrSQ"  }
{"type": "server", "timestamp": "2022-03-29T09:34:07,740Z", "level": "WARN", "component": "o.e.t.ThreadPool", "cluster.name": "tpotcluster", "node.name": "tpotcluster-node-01", "message": "timer thread slept for [55.4s/55427ms] on absolute clock which is above the warn threshold of [5000ms]", "cluster.uuid": "Qbw2pof0QzSXC1OvK0aFSw", "node.id": "t9hfPgy_RyC9LOJUxQUrSQ"  }
{"type": "server", "timestamp": "2022-03-29T09:34:18,299Z", "level": "WARN", "component": "o.e.t.ThreadPool", "cluster.name": "tpotcluster", "node.name": "tpotcluster-node-01", "message": "timer thread slept for [55.4s/55427016834ns] on relative clock which is above the warn threshold of [5000ms]", "cluster.uuid": "Qbw2pof0QzSXC1OvK0aFSw", "node.id": "t9hfPgy_RyC9LOJUxQUrSQ"  }
{"type": "server", "timestamp": "2022-03-29T09:34:29,777Z", "level": "WARN", "component": "o.e.t.ThreadPool", "cluster.name": "tpotcluster", "node.name": "tpotcluster-node-01", "message": "timer thread slept for [23s/23037ms] on absolute clock which is above the warn threshold of [5000ms]", "cluster.uuid": "Qbw2pof0QzSXC1OvK0aFSw", "node.id": "t9hfPgy_RyC9LOJUxQUrSQ"  }
{"type": "server", "timestamp": "2022-03-29T09:34:37,859Z", "level": "WARN", "component": "o.e.t.ThreadPool", "cluster.name": "tpotcluster", "node.name": "tpotcluster-node-01", "message": "timer thread slept for [23s/23036710153ns] on relative clock which is above the warn threshold of [5000ms]", "cluster.uuid": "Qbw2pof0QzSXC1OvK0aFSw", "node.id": "t9hfPgy_RyC9LOJUxQUrSQ"  }
{"type": "server", "timestamp": "2022-03-29T09:34:48,217Z", "level": "WARN", "component": "o.e.t.ThreadPool", "cluster.name": "tpotcluster", "node.name": "tpotcluster-node-01", "message": "timer thread slept for [17.3s/17317ms] on absolute clock which is above the warn threshold of [5000ms]", "cluster.uuid": "Qbw2pof0QzSXC1OvK0aFSw", "node.id": "t9hfPgy_RyC9LOJUxQUrSQ"  }
{"type": "server", "timestamp": "2022-03-29T09:35:12,434Z", "level": "WARN", "component": "o.e.t.ThreadPool", "cluster.name": "tpotcluster", "node.name": "tpotcluster-node-01", "message": "timer thread slept for [17.3s/17317404640ns] on relative clock which is above the warn threshold of [5000ms]", "cluster.uuid": "Qbw2pof0QzSXC1OvK0aFSw", "node.id": "t9hfPgy_RyC9LOJUxQUrSQ"  }
{"type": "server", "timestamp": "2022-03-29T09:35:22,319Z", "level": "WARN", "component": "o.e.t.ThreadPool", "cluster.name": "tpotcluster", "node.name": "tpotcluster-node-01", "message": "timer thread slept for [34.7s/34727ms] on absolute clock which is above the warn threshold of [5000ms]", "cluster.uuid": "Qbw2pof0QzSXC1OvK0aFSw", "node.id": "t9hfPgy_RyC9LOJUxQUrSQ"  }
{"type": "server", "timestamp": "2022-03-29T09:35:31,565Z", "level": "WARN", "component": "o.e.t.ThreadPool", "cluster.name": "tpotcluster", "node.name": "tpotcluster-node-01", "message": "timer thread slept for [34.7s/34726731389ns] on relative clock which is above the warn threshold of [5000ms]", "cluster.uuid": "Qbw2pof0QzSXC1OvK0aFSw", "node.id": "t9hfPgy_RyC9LOJUxQUrSQ"  }
{"type": "server", "timestamp": "2022-03-29T09:35:40,005Z", "level": "WARN", "component": "o.e.t.ThreadPool", "cluster.name": "tpotcluster", "node.name": "tpotcluster-node-01", "message": "timer thread slept for [18.6s/18600ms] on absolute clock which is above the warn threshold of [5000ms]", "cluster.uuid": "Qbw2pof0QzSXC1OvK0aFSw", "node.id": "t9hfPgy_RyC9LOJUxQUrSQ"  }
{"type": "server", "timestamp": "2022-03-29T09:35:47,668Z", "level": "WARN", "component": "o.e.t.ThreadPool", "cluster.name": "tpotcluster", "node.name": "tpotcluster-node-01", "message": "timer thread slept for [18.6s/18600303058ns] on relative clock which is above the warn threshold of [5000ms]", "cluster.uuid": "Qbw2pof0QzSXC1OvK0aFSw", "node.id": "t9hfPgy_RyC9LOJUxQUrSQ"  }
{"type": "server", "timestamp": "2022-03-29T09:35:57,205Z", "level": "WARN", "component": "o.e.t.ThreadPool", "cluster.name": "tpotcluster", "node.name": "tpotcluster-node-01", "message": "timer thread slept for [16.8s/16818ms] on absolute clock which is above the warn threshold of [5000ms]", "cluster.uuid": "Qbw2pof0QzSXC1OvK0aFSw", "node.id": "t9hfPgy_RyC9LOJUxQUrSQ"  }
{"type": "server", "timestamp": "2022-03-29T09:36:08,534Z", "level": "WARN", "component": "o.e.t.ThreadPool", "cluster.name": "tpotcluster", "node.name": "tpotcluster-node-01", "message": "timer thread slept for [16.8s/16817935108ns] on relative clock which is above the warn threshold of [5000ms]", "cluster.uuid": "Qbw2pof0QzSXC1OvK0aFSw", "node.id": "t9hfPgy_RyC9LOJUxQUrSQ"  }
{"type": "server", "timestamp": "2022-03-29T09:36:18,029Z", "level": "WARN", "component": "o.e.t.ThreadPool", "cluster.name": "tpotcluster", "node.name": "tpotcluster-node-01", "message": "timer thread slept for [20s/20052ms] on absolute clock which is above the warn threshold of [5000ms]", "cluster.uuid": "Qbw2pof0QzSXC1OvK0aFSw", "node.id": "t9hfPgy_RyC9LOJUxQUrSQ"  }
{"type": "server", "timestamp": "2022-03-29T09:36:27,350Z", "level": "WARN", "component": "o.e.t.ThreadPool", "cluster.name": "tpotcluster", "node.name": "tpotcluster-node-01", "message": "timer thread slept for [20s/20052064661ns] on relative clock which is above the warn threshold of [5000ms]", "cluster.uuid": "Qbw2pof0QzSXC1OvK0aFSw", "node.id": "t9hfPgy_RyC9LOJUxQUrSQ"  }
{"type": "server", "timestamp": "2022-03-29T09:36:35,742Z", "level": "WARN", "component": "o.e.t.ThreadPool", "cluster.name": "tpotcluster", "node.name": "tpotcluster-node-01", "message": "timer thread slept for [17.9s/17994ms] on absolute clock which is above the warn threshold of [5000ms]", "cluster.uuid": "Qbw2pof0QzSXC1OvK0aFSw", "node.id": "t9hfPgy_RyC9LOJUxQUrSQ"  }
{"type": "server", "timestamp": "2022-03-29T09:36:46,035Z", "level": "WARN", "component": "o.e.t.ThreadPool", "cluster.name": "tpotcluster", "node.name": "tpotcluster-node-01", "message": "timer thread slept for [17.9s/17994315729ns] on relative clock which is above the warn threshold of [5000ms]", "cluster.uuid": "Qbw2pof0QzSXC1OvK0aFSw", "node.id": "t9hfPgy_RyC9LOJUxQUrSQ"  }
{"type": "server", "timestamp": "2022-03-29T09:36:55,964Z", "level": "WARN", "component": "o.e.t.ThreadPool", "cluster.name": "tpotcluster", "node.name": "tpotcluster-node-01", "message": "timer thread slept for [20.5s/20585ms] on absolute clock which is above the warn threshold of [5000ms]", "cluster.uuid": "Qbw2pof0QzSXC1OvK0aFSw", "node.id": "t9hfPgy_RyC9LOJUxQUrSQ"  }
{"type": "server", "timestamp": "2022-03-29T09:37:04,596Z", "level": "WARN", "component": "o.e.t.ThreadPool", "cluster.name": "tpotcluster", "node.name": "tpotcluster-node-01", "message": "timer thread slept for [20.5s/20584121017ns] on relative clock which is above the warn threshold of [5000ms]", "cluster.uuid": "Qbw2pof0QzSXC1OvK0aFSw", "node.id": "t9hfPgy_RyC9LOJUxQUrSQ"  }
{"type": "server", "timestamp": "2022-03-29T09:37:14,884Z", "level": "WARN", "component": "o.e.t.ThreadPool", "cluster.name": "tpotcluster", "node.name": "tpotcluster-node-01", "message": "timer thread slept for [18.6s/18692ms] on absolute clock which is above the warn threshold of [5000ms]", "cluster.uuid": "Qbw2pof0QzSXC1OvK0aFSw", "node.id": "t9hfPgy_RyC9LOJUxQUrSQ"  }
{"type": "server", "timestamp": "2022-03-29T09:37:27,027Z", "level": "WARN", "component": "o.e.t.ThreadPool", "cluster.name": "tpotcluster", "node.name": "tpotcluster-node-01", "message": "timer thread slept for [18.6s/18692162167ns] on relative clock which is above the warn threshold of [5000ms]", "cluster.uuid": "Qbw2pof0QzSXC1OvK0aFSw", "node.id": "t9hfPgy_RyC9LOJUxQUrSQ"  }
{"type": "server", "timestamp": "2022-03-29T09:37:34,672Z", "level": "WARN", "component": "o.e.t.ThreadPool", "cluster.name": "tpotcluster", "node.name": "tpotcluster-node-01", "message": "timer thread slept for [20.2s/20254ms] on absolute clock which is above the warn threshold of [5000ms]", "cluster.uuid": "Qbw2pof0QzSXC1OvK0aFSw", "node.id": "t9hfPgy_RyC9LOJUxQUrSQ"  }
{"type": "server", "timestamp": "2022-03-29T09:37:41,518Z", "level": "WARN", "component": "o.e.t.ThreadPool", "cluster.name": "tpotcluster", "node.name": "tpotcluster-node-01", "message": "timer thread slept for [20.2s/20253917227ns] on relative clock which is above the warn threshold of [5000ms]", "cluster.uuid": "Qbw2pof0QzSXC1OvK0aFSw", "node.id": "t9hfPgy_RyC9LOJUxQUrSQ"  }
{"type": "server", "timestamp": "2022-03-29T09:37:54,089Z", "level": "WARN", "component": "o.e.t.ThreadPool", "cluster.name": "tpotcluster", "node.name": "tpotcluster-node-01", "message": "timer thread slept for [17.8s/17800ms] on absolute clock which is above the warn threshold of [5000ms]", "cluster.uuid": "Qbw2pof0QzSXC1OvK0aFSw", "node.id": "t9hfPgy_RyC9LOJUxQUrSQ"  }
{"type": "server", "timestamp": "2022-03-29T09:38:08,149Z", "level": "WARN", "component": "o.e.t.ThreadPool", "cluster.name": "tpotcluster", "node.name": "tpotcluster-node-01", "message": "timer thread slept for [17.8s/17800203007ns] on relative clock which is above the warn threshold of [5000ms]", "cluster.uuid": "Qbw2pof0QzSXC1OvK0aFSw", "node.id": "t9hfPgy_RyC9LOJUxQUrSQ"  }
{"type": "server", "timestamp": "2022-03-29T09:38:24,652Z", "level": "WARN", "component": "o.e.t.ThreadPool", "cluster.name": "tpotcluster", "node.name": "tpotcluster-node-01", "message": "timer thread slept for [29.8s/29802ms] on absolute clock which is above the warn threshold of [5000ms]", "cluster.uuid": "Qbw2pof0QzSXC1OvK0aFSw", "node.id": "t9hfPgy_RyC9LOJUxQUrSQ"  }
{"type": "server", "timestamp": "2022-03-29T09:38:40,666Z", "level": "WARN", "component": "o.e.t.ThreadPool", "cluster.name": "tpotcluster", "node.name": "tpotcluster-node-01", "message": "timer thread slept for [29.8s/29801791821ns] on relative clock which is above the warn threshold of [5000ms]", "cluster.uuid": "Qbw2pof0QzSXC1OvK0aFSw", "node.id": "t9hfPgy_RyC9LOJUxQUrSQ"  }
{"type": "server", "timestamp": "2022-03-29T09:38:53,686Z", "level": "WARN", "component": "o.e.t.ThreadPool", "cluster.name": "tpotcluster", "node.name": "tpotcluster-node-01", "message": "timer thread slept for [29.6s/29664ms] on absolute clock which is above the warn threshold of [5000ms]", "cluster.uuid": "Qbw2pof0QzSXC1OvK0aFSw", "node.id": "t9hfPgy_RyC9LOJUxQUrSQ"  }
{"type": "server", "timestamp": "2022-03-29T09:39:05,625Z", "level": "WARN", "component": "o.e.t.ThreadPool", "cluster.name": "tpotcluster", "node.name": "tpotcluster-node-01", "message": "timer thread slept for [29.6s/29664770853ns] on relative clock which is above the warn threshold of [5000ms]", "cluster.uuid": "Qbw2pof0QzSXC1OvK0aFSw", "node.id": "t9hfPgy_RyC9LOJUxQUrSQ"  }
{"type": "server", "timestamp": "2022-03-29T09:39:20,902Z", "level": "WARN", "component": "o.e.t.ThreadPool", "cluster.name": "tpotcluster", "node.name": "tpotcluster-node-01", "message": "timer thread slept for [27.1s/27141ms] on absolute clock which is above the warn threshold of [5000ms]", "cluster.uuid": "Qbw2pof0QzSXC1OvK0aFSw", "node.id": "t9hfPgy_RyC9LOJUxQUrSQ"  }
{"type": "server", "timestamp": "2022-03-29T09:39:35,850Z", "level": "WARN", "component": "o.e.t.ThreadPool", "cluster.name": "tpotcluster", "node.name": "tpotcluster-node-01", "message": "timer thread slept for [27.1s/27140184483ns] on relative clock which is above the warn threshold of [5000ms]", "cluster.uuid": "Qbw2pof0QzSXC1OvK0aFSw", "node.id": "t9hfPgy_RyC9LOJUxQUrSQ"  }
{"type": "server", "timestamp": "2022-03-29T09:39:54,577Z", "level": "WARN", "component": "o.e.t.ThreadPool", "cluster.name": "tpotcluster", "node.name": "tpotcluster-node-01", "message": "timer thread slept for [32.2s/32250ms] on absolute clock which is above the warn threshold of [5000ms]", "cluster.uuid": "Qbw2pof0QzSXC1OvK0aFSw", "node.id": "t9hfPgy_RyC9LOJUxQUrSQ"  }
{"type": "server", "timestamp": "2022-03-29T09:40:08,844Z", "level": "WARN", "component": "o.e.t.ThreadPool", "cluster.name": "tpotcluster", "node.name": "tpotcluster-node-01", "message": "timer thread slept for [32.2s/32250898715ns] on relative clock which is above the warn threshold of [5000ms]", "cluster.uuid": "Qbw2pof0QzSXC1OvK0aFSw", "node.id": "t9hfPgy_RyC9LOJUxQUrSQ"  }
{"type": "server", "timestamp": "2022-03-29T09:40:25,531Z", "level": "WARN", "component": "o.e.t.ThreadPool", "cluster.name": "tpotcluster", "node.name": "tpotcluster-node-01", "message": "timer thread slept for [31.6s/31691ms] on absolute clock which is above the warn threshold of [5000ms]", "cluster.uuid": "Qbw2pof0QzSXC1OvK0aFSw", "node.id": "t9hfPgy_RyC9LOJUxQUrSQ"  }
{"type": "server", "timestamp": "2022-03-29T09:40:37,611Z", "level": "WARN", "component": "o.e.t.ThreadPool", "cluster.name": "tpotcluster", "node.name": "tpotcluster-node-01", "message": "timer thread slept for [31.6s/31690423215ns] on relative clock which is above the warn threshold of [5000ms]", "cluster.uuid": "Qbw2pof0QzSXC1OvK0aFSw", "node.id": "t9hfPgy_RyC9LOJUxQUrSQ"  }
{"type": "server", "timestamp": "2022-03-29T09:40:53,306Z", "level": "WARN", "component": "o.e.t.ThreadPool", "cluster.name": "tpotcluster", "node.name": "tpotcluster-node-01", "message": "timer thread slept for [27.8s/27816ms] on absolute clock which is above the warn threshold of [5000ms]", "cluster.uuid": "Qbw2pof0QzSXC1OvK0aFSw", "node.id": "t9hfPgy_RyC9LOJUxQUrSQ"  }
{"type": "server", "timestamp": "2022-03-29T09:41:07,793Z", "level": "WARN", "component": "o.e.t.ThreadPool", "cluster.name": "tpotcluster", "node.name": "tpotcluster-node-01", "message": "timer thread slept for [27.8s/27816035449ns] on relative clock which is above the warn threshold of [5000ms]", "cluster.uuid": "Qbw2pof0QzSXC1OvK0aFSw", "node.id": "t9hfPgy_RyC9LOJUxQUrSQ"  }
{"type": "server", "timestamp": "2022-03-29T09:41:30,693Z", "level": "WARN", "component": "o.e.t.ThreadPool", "cluster.name": "tpotcluster", "node.name": "tpotcluster-node-01", "message": "timer thread slept for [37.2s/37209ms] on absolute clock which is above the warn threshold of [5000ms]", "cluster.uuid": "Qbw2pof0QzSXC1OvK0aFSw", "node.id": "t9hfPgy_RyC9LOJUxQUrSQ"  }
{"type": "server", "timestamp": "2022-03-29T09:42:03,449Z", "level": "WARN", "component": "o.e.t.ThreadPool", "cluster.name": "tpotcluster", "node.name": "tpotcluster-node-01", "message": "timer thread slept for [37.2s/37209522248ns] on relative clock which is above the warn threshold of [5000ms]", "cluster.uuid": "Qbw2pof0QzSXC1OvK0aFSw", "node.id": "t9hfPgy_RyC9LOJUxQUrSQ"  }
{"type": "server", "timestamp": "2022-03-29T09:42:25,292Z", "level": "WARN", "component": "o.e.t.ThreadPool", "cluster.name": "tpotcluster", "node.name": "tpotcluster-node-01", "message": "timer thread slept for [49.6s/49675ms] on absolute clock which is above the warn threshold of [5000ms]", "cluster.uuid": "Qbw2pof0QzSXC1OvK0aFSw", "node.id": "t9hfPgy_RyC9LOJUxQUrSQ"  }
{"type": "server", "timestamp": "2022-03-29T09:42:48,204Z", "level": "WARN", "component": "o.e.t.ThreadPool", "cluster.name": "tpotcluster", "node.name": "tpotcluster-node-01", "message": "timer thread slept for [49.6s/49674675455ns] on relative clock which is above the warn threshold of [5000ms]", "cluster.uuid": "Qbw2pof0QzSXC1OvK0aFSw", "node.id": "t9hfPgy_RyC9LOJUxQUrSQ"  }
{"type": "server", "timestamp": "2022-03-29T09:43:11,626Z", "level": "WARN", "component": "o.e.t.ThreadPool", "cluster.name": "tpotcluster", "node.name": "tpotcluster-node-01", "message": "timer thread slept for [47.5s/47519ms] on absolute clock which is above the warn threshold of [5000ms]", "cluster.uuid": "Qbw2pof0QzSXC1OvK0aFSw", "node.id": "t9hfPgy_RyC9LOJUxQUrSQ"  }
{"type": "server", "timestamp": "2022-03-29T09:43:28,051Z", "level": "WARN", "component": "o.e.t.ThreadPool", "cluster.name": "tpotcluster", "node.name": "tpotcluster-node-01", "message": "timer thread slept for [47.5s/47518666674ns] on relative clock which is above the warn threshold of [5000ms]", "cluster.uuid": "Qbw2pof0QzSXC1OvK0aFSw", "node.id": "t9hfPgy_RyC9LOJUxQUrSQ"  }
{"type": "server", "timestamp": "2022-03-29T09:43:47,068Z", "level": "WARN", "component": "o.e.t.ThreadPool", "cluster.name": "tpotcluster", "node.name": "tpotcluster-node-01", "message": "timer thread slept for [39s/39048ms] on absolute clock which is above the warn threshold of [5000ms]", "cluster.uuid": "Qbw2pof0QzSXC1OvK0aFSw", "node.id": "t9hfPgy_RyC9LOJUxQUrSQ"  }
{"type": "server", "timestamp": "2022-03-29T09:44:31,863Z", "level": "WARN", "component": "o.e.t.ThreadPool", "cluster.name": "tpotcluster", "node.name": "tpotcluster-node-01", "message": "timer thread slept for [39s/39048090772ns] on relative clock which is above the warn threshold of [5000ms]", "cluster.uuid": "Qbw2pof0QzSXC1OvK0aFSw", "node.id": "t9hfPgy_RyC9LOJUxQUrSQ"  }
{"type": "server", "timestamp": "2022-03-29T09:44:50,330Z", "level": "WARN", "component": "o.e.t.ThreadPool", "cluster.name": "tpotcluster", "node.name": "tpotcluster-node-01", "message": "timer thread slept for [1m/64414ms] on absolute clock which is above the warn threshold of [5000ms]", "cluster.uuid": "Qbw2pof0QzSXC1OvK0aFSw", "node.id": "t9hfPgy_RyC9LOJUxQUrSQ"  }
{"type": "server", "timestamp": "2022-03-29T09:45:10,892Z", "level": "WARN", "component": "o.e.t.ThreadPool", "cluster.name": "tpotcluster", "node.name": "tpotcluster-node-01", "message": "timer thread slept for [1m/64414183300ns] on relative clock which is above the warn threshold of [5000ms]", "cluster.uuid": "Qbw2pof0QzSXC1OvK0aFSw", "node.id": "t9hfPgy_RyC9LOJUxQUrSQ"  }
{"type": "server", "timestamp": "2022-03-29T09:45:27,692Z", "level": "WARN", "component": "o.e.t.ThreadPool", "cluster.name": "tpotcluster", "node.name": "tpotcluster-node-01", "message": "timer thread slept for [37s/37038ms] on absolute clock which is above the warn threshold of [5000ms]", "cluster.uuid": "Qbw2pof0QzSXC1OvK0aFSw", "node.id": "t9hfPgy_RyC9LOJUxQUrSQ"  }
{"type": "server", "timestamp": "2022-03-29T09:45:48,275Z", "level": "WARN", "component": "o.e.t.ThreadPool", "cluster.name": "tpotcluster", "node.name": "tpotcluster-node-01", "message": "timer thread slept for [37s/37038166201ns] on relative clock which is above the warn threshold of [5000ms]", "cluster.uuid": "Qbw2pof0QzSXC1OvK0aFSw", "node.id": "t9hfPgy_RyC9LOJUxQUrSQ"  }
{"type": "server", "timestamp": "2022-03-29T09:46:12,889Z", "level": "WARN", "component": "o.e.t.ThreadPool", "cluster.name": "tpotcluster", "node.name": "tpotcluster-node-01", "message": "timer thread slept for [39.1s/39157ms] on absolute clock which is above the warn threshold of [5000ms]", "cluster.uuid": "Qbw2pof0QzSXC1OvK0aFSw", "node.id": "t9hfPgy_RyC9LOJUxQUrSQ"  }
{"type": "server", "timestamp": "2022-03-29T09:46:40,221Z", "level": "WARN", "component": "o.e.t.ThreadPool", "cluster.name": "tpotcluster", "node.name": "tpotcluster-node-01", "message": "timer thread slept for [39.1s/39156553167ns] on relative clock which is above the warn threshold of [5000ms]", "cluster.uuid": "Qbw2pof0QzSXC1OvK0aFSw", "node.id": "t9hfPgy_RyC9LOJUxQUrSQ"  }
{"type": "server", "timestamp": "2022-03-29T09:46:58,973Z", "level": "WARN", "component": "o.e.t.ThreadPool", "cluster.name": "tpotcluster", "node.name": "tpotcluster-node-01", "message": "timer thread slept for [51.7s/51763ms] on absolute clock which is above the warn threshold of [5000ms]", "cluster.uuid": "Qbw2pof0QzSXC1OvK0aFSw", "node.id": "t9hfPgy_RyC9LOJUxQUrSQ"  }
{"type": "server", "timestamp": "2022-03-29T09:47:18,818Z", "level": "WARN", "component": "o.e.t.ThreadPool", "cluster.name": "tpotcluster", "node.name": "tpotcluster-node-01", "message": "timer thread slept for [51.7s/51762940989ns] on relative clock which is above the warn threshold of [5000ms]", "cluster.uuid": "Qbw2pof0QzSXC1OvK0aFSw", "node.id": "t9hfPgy_RyC9LOJUxQUrSQ"  }
{"type": "server", "timestamp": "2022-03-29T09:47:49,766Z", "level": "WARN", "component": "o.e.t.ThreadPool", "cluster.name": "tpotcluster", "node.name": "tpotcluster-node-01", "message": "timer thread slept for [49.1s/49174ms] on absolute clock which is above the warn threshold of [5000ms]", "cluster.uuid": "Qbw2pof0QzSXC1OvK0aFSw", "node.id": "t9hfPgy_RyC9LOJUxQUrSQ"  }
{"type": "server", "timestamp": "2022-03-29T09:48:16,378Z", "level": "WARN", "component": "o.e.t.ThreadPool", "cluster.name": "tpotcluster", "node.name": "tpotcluster-node-01", "message": "timer thread slept for [49.1s/49174324705ns] on relative clock which is above the warn threshold of [5000ms]", "cluster.uuid": "Qbw2pof0QzSXC1OvK0aFSw", "node.id": "t9hfPgy_RyC9LOJUxQUrSQ"  }
{"type": "server", "timestamp": "2022-03-29T09:48:43,327Z", "level": "WARN", "component": "o.e.t.ThreadPool", "cluster.name": "tpotcluster", "node.name": "tpotcluster-node-01", "message": "timer thread slept for [54.1s/54120ms] on absolute clock which is above the warn threshold of [5000ms]", "cluster.uuid": "Qbw2pof0QzSXC1OvK0aFSw", "node.id": "t9hfPgy_RyC9LOJUxQUrSQ"  }
{"type": "server", "timestamp": "2022-03-29T09:49:07,756Z", "level": "WARN", "component": "o.e.t.ThreadPool", "cluster.name": "tpotcluster", "node.name": "tpotcluster-node-01", "message": "timer thread slept for [54.1s/54119714587ns] on relative clock which is above the warn threshold of [5000ms]", "cluster.uuid": "Qbw2pof0QzSXC1OvK0aFSw", "node.id": "t9hfPgy_RyC9LOJUxQUrSQ"  }
{"type": "server", "timestamp": "2022-03-29T09:49:36,469Z", "level": "WARN", "component": "o.e.t.ThreadPool", "cluster.name": "tpotcluster", "node.name": "tpotcluster-node-01", "message": "timer thread slept for [52.8s/52814ms] on absolute clock which is above the warn threshold of [5000ms]", "cluster.uuid": "Qbw2pof0QzSXC1OvK0aFSw", "node.id": "t9hfPgy_RyC9LOJUxQUrSQ"  }
{"type": "server", "timestamp": "2022-03-29T09:49:58,832Z", "level": "WARN", "component": "o.e.t.ThreadPool", "cluster.name": "tpotcluster", "node.name": "tpotcluster-node-01", "message": "timer thread slept for [52.8s/52814458261ns] on relative clock which is above the warn threshold of [5000ms]", "cluster.uuid": "Qbw2pof0QzSXC1OvK0aFSw", "node.id": "t9hfPgy_RyC9LOJUxQUrSQ"  }
{"type": "server", "timestamp": "2022-03-29T09:50:12,355Z", "level": "WARN", "component": "o.e.t.ThreadPool", "cluster.name": "tpotcluster", "node.name": "tpotcluster-node-01", "message": "timer thread slept for [38.7s/38765ms] on absolute clock which is above the warn threshold of [5000ms]", "cluster.uuid": "Qbw2pof0QzSXC1OvK0aFSw", "node.id": "t9hfPgy_RyC9LOJUxQUrSQ"  }
{"type": "server", "timestamp": "2022-03-29T09:50:23,460Z", "level": "WARN", "component": "o.e.t.ThreadPool", "cluster.name": "tpotcluster", "node.name": "tpotcluster-node-01", "message": "timer thread slept for [38.7s/38764797725ns] on relative clock which is above the warn threshold of [5000ms]", "cluster.uuid": "Qbw2pof0QzSXC1OvK0aFSw", "node.id": "t9hfPgy_RyC9LOJUxQUrSQ"  }
{"type": "server", "timestamp": "2022-03-29T09:50:38,278Z", "level": "WARN", "component": "o.e.t.ThreadPool", "cluster.name": "tpotcluster", "node.name": "tpotcluster-node-01", "message": "timer thread slept for [25.5s/25577ms] on absolute clock which is above the warn threshold of [5000ms]", "cluster.uuid": "Qbw2pof0QzSXC1OvK0aFSw", "node.id": "t9hfPgy_RyC9LOJUxQUrSQ"  }
{"type": "server", "timestamp": "2022-03-29T09:50:50,922Z", "level": "WARN", "component": "o.e.t.ThreadPool", "cluster.name": "tpotcluster", "node.name": "tpotcluster-node-01", "message": "timer thread slept for [25.5s/25576637828ns] on relative clock which is above the warn threshold of [5000ms]", "cluster.uuid": "Qbw2pof0QzSXC1OvK0aFSw", "node.id": "t9hfPgy_RyC9LOJUxQUrSQ"  }
{"type": "server", "timestamp": "2022-03-29T09:51:02,143Z", "level": "WARN", "component": "o.e.t.ThreadPool", "cluster.name": "tpotcluster", "node.name": "tpotcluster-node-01", "message": "timer thread slept for [24.2s/24260ms] on absolute clock which is above the warn threshold of [5000ms]", "cluster.uuid": "Qbw2pof0QzSXC1OvK0aFSw", "node.id": "t9hfPgy_RyC9LOJUxQUrSQ"  }
{"type": "server", "timestamp": "2022-03-29T09:51:12,360Z", "level": "WARN", "component": "o.e.t.ThreadPool", "cluster.name": "tpotcluster", "node.name": "tpotcluster-node-01", "message": "timer thread slept for [24.2s/24260414880ns] on relative clock which is above the warn threshold of [5000ms]", "cluster.uuid": "Qbw2pof0QzSXC1OvK0aFSw", "node.id": "t9hfPgy_RyC9LOJUxQUrSQ"  }
{"type": "server", "timestamp": "2022-03-29T09:51:23,886Z", "level": "WARN", "component": "o.e.t.ThreadPool", "cluster.name": "tpotcluster", "node.name": "tpotcluster-node-01", "message": "timer thread slept for [22.3s/22390ms] on absolute clock which is above the warn threshold of [5000ms]", "cluster.uuid": "Qbw2pof0QzSXC1OvK0aFSw", "node.id": "t9hfPgy_RyC9LOJUxQUrSQ"  }
{"type": "server", "timestamp": "2022-03-29T09:51:33,412Z", "level": "WARN", "component": "o.e.t.ThreadPool", "cluster.name": "tpotcluster", "node.name": "tpotcluster-node-01", "message": "timer thread slept for [22.3s/22389734371ns] on relative clock which is above the warn threshold of [5000ms]", "cluster.uuid": "Qbw2pof0QzSXC1OvK0aFSw", "node.id": "t9hfPgy_RyC9LOJUxQUrSQ"  }
{"type": "server", "timestamp": "2022-03-29T09:51:42,454Z", "level": "WARN", "component": "o.e.t.ThreadPool", "cluster.name": "tpotcluster", "node.name": "tpotcluster-node-01", "message": "timer thread slept for [18s/18085ms] on absolute clock which is above the warn threshold of [5000ms]", "cluster.uuid": "Qbw2pof0QzSXC1OvK0aFSw", "node.id": "t9hfPgy_RyC9LOJUxQUrSQ"  }
{"type": "server", "timestamp": "2022-03-29T09:51:55,197Z", "level": "WARN", "component": "o.e.t.ThreadPool", "cluster.name": "tpotcluster", "node.name": "tpotcluster-node-01", "message": "timer thread slept for [18s/18085229967ns] on relative clock which is above the warn threshold of [5000ms]", "cluster.uuid": "Qbw2pof0QzSXC1OvK0aFSw", "node.id": "t9hfPgy_RyC9LOJUxQUrSQ"  }
{"type": "server", "timestamp": "2022-03-29T09:52:01,933Z", "level": "WARN", "component": "o.e.t.ThreadPool", "cluster.name": "tpotcluster", "node.name": "tpotcluster-node-01", "message": "timer thread slept for [19.7s/19790ms] on absolute clock which is above the warn threshold of [5000ms]", "cluster.uuid": "Qbw2pof0QzSXC1OvK0aFSw", "node.id": "t9hfPgy_RyC9LOJUxQUrSQ"  }
{"type": "server", "timestamp": "2022-03-29T09:52:08,175Z", "level": "WARN", "component": "o.e.t.ThreadPool", "cluster.name": "tpotcluster", "node.name": "tpotcluster-node-01", "message": "timer thread slept for [19.7s/19789469857ns] on relative clock which is above the warn threshold of [5000ms]", "cluster.uuid": "Qbw2pof0QzSXC1OvK0aFSw", "node.id": "t9hfPgy_RyC9LOJUxQUrSQ"  }
{"type": "server", "timestamp": "2022-03-29T09:52:16,679Z", "level": "WARN", "component": "o.e.t.ThreadPool", "cluster.name": "tpotcluster", "node.name": "tpotcluster-node-01", "message": "timer thread slept for [14.3s/14394ms] on absolute clock which is above the warn threshold of [5000ms]", "cluster.uuid": "Qbw2pof0QzSXC1OvK0aFSw", "node.id": "t9hfPgy_RyC9LOJUxQUrSQ"  }
{"type": "server", "timestamp": "2022-03-29T09:52:24,078Z", "level": "WARN", "component": "o.e.t.ThreadPool", "cluster.name": "tpotcluster", "node.name": "tpotcluster-node-01", "message": "timer thread slept for [14.3s/14394642839ns] on relative clock which is above the warn threshold of [5000ms]", "cluster.uuid": "Qbw2pof0QzSXC1OvK0aFSw", "node.id": "t9hfPgy_RyC9LOJUxQUrSQ"  }
{"type": "server", "timestamp": "2022-03-29T09:52:34,279Z", "level": "WARN", "component": "o.e.t.ThreadPool", "cluster.name": "tpotcluster", "node.name": "tpotcluster-node-01", "message": "timer thread slept for [17.2s/17243ms] on absolute clock which is above the warn threshold of [5000ms]", "cluster.uuid": "Qbw2pof0QzSXC1OvK0aFSw", "node.id": "t9hfPgy_RyC9LOJUxQUrSQ"  }
{"type": "server", "timestamp": "2022-03-29T09:52:44,981Z", "level": "WARN", "component": "o.e.t.ThreadPool", "cluster.name": "tpotcluster", "node.name": "tpotcluster-node-01", "message": "timer thread slept for [17.2s/17242929191ns] on relative clock which is above the warn threshold of [5000ms]", "cluster.uuid": "Qbw2pof0QzSXC1OvK0aFSw", "node.id": "t9hfPgy_RyC9LOJUxQUrSQ"  }
{"type": "server", "timestamp": "2022-03-29T09:53:30,361Z", "level": "WARN", "component": "o.e.t.ThreadPool", "cluster.name": "tpotcluster", "node.name": "tpotcluster-node-01", "message": "timer thread slept for [53.2s/53291ms] on absolute clock which is above the warn threshold of [5000ms]", "cluster.uuid": "Qbw2pof0QzSXC1OvK0aFSw", "node.id": "t9hfPgy_RyC9LOJUxQUrSQ"  }
{"type": "server", "timestamp": "2022-03-29T09:53:39,405Z", "level": "WARN", "component": "o.e.t.ThreadPool", "cluster.name": "tpotcluster", "node.name": "tpotcluster-node-01", "message": "timer thread slept for [53.2s/53290835861ns] on relative clock which is above the warn threshold of [5000ms]", "cluster.uuid": "Qbw2pof0QzSXC1OvK0aFSw", "node.id": "t9hfPgy_RyC9LOJUxQUrSQ"  }
{"type": "server", "timestamp": "2022-03-29T09:53:53,640Z", "level": "WARN", "component": "o.e.t.ThreadPool", "cluster.name": "tpotcluster", "node.name": "tpotcluster-node-01", "message": "timer thread slept for [24.6s/24644ms] on absolute clock which is above the warn threshold of [5000ms]", "cluster.uuid": "Qbw2pof0QzSXC1OvK0aFSw", "node.id": "t9hfPgy_RyC9LOJUxQUrSQ"  }
{"type": "server", "timestamp": "2022-03-29T09:54:06,326Z", "level": "WARN", "component": "o.e.t.ThreadPool", "cluster.name": "tpotcluster", "node.name": "tpotcluster-node-01", "message": "timer thread slept for [24.6s/24644135483ns] on relative clock which is above the warn threshold of [5000ms]", "cluster.uuid": "Qbw2pof0QzSXC1OvK0aFSw", "node.id": "t9hfPgy_RyC9LOJUxQUrSQ"  }
{"type": "server", "timestamp": "2022-03-29T09:54:19,956Z", "level": "WARN", "component": "o.e.t.ThreadPool", "cluster.name": "tpotcluster", "node.name": "tpotcluster-node-01", "message": "timer thread slept for [27.6s/27656ms] on absolute clock which is above the warn threshold of [5000ms]", "cluster.uuid": "Qbw2pof0QzSXC1OvK0aFSw", "node.id": "t9hfPgy_RyC9LOJUxQUrSQ"  }
{"type": "server", "timestamp": "2022-03-29T09:54:31,775Z", "level": "WARN", "component": "o.e.t.ThreadPool", "cluster.name": "tpotcluster", "node.name": "tpotcluster-node-01", "message": "timer thread slept for [27.6s/27655831059ns] on relative clock which is above the warn threshold of [5000ms]", "cluster.uuid": "Qbw2pof0QzSXC1OvK0aFSw", "node.id": "t9hfPgy_RyC9LOJUxQUrSQ"  }
{"type": "server", "timestamp": "2022-03-29T09:54:39,134Z", "level": "WARN", "component": "o.e.t.ThreadPool", "cluster.name": "tpotcluster", "node.name": "tpotcluster-node-01", "message": "timer thread slept for [20.1s/20122ms] on absolute clock which is above the warn threshold of [5000ms]", "cluster.uuid": "Qbw2pof0QzSXC1OvK0aFSw", "node.id": "t9hfPgy_RyC9LOJUxQUrSQ"  }
{"type": "server", "timestamp": "2022-03-29T09:54:47,507Z", "level": "WARN", "component": "o.e.t.ThreadPool", "cluster.name": "tpotcluster", "node.name": "tpotcluster-node-01", "message": "timer thread slept for [20.1s/20122099103ns] on relative clock which is above the warn threshold of [5000ms]", "cluster.uuid": "Qbw2pof0QzSXC1OvK0aFSw", "node.id": "t9hfPgy_RyC9LOJUxQUrSQ"  }
{"type": "server", "timestamp": "2022-03-29T09:54:55,374Z", "level": "WARN", "component": "o.e.t.ThreadPool", "cluster.name": "tpotcluster", "node.name": "tpotcluster-node-01", "message": "timer thread slept for [15.6s/15693ms] on absolute clock which is above the warn threshold of [5000ms]", "cluster.uuid": "Qbw2pof0QzSXC1OvK0aFSw", "node.id": "t9hfPgy_RyC9LOJUxQUrSQ"  }
{"type": "server", "timestamp": "2022-03-29T09:55:02,870Z", "level": "WARN", "component": "o.e.t.ThreadPool", "cluster.name": "tpotcluster", "node.name": "tpotcluster-node-01", "message": "timer thread slept for [15.6s/15693416817ns] on relative clock which is above the warn threshold of [5000ms]", "cluster.uuid": "Qbw2pof0QzSXC1OvK0aFSw", "node.id": "t9hfPgy_RyC9LOJUxQUrSQ"  }
{"type": "server", "timestamp": "2022-03-29T09:55:14,381Z", "level": "WARN", "component": "o.e.t.ThreadPool", "cluster.name": "tpotcluster", "node.name": "tpotcluster-node-01", "message": "timer thread slept for [17.6s/17637ms] on absolute clock which is above the warn threshold of [5000ms]", "cluster.uuid": "Qbw2pof0QzSXC1OvK0aFSw", "node.id": "t9hfPgy_RyC9LOJUxQUrSQ"  }
{"type": "server", "timestamp": "2022-03-29T09:55:29,414Z", "level": "WARN", "component": "o.e.t.ThreadPool", "cluster.name": "tpotcluster", "node.name": "tpotcluster-node-01", "message": "timer thread slept for [17.6s/17636746747ns] on relative clock which is above the warn threshold of [5000ms]", "cluster.uuid": "Qbw2pof0QzSXC1OvK0aFSw", "node.id": "t9hfPgy_RyC9LOJUxQUrSQ"  }
{"type": "server", "timestamp": "2022-03-29T09:55:47,554Z", "level": "WARN", "component": "o.e.t.ThreadPool", "cluster.name": "tpotcluster", "node.name": "tpotcluster-node-01", "message": "timer thread slept for [35s/35093ms] on absolute clock which is above the warn threshold of [5000ms]", "cluster.uuid": "Qbw2pof0QzSXC1OvK0aFSw", "node.id": "t9hfPgy_RyC9LOJUxQUrSQ"  }
{"type": "server", "timestamp": "2022-03-29T09:55:57,895Z", "level": "WARN", "component": "o.e.t.ThreadPool", "cluster.name": "tpotcluster", "node.name": "tpotcluster-node-01", "message": "timer thread slept for [35s/35092991164ns] on relative clock which is above the warn threshold of [5000ms]", "cluster.uuid": "Qbw2pof0QzSXC1OvK0aFSw", "node.id": "t9hfPgy_RyC9LOJUxQUrSQ"  }
{"type": "server", "timestamp": "2022-03-29T09:56:11,148Z", "level": "WARN", "component": "o.e.t.ThreadPool", "cluster.name": "tpotcluster", "node.name": "tpotcluster-node-01", "message": "timer thread slept for [22.3s/22392ms] on absolute clock which is above the warn threshold of [5000ms]", "cluster.uuid": "Qbw2pof0QzSXC1OvK0aFSw", "node.id": "t9hfPgy_RyC9LOJUxQUrSQ"  }
{"type": "server", "timestamp": "2022-03-29T09:56:29,587Z", "level": "WARN", "component": "o.e.t.ThreadPool", "cluster.name": "tpotcluster", "node.name": "tpotcluster-node-01", "message": "timer thread slept for [22.3s/22391794754ns] on relative clock which is above the warn threshold of [5000ms]", "cluster.uuid": "Qbw2pof0QzSXC1OvK0aFSw", "node.id": "t9hfPgy_RyC9LOJUxQUrSQ"  }
{"type": "server", "timestamp": "2022-03-29T09:56:45,508Z", "level": "WARN", "component": "o.e.t.ThreadPool", "cluster.name": "tpotcluster", "node.name": "tpotcluster-node-01", "message": "timer thread slept for [33.3s/33378ms] on absolute clock which is above the warn threshold of [5000ms]", "cluster.uuid": "Qbw2pof0QzSXC1OvK0aFSw", "node.id": "t9hfPgy_RyC9LOJUxQUrSQ"  }
{"type": "server", "timestamp": "2022-03-29T09:59:14,889Z", "level": "WARN", "component": "o.e.t.ThreadPool", "cluster.name": "tpotcluster", "node.name": "tpotcluster-node-01", "message": "timer thread slept for [33.3s/33377869913ns] on relative clock which is above the warn threshold of [5000ms]", "cluster.uuid": "Qbw2pof0QzSXC1OvK0aFSw", "node.id": "t9hfPgy_RyC9LOJUxQUrSQ"  }
{"type": "server", "timestamp": "2022-03-29T10:02:29,329Z", "level": "WARN", "component": "o.e.t.ThreadPool", "cluster.name": "tpotcluster", "node.name": "tpotcluster-node-01", "message": "timer thread slept for [5.4m/328850ms] on absolute clock which is above the warn threshold of [5000ms]", "cluster.uuid": "Qbw2pof0QzSXC1OvK0aFSw", "node.id": "t9hfPgy_RyC9LOJUxQUrSQ"  }
{"type": "server", "timestamp": "2022-03-29T10:05:23,347Z", "level": "WARN", "component": "o.e.t.ThreadPool", "cluster.name": "tpotcluster", "node.name": "tpotcluster-node-01", "message": "timer thread slept for [5.4m/328849722995ns] on relative clock which is above the warn threshold of [5000ms]", "cluster.uuid": "Qbw2pof0QzSXC1OvK0aFSw", "node.id": "t9hfPgy_RyC9LOJUxQUrSQ"  }
{"type": "server", "timestamp": "2022-03-29T10:09:06,226Z", "level": "WARN", "component": "o.e.t.ThreadPool", "cluster.name": "tpotcluster", "node.name": "tpotcluster-node-01", "message": "timer thread slept for [6.5m/393611ms] on absolute clock which is above the warn threshold of [5000ms]", "cluster.uuid": "Qbw2pof0QzSXC1OvK0aFSw", "node.id": "t9hfPgy_RyC9LOJUxQUrSQ"  }
{"type": "server", "timestamp": "2022-03-29T10:12:29,653Z", "level": "WARN", "component": "o.e.t.ThreadPool", "cluster.name": "tpotcluster", "node.name": "tpotcluster-node-01", "message": "timer thread slept for [6.5m/393198815842ns] on relative clock which is above the warn threshold of [5000ms]", "cluster.uuid": "Qbw2pof0QzSXC1OvK0aFSw", "node.id": "t9hfPgy_RyC9LOJUxQUrSQ"  }
{"type": "server", "timestamp": "2022-03-29T10:16:09,642Z", "level": "WARN", "component": "o.e.t.ThreadPool", "cluster.name": "tpotcluster", "node.name": "tpotcluster-node-01", "message": "timer thread slept for [6.6m/397310ms] on absolute clock which is above the warn threshold of [5000ms]", "cluster.uuid": "Qbw2pof0QzSXC1OvK0aFSw", "node.id": "t9hfPgy_RyC9LOJUxQUrSQ"  }
{"type": "server", "timestamp": "2022-03-29T10:19:10,453Z", "level": "WARN", "component": "o.e.t.ThreadPool", "cluster.name": "tpotcluster", "node.name": "tpotcluster-node-01", "message": "timer thread slept for [6.6m/397722678498ns] on relative clock which is above the warn threshold of [5000ms]", "cluster.uuid": "Qbw2pof0QzSXC1OvK0aFSw", "node.id": "t9hfPgy_RyC9LOJUxQUrSQ"  }
{"type": "server", "timestamp": "2022-03-29T10:22:19,707Z", "level": "WARN", "component": "o.e.t.ThreadPool", "cluster.name": "tpotcluster", "node.name": "tpotcluster-node-01", "message": "timer thread slept for [6.7m/403494ms] on absolute clock which is above the warn threshold of [5000ms]", "cluster.uuid": "Qbw2pof0QzSXC1OvK0aFSw", "node.id": "t9hfPgy_RyC9LOJUxQUrSQ"  }
{"type": "server", "timestamp": "2022-03-29T10:25:30,504Z", "level": "WARN", "component": "o.e.t.ThreadPool", "cluster.name": "tpotcluster", "node.name": "tpotcluster-node-01", "message": "timer thread slept for [6.7m/403493922083ns] on relative clock which is above the warn threshold of [5000ms]", "cluster.uuid": "Qbw2pof0QzSXC1OvK0aFSw", "node.id": "t9hfPgy_RyC9LOJUxQUrSQ"  }
{"type": "server", "timestamp": "2022-03-29T10:28:40,076Z", "level": "WARN", "component": "o.e.t.ThreadPool", "cluster.name": "tpotcluster", "node.name": "tpotcluster-node-01", "message": "timer thread slept for [6.1m/370619ms] on absolute clock which is above the warn threshold of [5000ms]", "cluster.uuid": "Qbw2pof0QzSXC1OvK0aFSw", "node.id": "t9hfPgy_RyC9LOJUxQUrSQ"  }
{"type": "server", "timestamp": "2022-03-29T10:32:00,537Z", "level": "WARN", "component": "o.e.t.ThreadPool", "cluster.name": "tpotcluster", "node.name": "tpotcluster-node-01", "message": "timer thread slept for [6.1m/370619121049ns] on relative clock which is above the warn threshold of [5000ms]", "cluster.uuid": "Qbw2pof0QzSXC1OvK0aFSw", "node.id": "t9hfPgy_RyC9LOJUxQUrSQ"  }
{"type": "server", "timestamp": "2022-03-29T10:35:58,316Z", "level": "WARN", "component": "o.e.t.ThreadPool", "cluster.name": "tpotcluster", "node.name": "tpotcluster-node-01", "message": "timer thread slept for [7.1m/431821ms] on absolute clock which is above the warn threshold of [5000ms]", "cluster.uuid": "Qbw2pof0QzSXC1OvK0aFSw", "node.id": "t9hfPgy_RyC9LOJUxQUrSQ"  }
{"type": "server", "timestamp": "2022-03-29T10:40:05,523Z", "level": "WARN", "component": "o.e.t.ThreadPool", "cluster.name": "tpotcluster", "node.name": "tpotcluster-node-01", "message": "timer thread slept for [7.1m/431532681379ns] on relative clock which is above the warn threshold of [5000ms]", "cluster.uuid": "Qbw2pof0QzSXC1OvK0aFSw", "node.id": "t9hfPgy_RyC9LOJUxQUrSQ"  }
{"type": "server", "timestamp": "2022-03-29T10:49:02,968Z", "level": "INFO", "component": "o.e.n.Node", "cluster.name": "tpotcluster", "node.name": "tpotcluster-node-01", "message": "version[7.17.0], pid[1], build[default/tar/bee86328705acaa9a6daede7140defd4d9ec56bd/2022-01-28T08:36:04.875279988Z], OS[Linux/4.19.0-20-cloud-amd64/amd64], JVM[Alpine/OpenJDK 64-Bit Server VM/16.0.2/16.0.2+7-alpine-r1]" }
{"type": "server", "timestamp": "2022-03-29T10:49:03,043Z", "level": "INFO", "component": "o.e.n.Node", "cluster.name": "tpotcluster", "node.name": "tpotcluster-node-01", "message": "JVM home [/usr/lib/jvm/java-16-openjdk], using bundled JDK [false]" }
{"type": "server", "timestamp": "2022-03-29T10:49:03,045Z", "level": "INFO", "component": "o.e.n.Node", "cluster.name": "tpotcluster", "node.name": "tpotcluster-node-01", "message": "JVM arguments [-Xshare:auto, -Des.networkaddress.cache.ttl=60, -Des.networkaddress.cache.negative.ttl=10, -XX:+AlwaysPreTouch, -Xss1m, -Djava.awt.headless=true, -Dfile.encoding=UTF-8, -Djna.nosys=true, -XX:-OmitStackTraceInFastThrow, -XX:+ShowCodeDetailsInExceptionMessages, -Dio.netty.noUnsafe=true, -Dio.netty.noKeySetOptimization=true, -Dio.netty.recycler.maxCapacityPerThread=0, -Dio.netty.allocator.numDirectArenas=0, -Dlog4j.shutdownHookEnabled=false, -Dlog4j2.disable.jmx=true, -Dlog4j2.formatMsgNoLookups=true, -Djava.locale.providers=SPI,COMPAT, --add-opens=java.base/java.io=ALL-UNNAMED, -XX:+UseG1GC, -Djava.io.tmpdir=/tmp, -XX:+HeapDumpOnOutOfMemoryError, -XX:+ExitOnOutOfMemoryError, -XX:HeapDumpPath=data, -XX:ErrorFile=logs/hs_err_pid%p.log, -Xlog:gc*,gc+age=trace,safepoint:file=logs/gc.log:utctime,pid,tags:filecount=32,filesize=64m, -Xms2048m, -Xmx2048m, -XX:MaxDirectMemorySize=1073741824, -XX:G1HeapRegionSize=4m, -XX:InitiatingHeapOccupancyPercent=30, -XX:G1ReservePercent=15, -Des.path.home=/usr/share/elasticsearch, -Des.path.conf=/usr/share/elasticsearch/config, -Des.distribution.flavor=default, -Des.distribution.type=tar, -Des.bundled_jdk=true]" }
{"type": "server", "timestamp": "2022-03-29T10:49:09,445Z", "level": "INFO", "component": "o.e.p.PluginsService", "cluster.name": "tpotcluster", "node.name": "tpotcluster-node-01", "message": "loaded module [aggs-matrix-stats]" }
{"type": "server", "timestamp": "2022-03-29T10:49:09,449Z", "level": "INFO", "component": "o.e.p.PluginsService", "cluster.name": "tpotcluster", "node.name": "tpotcluster-node-01", "message": "loaded module [analysis-common]" }
{"type": "server", "timestamp": "2022-03-29T10:49:09,450Z", "level": "INFO", "component": "o.e.p.PluginsService", "cluster.name": "tpotcluster", "node.name": "tpotcluster-node-01", "message": "loaded module [constant-keyword]" }
{"type": "server", "timestamp": "2022-03-29T10:49:09,451Z", "level": "INFO", "component": "o.e.p.PluginsService", "cluster.name": "tpotcluster", "node.name": "tpotcluster-node-01", "message": "loaded module [frozen-indices]" }
{"type": "server", "timestamp": "2022-03-29T10:49:09,452Z", "level": "INFO", "component": "o.e.p.PluginsService", "cluster.name": "tpotcluster", "node.name": "tpotcluster-node-01", "message": "loaded module [ingest-common]" }
{"type": "server", "timestamp": "2022-03-29T10:49:09,453Z", "level": "INFO", "component": "o.e.p.PluginsService", "cluster.name": "tpotcluster", "node.name": "tpotcluster-node-01", "message": "loaded module [ingest-geoip]" }
{"type": "server", "timestamp": "2022-03-29T10:49:09,454Z", "level": "INFO", "component": "o.e.p.PluginsService", "cluster.name": "tpotcluster", "node.name": "tpotcluster-node-01", "message": "loaded module [ingest-user-agent]" }
{"type": "server", "timestamp": "2022-03-29T10:49:09,455Z", "level": "INFO", "component": "o.e.p.PluginsService", "cluster.name": "tpotcluster", "node.name": "tpotcluster-node-01", "message": "loaded module [kibana]" }
{"type": "server", "timestamp": "2022-03-29T10:49:09,457Z", "level": "INFO", "component": "o.e.p.PluginsService", "cluster.name": "tpotcluster", "node.name": "tpotcluster-node-01", "message": "loaded module [lang-expression]" }
{"type": "server", "timestamp": "2022-03-29T10:49:09,458Z", "level": "INFO", "component": "o.e.p.PluginsService", "cluster.name": "tpotcluster", "node.name": "tpotcluster-node-01", "message": "loaded module [lang-mustache]" }
{"type": "server", "timestamp": "2022-03-29T10:49:09,459Z", "level": "INFO", "component": "o.e.p.PluginsService", "cluster.name": "tpotcluster", "node.name": "tpotcluster-node-01", "message": "loaded module [lang-painless]" }
{"type": "server", "timestamp": "2022-03-29T10:49:09,460Z", "level": "INFO", "component": "o.e.p.PluginsService", "cluster.name": "tpotcluster", "node.name": "tpotcluster-node-01", "message": "loaded module [legacy-geo]" }
{"type": "server", "timestamp": "2022-03-29T10:49:09,462Z", "level": "INFO", "component": "o.e.p.PluginsService", "cluster.name": "tpotcluster", "node.name": "tpotcluster-node-01", "message": "loaded module [mapper-extras]" }
{"type": "server", "timestamp": "2022-03-29T10:49:09,463Z", "level": "INFO", "component": "o.e.p.PluginsService", "cluster.name": "tpotcluster", "node.name": "tpotcluster-node-01", "message": "loaded module [mapper-version]" }
{"type": "server", "timestamp": "2022-03-29T10:49:09,464Z", "level": "INFO", "component": "o.e.p.PluginsService", "cluster.name": "tpotcluster", "node.name": "tpotcluster-node-01", "message": "loaded module [parent-join]" }
{"type": "server", "timestamp": "2022-03-29T10:49:09,465Z", "level": "INFO", "component": "o.e.p.PluginsService", "cluster.name": "tpotcluster", "node.name": "tpotcluster-node-01", "message": "loaded module [percolator]" }
{"type": "server", "timestamp": "2022-03-29T10:49:09,466Z", "level": "INFO", "component": "o.e.p.PluginsService", "cluster.name": "tpotcluster", "node.name": "tpotcluster-node-01", "message": "loaded module [rank-eval]" }
{"type": "server", "timestamp": "2022-03-29T10:49:09,467Z", "level": "INFO", "component": "o.e.p.PluginsService", "cluster.name": "tpotcluster", "node.name": "tpotcluster-node-01", "message": "loaded module [reindex]" }
{"type": "server", "timestamp": "2022-03-29T10:49:09,468Z", "level": "INFO", "component": "o.e.p.PluginsService", "cluster.name": "tpotcluster", "node.name": "tpotcluster-node-01", "message": "loaded module [repositories-metering-api]" }
{"type": "server", "timestamp": "2022-03-29T10:49:09,470Z", "level": "INFO", "component": "o.e.p.PluginsService", "cluster.name": "tpotcluster", "node.name": "tpotcluster-node-01", "message": "loaded module [repository-encrypted]" }
{"type": "server", "timestamp": "2022-03-29T10:49:09,471Z", "level": "INFO", "component": "o.e.p.PluginsService", "cluster.name": "tpotcluster", "node.name": "tpotcluster-node-01", "message": "loaded module [repository-url]" }
{"type": "server", "timestamp": "2022-03-29T10:49:09,472Z", "level": "INFO", "component": "o.e.p.PluginsService", "cluster.name": "tpotcluster", "node.name": "tpotcluster-node-01", "message": "loaded module [runtime-fields-common]" }
{"type": "server", "timestamp": "2022-03-29T10:49:09,474Z", "level": "INFO", "component": "o.e.p.PluginsService", "cluster.name": "tpotcluster", "node.name": "tpotcluster-node-01", "message": "loaded module [search-business-rules]" }
{"type": "server", "timestamp": "2022-03-29T10:49:09,475Z", "level": "INFO", "component": "o.e.p.PluginsService", "cluster.name": "tpotcluster", "node.name": "tpotcluster-node-01", "message": "loaded module [searchable-snapshots]" }
{"type": "server", "timestamp": "2022-03-29T10:49:09,476Z", "level": "INFO", "component": "o.e.p.PluginsService", "cluster.name": "tpotcluster", "node.name": "tpotcluster-node-01", "message": "loaded module [snapshot-repo-test-kit]" }
{"type": "server", "timestamp": "2022-03-29T10:49:09,477Z", "level": "INFO", "component": "o.e.p.PluginsService", "cluster.name": "tpotcluster", "node.name": "tpotcluster-node-01", "message": "loaded module [spatial]" }
{"type": "server", "timestamp": "2022-03-29T10:49:09,478Z", "level": "INFO", "component": "o.e.p.PluginsService", "cluster.name": "tpotcluster", "node.name": "tpotcluster-node-01", "message": "loaded module [transform]" }
{"type": "server", "timestamp": "2022-03-29T10:49:09,479Z", "level": "INFO", "component": "o.e.p.PluginsService", "cluster.name": "tpotcluster", "node.name": "tpotcluster-node-01", "message": "loaded module [transport-netty4]" }
{"type": "server", "timestamp": "2022-03-29T10:49:09,479Z", "level": "INFO", "component": "o.e.p.PluginsService", "cluster.name": "tpotcluster", "node.name": "tpotcluster-node-01", "message": "loaded module [unsigned-long]" }
{"type": "server", "timestamp": "2022-03-29T10:49:09,480Z", "level": "INFO", "component": "o.e.p.PluginsService", "cluster.name": "tpotcluster", "node.name": "tpotcluster-node-01", "message": "loaded module [vector-tile]" }
{"type": "server", "timestamp": "2022-03-29T10:49:09,480Z", "level": "INFO", "component": "o.e.p.PluginsService", "cluster.name": "tpotcluster", "node.name": "tpotcluster-node-01", "message": "loaded module [vectors]" }
{"type": "server", "timestamp": "2022-03-29T10:49:09,481Z", "level": "INFO", "component": "o.e.p.PluginsService", "cluster.name": "tpotcluster", "node.name": "tpotcluster-node-01", "message": "loaded module [wildcard]" }
{"type": "server", "timestamp": "2022-03-29T10:49:09,483Z", "level": "INFO", "component": "o.e.p.PluginsService", "cluster.name": "tpotcluster", "node.name": "tpotcluster-node-01", "message": "loaded module [x-pack-aggregate-metric]" }
{"type": "server", "timestamp": "2022-03-29T10:49:09,484Z", "level": "INFO", "component": "o.e.p.PluginsService", "cluster.name": "tpotcluster", "node.name": "tpotcluster-node-01", "message": "loaded module [x-pack-analytics]" }
{"type": "server", "timestamp": "2022-03-29T10:49:09,485Z", "level": "INFO", "component": "o.e.p.PluginsService", "cluster.name": "tpotcluster", "node.name": "tpotcluster-node-01", "message": "loaded module [x-pack-async]" }
{"type": "server", "timestamp": "2022-03-29T10:49:09,485Z", "level": "INFO", "component": "o.e.p.PluginsService", "cluster.name": "tpotcluster", "node.name": "tpotcluster-node-01", "message": "loaded module [x-pack-async-search]" }
{"type": "server", "timestamp": "2022-03-29T10:49:09,486Z", "level": "INFO", "component": "o.e.p.PluginsService", "cluster.name": "tpotcluster", "node.name": "tpotcluster-node-01", "message": "loaded module [x-pack-autoscaling]" }
{"type": "server", "timestamp": "2022-03-29T10:49:09,487Z", "level": "INFO", "component": "o.e.p.PluginsService", "cluster.name": "tpotcluster", "node.name": "tpotcluster-node-01", "message": "loaded module [x-pack-ccr]" }
{"type": "server", "timestamp": "2022-03-29T10:49:09,490Z", "level": "INFO", "component": "o.e.p.PluginsService", "cluster.name": "tpotcluster", "node.name": "tpotcluster-node-01", "message": "loaded module [x-pack-core]" }
{"type": "server", "timestamp": "2022-03-29T10:49:09,492Z", "level": "INFO", "component": "o.e.p.PluginsService", "cluster.name": "tpotcluster", "node.name": "tpotcluster-node-01", "message": "loaded module [x-pack-data-streams]" }
{"type": "server", "timestamp": "2022-03-29T10:49:09,495Z", "level": "INFO", "component": "o.e.p.PluginsService", "cluster.name": "tpotcluster", "node.name": "tpotcluster-node-01", "message": "loaded module [x-pack-deprecation]" }
{"type": "server", "timestamp": "2022-03-29T10:49:09,497Z", "level": "INFO", "component": "o.e.p.PluginsService", "cluster.name": "tpotcluster", "node.name": "tpotcluster-node-01", "message": "loaded module [x-pack-enrich]" }
{"type": "server", "timestamp": "2022-03-29T10:49:09,499Z", "level": "INFO", "component": "o.e.p.PluginsService", "cluster.name": "tpotcluster", "node.name": "tpotcluster-node-01", "message": "loaded module [x-pack-eql]" }
{"type": "server", "timestamp": "2022-03-29T10:49:09,499Z", "level": "INFO", "component": "o.e.p.PluginsService", "cluster.name": "tpotcluster", "node.name": "tpotcluster-node-01", "message": "loaded module [x-pack-fleet]" }
{"type": "server", "timestamp": "2022-03-29T10:49:09,500Z", "level": "INFO", "component": "o.e.p.PluginsService", "cluster.name": "tpotcluster", "node.name": "tpotcluster-node-01", "message": "loaded module [x-pack-graph]" }
{"type": "server", "timestamp": "2022-03-29T10:49:09,500Z", "level": "INFO", "component": "o.e.p.PluginsService", "cluster.name": "tpotcluster", "node.name": "tpotcluster-node-01", "message": "loaded module [x-pack-identity-provider]" }
{"type": "server", "timestamp": "2022-03-29T10:49:09,501Z", "level": "INFO", "component": "o.e.p.PluginsService", "cluster.name": "tpotcluster", "node.name": "tpotcluster-node-01", "message": "loaded module [x-pack-ilm]" }
{"type": "server", "timestamp": "2022-03-29T10:49:09,502Z", "level": "INFO", "component": "o.e.p.PluginsService", "cluster.name": "tpotcluster", "node.name": "tpotcluster-node-01", "message": "loaded module [x-pack-logstash]" }
{"type": "server", "timestamp": "2022-03-29T10:49:09,503Z", "level": "INFO", "component": "o.e.p.PluginsService", "cluster.name": "tpotcluster", "node.name": "tpotcluster-node-01", "message": "loaded module [x-pack-monitoring]" }
{"type": "server", "timestamp": "2022-03-29T10:49:09,503Z", "level": "INFO", "component": "o.e.p.PluginsService", "cluster.name": "tpotcluster", "node.name": "tpotcluster-node-01", "message": "loaded module [x-pack-ql]" }
{"type": "server", "timestamp": "2022-03-29T10:49:09,504Z", "level": "INFO", "component": "o.e.p.PluginsService", "cluster.name": "tpotcluster", "node.name": "tpotcluster-node-01", "message": "loaded module [x-pack-rollup]" }
{"type": "server", "timestamp": "2022-03-29T10:49:09,504Z", "level": "INFO", "component": "o.e.p.PluginsService", "cluster.name": "tpotcluster", "node.name": "tpotcluster-node-01", "message": "loaded module [x-pack-security]" }
{"type": "server", "timestamp": "2022-03-29T10:49:09,505Z", "level": "INFO", "component": "o.e.p.PluginsService", "cluster.name": "tpotcluster", "node.name": "tpotcluster-node-01", "message": "loaded module [x-pack-shutdown]" }
{"type": "server", "timestamp": "2022-03-29T10:49:09,506Z", "level": "INFO", "component": "o.e.p.PluginsService", "cluster.name": "tpotcluster", "node.name": "tpotcluster-node-01", "message": "loaded module [x-pack-sql]" }
{"type": "server", "timestamp": "2022-03-29T10:49:09,509Z", "level": "INFO", "component": "o.e.p.PluginsService", "cluster.name": "tpotcluster", "node.name": "tpotcluster-node-01", "message": "loaded module [x-pack-stack]" }
{"type": "server", "timestamp": "2022-03-29T10:49:09,509Z", "level": "INFO", "component": "o.e.p.PluginsService", "cluster.name": "tpotcluster", "node.name": "tpotcluster-node-01", "message": "loaded module [x-pack-text-structure]" }
{"type": "server", "timestamp": "2022-03-29T10:49:09,510Z", "level": "INFO", "component": "o.e.p.PluginsService", "cluster.name": "tpotcluster", "node.name": "tpotcluster-node-01", "message": "loaded module [x-pack-voting-only-node]" }
{"type": "server", "timestamp": "2022-03-29T10:49:09,511Z", "level": "INFO", "component": "o.e.p.PluginsService", "cluster.name": "tpotcluster", "node.name": "tpotcluster-node-01", "message": "loaded module [x-pack-watcher]" }
{"type": "server", "timestamp": "2022-03-29T10:49:09,512Z", "level": "INFO", "component": "o.e.p.PluginsService", "cluster.name": "tpotcluster", "node.name": "tpotcluster-node-01", "message": "no plugins loaded" }
{"type": "server", "timestamp": "2022-03-29T10:49:09,606Z", "level": "INFO", "component": "o.e.e.NodeEnvironment", "cluster.name": "tpotcluster", "node.name": "tpotcluster-node-01", "message": "using [1] data paths, mounts [[/data (/dev/sda1)]], net usable_space [103.6gb], net total_space [125.8gb], types [ext4]" }
{"type": "server", "timestamp": "2022-03-29T10:49:09,608Z", "level": "INFO", "component": "o.e.e.NodeEnvironment", "cluster.name": "tpotcluster", "node.name": "tpotcluster-node-01", "message": "heap size [2gb], compressed ordinary object pointers [true]" }
{"type": "server", "timestamp": "2022-03-29T10:49:10,087Z", "level": "INFO", "component": "o.e.n.Node", "cluster.name": "tpotcluster", "node.name": "tpotcluster-node-01", "message": "node name [tpotcluster-node-01], node ID [t9hfPgy_RyC9LOJUxQUrSQ], cluster name [tpotcluster], roles [transform, data_frozen, master, remote_cluster_client, data, data_content, data_hot, data_warm, data_cold, ingest]" }
{"type": "server", "timestamp": "2022-03-29T10:49:25,714Z", "level": "INFO", "component": "o.e.i.g.ConfigDatabases", "cluster.name": "tpotcluster", "node.name": "tpotcluster-node-01", "message": "initialized default databases [[GeoLite2-Country.mmdb, GeoLite2-City.mmdb, GeoLite2-ASN.mmdb]], config databases [[]] and watching [/usr/share/elasticsearch/config/ingest-geoip] for changes" }
{"type": "server", "timestamp": "2022-03-29T10:49:25,728Z", "level": "INFO", "component": "o.e.i.g.DatabaseNodeService", "cluster.name": "tpotcluster", "node.name": "tpotcluster-node-01", "message": "initialized database registry, using geoip-databases directory [/tmp/geoip-databases/t9hfPgy_RyC9LOJUxQUrSQ]" }
{"type": "server", "timestamp": "2022-03-29T10:49:28,107Z", "level": "INFO", "component": "o.e.t.NettyAllocator", "cluster.name": "tpotcluster", "node.name": "tpotcluster-node-01", "message": "creating NettyAllocator with the following configs: [name=elasticsearch_configured, chunk_size=1mb, suggested_max_allocation_size=1mb, factors={es.unsafe.use_netty_default_chunk_and_page_size=false, g1gc_enabled=true, g1gc_region_size=4mb}]" }
{"type": "server", "timestamp": "2022-03-29T10:49:28,809Z", "level": "INFO", "component": "o.e.d.DiscoveryModule", "cluster.name": "tpotcluster", "node.name": "tpotcluster-node-01", "message": "using discovery type [single-node] and seed hosts providers [settings]" }
{"type": "server", "timestamp": "2022-03-29T10:49:30,840Z", "level": "INFO", "component": "o.e.g.DanglingIndicesState", "cluster.name": "tpotcluster", "node.name": "tpotcluster-node-01", "message": "gateway.auto_import_dangling_indices is disabled, dangling indices will not be automatically detected or imported and must be managed manually" }
{"type": "server", "timestamp": "2022-03-29T10:49:33,464Z", "level": "INFO", "component": "o.e.n.Node", "cluster.name": "tpotcluster", "node.name": "tpotcluster-node-01", "message": "initialized" }
{"type": "server", "timestamp": "2022-03-29T10:49:33,858Z", "level": "INFO", "component": "o.e.n.Node", "cluster.name": "tpotcluster", "node.name": "tpotcluster-node-01", "message": "starting ..." }
{"type": "server", "timestamp": "2022-03-29T10:49:34,524Z", "level": "INFO", "component": "o.e.x.s.c.f.PersistentCache", "cluster.name": "tpotcluster", "node.name": "tpotcluster-node-01", "message": "persistent cache index loaded" }
{"type": "server", "timestamp": "2022-03-29T10:49:34,530Z", "level": "INFO", "component": "o.e.x.d.l.DeprecationIndexingComponent", "cluster.name": "tpotcluster", "node.name": "tpotcluster-node-01", "message": "deprecation component started" }
{"type": "server", "timestamp": "2022-03-29T10:49:35,101Z", "level": "INFO", "component": "o.e.t.TransportService", "cluster.name": "tpotcluster", "node.name": "tpotcluster-node-01", "message": "publish_address {127.0.0.1:9300}, bound_addresses {127.0.0.1:9300}" }
{"type": "server", "timestamp": "2022-03-29T10:50:30,980Z", "level": "WARN", "component": "o.e.t.ThreadPool", "cluster.name": "tpotcluster", "node.name": "tpotcluster-node-01", "message": "timer thread slept for [6.2s/6225ms] on absolute clock which is above the warn threshold of [5000ms]" }
{"type": "server", "timestamp": "2022-03-29T10:50:52,229Z", "level": "WARN", "component": "o.e.t.ThreadPool", "cluster.name": "tpotcluster", "node.name": "tpotcluster-node-01", "message": "execution of [ReschedulingRunnable{runnable=org.elasticsearch.monitor.jvm.JvmGcMonitorService$1@73acf3a5, interval=1s}] took [34343ms] which is above the warn threshold of [5000ms]" }
{"type": "server", "timestamp": "2022-03-29T10:51:00,410Z", "level": "WARN", "component": "o.e.t.ThreadPool", "cluster.name": "tpotcluster", "node.name": "tpotcluster-node-01", "message": "timer thread slept for [6.2s/6224711373ns] on relative clock which is above the warn threshold of [5000ms]" }
{"type": "server", "timestamp": "2022-03-29T10:51:05,557Z", "level": "WARN", "component": "o.e.t.ThreadPool", "cluster.name": "tpotcluster", "node.name": "tpotcluster-node-01", "message": "timer thread slept for [47.1s/47138ms] on absolute clock which is above the warn threshold of [5000ms]" }
{"type": "server", "timestamp": "2022-03-29T10:51:11,520Z", "level": "WARN", "component": "o.e.t.ThreadPool", "cluster.name": "tpotcluster", "node.name": "tpotcluster-node-01", "message": "timer thread slept for [47.1s/47138071636ns] on relative clock which is above the warn threshold of [5000ms]" }
{"type": "server", "timestamp": "2022-03-29T10:51:18,218Z", "level": "WARN", "component": "o.e.t.ThreadPool", "cluster.name": "tpotcluster", "node.name": "tpotcluster-node-01", "message": "timer thread slept for [12.7s/12721ms] on absolute clock which is above the warn threshold of [5000ms]" }
{"type": "server", "timestamp": "2022-03-29T10:51:18,125Z", "level": "WARN", "component": "o.e.t.ThreadPool", "cluster.name": "tpotcluster", "node.name": "tpotcluster-node-01", "message": "execution of [ReschedulingRunnable{runnable=org.elasticsearch.watcher.ResourceWatcherService$ResourceMonitor@527e8959, interval=5s}] took [12721ms] which is above the warn threshold of [5000ms]" }
{"type": "server", "timestamp": "2022-03-29T10:51:23,058Z", "level": "WARN", "component": "o.e.t.ThreadPool", "cluster.name": "tpotcluster", "node.name": "tpotcluster-node-01", "message": "timer thread slept for [12.7s/12721181012ns] on relative clock which is above the warn threshold of [5000ms]" }
{"type": "server", "timestamp": "2022-03-29T10:51:31,630Z", "level": "WARN", "component": "o.e.t.ThreadPool", "cluster.name": "tpotcluster", "node.name": "tpotcluster-node-01", "message": "timer thread slept for [13s/13058ms] on absolute clock which is above the warn threshold of [5000ms]" }
{"type": "server", "timestamp": "2022-03-29T10:51:38,412Z", "level": "WARN", "component": "o.e.t.ThreadPool", "cluster.name": "tpotcluster", "node.name": "tpotcluster-node-01", "message": "timer thread slept for [13s/13058294489ns] on relative clock which is above the warn threshold of [5000ms]" }
{"type": "server", "timestamp": "2022-03-29T10:51:48,385Z", "level": "WARN", "component": "o.e.t.ThreadPool", "cluster.name": "tpotcluster", "node.name": "tpotcluster-node-01", "message": "timer thread slept for [16.3s/16370ms] on absolute clock which is above the warn threshold of [5000ms]" }
{"type": "server", "timestamp": "2022-03-29T10:51:58,350Z", "level": "WARN", "component": "o.e.t.ThreadPool", "cluster.name": "tpotcluster", "node.name": "tpotcluster-node-01", "message": "timer thread slept for [16.3s/16369334361ns] on relative clock which is above the warn threshold of [5000ms]" }
{"type": "server", "timestamp": "2022-03-29T10:52:03,710Z", "level": "WARN", "component": "o.e.t.ThreadPool", "cluster.name": "tpotcluster", "node.name": "tpotcluster-node-01", "message": "timer thread slept for [16s/16003ms] on absolute clock which is above the warn threshold of [5000ms]" }
{"type": "server", "timestamp": "2022-03-29T10:52:09,899Z", "level": "WARN", "component": "o.e.t.ThreadPool", "cluster.name": "tpotcluster", "node.name": "tpotcluster-node-01", "message": "timer thread slept for [16s/16003757930ns] on relative clock which is above the warn threshold of [5000ms]" }
{"type": "server", "timestamp": "2022-03-29T10:52:14,847Z", "level": "WARN", "component": "o.e.t.ThreadPool", "cluster.name": "tpotcluster", "node.name": "tpotcluster-node-01", "message": "execution of [ReschedulingRunnable{runnable=org.elasticsearch.monitor.jvm.JvmGcMonitorService$1@73acf3a5, interval=1s}] took [32373ms] which is above the warn threshold of [5000ms]" }
{"type": "server", "timestamp": "2022-03-29T10:52:21,793Z", "level": "WARN", "component": "o.e.t.ThreadPool", "cluster.name": "tpotcluster", "node.name": "tpotcluster-node-01", "message": "timer thread slept for [17.5s/17584ms] on absolute clock which is above the warn threshold of [5000ms]" }
{"type": "server", "timestamp": "2022-03-29T10:52:30,384Z", "level": "WARN", "component": "o.e.t.ThreadPool", "cluster.name": "tpotcluster", "node.name": "tpotcluster-node-01", "message": "timer thread slept for [17.5s/17583132650ns] on relative clock which is above the warn threshold of [5000ms]" }
{"type": "server", "timestamp": "2022-03-29T10:52:35,998Z", "level": "WARN", "component": "o.e.t.ThreadPool", "cluster.name": "tpotcluster", "node.name": "tpotcluster-node-01", "message": "timer thread slept for [14.2s/14258ms] on absolute clock which is above the warn threshold of [5000ms]" }
{"type": "server", "timestamp": "2022-03-29T10:52:39,710Z", "level": "WARN", "component": "o.e.t.ThreadPool", "cluster.name": "tpotcluster", "node.name": "tpotcluster-node-01", "message": "timer thread slept for [14.2s/14258304199ns] on relative clock which is above the warn threshold of [5000ms]" }
{"type": "server", "timestamp": "2022-03-29T10:52:47,539Z", "level": "WARN", "component": "o.e.t.ThreadPool", "cluster.name": "tpotcluster", "node.name": "tpotcluster-node-01", "message": "timer thread slept for [12s/12049ms] on absolute clock which is above the warn threshold of [5000ms]" }
{"type": "server", "timestamp": "2022-03-29T10:52:53,609Z", "level": "WARN", "component": "o.e.t.ThreadPool", "cluster.name": "tpotcluster", "node.name": "tpotcluster-node-01", "message": "timer thread slept for [12s/12049055896ns] on relative clock which is above the warn threshold of [5000ms]" }
{"type": "server", "timestamp": "2022-03-29T10:53:00,274Z", "level": "WARN", "component": "o.e.t.ThreadPool", "cluster.name": "tpotcluster", "node.name": "tpotcluster-node-01", "message": "timer thread slept for [12.4s/12499ms] on absolute clock which is above the warn threshold of [5000ms]" }
{"type": "server", "timestamp": "2022-03-29T10:53:07,981Z", "level": "WARN", "component": "o.e.t.ThreadPool", "cluster.name": "tpotcluster", "node.name": "tpotcluster-node-01", "message": "timer thread slept for [12.4s/12498908925ns] on relative clock which is above the warn threshold of [5000ms]" }
{"type": "server", "timestamp": "2022-03-29T10:53:18,005Z", "level": "WARN", "component": "o.e.t.ThreadPool", "cluster.name": "tpotcluster", "node.name": "tpotcluster-node-01", "message": "timer thread slept for [16.8s/16884ms] on absolute clock which is above the warn threshold of [5000ms]" }
{"type": "server", "timestamp": "2022-03-29T10:53:28,797Z", "level": "WARN", "component": "o.e.t.ThreadPool", "cluster.name": "tpotcluster", "node.name": "tpotcluster-node-01", "message": "timer thread slept for [16.8s/16884545366ns] on relative clock which is above the warn threshold of [5000ms]" }
{"type": "server", "timestamp": "2022-03-29T10:53:37,119Z", "level": "WARN", "component": "o.e.t.ThreadPool", "cluster.name": "tpotcluster", "node.name": "tpotcluster-node-01", "message": "timer thread slept for [19.6s/19648ms] on absolute clock which is above the warn threshold of [5000ms]" }
{"type": "server", "timestamp": "2022-03-29T10:53:42,934Z", "level": "WARN", "component": "o.e.t.ThreadPool", "cluster.name": "tpotcluster", "node.name": "tpotcluster-node-01", "message": "timer thread slept for [19.6s/19647448078ns] on relative clock which is above the warn threshold of [5000ms]" }
{"type": "server", "timestamp": "2022-03-29T10:53:43,916Z", "level": "WARN", "component": "o.e.t.ThreadPool", "cluster.name": "tpotcluster", "node.name": "tpotcluster-node-01", "message": "execution of [org.elasticsearch.indices.IndicesService$CacheCleaner@55ac543b] took [75338ms] which is above the warn threshold of [5000ms]" }
{"type": "server", "timestamp": "2022-03-29T10:53:50,375Z", "level": "WARN", "component": "o.e.t.ThreadPool", "cluster.name": "tpotcluster", "node.name": "tpotcluster-node-01", "message": "timer thread slept for [13.6s/13687ms] on absolute clock which is above the warn threshold of [5000ms]" }
{"type": "server", "timestamp": "2022-03-29T10:53:57,522Z", "level": "WARN", "component": "o.e.t.ThreadPool", "cluster.name": "tpotcluster", "node.name": "tpotcluster-node-01", "message": "timer thread slept for [13.6s/13687632711ns] on relative clock which is above the warn threshold of [5000ms]" }
{"type": "server", "timestamp": "2022-03-29T10:54:06,277Z", "level": "WARN", "component": "o.e.t.ThreadPool", "cluster.name": "tpotcluster", "node.name": "tpotcluster-node-01", "message": "timer thread slept for [15.3s/15388ms] on absolute clock which is above the warn threshold of [5000ms]" }
{"type": "server", "timestamp": "2022-03-29T10:54:15,572Z", "level": "WARN", "component": "o.e.t.ThreadPool", "cluster.name": "tpotcluster", "node.name": "tpotcluster-node-01", "message": "timer thread slept for [15.3s/15387273372ns] on relative clock which is above the warn threshold of [5000ms]" }
{"type": "server", "timestamp": "2022-03-29T10:54:22,013Z", "level": "WARN", "component": "o.e.t.ThreadPool", "cluster.name": "tpotcluster", "node.name": "tpotcluster-node-01", "message": "timer thread slept for [16s/16059ms] on absolute clock which is above the warn threshold of [5000ms]" }
{"type": "server", "timestamp": "2022-03-29T10:54:30,947Z", "level": "WARN", "component": "o.e.t.ThreadPool", "cluster.name": "tpotcluster", "node.name": "tpotcluster-node-01", "message": "timer thread slept for [16s/16059643942ns] on relative clock which is above the warn threshold of [5000ms]" }
{"type": "server", "timestamp": "2022-03-29T10:54:38,555Z", "level": "WARN", "component": "o.e.t.ThreadPool", "cluster.name": "tpotcluster", "node.name": "tpotcluster-node-01", "message": "timer thread slept for [16.4s/16467ms] on absolute clock which is above the warn threshold of [5000ms]" }
{"type": "server", "timestamp": "2022-03-29T10:54:42,173Z", "level": "WARN", "component": "o.e.t.ThreadPool", "cluster.name": "tpotcluster", "node.name": "tpotcluster-node-01", "message": "execution of [ReschedulingRunnable{runnable=org.elasticsearch.monitor.jvm.JvmGcMonitorService$1@73acf3a5, interval=1s}] took [32525ms] which is above the warn threshold of [5000ms]" }
{"type": "server", "timestamp": "2022-03-29T10:54:45,409Z", "level": "WARN", "component": "o.e.t.ThreadPool", "cluster.name": "tpotcluster", "node.name": "tpotcluster-node-01", "message": "timer thread slept for [16.4s/16466213312ns] on relative clock which is above the warn threshold of [5000ms]" }
{"type": "server", "timestamp": "2022-03-29T10:54:53,341Z", "level": "WARN", "component": "o.e.t.ThreadPool", "cluster.name": "tpotcluster", "node.name": "tpotcluster-node-01", "message": "timer thread slept for [14.3s/14331ms] on absolute clock which is above the warn threshold of [5000ms]" }
{"type": "server", "timestamp": "2022-03-29T10:54:53,278Z", "level": "WARN", "component": "o.e.t.ThreadPool", "cluster.name": "tpotcluster", "node.name": "tpotcluster-node-01", "message": "execution of [ReschedulingRunnable{runnable=org.elasticsearch.watcher.ResourceWatcherService$ResourceMonitor@55ee596d, interval=1m}] took [14331ms] which is above the warn threshold of [5000ms]" }
{"type": "server", "timestamp": "2022-03-29T10:54:58,104Z", "level": "WARN", "component": "o.e.t.ThreadPool", "cluster.name": "tpotcluster", "node.name": "tpotcluster-node-01", "message": "timer thread slept for [14.3s/14331386712ns] on relative clock which is above the warn threshold of [5000ms]" }
{"type": "server", "timestamp": "2022-03-29T10:55:07,519Z", "level": "WARN", "component": "o.e.t.ThreadPool", "cluster.name": "tpotcluster", "node.name": "tpotcluster-node-01", "message": "timer thread slept for [14.1s/14124ms] on absolute clock which is above the warn threshold of [5000ms]" }
{"type": "server", "timestamp": "2022-03-29T10:55:13,918Z", "level": "WARN", "component": "o.e.t.ThreadPool", "cluster.name": "tpotcluster", "node.name": "tpotcluster-node-01", "message": "timer thread slept for [14.1s/14123950173ns] on relative clock which is above the warn threshold of [5000ms]" }
{"type": "server", "timestamp": "2022-03-29T10:55:19,698Z", "level": "WARN", "component": "o.e.t.ThreadPool", "cluster.name": "tpotcluster", "node.name": "tpotcluster-node-01", "message": "timer thread slept for [12.9s/12986ms] on absolute clock which is above the warn threshold of [5000ms]" }
{"type": "server", "timestamp": "2022-03-29T10:55:22,217Z", "level": "WARN", "component": "o.e.t.ThreadPool", "cluster.name": "tpotcluster", "node.name": "tpotcluster-node-01", "message": "execution of [ReschedulingRunnable{runnable=org.elasticsearch.watcher.ResourceWatcherService$ResourceMonitor@527e8959, interval=5s}] took [12985ms] which is above the warn threshold of [5000ms]" }
{"type": "server", "timestamp": "2022-03-29T10:55:13,919Z", "level": "WARN", "component": "o.e.m.f.FsHealthService", "cluster.name": "tpotcluster", "node.name": "tpotcluster-node-01", "message": "health check of [/data/elk/data/nodes/0] took [44922ms] which is above the warn threshold of [5s]" }
{"type": "server", "timestamp": "2022-03-29T10:55:26,128Z", "level": "WARN", "component": "o.e.t.ThreadPool", "cluster.name": "tpotcluster", "node.name": "tpotcluster-node-01", "message": "timer thread slept for [12.9s/12985917420ns] on relative clock which is above the warn threshold of [5000ms]" }
{"type": "server", "timestamp": "2022-03-29T10:55:33,602Z", "level": "WARN", "component": "o.e.t.ThreadPool", "cluster.name": "tpotcluster", "node.name": "tpotcluster-node-01", "message": "timer thread slept for [13.5s/13525ms] on absolute clock which is above the warn threshold of [5000ms]" }
{"type": "server", "timestamp": "2022-03-29T10:55:37,744Z", "level": "WARN", "component": "o.e.t.ThreadPool", "cluster.name": "tpotcluster", "node.name": "tpotcluster-node-01", "message": "timer thread slept for [13.5s/13525430923ns] on relative clock which is above the warn threshold of [5000ms]" }
{"type": "server", "timestamp": "2022-03-29T10:55:42,511Z", "level": "WARN", "component": "o.e.t.ThreadPool", "cluster.name": "tpotcluster", "node.name": "tpotcluster-node-01", "message": "timer thread slept for [9s/9003ms] on absolute clock which is above the warn threshold of [5000ms]" }
{"type": "server", "timestamp": "2022-03-29T10:55:46,783Z", "level": "WARN", "component": "o.e.t.ThreadPool", "cluster.name": "tpotcluster", "node.name": "tpotcluster-node-01", "message": "timer thread slept for [9s/9002545240ns] on relative clock which is above the warn threshold of [5000ms]" }
{"type": "server", "timestamp": "2022-03-29T10:55:46,102Z", "level": "WARN", "component": "o.e.t.ThreadPool", "cluster.name": "tpotcluster", "node.name": "tpotcluster-node-01", "message": "execution of [ReschedulingRunnable{runnable=org.elasticsearch.monitor.jvm.JvmGcMonitorService$1@73acf3a5, interval=1s}] took [22527ms] which is above the warn threshold of [5000ms]" }
{"type": "server", "timestamp": "2022-03-29T10:55:49,860Z", "level": "WARN", "component": "o.e.t.ThreadPool", "cluster.name": "tpotcluster", "node.name": "tpotcluster-node-01", "message": "timer thread slept for [8.2s/8233ms] on absolute clock which is above the warn threshold of [5000ms]" }
{"type": "server", "timestamp": "2022-03-29T10:55:50,504Z", "level": "WARN", "component": "o.e.t.ThreadPool", "cluster.name": "tpotcluster", "node.name": "tpotcluster-node-01", "message": "timer thread slept for [8.2s/8233614103ns] on relative clock which is above the warn threshold of [5000ms]" }
{"type": "server", "timestamp": "2022-03-29T10:56:18,553Z", "level": "WARN", "component": "o.e.t.ThreadPool", "cluster.name": "tpotcluster", "node.name": "tpotcluster-node-01", "message": "execution of [ReschedulingRunnable{runnable=org.elasticsearch.monitor.jvm.JvmGcMonitorService$1@73acf3a5, interval=1s}] took [8234ms] which is above the warn threshold of [5000ms]" }
{"type": "server", "timestamp": "2022-03-29T10:57:37,383Z", "level": "WARN", "component": "o.e.t.ThreadPool", "cluster.name": "tpotcluster", "node.name": "tpotcluster-node-01", "message": "execution of [ReschedulingRunnable{runnable=org.elasticsearch.monitor.jvm.JvmGcMonitorService$1@73acf3a5, interval=1s}] took [6208ms] which is above the warn threshold of [5000ms]" }
{"type": "server", "timestamp": "2022-03-29T10:58:25,174Z", "level": "WARN", "component": "o.e.t.ThreadPool", "cluster.name": "tpotcluster", "node.name": "tpotcluster-node-01", "message": "execution of [ReschedulingRunnable{runnable=org.elasticsearch.monitor.jvm.JvmGcMonitorService$1@73acf3a5, interval=1s}] took [5203ms] which is above the warn threshold of [5000ms]" }
{"type": "server", "timestamp": "2022-03-29T10:58:36,858Z", "level": "WARN", "component": "o.e.t.ThreadPool", "cluster.name": "tpotcluster", "node.name": "tpotcluster-node-01", "message": "execution of [ReschedulingRunnable{runnable=org.elasticsearch.monitor.jvm.JvmGcMonitorService$1@73acf3a5, interval=1s}] took [5464ms] which is above the warn threshold of [5000ms]" }
{"type": "server", "timestamp": "2022-03-29T10:59:06,247Z", "level": "WARN", "component": "o.e.t.ThreadPool", "cluster.name": "tpotcluster", "node.name": "tpotcluster-node-01", "message": "execution of [ReschedulingRunnable{runnable=org.elasticsearch.monitor.jvm.JvmGcMonitorService$1@73acf3a5, interval=1s}] took [6003ms] which is above the warn threshold of [5000ms]" }
{"type": "server", "timestamp": "2022-03-29T10:59:39,471Z", "level": "WARN", "component": "o.e.t.ThreadPool", "cluster.name": "tpotcluster", "node.name": "tpotcluster-node-01", "message": "execution of [ReschedulingRunnable{runnable=org.elasticsearch.monitor.jvm.JvmGcMonitorService$1@73acf3a5, interval=1s}] took [5225ms] which is above the warn threshold of [5000ms]" }
{"type": "server", "timestamp": "2022-03-29T11:00:29,999Z", "level": "WARN", "component": "o.e.t.ThreadPool", "cluster.name": "tpotcluster", "node.name": "tpotcluster-node-01", "message": "execution of [ReschedulingRunnable{runnable=org.elasticsearch.monitor.jvm.JvmGcMonitorService$1@73acf3a5, interval=1s}] took [6111ms] which is above the warn threshold of [5000ms]" }
{"type": "server", "timestamp": "2022-03-29T11:00:54,031Z", "level": "WARN", "component": "o.e.t.ThreadPool", "cluster.name": "tpotcluster", "node.name": "tpotcluster-node-01", "message": "execution of [ReschedulingRunnable{runnable=org.elasticsearch.monitor.jvm.JvmGcMonitorService$1@73acf3a5, interval=1s}] took [5613ms] which is above the warn threshold of [5000ms]" }
{"type": "server", "timestamp": "2022-03-29T11:03:50,327Z", "level": "INFO", "component": "o.e.c.c.Coordinator", "cluster.name": "tpotcluster", "node.name": "tpotcluster-node-01", "message": "cluster UUID [Qbw2pof0QzSXC1OvK0aFSw]" }
{"type": "server", "timestamp": "2022-03-29T11:03:50,507Z", "level": "INFO", "component": "o.e.c.s.MasterService", "cluster.name": "tpotcluster", "node.name": "tpotcluster-node-01", "message": "elected-as-master ([1] nodes joined)[{tpotcluster-node-01}{t9hfPgy_RyC9LOJUxQUrSQ}{emehft6PQT6FgUT6kpVEmA}{127.0.0.1}{127.0.0.1:9300}{cdfhimrstw} elect leader, _BECOME_MASTER_TASK_, _FINISH_ELECTION_], term: 150, version: 4284, delta: master node changed {previous [], current [{tpotcluster-node-01}{t9hfPgy_RyC9LOJUxQUrSQ}{emehft6PQT6FgUT6kpVEmA}{127.0.0.1}{127.0.0.1:9300}{cdfhimrstw}]}" }
{"type": "server", "timestamp": "2022-03-29T11:03:50,676Z", "level": "INFO", "component": "o.e.c.s.ClusterApplierService", "cluster.name": "tpotcluster", "node.name": "tpotcluster-node-01", "message": "master node changed {previous [], current [{tpotcluster-node-01}{t9hfPgy_RyC9LOJUxQUrSQ}{emehft6PQT6FgUT6kpVEmA}{127.0.0.1}{127.0.0.1:9300}{cdfhimrstw}]}, term: 150, version: 4284, reason: Publication{term=150, version=4284}" }
{"type": "server", "timestamp": "2022-03-29T11:03:50,870Z", "level": "INFO", "component": "o.e.h.AbstractHttpServerTransport", "cluster.name": "tpotcluster", "node.name": "tpotcluster-node-01", "message": "publish_address {192.168.48.2:9200}, bound_addresses {0.0.0.0:9200}", "cluster.uuid": "Qbw2pof0QzSXC1OvK0aFSw", "node.id": "t9hfPgy_RyC9LOJUxQUrSQ"  }
{"type": "server", "timestamp": "2022-03-29T11:03:50,872Z", "level": "INFO", "component": "o.e.n.Node", "cluster.name": "tpotcluster", "node.name": "tpotcluster-node-01", "message": "started", "cluster.uuid": "Qbw2pof0QzSXC1OvK0aFSw", "node.id": "t9hfPgy_RyC9LOJUxQUrSQ"  }
{"type": "server", "timestamp": "2022-03-29T11:04:34,023Z", "level": "WARN", "component": "o.e.h.AbstractHttpServerTransport", "cluster.name": "tpotcluster", "node.name": "tpotcluster-node-01", "message": "handling request [null][HEAD][/][Netty4HttpChannel{localAddress=/192.168.48.2:9200, remoteAddress=/192.168.48.5:41766}] took [8666ms] which is above the warn threshold of [5000ms]", "cluster.uuid": "Qbw2pof0QzSXC1OvK0aFSw", "node.id": "t9hfPgy_RyC9LOJUxQUrSQ"  }
{"type": "server", "timestamp": "2022-03-29T11:04:36,012Z", "level": "WARN", "component": "o.e.h.AbstractHttpServerTransport", "cluster.name": "tpotcluster", "node.name": "tpotcluster-node-01", "message": "handling request [null][GET][/_cat/health][Netty4HttpChannel{localAddress=/127.0.0.1:9200, remoteAddress=/127.0.0.1:55810}] took [10667ms] which is above the warn threshold of [5000ms]", "cluster.uuid": "Qbw2pof0QzSXC1OvK0aFSw", "node.id": "t9hfPgy_RyC9LOJUxQUrSQ"  }
{"type": "server", "timestamp": "2022-03-29T11:04:39,958Z", "level": "WARN", "component": "r.suppressed", "cluster.name": "tpotcluster", "node.name": "tpotcluster-node-01", "message": "path: /.kibana_task_manager_7.17.0/_doc/task%3AAlerting-alerting_health_check, params: {index=.kibana_task_manager_7.17.0, id=task:Alerting-alerting_health_check}", "cluster.uuid": "Qbw2pof0QzSXC1OvK0aFSw", "node.id": "t9hfPgy_RyC9LOJUxQUrSQ" , 
"stacktrace": ["org.elasticsearch.action.NoShardAvailableActionException: No shard available for [get [.kibana_task_manager_7.17.0][_doc][task:Alerting-alerting_health_check]: routing [null]]",
"at org.elasticsearch.action.support.single.shard.TransportSingleShardAction$AsyncSingleAction.perform(TransportSingleShardAction.java:217) [elasticsearch-7.17.0.jar:7.17.0]",
"at org.elasticsearch.action.support.single.shard.TransportSingleShardAction$AsyncSingleAction.start(TransportSingleShardAction.java:194) [elasticsearch-7.17.0.jar:7.17.0]",
"at org.elasticsearch.action.support.single.shard.TransportSingleShardAction.doExecute(TransportSingleShardAction.java:98) [elasticsearch-7.17.0.jar:7.17.0]",
"at org.elasticsearch.action.support.single.shard.TransportSingleShardAction.doExecute(TransportSingleShardAction.java:51) [elasticsearch-7.17.0.jar:7.17.0]",
"at org.elasticsearch.action.support.TransportAction$RequestFilterChain.proceed(TransportAction.java:179) [elasticsearch-7.17.0.jar:7.17.0]",
"at org.elasticsearch.action.support.TransportAction.execute(TransportAction.java:154) [elasticsearch-7.17.0.jar:7.17.0]",
"at org.elasticsearch.action.support.TransportAction.execute(TransportAction.java:82) [elasticsearch-7.17.0.jar:7.17.0]",
"at org.elasticsearch.client.node.NodeClient.executeLocally(NodeClient.java:95) [elasticsearch-7.17.0.jar:7.17.0]",
"at org.elasticsearch.client.node.NodeClient.doExecute(NodeClient.java:73) [elasticsearch-7.17.0.jar:7.17.0]",
"at org.elasticsearch.client.support.AbstractClient.execute(AbstractClient.java:407) [elasticsearch-7.17.0.jar:7.17.0]",
"at org.elasticsearch.client.support.AbstractClient.get(AbstractClient.java:512) [elasticsearch-7.17.0.jar:7.17.0]",
"at org.elasticsearch.rest.action.document.RestGetAction.lambda$prepareRequest$0(RestGetAction.java:91) [elasticsearch-7.17.0.jar:7.17.0]",
"at org.elasticsearch.rest.BaseRestHandler.handleRequest(BaseRestHandler.java:109) [elasticsearch-7.17.0.jar:7.17.0]",
"at org.elasticsearch.rest.RestController.dispatchRequest(RestController.java:327) [elasticsearch-7.17.0.jar:7.17.0]",
"at org.elasticsearch.rest.RestController.tryAllHandlers(RestController.java:393) [elasticsearch-7.17.0.jar:7.17.0]",
"at org.elasticsearch.rest.RestController.dispatchRequest(RestController.java:245) [elasticsearch-7.17.0.jar:7.17.0]",
"at org.elasticsearch.http.AbstractHttpServerTransport.dispatchRequest(AbstractHttpServerTransport.java:382) [elasticsearch-7.17.0.jar:7.17.0]",
"at org.elasticsearch.http.AbstractHttpServerTransport.handleIncomingRequest(AbstractHttpServerTransport.java:461) [elasticsearch-7.17.0.jar:7.17.0]",
"at org.elasticsearch.http.AbstractHttpServerTransport.incomingRequest(AbstractHttpServerTransport.java:357) [elasticsearch-7.17.0.jar:7.17.0]",
"at org.elasticsearch.http.netty4.Netty4HttpRequestHandler.channelRead0(Netty4HttpRequestHandler.java:32) [transport-netty4-client-7.17.0.jar:7.17.0]",
"at org.elasticsearch.http.netty4.Netty4HttpRequestHandler.channelRead0(Netty4HttpRequestHandler.java:18) [transport-netty4-client-7.17.0.jar:7.17.0]",
"at io.netty.channel.SimpleChannelInboundHandler.channelRead(SimpleChannelInboundHandler.java:99) [netty-transport-4.1.66.Final.jar:4.1.66.Final]",
"at io.netty.channel.AbstractChannelHandlerContext.invokeChannelRead(AbstractChannelHandlerContext.java:379) [netty-transport-4.1.66.Final.jar:4.1.66.Final]",
"at io.netty.channel.AbstractChannelHandlerContext.invokeChannelRead(AbstractChannelHandlerContext.java:365) [netty-transport-4.1.66.Final.jar:4.1.66.Final]",
"at io.netty.channel.AbstractChannelHandlerContext.fireChannelRead(AbstractChannelHandlerContext.java:357) [netty-transport-4.1.66.Final.jar:4.1.66.Final]",
"at org.elasticsearch.http.netty4.Netty4HttpPipeliningHandler.channelRead(Netty4HttpPipeliningHandler.java:48) [transport-netty4-client-7.17.0.jar:7.17.0]",
"at io.netty.channel.AbstractChannelHandlerContext.invokeChannelRead(AbstractChannelHandlerContext.java:379) [netty-transport-4.1.66.Final.jar:4.1.66.Final]",
"at io.netty.channel.AbstractChannelHandlerContext.invokeChannelRead(AbstractChannelHandlerContext.java:365) [netty-transport-4.1.66.Final.jar:4.1.66.Final]",
"at io.netty.channel.AbstractChannelHandlerContext.fireChannelRead(AbstractChannelHandlerContext.java:357) [netty-transport-4.1.66.Final.jar:4.1.66.Final]",
"at io.netty.handler.codec.MessageToMessageDecoder.channelRead(MessageToMessageDecoder.java:103) [netty-codec-4.1.66.Final.jar:4.1.66.Final]",
"at io.netty.channel.AbstractChannelHandlerContext.invokeChannelRead(AbstractChannelHandlerContext.java:379) [netty-transport-4.1.66.Final.jar:4.1.66.Final]",
"at io.netty.channel.AbstractChannelHandlerContext.invokeChannelRead(AbstractChannelHandlerContext.java:365) [netty-transport-4.1.66.Final.jar:4.1.66.Final]",
"at io.netty.channel.AbstractChannelHandlerContext.fireChannelRead(AbstractChannelHandlerContext.java:357) [netty-transport-4.1.66.Final.jar:4.1.66.Final]",
"at io.netty.handler.codec.MessageToMessageDecoder.channelRead(MessageToMessageDecoder.java:103) [netty-codec-4.1.66.Final.jar:4.1.66.Final]",
"at io.netty.handler.codec.MessageToMessageCodec.channelRead(MessageToMessageCodec.java:111) [netty-codec-4.1.66.Final.jar:4.1.66.Final]",
"at io.netty.channel.AbstractChannelHandlerContext.invokeChannelRead(AbstractChannelHandlerContext.java:379) [netty-transport-4.1.66.Final.jar:4.1.66.Final]",
"at io.netty.channel.AbstractChannelHandlerContext.invokeChannelRead(AbstractChannelHandlerContext.java:365) [netty-transport-4.1.66.Final.jar:4.1.66.Final]",
"at io.netty.channel.AbstractChannelHandlerContext.fireChannelRead(AbstractChannelHandlerContext.java:357) [netty-transport-4.1.66.Final.jar:4.1.66.Final]",
"at io.netty.handler.codec.MessageToMessageDecoder.channelRead(MessageToMessageDecoder.java:103) [netty-codec-4.1.66.Final.jar:4.1.66.Final]",
"at io.netty.channel.AbstractChannelHandlerContext.invokeChannelRead(AbstractChannelHandlerContext.java:379) [netty-transport-4.1.66.Final.jar:4.1.66.Final]",
"at io.netty.channel.AbstractChannelHandlerContext.invokeChannelRead(AbstractChannelHandlerContext.java:365) [netty-transport-4.1.66.Final.jar:4.1.66.Final]",
"at io.netty.channel.AbstractChannelHandlerContext.fireChannelRead(AbstractChannelHandlerContext.java:357) [netty-transport-4.1.66.Final.jar:4.1.66.Final]",
"at io.netty.handler.codec.MessageToMessageDecoder.channelRead(MessageToMessageDecoder.java:103) [netty-codec-4.1.66.Final.jar:4.1.66.Final]",
"at io.netty.channel.AbstractChannelHandlerContext.invokeChannelRead(AbstractChannelHandlerContext.java:379) [netty-transport-4.1.66.Final.jar:4.1.66.Final]",
"at io.netty.channel.AbstractChannelHandlerContext.invokeChannelRead(AbstractChannelHandlerContext.java:365) [netty-transport-4.1.66.Final.jar:4.1.66.Final]",
"at io.netty.channel.AbstractChannelHandlerContext.fireChannelRead(AbstractChannelHandlerContext.java:357) [netty-transport-4.1.66.Final.jar:4.1.66.Final]",
"at io.netty.handler.codec.ByteToMessageDecoder.fireChannelRead(ByteToMessageDecoder.java:324) [netty-codec-4.1.66.Final.jar:4.1.66.Final]",
"at io.netty.handler.codec.ByteToMessageDecoder.channelRead(ByteToMessageDecoder.java:296) [netty-codec-4.1.66.Final.jar:4.1.66.Final]",
"at io.netty.channel.AbstractChannelHandlerContext.invokeChannelRead(AbstractChannelHandlerContext.java:379) [netty-transport-4.1.66.Final.jar:4.1.66.Final]",
"at io.netty.channel.AbstractChannelHandlerContext.invokeChannelRead(AbstractChannelHandlerContext.java:365) [netty-transport-4.1.66.Final.jar:4.1.66.Final]",
"at io.netty.channel.AbstractChannelHandlerContext.fireChannelRead(AbstractChannelHandlerContext.java:357) [netty-transport-4.1.66.Final.jar:4.1.66.Final]",
"at io.netty.handler.timeout.IdleStateHandler.channelRead(IdleStateHandler.java:286) [netty-handler-4.1.66.Final.jar:4.1.66.Final]",
"at io.netty.channel.AbstractChannelHandlerContext.invokeChannelRead(AbstractChannelHandlerContext.java:379) [netty-transport-4.1.66.Final.jar:4.1.66.Final]",
"at io.netty.channel.AbstractChannelHandlerContext.invokeChannelRead(AbstractChannelHandlerContext.java:365) [netty-transport-4.1.66.Final.jar:4.1.66.Final]",
"at io.netty.channel.AbstractChannelHandlerContext.fireChannelRead(AbstractChannelHandlerContext.java:357) [netty-transport-4.1.66.Final.jar:4.1.66.Final]",
"at io.netty.handler.codec.MessageToMessageDecoder.channelRead(MessageToMessageDecoder.java:103) [netty-codec-4.1.66.Final.jar:4.1.66.Final]",
"at io.netty.channel.AbstractChannelHandlerContext.invokeChannelRead(AbstractChannelHandlerContext.java:379) [netty-transport-4.1.66.Final.jar:4.1.66.Final]",
"at io.netty.channel.AbstractChannelHandlerContext.invokeChannelRead(AbstractChannelHandlerContext.java:365) [netty-transport-4.1.66.Final.jar:4.1.66.Final]",
"at io.netty.channel.AbstractChannelHandlerContext.fireChannelRead(AbstractChannelHandlerContext.java:357) [netty-transport-4.1.66.Final.jar:4.1.66.Final]",
"at io.netty.channel.DefaultChannelPipeline$HeadContext.channelRead(DefaultChannelPipeline.java:1410) [netty-transport-4.1.66.Final.jar:4.1.66.Final]",
"at io.netty.channel.AbstractChannelHandlerContext.invokeChannelRead(AbstractChannelHandlerContext.java:379) [netty-transport-4.1.66.Final.jar:4.1.66.Final]",
"at io.netty.channel.AbstractChannelHandlerContext.invokeChannelRead(AbstractChannelHandlerContext.java:365) [netty-transport-4.1.66.Final.jar:4.1.66.Final]",
"at io.netty.channel.DefaultChannelPipeline.fireChannelRead(DefaultChannelPipeline.java:919) [netty-transport-4.1.66.Final.jar:4.1.66.Final]",
"at io.netty.channel.nio.AbstractNioByteChannel$NioByteUnsafe.read(AbstractNioByteChannel.java:166) [netty-transport-4.1.66.Final.jar:4.1.66.Final]",
"at io.netty.channel.nio.NioEventLoop.processSelectedKey(NioEventLoop.java:719) [netty-transport-4.1.66.Final.jar:4.1.66.Final]",
"at io.netty.channel.nio.NioEventLoop.processSelectedKeysPlain(NioEventLoop.java:620) [netty-transport-4.1.66.Final.jar:4.1.66.Final]",
"at io.netty.channel.nio.NioEventLoop.processSelectedKeys(NioEventLoop.java:583) [netty-transport-4.1.66.Final.jar:4.1.66.Final]",
"at io.netty.channel.nio.NioEventLoop.run(NioEventLoop.java:493) [netty-transport-4.1.66.Final.jar:4.1.66.Final]",
"at io.netty.util.concurrent.SingleThreadEventExecutor$4.run(SingleThreadEventExecutor.java:986) [netty-common-4.1.66.Final.jar:4.1.66.Final]",
"at io.netty.util.internal.ThreadExecutorMap$2.run(ThreadExecutorMap.java:74) [netty-common-4.1.66.Final.jar:4.1.66.Final]",
"at java.lang.Thread.run(Thread.java:831) [?:?]"] }
{"type": "server", "timestamp": "2022-03-29T11:04:58,075Z", "level": "WARN", "component": "o.e.h.AbstractHttpServerTransport", "cluster.name": "tpotcluster", "node.name": "tpotcluster-node-01", "message": "handling request [null][GET][/.kibana_task_manager_7.17.0/_doc/task%3AAlerting-alerting_health_check][Netty4HttpChannel{localAddress=/192.168.48.2:9200, remoteAddress=/192.168.48.4:40320}] took [19405ms] which is above the warn threshold of [5000ms]", "cluster.uuid": "Qbw2pof0QzSXC1OvK0aFSw", "node.id": "t9hfPgy_RyC9LOJUxQUrSQ"  }
{"type": "server", "timestamp": "2022-03-29T11:04:58,483Z", "level": "WARN", "component": "o.e.t.ThreadPool", "cluster.name": "tpotcluster", "node.name": "tpotcluster-node-01", "message": "execution of [org.elasticsearch.cluster.InternalClusterInfoService$RefreshScheduler$$Lambda$5111/0x00000008017e14e0@6f92aa6] took [5010ms] which is above the warn threshold of [5000ms]", "cluster.uuid": "Qbw2pof0QzSXC1OvK0aFSw", "node.id": "t9hfPgy_RyC9LOJUxQUrSQ"  }
{"type": "server", "timestamp": "2022-03-29T11:05:51,586Z", "level": "WARN", "component": "o.e.t.ThreadPool", "cluster.name": "tpotcluster", "node.name": "tpotcluster-node-01", "message": "execution of [ReschedulingRunnable{runnable=org.elasticsearch.monitor.jvm.JvmGcMonitorService$1@73acf3a5, interval=1s}] took [32438ms] which is above the warn threshold of [5000ms]", "cluster.uuid": "Qbw2pof0QzSXC1OvK0aFSw", "node.id": "t9hfPgy_RyC9LOJUxQUrSQ"  }
{"type": "server", "timestamp": "2022-03-29T11:05:52,380Z", "level": "WARN", "component": "o.e.t.ThreadPool", "cluster.name": "tpotcluster", "node.name": "tpotcluster-node-01", "message": "timer thread slept for [14.3s/14388ms] on absolute clock which is above the warn threshold of [5000ms]", "cluster.uuid": "Qbw2pof0QzSXC1OvK0aFSw", "node.id": "t9hfPgy_RyC9LOJUxQUrSQ"  }
{"type": "server", "timestamp": "2022-03-29T11:06:38,561Z", "level": "WARN", "component": "o.e.t.ThreadPool", "cluster.name": "tpotcluster", "node.name": "tpotcluster-node-01", "message": "timer thread slept for [14.3s/14388652366ns] on relative clock which is above the warn threshold of [5000ms]", "cluster.uuid": "Qbw2pof0QzSXC1OvK0aFSw", "node.id": "t9hfPgy_RyC9LOJUxQUrSQ"  }
{"type": "server", "timestamp": "2022-03-29T11:06:50,833Z", "level": "WARN", "component": "o.e.t.ThreadPool", "cluster.name": "tpotcluster", "node.name": "tpotcluster-node-01", "message": "timer thread slept for [1.2m/72518ms] on absolute clock which is above the warn threshold of [5000ms]", "cluster.uuid": "Qbw2pof0QzSXC1OvK0aFSw", "node.id": "t9hfPgy_RyC9LOJUxQUrSQ"  }
{"type": "server", "timestamp": "2022-03-29T11:07:01,561Z", "level": "WARN", "component": "o.e.t.ThreadPool", "cluster.name": "tpotcluster", "node.name": "tpotcluster-node-01", "message": "timer thread slept for [1.2m/72518157380ns] on relative clock which is above the warn threshold of [5000ms]", "cluster.uuid": "Qbw2pof0QzSXC1OvK0aFSw", "node.id": "t9hfPgy_RyC9LOJUxQUrSQ"  }
{"type": "server", "timestamp": "2022-03-29T11:07:19,699Z", "level": "WARN", "component": "o.e.t.ThreadPool", "cluster.name": "tpotcluster", "node.name": "tpotcluster-node-01", "message": "timer thread slept for [28.1s/28143ms] on absolute clock which is above the warn threshold of [5000ms]", "cluster.uuid": "Qbw2pof0QzSXC1OvK0aFSw", "node.id": "t9hfPgy_RyC9LOJUxQUrSQ"  }
{"type": "server", "timestamp": "2022-03-29T11:07:33,913Z", "level": "WARN", "component": "o.e.t.ThreadPool", "cluster.name": "tpotcluster", "node.name": "tpotcluster-node-01", "message": "timer thread slept for [28.1s/28142378873ns] on relative clock which is above the warn threshold of [5000ms]", "cluster.uuid": "Qbw2pof0QzSXC1OvK0aFSw", "node.id": "t9hfPgy_RyC9LOJUxQUrSQ"  }
{"type": "server", "timestamp": "2022-03-29T11:07:47,793Z", "level": "WARN", "component": "o.e.t.ThreadPool", "cluster.name": "tpotcluster", "node.name": "tpotcluster-node-01", "message": "timer thread slept for [29.1s/29160ms] on absolute clock which is above the warn threshold of [5000ms]", "cluster.uuid": "Qbw2pof0QzSXC1OvK0aFSw", "node.id": "t9hfPgy_RyC9LOJUxQUrSQ"  }
{"type": "server", "timestamp": "2022-03-29T11:08:02,001Z", "level": "WARN", "component": "o.e.t.ThreadPool", "cluster.name": "tpotcluster", "node.name": "tpotcluster-node-01", "message": "timer thread slept for [29.1s/29159944065ns] on relative clock which is above the warn threshold of [5000ms]", "cluster.uuid": "Qbw2pof0QzSXC1OvK0aFSw", "node.id": "t9hfPgy_RyC9LOJUxQUrSQ"  }
{"type": "server", "timestamp": "2022-03-29T11:08:15,884Z", "level": "WARN", "component": "o.e.t.ThreadPool", "cluster.name": "tpotcluster", "node.name": "tpotcluster-node-01", "message": "timer thread slept for [27.5s/27516ms] on absolute clock which is above the warn threshold of [5000ms]", "cluster.uuid": "Qbw2pof0QzSXC1OvK0aFSw", "node.id": "t9hfPgy_RyC9LOJUxQUrSQ"  }
{"type": "server", "timestamp": "2022-03-29T11:08:27,623Z", "level": "WARN", "component": "o.e.t.ThreadPool", "cluster.name": "tpotcluster", "node.name": "tpotcluster-node-01", "message": "timer thread slept for [27.5s/27516177701ns] on relative clock which is above the warn threshold of [5000ms]", "cluster.uuid": "Qbw2pof0QzSXC1OvK0aFSw", "node.id": "t9hfPgy_RyC9LOJUxQUrSQ"  }
{"type": "server", "timestamp": "2022-03-29T11:08:40,458Z", "level": "WARN", "component": "o.e.t.ThreadPool", "cluster.name": "tpotcluster", "node.name": "tpotcluster-node-01", "message": "timer thread slept for [25.5s/25503ms] on absolute clock which is above the warn threshold of [5000ms]", "cluster.uuid": "Qbw2pof0QzSXC1OvK0aFSw", "node.id": "t9hfPgy_RyC9LOJUxQUrSQ"  }
{"type": "server", "timestamp": "2022-03-29T11:08:53,924Z", "level": "WARN", "component": "o.e.t.ThreadPool", "cluster.name": "tpotcluster", "node.name": "tpotcluster-node-01", "message": "timer thread slept for [25.5s/25503328892ns] on relative clock which is above the warn threshold of [5000ms]", "cluster.uuid": "Qbw2pof0QzSXC1OvK0aFSw", "node.id": "t9hfPgy_RyC9LOJUxQUrSQ"  }
{"type": "server", "timestamp": "2022-03-29T11:09:03,615Z", "level": "WARN", "component": "o.e.t.ThreadPool", "cluster.name": "tpotcluster", "node.name": "tpotcluster-node-01", "message": "timer thread slept for [22.6s/22667ms] on absolute clock which is above the warn threshold of [5000ms]", "cluster.uuid": "Qbw2pof0QzSXC1OvK0aFSw", "node.id": "t9hfPgy_RyC9LOJUxQUrSQ"  }
{"type": "server", "timestamp": "2022-03-29T11:09:13,751Z", "level": "WARN", "component": "o.e.t.ThreadPool", "cluster.name": "tpotcluster", "node.name": "tpotcluster-node-01", "message": "timer thread slept for [22.6s/22666788200ns] on relative clock which is above the warn threshold of [5000ms]", "cluster.uuid": "Qbw2pof0QzSXC1OvK0aFSw", "node.id": "t9hfPgy_RyC9LOJUxQUrSQ"  }
{"type": "server", "timestamp": "2022-03-29T11:09:30,430Z", "level": "WARN", "component": "o.e.t.ThreadPool", "cluster.name": "tpotcluster", "node.name": "tpotcluster-node-01", "message": "timer thread slept for [26.7s/26711ms] on absolute clock which is above the warn threshold of [5000ms]", "cluster.uuid": "Qbw2pof0QzSXC1OvK0aFSw", "node.id": "t9hfPgy_RyC9LOJUxQUrSQ"  }
{"type": "server", "timestamp": "2022-03-29T11:09:39,057Z", "level": "WARN", "component": "o.e.t.ThreadPool", "cluster.name": "tpotcluster", "node.name": "tpotcluster-node-01", "message": "timer thread slept for [26.7s/26711504823ns] on relative clock which is above the warn threshold of [5000ms]", "cluster.uuid": "Qbw2pof0QzSXC1OvK0aFSw", "node.id": "t9hfPgy_RyC9LOJUxQUrSQ"  }
{"type": "server", "timestamp": "2022-03-29T11:09:48,024Z", "level": "WARN", "component": "o.e.t.ThreadPool", "cluster.name": "tpotcluster", "node.name": "tpotcluster-node-01", "message": "timer thread slept for [17.7s/17776ms] on absolute clock which is above the warn threshold of [5000ms]", "cluster.uuid": "Qbw2pof0QzSXC1OvK0aFSw", "node.id": "t9hfPgy_RyC9LOJUxQUrSQ"  }
{"type": "server", "timestamp": "2022-03-29T11:09:58,191Z", "level": "WARN", "component": "o.e.t.ThreadPool", "cluster.name": "tpotcluster", "node.name": "tpotcluster-node-01", "message": "timer thread slept for [17.7s/17775528262ns] on relative clock which is above the warn threshold of [5000ms]", "cluster.uuid": "Qbw2pof0QzSXC1OvK0aFSw", "node.id": "t9hfPgy_RyC9LOJUxQUrSQ"  }
{"type": "server", "timestamp": "2022-03-29T11:10:12,697Z", "level": "WARN", "component": "o.e.t.ThreadPool", "cluster.name": "tpotcluster", "node.name": "tpotcluster-node-01", "message": "timer thread slept for [24.6s/24654ms] on absolute clock which is above the warn threshold of [5000ms]", "cluster.uuid": "Qbw2pof0QzSXC1OvK0aFSw", "node.id": "t9hfPgy_RyC9LOJUxQUrSQ"  }
{"type": "server", "timestamp": "2022-03-29T11:10:21,754Z", "level": "WARN", "component": "o.e.t.ThreadPool", "cluster.name": "tpotcluster", "node.name": "tpotcluster-node-01", "message": "timer thread slept for [24.6s/24654282611ns] on relative clock which is above the warn threshold of [5000ms]", "cluster.uuid": "Qbw2pof0QzSXC1OvK0aFSw", "node.id": "t9hfPgy_RyC9LOJUxQUrSQ"  }
{"type": "server", "timestamp": "2022-03-29T11:10:31,949Z", "level": "WARN", "component": "o.e.t.ThreadPool", "cluster.name": "tpotcluster", "node.name": "tpotcluster-node-01", "message": "timer thread slept for [19s/19000ms] on absolute clock which is above the warn threshold of [5000ms]", "cluster.uuid": "Qbw2pof0QzSXC1OvK0aFSw", "node.id": "t9hfPgy_RyC9LOJUxQUrSQ"  }
{"type": "server", "timestamp": "2022-03-29T11:10:42,492Z", "level": "WARN", "component": "o.e.t.ThreadPool", "cluster.name": "tpotcluster", "node.name": "tpotcluster-node-01", "message": "timer thread slept for [18.9s/18999459601ns] on relative clock which is above the warn threshold of [5000ms]", "cluster.uuid": "Qbw2pof0QzSXC1OvK0aFSw", "node.id": "t9hfPgy_RyC9LOJUxQUrSQ"  }
{"type": "server", "timestamp": "2022-03-29T11:11:06,031Z", "level": "WARN", "component": "o.e.t.ThreadPool", "cluster.name": "tpotcluster", "node.name": "tpotcluster-node-01", "message": "timer thread slept for [33.9s/33987ms] on absolute clock which is above the warn threshold of [5000ms]", "cluster.uuid": "Qbw2pof0QzSXC1OvK0aFSw", "node.id": "t9hfPgy_RyC9LOJUxQUrSQ"  }
{"type": "server", "timestamp": "2022-03-29T11:11:17,815Z", "level": "WARN", "component": "o.e.t.ThreadPool", "cluster.name": "tpotcluster", "node.name": "tpotcluster-node-01", "message": "timer thread slept for [33.9s/33987517723ns] on relative clock which is above the warn threshold of [5000ms]", "cluster.uuid": "Qbw2pof0QzSXC1OvK0aFSw", "node.id": "t9hfPgy_RyC9LOJUxQUrSQ"  }
{"type": "server", "timestamp": "2022-03-29T11:11:35,111Z", "level": "WARN", "component": "o.e.t.ThreadPool", "cluster.name": "tpotcluster", "node.name": "tpotcluster-node-01", "message": "timer thread slept for [29s/29091ms] on absolute clock which is above the warn threshold of [5000ms]", "cluster.uuid": "Qbw2pof0QzSXC1OvK0aFSw", "node.id": "t9hfPgy_RyC9LOJUxQUrSQ"  }
{"type": "server", "timestamp": "2022-03-29T11:11:46,846Z", "level": "WARN", "component": "o.e.t.ThreadPool", "cluster.name": "tpotcluster", "node.name": "tpotcluster-node-01", "message": "timer thread slept for [29s/29090595734ns] on relative clock which is above the warn threshold of [5000ms]", "cluster.uuid": "Qbw2pof0QzSXC1OvK0aFSw", "node.id": "t9hfPgy_RyC9LOJUxQUrSQ"  }
{"type": "server", "timestamp": "2022-03-29T11:12:01,708Z", "level": "WARN", "component": "o.e.t.ThreadPool", "cluster.name": "tpotcluster", "node.name": "tpotcluster-node-01", "message": "timer thread slept for [26.1s/26141ms] on absolute clock which is above the warn threshold of [5000ms]", "cluster.uuid": "Qbw2pof0QzSXC1OvK0aFSw", "node.id": "t9hfPgy_RyC9LOJUxQUrSQ"  }
{"type": "server", "timestamp": "2022-03-29T11:12:20,106Z", "level": "WARN", "component": "o.e.t.ThreadPool", "cluster.name": "tpotcluster", "node.name": "tpotcluster-node-01", "message": "timer thread slept for [26.1s/26141477151ns] on relative clock which is above the warn threshold of [5000ms]", "cluster.uuid": "Qbw2pof0QzSXC1OvK0aFSw", "node.id": "t9hfPgy_RyC9LOJUxQUrSQ"  }
{"type": "server", "timestamp": "2022-03-29T11:12:35,371Z", "level": "WARN", "component": "o.e.t.ThreadPool", "cluster.name": "tpotcluster", "node.name": "tpotcluster-node-01", "message": "timer thread slept for [33.3s/33336ms] on absolute clock which is above the warn threshold of [5000ms]", "cluster.uuid": "Qbw2pof0QzSXC1OvK0aFSw", "node.id": "t9hfPgy_RyC9LOJUxQUrSQ"  }
{"type": "server", "timestamp": "2022-03-29T11:12:52,707Z", "level": "WARN", "component": "o.e.t.ThreadPool", "cluster.name": "tpotcluster", "node.name": "tpotcluster-node-01", "message": "timer thread slept for [33.3s/33335916145ns] on relative clock which is above the warn threshold of [5000ms]", "cluster.uuid": "Qbw2pof0QzSXC1OvK0aFSw", "node.id": "t9hfPgy_RyC9LOJUxQUrSQ"  }
{"type": "server", "timestamp": "2022-03-29T11:13:06,028Z", "level": "WARN", "component": "o.e.t.ThreadPool", "cluster.name": "tpotcluster", "node.name": "tpotcluster-node-01", "message": "timer thread slept for [31.7s/31767ms] on absolute clock which is above the warn threshold of [5000ms]", "cluster.uuid": "Qbw2pof0QzSXC1OvK0aFSw", "node.id": "t9hfPgy_RyC9LOJUxQUrSQ"  }
{"type": "server", "timestamp": "2022-03-29T11:13:29,794Z", "level": "WARN", "component": "o.e.t.ThreadPool", "cluster.name": "tpotcluster", "node.name": "tpotcluster-node-01", "message": "timer thread slept for [31.7s/31766294904ns] on relative clock which is above the warn threshold of [5000ms]", "cluster.uuid": "Qbw2pof0QzSXC1OvK0aFSw", "node.id": "t9hfPgy_RyC9LOJUxQUrSQ"  }
{"type": "server", "timestamp": "2022-03-29T11:14:00,900Z", "level": "WARN", "component": "o.e.t.ThreadPool", "cluster.name": "tpotcluster", "node.name": "tpotcluster-node-01", "message": "timer thread slept for [53s/53081ms] on absolute clock which is above the warn threshold of [5000ms]", "cluster.uuid": "Qbw2pof0QzSXC1OvK0aFSw", "node.id": "t9hfPgy_RyC9LOJUxQUrSQ"  }
{"type": "server", "timestamp": "2022-03-29T11:14:20,772Z", "level": "WARN", "component": "o.e.t.ThreadPool", "cluster.name": "tpotcluster", "node.name": "tpotcluster-node-01", "message": "timer thread slept for [53s/53081256519ns] on relative clock which is above the warn threshold of [5000ms]", "cluster.uuid": "Qbw2pof0QzSXC1OvK0aFSw", "node.id": "t9hfPgy_RyC9LOJUxQUrSQ"  }
{"type": "server", "timestamp": "2022-03-29T11:14:42,132Z", "level": "WARN", "component": "o.e.t.ThreadPool", "cluster.name": "tpotcluster", "node.name": "tpotcluster-node-01", "message": "timer thread slept for [40.5s/40583ms] on absolute clock which is above the warn threshold of [5000ms]", "cluster.uuid": "Qbw2pof0QzSXC1OvK0aFSw", "node.id": "t9hfPgy_RyC9LOJUxQUrSQ"  }
{"type": "server", "timestamp": "2022-03-29T11:15:02,279Z", "level": "WARN", "component": "o.e.t.ThreadPool", "cluster.name": "tpotcluster", "node.name": "tpotcluster-node-01", "message": "timer thread slept for [40.5s/40582883292ns] on relative clock which is above the warn threshold of [5000ms]", "cluster.uuid": "Qbw2pof0QzSXC1OvK0aFSw", "node.id": "t9hfPgy_RyC9LOJUxQUrSQ"  }
{"type": "server", "timestamp": "2022-03-29T11:15:23,584Z", "level": "WARN", "component": "o.e.t.ThreadPool", "cluster.name": "tpotcluster", "node.name": "tpotcluster-node-01", "message": "timer thread slept for [42.7s/42701ms] on absolute clock which is above the warn threshold of [5000ms]", "cluster.uuid": "Qbw2pof0QzSXC1OvK0aFSw", "node.id": "t9hfPgy_RyC9LOJUxQUrSQ"  }
{"type": "server", "timestamp": "2022-03-29T11:15:39,177Z", "level": "WARN", "component": "o.e.t.ThreadPool", "cluster.name": "tpotcluster", "node.name": "tpotcluster-node-01", "message": "execution of [org.elasticsearch.cluster.InternalClusterInfoService$RefreshScheduler$$Lambda$5111/0x00000008017e14e0@31ac597d] took [584335ms] which is above the warn threshold of [5000ms]", "cluster.uuid": "Qbw2pof0QzSXC1OvK0aFSw", "node.id": "t9hfPgy_RyC9LOJUxQUrSQ"  }
{"type": "server", "timestamp": "2022-03-29T11:15:41,038Z", "level": "WARN", "component": "o.e.t.ThreadPool", "cluster.name": "tpotcluster", "node.name": "tpotcluster-node-01", "message": "timer thread slept for [42.7s/42701788489ns] on relative clock which is above the warn threshold of [5000ms]", "cluster.uuid": "Qbw2pof0QzSXC1OvK0aFSw", "node.id": "t9hfPgy_RyC9LOJUxQUrSQ"  }
{"type": "server", "timestamp": "2022-03-29T11:15:58,805Z", "level": "WARN", "component": "o.e.t.ThreadPool", "cluster.name": "tpotcluster", "node.name": "tpotcluster-node-01", "message": "timer thread slept for [35.4s/35484ms] on absolute clock which is above the warn threshold of [5000ms]", "cluster.uuid": "Qbw2pof0QzSXC1OvK0aFSw", "node.id": "t9hfPgy_RyC9LOJUxQUrSQ"  }
{"type": "server", "timestamp": "2022-03-29T11:16:18,924Z", "level": "WARN", "component": "o.e.t.ThreadPool", "cluster.name": "tpotcluster", "node.name": "tpotcluster-node-01", "message": "timer thread slept for [35.4s/35483504700ns] on relative clock which is above the warn threshold of [5000ms]", "cluster.uuid": "Qbw2pof0QzSXC1OvK0aFSw", "node.id": "t9hfPgy_RyC9LOJUxQUrSQ"  }
{"type": "server", "timestamp": "2022-03-29T11:16:40,190Z", "level": "WARN", "component": "o.e.t.ThreadPool", "cluster.name": "tpotcluster", "node.name": "tpotcluster-node-01", "message": "timer thread slept for [41.5s/41562ms] on absolute clock which is above the warn threshold of [5000ms]", "cluster.uuid": "Qbw2pof0QzSXC1OvK0aFSw", "node.id": "t9hfPgy_RyC9LOJUxQUrSQ"  }
{"type": "server", "timestamp": "2022-03-29T11:17:04,457Z", "level": "WARN", "component": "o.e.t.ThreadPool", "cluster.name": "tpotcluster", "node.name": "tpotcluster-node-01", "message": "execution of [ReschedulingRunnable{runnable=org.elasticsearch.monitor.jvm.JvmGcMonitorService$1@73acf3a5, interval=1s}] took [77045ms] which is above the warn threshold of [5000ms]", "cluster.uuid": "Qbw2pof0QzSXC1OvK0aFSw", "node.id": "t9hfPgy_RyC9LOJUxQUrSQ"  }
{"type": "server", "timestamp": "2022-03-29T11:17:00,397Z", "level": "WARN", "component": "o.e.t.ThreadPool", "cluster.name": "tpotcluster", "node.name": "tpotcluster-node-01", "message": "timer thread slept for [41.5s/41562340865ns] on relative clock which is above the warn threshold of [5000ms]", "cluster.uuid": "Qbw2pof0QzSXC1OvK0aFSw", "node.id": "t9hfPgy_RyC9LOJUxQUrSQ"  }
{"type": "server", "timestamp": "2022-03-29T11:17:36,866Z", "level": "WARN", "component": "o.e.t.ThreadPool", "cluster.name": "tpotcluster", "node.name": "tpotcluster-node-01", "message": "timer thread slept for [55.6s/55638ms] on absolute clock which is above the warn threshold of [5000ms]", "cluster.uuid": "Qbw2pof0QzSXC1OvK0aFSw", "node.id": "t9hfPgy_RyC9LOJUxQUrSQ"  }
{"type": "server", "timestamp": "2022-03-29T11:17:37,934Z", "level": "WARN", "component": "o.e.t.ThreadPool", "cluster.name": "tpotcluster", "node.name": "tpotcluster-node-01", "message": "execution of [ReschedulingRunnable{runnable=org.elasticsearch.indices.IndexingMemoryController$ShardsIndicesStatusChecker@34a2a628, interval=5s}] took [55637ms] which is above the warn threshold of [5000ms]", "cluster.uuid": "Qbw2pof0QzSXC1OvK0aFSw", "node.id": "t9hfPgy_RyC9LOJUxQUrSQ"  }
{"type": "server", "timestamp": "2022-03-29T11:18:06,933Z", "level": "WARN", "component": "o.e.t.ThreadPool", "cluster.name": "tpotcluster", "node.name": "tpotcluster-node-01", "message": "timer thread slept for [55.6s/55637906791ns] on relative clock which is above the warn threshold of [5000ms]", "cluster.uuid": "Qbw2pof0QzSXC1OvK0aFSw", "node.id": "t9hfPgy_RyC9LOJUxQUrSQ"  }
{"type": "server", "timestamp": "2022-03-29T11:18:44,416Z", "level": "WARN", "component": "o.e.t.ThreadPool", "cluster.name": "tpotcluster", "node.name": "tpotcluster-node-01", "message": "timer thread slept for [58.3s/58399ms] on absolute clock which is above the warn threshold of [5000ms]", "cluster.uuid": "Qbw2pof0QzSXC1OvK0aFSw", "node.id": "t9hfPgy_RyC9LOJUxQUrSQ"  }
{"type": "server", "timestamp": "2022-03-29T11:19:32,522Z", "level": "WARN", "component": "o.e.t.ThreadPool", "cluster.name": "tpotcluster", "node.name": "tpotcluster-node-01", "message": "timer thread slept for [58.3s/58398481674ns] on relative clock which is above the warn threshold of [5000ms]", "cluster.uuid": "Qbw2pof0QzSXC1OvK0aFSw", "node.id": "t9hfPgy_RyC9LOJUxQUrSQ"  }
{"type": "server", "timestamp": "2022-03-29T11:18:57,969Z", "level": "WARN", "component": "o.e.m.f.FsHealthService", "cluster.name": "tpotcluster", "node.name": "tpotcluster-node-01", "message": "health check of [/data/elk/data/nodes/0] took [58398ms] which is above the warn threshold of [5s]", "cluster.uuid": "Qbw2pof0QzSXC1OvK0aFSw", "node.id": "t9hfPgy_RyC9LOJUxQUrSQ"  }
{"type": "server", "timestamp": "2022-03-29T11:19:59,451Z", "level": "WARN", "component": "o.e.t.ThreadPool", "cluster.name": "tpotcluster", "node.name": "tpotcluster-node-01", "message": "timer thread slept for [1.3m/83125ms] on absolute clock which is above the warn threshold of [5000ms]", "cluster.uuid": "Qbw2pof0QzSXC1OvK0aFSw", "node.id": "t9hfPgy_RyC9LOJUxQUrSQ"  }
{"type": "server", "timestamp": "2022-03-29T11:20:24,799Z", "level": "WARN", "component": "o.e.t.ThreadPool", "cluster.name": "tpotcluster", "node.name": "tpotcluster-node-01", "message": "timer thread slept for [1.3m/83125487258ns] on relative clock which is above the warn threshold of [5000ms]", "cluster.uuid": "Qbw2pof0QzSXC1OvK0aFSw", "node.id": "t9hfPgy_RyC9LOJUxQUrSQ"  }
{"type": "server", "timestamp": "2022-03-29T11:21:03,478Z", "level": "WARN", "component": "o.e.t.ThreadPool", "cluster.name": "tpotcluster", "node.name": "tpotcluster-node-01", "message": "timer thread slept for [1m/61597ms] on absolute clock which is above the warn threshold of [5000ms]", "cluster.uuid": "Qbw2pof0QzSXC1OvK0aFSw", "node.id": "t9hfPgy_RyC9LOJUxQUrSQ"  }
{"type": "server", "timestamp": "2022-03-29T11:21:23,272Z", "level": "WARN", "component": "o.e.t.ThreadPool", "cluster.name": "tpotcluster", "node.name": "tpotcluster-node-01", "message": "timer thread slept for [1m/61596654730ns] on relative clock which is above the warn threshold of [5000ms]", "cluster.uuid": "Qbw2pof0QzSXC1OvK0aFSw", "node.id": "t9hfPgy_RyC9LOJUxQUrSQ"  }
{"type": "server", "timestamp": "2022-03-29T11:21:40,836Z", "level": "WARN", "component": "o.e.t.ThreadPool", "cluster.name": "tpotcluster", "node.name": "tpotcluster-node-01", "message": "timer thread slept for [42.2s/42260ms] on absolute clock which is above the warn threshold of [5000ms]", "cluster.uuid": "Qbw2pof0QzSXC1OvK0aFSw", "node.id": "t9hfPgy_RyC9LOJUxQUrSQ"  }
{"type": "server", "timestamp": "2022-03-29T11:22:01,700Z", "level": "WARN", "component": "o.e.t.ThreadPool", "cluster.name": "tpotcluster", "node.name": "tpotcluster-node-01", "message": "timer thread slept for [42.2s/42260077014ns] on relative clock which is above the warn threshold of [5000ms]", "cluster.uuid": "Qbw2pof0QzSXC1OvK0aFSw", "node.id": "t9hfPgy_RyC9LOJUxQUrSQ"  }
{"type": "server", "timestamp": "2022-03-29T11:22:15,891Z", "level": "WARN", "component": "o.e.t.ThreadPool", "cluster.name": "tpotcluster", "node.name": "tpotcluster-node-01", "message": "timer thread slept for [35.2s/35258ms] on absolute clock which is above the warn threshold of [5000ms]", "cluster.uuid": "Qbw2pof0QzSXC1OvK0aFSw", "node.id": "t9hfPgy_RyC9LOJUxQUrSQ"  }
{"type": "server", "timestamp": "2022-03-29T11:22:32,680Z", "level": "WARN", "component": "o.e.t.ThreadPool", "cluster.name": "tpotcluster", "node.name": "tpotcluster-node-01", "message": "timer thread slept for [35.2s/35258199423ns] on relative clock which is above the warn threshold of [5000ms]", "cluster.uuid": "Qbw2pof0QzSXC1OvK0aFSw", "node.id": "t9hfPgy_RyC9LOJUxQUrSQ"  }
{"type": "server", "timestamp": "2022-03-29T11:22:44,472Z", "level": "WARN", "component": "o.e.t.ThreadPool", "cluster.name": "tpotcluster", "node.name": "tpotcluster-node-01", "message": "timer thread slept for [27.6s/27611ms] on absolute clock which is above the warn threshold of [5000ms]", "cluster.uuid": "Qbw2pof0QzSXC1OvK0aFSw", "node.id": "t9hfPgy_RyC9LOJUxQUrSQ"  }
{"type": "server", "timestamp": "2022-03-29T11:22:56,401Z", "level": "WARN", "component": "o.e.t.ThreadPool", "cluster.name": "tpotcluster", "node.name": "tpotcluster-node-01", "message": "timer thread slept for [27.6s/27610895977ns] on relative clock which is above the warn threshold of [5000ms]", "cluster.uuid": "Qbw2pof0QzSXC1OvK0aFSw", "node.id": "t9hfPgy_RyC9LOJUxQUrSQ"  }
{"type": "server", "timestamp": "2022-03-29T11:23:06,657Z", "level": "WARN", "component": "o.e.t.ThreadPool", "cluster.name": "tpotcluster", "node.name": "tpotcluster-node-01", "message": "timer thread slept for [23.2s/23278ms] on absolute clock which is above the warn threshold of [5000ms]", "cluster.uuid": "Qbw2pof0QzSXC1OvK0aFSw", "node.id": "t9hfPgy_RyC9LOJUxQUrSQ"  }
{"type": "server", "timestamp": "2022-03-29T11:23:16,543Z", "level": "WARN", "component": "o.e.t.ThreadPool", "cluster.name": "tpotcluster", "node.name": "tpotcluster-node-01", "message": "timer thread slept for [23.2s/23278326992ns] on relative clock which is above the warn threshold of [5000ms]", "cluster.uuid": "Qbw2pof0QzSXC1OvK0aFSw", "node.id": "t9hfPgy_RyC9LOJUxQUrSQ"  }
{"type": "server", "timestamp": "2022-03-29T11:23:27,715Z", "level": "WARN", "component": "o.e.t.ThreadPool", "cluster.name": "tpotcluster", "node.name": "tpotcluster-node-01", "message": "timer thread slept for [20.9s/20942ms] on absolute clock which is above the warn threshold of [5000ms]", "cluster.uuid": "Qbw2pof0QzSXC1OvK0aFSw", "node.id": "t9hfPgy_RyC9LOJUxQUrSQ"  }
{"type": "server", "timestamp": "2022-03-29T11:23:43,437Z", "level": "WARN", "component": "o.e.t.ThreadPool", "cluster.name": "tpotcluster", "node.name": "tpotcluster-node-01", "message": "timer thread slept for [20.9s/20941945756ns] on relative clock which is above the warn threshold of [5000ms]", "cluster.uuid": "Qbw2pof0QzSXC1OvK0aFSw", "node.id": "t9hfPgy_RyC9LOJUxQUrSQ"  }
{"type": "server", "timestamp": "2022-03-29T11:23:54,477Z", "level": "WARN", "component": "o.e.t.ThreadPool", "cluster.name": "tpotcluster", "node.name": "tpotcluster-node-01", "message": "timer thread slept for [26.5s/26576ms] on absolute clock which is above the warn threshold of [5000ms]", "cluster.uuid": "Qbw2pof0QzSXC1OvK0aFSw", "node.id": "t9hfPgy_RyC9LOJUxQUrSQ"  }
{"type": "server", "timestamp": "2022-03-29T11:24:07,721Z", "level": "WARN", "component": "o.e.t.ThreadPool", "cluster.name": "tpotcluster", "node.name": "tpotcluster-node-01", "message": "timer thread slept for [26.5s/26575310245ns] on relative clock which is above the warn threshold of [5000ms]", "cluster.uuid": "Qbw2pof0QzSXC1OvK0aFSw", "node.id": "t9hfPgy_RyC9LOJUxQUrSQ"  }
{"type": "server", "timestamp": "2022-03-29T11:24:20,473Z", "level": "WARN", "component": "o.e.t.ThreadPool", "cluster.name": "tpotcluster", "node.name": "tpotcluster-node-01", "message": "timer thread slept for [25.5s/25545ms] on absolute clock which is above the warn threshold of [5000ms]", "cluster.uuid": "Qbw2pof0QzSXC1OvK0aFSw", "node.id": "t9hfPgy_RyC9LOJUxQUrSQ"  }
{"type": "server", "timestamp": "2022-03-29T11:24:33,789Z", "level": "WARN", "component": "o.e.t.ThreadPool", "cluster.name": "tpotcluster", "node.name": "tpotcluster-node-01", "message": "timer thread slept for [25.5s/25545888066ns] on relative clock which is above the warn threshold of [5000ms]", "cluster.uuid": "Qbw2pof0QzSXC1OvK0aFSw", "node.id": "t9hfPgy_RyC9LOJUxQUrSQ"  }
{"type": "server", "timestamp": "2022-03-29T11:24:50,816Z", "level": "WARN", "component": "o.e.t.ThreadPool", "cluster.name": "tpotcluster", "node.name": "tpotcluster-node-01", "message": "timer thread slept for [30.1s/30129ms] on absolute clock which is above the warn threshold of [5000ms]", "cluster.uuid": "Qbw2pof0QzSXC1OvK0aFSw", "node.id": "t9hfPgy_RyC9LOJUxQUrSQ"  }
{"type": "server", "timestamp": "2022-03-29T11:25:08,225Z", "level": "WARN", "component": "o.e.t.ThreadPool", "cluster.name": "tpotcluster", "node.name": "tpotcluster-node-01", "message": "timer thread slept for [30.1s/30128117633ns] on relative clock which is above the warn threshold of [5000ms]", "cluster.uuid": "Qbw2pof0QzSXC1OvK0aFSw", "node.id": "t9hfPgy_RyC9LOJUxQUrSQ"  }
{"type": "server", "timestamp": "2022-03-29T11:25:24,768Z", "level": "WARN", "component": "o.e.t.ThreadPool", "cluster.name": "tpotcluster", "node.name": "tpotcluster-node-01", "message": "timer thread slept for [32.6s/32635ms] on absolute clock which is above the warn threshold of [5000ms]", "cluster.uuid": "Qbw2pof0QzSXC1OvK0aFSw", "node.id": "t9hfPgy_RyC9LOJUxQUrSQ"  }
{"type": "server", "timestamp": "2022-03-29T11:25:38,043Z", "level": "WARN", "component": "o.e.t.ThreadPool", "cluster.name": "tpotcluster", "node.name": "tpotcluster-node-01", "message": "timer thread slept for [32.6s/32635444367ns] on relative clock which is above the warn threshold of [5000ms]", "cluster.uuid": "Qbw2pof0QzSXC1OvK0aFSw", "node.id": "t9hfPgy_RyC9LOJUxQUrSQ"  }
{"type": "server", "timestamp": "2022-03-29T11:25:51,840Z", "level": "WARN", "component": "o.e.t.ThreadPool", "cluster.name": "tpotcluster", "node.name": "tpotcluster-node-01", "message": "timer thread slept for [29.1s/29147ms] on absolute clock which is above the warn threshold of [5000ms]", "cluster.uuid": "Qbw2pof0QzSXC1OvK0aFSw", "node.id": "t9hfPgy_RyC9LOJUxQUrSQ"  }
{"type": "server", "timestamp": "2022-03-29T11:26:05,730Z", "level": "WARN", "component": "o.e.t.ThreadPool", "cluster.name": "tpotcluster", "node.name": "tpotcluster-node-01", "message": "timer thread slept for [29.1s/29146897210ns] on relative clock which is above the warn threshold of [5000ms]", "cluster.uuid": "Qbw2pof0QzSXC1OvK0aFSw", "node.id": "t9hfPgy_RyC9LOJUxQUrSQ"  }
{"type": "server", "timestamp": "2022-03-29T11:26:31,212Z", "level": "WARN", "component": "o.e.t.ThreadPool", "cluster.name": "tpotcluster", "node.name": "tpotcluster-node-01", "message": "timer thread slept for [39.2s/39239ms] on absolute clock which is above the warn threshold of [5000ms]", "cluster.uuid": "Qbw2pof0QzSXC1OvK0aFSw", "node.id": "t9hfPgy_RyC9LOJUxQUrSQ"  }
{"type": "server", "timestamp": "2022-03-29T11:26:43,893Z", "level": "WARN", "component": "o.e.t.ThreadPool", "cluster.name": "tpotcluster", "node.name": "tpotcluster-node-01", "message": "timer thread slept for [39.2s/39238625242ns] on relative clock which is above the warn threshold of [5000ms]", "cluster.uuid": "Qbw2pof0QzSXC1OvK0aFSw", "node.id": "t9hfPgy_RyC9LOJUxQUrSQ"  }
{"type": "server", "timestamp": "2022-03-29T11:27:00,384Z", "level": "WARN", "component": "o.e.t.ThreadPool", "cluster.name": "tpotcluster", "node.name": "tpotcluster-node-01", "message": "timer thread slept for [29.1s/29149ms] on absolute clock which is above the warn threshold of [5000ms]", "cluster.uuid": "Qbw2pof0QzSXC1OvK0aFSw", "node.id": "t9hfPgy_RyC9LOJUxQUrSQ"  }
{"type": "server", "timestamp": "2022-03-29T11:27:15,001Z", "level": "WARN", "component": "o.e.t.ThreadPool", "cluster.name": "tpotcluster", "node.name": "tpotcluster-node-01", "message": "timer thread slept for [29.1s/29149376919ns] on relative clock which is above the warn threshold of [5000ms]", "cluster.uuid": "Qbw2pof0QzSXC1OvK0aFSw", "node.id": "t9hfPgy_RyC9LOJUxQUrSQ"  }
{"type": "server", "timestamp": "2022-03-29T11:27:30,457Z", "level": "WARN", "component": "o.e.t.ThreadPool", "cluster.name": "tpotcluster", "node.name": "tpotcluster-node-01", "message": "timer thread slept for [29.9s/29987ms] on absolute clock which is above the warn threshold of [5000ms]", "cluster.uuid": "Qbw2pof0QzSXC1OvK0aFSw", "node.id": "t9hfPgy_RyC9LOJUxQUrSQ"  }
{"type": "server", "timestamp": "2022-03-29T11:27:45,530Z", "level": "WARN", "component": "o.e.t.ThreadPool", "cluster.name": "tpotcluster", "node.name": "tpotcluster-node-01", "message": "timer thread slept for [29.9s/29987113356ns] on relative clock which is above the warn threshold of [5000ms]", "cluster.uuid": "Qbw2pof0QzSXC1OvK0aFSw", "node.id": "t9hfPgy_RyC9LOJUxQUrSQ"  }
{"type": "server", "timestamp": "2022-03-29T11:28:03,478Z", "level": "WARN", "component": "o.e.t.ThreadPool", "cluster.name": "tpotcluster", "node.name": "tpotcluster-node-01", "message": "timer thread slept for [32.7s/32790ms] on absolute clock which is above the warn threshold of [5000ms]", "cluster.uuid": "Qbw2pof0QzSXC1OvK0aFSw", "node.id": "t9hfPgy_RyC9LOJUxQUrSQ"  }
{"type": "server", "timestamp": "2022-03-29T11:28:06,284Z", "level": "WARN", "component": "o.e.t.ThreadPool", "cluster.name": "tpotcluster", "node.name": "tpotcluster-node-01", "message": "execution of [org.elasticsearch.cluster.InternalClusterInfoService$RefreshScheduler$$Lambda$5111/0x00000008017e14e0@7bc10600] took [627666ms] which is above the warn threshold of [5000ms]", "cluster.uuid": "Qbw2pof0QzSXC1OvK0aFSw", "node.id": "t9hfPgy_RyC9LOJUxQUrSQ"  }
{"type": "server", "timestamp": "2022-03-29T11:28:23,188Z", "level": "WARN", "component": "o.e.t.ThreadPool", "cluster.name": "tpotcluster", "node.name": "tpotcluster-node-01", "message": "timer thread slept for [32.7s/32789930941ns] on relative clock which is above the warn threshold of [5000ms]", "cluster.uuid": "Qbw2pof0QzSXC1OvK0aFSw", "node.id": "t9hfPgy_RyC9LOJUxQUrSQ"  }
{"type": "server", "timestamp": "2022-03-29T11:28:38,034Z", "level": "WARN", "component": "o.e.t.ThreadPool", "cluster.name": "tpotcluster", "node.name": "tpotcluster-node-01", "message": "timer thread slept for [34.7s/34746ms] on absolute clock which is above the warn threshold of [5000ms]", "cluster.uuid": "Qbw2pof0QzSXC1OvK0aFSw", "node.id": "t9hfPgy_RyC9LOJUxQUrSQ"  }
{"type": "server", "timestamp": "2022-03-29T11:28:53,707Z", "level": "WARN", "component": "o.e.t.ThreadPool", "cluster.name": "tpotcluster", "node.name": "tpotcluster-node-01", "message": "timer thread slept for [34.7s/34745901917ns] on relative clock which is above the warn threshold of [5000ms]", "cluster.uuid": "Qbw2pof0QzSXC1OvK0aFSw", "node.id": "t9hfPgy_RyC9LOJUxQUrSQ"  }
{"type": "server", "timestamp": "2022-03-29T11:29:16,672Z", "level": "WARN", "component": "o.e.t.ThreadPool", "cluster.name": "tpotcluster", "node.name": "tpotcluster-node-01", "message": "execution of [ReschedulingRunnable{runnable=org.elasticsearch.monitor.jvm.JvmGcMonitorService$1@73acf3a5, interval=1s}] took [34745ms] which is above the warn threshold of [5000ms]", "cluster.uuid": "Qbw2pof0QzSXC1OvK0aFSw", "node.id": "t9hfPgy_RyC9LOJUxQUrSQ"  }
{"type": "server", "timestamp": "2022-03-29T11:29:22,031Z", "level": "WARN", "component": "o.e.t.ThreadPool", "cluster.name": "tpotcluster", "node.name": "tpotcluster-node-01", "message": "timer thread slept for [43.3s/43358ms] on absolute clock which is above the warn threshold of [5000ms]", "cluster.uuid": "Qbw2pof0QzSXC1OvK0aFSw", "node.id": "t9hfPgy_RyC9LOJUxQUrSQ"  }
{"type": "server", "timestamp": "2022-03-29T11:29:40,931Z", "level": "WARN", "component": "o.e.t.ThreadPool", "cluster.name": "tpotcluster", "node.name": "tpotcluster-node-01", "message": "timer thread slept for [43.3s/43357758830ns] on relative clock which is above the warn threshold of [5000ms]", "cluster.uuid": "Qbw2pof0QzSXC1OvK0aFSw", "node.id": "t9hfPgy_RyC9LOJUxQUrSQ"  }
{"type": "server", "timestamp": "2022-03-29T11:29:55,738Z", "level": "WARN", "component": "o.e.t.ThreadPool", "cluster.name": "tpotcluster", "node.name": "tpotcluster-node-01", "message": "timer thread slept for [34.5s/34569ms] on absolute clock which is above the warn threshold of [5000ms]", "cluster.uuid": "Qbw2pof0QzSXC1OvK0aFSw", "node.id": "t9hfPgy_RyC9LOJUxQUrSQ"  }
{"type": "server", "timestamp": "2022-03-29T11:30:07,186Z", "level": "WARN", "component": "o.e.t.ThreadPool", "cluster.name": "tpotcluster", "node.name": "tpotcluster-node-01", "message": "timer thread slept for [34.5s/34569355954ns] on relative clock which is above the warn threshold of [5000ms]", "cluster.uuid": "Qbw2pof0QzSXC1OvK0aFSw", "node.id": "t9hfPgy_RyC9LOJUxQUrSQ"  }
{"type": "server", "timestamp": "2022-03-29T11:30:21,000Z", "level": "WARN", "component": "o.e.t.ThreadPool", "cluster.name": "tpotcluster", "node.name": "tpotcluster-node-01", "message": "timer thread slept for [24.6s/24611ms] on absolute clock which is above the warn threshold of [5000ms]", "cluster.uuid": "Qbw2pof0QzSXC1OvK0aFSw", "node.id": "t9hfPgy_RyC9LOJUxQUrSQ"  }
{"type": "server", "timestamp": "2022-03-29T11:30:38,076Z", "level": "WARN", "component": "o.e.t.ThreadPool", "cluster.name": "tpotcluster", "node.name": "tpotcluster-node-01", "message": "timer thread slept for [24.6s/24610707131ns] on relative clock which is above the warn threshold of [5000ms]", "cluster.uuid": "Qbw2pof0QzSXC1OvK0aFSw", "node.id": "t9hfPgy_RyC9LOJUxQUrSQ"  }
{"type": "server", "timestamp": "2022-03-29T11:30:28,282Z", "level": "WARN", "component": "o.e.m.f.FsHealthService", "cluster.name": "tpotcluster", "node.name": "tpotcluster-node-01", "message": "health check of [/data/elk/data/nodes/0] took [24610ms] which is above the warn threshold of [5s]", "cluster.uuid": "Qbw2pof0QzSXC1OvK0aFSw", "node.id": "t9hfPgy_RyC9LOJUxQUrSQ"  }
{"type": "server", "timestamp": "2022-03-29T11:30:56,342Z", "level": "WARN", "component": "o.e.t.ThreadPool", "cluster.name": "tpotcluster", "node.name": "tpotcluster-node-01", "message": "timer thread slept for [34.8s/34802ms] on absolute clock which is above the warn threshold of [5000ms]", "cluster.uuid": "Qbw2pof0QzSXC1OvK0aFSw", "node.id": "t9hfPgy_RyC9LOJUxQUrSQ"  }
{"type": "server", "timestamp": "2022-03-29T11:31:20,102Z", "level": "WARN", "component": "o.e.t.ThreadPool", "cluster.name": "tpotcluster", "node.name": "tpotcluster-node-01", "message": "timer thread slept for [34.8s/34802600115ns] on relative clock which is above the warn threshold of [5000ms]", "cluster.uuid": "Qbw2pof0QzSXC1OvK0aFSw", "node.id": "t9hfPgy_RyC9LOJUxQUrSQ"  }
{"type": "server", "timestamp": "2022-03-29T11:31:52,627Z", "level": "WARN", "component": "o.e.t.ThreadPool", "cluster.name": "tpotcluster", "node.name": "tpotcluster-node-01", "message": "timer thread slept for [55.5s/55545ms] on absolute clock which is above the warn threshold of [5000ms]", "cluster.uuid": "Qbw2pof0QzSXC1OvK0aFSw", "node.id": "t9hfPgy_RyC9LOJUxQUrSQ"  }
{"type": "server", "timestamp": "2022-03-29T11:32:26,054Z", "level": "WARN", "component": "o.e.t.ThreadPool", "cluster.name": "tpotcluster", "node.name": "tpotcluster-node-01", "message": "timer thread slept for [55.5s/55544639758ns] on relative clock which is above the warn threshold of [5000ms]", "cluster.uuid": "Qbw2pof0QzSXC1OvK0aFSw", "node.id": "t9hfPgy_RyC9LOJUxQUrSQ"  }
{"type": "server", "timestamp": "2022-03-29T11:33:51,251Z", "level": "WARN", "component": "o.e.t.ThreadPool", "cluster.name": "tpotcluster", "node.name": "tpotcluster-node-01", "message": "timer thread slept for [1.9m/118730ms] on absolute clock which is above the warn threshold of [5000ms]", "cluster.uuid": "Qbw2pof0QzSXC1OvK0aFSw", "node.id": "t9hfPgy_RyC9LOJUxQUrSQ"  }
{"type": "server", "timestamp": "2022-03-29T11:34:22,792Z", "level": "WARN", "component": "o.e.t.ThreadPool", "cluster.name": "tpotcluster", "node.name": "tpotcluster-node-01", "message": "timer thread slept for [1.9m/118730006787ns] on relative clock which is above the warn threshold of [5000ms]", "cluster.uuid": "Qbw2pof0QzSXC1OvK0aFSw", "node.id": "t9hfPgy_RyC9LOJUxQUrSQ"  }
{"type": "server", "timestamp": "2022-03-29T11:35:01,971Z", "level": "WARN", "component": "o.e.t.ThreadPool", "cluster.name": "tpotcluster", "node.name": "tpotcluster-node-01", "message": "timer thread slept for [1.1m/71331ms] on absolute clock which is above the warn threshold of [5000ms]", "cluster.uuid": "Qbw2pof0QzSXC1OvK0aFSw", "node.id": "t9hfPgy_RyC9LOJUxQUrSQ"  }
{"type": "server", "timestamp": "2022-03-29T11:35:36,990Z", "level": "WARN", "component": "o.e.t.ThreadPool", "cluster.name": "tpotcluster", "node.name": "tpotcluster-node-01", "message": "timer thread slept for [1.1m/71331316987ns] on relative clock which is above the warn threshold of [5000ms]", "cluster.uuid": "Qbw2pof0QzSXC1OvK0aFSw", "node.id": "t9hfPgy_RyC9LOJUxQUrSQ"  }
{"type": "server", "timestamp": "2022-03-29T11:36:01,119Z", "level": "WARN", "component": "o.e.t.ThreadPool", "cluster.name": "tpotcluster", "node.name": "tpotcluster-node-01", "message": "timer thread slept for [58.4s/58426ms] on absolute clock which is above the warn threshold of [5000ms]", "cluster.uuid": "Qbw2pof0QzSXC1OvK0aFSw", "node.id": "t9hfPgy_RyC9LOJUxQUrSQ"  }
{"type": "server", "timestamp": "2022-03-29T11:36:31,645Z", "level": "WARN", "component": "o.e.t.ThreadPool", "cluster.name": "tpotcluster", "node.name": "tpotcluster-node-01", "message": "timer thread slept for [58.4s/58425227060ns] on relative clock which is above the warn threshold of [5000ms]", "cluster.uuid": "Qbw2pof0QzSXC1OvK0aFSw", "node.id": "t9hfPgy_RyC9LOJUxQUrSQ"  }
{"type": "server", "timestamp": "2022-03-29T11:36:49,006Z", "level": "WARN", "component": "o.e.t.ThreadPool", "cluster.name": "tpotcluster", "node.name": "tpotcluster-node-01", "message": "timer thread slept for [46.5s/46592ms] on absolute clock which is above the warn threshold of [5000ms]", "cluster.uuid": "Qbw2pof0QzSXC1OvK0aFSw", "node.id": "t9hfPgy_RyC9LOJUxQUrSQ"  }
{"type": "server", "timestamp": "2022-03-29T11:37:11,314Z", "level": "WARN", "component": "o.e.t.ThreadPool", "cluster.name": "tpotcluster", "node.name": "tpotcluster-node-01", "message": "timer thread slept for [46.5s/46592722833ns] on relative clock which is above the warn threshold of [5000ms]", "cluster.uuid": "Qbw2pof0QzSXC1OvK0aFSw", "node.id": "t9hfPgy_RyC9LOJUxQUrSQ"  }
{"type": "server", "timestamp": "2022-03-29T11:37:29,602Z", "level": "WARN", "component": "o.e.t.ThreadPool", "cluster.name": "tpotcluster", "node.name": "tpotcluster-node-01", "message": "timer thread slept for [43s/43090ms] on absolute clock which is above the warn threshold of [5000ms]", "cluster.uuid": "Qbw2pof0QzSXC1OvK0aFSw", "node.id": "t9hfPgy_RyC9LOJUxQUrSQ"  }
{"type": "server", "timestamp": "2022-03-29T11:38:43,455Z", "level": "WARN", "component": "o.e.t.ThreadPool", "cluster.name": "tpotcluster", "node.name": "tpotcluster-node-01", "message": "timer thread slept for [43s/43090168881ns] on relative clock which is above the warn threshold of [5000ms]", "cluster.uuid": "Qbw2pof0QzSXC1OvK0aFSw", "node.id": "t9hfPgy_RyC9LOJUxQUrSQ"  }
{"type": "server", "timestamp": "2022-03-29T11:39:10,657Z", "level": "WARN", "component": "o.e.t.ThreadPool", "cluster.name": "tpotcluster", "node.name": "tpotcluster-node-01", "message": "timer thread slept for [1.6m/99417ms] on absolute clock which is above the warn threshold of [5000ms]", "cluster.uuid": "Qbw2pof0QzSXC1OvK0aFSw", "node.id": "t9hfPgy_RyC9LOJUxQUrSQ"  }
{"type": "server", "timestamp": "2022-03-29T11:40:03,848Z", "level": "WARN", "component": "o.e.t.ThreadPool", "cluster.name": "tpotcluster", "node.name": "tpotcluster-node-01", "message": "timer thread slept for [1.6m/99416256365ns] on relative clock which is above the warn threshold of [5000ms]", "cluster.uuid": "Qbw2pof0QzSXC1OvK0aFSw", "node.id": "t9hfPgy_RyC9LOJUxQUrSQ"  }
{"type": "server", "timestamp": "2022-03-29T11:41:02,580Z", "level": "WARN", "component": "o.e.t.ThreadPool", "cluster.name": "tpotcluster", "node.name": "tpotcluster-node-01", "message": "timer thread slept for [1.8m/110997ms] on absolute clock which is above the warn threshold of [5000ms]", "cluster.uuid": "Qbw2pof0QzSXC1OvK0aFSw", "node.id": "t9hfPgy_RyC9LOJUxQUrSQ"  }
{"type": "server", "timestamp": "2022-03-29T11:41:59,836Z", "level": "WARN", "component": "o.e.t.ThreadPool", "cluster.name": "tpotcluster", "node.name": "tpotcluster-node-01", "message": "timer thread slept for [1.8m/110996978072ns] on relative clock which is above the warn threshold of [5000ms]", "cluster.uuid": "Qbw2pof0QzSXC1OvK0aFSw", "node.id": "t9hfPgy_RyC9LOJUxQUrSQ"  }
{"type": "server", "timestamp": "2022-03-29T11:42:34,784Z", "level": "WARN", "component": "o.e.t.ThreadPool", "cluster.name": "tpotcluster", "node.name": "tpotcluster-node-01", "message": "timer thread slept for [1.5m/94512ms] on absolute clock which is above the warn threshold of [5000ms]", "cluster.uuid": "Qbw2pof0QzSXC1OvK0aFSw", "node.id": "t9hfPgy_RyC9LOJUxQUrSQ"  }
{"type": "server", "timestamp": "2022-03-29T11:42:57,459Z", "level": "WARN", "component": "o.e.t.ThreadPool", "cluster.name": "tpotcluster", "node.name": "tpotcluster-node-01", "message": "timer thread slept for [1.5m/94512766510ns] on relative clock which is above the warn threshold of [5000ms]", "cluster.uuid": "Qbw2pof0QzSXC1OvK0aFSw", "node.id": "t9hfPgy_RyC9LOJUxQUrSQ"  }
{"type": "server", "timestamp": "2022-03-29T11:43:37,301Z", "level": "WARN", "component": "o.e.t.ThreadPool", "cluster.name": "tpotcluster", "node.name": "tpotcluster-node-01", "message": "timer thread slept for [1m/62367ms] on absolute clock which is above the warn threshold of [5000ms]", "cluster.uuid": "Qbw2pof0QzSXC1OvK0aFSw", "node.id": "t9hfPgy_RyC9LOJUxQUrSQ"  }
{"type": "server", "timestamp": "2022-03-29T11:43:59,419Z", "level": "WARN", "component": "o.e.t.ThreadPool", "cluster.name": "tpotcluster", "node.name": "tpotcluster-node-01", "message": "timer thread slept for [1m/62366489129ns] on relative clock which is above the warn threshold of [5000ms]", "cluster.uuid": "Qbw2pof0QzSXC1OvK0aFSw", "node.id": "t9hfPgy_RyC9LOJUxQUrSQ"  }
{"type": "server", "timestamp": "2022-03-29T11:44:37,153Z", "level": "WARN", "component": "o.e.t.ThreadPool", "cluster.name": "tpotcluster", "node.name": "tpotcluster-node-01", "message": "timer thread slept for [58.2s/58274ms] on absolute clock which is above the warn threshold of [5000ms]", "cluster.uuid": "Qbw2pof0QzSXC1OvK0aFSw", "node.id": "t9hfPgy_RyC9LOJUxQUrSQ"  }
{"type": "server", "timestamp": "2022-03-29T11:45:10,358Z", "level": "WARN", "component": "o.e.t.ThreadPool", "cluster.name": "tpotcluster", "node.name": "tpotcluster-node-01", "message": "timer thread slept for [58.2s/58273818273ns] on relative clock which is above the warn threshold of [5000ms]", "cluster.uuid": "Qbw2pof0QzSXC1OvK0aFSw", "node.id": "t9hfPgy_RyC9LOJUxQUrSQ"  }
{"type": "server", "timestamp": "2022-03-29T11:45:43,863Z", "level": "WARN", "component": "o.e.t.ThreadPool", "cluster.name": "tpotcluster", "node.name": "tpotcluster-node-01", "message": "timer thread slept for [1.1m/68410ms] on absolute clock which is above the warn threshold of [5000ms]", "cluster.uuid": "Qbw2pof0QzSXC1OvK0aFSw", "node.id": "t9hfPgy_RyC9LOJUxQUrSQ"  }
{"type": "server", "timestamp": "2022-03-29T11:46:02,958Z", "level": "WARN", "component": "o.e.t.ThreadPool", "cluster.name": "tpotcluster", "node.name": "tpotcluster-node-01", "message": "timer thread slept for [1.1m/68410055797ns] on relative clock which is above the warn threshold of [5000ms]", "cluster.uuid": "Qbw2pof0QzSXC1OvK0aFSw", "node.id": "t9hfPgy_RyC9LOJUxQUrSQ"  }
{"type": "server", "timestamp": "2022-03-29T11:46:22,973Z", "level": "WARN", "component": "o.e.t.ThreadPool", "cluster.name": "tpotcluster", "node.name": "tpotcluster-node-01", "message": "timer thread slept for [40.2s/40207ms] on absolute clock which is above the warn threshold of [5000ms]", "cluster.uuid": "Qbw2pof0QzSXC1OvK0aFSw", "node.id": "t9hfPgy_RyC9LOJUxQUrSQ"  }
{"type": "server", "timestamp": "2022-03-29T11:46:41,953Z", "level": "WARN", "component": "o.e.t.ThreadPool", "cluster.name": "tpotcluster", "node.name": "tpotcluster-node-01", "message": "timer thread slept for [40.2s/40206876708ns] on relative clock which is above the warn threshold of [5000ms]", "cluster.uuid": "Qbw2pof0QzSXC1OvK0aFSw", "node.id": "t9hfPgy_RyC9LOJUxQUrSQ"  }
{"type": "server", "timestamp": "2022-03-29T11:47:04,590Z", "level": "WARN", "component": "o.e.t.ThreadPool", "cluster.name": "tpotcluster", "node.name": "tpotcluster-node-01", "message": "timer thread slept for [37.2s/37267ms] on absolute clock which is above the warn threshold of [5000ms]", "cluster.uuid": "Qbw2pof0QzSXC1OvK0aFSw", "node.id": "t9hfPgy_RyC9LOJUxQUrSQ"  }
{"type": "server", "timestamp": "2022-03-29T11:47:39,035Z", "level": "WARN", "component": "o.e.t.ThreadPool", "cluster.name": "tpotcluster", "node.name": "tpotcluster-node-01", "message": "timer thread slept for [37.2s/37267399572ns] on relative clock which is above the warn threshold of [5000ms]", "cluster.uuid": "Qbw2pof0QzSXC1OvK0aFSw", "node.id": "t9hfPgy_RyC9LOJUxQUrSQ"  }
{"type": "server", "timestamp": "2022-03-29T11:48:04,628Z", "level": "WARN", "component": "o.e.t.ThreadPool", "cluster.name": "tpotcluster", "node.name": "tpotcluster-node-01", "message": "timer thread slept for [1m/63203ms] on absolute clock which is above the warn threshold of [5000ms]", "cluster.uuid": "Qbw2pof0QzSXC1OvK0aFSw", "node.id": "t9hfPgy_RyC9LOJUxQUrSQ"  }
{"type": "server", "timestamp": "2022-03-29T11:48:32,139Z", "level": "WARN", "component": "o.e.t.ThreadPool", "cluster.name": "tpotcluster", "node.name": "tpotcluster-node-01", "message": "timer thread slept for [1m/63203304910ns] on relative clock which is above the warn threshold of [5000ms]", "cluster.uuid": "Qbw2pof0QzSXC1OvK0aFSw", "node.id": "t9hfPgy_RyC9LOJUxQUrSQ"  }
{"type": "server", "timestamp": "2022-03-29T11:48:59,692Z", "level": "WARN", "component": "o.e.t.ThreadPool", "cluster.name": "tpotcluster", "node.name": "tpotcluster-node-01", "message": "execution of [org.elasticsearch.cluster.InternalClusterInfoService$RefreshScheduler$$Lambda$5111/0x00000008017e14e0@3a63ac60] took [1122350ms] which is above the warn threshold of [5000ms]", "cluster.uuid": "Qbw2pof0QzSXC1OvK0aFSw", "node.id": "t9hfPgy_RyC9LOJUxQUrSQ"  }
{"type": "server", "timestamp": "2022-03-29T11:49:34,873Z", "level": "WARN", "component": "o.e.t.ThreadPool", "cluster.name": "tpotcluster", "node.name": "tpotcluster-node-01", "message": "timer thread slept for [1.4m/88528ms] on absolute clock which is above the warn threshold of [5000ms]", "cluster.uuid": "Qbw2pof0QzSXC1OvK0aFSw", "node.id": "t9hfPgy_RyC9LOJUxQUrSQ"  }
{"type": "server", "timestamp": "2022-03-29T11:50:23,814Z", "level": "WARN", "component": "o.e.t.ThreadPool", "cluster.name": "tpotcluster", "node.name": "tpotcluster-node-01", "message": "timer thread slept for [1.4m/88527724116ns] on relative clock which is above the warn threshold of [5000ms]", "cluster.uuid": "Qbw2pof0QzSXC1OvK0aFSw", "node.id": "t9hfPgy_RyC9LOJUxQUrSQ"  }
{"type": "server", "timestamp": "2022-03-29T11:50:50,294Z", "level": "WARN", "component": "o.e.t.ThreadPool", "cluster.name": "tpotcluster", "node.name": "tpotcluster-node-01", "message": "execution of [ReschedulingRunnable{runnable=org.elasticsearch.monitor.jvm.JvmGcMonitorService$1@73acf3a5, interval=1s}] took [70983ms] which is above the warn threshold of [5000ms]", "cluster.uuid": "Qbw2pof0QzSXC1OvK0aFSw", "node.id": "t9hfPgy_RyC9LOJUxQUrSQ"  }
{"type": "server", "timestamp": "2022-03-29T11:50:46,798Z", "level": "WARN", "component": "o.e.t.ThreadPool", "cluster.name": "tpotcluster", "node.name": "tpotcluster-node-01", "message": "timer thread slept for [1.1m/70984ms] on absolute clock which is above the warn threshold of [5000ms]", "cluster.uuid": "Qbw2pof0QzSXC1OvK0aFSw", "node.id": "t9hfPgy_RyC9LOJUxQUrSQ"  }
{"type": "server", "timestamp": "2022-03-29T11:51:19,764Z", "level": "WARN", "component": "o.e.t.ThreadPool", "cluster.name": "tpotcluster", "node.name": "tpotcluster-node-01", "message": "timer thread slept for [1.1m/70983450797ns] on relative clock which is above the warn threshold of [5000ms]", "cluster.uuid": "Qbw2pof0QzSXC1OvK0aFSw", "node.id": "t9hfPgy_RyC9LOJUxQUrSQ"  }
{"type": "server", "timestamp": "2022-03-29T11:51:40,654Z", "level": "WARN", "component": "o.e.t.ThreadPool", "cluster.name": "tpotcluster", "node.name": "tpotcluster-node-01", "message": "timer thread slept for [56.6s/56664ms] on absolute clock which is above the warn threshold of [5000ms]", "cluster.uuid": "Qbw2pof0QzSXC1OvK0aFSw", "node.id": "t9hfPgy_RyC9LOJUxQUrSQ"  }
{"type": "server", "timestamp": "2022-03-29T11:51:41,864Z", "level": "WARN", "component": "o.e.t.ThreadPool", "cluster.name": "tpotcluster", "node.name": "tpotcluster-node-01", "message": "execution of [ReschedulingRunnable{runnable=org.elasticsearch.watcher.ResourceWatcherService$ResourceMonitor@55ee596d, interval=1m}] took [56664ms] which is above the warn threshold of [5000ms]", "cluster.uuid": "Qbw2pof0QzSXC1OvK0aFSw", "node.id": "t9hfPgy_RyC9LOJUxQUrSQ"  }
{"type": "server", "timestamp": "2022-03-29T11:52:00,726Z", "level": "WARN", "component": "o.e.t.ThreadPool", "cluster.name": "tpotcluster", "node.name": "tpotcluster-node-01", "message": "timer thread slept for [56.6s/56664774306ns] on relative clock which is above the warn threshold of [5000ms]", "cluster.uuid": "Qbw2pof0QzSXC1OvK0aFSw", "node.id": "t9hfPgy_RyC9LOJUxQUrSQ"  }
{"type": "server", "timestamp": "2022-03-29T11:52:33,939Z", "level": "WARN", "component": "o.e.t.ThreadPool", "cluster.name": "tpotcluster", "node.name": "tpotcluster-node-01", "message": "timer thread slept for [51.1s/51154ms] on absolute clock which is above the warn threshold of [5000ms]", "cluster.uuid": "Qbw2pof0QzSXC1OvK0aFSw", "node.id": "t9hfPgy_RyC9LOJUxQUrSQ"  }
{"type": "server", "timestamp": "2022-03-29T11:53:06,088Z", "level": "WARN", "component": "o.e.t.ThreadPool", "cluster.name": "tpotcluster", "node.name": "tpotcluster-node-01", "message": "timer thread slept for [50.9s/50994350000ns] on relative clock which is above the warn threshold of [5000ms]", "cluster.uuid": "Qbw2pof0QzSXC1OvK0aFSw", "node.id": "t9hfPgy_RyC9LOJUxQUrSQ"  }
{"type": "server", "timestamp": "2022-03-29T11:54:10,768Z", "level": "WARN", "component": "o.e.t.ThreadPool", "cluster.name": "tpotcluster", "node.name": "tpotcluster-node-01", "message": "timer thread slept for [1.5m/95863ms] on absolute clock which is above the warn threshold of [5000ms]", "cluster.uuid": "Qbw2pof0QzSXC1OvK0aFSw", "node.id": "t9hfPgy_RyC9LOJUxQUrSQ"  }
{"type": "server", "timestamp": "2022-03-29T11:55:01,899Z", "level": "WARN", "component": "o.e.t.ThreadPool", "cluster.name": "tpotcluster", "node.name": "tpotcluster-node-01", "message": "timer thread slept for [1.6m/96022381818ns] on relative clock which is above the warn threshold of [5000ms]", "cluster.uuid": "Qbw2pof0QzSXC1OvK0aFSw", "node.id": "t9hfPgy_RyC9LOJUxQUrSQ"  }
{"type": "server", "timestamp": "2022-03-29T11:54:38,806Z", "level": "WARN", "component": "o.e.m.f.FsHealthService", "cluster.name": "tpotcluster", "node.name": "tpotcluster-node-01", "message": "health check of [/data/elk/data/nodes/0] took [147017ms] which is above the warn threshold of [5s]", "cluster.uuid": "Qbw2pof0QzSXC1OvK0aFSw", "node.id": "t9hfPgy_RyC9LOJUxQUrSQ"  }
{"type": "server", "timestamp": "2022-03-29T11:56:00,073Z", "level": "WARN", "component": "o.e.t.ThreadPool", "cluster.name": "tpotcluster", "node.name": "tpotcluster-node-01", "message": "timer thread slept for [1.7m/105688ms] on absolute clock which is above the warn threshold of [5000ms]", "cluster.uuid": "Qbw2pof0QzSXC1OvK0aFSw", "node.id": "t9hfPgy_RyC9LOJUxQUrSQ"  }
{"type": "server", "timestamp": "2022-03-29T11:56:45,269Z", "level": "WARN", "component": "o.e.t.ThreadPool", "cluster.name": "tpotcluster", "node.name": "tpotcluster-node-01", "message": "timer thread slept for [1.7m/105687845326ns] on relative clock which is above the warn threshold of [5000ms]", "cluster.uuid": "Qbw2pof0QzSXC1OvK0aFSw", "node.id": "t9hfPgy_RyC9LOJUxQUrSQ"  }
{"type": "server", "timestamp": "2022-03-29T11:57:48,722Z", "level": "WARN", "component": "o.e.t.ThreadPool", "cluster.name": "tpotcluster", "node.name": "tpotcluster-node-01", "message": "timer thread slept for [1.8m/109124ms] on absolute clock which is above the warn threshold of [5000ms]", "cluster.uuid": "Qbw2pof0QzSXC1OvK0aFSw", "node.id": "t9hfPgy_RyC9LOJUxQUrSQ"  }
{"type": "server", "timestamp": "2022-03-29T11:58:28,871Z", "level": "WARN", "component": "o.e.t.ThreadPool", "cluster.name": "tpotcluster", "node.name": "tpotcluster-node-01", "message": "timer thread slept for [1.8m/109123908325ns] on relative clock which is above the warn threshold of [5000ms]", "cluster.uuid": "Qbw2pof0QzSXC1OvK0aFSw", "node.id": "t9hfPgy_RyC9LOJUxQUrSQ"  }
{"type": "server", "timestamp": "2022-03-29T11:59:07,408Z", "level": "WARN", "component": "o.e.t.ThreadPool", "cluster.name": "tpotcluster", "node.name": "tpotcluster-node-01", "message": "timer thread slept for [1.3m/82378ms] on absolute clock which is above the warn threshold of [5000ms]", "cluster.uuid": "Qbw2pof0QzSXC1OvK0aFSw", "node.id": "t9hfPgy_RyC9LOJUxQUrSQ"  }
{"type": "server", "timestamp": "2022-03-29T12:00:07,575Z", "level": "WARN", "component": "o.e.t.ThreadPool", "cluster.name": "tpotcluster", "node.name": "tpotcluster-node-01", "message": "timer thread slept for [1.3m/82377778488ns] on relative clock which is above the warn threshold of [5000ms]", "cluster.uuid": "Qbw2pof0QzSXC1OvK0aFSw", "node.id": "t9hfPgy_RyC9LOJUxQUrSQ"  }
{"type": "server", "timestamp": "2022-03-29T12:01:28,434Z", "level": "WARN", "component": "o.e.t.ThreadPool", "cluster.name": "tpotcluster", "node.name": "tpotcluster-node-01", "message": "timer thread slept for [2.3m/138474ms] on absolute clock which is above the warn threshold of [5000ms]", "cluster.uuid": "Qbw2pof0QzSXC1OvK0aFSw", "node.id": "t9hfPgy_RyC9LOJUxQUrSQ"  }
{"type": "server", "timestamp": "2022-03-29T12:02:51,520Z", "level": "WARN", "component": "o.e.t.ThreadPool", "cluster.name": "tpotcluster", "node.name": "tpotcluster-node-01", "message": "timer thread slept for [2.3m/138474112328ns] on relative clock which is above the warn threshold of [5000ms]", "cluster.uuid": "Qbw2pof0QzSXC1OvK0aFSw", "node.id": "t9hfPgy_RyC9LOJUxQUrSQ"  }
{"type": "server", "timestamp": "2022-03-29T12:05:16,435Z", "level": "WARN", "component": "o.e.t.ThreadPool", "cluster.name": "tpotcluster", "node.name": "tpotcluster-node-01", "message": "timer thread slept for [3.7m/225794ms] on absolute clock which is above the warn threshold of [5000ms]", "cluster.uuid": "Qbw2pof0QzSXC1OvK0aFSw", "node.id": "t9hfPgy_RyC9LOJUxQUrSQ"  }
{"type": "server", "timestamp": "2022-03-29T12:07:34,087Z", "level": "WARN", "component": "o.e.t.ThreadPool", "cluster.name": "tpotcluster", "node.name": "tpotcluster-node-01", "message": "timer thread slept for [3.7m/225794647003ns] on relative clock which is above the warn threshold of [5000ms]", "cluster.uuid": "Qbw2pof0QzSXC1OvK0aFSw", "node.id": "t9hfPgy_RyC9LOJUxQUrSQ"  }
{"type": "server", "timestamp": "2022-03-29T12:09:43,782Z", "level": "WARN", "component": "o.e.t.ThreadPool", "cluster.name": "tpotcluster", "node.name": "tpotcluster-node-01", "message": "timer thread slept for [4.4m/267426ms] on absolute clock which is above the warn threshold of [5000ms]", "cluster.uuid": "Qbw2pof0QzSXC1OvK0aFSw", "node.id": "t9hfPgy_RyC9LOJUxQUrSQ"  }
{"type": "server", "timestamp": "2022-03-29T12:12:37,844Z", "level": "WARN", "component": "o.e.t.ThreadPool", "cluster.name": "tpotcluster", "node.name": "tpotcluster-node-01", "message": "timer thread slept for [4.4m/267063970400ns] on relative clock which is above the warn threshold of [5000ms]", "cluster.uuid": "Qbw2pof0QzSXC1OvK0aFSw", "node.id": "t9hfPgy_RyC9LOJUxQUrSQ"  }
{"type": "server", "timestamp": "2022-03-29T12:15:40,294Z", "level": "WARN", "component": "o.e.t.ThreadPool", "cluster.name": "tpotcluster", "node.name": "tpotcluster-node-01", "message": "timer thread slept for [5.6m/338389ms] on absolute clock which is above the warn threshold of [5000ms]", "cluster.uuid": "Qbw2pof0QzSXC1OvK0aFSw", "node.id": "t9hfPgy_RyC9LOJUxQUrSQ"  }
{"type": "server", "timestamp": "2022-03-29T12:20:21,889Z", "level": "WARN", "component": "o.e.t.ThreadPool", "cluster.name": "tpotcluster", "node.name": "tpotcluster-node-01", "message": "timer thread slept for [5.6m/338383363712ns] on relative clock which is above the warn threshold of [5000ms]", "cluster.uuid": "Qbw2pof0QzSXC1OvK0aFSw", "node.id": "t9hfPgy_RyC9LOJUxQUrSQ"  }
{"type": "server", "timestamp": "2022-03-29T12:24:16,686Z", "level": "WARN", "component": "o.e.t.ThreadPool", "cluster.name": "tpotcluster", "node.name": "tpotcluster-node-01", "message": "timer thread slept for [8.6m/517109ms] on absolute clock which is above the warn threshold of [5000ms]", "cluster.uuid": "Qbw2pof0QzSXC1OvK0aFSw", "node.id": "t9hfPgy_RyC9LOJUxQUrSQ"  }
{"type": "server", "timestamp": "2022-03-29T12:27:59,251Z", "level": "WARN", "component": "o.e.t.ThreadPool", "cluster.name": "tpotcluster", "node.name": "tpotcluster-node-01", "message": "timer thread slept for [8.6m/517476067167ns] on relative clock which is above the warn threshold of [5000ms]", "cluster.uuid": "Qbw2pof0QzSXC1OvK0aFSw", "node.id": "t9hfPgy_RyC9LOJUxQUrSQ"  }
{"type": "server", "timestamp": "2022-03-29T12:31:32,116Z", "level": "WARN", "component": "o.e.t.ThreadPool", "cluster.name": "tpotcluster", "node.name": "tpotcluster-node-01", "message": "timer thread slept for [7.4m/447827ms] on absolute clock which is above the warn threshold of [5000ms]", "cluster.uuid": "Qbw2pof0QzSXC1OvK0aFSw", "node.id": "t9hfPgy_RyC9LOJUxQUrSQ"  }
{"type": "server", "timestamp": "2022-03-29T12:34:37,705Z", "level": "WARN", "component": "o.e.t.ThreadPool", "cluster.name": "tpotcluster", "node.name": "tpotcluster-node-01", "message": "timer thread slept for [7.4m/447585746971ns] on relative clock which is above the warn threshold of [5000ms]", "cluster.uuid": "Qbw2pof0QzSXC1OvK0aFSw", "node.id": "t9hfPgy_RyC9LOJUxQUrSQ"  }
{"type": "server", "timestamp": "2022-03-29T12:37:21,109Z", "level": "WARN", "component": "o.e.t.ThreadPool", "cluster.name": "tpotcluster", "node.name": "tpotcluster-node-01", "message": "timer thread slept for [5.7m/346729ms] on absolute clock which is above the warn threshold of [5000ms]", "cluster.uuid": "Qbw2pof0QzSXC1OvK0aFSw", "node.id": "t9hfPgy_RyC9LOJUxQUrSQ"  }
{"type": "server", "timestamp": "2022-03-29T12:42:34,875Z", "level": "WARN", "component": "o.e.t.ThreadPool", "cluster.name": "tpotcluster", "node.name": "tpotcluster-node-01", "message": "timer thread slept for [5.7m/346970433419ns] on relative clock which is above the warn threshold of [5000ms]", "cluster.uuid": "Qbw2pof0QzSXC1OvK0aFSw", "node.id": "t9hfPgy_RyC9LOJUxQUrSQ"  }
{"type": "server", "timestamp": "2022-03-29T12:45:14,281Z", "level": "WARN", "component": "o.e.t.ThreadPool", "cluster.name": "tpotcluster", "node.name": "tpotcluster-node-01", "message": "timer thread slept for [8m/483030ms] on absolute clock which is above the warn threshold of [5000ms]", "cluster.uuid": "Qbw2pof0QzSXC1OvK0aFSw", "node.id": "t9hfPgy_RyC9LOJUxQUrSQ"  }
{"type": "server", "timestamp": "2022-03-29T12:47:46,794Z", "level": "WARN", "component": "o.e.t.ThreadPool", "cluster.name": "tpotcluster", "node.name": "tpotcluster-node-01", "message": "timer thread slept for [8m/482753255042ns] on relative clock which is above the warn threshold of [5000ms]", "cluster.uuid": "Qbw2pof0QzSXC1OvK0aFSw", "node.id": "t9hfPgy_RyC9LOJUxQUrSQ"  }
{"type": "server", "timestamp": "2022-03-29T12:50:20,536Z", "level": "WARN", "component": "o.e.t.ThreadPool", "cluster.name": "tpotcluster", "node.name": "tpotcluster-node-01", "message": "timer thread slept for [5m/303825ms] on absolute clock which is above the warn threshold of [5000ms]", "cluster.uuid": "Qbw2pof0QzSXC1OvK0aFSw", "node.id": "t9hfPgy_RyC9LOJUxQUrSQ"  }
{"type": "server", "timestamp": "2022-03-29T12:53:07,057Z", "level": "WARN", "component": "o.e.t.ThreadPool", "cluster.name": "tpotcluster", "node.name": "tpotcluster-node-01", "message": "timer thread slept for [5m/303600482509ns] on relative clock which is above the warn threshold of [5000ms]", "cluster.uuid": "Qbw2pof0QzSXC1OvK0aFSw", "node.id": "t9hfPgy_RyC9LOJUxQUrSQ"  }
{"type": "server", "timestamp": "2022-03-29T12:55:32,552Z", "level": "WARN", "component": "o.e.t.ThreadPool", "cluster.name": "tpotcluster", "node.name": "tpotcluster-node-01", "message": "timer thread slept for [5.1m/310173ms] on absolute clock which is above the warn threshold of [5000ms]", "cluster.uuid": "Qbw2pof0QzSXC1OvK0aFSw", "node.id": "t9hfPgy_RyC9LOJUxQUrSQ"  }
{"type": "server", "timestamp": "2022-03-29T12:58:21,182Z", "level": "WARN", "component": "o.e.t.ThreadPool", "cluster.name": "tpotcluster", "node.name": "tpotcluster-node-01", "message": "timer thread slept for [5.1m/309899312028ns] on relative clock which is above the warn threshold of [5000ms]", "cluster.uuid": "Qbw2pof0QzSXC1OvK0aFSw", "node.id": "t9hfPgy_RyC9LOJUxQUrSQ"  }
{"type": "server", "timestamp": "2022-03-29T13:01:22,201Z", "level": "WARN", "component": "o.e.t.ThreadPool", "cluster.name": "tpotcluster", "node.name": "tpotcluster-node-01", "message": "timer thread slept for [5.5m/330734ms] on absolute clock which is above the warn threshold of [5000ms]", "cluster.uuid": "Qbw2pof0QzSXC1OvK0aFSw", "node.id": "t9hfPgy_RyC9LOJUxQUrSQ"  }
{"type": "server", "timestamp": "2022-03-29T13:04:26,961Z", "level": "WARN", "component": "o.e.t.ThreadPool", "cluster.name": "tpotcluster", "node.name": "tpotcluster-node-01", "message": "timer thread slept for [5.5m/331020833723ns] on relative clock which is above the warn threshold of [5000ms]", "cluster.uuid": "Qbw2pof0QzSXC1OvK0aFSw", "node.id": "t9hfPgy_RyC9LOJUxQUrSQ"  }
{"type": "server", "timestamp": "2022-03-29T13:08:00,858Z", "level": "WARN", "component": "o.e.t.ThreadPool", "cluster.name": "tpotcluster", "node.name": "tpotcluster-node-01", "message": "timer thread slept for [6.7m/403307ms] on absolute clock which is above the warn threshold of [5000ms]", "cluster.uuid": "Qbw2pof0QzSXC1OvK0aFSw", "node.id": "t9hfPgy_RyC9LOJUxQUrSQ"  }
{"type": "server", "timestamp": "2022-03-29T13:16:25,258Z", "level": "INFO", "component": "o.e.n.Node", "cluster.name": "tpotcluster", "node.name": "tpotcluster-node-01", "message": "version[7.17.0], pid[1], build[default/tar/bee86328705acaa9a6daede7140defd4d9ec56bd/2022-01-28T08:36:04.875279988Z], OS[Linux/4.19.0-20-cloud-amd64/amd64], JVM[Alpine/OpenJDK 64-Bit Server VM/16.0.2/16.0.2+7-alpine-r1]" }
{"type": "server", "timestamp": "2022-03-29T13:16:25,289Z", "level": "INFO", "component": "o.e.n.Node", "cluster.name": "tpotcluster", "node.name": "tpotcluster-node-01", "message": "JVM home [/usr/lib/jvm/java-16-openjdk], using bundled JDK [false]" }
{"type": "server", "timestamp": "2022-03-29T13:16:25,292Z", "level": "INFO", "component": "o.e.n.Node", "cluster.name": "tpotcluster", "node.name": "tpotcluster-node-01", "message": "JVM arguments [-Xshare:auto, -Des.networkaddress.cache.ttl=60, -Des.networkaddress.cache.negative.ttl=10, -XX:+AlwaysPreTouch, -Xss1m, -Djava.awt.headless=true, -Dfile.encoding=UTF-8, -Djna.nosys=true, -XX:-OmitStackTraceInFastThrow, -XX:+ShowCodeDetailsInExceptionMessages, -Dio.netty.noUnsafe=true, -Dio.netty.noKeySetOptimization=true, -Dio.netty.recycler.maxCapacityPerThread=0, -Dio.netty.allocator.numDirectArenas=0, -Dlog4j.shutdownHookEnabled=false, -Dlog4j2.disable.jmx=true, -Dlog4j2.formatMsgNoLookups=true, -Djava.locale.providers=SPI,COMPAT, --add-opens=java.base/java.io=ALL-UNNAMED, -XX:+UseG1GC, -Djava.io.tmpdir=/tmp, -XX:+HeapDumpOnOutOfMemoryError, -XX:+ExitOnOutOfMemoryError, -XX:HeapDumpPath=data, -XX:ErrorFile=logs/hs_err_pid%p.log, -Xlog:gc*,gc+age=trace,safepoint:file=logs/gc.log:utctime,pid,tags:filecount=32,filesize=64m, -Xms2048m, -Xmx2048m, -XX:MaxDirectMemorySize=1073741824, -XX:G1HeapRegionSize=4m, -XX:InitiatingHeapOccupancyPercent=30, -XX:G1ReservePercent=15, -Des.path.home=/usr/share/elasticsearch, -Des.path.conf=/usr/share/elasticsearch/config, -Des.distribution.flavor=default, -Des.distribution.type=tar, -Des.bundled_jdk=true]" }
{"type": "server", "timestamp": "2022-03-29T13:16:31,620Z", "level": "INFO", "component": "o.e.p.PluginsService", "cluster.name": "tpotcluster", "node.name": "tpotcluster-node-01", "message": "loaded module [aggs-matrix-stats]" }
{"type": "server", "timestamp": "2022-03-29T13:16:31,622Z", "level": "INFO", "component": "o.e.p.PluginsService", "cluster.name": "tpotcluster", "node.name": "tpotcluster-node-01", "message": "loaded module [analysis-common]" }
{"type": "server", "timestamp": "2022-03-29T13:16:31,622Z", "level": "INFO", "component": "o.e.p.PluginsService", "cluster.name": "tpotcluster", "node.name": "tpotcluster-node-01", "message": "loaded module [constant-keyword]" }
{"type": "server", "timestamp": "2022-03-29T13:16:31,623Z", "level": "INFO", "component": "o.e.p.PluginsService", "cluster.name": "tpotcluster", "node.name": "tpotcluster-node-01", "message": "loaded module [frozen-indices]" }
{"type": "server", "timestamp": "2022-03-29T13:16:31,624Z", "level": "INFO", "component": "o.e.p.PluginsService", "cluster.name": "tpotcluster", "node.name": "tpotcluster-node-01", "message": "loaded module [ingest-common]" }
{"type": "server", "timestamp": "2022-03-29T13:16:31,624Z", "level": "INFO", "component": "o.e.p.PluginsService", "cluster.name": "tpotcluster", "node.name": "tpotcluster-node-01", "message": "loaded module [ingest-geoip]" }
{"type": "server", "timestamp": "2022-03-29T13:16:31,625Z", "level": "INFO", "component": "o.e.p.PluginsService", "cluster.name": "tpotcluster", "node.name": "tpotcluster-node-01", "message": "loaded module [ingest-user-agent]" }
{"type": "server", "timestamp": "2022-03-29T13:16:31,626Z", "level": "INFO", "component": "o.e.p.PluginsService", "cluster.name": "tpotcluster", "node.name": "tpotcluster-node-01", "message": "loaded module [kibana]" }
{"type": "server", "timestamp": "2022-03-29T13:16:31,627Z", "level": "INFO", "component": "o.e.p.PluginsService", "cluster.name": "tpotcluster", "node.name": "tpotcluster-node-01", "message": "loaded module [lang-expression]" }
{"type": "server", "timestamp": "2022-03-29T13:16:31,627Z", "level": "INFO", "component": "o.e.p.PluginsService", "cluster.name": "tpotcluster", "node.name": "tpotcluster-node-01", "message": "loaded module [lang-mustache]" }
{"type": "server", "timestamp": "2022-03-29T13:16:31,628Z", "level": "INFO", "component": "o.e.p.PluginsService", "cluster.name": "tpotcluster", "node.name": "tpotcluster-node-01", "message": "loaded module [lang-painless]" }
{"type": "server", "timestamp": "2022-03-29T13:16:31,629Z", "level": "INFO", "component": "o.e.p.PluginsService", "cluster.name": "tpotcluster", "node.name": "tpotcluster-node-01", "message": "loaded module [legacy-geo]" }
{"type": "server", "timestamp": "2022-03-29T13:16:31,629Z", "level": "INFO", "component": "o.e.p.PluginsService", "cluster.name": "tpotcluster", "node.name": "tpotcluster-node-01", "message": "loaded module [mapper-extras]" }
{"type": "server", "timestamp": "2022-03-29T13:16:31,630Z", "level": "INFO", "component": "o.e.p.PluginsService", "cluster.name": "tpotcluster", "node.name": "tpotcluster-node-01", "message": "loaded module [mapper-version]" }
{"type": "server", "timestamp": "2022-03-29T13:16:31,631Z", "level": "INFO", "component": "o.e.p.PluginsService", "cluster.name": "tpotcluster", "node.name": "tpotcluster-node-01", "message": "loaded module [parent-join]" }
{"type": "server", "timestamp": "2022-03-29T13:16:31,631Z", "level": "INFO", "component": "o.e.p.PluginsService", "cluster.name": "tpotcluster", "node.name": "tpotcluster-node-01", "message": "loaded module [percolator]" }
{"type": "server", "timestamp": "2022-03-29T13:16:31,632Z", "level": "INFO", "component": "o.e.p.PluginsService", "cluster.name": "tpotcluster", "node.name": "tpotcluster-node-01", "message": "loaded module [rank-eval]" }
{"type": "server", "timestamp": "2022-03-29T13:16:31,633Z", "level": "INFO", "component": "o.e.p.PluginsService", "cluster.name": "tpotcluster", "node.name": "tpotcluster-node-01", "message": "loaded module [reindex]" }
{"type": "server", "timestamp": "2022-03-29T13:16:31,633Z", "level": "INFO", "component": "o.e.p.PluginsService", "cluster.name": "tpotcluster", "node.name": "tpotcluster-node-01", "message": "loaded module [repositories-metering-api]" }
{"type": "server", "timestamp": "2022-03-29T13:16:31,634Z", "level": "INFO", "component": "o.e.p.PluginsService", "cluster.name": "tpotcluster", "node.name": "tpotcluster-node-01", "message": "loaded module [repository-encrypted]" }
{"type": "server", "timestamp": "2022-03-29T13:16:31,635Z", "level": "INFO", "component": "o.e.p.PluginsService", "cluster.name": "tpotcluster", "node.name": "tpotcluster-node-01", "message": "loaded module [repository-url]" }
{"type": "server", "timestamp": "2022-03-29T13:16:31,635Z", "level": "INFO", "component": "o.e.p.PluginsService", "cluster.name": "tpotcluster", "node.name": "tpotcluster-node-01", "message": "loaded module [runtime-fields-common]" }
{"type": "server", "timestamp": "2022-03-29T13:16:31,636Z", "level": "INFO", "component": "o.e.p.PluginsService", "cluster.name": "tpotcluster", "node.name": "tpotcluster-node-01", "message": "loaded module [search-business-rules]" }
{"type": "server", "timestamp": "2022-03-29T13:16:31,637Z", "level": "INFO", "component": "o.e.p.PluginsService", "cluster.name": "tpotcluster", "node.name": "tpotcluster-node-01", "message": "loaded module [searchable-snapshots]" }
{"type": "server", "timestamp": "2022-03-29T13:16:31,637Z", "level": "INFO", "component": "o.e.p.PluginsService", "cluster.name": "tpotcluster", "node.name": "tpotcluster-node-01", "message": "loaded module [snapshot-repo-test-kit]" }
{"type": "server", "timestamp": "2022-03-29T13:16:31,638Z", "level": "INFO", "component": "o.e.p.PluginsService", "cluster.name": "tpotcluster", "node.name": "tpotcluster-node-01", "message": "loaded module [spatial]" }
{"type": "server", "timestamp": "2022-03-29T13:16:31,638Z", "level": "INFO", "component": "o.e.p.PluginsService", "cluster.name": "tpotcluster", "node.name": "tpotcluster-node-01", "message": "loaded module [transform]" }
{"type": "server", "timestamp": "2022-03-29T13:16:31,639Z", "level": "INFO", "component": "o.e.p.PluginsService", "cluster.name": "tpotcluster", "node.name": "tpotcluster-node-01", "message": "loaded module [transport-netty4]" }
{"type": "server", "timestamp": "2022-03-29T13:16:31,640Z", "level": "INFO", "component": "o.e.p.PluginsService", "cluster.name": "tpotcluster", "node.name": "tpotcluster-node-01", "message": "loaded module [unsigned-long]" }
{"type": "server", "timestamp": "2022-03-29T13:16:31,640Z", "level": "INFO", "component": "o.e.p.PluginsService", "cluster.name": "tpotcluster", "node.name": "tpotcluster-node-01", "message": "loaded module [vector-tile]" }
{"type": "server", "timestamp": "2022-03-29T13:16:31,641Z", "level": "INFO", "component": "o.e.p.PluginsService", "cluster.name": "tpotcluster", "node.name": "tpotcluster-node-01", "message": "loaded module [vectors]" }
{"type": "server", "timestamp": "2022-03-29T13:16:31,642Z", "level": "INFO", "component": "o.e.p.PluginsService", "cluster.name": "tpotcluster", "node.name": "tpotcluster-node-01", "message": "loaded module [wildcard]" }
{"type": "server", "timestamp": "2022-03-29T13:16:31,642Z", "level": "INFO", "component": "o.e.p.PluginsService", "cluster.name": "tpotcluster", "node.name": "tpotcluster-node-01", "message": "loaded module [x-pack-aggregate-metric]" }
{"type": "server", "timestamp": "2022-03-29T13:16:31,643Z", "level": "INFO", "component": "o.e.p.PluginsService", "cluster.name": "tpotcluster", "node.name": "tpotcluster-node-01", "message": "loaded module [x-pack-analytics]" }
{"type": "server", "timestamp": "2022-03-29T13:16:31,644Z", "level": "INFO", "component": "o.e.p.PluginsService", "cluster.name": "tpotcluster", "node.name": "tpotcluster-node-01", "message": "loaded module [x-pack-async]" }
{"type": "server", "timestamp": "2022-03-29T13:16:31,644Z", "level": "INFO", "component": "o.e.p.PluginsService", "cluster.name": "tpotcluster", "node.name": "tpotcluster-node-01", "message": "loaded module [x-pack-async-search]" }
{"type": "server", "timestamp": "2022-03-29T13:16:31,645Z", "level": "INFO", "component": "o.e.p.PluginsService", "cluster.name": "tpotcluster", "node.name": "tpotcluster-node-01", "message": "loaded module [x-pack-autoscaling]" }
{"type": "server", "timestamp": "2022-03-29T13:16:31,645Z", "level": "INFO", "component": "o.e.p.PluginsService", "cluster.name": "tpotcluster", "node.name": "tpotcluster-node-01", "message": "loaded module [x-pack-ccr]" }
{"type": "server", "timestamp": "2022-03-29T13:16:31,646Z", "level": "INFO", "component": "o.e.p.PluginsService", "cluster.name": "tpotcluster", "node.name": "tpotcluster-node-01", "message": "loaded module [x-pack-core]" }
{"type": "server", "timestamp": "2022-03-29T13:16:31,647Z", "level": "INFO", "component": "o.e.p.PluginsService", "cluster.name": "tpotcluster", "node.name": "tpotcluster-node-01", "message": "loaded module [x-pack-data-streams]" }
{"type": "server", "timestamp": "2022-03-29T13:16:31,647Z", "level": "INFO", "component": "o.e.p.PluginsService", "cluster.name": "tpotcluster", "node.name": "tpotcluster-node-01", "message": "loaded module [x-pack-deprecation]" }
{"type": "server", "timestamp": "2022-03-29T13:16:31,648Z", "level": "INFO", "component": "o.e.p.PluginsService", "cluster.name": "tpotcluster", "node.name": "tpotcluster-node-01", "message": "loaded module [x-pack-enrich]" }
{"type": "server", "timestamp": "2022-03-29T13:16:31,649Z", "level": "INFO", "component": "o.e.p.PluginsService", "cluster.name": "tpotcluster", "node.name": "tpotcluster-node-01", "message": "loaded module [x-pack-eql]" }
{"type": "server", "timestamp": "2022-03-29T13:16:31,649Z", "level": "INFO", "component": "o.e.p.PluginsService", "cluster.name": "tpotcluster", "node.name": "tpotcluster-node-01", "message": "loaded module [x-pack-fleet]" }
{"type": "server", "timestamp": "2022-03-29T13:16:31,650Z", "level": "INFO", "component": "o.e.p.PluginsService", "cluster.name": "tpotcluster", "node.name": "tpotcluster-node-01", "message": "loaded module [x-pack-graph]" }
{"type": "server", "timestamp": "2022-03-29T13:16:31,651Z", "level": "INFO", "component": "o.e.p.PluginsService", "cluster.name": "tpotcluster", "node.name": "tpotcluster-node-01", "message": "loaded module [x-pack-identity-provider]" }
{"type": "server", "timestamp": "2022-03-29T13:16:31,651Z", "level": "INFO", "component": "o.e.p.PluginsService", "cluster.name": "tpotcluster", "node.name": "tpotcluster-node-01", "message": "loaded module [x-pack-ilm]" }
{"type": "server", "timestamp": "2022-03-29T13:16:31,652Z", "level": "INFO", "component": "o.e.p.PluginsService", "cluster.name": "tpotcluster", "node.name": "tpotcluster-node-01", "message": "loaded module [x-pack-logstash]" }
{"type": "server", "timestamp": "2022-03-29T13:16:31,652Z", "level": "INFO", "component": "o.e.p.PluginsService", "cluster.name": "tpotcluster", "node.name": "tpotcluster-node-01", "message": "loaded module [x-pack-monitoring]" }
{"type": "server", "timestamp": "2022-03-29T13:16:31,653Z", "level": "INFO", "component": "o.e.p.PluginsService", "cluster.name": "tpotcluster", "node.name": "tpotcluster-node-01", "message": "loaded module [x-pack-ql]" }
{"type": "server", "timestamp": "2022-03-29T13:16:31,654Z", "level": "INFO", "component": "o.e.p.PluginsService", "cluster.name": "tpotcluster", "node.name": "tpotcluster-node-01", "message": "loaded module [x-pack-rollup]" }
{"type": "server", "timestamp": "2022-03-29T13:16:31,654Z", "level": "INFO", "component": "o.e.p.PluginsService", "cluster.name": "tpotcluster", "node.name": "tpotcluster-node-01", "message": "loaded module [x-pack-security]" }
{"type": "server", "timestamp": "2022-03-29T13:16:31,655Z", "level": "INFO", "component": "o.e.p.PluginsService", "cluster.name": "tpotcluster", "node.name": "tpotcluster-node-01", "message": "loaded module [x-pack-shutdown]" }
{"type": "server", "timestamp": "2022-03-29T13:16:31,656Z", "level": "INFO", "component": "o.e.p.PluginsService", "cluster.name": "tpotcluster", "node.name": "tpotcluster-node-01", "message": "loaded module [x-pack-sql]" }
{"type": "server", "timestamp": "2022-03-29T13:16:31,656Z", "level": "INFO", "component": "o.e.p.PluginsService", "cluster.name": "tpotcluster", "node.name": "tpotcluster-node-01", "message": "loaded module [x-pack-stack]" }
{"type": "server", "timestamp": "2022-03-29T13:16:31,657Z", "level": "INFO", "component": "o.e.p.PluginsService", "cluster.name": "tpotcluster", "node.name": "tpotcluster-node-01", "message": "loaded module [x-pack-text-structure]" }
{"type": "server", "timestamp": "2022-03-29T13:16:31,657Z", "level": "INFO", "component": "o.e.p.PluginsService", "cluster.name": "tpotcluster", "node.name": "tpotcluster-node-01", "message": "loaded module [x-pack-voting-only-node]" }
{"type": "server", "timestamp": "2022-03-29T13:16:31,658Z", "level": "INFO", "component": "o.e.p.PluginsService", "cluster.name": "tpotcluster", "node.name": "tpotcluster-node-01", "message": "loaded module [x-pack-watcher]" }
{"type": "server", "timestamp": "2022-03-29T13:16:31,659Z", "level": "INFO", "component": "o.e.p.PluginsService", "cluster.name": "tpotcluster", "node.name": "tpotcluster-node-01", "message": "no plugins loaded" }
{"type": "server", "timestamp": "2022-03-29T13:16:31,745Z", "level": "INFO", "component": "o.e.e.NodeEnvironment", "cluster.name": "tpotcluster", "node.name": "tpotcluster-node-01", "message": "using [1] data paths, mounts [[/data (/dev/sda1)]], net usable_space [103.6gb], net total_space [125.8gb], types [ext4]" }
{"type": "server", "timestamp": "2022-03-29T13:16:31,747Z", "level": "INFO", "component": "o.e.e.NodeEnvironment", "cluster.name": "tpotcluster", "node.name": "tpotcluster-node-01", "message": "heap size [2gb], compressed ordinary object pointers [true]" }
{"type": "server", "timestamp": "2022-03-29T13:16:32,090Z", "level": "INFO", "component": "o.e.n.Node", "cluster.name": "tpotcluster", "node.name": "tpotcluster-node-01", "message": "node name [tpotcluster-node-01], node ID [t9hfPgy_RyC9LOJUxQUrSQ], cluster name [tpotcluster], roles [transform, data_frozen, master, remote_cluster_client, data, data_content, data_hot, data_warm, data_cold, ingest]" }
{"type": "server", "timestamp": "2022-03-29T13:16:49,576Z", "level": "INFO", "component": "o.e.i.g.ConfigDatabases", "cluster.name": "tpotcluster", "node.name": "tpotcluster-node-01", "message": "initialized default databases [[GeoLite2-Country.mmdb, GeoLite2-City.mmdb, GeoLite2-ASN.mmdb]], config databases [[]] and watching [/usr/share/elasticsearch/config/ingest-geoip] for changes" }
{"type": "server", "timestamp": "2022-03-29T13:16:49,584Z", "level": "INFO", "component": "o.e.i.g.DatabaseNodeService", "cluster.name": "tpotcluster", "node.name": "tpotcluster-node-01", "message": "initialized database registry, using geoip-databases directory [/tmp/geoip-databases/t9hfPgy_RyC9LOJUxQUrSQ]" }
{"type": "server", "timestamp": "2022-03-29T13:16:52,710Z", "level": "INFO", "component": "o.e.t.NettyAllocator", "cluster.name": "tpotcluster", "node.name": "tpotcluster-node-01", "message": "creating NettyAllocator with the following configs: [name=elasticsearch_configured, chunk_size=1mb, suggested_max_allocation_size=1mb, factors={es.unsafe.use_netty_default_chunk_and_page_size=false, g1gc_enabled=true, g1gc_region_size=4mb}]" }
{"type": "server", "timestamp": "2022-03-29T13:16:53,165Z", "level": "INFO", "component": "o.e.d.DiscoveryModule", "cluster.name": "tpotcluster", "node.name": "tpotcluster-node-01", "message": "using discovery type [single-node] and seed hosts providers [settings]" }
{"type": "server", "timestamp": "2022-03-29T13:16:55,430Z", "level": "INFO", "component": "o.e.g.DanglingIndicesState", "cluster.name": "tpotcluster", "node.name": "tpotcluster-node-01", "message": "gateway.auto_import_dangling_indices is disabled, dangling indices will not be automatically detected or imported and must be managed manually" }
{"type": "server", "timestamp": "2022-03-29T13:16:57,275Z", "level": "INFO", "component": "o.e.n.Node", "cluster.name": "tpotcluster", "node.name": "tpotcluster-node-01", "message": "initialized" }
{"type": "server", "timestamp": "2022-03-29T13:16:57,283Z", "level": "INFO", "component": "o.e.n.Node", "cluster.name": "tpotcluster", "node.name": "tpotcluster-node-01", "message": "starting ..." }
{"type": "server", "timestamp": "2022-03-29T13:16:57,346Z", "level": "INFO", "component": "o.e.x.s.c.f.PersistentCache", "cluster.name": "tpotcluster", "node.name": "tpotcluster-node-01", "message": "persistent cache index loaded" }
{"type": "server", "timestamp": "2022-03-29T13:16:57,353Z", "level": "INFO", "component": "o.e.x.d.l.DeprecationIndexingComponent", "cluster.name": "tpotcluster", "node.name": "tpotcluster-node-01", "message": "deprecation component started" }
{"type": "server", "timestamp": "2022-03-29T13:16:57,837Z", "level": "INFO", "component": "o.e.t.TransportService", "cluster.name": "tpotcluster", "node.name": "tpotcluster-node-01", "message": "publish_address {127.0.0.1:9300}, bound_addresses {127.0.0.1:9300}" }
{"type": "server", "timestamp": "2022-03-29T13:17:04,405Z", "level": "INFO", "component": "o.e.c.c.Coordinator", "cluster.name": "tpotcluster", "node.name": "tpotcluster-node-01", "message": "cluster UUID [Qbw2pof0QzSXC1OvK0aFSw]" }
{"type": "server", "timestamp": "2022-03-29T13:17:04,693Z", "level": "INFO", "component": "o.e.c.s.MasterService", "cluster.name": "tpotcluster", "node.name": "tpotcluster-node-01", "message": "elected-as-master ([1] nodes joined)[{tpotcluster-node-01}{t9hfPgy_RyC9LOJUxQUrSQ}{05yw0Po6TeuSYCjYmd4o2A}{127.0.0.1}{127.0.0.1:9300}{cdfhimrstw} elect leader, _BECOME_MASTER_TASK_, _FINISH_ELECTION_], term: 151, version: 4286, delta: master node changed {previous [], current [{tpotcluster-node-01}{t9hfPgy_RyC9LOJUxQUrSQ}{05yw0Po6TeuSYCjYmd4o2A}{127.0.0.1}{127.0.0.1:9300}{cdfhimrstw}]}" }
{"type": "server", "timestamp": "2022-03-29T13:17:05,070Z", "level": "INFO", "component": "o.e.c.s.ClusterApplierService", "cluster.name": "tpotcluster", "node.name": "tpotcluster-node-01", "message": "master node changed {previous [], current [{tpotcluster-node-01}{t9hfPgy_RyC9LOJUxQUrSQ}{05yw0Po6TeuSYCjYmd4o2A}{127.0.0.1}{127.0.0.1:9300}{cdfhimrstw}]}, term: 151, version: 4286, reason: Publication{term=151, version=4286}" }
{"type": "server", "timestamp": "2022-03-29T13:17:05,366Z", "level": "INFO", "component": "o.e.h.AbstractHttpServerTransport", "cluster.name": "tpotcluster", "node.name": "tpotcluster-node-01", "message": "publish_address {192.168.48.2:9200}, bound_addresses {0.0.0.0:9200}", "cluster.uuid": "Qbw2pof0QzSXC1OvK0aFSw", "node.id": "t9hfPgy_RyC9LOJUxQUrSQ"  }
{"type": "server", "timestamp": "2022-03-29T13:17:05,370Z", "level": "INFO", "component": "o.e.n.Node", "cluster.name": "tpotcluster", "node.name": "tpotcluster-node-01", "message": "started", "cluster.uuid": "Qbw2pof0QzSXC1OvK0aFSw", "node.id": "t9hfPgy_RyC9LOJUxQUrSQ"  }
{"type": "server", "timestamp": "2022-03-29T13:17:10,561Z", "level": "INFO", "component": "o.e.l.LicenseService", "cluster.name": "tpotcluster", "node.name": "tpotcluster-node-01", "message": "license [06f03395-4097-4495-8e63-b3dc92f4de14] mode [basic] - valid", "cluster.uuid": "Qbw2pof0QzSXC1OvK0aFSw", "node.id": "t9hfPgy_RyC9LOJUxQUrSQ"  }
{"type": "server", "timestamp": "2022-03-29T13:17:10,602Z", "level": "INFO", "component": "o.e.g.GatewayService", "cluster.name": "tpotcluster", "node.name": "tpotcluster-node-01", "message": "recovered [32] indices into cluster_state", "cluster.uuid": "Qbw2pof0QzSXC1OvK0aFSw", "node.id": "t9hfPgy_RyC9LOJUxQUrSQ"  }
{"type": "server", "timestamp": "2022-03-29T13:17:13,928Z", "level": "INFO", "component": "o.e.i.g.GeoIpDownloader", "cluster.name": "tpotcluster", "node.name": "tpotcluster-node-01", "message": "updating geoip databases", "cluster.uuid": "Qbw2pof0QzSXC1OvK0aFSw", "node.id": "t9hfPgy_RyC9LOJUxQUrSQ"  }
{"type": "server", "timestamp": "2022-03-29T13:17:13,938Z", "level": "INFO", "component": "o.e.i.g.GeoIpDownloader", "cluster.name": "tpotcluster", "node.name": "tpotcluster-node-01", "message": "fetching geoip databases overview from [https://geoip.elastic.co/v1/database?elastic_geoip_service_tos=agree]", "cluster.uuid": "Qbw2pof0QzSXC1OvK0aFSw", "node.id": "t9hfPgy_RyC9LOJUxQUrSQ"  }
{"type": "server", "timestamp": "2022-03-29T13:17:16,824Z", "level": "INFO", "component": "o.e.i.g.GeoIpDownloader", "cluster.name": "tpotcluster", "node.name": "tpotcluster-node-01", "message": "updating geoip database [GeoLite2-ASN.mmdb]", "cluster.uuid": "Qbw2pof0QzSXC1OvK0aFSw", "node.id": "t9hfPgy_RyC9LOJUxQUrSQ"  }
{"type": "server", "timestamp": "2022-03-29T13:17:20,909Z", "level": "INFO", "component": "o.e.i.g.DatabaseNodeService", "cluster.name": "tpotcluster", "node.name": "tpotcluster-node-01", "message": "downloading geoip database [GeoLite2-Country.mmdb] to [/tmp/geoip-databases/t9hfPgy_RyC9LOJUxQUrSQ/GeoLite2-Country.mmdb.tmp.gz]", "cluster.uuid": "Qbw2pof0QzSXC1OvK0aFSw", "node.id": "t9hfPgy_RyC9LOJUxQUrSQ"  }
{"type": "server", "timestamp": "2022-03-29T13:17:20,934Z", "level": "INFO", "component": "o.e.i.g.DatabaseNodeService", "cluster.name": "tpotcluster", "node.name": "tpotcluster-node-01", "message": "downloading geoip database [GeoLite2-ASN.mmdb] to [/tmp/geoip-databases/t9hfPgy_RyC9LOJUxQUrSQ/GeoLite2-ASN.mmdb.tmp.gz]", "cluster.uuid": "Qbw2pof0QzSXC1OvK0aFSw", "node.id": "t9hfPgy_RyC9LOJUxQUrSQ"  }
{"type": "server", "timestamp": "2022-03-29T13:17:20,950Z", "level": "INFO", "component": "o.e.i.g.DatabaseNodeService", "cluster.name": "tpotcluster", "node.name": "tpotcluster-node-01", "message": "downloading geoip database [GeoLite2-City.mmdb] to [/tmp/geoip-databases/t9hfPgy_RyC9LOJUxQUrSQ/GeoLite2-City.mmdb.tmp.gz]", "cluster.uuid": "Qbw2pof0QzSXC1OvK0aFSw", "node.id": "t9hfPgy_RyC9LOJUxQUrSQ"  }
{"type": "server", "timestamp": "2022-03-29T13:17:22,705Z", "level": "INFO", "component": "o.e.m.j.JvmGcMonitorService", "cluster.name": "tpotcluster", "node.name": "tpotcluster-node-01", "message": "[gc][25] overhead, spent [265ms] collecting in the last [1s]", "cluster.uuid": "Qbw2pof0QzSXC1OvK0aFSw", "node.id": "t9hfPgy_RyC9LOJUxQUrSQ"  }
{"type": "server", "timestamp": "2022-03-29T13:17:27,385Z", "level": "INFO", "component": "o.e.i.g.DatabaseNodeService", "cluster.name": "tpotcluster", "node.name": "tpotcluster-node-01", "message": "successfully reloaded changed geoip database file [/tmp/geoip-databases/t9hfPgy_RyC9LOJUxQUrSQ/GeoLite2-Country.mmdb]", "cluster.uuid": "Qbw2pof0QzSXC1OvK0aFSw", "node.id": "t9hfPgy_RyC9LOJUxQUrSQ"  }
{"type": "server", "timestamp": "2022-03-29T13:17:27,611Z", "level": "INFO", "component": "o.e.i.g.DatabaseNodeService", "cluster.name": "tpotcluster", "node.name": "tpotcluster-node-01", "message": "successfully reloaded changed geoip database file [/tmp/geoip-databases/t9hfPgy_RyC9LOJUxQUrSQ/GeoLite2-ASN.mmdb]", "cluster.uuid": "Qbw2pof0QzSXC1OvK0aFSw", "node.id": "t9hfPgy_RyC9LOJUxQUrSQ"  }
{"type": "server", "timestamp": "2022-03-29T13:17:35,129Z", "level": "INFO", "component": "o.e.i.g.DatabaseNodeService", "cluster.name": "tpotcluster", "node.name": "tpotcluster-node-01", "message": "downloading geoip database [GeoLite2-ASN.mmdb] to [/tmp/geoip-databases/t9hfPgy_RyC9LOJUxQUrSQ/GeoLite2-ASN.mmdb.tmp.gz]", "cluster.uuid": "Qbw2pof0QzSXC1OvK0aFSw", "node.id": "t9hfPgy_RyC9LOJUxQUrSQ"  }
{"type": "server", "timestamp": "2022-03-29T13:17:35,338Z", "level": "INFO", "component": "o.e.i.g.GeoIpDownloader", "cluster.name": "tpotcluster", "node.name": "tpotcluster-node-01", "message": "updated geoip database [GeoLite2-ASN.mmdb]", "cluster.uuid": "Qbw2pof0QzSXC1OvK0aFSw", "node.id": "t9hfPgy_RyC9LOJUxQUrSQ"  }
{"type": "server", "timestamp": "2022-03-29T13:17:35,472Z", "level": "INFO", "component": "o.e.i.g.GeoIpDownloader", "cluster.name": "tpotcluster", "node.name": "tpotcluster-node-01", "message": "updating geoip database [GeoLite2-City.mmdb]", "cluster.uuid": "Qbw2pof0QzSXC1OvK0aFSw", "node.id": "t9hfPgy_RyC9LOJUxQUrSQ"  }
{"type": "server", "timestamp": "2022-03-29T13:17:37,016Z", "level": "INFO", "component": "o.e.i.g.DatabaseReaderLazyLoader", "cluster.name": "tpotcluster", "node.name": "tpotcluster-node-01", "message": "evicted [0] entries from cache after reloading database [/tmp/geoip-databases/t9hfPgy_RyC9LOJUxQUrSQ/GeoLite2-ASN.mmdb]", "cluster.uuid": "Qbw2pof0QzSXC1OvK0aFSw", "node.id": "t9hfPgy_RyC9LOJUxQUrSQ"  }
{"type": "server", "timestamp": "2022-03-29T13:17:37,034Z", "level": "INFO", "component": "o.e.i.g.DatabaseNodeService", "cluster.name": "tpotcluster", "node.name": "tpotcluster-node-01", "message": "successfully reloaded changed geoip database file [/tmp/geoip-databases/t9hfPgy_RyC9LOJUxQUrSQ/GeoLite2-ASN.mmdb]", "cluster.uuid": "Qbw2pof0QzSXC1OvK0aFSw", "node.id": "t9hfPgy_RyC9LOJUxQUrSQ"  }
{"type": "server", "timestamp": "2022-03-29T13:17:41,404Z", "level": "INFO", "component": "o.e.c.r.a.AllocationService", "cluster.name": "tpotcluster", "node.name": "tpotcluster-node-01", "message": "Cluster health status changed from [RED] to [GREEN] (reason: [shards started [[.kibana-event-log-7.16.2-000001][0], [.ds-.logs-deprecation.elasticsearch-default-2022.03.12-000001][0]]]).", "cluster.uuid": "Qbw2pof0QzSXC1OvK0aFSw", "node.id": "t9hfPgy_RyC9LOJUxQUrSQ"  }
{"type": "server", "timestamp": "2022-03-29T13:17:43,222Z", "level": "INFO", "component": "o.e.i.g.DatabaseNodeService", "cluster.name": "tpotcluster", "node.name": "tpotcluster-node-01", "message": "successfully reloaded changed geoip database file [/tmp/geoip-databases/t9hfPgy_RyC9LOJUxQUrSQ/GeoLite2-City.mmdb]", "cluster.uuid": "Qbw2pof0QzSXC1OvK0aFSw", "node.id": "t9hfPgy_RyC9LOJUxQUrSQ"  }
{"type": "server", "timestamp": "2022-03-29T13:17:51,308Z", "level": "INFO", "component": "o.e.i.g.DatabaseNodeService", "cluster.name": "tpotcluster", "node.name": "tpotcluster-node-01", "message": "downloading geoip database [GeoLite2-City.mmdb] to [/tmp/geoip-databases/t9hfPgy_RyC9LOJUxQUrSQ/GeoLite2-City.mmdb.tmp.gz]", "cluster.uuid": "Qbw2pof0QzSXC1OvK0aFSw", "node.id": "t9hfPgy_RyC9LOJUxQUrSQ"  }
{"type": "server", "timestamp": "2022-03-29T13:17:51,346Z", "level": "INFO", "component": "o.e.i.g.GeoIpDownloader", "cluster.name": "tpotcluster", "node.name": "tpotcluster-node-01", "message": "updated geoip database [GeoLite2-City.mmdb]", "cluster.uuid": "Qbw2pof0QzSXC1OvK0aFSw", "node.id": "t9hfPgy_RyC9LOJUxQUrSQ"  }
{"type": "server", "timestamp": "2022-03-29T13:17:51,352Z", "level": "INFO", "component": "o.e.i.g.GeoIpDownloader", "cluster.name": "tpotcluster", "node.name": "tpotcluster-node-01", "message": "updating geoip database [GeoLite2-Country.mmdb]", "cluster.uuid": "Qbw2pof0QzSXC1OvK0aFSw", "node.id": "t9hfPgy_RyC9LOJUxQUrSQ"  }
{"type": "server", "timestamp": "2022-03-29T13:17:53,624Z", "level": "INFO", "component": "o.e.i.g.DatabaseNodeService", "cluster.name": "tpotcluster", "node.name": "tpotcluster-node-01", "message": "downloading geoip database [GeoLite2-Country.mmdb] to [/tmp/geoip-databases/t9hfPgy_RyC9LOJUxQUrSQ/GeoLite2-Country.mmdb.tmp.gz]", "cluster.uuid": "Qbw2pof0QzSXC1OvK0aFSw", "node.id": "t9hfPgy_RyC9LOJUxQUrSQ"  }
{"type": "server", "timestamp": "2022-03-29T13:17:53,772Z", "level": "INFO", "component": "o.e.i.g.GeoIpDownloader", "cluster.name": "tpotcluster", "node.name": "tpotcluster-node-01", "message": "updated geoip database [GeoLite2-Country.mmdb]", "cluster.uuid": "Qbw2pof0QzSXC1OvK0aFSw", "node.id": "t9hfPgy_RyC9LOJUxQUrSQ"  }
{"type": "server", "timestamp": "2022-03-29T13:17:54,378Z", "level": "INFO", "component": "o.e.i.g.DatabaseReaderLazyLoader", "cluster.name": "tpotcluster", "node.name": "tpotcluster-node-01", "message": "evicted [0] entries from cache after reloading database [/tmp/geoip-databases/t9hfPgy_RyC9LOJUxQUrSQ/GeoLite2-Country.mmdb]", "cluster.uuid": "Qbw2pof0QzSXC1OvK0aFSw", "node.id": "t9hfPgy_RyC9LOJUxQUrSQ"  }
{"type": "server", "timestamp": "2022-03-29T13:17:54,386Z", "level": "INFO", "component": "o.e.i.g.DatabaseNodeService", "cluster.name": "tpotcluster", "node.name": "tpotcluster-node-01", "message": "successfully reloaded changed geoip database file [/tmp/geoip-databases/t9hfPgy_RyC9LOJUxQUrSQ/GeoLite2-Country.mmdb]", "cluster.uuid": "Qbw2pof0QzSXC1OvK0aFSw", "node.id": "t9hfPgy_RyC9LOJUxQUrSQ"  }
{"type": "server", "timestamp": "2022-03-29T13:17:57,398Z", "level": "INFO", "component": "o.e.i.g.DatabaseReaderLazyLoader", "cluster.name": "tpotcluster", "node.name": "tpotcluster-node-01", "message": "evicted [0] entries from cache after reloading database [/tmp/geoip-databases/t9hfPgy_RyC9LOJUxQUrSQ/GeoLite2-City.mmdb]", "cluster.uuid": "Qbw2pof0QzSXC1OvK0aFSw", "node.id": "t9hfPgy_RyC9LOJUxQUrSQ"  }
{"type": "server", "timestamp": "2022-03-29T13:17:57,401Z", "level": "INFO", "component": "o.e.i.g.DatabaseNodeService", "cluster.name": "tpotcluster", "node.name": "tpotcluster-node-01", "message": "successfully reloaded changed geoip database file [/tmp/geoip-databases/t9hfPgy_RyC9LOJUxQUrSQ/GeoLite2-City.mmdb]", "cluster.uuid": "Qbw2pof0QzSXC1OvK0aFSw", "node.id": "t9hfPgy_RyC9LOJUxQUrSQ"  }
{"type": "server", "timestamp": "2022-03-29T13:19:00,300Z", "level": "INFO", "component": "o.e.c.m.MetadataMappingService", "cluster.name": "tpotcluster", "node.name": "tpotcluster-node-01", "message": "[logstash-2022.03.29/4CNLAl-yQqmObSIQcEvFWA] update_mapping [_doc]", "cluster.uuid": "Qbw2pof0QzSXC1OvK0aFSw", "node.id": "t9hfPgy_RyC9LOJUxQUrSQ"  }
{"type": "server", "timestamp": "2022-03-29T13:19:03,292Z", "level": "INFO", "component": "o.e.c.m.MetadataMappingService", "cluster.name": "tpotcluster", "node.name": "tpotcluster-node-01", "message": "[logstash-2022.03.29/4CNLAl-yQqmObSIQcEvFWA] update_mapping [_doc]", "cluster.uuid": "Qbw2pof0QzSXC1OvK0aFSw", "node.id": "t9hfPgy_RyC9LOJUxQUrSQ"  }
{"type": "server", "timestamp": "2022-03-29T13:19:11,548Z", "level": "INFO", "component": "o.e.c.m.MetadataMappingService", "cluster.name": "tpotcluster", "node.name": "tpotcluster-node-01", "message": "[logstash-2022.03.29/4CNLAl-yQqmObSIQcEvFWA] update_mapping [_doc]", "cluster.uuid": "Qbw2pof0QzSXC1OvK0aFSw", "node.id": "t9hfPgy_RyC9LOJUxQUrSQ"  }
{"type": "server", "timestamp": "2022-03-29T13:19:15,184Z", "level": "INFO", "component": "o.e.c.m.MetadataMappingService", "cluster.name": "tpotcluster", "node.name": "tpotcluster-node-01", "message": "[logstash-2022.03.29/4CNLAl-yQqmObSIQcEvFWA] update_mapping [_doc]", "cluster.uuid": "Qbw2pof0QzSXC1OvK0aFSw", "node.id": "t9hfPgy_RyC9LOJUxQUrSQ"  }
{"type": "server", "timestamp": "2022-03-29T13:19:17,255Z", "level": "INFO", "component": "o.e.c.m.MetadataMappingService", "cluster.name": "tpotcluster", "node.name": "tpotcluster-node-01", "message": "[logstash-2022.03.29/4CNLAl-yQqmObSIQcEvFWA] update_mapping [_doc]", "cluster.uuid": "Qbw2pof0QzSXC1OvK0aFSw", "node.id": "t9hfPgy_RyC9LOJUxQUrSQ"  }
{"type": "server", "timestamp": "2022-03-29T13:19:24,576Z", "level": "INFO", "component": "o.e.c.m.MetadataMappingService", "cluster.name": "tpotcluster", "node.name": "tpotcluster-node-01", "message": "[logstash-2022.03.29/4CNLAl-yQqmObSIQcEvFWA] update_mapping [_doc]", "cluster.uuid": "Qbw2pof0QzSXC1OvK0aFSw", "node.id": "t9hfPgy_RyC9LOJUxQUrSQ"  }
{"type": "server", "timestamp": "2022-03-29T13:19:26,333Z", "level": "INFO", "component": "o.e.c.m.MetadataMappingService", "cluster.name": "tpotcluster", "node.name": "tpotcluster-node-01", "message": "[logstash-2022.03.29/4CNLAl-yQqmObSIQcEvFWA] update_mapping [_doc]", "cluster.uuid": "Qbw2pof0QzSXC1OvK0aFSw", "node.id": "t9hfPgy_RyC9LOJUxQUrSQ"  }
{"type": "server", "timestamp": "2022-03-29T13:19:32,727Z", "level": "INFO", "component": "o.e.c.m.MetadataMappingService", "cluster.name": "tpotcluster", "node.name": "tpotcluster-node-01", "message": "[logstash-2022.03.29/4CNLAl-yQqmObSIQcEvFWA] update_mapping [_doc]", "cluster.uuid": "Qbw2pof0QzSXC1OvK0aFSw", "node.id": "t9hfPgy_RyC9LOJUxQUrSQ"  }
{"type": "server", "timestamp": "2022-03-29T13:19:33,157Z", "level": "INFO", "component": "o.e.c.m.MetadataMappingService", "cluster.name": "tpotcluster", "node.name": "tpotcluster-node-01", "message": "[logstash-2022.03.29/4CNLAl-yQqmObSIQcEvFWA] update_mapping [_doc]", "cluster.uuid": "Qbw2pof0QzSXC1OvK0aFSw", "node.id": "t9hfPgy_RyC9LOJUxQUrSQ"  }
{"type": "server", "timestamp": "2022-03-29T13:19:34,229Z", "level": "INFO", "component": "o.e.c.m.MetadataMappingService", "cluster.name": "tpotcluster", "node.name": "tpotcluster-node-01", "message": "[logstash-2022.03.29/4CNLAl-yQqmObSIQcEvFWA] update_mapping [_doc]", "cluster.uuid": "Qbw2pof0QzSXC1OvK0aFSw", "node.id": "t9hfPgy_RyC9LOJUxQUrSQ"  }
{"type": "server", "timestamp": "2022-03-29T13:23:00,018Z", "level": "INFO", "component": "o.e.c.m.MetadataMappingService", "cluster.name": "tpotcluster", "node.name": "tpotcluster-node-01", "message": "[logstash-2022.03.29/4CNLAl-yQqmObSIQcEvFWA] update_mapping [_doc]", "cluster.uuid": "Qbw2pof0QzSXC1OvK0aFSw", "node.id": "t9hfPgy_RyC9LOJUxQUrSQ"  }
{"type": "server", "timestamp": "2022-03-29T13:29:50,215Z", "level": "INFO", "component": "o.e.c.m.MetadataMappingService", "cluster.name": "tpotcluster", "node.name": "tpotcluster-node-01", "message": "[logstash-2022.03.29/4CNLAl-yQqmObSIQcEvFWA] update_mapping [_doc]", "cluster.uuid": "Qbw2pof0QzSXC1OvK0aFSw", "node.id": "t9hfPgy_RyC9LOJUxQUrSQ"  }
{"type": "server", "timestamp": "2022-03-29T13:29:50,429Z", "level": "INFO", "component": "o.e.c.m.MetadataMappingService", "cluster.name": "tpotcluster", "node.name": "tpotcluster-node-01", "message": "[logstash-2022.03.29/4CNLAl-yQqmObSIQcEvFWA] update_mapping [_doc]", "cluster.uuid": "Qbw2pof0QzSXC1OvK0aFSw", "node.id": "t9hfPgy_RyC9LOJUxQUrSQ"  }
{"type": "server", "timestamp": "2022-03-29T13:29:50,714Z", "level": "INFO", "component": "o.e.c.m.MetadataMappingService", "cluster.name": "tpotcluster", "node.name": "tpotcluster-node-01", "message": "[logstash-2022.03.29/4CNLAl-yQqmObSIQcEvFWA] update_mapping [_doc]", "cluster.uuid": "Qbw2pof0QzSXC1OvK0aFSw", "node.id": "t9hfPgy_RyC9LOJUxQUrSQ"  }
{"type": "server", "timestamp": "2022-03-29T13:38:45,843Z", "level": "WARN", "component": "o.e.t.ThreadPool", "cluster.name": "tpotcluster", "node.name": "tpotcluster-node-01", "message": "execution of [ReschedulingRunnable{runnable=org.elasticsearch.monitor.jvm.JvmGcMonitorService$1@731a4124, interval=1s}] took [12701ms] which is above the warn threshold of [5000ms]", "cluster.uuid": "Qbw2pof0QzSXC1OvK0aFSw", "node.id": "t9hfPgy_RyC9LOJUxQUrSQ"  }
{"type": "server", "timestamp": "2022-03-29T13:43:56,473Z", "level": "WARN", "component": "o.e.t.ThreadPool", "cluster.name": "tpotcluster", "node.name": "tpotcluster-node-01", "message": "timer thread slept for [15.8s/15813ms] on absolute clock which is above the warn threshold of [5000ms]", "cluster.uuid": "Qbw2pof0QzSXC1OvK0aFSw", "node.id": "t9hfPgy_RyC9LOJUxQUrSQ"  }
{"type": "server", "timestamp": "2022-03-29T13:54:05,062Z", "level": "WARN", "component": "o.e.t.ThreadPool", "cluster.name": "tpotcluster", "node.name": "tpotcluster-node-01", "message": "timer thread slept for [15.7s/15776165551ns] on relative clock which is above the warn threshold of [5000ms]", "cluster.uuid": "Qbw2pof0QzSXC1OvK0aFSw", "node.id": "t9hfPgy_RyC9LOJUxQUrSQ"  }
{"type": "server", "timestamp": "2022-03-29T14:04:44,371Z", "level": "WARN", "component": "o.e.t.ThreadPool", "cluster.name": "tpotcluster", "node.name": "tpotcluster-node-01", "message": "timer thread slept for [24m/1440724ms] on absolute clock which is above the warn threshold of [5000ms]", "cluster.uuid": "Qbw2pof0QzSXC1OvK0aFSw", "node.id": "t9hfPgy_RyC9LOJUxQUrSQ"  }
{"type": "server", "timestamp": "2022-03-29T14:05:49,359Z", "level": "WARN", "component": "o.e.t.ThreadPool", "cluster.name": "tpotcluster", "node.name": "tpotcluster-node-01", "message": "execution of [ReschedulingRunnable{runnable=org.elasticsearch.monitor.jvm.JvmGcMonitorService$1@731a4124, interval=1s}] took [1440155ms] which is above the warn threshold of [5000ms]", "cluster.uuid": "Qbw2pof0QzSXC1OvK0aFSw", "node.id": "t9hfPgy_RyC9LOJUxQUrSQ"  }
{"type": "server", "timestamp": "2022-03-29T14:06:51,119Z", "level": "WARN", "component": "o.e.t.ThreadPool", "cluster.name": "tpotcluster", "node.name": "tpotcluster-node-01", "message": "timer thread slept for [24m/1440155787417ns] on relative clock which is above the warn threshold of [5000ms]", "cluster.uuid": "Qbw2pof0QzSXC1OvK0aFSw", "node.id": "t9hfPgy_RyC9LOJUxQUrSQ"  }
{"type": "server", "timestamp": "2022-03-29T14:11:11,761Z", "level": "WARN", "component": "o.e.c.s.MasterService", "cluster.name": "tpotcluster", "node.name": "tpotcluster-node-01", "message": "took [18s/18048ms] to notify listeners on unchanged cluster state for [ilm-set-step-info {policy [ilm-history-ilm-policy], index [.ds-ilm-history-5-2022.03.12-000001], currentStep [{\"phase\":\"hot\",\"action\":\"rollover\",\"name\":\"check-rollover-ready\"}]}[org.elasticsearch.xpack.ilm.SetStepInfoUpdateTask@c703f0fa]], which exceeds the warn threshold of [10s]", "cluster.uuid": "Qbw2pof0QzSXC1OvK0aFSw", "node.id": "t9hfPgy_RyC9LOJUxQUrSQ"  }
{"type": "server", "timestamp": "2022-03-29T14:15:58,265Z", "level": "WARN", "component": "o.e.t.ThreadPool", "cluster.name": "tpotcluster", "node.name": "tpotcluster-node-01", "message": "timer thread slept for [12.6m/760595ms] on absolute clock which is above the warn threshold of [5000ms]", "cluster.uuid": "Qbw2pof0QzSXC1OvK0aFSw", "node.id": "t9hfPgy_RyC9LOJUxQUrSQ"  }
{"type": "server", "timestamp": "2022-03-29T14:18:48,922Z", "level": "WARN", "component": "o.e.h.AbstractHttpServerTransport", "cluster.name": "tpotcluster", "node.name": "tpotcluster-node-01", "message": "handling request [null][POST][/.kibana_7.17.0/_search?from=0&rest_total_hits_as_int=true&size=20][Netty4HttpChannel{localAddress=/192.168.48.2:9200, remoteAddress=/192.168.48.4:40800}] took [1440155ms] which is above the warn threshold of [5000ms]", "cluster.uuid": "Qbw2pof0QzSXC1OvK0aFSw", "node.id": "t9hfPgy_RyC9LOJUxQUrSQ"  }
{"type": "server", "timestamp": "2022-03-29T14:26:03,635Z", "level": "WARN", "component": "o.e.t.ThreadPool", "cluster.name": "tpotcluster", "node.name": "tpotcluster-node-01", "message": "timer thread slept for [12.6m/760980099278ns] on relative clock which is above the warn threshold of [5000ms]", "cluster.uuid": "Qbw2pof0QzSXC1OvK0aFSw", "node.id": "t9hfPgy_RyC9LOJUxQUrSQ"  }
{"type": "server", "timestamp": "2022-03-29T14:28:10,974Z", "level": "WARN", "component": "o.e.t.ThreadPool", "cluster.name": "tpotcluster", "node.name": "tpotcluster-node-01", "message": "timer thread slept for [12.2m/733829ms] on absolute clock which is above the warn threshold of [5000ms]", "cluster.uuid": "Qbw2pof0QzSXC1OvK0aFSw", "node.id": "t9hfPgy_RyC9LOJUxQUrSQ"  }
{"type": "server", "timestamp": "2022-03-29T14:26:58,070Z", "level": "WARN", "component": "o.e.c.s.MasterService", "cluster.name": "tpotcluster", "node.name": "tpotcluster-node-01", "message": "took [1.1m/68371ms] to notify listeners on unchanged cluster state for [ilm-set-step-info {policy [ilm-history-ilm-policy], index [.ds-ilm-history-5-2022.03.12-000001], currentStep [{\"phase\":\"hot\",\"action\":\"rollover\",\"name\":\"check-rollover-ready\"}]}[org.elasticsearch.xpack.ilm.SetStepInfoUpdateTask@c703f0fa], ilm-set-step-info {policy [kibana-event-log-policy], index [.kibana-event-log-7.16.2-000001], currentStep [{\"phase\":\"hot\",\"action\":\"rollover\",\"name\":\"check-rollover-ready\"}]}[org.elasticsearch.xpack.ilm.SetStepInfoUpdateTask@4b88c058], ilm-set-step-info {policy [.deprecation-indexing-ilm-policy], index [.ds-.logs-deprecation.elasticsearch-default-2022.03.26-000002], currentStep [{\"phase\":\"hot\",\"action\":\"rollover\",\"name\":\"check-rollover-ready\"}]}[org.elasticsearch.xpack.ilm.SetStepInfoUpdateTask@23f46c09], ilm-set-step-info {policy [kibana-event-log-policy], index [.kibana-event-log-7.17.0-000001], currentStep [{\"phase\":\"hot\",\"action\":\"rollover\",\"name\":\"check-rollover-ready\"}]}[org.elasticsearch.xpack.ilm.SetStepInfoUpdateTask@8443d3b1]], which exceeds the warn threshold of [10s]", "cluster.uuid": "Qbw2pof0QzSXC1OvK0aFSw", "node.id": "t9hfPgy_RyC9LOJUxQUrSQ"  }
{"type": "server", "timestamp": "2022-03-29T14:31:47,000Z", "level": "WARN", "component": "o.e.t.ThreadPool", "cluster.name": "tpotcluster", "node.name": "tpotcluster-node-01", "message": "timer thread slept for [12.2m/733782146554ns] on relative clock which is above the warn threshold of [5000ms]", "cluster.uuid": "Qbw2pof0QzSXC1OvK0aFSw", "node.id": "t9hfPgy_RyC9LOJUxQUrSQ"  }
{"type": "server", "timestamp": "2022-03-29T14:33:59,663Z", "level": "WARN", "component": "o.e.t.ThreadPool", "cluster.name": "tpotcluster", "node.name": "tpotcluster-node-01", "message": "timer thread slept for [5.8m/349283ms] on absolute clock which is above the warn threshold of [5000ms]", "cluster.uuid": "Qbw2pof0QzSXC1OvK0aFSw", "node.id": "t9hfPgy_RyC9LOJUxQUrSQ"  }
{"type": "server", "timestamp": "2022-03-29T14:36:27,317Z", "level": "WARN", "component": "o.e.t.ThreadPool", "cluster.name": "tpotcluster", "node.name": "tpotcluster-node-01", "message": "timer thread slept for [5.8m/349334960776ns] on relative clock which is above the warn threshold of [5000ms]", "cluster.uuid": "Qbw2pof0QzSXC1OvK0aFSw", "node.id": "t9hfPgy_RyC9LOJUxQUrSQ"  }
{"type": "server", "timestamp": "2022-03-29T14:38:49,787Z", "level": "WARN", "component": "o.e.t.ThreadPool", "cluster.name": "tpotcluster", "node.name": "tpotcluster-node-01", "message": "timer thread slept for [4.8m/289702ms] on absolute clock which is above the warn threshold of [5000ms]", "cluster.uuid": "Qbw2pof0QzSXC1OvK0aFSw", "node.id": "t9hfPgy_RyC9LOJUxQUrSQ"  }
{"type": "server", "timestamp": "2022-03-29T14:39:36,354Z", "level": "WARN", "component": "o.e.t.ThreadPool", "cluster.name": "tpotcluster", "node.name": "tpotcluster-node-01", "message": "execution of [org.elasticsearch.cluster.InternalClusterInfoService$RefreshScheduler$$Lambda$5098/0x00000008017e5730@e25d072] took [289702ms] which is above the warn threshold of [5000ms]", "cluster.uuid": "Qbw2pof0QzSXC1OvK0aFSw", "node.id": "t9hfPgy_RyC9LOJUxQUrSQ"  }
{"type": "server", "timestamp": "2022-03-29T14:40:46,390Z", "level": "WARN", "component": "o.e.t.ThreadPool", "cluster.name": "tpotcluster", "node.name": "tpotcluster-node-01", "message": "timer thread slept for [4.8m/289702680067ns] on relative clock which is above the warn threshold of [5000ms]", "cluster.uuid": "Qbw2pof0QzSXC1OvK0aFSw", "node.id": "t9hfPgy_RyC9LOJUxQUrSQ"  }
{"type": "server", "timestamp": "2022-03-29T14:43:11,108Z", "level": "WARN", "component": "o.e.t.ThreadPool", "cluster.name": "tpotcluster", "node.name": "tpotcluster-node-01", "message": "timer thread slept for [4.3m/260451ms] on absolute clock which is above the warn threshold of [5000ms]", "cluster.uuid": "Qbw2pof0QzSXC1OvK0aFSw", "node.id": "t9hfPgy_RyC9LOJUxQUrSQ"  }
{"type": "server", "timestamp": "2022-03-29T14:55:05,561Z", "level": "INFO", "component": "o.e.n.Node", "cluster.name": "tpotcluster", "node.name": "tpotcluster-node-01", "message": "version[7.17.0], pid[1], build[default/tar/bee86328705acaa9a6daede7140defd4d9ec56bd/2022-01-28T08:36:04.875279988Z], OS[Linux/4.19.0-20-cloud-amd64/amd64], JVM[Alpine/OpenJDK 64-Bit Server VM/16.0.2/16.0.2+7-alpine-r1]" }
{"type": "server", "timestamp": "2022-03-29T14:55:05,616Z", "level": "INFO", "component": "o.e.n.Node", "cluster.name": "tpotcluster", "node.name": "tpotcluster-node-01", "message": "JVM home [/usr/lib/jvm/java-16-openjdk], using bundled JDK [false]" }
{"type": "server", "timestamp": "2022-03-29T14:55:05,618Z", "level": "INFO", "component": "o.e.n.Node", "cluster.name": "tpotcluster", "node.name": "tpotcluster-node-01", "message": "JVM arguments [-Xshare:auto, -Des.networkaddress.cache.ttl=60, -Des.networkaddress.cache.negative.ttl=10, -XX:+AlwaysPreTouch, -Xss1m, -Djava.awt.headless=true, -Dfile.encoding=UTF-8, -Djna.nosys=true, -XX:-OmitStackTraceInFastThrow, -XX:+ShowCodeDetailsInExceptionMessages, -Dio.netty.noUnsafe=true, -Dio.netty.noKeySetOptimization=true, -Dio.netty.recycler.maxCapacityPerThread=0, -Dio.netty.allocator.numDirectArenas=0, -Dlog4j.shutdownHookEnabled=false, -Dlog4j2.disable.jmx=true, -Dlog4j2.formatMsgNoLookups=true, -Djava.locale.providers=SPI,COMPAT, --add-opens=java.base/java.io=ALL-UNNAMED, -XX:+UseG1GC, -Djava.io.tmpdir=/tmp, -XX:+HeapDumpOnOutOfMemoryError, -XX:+ExitOnOutOfMemoryError, -XX:HeapDumpPath=data, -XX:ErrorFile=logs/hs_err_pid%p.log, -Xlog:gc*,gc+age=trace,safepoint:file=logs/gc.log:utctime,pid,tags:filecount=32,filesize=64m, -Xms2048m, -Xmx2048m, -XX:MaxDirectMemorySize=1073741824, -XX:G1HeapRegionSize=4m, -XX:InitiatingHeapOccupancyPercent=30, -XX:G1ReservePercent=15, -Des.path.home=/usr/share/elasticsearch, -Des.path.conf=/usr/share/elasticsearch/config, -Des.distribution.flavor=default, -Des.distribution.type=tar, -Des.bundled_jdk=true]" }
{"type": "server", "timestamp": "2022-03-29T14:55:14,839Z", "level": "INFO", "component": "o.e.p.PluginsService", "cluster.name": "tpotcluster", "node.name": "tpotcluster-node-01", "message": "loaded module [aggs-matrix-stats]" }
{"type": "server", "timestamp": "2022-03-29T14:55:14,845Z", "level": "INFO", "component": "o.e.p.PluginsService", "cluster.name": "tpotcluster", "node.name": "tpotcluster-node-01", "message": "loaded module [analysis-common]" }
{"type": "server", "timestamp": "2022-03-29T14:55:14,846Z", "level": "INFO", "component": "o.e.p.PluginsService", "cluster.name": "tpotcluster", "node.name": "tpotcluster-node-01", "message": "loaded module [constant-keyword]" }
{"type": "server", "timestamp": "2022-03-29T14:55:14,847Z", "level": "INFO", "component": "o.e.p.PluginsService", "cluster.name": "tpotcluster", "node.name": "tpotcluster-node-01", "message": "loaded module [frozen-indices]" }
{"type": "server", "timestamp": "2022-03-29T14:55:14,849Z", "level": "INFO", "component": "o.e.p.PluginsService", "cluster.name": "tpotcluster", "node.name": "tpotcluster-node-01", "message": "loaded module [ingest-common]" }
{"type": "server", "timestamp": "2022-03-29T14:55:14,850Z", "level": "INFO", "component": "o.e.p.PluginsService", "cluster.name": "tpotcluster", "node.name": "tpotcluster-node-01", "message": "loaded module [ingest-geoip]" }
{"type": "server", "timestamp": "2022-03-29T14:55:14,852Z", "level": "INFO", "component": "o.e.p.PluginsService", "cluster.name": "tpotcluster", "node.name": "tpotcluster-node-01", "message": "loaded module [ingest-user-agent]" }
{"type": "server", "timestamp": "2022-03-29T14:55:14,853Z", "level": "INFO", "component": "o.e.p.PluginsService", "cluster.name": "tpotcluster", "node.name": "tpotcluster-node-01", "message": "loaded module [kibana]" }
{"type": "server", "timestamp": "2022-03-29T14:55:14,854Z", "level": "INFO", "component": "o.e.p.PluginsService", "cluster.name": "tpotcluster", "node.name": "tpotcluster-node-01", "message": "loaded module [lang-expression]" }
{"type": "server", "timestamp": "2022-03-29T14:55:14,856Z", "level": "INFO", "component": "o.e.p.PluginsService", "cluster.name": "tpotcluster", "node.name": "tpotcluster-node-01", "message": "loaded module [lang-mustache]" }
{"type": "server", "timestamp": "2022-03-29T14:55:14,857Z", "level": "INFO", "component": "o.e.p.PluginsService", "cluster.name": "tpotcluster", "node.name": "tpotcluster-node-01", "message": "loaded module [lang-painless]" }
{"type": "server", "timestamp": "2022-03-29T14:55:14,857Z", "level": "INFO", "component": "o.e.p.PluginsService", "cluster.name": "tpotcluster", "node.name": "tpotcluster-node-01", "message": "loaded module [legacy-geo]" }
{"type": "server", "timestamp": "2022-03-29T14:55:14,858Z", "level": "INFO", "component": "o.e.p.PluginsService", "cluster.name": "tpotcluster", "node.name": "tpotcluster-node-01", "message": "loaded module [mapper-extras]" }
{"type": "server", "timestamp": "2022-03-29T14:55:14,859Z", "level": "INFO", "component": "o.e.p.PluginsService", "cluster.name": "tpotcluster", "node.name": "tpotcluster-node-01", "message": "loaded module [mapper-version]" }
{"type": "server", "timestamp": "2022-03-29T14:55:14,860Z", "level": "INFO", "component": "o.e.p.PluginsService", "cluster.name": "tpotcluster", "node.name": "tpotcluster-node-01", "message": "loaded module [parent-join]" }
{"type": "server", "timestamp": "2022-03-29T14:55:14,860Z", "level": "INFO", "component": "o.e.p.PluginsService", "cluster.name": "tpotcluster", "node.name": "tpotcluster-node-01", "message": "loaded module [percolator]" }
{"type": "server", "timestamp": "2022-03-29T14:55:14,861Z", "level": "INFO", "component": "o.e.p.PluginsService", "cluster.name": "tpotcluster", "node.name": "tpotcluster-node-01", "message": "loaded module [rank-eval]" }
{"type": "server", "timestamp": "2022-03-29T14:55:14,862Z", "level": "INFO", "component": "o.e.p.PluginsService", "cluster.name": "tpotcluster", "node.name": "tpotcluster-node-01", "message": "loaded module [reindex]" }
{"type": "server", "timestamp": "2022-03-29T14:55:14,862Z", "level": "INFO", "component": "o.e.p.PluginsService", "cluster.name": "tpotcluster", "node.name": "tpotcluster-node-01", "message": "loaded module [repositories-metering-api]" }
{"type": "server", "timestamp": "2022-03-29T14:55:14,864Z", "level": "INFO", "component": "o.e.p.PluginsService", "cluster.name": "tpotcluster", "node.name": "tpotcluster-node-01", "message": "loaded module [repository-encrypted]" }
{"type": "server", "timestamp": "2022-03-29T14:55:14,865Z", "level": "INFO", "component": "o.e.p.PluginsService", "cluster.name": "tpotcluster", "node.name": "tpotcluster-node-01", "message": "loaded module [repository-url]" }
{"type": "server", "timestamp": "2022-03-29T14:55:14,866Z", "level": "INFO", "component": "o.e.p.PluginsService", "cluster.name": "tpotcluster", "node.name": "tpotcluster-node-01", "message": "loaded module [runtime-fields-common]" }
{"type": "server", "timestamp": "2022-03-29T14:55:14,867Z", "level": "INFO", "component": "o.e.p.PluginsService", "cluster.name": "tpotcluster", "node.name": "tpotcluster-node-01", "message": "loaded module [search-business-rules]" }
{"type": "server", "timestamp": "2022-03-29T14:55:14,868Z", "level": "INFO", "component": "o.e.p.PluginsService", "cluster.name": "tpotcluster", "node.name": "tpotcluster-node-01", "message": "loaded module [searchable-snapshots]" }
{"type": "server", "timestamp": "2022-03-29T14:55:14,869Z", "level": "INFO", "component": "o.e.p.PluginsService", "cluster.name": "tpotcluster", "node.name": "tpotcluster-node-01", "message": "loaded module [snapshot-repo-test-kit]" }
{"type": "server", "timestamp": "2022-03-29T14:55:14,870Z", "level": "INFO", "component": "o.e.p.PluginsService", "cluster.name": "tpotcluster", "node.name": "tpotcluster-node-01", "message": "loaded module [spatial]" }
{"type": "server", "timestamp": "2022-03-29T14:55:14,871Z", "level": "INFO", "component": "o.e.p.PluginsService", "cluster.name": "tpotcluster", "node.name": "tpotcluster-node-01", "message": "loaded module [transform]" }
{"type": "server", "timestamp": "2022-03-29T14:55:14,871Z", "level": "INFO", "component": "o.e.p.PluginsService", "cluster.name": "tpotcluster", "node.name": "tpotcluster-node-01", "message": "loaded module [transport-netty4]" }
{"type": "server", "timestamp": "2022-03-29T14:55:14,872Z", "level": "INFO", "component": "o.e.p.PluginsService", "cluster.name": "tpotcluster", "node.name": "tpotcluster-node-01", "message": "loaded module [unsigned-long]" }
{"type": "server", "timestamp": "2022-03-29T14:55:14,872Z", "level": "INFO", "component": "o.e.p.PluginsService", "cluster.name": "tpotcluster", "node.name": "tpotcluster-node-01", "message": "loaded module [vector-tile]" }
{"type": "server", "timestamp": "2022-03-29T14:55:14,873Z", "level": "INFO", "component": "o.e.p.PluginsService", "cluster.name": "tpotcluster", "node.name": "tpotcluster-node-01", "message": "loaded module [vectors]" }
{"type": "server", "timestamp": "2022-03-29T14:55:14,874Z", "level": "INFO", "component": "o.e.p.PluginsService", "cluster.name": "tpotcluster", "node.name": "tpotcluster-node-01", "message": "loaded module [wildcard]" }
{"type": "server", "timestamp": "2022-03-29T14:55:14,875Z", "level": "INFO", "component": "o.e.p.PluginsService", "cluster.name": "tpotcluster", "node.name": "tpotcluster-node-01", "message": "loaded module [x-pack-aggregate-metric]" }
{"type": "server", "timestamp": "2022-03-29T14:55:14,875Z", "level": "INFO", "component": "o.e.p.PluginsService", "cluster.name": "tpotcluster", "node.name": "tpotcluster-node-01", "message": "loaded module [x-pack-analytics]" }
{"type": "server", "timestamp": "2022-03-29T14:55:14,876Z", "level": "INFO", "component": "o.e.p.PluginsService", "cluster.name": "tpotcluster", "node.name": "tpotcluster-node-01", "message": "loaded module [x-pack-async]" }
{"type": "server", "timestamp": "2022-03-29T14:55:14,877Z", "level": "INFO", "component": "o.e.p.PluginsService", "cluster.name": "tpotcluster", "node.name": "tpotcluster-node-01", "message": "loaded module [x-pack-async-search]" }
{"type": "server", "timestamp": "2022-03-29T14:55:14,878Z", "level": "INFO", "component": "o.e.p.PluginsService", "cluster.name": "tpotcluster", "node.name": "tpotcluster-node-01", "message": "loaded module [x-pack-autoscaling]" }
{"type": "server", "timestamp": "2022-03-29T14:55:14,879Z", "level": "INFO", "component": "o.e.p.PluginsService", "cluster.name": "tpotcluster", "node.name": "tpotcluster-node-01", "message": "loaded module [x-pack-ccr]" }
{"type": "server", "timestamp": "2022-03-29T14:55:14,880Z", "level": "INFO", "component": "o.e.p.PluginsService", "cluster.name": "tpotcluster", "node.name": "tpotcluster-node-01", "message": "loaded module [x-pack-core]" }
{"type": "server", "timestamp": "2022-03-29T14:55:14,881Z", "level": "INFO", "component": "o.e.p.PluginsService", "cluster.name": "tpotcluster", "node.name": "tpotcluster-node-01", "message": "loaded module [x-pack-data-streams]" }
{"type": "server", "timestamp": "2022-03-29T14:55:14,882Z", "level": "INFO", "component": "o.e.p.PluginsService", "cluster.name": "tpotcluster", "node.name": "tpotcluster-node-01", "message": "loaded module [x-pack-deprecation]" }
{"type": "server", "timestamp": "2022-03-29T14:55:14,882Z", "level": "INFO", "component": "o.e.p.PluginsService", "cluster.name": "tpotcluster", "node.name": "tpotcluster-node-01", "message": "loaded module [x-pack-enrich]" }
{"type": "server", "timestamp": "2022-03-29T14:55:14,883Z", "level": "INFO", "component": "o.e.p.PluginsService", "cluster.name": "tpotcluster", "node.name": "tpotcluster-node-01", "message": "loaded module [x-pack-eql]" }
{"type": "server", "timestamp": "2022-03-29T14:55:14,883Z", "level": "INFO", "component": "o.e.p.PluginsService", "cluster.name": "tpotcluster", "node.name": "tpotcluster-node-01", "message": "loaded module [x-pack-fleet]" }
{"type": "server", "timestamp": "2022-03-29T14:55:14,884Z", "level": "INFO", "component": "o.e.p.PluginsService", "cluster.name": "tpotcluster", "node.name": "tpotcluster-node-01", "message": "loaded module [x-pack-graph]" }
{"type": "server", "timestamp": "2022-03-29T14:55:14,884Z", "level": "INFO", "component": "o.e.p.PluginsService", "cluster.name": "tpotcluster", "node.name": "tpotcluster-node-01", "message": "loaded module [x-pack-identity-provider]" }
{"type": "server", "timestamp": "2022-03-29T14:55:14,885Z", "level": "INFO", "component": "o.e.p.PluginsService", "cluster.name": "tpotcluster", "node.name": "tpotcluster-node-01", "message": "loaded module [x-pack-ilm]" }
{"type": "server", "timestamp": "2022-03-29T14:55:14,885Z", "level": "INFO", "component": "o.e.p.PluginsService", "cluster.name": "tpotcluster", "node.name": "tpotcluster-node-01", "message": "loaded module [x-pack-logstash]" }
{"type": "server", "timestamp": "2022-03-29T14:55:14,886Z", "level": "INFO", "component": "o.e.p.PluginsService", "cluster.name": "tpotcluster", "node.name": "tpotcluster-node-01", "message": "loaded module [x-pack-monitoring]" }
{"type": "server", "timestamp": "2022-03-29T14:55:14,886Z", "level": "INFO", "component": "o.e.p.PluginsService", "cluster.name": "tpotcluster", "node.name": "tpotcluster-node-01", "message": "loaded module [x-pack-ql]" }
{"type": "server", "timestamp": "2022-03-29T14:55:14,887Z", "level": "INFO", "component": "o.e.p.PluginsService", "cluster.name": "tpotcluster", "node.name": "tpotcluster-node-01", "message": "loaded module [x-pack-rollup]" }
{"type": "server", "timestamp": "2022-03-29T14:55:14,887Z", "level": "INFO", "component": "o.e.p.PluginsService", "cluster.name": "tpotcluster", "node.name": "tpotcluster-node-01", "message": "loaded module [x-pack-security]" }
{"type": "server", "timestamp": "2022-03-29T14:55:14,889Z", "level": "INFO", "component": "o.e.p.PluginsService", "cluster.name": "tpotcluster", "node.name": "tpotcluster-node-01", "message": "loaded module [x-pack-shutdown]" }
{"type": "server", "timestamp": "2022-03-29T14:55:14,889Z", "level": "INFO", "component": "o.e.p.PluginsService", "cluster.name": "tpotcluster", "node.name": "tpotcluster-node-01", "message": "loaded module [x-pack-sql]" }
{"type": "server", "timestamp": "2022-03-29T14:55:14,890Z", "level": "INFO", "component": "o.e.p.PluginsService", "cluster.name": "tpotcluster", "node.name": "tpotcluster-node-01", "message": "loaded module [x-pack-stack]" }
{"type": "server", "timestamp": "2022-03-29T14:55:14,890Z", "level": "INFO", "component": "o.e.p.PluginsService", "cluster.name": "tpotcluster", "node.name": "tpotcluster-node-01", "message": "loaded module [x-pack-text-structure]" }
{"type": "server", "timestamp": "2022-03-29T14:55:14,891Z", "level": "INFO", "component": "o.e.p.PluginsService", "cluster.name": "tpotcluster", "node.name": "tpotcluster-node-01", "message": "loaded module [x-pack-voting-only-node]" }
{"type": "server", "timestamp": "2022-03-29T14:55:14,891Z", "level": "INFO", "component": "o.e.p.PluginsService", "cluster.name": "tpotcluster", "node.name": "tpotcluster-node-01", "message": "loaded module [x-pack-watcher]" }
{"type": "server", "timestamp": "2022-03-29T14:55:14,899Z", "level": "INFO", "component": "o.e.p.PluginsService", "cluster.name": "tpotcluster", "node.name": "tpotcluster-node-01", "message": "no plugins loaded" }
{"type": "server", "timestamp": "2022-03-29T14:55:15,104Z", "level": "INFO", "component": "o.e.e.NodeEnvironment", "cluster.name": "tpotcluster", "node.name": "tpotcluster-node-01", "message": "using [1] data paths, mounts [[/data (/dev/sda1)]], net usable_space [103.5gb], net total_space [125.8gb], types [ext4]" }
{"type": "server", "timestamp": "2022-03-29T14:55:15,109Z", "level": "INFO", "component": "o.e.e.NodeEnvironment", "cluster.name": "tpotcluster", "node.name": "tpotcluster-node-01", "message": "heap size [2gb], compressed ordinary object pointers [true]" }
{"type": "server", "timestamp": "2022-03-29T14:55:16,525Z", "level": "INFO", "component": "o.e.n.Node", "cluster.name": "tpotcluster", "node.name": "tpotcluster-node-01", "message": "node name [tpotcluster-node-01], node ID [t9hfPgy_RyC9LOJUxQUrSQ], cluster name [tpotcluster], roles [transform, data_frozen, master, remote_cluster_client, data, data_content, data_hot, data_warm, data_cold, ingest]" }
{"type": "server", "timestamp": "2022-03-29T14:55:30,327Z", "level": "WARN", "component": "o.e.t.ThreadPool", "cluster.name": "tpotcluster", "node.name": "tpotcluster-node-01", "message": "execution of [ReschedulingRunnable{runnable=org.elasticsearch.watcher.ResourceWatcherService$ResourceMonitor@1983a6dc, interval=5s}] took [6350ms] which is above the warn threshold of [5000ms]" }
{"type": "server", "timestamp": "2022-03-29T14:56:23,585Z", "level": "WARN", "component": "o.e.t.ThreadPool", "cluster.name": "tpotcluster", "node.name": "tpotcluster-node-01", "message": "execution of [ReschedulingRunnable{runnable=org.elasticsearch.watcher.ResourceWatcherService$ResourceMonitor@1983a6dc, interval=5s}] took [9514ms] which is above the warn threshold of [5000ms]" }
{"type": "server", "timestamp": "2022-03-29T14:56:40,744Z", "level": "WARN", "component": "o.e.t.ThreadPool", "cluster.name": "tpotcluster", "node.name": "tpotcluster-node-01", "message": "timer thread slept for [9.5s/9514ms] on absolute clock which is above the warn threshold of [5000ms]" }
{"type": "server", "timestamp": "2022-03-29T14:56:56,154Z", "level": "WARN", "component": "o.e.t.ThreadPool", "cluster.name": "tpotcluster", "node.name": "tpotcluster-node-01", "message": "timer thread slept for [9.5s/9514202248ns] on relative clock which is above the warn threshold of [5000ms]" }
{"type": "server", "timestamp": "2022-03-29T14:56:56,860Z", "level": "WARN", "component": "o.e.t.ThreadPool", "cluster.name": "tpotcluster", "node.name": "tpotcluster-node-01", "message": "timer thread slept for [35.6s/35651ms] on absolute clock which is above the warn threshold of [5000ms]" }
{"type": "server", "timestamp": "2022-03-29T14:56:58,257Z", "level": "WARN", "component": "o.e.t.ThreadPool", "cluster.name": "tpotcluster", "node.name": "tpotcluster-node-01", "message": "timer thread slept for [35.6s/35650557836ns] on relative clock which is above the warn threshold of [5000ms]" }
{"type": "server", "timestamp": "2022-03-29T14:57:26,406Z", "level": "INFO", "component": "o.e.i.g.ConfigDatabases", "cluster.name": "tpotcluster", "node.name": "tpotcluster-node-01", "message": "initialized default databases [[GeoLite2-Country.mmdb, GeoLite2-City.mmdb, GeoLite2-ASN.mmdb]], config databases [[]] and watching [/usr/share/elasticsearch/config/ingest-geoip] for changes" }
{"type": "server", "timestamp": "2022-03-29T14:57:26,413Z", "level": "INFO", "component": "o.e.i.g.DatabaseNodeService", "cluster.name": "tpotcluster", "node.name": "tpotcluster-node-01", "message": "deleting stale file [/tmp/geoip-databases/t9hfPgy_RyC9LOJUxQUrSQ/GeoLite2-City.mmdb_LICENSE.txt]" }
{"type": "server", "timestamp": "2022-03-29T14:57:26,414Z", "level": "INFO", "component": "o.e.i.g.DatabaseNodeService", "cluster.name": "tpotcluster", "node.name": "tpotcluster-node-01", "message": "deleting stale file [/tmp/geoip-databases/t9hfPgy_RyC9LOJUxQUrSQ/GeoLite2-City.mmdb]" }
{"type": "server", "timestamp": "2022-03-29T14:57:26,416Z", "level": "INFO", "component": "o.e.i.g.DatabaseNodeService", "cluster.name": "tpotcluster", "node.name": "tpotcluster-node-01", "message": "deleting stale file [/tmp/geoip-databases/t9hfPgy_RyC9LOJUxQUrSQ/GeoLite2-Country.mmdb_LICENSE.txt]" }
{"type": "server", "timestamp": "2022-03-29T14:57:26,417Z", "level": "INFO", "component": "o.e.i.g.DatabaseNodeService", "cluster.name": "tpotcluster", "node.name": "tpotcluster-node-01", "message": "deleting stale file [/tmp/geoip-databases/t9hfPgy_RyC9LOJUxQUrSQ/GeoLite2-Country.mmdb_elastic-geoip-database-service-agreement-LICENSE.txt]" }
{"type": "server", "timestamp": "2022-03-29T14:57:26,418Z", "level": "INFO", "component": "o.e.i.g.DatabaseNodeService", "cluster.name": "tpotcluster", "node.name": "tpotcluster-node-01", "message": "deleting stale file [/tmp/geoip-databases/t9hfPgy_RyC9LOJUxQUrSQ/GeoLite2-ASN.mmdb_COPYRIGHT.txt]" }
{"type": "server", "timestamp": "2022-03-29T14:57:26,419Z", "level": "INFO", "component": "o.e.i.g.DatabaseNodeService", "cluster.name": "tpotcluster", "node.name": "tpotcluster-node-01", "message": "deleting stale file [/tmp/geoip-databases/t9hfPgy_RyC9LOJUxQUrSQ/GeoLite2-City.mmdb_COPYRIGHT.txt]" }
{"type": "server", "timestamp": "2022-03-29T14:57:26,420Z", "level": "INFO", "component": "o.e.i.g.DatabaseNodeService", "cluster.name": "tpotcluster", "node.name": "tpotcluster-node-01", "message": "deleting stale file [/tmp/geoip-databases/t9hfPgy_RyC9LOJUxQUrSQ/GeoLite2-ASN.mmdb_elastic-geoip-database-service-agreement-LICENSE.txt]" }
{"type": "server", "timestamp": "2022-03-29T14:57:26,421Z", "level": "INFO", "component": "o.e.i.g.DatabaseNodeService", "cluster.name": "tpotcluster", "node.name": "tpotcluster-node-01", "message": "deleting stale file [/tmp/geoip-databases/t9hfPgy_RyC9LOJUxQUrSQ/GeoLite2-City.mmdb_README.txt]" }
{"type": "server", "timestamp": "2022-03-29T14:57:26,421Z", "level": "INFO", "component": "o.e.i.g.DatabaseNodeService", "cluster.name": "tpotcluster", "node.name": "tpotcluster-node-01", "message": "deleting stale file [/tmp/geoip-databases/t9hfPgy_RyC9LOJUxQUrSQ/GeoLite2-Country.mmdb_COPYRIGHT.txt]" }
{"type": "server", "timestamp": "2022-03-29T14:57:26,422Z", "level": "INFO", "component": "o.e.i.g.DatabaseNodeService", "cluster.name": "tpotcluster", "node.name": "tpotcluster-node-01", "message": "deleting stale file [/tmp/geoip-databases/t9hfPgy_RyC9LOJUxQUrSQ/GeoLite2-ASN.mmdb_LICENSE.txt]" }
{"type": "server", "timestamp": "2022-03-29T14:57:26,423Z", "level": "INFO", "component": "o.e.i.g.DatabaseNodeService", "cluster.name": "tpotcluster", "node.name": "tpotcluster-node-01", "message": "deleting stale file [/tmp/geoip-databases/t9hfPgy_RyC9LOJUxQUrSQ/GeoLite2-Country.mmdb]" }
{"type": "server", "timestamp": "2022-03-29T14:57:26,425Z", "level": "INFO", "component": "o.e.i.g.DatabaseNodeService", "cluster.name": "tpotcluster", "node.name": "tpotcluster-node-01", "message": "deleting stale file [/tmp/geoip-databases/t9hfPgy_RyC9LOJUxQUrSQ/GeoLite2-ASN.mmdb]" }
{"type": "server", "timestamp": "2022-03-29T14:57:26,426Z", "level": "INFO", "component": "o.e.i.g.DatabaseNodeService", "cluster.name": "tpotcluster", "node.name": "tpotcluster-node-01", "message": "deleting stale file [/tmp/geoip-databases/t9hfPgy_RyC9LOJUxQUrSQ/GeoLite2-City.mmdb_elastic-geoip-database-service-agreement-LICENSE.txt]" }
{"type": "server", "timestamp": "2022-03-29T14:57:26,426Z", "level": "INFO", "component": "o.e.i.g.DatabaseNodeService", "cluster.name": "tpotcluster", "node.name": "tpotcluster-node-01", "message": "initialized database registry, using geoip-databases directory [/tmp/geoip-databases/t9hfPgy_RyC9LOJUxQUrSQ]" }
{"type": "server", "timestamp": "2022-03-29T14:57:27,906Z", "level": "INFO", "component": "o.e.t.NettyAllocator", "cluster.name": "tpotcluster", "node.name": "tpotcluster-node-01", "message": "creating NettyAllocator with the following configs: [name=elasticsearch_configured, chunk_size=1mb, suggested_max_allocation_size=1mb, factors={es.unsafe.use_netty_default_chunk_and_page_size=false, g1gc_enabled=true, g1gc_region_size=4mb}]" }
{"type": "server", "timestamp": "2022-03-29T14:57:28,105Z", "level": "INFO", "component": "o.e.d.DiscoveryModule", "cluster.name": "tpotcluster", "node.name": "tpotcluster-node-01", "message": "using discovery type [single-node] and seed hosts providers [settings]" }
{"type": "server", "timestamp": "2022-03-29T14:57:29,179Z", "level": "INFO", "component": "o.e.g.DanglingIndicesState", "cluster.name": "tpotcluster", "node.name": "tpotcluster-node-01", "message": "gateway.auto_import_dangling_indices is disabled, dangling indices will not be automatically detected or imported and must be managed manually" }
{"type": "server", "timestamp": "2022-03-29T14:57:30,051Z", "level": "INFO", "component": "o.e.n.Node", "cluster.name": "tpotcluster", "node.name": "tpotcluster-node-01", "message": "initialized" }
{"type": "server", "timestamp": "2022-03-29T14:57:30,052Z", "level": "INFO", "component": "o.e.n.Node", "cluster.name": "tpotcluster", "node.name": "tpotcluster-node-01", "message": "starting ..." }
{"type": "server", "timestamp": "2022-03-29T14:57:30,138Z", "level": "INFO", "component": "o.e.x.s.c.f.PersistentCache", "cluster.name": "tpotcluster", "node.name": "tpotcluster-node-01", "message": "persistent cache index loaded" }
{"type": "server", "timestamp": "2022-03-29T14:57:30,139Z", "level": "INFO", "component": "o.e.x.d.l.DeprecationIndexingComponent", "cluster.name": "tpotcluster", "node.name": "tpotcluster-node-01", "message": "deprecation component started" }
{"type": "server", "timestamp": "2022-03-29T14:57:30,383Z", "level": "INFO", "component": "o.e.t.TransportService", "cluster.name": "tpotcluster", "node.name": "tpotcluster-node-01", "message": "publish_address {127.0.0.1:9300}, bound_addresses {127.0.0.1:9300}" }
{"type": "server", "timestamp": "2022-03-29T14:57:32,873Z", "level": "INFO", "component": "o.e.c.c.Coordinator", "cluster.name": "tpotcluster", "node.name": "tpotcluster-node-01", "message": "cluster UUID [Qbw2pof0QzSXC1OvK0aFSw]" }
{"type": "server", "timestamp": "2022-03-29T14:57:33,015Z", "level": "INFO", "component": "o.e.c.s.MasterService", "cluster.name": "tpotcluster", "node.name": "tpotcluster-node-01", "message": "elected-as-master ([1] nodes joined)[{tpotcluster-node-01}{t9hfPgy_RyC9LOJUxQUrSQ}{tML8VwhRRTuK70x_-QopTQ}{127.0.0.1}{127.0.0.1:9300}{cdfhimrstw} elect leader, _BECOME_MASTER_TASK_, _FINISH_ELECTION_], term: 152, version: 4338, delta: master node changed {previous [], current [{tpotcluster-node-01}{t9hfPgy_RyC9LOJUxQUrSQ}{tML8VwhRRTuK70x_-QopTQ}{127.0.0.1}{127.0.0.1:9300}{cdfhimrstw}]}" }
{"type": "server", "timestamp": "2022-03-29T14:57:33,192Z", "level": "INFO", "component": "o.e.c.s.ClusterApplierService", "cluster.name": "tpotcluster", "node.name": "tpotcluster-node-01", "message": "master node changed {previous [], current [{tpotcluster-node-01}{t9hfPgy_RyC9LOJUxQUrSQ}{tML8VwhRRTuK70x_-QopTQ}{127.0.0.1}{127.0.0.1:9300}{cdfhimrstw}]}, term: 152, version: 4338, reason: Publication{term=152, version=4338}" }
{"type": "server", "timestamp": "2022-03-29T14:57:33,316Z", "level": "INFO", "component": "o.e.h.AbstractHttpServerTransport", "cluster.name": "tpotcluster", "node.name": "tpotcluster-node-01", "message": "publish_address {192.168.48.2:9200}, bound_addresses {0.0.0.0:9200}", "cluster.uuid": "Qbw2pof0QzSXC1OvK0aFSw", "node.id": "t9hfPgy_RyC9LOJUxQUrSQ"  }
{"type": "server", "timestamp": "2022-03-29T14:57:33,317Z", "level": "INFO", "component": "o.e.n.Node", "cluster.name": "tpotcluster", "node.name": "tpotcluster-node-01", "message": "started", "cluster.uuid": "Qbw2pof0QzSXC1OvK0aFSw", "node.id": "t9hfPgy_RyC9LOJUxQUrSQ"  }
{"type": "server", "timestamp": "2022-03-29T14:57:34,815Z", "level": "INFO", "component": "o.e.l.LicenseService", "cluster.name": "tpotcluster", "node.name": "tpotcluster-node-01", "message": "license [06f03395-4097-4495-8e63-b3dc92f4de14] mode [basic] - valid", "cluster.uuid": "Qbw2pof0QzSXC1OvK0aFSw", "node.id": "t9hfPgy_RyC9LOJUxQUrSQ"  }
{"type": "server", "timestamp": "2022-03-29T14:57:34,844Z", "level": "INFO", "component": "o.e.g.GatewayService", "cluster.name": "tpotcluster", "node.name": "tpotcluster-node-01", "message": "recovered [32] indices into cluster_state", "cluster.uuid": "Qbw2pof0QzSXC1OvK0aFSw", "node.id": "t9hfPgy_RyC9LOJUxQUrSQ"  }
{"type": "server", "timestamp": "2022-03-29T14:57:37,346Z", "level": "INFO", "component": "o.e.i.g.GeoIpDownloader", "cluster.name": "tpotcluster", "node.name": "tpotcluster-node-01", "message": "updating geoip databases", "cluster.uuid": "Qbw2pof0QzSXC1OvK0aFSw", "node.id": "t9hfPgy_RyC9LOJUxQUrSQ"  }
{"type": "server", "timestamp": "2022-03-29T14:57:37,355Z", "level": "INFO", "component": "o.e.i.g.GeoIpDownloader", "cluster.name": "tpotcluster", "node.name": "tpotcluster-node-01", "message": "fetching geoip databases overview from [https://geoip.elastic.co/v1/database?elastic_geoip_service_tos=agree]", "cluster.uuid": "Qbw2pof0QzSXC1OvK0aFSw", "node.id": "t9hfPgy_RyC9LOJUxQUrSQ"  }
{"type": "server", "timestamp": "2022-03-29T14:57:45,265Z", "level": "WARN", "component": "o.e.m.j.JvmGcMonitorService", "cluster.name": "tpotcluster", "node.name": "tpotcluster-node-01", "message": "[gc][young][11][12] duration [1.1s], collections [1]/[2.9s], total [1.1s]/[1.6s], memory [143.5mb]->[84.9mb]/[2gb], all_pools {[young] [64mb]->[0b]/[0b]}{[old] [54.4mb]->[77.3mb]/[2gb]}{[survivor] [25mb]->[7.5mb]/[0b]}", "cluster.uuid": "Qbw2pof0QzSXC1OvK0aFSw", "node.id": "t9hfPgy_RyC9LOJUxQUrSQ"  }
{"type": "server", "timestamp": "2022-03-29T14:57:45,738Z", "level": "INFO", "component": "o.e.m.j.JvmGcMonitorService", "cluster.name": "tpotcluster", "node.name": "tpotcluster-node-01", "message": "[gc][11] overhead, spent [1.1s] collecting in the last [2.9s]", "cluster.uuid": "Qbw2pof0QzSXC1OvK0aFSw", "node.id": "t9hfPgy_RyC9LOJUxQUrSQ"  }
{"type": "server", "timestamp": "2022-03-29T14:58:27,141Z", "level": "WARN", "component": "o.e.t.ThreadPool", "cluster.name": "tpotcluster", "node.name": "tpotcluster-node-01", "message": "timer thread slept for [6.9s/6900ms] on absolute clock which is above the warn threshold of [5000ms]", "cluster.uuid": "Qbw2pof0QzSXC1OvK0aFSw", "node.id": "t9hfPgy_RyC9LOJUxQUrSQ"  }
{"type": "server", "timestamp": "2022-03-29T14:58:28,851Z", "level": "WARN", "component": "o.e.t.ThreadPool", "cluster.name": "tpotcluster", "node.name": "tpotcluster-node-01", "message": "timer thread slept for [6.8s/6899763634ns] on relative clock which is above the warn threshold of [5000ms]", "cluster.uuid": "Qbw2pof0QzSXC1OvK0aFSw", "node.id": "t9hfPgy_RyC9LOJUxQUrSQ"  }
{"type": "server", "timestamp": "2022-03-29T14:59:17,494Z", "level": "WARN", "component": "o.e.t.ThreadPool", "cluster.name": "tpotcluster", "node.name": "tpotcluster-node-01", "message": "timer thread slept for [7.4s/7450ms] on absolute clock which is above the warn threshold of [5000ms]", "cluster.uuid": "Qbw2pof0QzSXC1OvK0aFSw", "node.id": "t9hfPgy_RyC9LOJUxQUrSQ"  }
{"type": "server", "timestamp": "2022-03-29T14:59:19,565Z", "level": "WARN", "component": "o.e.t.ThreadPool", "cluster.name": "tpotcluster", "node.name": "tpotcluster-node-01", "message": "timer thread slept for [7.4s/7450215994ns] on relative clock which is above the warn threshold of [5000ms]", "cluster.uuid": "Qbw2pof0QzSXC1OvK0aFSw", "node.id": "t9hfPgy_RyC9LOJUxQUrSQ"  }
{"type": "server", "timestamp": "2022-03-29T14:59:22,274Z", "level": "WARN", "component": "o.e.t.ThreadPool", "cluster.name": "tpotcluster", "node.name": "tpotcluster-node-01", "message": "timer thread slept for [5.2s/5214ms] on absolute clock which is above the warn threshold of [5000ms]", "cluster.uuid": "Qbw2pof0QzSXC1OvK0aFSw", "node.id": "t9hfPgy_RyC9LOJUxQUrSQ"  }
{"type": "server", "timestamp": "2022-03-29T14:59:24,078Z", "level": "WARN", "component": "o.e.t.ThreadPool", "cluster.name": "tpotcluster", "node.name": "tpotcluster-node-01", "message": "timer thread slept for [5.2s/5213514249ns] on relative clock which is above the warn threshold of [5000ms]", "cluster.uuid": "Qbw2pof0QzSXC1OvK0aFSw", "node.id": "t9hfPgy_RyC9LOJUxQUrSQ"  }
{"type": "server", "timestamp": "2022-03-29T15:00:08,238Z", "level": "WARN", "component": "o.e.t.ThreadPool", "cluster.name": "tpotcluster", "node.name": "tpotcluster-node-01", "message": "execution of [org.elasticsearch.cluster.InternalClusterInfoService$RefreshScheduler$$Lambda$5109/0x00000008017ea020@193b9018] took [124390ms] which is above the warn threshold of [5000ms]", "cluster.uuid": "Qbw2pof0QzSXC1OvK0aFSw", "node.id": "t9hfPgy_RyC9LOJUxQUrSQ"  }
{"type": "server", "timestamp": "2022-03-29T15:00:38,480Z", "level": "WARN", "component": "o.e.m.f.FsHealthService", "cluster.name": "tpotcluster", "node.name": "tpotcluster-node-01", "message": "health check of [/data/elk/data/nodes/0] took [5203ms] which is above the warn threshold of [5s]", "cluster.uuid": "Qbw2pof0QzSXC1OvK0aFSw", "node.id": "t9hfPgy_RyC9LOJUxQUrSQ"  }
{"type": "server", "timestamp": "2022-03-29T15:01:07,382Z", "level": "WARN", "component": "o.e.t.ThreadPool", "cluster.name": "tpotcluster", "node.name": "tpotcluster-node-01", "message": "execution of [ReschedulingRunnable{runnable=org.elasticsearch.monitor.jvm.JvmGcMonitorService$1@23ddf060, interval=1s}] took [7248ms] which is above the warn threshold of [5000ms]", "cluster.uuid": "Qbw2pof0QzSXC1OvK0aFSw", "node.id": "t9hfPgy_RyC9LOJUxQUrSQ"  }
{"type": "server", "timestamp": "2022-03-29T15:01:07,224Z", "level": "WARN", "component": "o.e.c.InternalClusterInfoService", "cluster.name": "tpotcluster", "node.name": "tpotcluster-node-01", "message": "failed to retrieve shard stats from node [t9hfPgy_RyC9LOJUxQUrSQ]: [tpotcluster-node-01][127.0.0.1:9300][indices:monitor/stats[n]] request_id [64] timed out after [30749ms]", "cluster.uuid": "Qbw2pof0QzSXC1OvK0aFSw", "node.id": "t9hfPgy_RyC9LOJUxQUrSQ"  }
{"type": "server", "timestamp": "2022-03-29T15:01:28,784Z", "level": "WARN", "component": "o.e.t.TransportService", "cluster.name": "tpotcluster", "node.name": "tpotcluster-node-01", "message": "Received response for a request that has timed out, sent [1.3m/80559ms] ago, timed out [49.8s/49810ms] ago, action [indices:monitor/stats[n]], node [{tpotcluster-node-01}{t9hfPgy_RyC9LOJUxQUrSQ}{tML8VwhRRTuK70x_-QopTQ}{127.0.0.1}{127.0.0.1:9300}{cdfhimrstw}{xpack.installed=true, transform.node=true}], id [64]", "cluster.uuid": "Qbw2pof0QzSXC1OvK0aFSw", "node.id": "t9hfPgy_RyC9LOJUxQUrSQ"  }
{"type": "server", "timestamp": "2022-03-29T15:01:37,798Z", "level": "WARN", "component": "o.e.t.ThreadPool", "cluster.name": "tpotcluster", "node.name": "tpotcluster-node-01", "message": "execution of [ReschedulingRunnable{runnable=org.elasticsearch.monitor.jvm.JvmGcMonitorService$1@23ddf060, interval=1s}] took [7431ms] which is above the warn threshold of [5000ms]", "cluster.uuid": "Qbw2pof0QzSXC1OvK0aFSw", "node.id": "t9hfPgy_RyC9LOJUxQUrSQ"  }
{"type": "server", "timestamp": "2022-03-29T15:01:54,527Z", "level": "WARN", "component": "o.e.t.ThreadPool", "cluster.name": "tpotcluster", "node.name": "tpotcluster-node-01", "message": "execution of [org.elasticsearch.cluster.InternalClusterInfoService$RefreshScheduler$$Lambda$5109/0x00000008017ea020@428cf098] took [5429ms] which is above the warn threshold of [5000ms]", "cluster.uuid": "Qbw2pof0QzSXC1OvK0aFSw", "node.id": "t9hfPgy_RyC9LOJUxQUrSQ"  }
{"type": "server", "timestamp": "2022-03-29T15:02:10,723Z", "level": "WARN", "component": "o.e.c.InternalClusterInfoService", "cluster.name": "tpotcluster", "node.name": "tpotcluster-node-01", "message": "failed to retrieve stats for node [t9hfPgy_RyC9LOJUxQUrSQ]: [tpotcluster-node-01][127.0.0.1:9300][cluster:monitor/nodes/stats[n]] request_id [71] timed out after [15814ms]", "cluster.uuid": "Qbw2pof0QzSXC1OvK0aFSw", "node.id": "t9hfPgy_RyC9LOJUxQUrSQ"  }
{"type": "server", "timestamp": "2022-03-29T15:02:13,979Z", "level": "WARN", "component": "o.e.c.InternalClusterInfoService", "cluster.name": "tpotcluster", "node.name": "tpotcluster-node-01", "message": "failed to retrieve shard stats from node [t9hfPgy_RyC9LOJUxQUrSQ]: [tpotcluster-node-01][127.0.0.1:9300][indices:monitor/stats[n]] request_id [72] timed out after [18216ms]", "cluster.uuid": "Qbw2pof0QzSXC1OvK0aFSw", "node.id": "t9hfPgy_RyC9LOJUxQUrSQ"  }
{"type": "server", "timestamp": "2022-03-29T15:02:35,324Z", "level": "WARN", "component": "o.e.t.ThreadPool", "cluster.name": "tpotcluster", "node.name": "tpotcluster-node-01", "message": "execution of [ReschedulingRunnable{runnable=org.elasticsearch.monitor.jvm.JvmGcMonitorService$1@23ddf060, interval=1s}] took [6642ms] which is above the warn threshold of [5000ms]", "cluster.uuid": "Qbw2pof0QzSXC1OvK0aFSw", "node.id": "t9hfPgy_RyC9LOJUxQUrSQ"  }
{"type": "server", "timestamp": "2022-03-29T15:02:44,149Z", "level": "WARN", "component": "o.e.t.ThreadPool", "cluster.name": "tpotcluster", "node.name": "tpotcluster-node-01", "message": "execution of [ReschedulingRunnable{runnable=org.elasticsearch.indices.IndexingMemoryController$ShardsIndicesStatusChecker@61ff4c0f, interval=5s}] took [5403ms] which is above the warn threshold of [5000ms]", "cluster.uuid": "Qbw2pof0QzSXC1OvK0aFSw", "node.id": "t9hfPgy_RyC9LOJUxQUrSQ"  }
{"type": "server", "timestamp": "2022-03-29T15:03:05,532Z", "level": "WARN", "component": "o.e.h.AbstractHttpServerTransport", "cluster.name": "tpotcluster", "node.name": "tpotcluster-node-01", "message": "handling request [null][POST][/_bulk][Netty4HttpChannel{localAddress=/192.168.48.2:9200, remoteAddress=/192.168.48.5:43370}] took [249613ms] which is above the warn threshold of [5000ms]", "cluster.uuid": "Qbw2pof0QzSXC1OvK0aFSw", "node.id": "t9hfPgy_RyC9LOJUxQUrSQ"  }
{"type": "server", "timestamp": "2022-03-29T15:03:11,030Z", "level": "WARN", "component": "o.e.t.ThreadPool", "cluster.name": "tpotcluster", "node.name": "tpotcluster-node-01", "message": "execution of [org.elasticsearch.cluster.InternalClusterInfoService$RefreshScheduler$$Lambda$5109/0x00000008017ea020@20e36ae3] took [21649ms] which is above the warn threshold of [5000ms]", "cluster.uuid": "Qbw2pof0QzSXC1OvK0aFSw", "node.id": "t9hfPgy_RyC9LOJUxQUrSQ"  }
{"type": "server", "timestamp": "2022-03-29T15:03:18,337Z", "level": "WARN", "component": "o.e.t.ThreadPool", "cluster.name": "tpotcluster", "node.name": "tpotcluster-node-01", "message": "timer thread slept for [5.9s/5985ms] on absolute clock which is above the warn threshold of [5000ms]", "cluster.uuid": "Qbw2pof0QzSXC1OvK0aFSw", "node.id": "t9hfPgy_RyC9LOJUxQUrSQ"  }
{"type": "server", "timestamp": "2022-03-29T15:03:20,728Z", "level": "WARN", "component": "o.e.t.ThreadPool", "cluster.name": "tpotcluster", "node.name": "tpotcluster-node-01", "message": "timer thread slept for [5.9s/5984373037ns] on relative clock which is above the warn threshold of [5000ms]", "cluster.uuid": "Qbw2pof0QzSXC1OvK0aFSw", "node.id": "t9hfPgy_RyC9LOJUxQUrSQ"  }
{"type": "server", "timestamp": "2022-03-29T15:03:22,576Z", "level": "WARN", "component": "o.e.c.InternalClusterInfoService", "cluster.name": "tpotcluster", "node.name": "tpotcluster-node-01", "message": "failed to retrieve stats for node [t9hfPgy_RyC9LOJUxQUrSQ]: [tpotcluster-node-01][127.0.0.1:9300][cluster:monitor/nodes/stats[n]] request_id [79] timed out after [31604ms]", "cluster.uuid": "Qbw2pof0QzSXC1OvK0aFSw", "node.id": "t9hfPgy_RyC9LOJUxQUrSQ"  }
{"type": "server", "timestamp": "2022-03-29T15:03:25,495Z", "level": "WARN", "component": "o.e.t.TransportService", "cluster.name": "tpotcluster", "node.name": "tpotcluster-node-01", "message": "Received response for a request that has timed out, sent [1.5m/92898ms] ago, timed out [1.2m/77084ms] ago, action [cluster:monitor/nodes/stats[n]], node [{tpotcluster-node-01}{t9hfPgy_RyC9LOJUxQUrSQ}{tML8VwhRRTuK70x_-QopTQ}{127.0.0.1}{127.0.0.1:9300}{cdfhimrstw}{xpack.installed=true, transform.node=true}], id [71]", "cluster.uuid": "Qbw2pof0QzSXC1OvK0aFSw", "node.id": "t9hfPgy_RyC9LOJUxQUrSQ"  }
{"type": "server", "timestamp": "2022-03-29T15:03:25,495Z", "level": "WARN", "component": "o.e.t.TransportService", "cluster.name": "tpotcluster", "node.name": "tpotcluster-node-01", "message": "Received response for a request that has timed out, sent [1.5m/91097ms] ago, timed out [1.2m/72881ms] ago, action [indices:monitor/stats[n]], node [{tpotcluster-node-01}{t9hfPgy_RyC9LOJUxQUrSQ}{tML8VwhRRTuK70x_-QopTQ}{127.0.0.1}{127.0.0.1:9300}{cdfhimrstw}{xpack.installed=true, transform.node=true}], id [72]", "cluster.uuid": "Qbw2pof0QzSXC1OvK0aFSw", "node.id": "t9hfPgy_RyC9LOJUxQUrSQ"  }
{"type": "server", "timestamp": "2022-03-29T15:03:26,395Z", "level": "WARN", "component": "o.e.c.InternalClusterInfoService", "cluster.name": "tpotcluster", "node.name": "tpotcluster-node-01", "message": "failed to retrieve shard stats from node [t9hfPgy_RyC9LOJUxQUrSQ]: [tpotcluster-node-01][127.0.0.1:9300][indices:monitor/stats[n]] request_id [80] timed out after [15176ms]", "cluster.uuid": "Qbw2pof0QzSXC1OvK0aFSw", "node.id": "t9hfPgy_RyC9LOJUxQUrSQ"  }
{"type": "server", "timestamp": "2022-03-29T15:03:27,693Z", "level": "WARN", "component": "o.e.t.TransportService", "cluster.name": "tpotcluster", "node.name": "tpotcluster-node-01", "message": "Received response for a request that has timed out, sent [16.5s/16580ms] ago, timed out [1.4s/1404ms] ago, action [indices:monitor/stats[n]], node [{tpotcluster-node-01}{t9hfPgy_RyC9LOJUxQUrSQ}{tML8VwhRRTuK70x_-QopTQ}{127.0.0.1}{127.0.0.1:9300}{cdfhimrstw}{xpack.installed=true, transform.node=true}], id [80]", "cluster.uuid": "Qbw2pof0QzSXC1OvK0aFSw", "node.id": "t9hfPgy_RyC9LOJUxQUrSQ"  }
{"type": "server", "timestamp": "2022-03-29T15:03:27,770Z", "level": "WARN", "component": "o.e.t.TransportService", "cluster.name": "tpotcluster", "node.name": "tpotcluster-node-01", "message": "Received response for a request that has timed out, sent [37s/37029ms] ago, timed out [5.4s/5425ms] ago, action [cluster:monitor/nodes/stats[n]], node [{tpotcluster-node-01}{t9hfPgy_RyC9LOJUxQUrSQ}{tML8VwhRRTuK70x_-QopTQ}{127.0.0.1}{127.0.0.1:9300}{cdfhimrstw}{xpack.installed=true, transform.node=true}], id [79]", "cluster.uuid": "Qbw2pof0QzSXC1OvK0aFSw", "node.id": "t9hfPgy_RyC9LOJUxQUrSQ"  }
{"type": "server", "timestamp": "2022-03-29T15:03:44,695Z", "level": "WARN", "component": "o.e.t.ThreadPool", "cluster.name": "tpotcluster", "node.name": "tpotcluster-node-01", "message": "execution of [ReschedulingRunnable{runnable=org.elasticsearch.monitor.jvm.JvmGcMonitorService$1@23ddf060, interval=1s}] took [5006ms] which is above the warn threshold of [5000ms]", "cluster.uuid": "Qbw2pof0QzSXC1OvK0aFSw", "node.id": "t9hfPgy_RyC9LOJUxQUrSQ"  }
{"type": "server", "timestamp": "2022-03-29T15:04:04,926Z", "level": "WARN", "component": "o.e.h.AbstractHttpServerTransport", "cluster.name": "tpotcluster", "node.name": "tpotcluster-node-01", "message": "handling request [null][GET][/][Netty4HttpChannel{localAddress=/192.168.48.2:9200, remoteAddress=/192.168.48.5:43412}] took [6505ms] which is above the warn threshold of [5000ms]", "cluster.uuid": "Qbw2pof0QzSXC1OvK0aFSw", "node.id": "t9hfPgy_RyC9LOJUxQUrSQ"  }
{"type": "server", "timestamp": "2022-03-29T15:04:06,346Z", "level": "WARN", "component": "o.e.t.ThreadPool", "cluster.name": "tpotcluster", "node.name": "tpotcluster-node-01", "message": "execution of [org.elasticsearch.cluster.InternalClusterInfoService$RefreshScheduler$$Lambda$5109/0x00000008017ea020@779f4615] took [7905ms] which is above the warn threshold of [5000ms]", "cluster.uuid": "Qbw2pof0QzSXC1OvK0aFSw", "node.id": "t9hfPgy_RyC9LOJUxQUrSQ"  }
{"type": "server", "timestamp": "2022-03-29T15:04:08,898Z", "level": "WARN", "component": "o.e.c.s.ClusterApplierService", "cluster.name": "tpotcluster", "node.name": "tpotcluster-node-01", "message": "cluster state applier task [Publication{term=152, version=4344}] took [6.5m] which is above the warn threshold of [30s]: [running task [Publication{term=152, version=4344}]] took [0ms], [connecting to new nodes] took [1ms], [applying settings] took [0ms], [org.elasticsearch.repositories.RepositoriesService@2cebe063] took [0ms], [org.elasticsearch.indices.cluster.IndicesClusterStateService@4b8fb07d] took [1531ms], [org.elasticsearch.script.ScriptService@2b94fbe3] took [0ms], [org.elasticsearch.xpack.ilm.IndexLifecycleService@5cf4959] took [0ms], [org.elasticsearch.snapshots.RestoreService@7654597b] took [0ms], [org.elasticsearch.ingest.IngestService@406e0394] took [0ms], [org.elasticsearch.action.ingest.IngestActionForwarder@4ca9a399] took [15ms], [org.elasticsearch.action.admin.cluster.repositories.cleanup.TransportCleanupRepositoryAction$$Lambda$4526/0x00000008016d0000@3353bed4] took [0ms], [org.elasticsearch.indices.TimestampFieldMapperService@6718b644] took [0ms], [org.elasticsearch.tasks.TaskManager@575a6b90] took [0ms], [org.elasticsearch.snapshots.SnapshotsService@566ebf89] took [0ms], [org.elasticsearch.cluster.InternalClusterInfoService@6527cc74] took [0ms], [org.elasticsearch.snapshots.InternalSnapshotsInfoService@7e7a688d] took [0ms], [org.elasticsearch.indices.SystemIndexManager@6d3a0c20] took [3ms], [org.elasticsearch.xpack.shutdown.NodeSeenService@19c70829] took [0ms], [org.elasticsearch.xpack.autoscaling.capacity.memory.AutoscalingMemoryInfoService$$Lambda$3179/0x0000000801306e58@52216045] took [2ms], [org.elasticsearch.xpack.ccr.action.ShardFollowTaskCleaner@4c72b24e] took [2ms], [org.elasticsearch.xpack.enrich.EnrichPolicyMaintenanceService@67d7825c] took [0ms], [org.elasticsearch.xpack.transform.notifications.TransformAuditor$$Lambda$3197/0x0000000801402000@34f76d9c] took [0ms], [org.elasticsearch.xpack.transform.TransformClusterStateListener@311aad45] took [1ms], [org.elasticsearch.xpack.stack.StackTemplateRegistry@7e1bf833] took [73ms], [org.elasticsearch.xpack.searchablesnapshots.cache.blob.BlobStoreCacheMaintenanceService@1efcde33] took [0ms], [org.elasticsearch.xpack.searchablesnapshots.SearchableSnapshots$RepositoryUuidWatcher@57f3d4e0] took [0ms], [org.elasticsearch.xpack.watcher.support.WatcherIndexTemplateRegistry@2f86856b] took [31ms], [org.elasticsearch.xpack.watcher.WatcherLifeCycleService@59d33cf5] took [40ms], [org.elasticsearch.xpack.watcher.WatcherIndexingListener@6c6ddcdd] took [0ms], [org.elasticsearch.xpack.ilm.history.ILMHistoryTemplateRegistry@25704164] took [153ms], [org.elasticsearch.xpack.ilm.IndexLifecycleService@5cf4959] took [12ms], [org.elasticsearch.xpack.core.slm.history.SnapshotLifecycleTemplateRegistry@3e46257c] took [932ms], [org.elasticsearch.xpack.slm.SnapshotLifecycleService@7e3282d5] took [0ms], [org.elasticsearch.xpack.slm.SnapshotRetentionService@540584ad] took [0ms], [org.elasticsearch.xpack.deprecation.logging.DeprecationIndexingTemplateRegistry@50714b4f] took [235ms], [org.elasticsearch.xpack.fleet.FleetTemplateRegistry@1b5c2631] took [27ms], [org.elasticsearch.cluster.metadata.SystemIndexMetadataUpgradeService@6040c70f] took [0ms], [org.elasticsearch.cluster.metadata.TemplateUpgradeService@625327d0] took [6ms], [org.elasticsearch.node.ResponseCollectorService@18c4f805] took [0ms], [org.elasticsearch.snapshots.SnapshotShardsService@3028b236] took [0ms], [org.elasticsearch.persistent.PersistentTasksClusterService@56366383] took [0ms], [org.elasticsearch.shutdown.PluginShutdownService@2d20b332] took [0ms], [org.elasticsearch.cluster.routing.DelayedAllocationService@1e79d2af] took [15ms], [org.elasticsearch.indices.store.IndicesStore@324c4276] took [0ms], [org.elasticsearch.persistent.PersistentTasksNodeService@78018046] took [0ms], [org.elasticsearch.license.LicenseService@8dff27c] took [0ms], [org.elasticsearch.xpack.ccr.action.AutoFollowCoordinator@86c03fa] took [0ms], [org.elasticsearch.xpack.core.async.AsyncTaskMaintenanceService@1db70b5e] took [387025ms], [org.elasticsearch.gateway.GatewayService@6b8ce10d] took [0ms], [org.elasticsearch.indices.recovery.PeerRecoverySourceService@140bff1d] took [0ms]", "cluster.uuid": "Qbw2pof0QzSXC1OvK0aFSw", "node.id": "t9hfPgy_RyC9LOJUxQUrSQ"  }
{"type": "server", "timestamp": "2022-03-29T15:04:10,836Z", "level": "ERROR", "component": "o.e.i.g.GeoIpDownloader", "cluster.name": "tpotcluster", "node.name": "tpotcluster-node-01", "message": "exception during geoip databases update", "cluster.uuid": "Qbw2pof0QzSXC1OvK0aFSw", "node.id": "t9hfPgy_RyC9LOJUxQUrSQ" , 
"stacktrace": ["java.net.SocketException: Broken pipe",
"at sun.nio.ch.NioSocketImpl.implWrite(NioSocketImpl.java:420) ~[?:?]",
"at sun.nio.ch.NioSocketImpl.write(NioSocketImpl.java:440) ~[?:?]",
"at sun.nio.ch.NioSocketImpl$2.write(NioSocketImpl.java:826) ~[?:?]",
"at java.net.Socket$SocketOutputStream.write(Socket.java:1045) ~[?:?]",
"at sun.security.ssl.SSLSocketOutputRecord.encodeChangeCipherSpec(SSLSocketOutputRecord.java:233) ~[?:?]",
"at sun.security.ssl.OutputRecord.changeWriteCiphers(OutputRecord.java:182) ~[?:?]",
"at sun.security.ssl.ChangeCipherSpec$T10ChangeCipherSpecProducer.produce(ChangeCipherSpec.java:118) ~[?:?]",
"at sun.security.ssl.Finished$T12FinishedProducer.onProduceFinished(Finished.java:395) ~[?:?]",
"at sun.security.ssl.Finished$T12FinishedProducer.produce(Finished.java:379) ~[?:?]",
"at sun.security.ssl.SSLHandshake.produce(SSLHandshake.java:440) ~[?:?]",
"at sun.security.ssl.ServerHelloDone$ServerHelloDoneConsumer.consume(ServerHelloDone.java:182) ~[?:?]",
"at sun.security.ssl.SSLHandshake.consume(SSLHandshake.java:396) ~[?:?]",
"at sun.security.ssl.HandshakeContext.dispatch(HandshakeContext.java:480) ~[?:?]",
"at sun.security.ssl.HandshakeContext.dispatch(HandshakeContext.java:458) ~[?:?]",
"at sun.security.ssl.TransportContext.dispatch(TransportContext.java:199) ~[?:?]",
"at sun.security.ssl.SSLTransport.decode(SSLTransport.java:172) ~[?:?]",
"at sun.security.ssl.SSLSocketImpl.decode(SSLSocketImpl.java:1506) ~[?:?]",
"at sun.security.ssl.SSLSocketImpl.readHandshakeRecord(SSLSocketImpl.java:1416) ~[?:?]",
"at sun.security.ssl.SSLSocketImpl.startHandshake(SSLSocketImpl.java:451) ~[?:?]",
"at sun.security.ssl.SSLSocketImpl.startHandshake(SSLSocketImpl.java:422) ~[?:?]",
"at sun.net.www.protocol.https.HttpsClient.afterConnect(HttpsClient.java:574) ~[?:?]",
"at sun.net.www.protocol.https.AbstractDelegateHttpsURLConnection.connect(AbstractDelegateHttpsURLConnection.java:183) ~[?:?]",
"at sun.net.www.protocol.http.HttpURLConnection.getInputStream0(HttpURLConnection.java:1653) ~[?:?]",
"at sun.net.www.protocol.http.HttpURLConnection.getInputStream(HttpURLConnection.java:1577) ~[?:?]",
"at java.net.HttpURLConnection.getResponseCode(HttpURLConnection.java:527) ~[?:?]",
"at sun.net.www.protocol.https.HttpsURLConnectionImpl.getResponseCode(HttpsURLConnectionImpl.java:308) ~[?:?]",
"at org.elasticsearch.ingest.geoip.HttpClient.lambda$get$0(HttpClient.java:55) ~[ingest-geoip-7.17.0.jar:7.17.0]",
"at java.security.AccessController.doPrivileged(AccessController.java:554) ~[?:?]",
"at org.elasticsearch.ingest.geoip.HttpClient.doPrivileged(HttpClient.java:97) ~[ingest-geoip-7.17.0.jar:7.17.0]",
"at org.elasticsearch.ingest.geoip.HttpClient.get(HttpClient.java:49) ~[ingest-geoip-7.17.0.jar:7.17.0]",
"at org.elasticsearch.ingest.geoip.HttpClient.getBytes(HttpClient.java:40) ~[ingest-geoip-7.17.0.jar:7.17.0]",
"at org.elasticsearch.ingest.geoip.GeoIpDownloader.fetchDatabasesOverview(GeoIpDownloader.java:135) ~[ingest-geoip-7.17.0.jar:7.17.0]",
"at org.elasticsearch.ingest.geoip.GeoIpDownloader.updateDatabases(GeoIpDownloader.java:123) ~[ingest-geoip-7.17.0.jar:7.17.0]",
"at org.elasticsearch.ingest.geoip.GeoIpDownloader.runDownloader(GeoIpDownloader.java:260) [ingest-geoip-7.17.0.jar:7.17.0]",
"at org.elasticsearch.ingest.geoip.GeoIpDownloaderTaskExecutor.nodeOperation(GeoIpDownloaderTaskExecutor.java:97) [ingest-geoip-7.17.0.jar:7.17.0]",
"at org.elasticsearch.ingest.geoip.GeoIpDownloaderTaskExecutor.nodeOperation(GeoIpDownloaderTaskExecutor.java:43) [ingest-geoip-7.17.0.jar:7.17.0]",
"at org.elasticsearch.persistent.NodePersistentTasksExecutor$1.doRun(NodePersistentTasksExecutor.java:42) [elasticsearch-7.17.0.jar:7.17.0]",
"at org.elasticsearch.common.util.concurrent.ThreadContext$ContextPreservingAbstractRunnable.doRun(ThreadContext.java:777) [elasticsearch-7.17.0.jar:7.17.0]",
"at org.elasticsearch.common.util.concurrent.AbstractRunnable.run(AbstractRunnable.java:26) [elasticsearch-7.17.0.jar:7.17.0]",
"at java.util.concurrent.ThreadPoolExecutor.runWorker(ThreadPoolExecutor.java:1130) [?:?]",
"at java.util.concurrent.ThreadPoolExecutor$Worker.run(ThreadPoolExecutor.java:630) [?:?]",
"at java.lang.Thread.run(Thread.java:831) [?:?]"] }
{"type": "server", "timestamp": "2022-03-29T15:04:20,561Z", "level": "INFO", "component": "o.e.m.j.JvmGcMonitorService", "cluster.name": "tpotcluster", "node.name": "tpotcluster-node-01", "message": "[gc][67] overhead, spent [326ms] collecting in the last [1.1s]", "cluster.uuid": "Qbw2pof0QzSXC1OvK0aFSw", "node.id": "t9hfPgy_RyC9LOJUxQUrSQ"  }
{"type": "server", "timestamp": "2022-03-29T15:04:21,408Z", "level": "INFO", "component": "o.e.i.g.DatabaseNodeService", "cluster.name": "tpotcluster", "node.name": "tpotcluster-node-01", "message": "downloading geoip database [GeoLite2-Country.mmdb] to [/tmp/geoip-databases/t9hfPgy_RyC9LOJUxQUrSQ/GeoLite2-Country.mmdb.tmp.gz]", "cluster.uuid": "Qbw2pof0QzSXC1OvK0aFSw", "node.id": "t9hfPgy_RyC9LOJUxQUrSQ"  }
{"type": "server", "timestamp": "2022-03-29T15:04:21,791Z", "level": "INFO", "component": "o.e.i.g.DatabaseNodeService", "cluster.name": "tpotcluster", "node.name": "tpotcluster-node-01", "message": "downloading geoip database [GeoLite2-ASN.mmdb] to [/tmp/geoip-databases/t9hfPgy_RyC9LOJUxQUrSQ/GeoLite2-ASN.mmdb.tmp.gz]", "cluster.uuid": "Qbw2pof0QzSXC1OvK0aFSw", "node.id": "t9hfPgy_RyC9LOJUxQUrSQ"  }
{"type": "server", "timestamp": "2022-03-29T15:04:21,856Z", "level": "INFO", "component": "o.e.i.g.DatabaseNodeService", "cluster.name": "tpotcluster", "node.name": "tpotcluster-node-01", "message": "downloading geoip database [GeoLite2-City.mmdb] to [/tmp/geoip-databases/t9hfPgy_RyC9LOJUxQUrSQ/GeoLite2-City.mmdb.tmp.gz]", "cluster.uuid": "Qbw2pof0QzSXC1OvK0aFSw", "node.id": "t9hfPgy_RyC9LOJUxQUrSQ"  }
{"type": "server", "timestamp": "2022-03-29T15:04:26,311Z", "level": "INFO", "component": "o.e.m.j.JvmGcMonitorService", "cluster.name": "tpotcluster", "node.name": "tpotcluster-node-01", "message": "[gc][young][71][14] duration [706ms], collections [1]/[2.1s], total [706ms]/[2.7s], memory [130.2mb]->[94.3mb]/[2gb], all_pools {[young] [48mb]->[0b]/[0b]}{[old] [77.3mb]->[82.3mb]/[2gb]}{[survivor] [8.8mb]->[12mb]/[0b]}", "cluster.uuid": "Qbw2pof0QzSXC1OvK0aFSw", "node.id": "t9hfPgy_RyC9LOJUxQUrSQ"  }
{"type": "server", "timestamp": "2022-03-29T15:04:26,414Z", "level": "INFO", "component": "o.e.m.j.JvmGcMonitorService", "cluster.name": "tpotcluster", "node.name": "tpotcluster-node-01", "message": "[gc][71] overhead, spent [706ms] collecting in the last [2.1s]", "cluster.uuid": "Qbw2pof0QzSXC1OvK0aFSw", "node.id": "t9hfPgy_RyC9LOJUxQUrSQ"  }
{"type": "server", "timestamp": "2022-03-29T15:04:33,430Z", "level": "WARN", "component": "o.e.m.j.JvmGcMonitorService", "cluster.name": "tpotcluster", "node.name": "tpotcluster-node-01", "message": "[gc][young][73][15] duration [2.3s], collections [1]/[4.7s], total [2.3s]/[5s], memory [146.3mb]->[105.8mb]/[2gb], all_pools {[young] [52mb]->[8mb]/[0b]}{[old] [82.3mb]->[92.8mb]/[2gb]}{[survivor] [12mb]->[8.9mb]/[0b]}", "cluster.uuid": "Qbw2pof0QzSXC1OvK0aFSw", "node.id": "t9hfPgy_RyC9LOJUxQUrSQ"  }
{"type": "server", "timestamp": "2022-03-29T15:04:33,974Z", "level": "INFO", "component": "o.e.m.j.JvmGcMonitorService", "cluster.name": "tpotcluster", "node.name": "tpotcluster-node-01", "message": "[gc][73] overhead, spent [2.3s] collecting in the last [4.7s]", "cluster.uuid": "Qbw2pof0QzSXC1OvK0aFSw", "node.id": "t9hfPgy_RyC9LOJUxQUrSQ"  }
{"type": "server", "timestamp": "2022-03-29T15:04:42,157Z", "level": "INFO", "component": "o.e.i.g.DatabaseNodeService", "cluster.name": "tpotcluster", "node.name": "tpotcluster-node-01", "message": "successfully reloaded changed geoip database file [/tmp/geoip-databases/t9hfPgy_RyC9LOJUxQUrSQ/GeoLite2-Country.mmdb]", "cluster.uuid": "Qbw2pof0QzSXC1OvK0aFSw", "node.id": "t9hfPgy_RyC9LOJUxQUrSQ"  }
{"type": "server", "timestamp": "2022-03-29T15:04:42,156Z", "level": "INFO", "component": "o.e.i.g.DatabaseNodeService", "cluster.name": "tpotcluster", "node.name": "tpotcluster-node-01", "message": "successfully reloaded changed geoip database file [/tmp/geoip-databases/t9hfPgy_RyC9LOJUxQUrSQ/GeoLite2-ASN.mmdb]", "cluster.uuid": "Qbw2pof0QzSXC1OvK0aFSw", "node.id": "t9hfPgy_RyC9LOJUxQUrSQ"  }
{"type": "server", "timestamp": "2022-03-29T15:04:49,005Z", "level": "WARN", "component": "o.e.m.j.JvmGcMonitorService", "cluster.name": "tpotcluster", "node.name": "tpotcluster-node-01", "message": "[gc][young][79][16] duration [2.2s], collections [1]/[6.9s], total [2.2s]/[7.3s], memory [181.8mb]->[104.2mb]/[2gb], all_pools {[young] [80mb]->[0b]/[0b]}{[old] [92.8mb]->[92.8mb]/[2gb]}{[survivor] [8.9mb]->[11.3mb]/[0b]}", "cluster.uuid": "Qbw2pof0QzSXC1OvK0aFSw", "node.id": "t9hfPgy_RyC9LOJUxQUrSQ"  }
{"type": "server", "timestamp": "2022-03-29T15:04:49,262Z", "level": "INFO", "component": "o.e.m.j.JvmGcMonitorService", "cluster.name": "tpotcluster", "node.name": "tpotcluster-node-01", "message": "[gc][79] overhead, spent [2.2s] collecting in the last [6.9s]", "cluster.uuid": "Qbw2pof0QzSXC1OvK0aFSw", "node.id": "t9hfPgy_RyC9LOJUxQUrSQ"  }
{"type": "server", "timestamp": "2022-03-29T15:04:49,915Z", "level": "INFO", "component": "o.e.c.c.C.CoordinatorPublication", "cluster.name": "tpotcluster", "node.name": "tpotcluster-node-01", "message": "after [10s] publication of cluster state version [4352] is still waiting for {tpotcluster-node-01}{t9hfPgy_RyC9LOJUxQUrSQ}{tML8VwhRRTuK70x_-QopTQ}{127.0.0.1}{127.0.0.1:9300}{cdfhimrstw}{xpack.installed=true, transform.node=true} [SENT_APPLY_COMMIT]", "cluster.uuid": "Qbw2pof0QzSXC1OvK0aFSw", "node.id": "t9hfPgy_RyC9LOJUxQUrSQ"  }
{"type": "server", "timestamp": "2022-03-29T15:04:59,001Z", "level": "WARN", "component": "o.e.m.j.JvmGcMonitorService", "cluster.name": "tpotcluster", "node.name": "tpotcluster-node-01", "message": "[gc][young][84][17] duration [2s], collections [1]/[4.2s], total [2s]/[9.3s], memory [156.2mb]->[108.5mb]/[2gb], all_pools {[young] [52mb]->[0b]/[0b]}{[old] [92.8mb]->[98.5mb]/[2gb]}{[survivor] [11.3mb]->[10mb]/[0b]}", "cluster.uuid": "Qbw2pof0QzSXC1OvK0aFSw", "node.id": "t9hfPgy_RyC9LOJUxQUrSQ"  }
{"type": "server", "timestamp": "2022-03-29T15:04:59,503Z", "level": "INFO", "component": "o.e.m.j.JvmGcMonitorService", "cluster.name": "tpotcluster", "node.name": "tpotcluster-node-01", "message": "[gc][84] overhead, spent [2s] collecting in the last [4.2s]", "cluster.uuid": "Qbw2pof0QzSXC1OvK0aFSw", "node.id": "t9hfPgy_RyC9LOJUxQUrSQ"  }
{"type": "server", "timestamp": "2022-03-29T15:05:05,138Z", "level": "INFO", "component": "o.e.m.j.JvmGcMonitorService", "cluster.name": "tpotcluster", "node.name": "tpotcluster-node-01", "message": "[gc][88] overhead, spent [673ms] collecting in the last [1.7s]", "cluster.uuid": "Qbw2pof0QzSXC1OvK0aFSw", "node.id": "t9hfPgy_RyC9LOJUxQUrSQ"  }
{"type": "server", "timestamp": "2022-03-29T15:05:07,446Z", "level": "WARN", "component": "o.e.h.AbstractHttpServerTransport", "cluster.name": "tpotcluster", "node.name": "tpotcluster-node-01", "message": "handling request [null][GET][/_cat/health][Netty4HttpChannel{localAddress=/127.0.0.1:9200, remoteAddress=/127.0.0.1:57476}] took [18271ms] which is above the warn threshold of [5000ms]", "cluster.uuid": "Qbw2pof0QzSXC1OvK0aFSw", "node.id": "t9hfPgy_RyC9LOJUxQUrSQ"  }
{"type": "server", "timestamp": "2022-03-29T15:05:10,647Z", "level": "INFO", "component": "o.e.m.j.JvmGcMonitorService", "cluster.name": "tpotcluster", "node.name": "tpotcluster-node-01", "message": "[gc][92] overhead, spent [375ms] collecting in the last [1.4s]", "cluster.uuid": "Qbw2pof0QzSXC1OvK0aFSw", "node.id": "t9hfPgy_RyC9LOJUxQUrSQ"  }
{"type": "server", "timestamp": "2022-03-29T15:05:13,072Z", "level": "INFO", "component": "o.e.i.g.DatabaseNodeService", "cluster.name": "tpotcluster", "node.name": "tpotcluster-node-01", "message": "successfully reloaded changed geoip database file [/tmp/geoip-databases/t9hfPgy_RyC9LOJUxQUrSQ/GeoLite2-City.mmdb]", "cluster.uuid": "Qbw2pof0QzSXC1OvK0aFSw", "node.id": "t9hfPgy_RyC9LOJUxQUrSQ"  }
{"type": "server", "timestamp": "2022-03-29T15:05:17,178Z", "level": "INFO", "component": "o.e.m.j.JvmGcMonitorService", "cluster.name": "tpotcluster", "node.name": "tpotcluster-node-01", "message": "[gc][young][96][20] duration [727ms], collections [1]/[2.1s], total [727ms]/[11.1s], memory [185.3mb]->[118.6mb]/[2gb], all_pools {[young] [76mb]->[4mb]/[0b]}{[old] [103.9mb]->[106.6mb]/[2gb]}{[survivor] [9.3mb]->[12mb]/[0b]}", "cluster.uuid": "Qbw2pof0QzSXC1OvK0aFSw", "node.id": "t9hfPgy_RyC9LOJUxQUrSQ"  }
{"type": "server", "timestamp": "2022-03-29T15:05:17,354Z", "level": "INFO", "component": "o.e.m.j.JvmGcMonitorService", "cluster.name": "tpotcluster", "node.name": "tpotcluster-node-01", "message": "[gc][96] overhead, spent [727ms] collecting in the last [2.1s]", "cluster.uuid": "Qbw2pof0QzSXC1OvK0aFSw", "node.id": "t9hfPgy_RyC9LOJUxQUrSQ"  }
{"type": "server", "timestamp": "2022-03-29T15:05:19,964Z", "level": "INFO", "component": "o.e.m.j.JvmGcMonitorService", "cluster.name": "tpotcluster", "node.name": "tpotcluster-node-01", "message": "[gc][98] overhead, spent [649ms] collecting in the last [1.3s]", "cluster.uuid": "Qbw2pof0QzSXC1OvK0aFSw", "node.id": "t9hfPgy_RyC9LOJUxQUrSQ"  }
{"type": "server", "timestamp": "2022-03-29T15:05:22,951Z", "level": "INFO", "component": "o.e.m.j.JvmGcMonitorService", "cluster.name": "tpotcluster", "node.name": "tpotcluster-node-01", "message": "[gc][100] overhead, spent [475ms] collecting in the last [1.8s]", "cluster.uuid": "Qbw2pof0QzSXC1OvK0aFSw", "node.id": "t9hfPgy_RyC9LOJUxQUrSQ"  }
{"type": "server", "timestamp": "2022-03-29T15:05:25,487Z", "level": "INFO", "component": "o.e.m.j.JvmGcMonitorService", "cluster.name": "tpotcluster", "node.name": "tpotcluster-node-01", "message": "[gc][102] overhead, spent [390ms] collecting in the last [1.1s]", "cluster.uuid": "Qbw2pof0QzSXC1OvK0aFSw", "node.id": "t9hfPgy_RyC9LOJUxQUrSQ"  }
{"type": "server", "timestamp": "2022-03-29T15:05:31,735Z", "level": "INFO", "component": "o.e.m.j.JvmGcMonitorService", "cluster.name": "tpotcluster", "node.name": "tpotcluster-node-01", "message": "[gc][107] overhead, spent [460ms] collecting in the last [1.2s]", "cluster.uuid": "Qbw2pof0QzSXC1OvK0aFSw", "node.id": "t9hfPgy_RyC9LOJUxQUrSQ"  }
{"type": "server", "timestamp": "2022-03-29T15:05:37,171Z", "level": "WARN", "component": "o.e.m.j.JvmGcMonitorService", "cluster.name": "tpotcluster", "node.name": "tpotcluster-node-01", "message": "[gc][young][109][27] duration [2.4s], collections [1]/[3.6s], total [2.4s]/[16s], memory [218.8mb]->[147.6mb]/[2gb], all_pools {[young] [80mb]->[0b]/[0b]}{[old] [134.8mb]->[134.8mb]/[2gb]}{[survivor] [8mb]->[12.7mb]/[0b]}", "cluster.uuid": "Qbw2pof0QzSXC1OvK0aFSw", "node.id": "t9hfPgy_RyC9LOJUxQUrSQ"  }
{"type": "server", "timestamp": "2022-03-29T15:05:37,445Z", "level": "WARN", "component": "o.e.m.j.JvmGcMonitorService", "cluster.name": "tpotcluster", "node.name": "tpotcluster-node-01", "message": "[gc][109] overhead, spent [2.4s] collecting in the last [3.6s]", "cluster.uuid": "Qbw2pof0QzSXC1OvK0aFSw", "node.id": "t9hfPgy_RyC9LOJUxQUrSQ"  }
{"type": "server", "timestamp": "2022-03-29T15:05:40,389Z", "level": "INFO", "component": "o.e.m.j.JvmGcMonitorService", "cluster.name": "tpotcluster", "node.name": "tpotcluster-node-01", "message": "[gc][111] overhead, spent [549ms] collecting in the last [1.4s]", "cluster.uuid": "Qbw2pof0QzSXC1OvK0aFSw", "node.id": "t9hfPgy_RyC9LOJUxQUrSQ"  }
{"type": "server", "timestamp": "2022-03-29T15:05:43,629Z", "level": "INFO", "component": "o.e.m.j.JvmGcMonitorService", "cluster.name": "tpotcluster", "node.name": "tpotcluster-node-01", "message": "[gc][113] overhead, spent [481ms] collecting in the last [1.6s]", "cluster.uuid": "Qbw2pof0QzSXC1OvK0aFSw", "node.id": "t9hfPgy_RyC9LOJUxQUrSQ"  }
{"type": "server", "timestamp": "2022-03-29T15:05:57,309Z", "level": "WARN", "component": "o.e.t.ThreadPool", "cluster.name": "tpotcluster", "node.name": "tpotcluster-node-01", "message": "timer thread slept for [8.5s/8508ms] on absolute clock which is above the warn threshold of [5000ms]", "cluster.uuid": "Qbw2pof0QzSXC1OvK0aFSw", "node.id": "t9hfPgy_RyC9LOJUxQUrSQ"  }
{"type": "server", "timestamp": "2022-03-29T15:05:57,601Z", "level": "WARN", "component": "o.e.m.j.JvmGcMonitorService", "cluster.name": "tpotcluster", "node.name": "tpotcluster-node-01", "message": "[gc][young][117][30] duration [7.4s], collections [1]/[9.4s], total [7.4s]/[24.5s], memory [222.1mb]->[160.6mb]/[2gb], all_pools {[young] [64mb]->[0b]/[0b]}{[old] [146.5mb]->[153.4mb]/[2gb]}{[survivor] [11.5mb]->[7.2mb]/[0b]}", "cluster.uuid": "Qbw2pof0QzSXC1OvK0aFSw", "node.id": "t9hfPgy_RyC9LOJUxQUrSQ"  }
{"type": "server", "timestamp": "2022-03-29T15:05:58,404Z", "level": "WARN", "component": "o.e.t.ThreadPool", "cluster.name": "tpotcluster", "node.name": "tpotcluster-node-01", "message": "timer thread slept for [8.5s/8507996056ns] on relative clock which is above the warn threshold of [5000ms]", "cluster.uuid": "Qbw2pof0QzSXC1OvK0aFSw", "node.id": "t9hfPgy_RyC9LOJUxQUrSQ"  }
{"type": "server", "timestamp": "2022-03-29T15:05:58,404Z", "level": "WARN", "component": "o.e.m.j.JvmGcMonitorService", "cluster.name": "tpotcluster", "node.name": "tpotcluster-node-01", "message": "[gc][117] overhead, spent [7.4s] collecting in the last [9.4s]", "cluster.uuid": "Qbw2pof0QzSXC1OvK0aFSw", "node.id": "t9hfPgy_RyC9LOJUxQUrSQ"  }
{"type": "server", "timestamp": "2022-03-29T15:06:04,074Z", "level": "INFO", "component": "o.e.m.j.JvmGcMonitorService", "cluster.name": "tpotcluster", "node.name": "tpotcluster-node-01", "message": "[gc][120] overhead, spent [462ms] collecting in the last [1.3s]", "cluster.uuid": "Qbw2pof0QzSXC1OvK0aFSw", "node.id": "t9hfPgy_RyC9LOJUxQUrSQ"  }
{"type": "server", "timestamp": "2022-03-29T15:06:10,553Z", "level": "WARN", "component": "o.e.m.j.JvmGcMonitorService", "cluster.name": "tpotcluster", "node.name": "tpotcluster-node-01", "message": "[gc][young][123][32] duration [1.4s], collections [1]/[2.9s], total [1.4s]/[26.5s], memory [219.8mb]->[173.2mb]/[2gb], all_pools {[young] [52mb]->[0b]/[0b]}{[old] [153.4mb]->[159.9mb]/[2gb]}{[survivor] [14.4mb]->[13.2mb]/[0b]}", "cluster.uuid": "Qbw2pof0QzSXC1OvK0aFSw", "node.id": "t9hfPgy_RyC9LOJUxQUrSQ"  }
{"type": "server", "timestamp": "2022-03-29T15:06:10,765Z", "level": "WARN", "component": "o.e.m.j.JvmGcMonitorService", "cluster.name": "tpotcluster", "node.name": "tpotcluster-node-01", "message": "[gc][123] overhead, spent [1.4s] collecting in the last [2.9s]", "cluster.uuid": "Qbw2pof0QzSXC1OvK0aFSw", "node.id": "t9hfPgy_RyC9LOJUxQUrSQ"  }
{"type": "server", "timestamp": "2022-03-29T15:06:15,059Z", "level": "WARN", "component": "o.e.m.j.JvmGcMonitorService", "cluster.name": "tpotcluster", "node.name": "tpotcluster-node-01", "message": "[gc][young][124][33] duration [1.5s], collections [1]/[1.8s], total [1.5s]/[28s], memory [173.2mb]->[245.2mb]/[2gb], all_pools {[young] [0b]->[80mb]/[0b]}{[old] [159.9mb]->[159.9mb]/[2gb]}{[survivor] [13.2mb]->[13.2mb]/[0b]}", "cluster.uuid": "Qbw2pof0QzSXC1OvK0aFSw", "node.id": "t9hfPgy_RyC9LOJUxQUrSQ"  }
{"type": "server", "timestamp": "2022-03-29T15:06:15,845Z", "level": "WARN", "component": "o.e.m.j.JvmGcMonitorService", "cluster.name": "tpotcluster", "node.name": "tpotcluster-node-01", "message": "[gc][124] overhead, spent [1.5s] collecting in the last [1.8s]", "cluster.uuid": "Qbw2pof0QzSXC1OvK0aFSw", "node.id": "t9hfPgy_RyC9LOJUxQUrSQ"  }
{"type": "server", "timestamp": "2022-03-29T15:06:31,211Z", "level": "WARN", "component": "o.e.m.j.JvmGcMonitorService", "cluster.name": "tpotcluster", "node.name": "tpotcluster-node-01", "message": "[gc][young][133][34] duration [1.8s], collections [1]/[3.1s], total [1.8s]/[29.9s], memory [254.8mb]->[175.5mb]/[2gb], all_pools {[young] [80mb]->[4mb]/[0b]}{[old] [168.4mb]->[168.4mb]/[2gb]}{[survivor] [6.3mb]->[7.1mb]/[0b]}", "cluster.uuid": "Qbw2pof0QzSXC1OvK0aFSw", "node.id": "t9hfPgy_RyC9LOJUxQUrSQ"  }
{"type": "server", "timestamp": "2022-03-29T15:06:31,601Z", "level": "WARN", "component": "o.e.m.j.JvmGcMonitorService", "cluster.name": "tpotcluster", "node.name": "tpotcluster-node-01", "message": "[gc][133] overhead, spent [1.8s] collecting in the last [3.1s]", "cluster.uuid": "Qbw2pof0QzSXC1OvK0aFSw", "node.id": "t9hfPgy_RyC9LOJUxQUrSQ"  }
{"type": "server", "timestamp": "2022-03-29T15:06:52,182Z", "level": "WARN", "component": "o.e.m.j.JvmGcMonitorService", "cluster.name": "tpotcluster", "node.name": "tpotcluster-node-01", "message": "[gc][young][144][35] duration [1.6s], collections [1]/[2.8s], total [1.6s]/[31.5s], memory [259.5mb]->[175.5mb]/[2gb], all_pools {[young] [84mb]->[0b]/[0b]}{[old] [168.4mb]->[168.4mb]/[2gb]}{[survivor] [7.1mb]->[7.1mb]/[0b]}", "cluster.uuid": "Qbw2pof0QzSXC1OvK0aFSw", "node.id": "t9hfPgy_RyC9LOJUxQUrSQ"  }
{"type": "server", "timestamp": "2022-03-29T15:06:52,402Z", "level": "WARN", "component": "o.e.m.j.JvmGcMonitorService", "cluster.name": "tpotcluster", "node.name": "tpotcluster-node-01", "message": "[gc][144] overhead, spent [1.6s] collecting in the last [2.8s]", "cluster.uuid": "Qbw2pof0QzSXC1OvK0aFSw", "node.id": "t9hfPgy_RyC9LOJUxQUrSQ"  }
{"type": "server", "timestamp": "2022-03-29T15:07:01,552Z", "level": "WARN", "component": "o.e.m.j.JvmGcMonitorService", "cluster.name": "tpotcluster", "node.name": "tpotcluster-node-01", "message": "[gc][young][149][36] duration [1.7s], collections [1]/[1.2s], total [1.7s]/[33.2s], memory [235.5mb]->[267.5mb]/[2gb], all_pools {[young] [60mb]->[4mb]/[0b]}{[old] [168.4mb]->[168.4mb]/[2gb]}{[survivor] [7.1mb]->[15mb]/[0b]}", "cluster.uuid": "Qbw2pof0QzSXC1OvK0aFSw", "node.id": "t9hfPgy_RyC9LOJUxQUrSQ"  }
{"type": "server", "timestamp": "2022-03-29T15:07:02,881Z", "level": "WARN", "component": "o.e.m.j.JvmGcMonitorService", "cluster.name": "tpotcluster", "node.name": "tpotcluster-node-01", "message": "[gc][149] overhead, spent [1.7s] collecting in the last [1.2s]", "cluster.uuid": "Qbw2pof0QzSXC1OvK0aFSw", "node.id": "t9hfPgy_RyC9LOJUxQUrSQ"  }
{"type": "server", "timestamp": "2022-03-29T15:07:03,042Z", "level": "WARN", "component": "o.e.t.ThreadPool", "cluster.name": "tpotcluster", "node.name": "tpotcluster-node-01", "message": "execution of [ReschedulingRunnable{runnable=org.elasticsearch.monitor.jvm.JvmGcMonitorService$1@23ddf060, interval=1s}] took [5028ms] which is above the warn threshold of [5000ms]", "cluster.uuid": "Qbw2pof0QzSXC1OvK0aFSw", "node.id": "t9hfPgy_RyC9LOJUxQUrSQ"  }
{"type": "server", "timestamp": "2022-03-29T15:07:07,154Z", "level": "WARN", "component": "o.e.m.j.JvmGcMonitorService", "cluster.name": "tpotcluster", "node.name": "tpotcluster-node-01", "message": "[gc][young][150][37] duration [1.9s], collections [1]/[8.5s], total [1.9s]/[35.2s], memory [267.5mb]->[189mb]/[2gb], all_pools {[young] [4mb]->[40mb]/[0b]}{[old] [168.4mb]->[181.3mb]/[2gb]}{[survivor] [15mb]->[3.7mb]/[0b]}", "cluster.uuid": "Qbw2pof0QzSXC1OvK0aFSw", "node.id": "t9hfPgy_RyC9LOJUxQUrSQ"  }
{"type": "server", "timestamp": "2022-03-29T15:07:11,828Z", "level": "WARN", "component": "o.e.m.j.JvmGcMonitorService", "cluster.name": "tpotcluster", "node.name": "tpotcluster-node-01", "message": "[gc][young][151][38] duration [1.7s], collections [1]/[2.4s], total [1.7s]/[36.9s], memory [189mb]->[189.9mb]/[2gb], all_pools {[young] [40mb]->[0b]/[0b]}{[old] [181.3mb]->[181.3mb]/[2gb]}{[survivor] [3.7mb]->[8.5mb]/[0b]}", "cluster.uuid": "Qbw2pof0QzSXC1OvK0aFSw", "node.id": "t9hfPgy_RyC9LOJUxQUrSQ"  }
{"type": "server", "timestamp": "2022-03-29T15:07:11,993Z", "level": "WARN", "component": "o.e.m.j.JvmGcMonitorService", "cluster.name": "tpotcluster", "node.name": "tpotcluster-node-01", "message": "[gc][151] overhead, spent [1.7s] collecting in the last [2.4s]", "cluster.uuid": "Qbw2pof0QzSXC1OvK0aFSw", "node.id": "t9hfPgy_RyC9LOJUxQUrSQ"  }
{"type": "server", "timestamp": "2022-03-29T15:07:20,233Z", "level": "WARN", "component": "o.e.g.PersistedClusterStateService", "cluster.name": "tpotcluster", "node.name": "tpotcluster-node-01", "message": "writing cluster state took [12956ms] which is above the warn threshold of [10s]; wrote global metadata [false] and metadata for [2] indices and skipped [30] unchanged indices", "cluster.uuid": "Qbw2pof0QzSXC1OvK0aFSw", "node.id": "t9hfPgy_RyC9LOJUxQUrSQ"  }
{"type": "server", "timestamp": "2022-03-29T15:07:20,648Z", "level": "INFO", "component": "o.e.c.c.C.CoordinatorPublication", "cluster.name": "tpotcluster", "node.name": "tpotcluster-node-01", "message": "after [17.2s] publication of cluster state version [4371] is still waiting for {tpotcluster-node-01}{t9hfPgy_RyC9LOJUxQUrSQ}{tML8VwhRRTuK70x_-QopTQ}{127.0.0.1}{127.0.0.1:9300}{cdfhimrstw}{xpack.installed=true, transform.node=true} [SENT_PUBLISH_REQUEST]", "cluster.uuid": "Qbw2pof0QzSXC1OvK0aFSw", "node.id": "t9hfPgy_RyC9LOJUxQUrSQ"  }
{"type": "server", "timestamp": "2022-03-29T15:07:25,971Z", "level": "WARN", "component": "o.e.m.j.JvmGcMonitorService", "cluster.name": "tpotcluster", "node.name": "tpotcluster-node-01", "message": "[gc][young][160][39] duration [1s], collections [1]/[2.3s], total [1s]/[37.9s], memory [269.9mb]->[192.6mb]/[2gb], all_pools {[young] [80mb]->[0b]/[0b]}{[old] [181.3mb]->[183.8mb]/[2gb]}{[survivor] [8.5mb]->[8.7mb]/[0b]}", "cluster.uuid": "Qbw2pof0QzSXC1OvK0aFSw", "node.id": "t9hfPgy_RyC9LOJUxQUrSQ"  }
{"type": "server", "timestamp": "2022-03-29T15:07:26,111Z", "level": "INFO", "component": "o.e.m.j.JvmGcMonitorService", "cluster.name": "tpotcluster", "node.name": "tpotcluster-node-01", "message": "[gc][160] overhead, spent [1s] collecting in the last [2.3s]", "cluster.uuid": "Qbw2pof0QzSXC1OvK0aFSw", "node.id": "t9hfPgy_RyC9LOJUxQUrSQ"  }
{"type": "server", "timestamp": "2022-03-29T15:07:30,010Z", "level": "WARN", "component": "o.e.m.j.JvmGcMonitorService", "cluster.name": "tpotcluster", "node.name": "tpotcluster-node-01", "message": "[gc][young][161][40] duration [1.5s], collections [1]/[3.7s], total [1.5s]/[39.5s], memory [192.6mb]->[193.7mb]/[2gb], all_pools {[young] [0b]->[8mb]/[0b]}{[old] [183.8mb]->[188.2mb]/[2gb]}{[survivor] [8.7mb]->[5.5mb]/[0b]}", "cluster.uuid": "Qbw2pof0QzSXC1OvK0aFSw", "node.id": "t9hfPgy_RyC9LOJUxQUrSQ"  }
{"type": "server", "timestamp": "2022-03-29T15:07:30,099Z", "level": "INFO", "component": "o.e.m.j.JvmGcMonitorService", "cluster.name": "tpotcluster", "node.name": "tpotcluster-node-01", "message": "[gc][161] overhead, spent [1.5s] collecting in the last [3.7s]", "cluster.uuid": "Qbw2pof0QzSXC1OvK0aFSw", "node.id": "t9hfPgy_RyC9LOJUxQUrSQ"  }
{"type": "server", "timestamp": "2022-03-29T15:07:35,102Z", "level": "INFO", "component": "o.e.c.r.a.AllocationService", "cluster.name": "tpotcluster", "node.name": "tpotcluster-node-01", "message": "Cluster health status changed from [RED] to [GREEN] (reason: [shards started [[.ds-.logs-deprecation.elasticsearch-default-2022.03.12-000001][0]]]).", "cluster.uuid": "Qbw2pof0QzSXC1OvK0aFSw", "node.id": "t9hfPgy_RyC9LOJUxQUrSQ"  }
{"type": "server", "timestamp": "2022-03-29T15:07:38,961Z", "level": "WARN", "component": "o.e.m.j.JvmGcMonitorService", "cluster.name": "tpotcluster", "node.name": "tpotcluster-node-01", "message": "[gc][young][166][41] duration [1.3s], collections [1]/[2.7s], total [1.3s]/[40.9s], memory [253.7mb]->[193.8mb]/[2gb], all_pools {[young] [60mb]->[4mb]/[0b]}{[old] [188.2mb]->[188.2mb]/[2gb]}{[survivor] [5.5mb]->[5.6mb]/[0b]}", "cluster.uuid": "Qbw2pof0QzSXC1OvK0aFSw", "node.id": "t9hfPgy_RyC9LOJUxQUrSQ"  }
{"type": "server", "timestamp": "2022-03-29T15:07:39,238Z", "level": "WARN", "component": "o.e.m.j.JvmGcMonitorService", "cluster.name": "tpotcluster", "node.name": "tpotcluster-node-01", "message": "[gc][166] overhead, spent [1.3s] collecting in the last [2.7s]", "cluster.uuid": "Qbw2pof0QzSXC1OvK0aFSw", "node.id": "t9hfPgy_RyC9LOJUxQUrSQ"  }
{"type": "server", "timestamp": "2022-03-29T15:07:46,226Z", "level": "WARN", "component": "o.e.t.ThreadPool", "cluster.name": "tpotcluster", "node.name": "tpotcluster-node-01", "message": "execution of [ReschedulingRunnable{runnable=org.elasticsearch.search.SearchService$Reaper@3491a0fc, interval=1m}] took [5216ms] which is above the warn threshold of [5000ms]", "cluster.uuid": "Qbw2pof0QzSXC1OvK0aFSw", "node.id": "t9hfPgy_RyC9LOJUxQUrSQ"  }
{"type": "server", "timestamp": "2022-03-29T15:07:46,372Z", "level": "WARN", "component": "o.e.t.ThreadPool", "cluster.name": "tpotcluster", "node.name": "tpotcluster-node-01", "message": "timer thread slept for [5.2s/5217ms] on absolute clock which is above the warn threshold of [5000ms]", "cluster.uuid": "Qbw2pof0QzSXC1OvK0aFSw", "node.id": "t9hfPgy_RyC9LOJUxQUrSQ"  }
{"type": "server", "timestamp": "2022-03-29T15:07:46,691Z", "level": "WARN", "component": "o.e.t.ThreadPool", "cluster.name": "tpotcluster", "node.name": "tpotcluster-node-01", "message": "timer thread slept for [5.2s/5216325339ns] on relative clock which is above the warn threshold of [5000ms]", "cluster.uuid": "Qbw2pof0QzSXC1OvK0aFSw", "node.id": "t9hfPgy_RyC9LOJUxQUrSQ"  }
{"type": "server", "timestamp": "2022-03-29T15:07:46,880Z", "level": "WARN", "component": "o.e.m.j.JvmGcMonitorService", "cluster.name": "tpotcluster", "node.name": "tpotcluster-node-01", "message": "[gc][young][168][42] duration [4.1s], collections [1]/[6s], total [4.1s]/[45s], memory [277.8mb]->[194.6mb]/[2gb], all_pools {[young] [84mb]->[0b]/[0b]}{[old] [188.2mb]->[188.2mb]/[2gb]}{[survivor] [5.6mb]->[6.4mb]/[0b]}", "cluster.uuid": "Qbw2pof0QzSXC1OvK0aFSw", "node.id": "t9hfPgy_RyC9LOJUxQUrSQ"  }
{"type": "server", "timestamp": "2022-03-29T15:07:46,927Z", "level": "WARN", "component": "o.e.m.j.JvmGcMonitorService", "cluster.name": "tpotcluster", "node.name": "tpotcluster-node-01", "message": "[gc][168] overhead, spent [4.1s] collecting in the last [6s]", "cluster.uuid": "Qbw2pof0QzSXC1OvK0aFSw", "node.id": "t9hfPgy_RyC9LOJUxQUrSQ"  }
{"type": "server", "timestamp": "2022-03-29T15:08:01,117Z", "level": "WARN", "component": "o.e.t.ThreadPool", "cluster.name": "tpotcluster", "node.name": "tpotcluster-node-01", "message": "timer thread slept for [6.8s/6867ms] on absolute clock which is above the warn threshold of [5000ms]", "cluster.uuid": "Qbw2pof0QzSXC1OvK0aFSw", "node.id": "t9hfPgy_RyC9LOJUxQUrSQ"  }
{"type": "server", "timestamp": "2022-03-29T15:08:01,593Z", "level": "WARN", "component": "o.e.t.ThreadPool", "cluster.name": "tpotcluster", "node.name": "tpotcluster-node-01", "message": "timer thread slept for [6.8s/6866194551ns] on relative clock which is above the warn threshold of [5000ms]", "cluster.uuid": "Qbw2pof0QzSXC1OvK0aFSw", "node.id": "t9hfPgy_RyC9LOJUxQUrSQ"  }
{"type": "server", "timestamp": "2022-03-29T15:08:01,785Z", "level": "WARN", "component": "o.e.m.j.JvmGcMonitorService", "cluster.name": "tpotcluster", "node.name": "tpotcluster-node-01", "message": "[gc][young][171][43] duration [5.5s], collections [1]/[11.4s], total [5.5s]/[50.6s], memory [206.6mb]->[196.7mb]/[2gb], all_pools {[young] [12mb]->[4mb]/[0b]}{[old] [188.2mb]->[188.2mb]/[2gb]}{[survivor] [6.4mb]->[8.5mb]/[0b]}", "cluster.uuid": "Qbw2pof0QzSXC1OvK0aFSw", "node.id": "t9hfPgy_RyC9LOJUxQUrSQ"  }
{"type": "server", "timestamp": "2022-03-29T15:08:01,786Z", "level": "INFO", "component": "o.e.m.j.JvmGcMonitorService", "cluster.name": "tpotcluster", "node.name": "tpotcluster-node-01", "message": "[gc][171] overhead, spent [5.5s] collecting in the last [11.4s]", "cluster.uuid": "Qbw2pof0QzSXC1OvK0aFSw", "node.id": "t9hfPgy_RyC9LOJUxQUrSQ"  }
{"type": "server", "timestamp": "2022-03-29T15:08:20,400Z", "level": "WARN", "component": "o.e.t.ThreadPool", "cluster.name": "tpotcluster", "node.name": "tpotcluster-node-01", "message": "timer thread slept for [9.9s/9946ms] on absolute clock which is above the warn threshold of [5000ms]", "cluster.uuid": "Qbw2pof0QzSXC1OvK0aFSw", "node.id": "t9hfPgy_RyC9LOJUxQUrSQ"  }
{"type": "server", "timestamp": "2022-03-29T15:08:20,810Z", "level": "WARN", "component": "o.e.m.j.JvmGcMonitorService", "cluster.name": "tpotcluster", "node.name": "tpotcluster-node-01", "message": "[gc][young][177][44] duration [5.3s], collections [1]/[1.4s], total [5.3s]/[55.9s], memory [276.7mb]->[280.7mb]/[2gb], all_pools {[young] [80mb]->[0b]/[0b]}{[old] [188.2mb]->[188.8mb]/[2gb]}{[survivor] [8.5mb]->[6.9mb]/[0b]}", "cluster.uuid": "Qbw2pof0QzSXC1OvK0aFSw", "node.id": "t9hfPgy_RyC9LOJUxQUrSQ"  }
{"type": "server", "timestamp": "2022-03-29T15:08:20,859Z", "level": "WARN", "component": "o.e.t.ThreadPool", "cluster.name": "tpotcluster", "node.name": "tpotcluster-node-01", "message": "timer thread slept for [9.9s/9946006002ns] on relative clock which is above the warn threshold of [5000ms]", "cluster.uuid": "Qbw2pof0QzSXC1OvK0aFSw", "node.id": "t9hfPgy_RyC9LOJUxQUrSQ"  }
{"type": "server", "timestamp": "2022-03-29T15:08:20,859Z", "level": "WARN", "component": "o.e.m.j.JvmGcMonitorService", "cluster.name": "tpotcluster", "node.name": "tpotcluster-node-01", "message": "[gc][177] overhead, spent [5.3s] collecting in the last [1.4s]", "cluster.uuid": "Qbw2pof0QzSXC1OvK0aFSw", "node.id": "t9hfPgy_RyC9LOJUxQUrSQ"  }
{"type": "server", "timestamp": "2022-03-29T15:08:20,860Z", "level": "WARN", "component": "o.e.t.ThreadPool", "cluster.name": "tpotcluster", "node.name": "tpotcluster-node-01", "message": "execution of [ReschedulingRunnable{runnable=org.elasticsearch.monitor.jvm.JvmGcMonitorService$1@23ddf060, interval=1s}] took [9946ms] which is above the warn threshold of [5000ms]", "cluster.uuid": "Qbw2pof0QzSXC1OvK0aFSw", "node.id": "t9hfPgy_RyC9LOJUxQUrSQ"  }
{"type": "server", "timestamp": "2022-03-29T15:08:36,876Z", "level": "WARN", "component": "o.e.h.AbstractHttpServerTransport", "cluster.name": "tpotcluster", "node.name": "tpotcluster-node-01", "message": "handling request [null][POST][/_bulk][Netty4HttpChannel{localAddress=/192.168.48.2:9200, remoteAddress=/192.168.48.5:43470}] took [5146ms] which is above the warn threshold of [5000ms]", "cluster.uuid": "Qbw2pof0QzSXC1OvK0aFSw", "node.id": "t9hfPgy_RyC9LOJUxQUrSQ"  }
{"type": "server", "timestamp": "2022-03-29T15:08:37,311Z", "level": "WARN", "component": "o.e.m.j.JvmGcMonitorService", "cluster.name": "tpotcluster", "node.name": "tpotcluster-node-01", "message": "[gc][young][185][45] duration [3.4s], collections [1]/[5.5s], total [3.4s]/[59.3s], memory [255.8mb]->[219.4mb]/[2gb], all_pools {[young] [60mb]->[48mb]/[0b]}{[old] [188.8mb]->[188.8mb]/[2gb]}{[survivor] [6.9mb]->[6.6mb]/[0b]}", "cluster.uuid": "Qbw2pof0QzSXC1OvK0aFSw", "node.id": "t9hfPgy_RyC9LOJUxQUrSQ"  }
{"type": "server", "timestamp": "2022-03-29T15:08:37,312Z", "level": "WARN", "component": "o.e.m.j.JvmGcMonitorService", "cluster.name": "tpotcluster", "node.name": "tpotcluster-node-01", "message": "[gc][185] overhead, spent [3.4s] collecting in the last [5.5s]", "cluster.uuid": "Qbw2pof0QzSXC1OvK0aFSw", "node.id": "t9hfPgy_RyC9LOJUxQUrSQ"  }
{"type": "server", "timestamp": "2022-03-29T15:08:46,115Z", "level": "WARN", "component": "o.e.m.j.JvmGcMonitorService", "cluster.name": "tpotcluster", "node.name": "tpotcluster-node-01", "message": "[gc][young][187][46] duration [2.5s], collections [1]/[4.8s], total [2.5s]/[1m], memory [263.4mb]->[196mb]/[2gb], all_pools {[young] [68mb]->[4mb]/[0b]}{[old] [188.8mb]->[188.8mb]/[2gb]}{[survivor] [6.6mb]->[7.1mb]/[0b]}", "cluster.uuid": "Qbw2pof0QzSXC1OvK0aFSw", "node.id": "t9hfPgy_RyC9LOJUxQUrSQ"  }
{"type": "server", "timestamp": "2022-03-29T15:08:46,416Z", "level": "WARN", "component": "o.e.m.j.JvmGcMonitorService", "cluster.name": "tpotcluster", "node.name": "tpotcluster-node-01", "message": "[gc][187] overhead, spent [2.5s] collecting in the last [4.8s]", "cluster.uuid": "Qbw2pof0QzSXC1OvK0aFSw", "node.id": "t9hfPgy_RyC9LOJUxQUrSQ"  }
{"type": "server", "timestamp": "2022-03-29T15:09:26,517Z", "level": "WARN", "component": "o.e.t.ThreadPool", "cluster.name": "tpotcluster", "node.name": "tpotcluster-node-01", "message": "timer thread slept for [12.5s/12595ms] on absolute clock which is above the warn threshold of [5000ms]", "cluster.uuid": "Qbw2pof0QzSXC1OvK0aFSw", "node.id": "t9hfPgy_RyC9LOJUxQUrSQ"  }
{"type": "server", "timestamp": "2022-03-29T15:09:27,118Z", "level": "WARN", "component": "o.e.t.ThreadPool", "cluster.name": "tpotcluster", "node.name": "tpotcluster-node-01", "message": "execution of [ReschedulingRunnable{runnable=org.elasticsearch.indices.IndexingMemoryController$ShardsIndicesStatusChecker@61ff4c0f, interval=5s}] took [12594ms] which is above the warn threshold of [5000ms]", "cluster.uuid": "Qbw2pof0QzSXC1OvK0aFSw", "node.id": "t9hfPgy_RyC9LOJUxQUrSQ"  }
{"type": "server", "timestamp": "2022-03-29T15:09:27,642Z", "level": "WARN", "component": "o.e.t.ThreadPool", "cluster.name": "tpotcluster", "node.name": "tpotcluster-node-01", "message": "timer thread slept for [12.5s/12594612947ns] on relative clock which is above the warn threshold of [5000ms]", "cluster.uuid": "Qbw2pof0QzSXC1OvK0aFSw", "node.id": "t9hfPgy_RyC9LOJUxQUrSQ"  }
{"type": "server", "timestamp": "2022-03-29T15:09:28,675Z", "level": "WARN", "component": "o.e.m.j.JvmGcMonitorService", "cluster.name": "tpotcluster", "node.name": "tpotcluster-node-01", "message": "[gc][young][198][47] duration [9.1s], collections [1]/[19.3s], total [9.1s]/[1.1m], memory [264mb]->[227.9mb]/[2gb], all_pools {[young] [72mb]->[64mb]/[0b]}{[old] [188.8mb]->[188.8mb]/[2gb]}{[survivor] [7.1mb]->[7.1mb]/[0b]}", "cluster.uuid": "Qbw2pof0QzSXC1OvK0aFSw", "node.id": "t9hfPgy_RyC9LOJUxQUrSQ"  }
{"type": "server", "timestamp": "2022-03-29T15:09:29,805Z", "level": "INFO", "component": "o.e.m.j.JvmGcMonitorService", "cluster.name": "tpotcluster", "node.name": "tpotcluster-node-01", "message": "[gc][198] overhead, spent [9.1s] collecting in the last [19.3s]", "cluster.uuid": "Qbw2pof0QzSXC1OvK0aFSw", "node.id": "t9hfPgy_RyC9LOJUxQUrSQ"  }
{"type": "server", "timestamp": "2022-03-29T15:09:37,045Z", "level": "WARN", "component": "o.e.t.ThreadPool", "cluster.name": "tpotcluster", "node.name": "tpotcluster-node-01", "message": "timer thread slept for [5.6s/5619ms] on absolute clock which is above the warn threshold of [5000ms]", "cluster.uuid": "Qbw2pof0QzSXC1OvK0aFSw", "node.id": "t9hfPgy_RyC9LOJUxQUrSQ"  }
{"type": "server", "timestamp": "2022-03-29T15:09:45,305Z", "level": "WARN", "component": "o.e.t.ThreadPool", "cluster.name": "tpotcluster", "node.name": "tpotcluster-node-01", "message": "timer thread slept for [5.6s/5619240813ns] on relative clock which is above the warn threshold of [5000ms]", "cluster.uuid": "Qbw2pof0QzSXC1OvK0aFSw", "node.id": "t9hfPgy_RyC9LOJUxQUrSQ"  }
{"type": "server", "timestamp": "2022-03-29T15:09:45,631Z", "level": "WARN", "component": "o.e.m.j.JvmGcMonitorService", "cluster.name": "tpotcluster", "node.name": "tpotcluster-node-01", "message": "[gc][young][199][48] duration [5.6s], collections [1]/[9.1s], total [5.6s]/[1.2m], memory [227.9mb]->[283.9mb]/[2gb], all_pools {[young] [64mb]->[0b]/[0b]}{[old] [188.8mb]->[188.8mb]/[2gb]}{[survivor] [7.1mb]->[5.9mb]/[0b]}", "cluster.uuid": "Qbw2pof0QzSXC1OvK0aFSw", "node.id": "t9hfPgy_RyC9LOJUxQUrSQ"  }
{"type": "server", "timestamp": "2022-03-29T15:09:45,738Z", "level": "WARN", "component": "o.e.m.j.JvmGcMonitorService", "cluster.name": "tpotcluster", "node.name": "tpotcluster-node-01", "message": "[gc][199] overhead, spent [5.6s] collecting in the last [9.1s]", "cluster.uuid": "Qbw2pof0QzSXC1OvK0aFSw", "node.id": "t9hfPgy_RyC9LOJUxQUrSQ"  }
{"type": "server", "timestamp": "2022-03-29T15:09:45,820Z", "level": "WARN", "component": "o.e.h.AbstractHttpServerTransport", "cluster.name": "tpotcluster", "node.name": "tpotcluster-node-01", "message": "handling request [null][POST][/_monitoring/bulk?system_id=kibana&system_api_version=7&interval=10000ms][Netty4HttpChannel{localAddress=/192.168.48.2:9200, remoteAddress=/192.168.48.4:42002}] took [76556ms] which is above the warn threshold of [5000ms]", "cluster.uuid": "Qbw2pof0QzSXC1OvK0aFSw", "node.id": "t9hfPgy_RyC9LOJUxQUrSQ"  }
{"type": "server", "timestamp": "2022-03-29T15:09:45,886Z", "level": "WARN", "component": "o.e.t.ThreadPool", "cluster.name": "tpotcluster", "node.name": "tpotcluster-node-01", "message": "timer thread slept for [9.2s/9216ms] on absolute clock which is above the warn threshold of [5000ms]", "cluster.uuid": "Qbw2pof0QzSXC1OvK0aFSw", "node.id": "t9hfPgy_RyC9LOJUxQUrSQ"  }
{"type": "server", "timestamp": "2022-03-29T15:09:45,928Z", "level": "WARN", "component": "o.e.t.ThreadPool", "cluster.name": "tpotcluster", "node.name": "tpotcluster-node-01", "message": "execution of [ReschedulingRunnable{runnable=org.elasticsearch.monitor.jvm.JvmGcMonitorService$1@23ddf060, interval=1s}] took [9216ms] which is above the warn threshold of [5000ms]", "cluster.uuid": "Qbw2pof0QzSXC1OvK0aFSw", "node.id": "t9hfPgy_RyC9LOJUxQUrSQ"  }
{"type": "server", "timestamp": "2022-03-29T15:09:45,929Z", "level": "WARN", "component": "o.e.t.ThreadPool", "cluster.name": "tpotcluster", "node.name": "tpotcluster-node-01", "message": "timer thread slept for [9.2s/9216103390ns] on relative clock which is above the warn threshold of [5000ms]", "cluster.uuid": "Qbw2pof0QzSXC1OvK0aFSw", "node.id": "t9hfPgy_RyC9LOJUxQUrSQ"  }
{"type": "server", "timestamp": "2022-03-29T15:10:22,353Z", "level": "WARN", "component": "o.e.t.ThreadPool", "cluster.name": "tpotcluster", "node.name": "tpotcluster-node-01", "message": "timer thread slept for [7.3s/7301ms] on absolute clock which is above the warn threshold of [5000ms]", "cluster.uuid": "Qbw2pof0QzSXC1OvK0aFSw", "node.id": "t9hfPgy_RyC9LOJUxQUrSQ"  }
{"type": "server", "timestamp": "2022-03-29T15:10:24,478Z", "level": "WARN", "component": "o.e.t.ThreadPool", "cluster.name": "tpotcluster", "node.name": "tpotcluster-node-01", "message": "timer thread slept for [7.3s/7301049578ns] on relative clock which is above the warn threshold of [5000ms]", "cluster.uuid": "Qbw2pof0QzSXC1OvK0aFSw", "node.id": "t9hfPgy_RyC9LOJUxQUrSQ"  }
{"type": "server", "timestamp": "2022-03-29T15:10:25,829Z", "level": "WARN", "component": "o.e.m.j.JvmGcMonitorService", "cluster.name": "tpotcluster", "node.name": "tpotcluster-node-01", "message": "[gc][young][214][49] duration [5.7s], collections [1]/[1.5s], total [5.7s]/[1.3m], memory [274.7mb]->[278.7mb]/[2gb], all_pools {[young] [80mb]->[0b]/[0b]}{[old] [188.8mb]->[188.8mb]/[2gb]}{[survivor] [5.9mb]->[5.7mb]/[0b]}", "cluster.uuid": "Qbw2pof0QzSXC1OvK0aFSw", "node.id": "t9hfPgy_RyC9LOJUxQUrSQ"  }
{"type": "server", "timestamp": "2022-03-29T15:10:27,416Z", "level": "WARN", "component": "o.e.m.j.JvmGcMonitorService", "cluster.name": "tpotcluster", "node.name": "tpotcluster-node-01", "message": "[gc][214] overhead, spent [5.7s] collecting in the last [1.5s]", "cluster.uuid": "Qbw2pof0QzSXC1OvK0aFSw", "node.id": "t9hfPgy_RyC9LOJUxQUrSQ"  }
{"type": "server", "timestamp": "2022-03-29T15:10:29,213Z", "level": "WARN", "component": "o.e.t.ThreadPool", "cluster.name": "tpotcluster", "node.name": "tpotcluster-node-01", "message": "execution of [ReschedulingRunnable{runnable=org.elasticsearch.monitor.jvm.JvmGcMonitorService$1@23ddf060, interval=1s}] took [14561ms] which is above the warn threshold of [5000ms]", "cluster.uuid": "Qbw2pof0QzSXC1OvK0aFSw", "node.id": "t9hfPgy_RyC9LOJUxQUrSQ"  }
{"type": "server", "timestamp": "2022-03-29T15:10:51,029Z", "level": "WARN", "component": "o.e.t.ThreadPool", "cluster.name": "tpotcluster", "node.name": "tpotcluster-node-01", "message": "execution of [ReschedulingRunnable{runnable=org.elasticsearch.monitor.jvm.JvmGcMonitorService$1@23ddf060, interval=1s}] took [5071ms] which is above the warn threshold of [5000ms]", "cluster.uuid": "Qbw2pof0QzSXC1OvK0aFSw", "node.id": "t9hfPgy_RyC9LOJUxQUrSQ"  }
{"type": "server", "timestamp": "2022-03-29T15:11:36,082Z", "level": "WARN", "component": "o.e.t.ThreadPool", "cluster.name": "tpotcluster", "node.name": "tpotcluster-node-01", "message": "execution of [ReschedulingRunnable{runnable=org.elasticsearch.monitor.jvm.JvmGcMonitorService$1@23ddf060, interval=1s}] took [5092ms] which is above the warn threshold of [5000ms]", "cluster.uuid": "Qbw2pof0QzSXC1OvK0aFSw", "node.id": "t9hfPgy_RyC9LOJUxQUrSQ"  }
{"type": "server", "timestamp": "2022-03-29T15:11:38,324Z", "level": "WARN", "component": "o.e.h.AbstractHttpServerTransport", "cluster.name": "tpotcluster", "node.name": "tpotcluster-node-01", "message": "handling request [null][POST][/_bulk][Netty4HttpChannel{localAddress=/192.168.48.2:9200, remoteAddress=/192.168.48.5:43438}] took [6764ms] which is above the warn threshold of [5000ms]", "cluster.uuid": "Qbw2pof0QzSXC1OvK0aFSw", "node.id": "t9hfPgy_RyC9LOJUxQUrSQ"  }
{"type": "server", "timestamp": "2022-03-29T15:12:13,862Z", "level": "WARN", "component": "o.e.t.ThreadPool", "cluster.name": "tpotcluster", "node.name": "tpotcluster-node-01", "message": "execution of [ReschedulingRunnable{runnable=org.elasticsearch.monitor.jvm.JvmGcMonitorService$1@23ddf060, interval=1s}] took [19380ms] which is above the warn threshold of [5000ms]", "cluster.uuid": "Qbw2pof0QzSXC1OvK0aFSw", "node.id": "t9hfPgy_RyC9LOJUxQUrSQ"  }
{"type": "server", "timestamp": "2022-03-29T15:12:13,651Z", "level": "WARN", "component": "o.e.t.ThreadPool", "cluster.name": "tpotcluster", "node.name": "tpotcluster-node-01", "message": "timer thread slept for [16.9s/16928ms] on absolute clock which is above the warn threshold of [5000ms]", "cluster.uuid": "Qbw2pof0QzSXC1OvK0aFSw", "node.id": "t9hfPgy_RyC9LOJUxQUrSQ"  }
{"type": "server", "timestamp": "2022-03-29T15:12:14,889Z", "level": "WARN", "component": "o.e.t.ThreadPool", "cluster.name": "tpotcluster", "node.name": "tpotcluster-node-01", "message": "timer thread slept for [16.9s/16927725100ns] on relative clock which is above the warn threshold of [5000ms]", "cluster.uuid": "Qbw2pof0QzSXC1OvK0aFSw", "node.id": "t9hfPgy_RyC9LOJUxQUrSQ"  }
{"type": "server", "timestamp": "2022-03-29T15:12:17,427Z", "level": "WARN", "component": "o.e.m.j.JvmGcMonitorService", "cluster.name": "tpotcluster", "node.name": "tpotcluster-node-01", "message": "[gc][young][232][50] duration [13.7s], collections [1]/[22.7s], total [13.7s]/[1.6m], memory [278.5mb]->[215.9mb]/[2gb], all_pools {[young] [84mb]->[20mb]/[0b]}{[old] [188.8mb]->[188.8mb]/[2gb]}{[survivor] [5.7mb]->[7.1mb]/[0b]}", "cluster.uuid": "Qbw2pof0QzSXC1OvK0aFSw", "node.id": "t9hfPgy_RyC9LOJUxQUrSQ"  }
{"type": "server", "timestamp": "2022-03-29T15:12:18,289Z", "level": "WARN", "component": "o.e.m.j.JvmGcMonitorService", "cluster.name": "tpotcluster", "node.name": "tpotcluster-node-01", "message": "[gc][232] overhead, spent [13.7s] collecting in the last [22.7s]", "cluster.uuid": "Qbw2pof0QzSXC1OvK0aFSw", "node.id": "t9hfPgy_RyC9LOJUxQUrSQ"  }
{"type": "server", "timestamp": "2022-03-29T15:12:47,945Z", "level": "WARN", "component": "o.e.h.AbstractHttpServerTransport", "cluster.name": "tpotcluster", "node.name": "tpotcluster-node-01", "message": "handling request [null][GET][/][Netty4HttpChannel{localAddress=/192.168.48.2:9200, remoteAddress=/192.168.48.5:43438}] took [7941ms] which is above the warn threshold of [5000ms]", "cluster.uuid": "Qbw2pof0QzSXC1OvK0aFSw", "node.id": "t9hfPgy_RyC9LOJUxQUrSQ"  }
{"type": "server", "timestamp": "2022-03-29T15:12:49,234Z", "level": "WARN", "component": "o.e.t.ThreadPool", "cluster.name": "tpotcluster", "node.name": "tpotcluster-node-01", "message": "execution of [ReschedulingRunnable{runnable=org.elasticsearch.monitor.jvm.JvmGcMonitorService$1@23ddf060, interval=1s}] took [5151ms] which is above the warn threshold of [5000ms]", "cluster.uuid": "Qbw2pof0QzSXC1OvK0aFSw", "node.id": "t9hfPgy_RyC9LOJUxQUrSQ"  }
{"type": "server", "timestamp": "2022-03-29T15:13:15,441Z", "level": "WARN", "component": "o.e.t.ThreadPool", "cluster.name": "tpotcluster", "node.name": "tpotcluster-node-01", "message": "execution of [ReschedulingRunnable{runnable=org.elasticsearch.monitor.jvm.JvmGcMonitorService$1@23ddf060, interval=1s}] took [5059ms] which is above the warn threshold of [5000ms]", "cluster.uuid": "Qbw2pof0QzSXC1OvK0aFSw", "node.id": "t9hfPgy_RyC9LOJUxQUrSQ"  }
{"type": "server", "timestamp": "2022-03-29T15:13:25,014Z", "level": "WARN", "component": "o.e.t.ThreadPool", "cluster.name": "tpotcluster", "node.name": "tpotcluster-node-01", "message": "execution of [ReschedulingRunnable{runnable=org.elasticsearch.monitor.jvm.JvmGcMonitorService$1@23ddf060, interval=1s}] took [5066ms] which is above the warn threshold of [5000ms]", "cluster.uuid": "Qbw2pof0QzSXC1OvK0aFSw", "node.id": "t9hfPgy_RyC9LOJUxQUrSQ"  }
{"type": "server", "timestamp": "2022-03-29T15:13:28,098Z", "level": "WARN", "component": "o.e.h.AbstractHttpServerTransport", "cluster.name": "tpotcluster", "node.name": "tpotcluster-node-01", "message": "handling request [null][POST][/_bulk][Netty4HttpChannel{localAddress=/192.168.48.2:9200, remoteAddress=/192.168.48.5:43438}] took [20546ms] which is above the warn threshold of [5000ms]", "cluster.uuid": "Qbw2pof0QzSXC1OvK0aFSw", "node.id": "t9hfPgy_RyC9LOJUxQUrSQ"  }
{"type": "server", "timestamp": "2022-03-29T15:13:42,893Z", "level": "WARN", "component": "o.e.t.ThreadPool", "cluster.name": "tpotcluster", "node.name": "tpotcluster-node-01", "message": "timer thread slept for [10.2s/10254ms] on absolute clock which is above the warn threshold of [5000ms]", "cluster.uuid": "Qbw2pof0QzSXC1OvK0aFSw", "node.id": "t9hfPgy_RyC9LOJUxQUrSQ"  }
{"type": "server", "timestamp": "2022-03-29T15:13:44,635Z", "level": "WARN", "component": "o.e.t.ThreadPool", "cluster.name": "tpotcluster", "node.name": "tpotcluster-node-01", "message": "timer thread slept for [10.2s/10254177662ns] on relative clock which is above the warn threshold of [5000ms]", "cluster.uuid": "Qbw2pof0QzSXC1OvK0aFSw", "node.id": "t9hfPgy_RyC9LOJUxQUrSQ"  }
{"type": "server", "timestamp": "2022-03-29T15:13:49,316Z", "level": "WARN", "component": "o.e.m.j.JvmGcMonitorService", "cluster.name": "tpotcluster", "node.name": "tpotcluster-node-01", "message": "[gc][young][248][51] duration [7.6s], collections [1]/[13.1s], total [7.6s]/[1.7m], memory [243.9mb]->[198.1mb]/[2gb], all_pools {[young] [48mb]->[0b]/[0b]}{[old] [188.8mb]->[188.8mb]/[2gb]}{[survivor] [7.1mb]->[9.3mb]/[0b]}", "cluster.uuid": "Qbw2pof0QzSXC1OvK0aFSw", "node.id": "t9hfPgy_RyC9LOJUxQUrSQ"  }
{"type": "server", "timestamp": "2022-03-29T15:13:50,318Z", "level": "WARN", "component": "o.e.m.j.JvmGcMonitorService", "cluster.name": "tpotcluster", "node.name": "tpotcluster-node-01", "message": "[gc][248] overhead, spent [7.6s] collecting in the last [13.1s]", "cluster.uuid": "Qbw2pof0QzSXC1OvK0aFSw", "node.id": "t9hfPgy_RyC9LOJUxQUrSQ"  }
{"type": "server", "timestamp": "2022-03-29T15:13:51,511Z", "level": "WARN", "component": "o.e.t.ThreadPool", "cluster.name": "tpotcluster", "node.name": "tpotcluster-node-01", "message": "execution of [ReschedulingRunnable{runnable=org.elasticsearch.monitor.jvm.JvmGcMonitorService$1@23ddf060, interval=1s}] took [8727ms] which is above the warn threshold of [5000ms]", "cluster.uuid": "Qbw2pof0QzSXC1OvK0aFSw", "node.id": "t9hfPgy_RyC9LOJUxQUrSQ"  }
{"type": "server", "timestamp": "2022-03-29T15:14:11,797Z", "level": "WARN", "component": "o.e.h.AbstractHttpServerTransport", "cluster.name": "tpotcluster", "node.name": "tpotcluster-node-01", "message": "handling request [null][POST][/_bulk][Netty4HttpChannel{localAddress=/192.168.48.2:9200, remoteAddress=/192.168.48.5:43438}] took [7098ms] which is above the warn threshold of [5000ms]", "cluster.uuid": "Qbw2pof0QzSXC1OvK0aFSw", "node.id": "t9hfPgy_RyC9LOJUxQUrSQ"  }
{"type": "server", "timestamp": "2022-03-29T15:14:33,131Z", "level": "WARN", "component": "o.e.t.ThreadPool", "cluster.name": "tpotcluster", "node.name": "tpotcluster-node-01", "message": "execution of [ReschedulingRunnable{runnable=org.elasticsearch.monitor.jvm.JvmGcMonitorService$1@23ddf060, interval=1s}] took [12955ms] which is above the warn threshold of [5000ms]", "cluster.uuid": "Qbw2pof0QzSXC1OvK0aFSw", "node.id": "t9hfPgy_RyC9LOJUxQUrSQ"  }
{"type": "server", "timestamp": "2022-03-29T15:14:33,131Z", "level": "WARN", "component": "o.e.t.ThreadPool", "cluster.name": "tpotcluster", "node.name": "tpotcluster-node-01", "message": "timer thread slept for [11.3s/11354ms] on absolute clock which is above the warn threshold of [5000ms]", "cluster.uuid": "Qbw2pof0QzSXC1OvK0aFSw", "node.id": "t9hfPgy_RyC9LOJUxQUrSQ"  }
{"type": "server", "timestamp": "2022-03-29T15:14:36,150Z", "level": "WARN", "component": "o.e.t.ThreadPool", "cluster.name": "tpotcluster", "node.name": "tpotcluster-node-01", "message": "timer thread slept for [11.3s/11354673037ns] on relative clock which is above the warn threshold of [5000ms]", "cluster.uuid": "Qbw2pof0QzSXC1OvK0aFSw", "node.id": "t9hfPgy_RyC9LOJUxQUrSQ"  }
{"type": "server", "timestamp": "2022-03-29T15:14:39,339Z", "level": "WARN", "component": "o.e.t.ThreadPool", "cluster.name": "tpotcluster", "node.name": "tpotcluster-node-01", "message": "timer thread slept for [6.2s/6281ms] on absolute clock which is above the warn threshold of [5000ms]", "cluster.uuid": "Qbw2pof0QzSXC1OvK0aFSw", "node.id": "t9hfPgy_RyC9LOJUxQUrSQ"  }
{"type": "server", "timestamp": "2022-03-29T15:14:41,052Z", "level": "WARN", "component": "o.e.t.ThreadPool", "cluster.name": "tpotcluster", "node.name": "tpotcluster-node-01", "message": "timer thread slept for [6.2s/6280851026ns] on relative clock which is above the warn threshold of [5000ms]", "cluster.uuid": "Qbw2pof0QzSXC1OvK0aFSw", "node.id": "t9hfPgy_RyC9LOJUxQUrSQ"  }
{"type": "server", "timestamp": "2022-03-29T15:14:41,209Z", "level": "WARN", "component": "o.e.t.ThreadPool", "cluster.name": "tpotcluster", "node.name": "tpotcluster-node-01", "message": "execution of [org.elasticsearch.cluster.InternalClusterInfoService$RefreshScheduler$$Lambda$5109/0x00000008017ea020@6c7c8b29] took [6280ms] which is above the warn threshold of [5000ms]", "cluster.uuid": "Qbw2pof0QzSXC1OvK0aFSw", "node.id": "t9hfPgy_RyC9LOJUxQUrSQ"  }
{"type": "server", "timestamp": "2022-03-29T15:14:44,671Z", "level": "WARN", "component": "o.e.t.ThreadPool", "cluster.name": "tpotcluster", "node.name": "tpotcluster-node-01", "message": "timer thread slept for [5.1s/5108ms] on absolute clock which is above the warn threshold of [5000ms]", "cluster.uuid": "Qbw2pof0QzSXC1OvK0aFSw", "node.id": "t9hfPgy_RyC9LOJUxQUrSQ"  }
{"type": "server", "timestamp": "2022-03-29T15:14:46,679Z", "level": "WARN", "component": "o.e.t.ThreadPool", "cluster.name": "tpotcluster", "node.name": "tpotcluster-node-01", "message": "timer thread slept for [5.1s/5108102136ns] on relative clock which is above the warn threshold of [5000ms]", "cluster.uuid": "Qbw2pof0QzSXC1OvK0aFSw", "node.id": "t9hfPgy_RyC9LOJUxQUrSQ"  }
{"type": "server", "timestamp": "2022-03-29T15:14:55,346Z", "level": "WARN", "component": "o.e.m.j.JvmGcMonitorService", "cluster.name": "tpotcluster", "node.name": "tpotcluster-node-01", "message": "[gc][young][259][52] duration [8s], collections [1]/[28.1s], total [8s]/[1.8m], memory [278.1mb]->[206.5mb]/[2gb], all_pools {[young] [84mb]->[8mb]/[0b]}{[old] [188.8mb]->[189.7mb]/[2gb]}{[survivor] [9.3mb]->[8.7mb]/[0b]}", "cluster.uuid": "Qbw2pof0QzSXC1OvK0aFSw", "node.id": "t9hfPgy_RyC9LOJUxQUrSQ"  }
{"type": "server", "timestamp": "2022-03-29T15:14:57,737Z", "level": "INFO", "component": "o.e.m.j.JvmGcMonitorService", "cluster.name": "tpotcluster", "node.name": "tpotcluster-node-01", "message": "[gc][259] overhead, spent [8s] collecting in the last [28.1s]", "cluster.uuid": "Qbw2pof0QzSXC1OvK0aFSw", "node.id": "t9hfPgy_RyC9LOJUxQUrSQ"  }
{"type": "server", "timestamp": "2022-03-29T15:14:59,838Z", "level": "WARN", "component": "o.e.t.ThreadPool", "cluster.name": "tpotcluster", "node.name": "tpotcluster-node-01", "message": "execution of [ReschedulingRunnable{runnable=org.elasticsearch.monitor.jvm.JvmGcMonitorService$1@23ddf060, interval=1s}] took [15208ms] which is above the warn threshold of [5000ms]", "cluster.uuid": "Qbw2pof0QzSXC1OvK0aFSw", "node.id": "t9hfPgy_RyC9LOJUxQUrSQ"  }
{"type": "server", "timestamp": "2022-03-29T15:15:07,098Z", "level": "WARN", "component": "o.e.t.TransportService", "cluster.name": "tpotcluster", "node.name": "tpotcluster-node-01", "message": "Received response for a request that has timed out, sent [24.9s/24919ms] ago, timed out [2.2s/2201ms] ago, action [indices:monitor/stats[n]], node [{tpotcluster-node-01}{t9hfPgy_RyC9LOJUxQUrSQ}{tML8VwhRRTuK70x_-QopTQ}{127.0.0.1}{127.0.0.1:9300}{cdfhimrstw}{xpack.installed=true, transform.node=true}], id [861]", "cluster.uuid": "Qbw2pof0QzSXC1OvK0aFSw", "node.id": "t9hfPgy_RyC9LOJUxQUrSQ"  }
{"type": "server", "timestamp": "2022-03-29T15:15:07,554Z", "level": "WARN", "component": "o.e.c.InternalClusterInfoService", "cluster.name": "tpotcluster", "node.name": "tpotcluster-node-01", "message": "failed to retrieve shard stats from node [t9hfPgy_RyC9LOJUxQUrSQ]: [tpotcluster-node-01][127.0.0.1:9300][indices:monitor/stats[n]] request_id [861] timed out after [22718ms]", "cluster.uuid": "Qbw2pof0QzSXC1OvK0aFSw", "node.id": "t9hfPgy_RyC9LOJUxQUrSQ"  }
{"type": "server", "timestamp": "2022-03-29T15:15:25,639Z", "level": "WARN", "component": "o.e.t.ThreadPool", "cluster.name": "tpotcluster", "node.name": "tpotcluster-node-01", "message": "execution of [ReschedulingRunnable{runnable=org.elasticsearch.monitor.jvm.JvmGcMonitorService$1@23ddf060, interval=1s}] took [8210ms] which is above the warn threshold of [5000ms]", "cluster.uuid": "Qbw2pof0QzSXC1OvK0aFSw", "node.id": "t9hfPgy_RyC9LOJUxQUrSQ"  }
{"type": "server", "timestamp": "2022-03-29T15:15:18,584Z", "level": "WARN", "component": "o.e.m.f.FsHealthService", "cluster.name": "tpotcluster", "node.name": "tpotcluster-node-01", "message": "health check of [/data/elk/data/nodes/0] took [5636ms] which is above the warn threshold of [5s]", "cluster.uuid": "Qbw2pof0QzSXC1OvK0aFSw", "node.id": "t9hfPgy_RyC9LOJUxQUrSQ"  }
{"type": "server", "timestamp": "2022-03-29T15:15:40,930Z", "level": "WARN", "component": "o.e.t.ThreadPool", "cluster.name": "tpotcluster", "node.name": "tpotcluster-node-01", "message": "execution of [ReschedulingRunnable{runnable=org.elasticsearch.monitor.jvm.JvmGcMonitorService$1@23ddf060, interval=1s}] took [5701ms] which is above the warn threshold of [5000ms]", "cluster.uuid": "Qbw2pof0QzSXC1OvK0aFSw", "node.id": "t9hfPgy_RyC9LOJUxQUrSQ"  }
{"type": "server", "timestamp": "2022-03-29T15:15:56,070Z", "level": "WARN", "component": "o.e.h.AbstractHttpServerTransport", "cluster.name": "tpotcluster", "node.name": "tpotcluster-node-01", "message": "handling request [null][GET][/][Netty4HttpChannel{localAddress=/192.168.48.2:9200, remoteAddress=/192.168.48.5:43438}] took [12380ms] which is above the warn threshold of [5000ms]", "cluster.uuid": "Qbw2pof0QzSXC1OvK0aFSw", "node.id": "t9hfPgy_RyC9LOJUxQUrSQ"  }
{"type": "server", "timestamp": "2022-03-29T15:15:57,892Z", "level": "WARN", "component": "o.e.t.ThreadPool", "cluster.name": "tpotcluster", "node.name": "tpotcluster-node-01", "message": "execution of [ReschedulingRunnable{runnable=org.elasticsearch.monitor.jvm.JvmGcMonitorService$1@23ddf060, interval=1s}] took [10314ms] which is above the warn threshold of [5000ms]", "cluster.uuid": "Qbw2pof0QzSXC1OvK0aFSw", "node.id": "t9hfPgy_RyC9LOJUxQUrSQ"  }
{"type": "server", "timestamp": "2022-03-29T15:16:07,187Z", "level": "WARN", "component": "o.e.t.ThreadPool", "cluster.name": "tpotcluster", "node.name": "tpotcluster-node-01", "message": "execution of [org.elasticsearch.cluster.InternalClusterInfoService$RefreshScheduler$$Lambda$5109/0x00000008017ea020@287b9b2f] took [6800ms] which is above the warn threshold of [5000ms]", "cluster.uuid": "Qbw2pof0QzSXC1OvK0aFSw", "node.id": "t9hfPgy_RyC9LOJUxQUrSQ"  }
{"type": "server", "timestamp": "2022-03-29T15:16:22,577Z", "level": "WARN", "component": "o.e.t.ThreadPool", "cluster.name": "tpotcluster", "node.name": "tpotcluster-node-01", "message": "execution of [ReschedulingRunnable{runnable=org.elasticsearch.monitor.jvm.JvmGcMonitorService$1@23ddf060, interval=1s}] took [6641ms] which is above the warn threshold of [5000ms]", "cluster.uuid": "Qbw2pof0QzSXC1OvK0aFSw", "node.id": "t9hfPgy_RyC9LOJUxQUrSQ"  }
{"type": "server", "timestamp": "2022-03-29T15:16:44,263Z", "level": "WARN", "component": "o.e.t.ThreadPool", "cluster.name": "tpotcluster", "node.name": "tpotcluster-node-01", "message": "execution of [ReschedulingRunnable{runnable=org.elasticsearch.monitor.jvm.JvmGcMonitorService$1@23ddf060, interval=1s}] took [5314ms] which is above the warn threshold of [5000ms]", "cluster.uuid": "Qbw2pof0QzSXC1OvK0aFSw", "node.id": "t9hfPgy_RyC9LOJUxQUrSQ"  }
{"type": "server", "timestamp": "2022-03-29T15:16:40,920Z", "level": "WARN", "component": "o.e.c.InternalClusterInfoService", "cluster.name": "tpotcluster", "node.name": "tpotcluster-node-01", "message": "failed to retrieve shard stats from node [t9hfPgy_RyC9LOJUxQUrSQ]: [tpotcluster-node-01][127.0.0.1:9300][indices:monitor/stats[n]] request_id [927] timed out after [31190ms]", "cluster.uuid": "Qbw2pof0QzSXC1OvK0aFSw", "node.id": "t9hfPgy_RyC9LOJUxQUrSQ"  }
{"type": "server", "timestamp": "2022-03-29T15:16:48,518Z", "level": "WARN", "component": "o.e.h.AbstractHttpServerTransport", "cluster.name": "tpotcluster", "node.name": "tpotcluster-node-01", "message": "handling request [null][POST][/_bulk][Netty4HttpChannel{localAddress=/192.168.48.2:9200, remoteAddress=/192.168.48.5:43438}] took [14697ms] which is above the warn threshold of [5000ms]", "cluster.uuid": "Qbw2pof0QzSXC1OvK0aFSw", "node.id": "t9hfPgy_RyC9LOJUxQUrSQ"  }
{"type": "server", "timestamp": "2022-03-29T15:16:58,092Z", "level": "WARN", "component": "o.e.t.ThreadPool", "cluster.name": "tpotcluster", "node.name": "tpotcluster-node-01", "message": "execution of [ReschedulingRunnable{runnable=org.elasticsearch.monitor.jvm.JvmGcMonitorService$1@23ddf060, interval=1s}] took [5835ms] which is above the warn threshold of [5000ms]", "cluster.uuid": "Qbw2pof0QzSXC1OvK0aFSw", "node.id": "t9hfPgy_RyC9LOJUxQUrSQ"  }
{"type": "server", "timestamp": "2022-03-29T15:17:19,411Z", "level": "WARN", "component": "o.e.t.ThreadPool", "cluster.name": "tpotcluster", "node.name": "tpotcluster-node-01", "message": "execution of [ReschedulingRunnable{runnable=org.elasticsearch.monitor.jvm.JvmGcMonitorService$1@23ddf060, interval=1s}] took [12132ms] which is above the warn threshold of [5000ms]", "cluster.uuid": "Qbw2pof0QzSXC1OvK0aFSw", "node.id": "t9hfPgy_RyC9LOJUxQUrSQ"  }
{"type": "server", "timestamp": "2022-03-29T15:17:27,159Z", "level": "WARN", "component": "o.e.t.TransportService", "cluster.name": "tpotcluster", "node.name": "tpotcluster-node-01", "message": "Received response for a request that has timed out, sent [1.2m/77287ms] ago, timed out [46s/46097ms] ago, action [indices:monitor/stats[n]], node [{tpotcluster-node-01}{t9hfPgy_RyC9LOJUxQUrSQ}{tML8VwhRRTuK70x_-QopTQ}{127.0.0.1}{127.0.0.1:9300}{cdfhimrstw}{xpack.installed=true, transform.node=true}], id [927]", "cluster.uuid": "Qbw2pof0QzSXC1OvK0aFSw", "node.id": "t9hfPgy_RyC9LOJUxQUrSQ"  }
{"type": "server", "timestamp": "2022-03-29T15:17:38,653Z", "level": "WARN", "component": "o.e.t.ThreadPool", "cluster.name": "tpotcluster", "node.name": "tpotcluster-node-01", "message": "execution of [ReschedulingRunnable{runnable=org.elasticsearch.monitor.jvm.JvmGcMonitorService$1@23ddf060, interval=1s}] took [5306ms] which is above the warn threshold of [5000ms]", "cluster.uuid": "Qbw2pof0QzSXC1OvK0aFSw", "node.id": "t9hfPgy_RyC9LOJUxQUrSQ"  }
{"type": "server", "timestamp": "2022-03-29T15:17:58,792Z", "level": "WARN", "component": "o.e.m.f.FsHealthService", "cluster.name": "tpotcluster", "node.name": "tpotcluster-node-01", "message": "health check of [/data/elk/data/nodes/0] took [10091ms] which is above the warn threshold of [5s]", "cluster.uuid": "Qbw2pof0QzSXC1OvK0aFSw", "node.id": "t9hfPgy_RyC9LOJUxQUrSQ"  }
{"type": "server", "timestamp": "2022-03-29T15:18:06,510Z", "level": "WARN", "component": "o.e.t.ThreadPool", "cluster.name": "tpotcluster", "node.name": "tpotcluster-node-01", "message": "execution of [ReschedulingRunnable{runnable=org.elasticsearch.monitor.jvm.JvmGcMonitorService$1@23ddf060, interval=1s}] took [14175ms] which is above the warn threshold of [5000ms]", "cluster.uuid": "Qbw2pof0QzSXC1OvK0aFSw", "node.id": "t9hfPgy_RyC9LOJUxQUrSQ"  }
{"type": "server", "timestamp": "2022-03-29T15:18:25,867Z", "level": "WARN", "component": "o.e.c.InternalClusterInfoService", "cluster.name": "tpotcluster", "node.name": "tpotcluster-node-01", "message": "failed to retrieve shard stats from node [t9hfPgy_RyC9LOJUxQUrSQ]: [tpotcluster-node-01][127.0.0.1:9300][indices:monitor/stats[n]] request_id [973] timed out after [38564ms]", "cluster.uuid": "Qbw2pof0QzSXC1OvK0aFSw", "node.id": "t9hfPgy_RyC9LOJUxQUrSQ"  }
{"type": "server", "timestamp": "2022-03-29T15:18:43,527Z", "level": "WARN", "component": "o.e.t.ThreadPool", "cluster.name": "tpotcluster", "node.name": "tpotcluster-node-01", "message": "execution of [ReschedulingRunnable{runnable=org.elasticsearch.monitor.jvm.JvmGcMonitorService$1@23ddf060, interval=1s}] took [6272ms] which is above the warn threshold of [5000ms]", "cluster.uuid": "Qbw2pof0QzSXC1OvK0aFSw", "node.id": "t9hfPgy_RyC9LOJUxQUrSQ"  }
{"type": "server", "timestamp": "2022-03-29T15:19:06,601Z", "level": "WARN", "component": "o.e.t.ThreadPool", "cluster.name": "tpotcluster", "node.name": "tpotcluster-node-01", "message": "execution of [ReschedulingRunnable{runnable=org.elasticsearch.monitor.jvm.JvmGcMonitorService$1@23ddf060, interval=1s}] took [9495ms] which is above the warn threshold of [5000ms]", "cluster.uuid": "Qbw2pof0QzSXC1OvK0aFSw", "node.id": "t9hfPgy_RyC9LOJUxQUrSQ"  }
{"type": "server", "timestamp": "2022-03-29T15:20:18,267Z", "level": "WARN", "component": "o.e.t.ThreadPool", "cluster.name": "tpotcluster", "node.name": "tpotcluster-node-01", "message": "timer thread slept for [1m/62537ms] on absolute clock which is above the warn threshold of [5000ms]", "cluster.uuid": "Qbw2pof0QzSXC1OvK0aFSw", "node.id": "t9hfPgy_RyC9LOJUxQUrSQ"  }
{"type": "server", "timestamp": "2022-03-29T15:20:20,930Z", "level": "WARN", "component": "o.e.t.ThreadPool", "cluster.name": "tpotcluster", "node.name": "tpotcluster-node-01", "message": "timer thread slept for [1m/62536867979ns] on relative clock which is above the warn threshold of [5000ms]", "cluster.uuid": "Qbw2pof0QzSXC1OvK0aFSw", "node.id": "t9hfPgy_RyC9LOJUxQUrSQ"  }
{"type": "server", "timestamp": "2022-03-29T15:20:23,867Z", "level": "WARN", "component": "o.e.t.ThreadPool", "cluster.name": "tpotcluster", "node.name": "tpotcluster-node-01", "message": "timer thread slept for [6s/6032ms] on absolute clock which is above the warn threshold of [5000ms]", "cluster.uuid": "Qbw2pof0QzSXC1OvK0aFSw", "node.id": "t9hfPgy_RyC9LOJUxQUrSQ"  }
{"type": "server", "timestamp": "2022-03-29T15:20:28,325Z", "level": "WARN", "component": "o.e.t.ThreadPool", "cluster.name": "tpotcluster", "node.name": "tpotcluster-node-01", "message": "timer thread slept for [6s/6032018639ns] on relative clock which is above the warn threshold of [5000ms]", "cluster.uuid": "Qbw2pof0QzSXC1OvK0aFSw", "node.id": "t9hfPgy_RyC9LOJUxQUrSQ"  }
{"type": "server", "timestamp": "2022-03-29T15:20:35,427Z", "level": "WARN", "component": "o.e.t.ThreadPool", "cluster.name": "tpotcluster", "node.name": "tpotcluster-node-01", "message": "timer thread slept for [11.1s/11108ms] on absolute clock which is above the warn threshold of [5000ms]", "cluster.uuid": "Qbw2pof0QzSXC1OvK0aFSw", "node.id": "t9hfPgy_RyC9LOJUxQUrSQ"  }
{"type": "server", "timestamp": "2022-03-29T15:20:41,275Z", "level": "WARN", "component": "o.e.t.ThreadPool", "cluster.name": "tpotcluster", "node.name": "tpotcluster-node-01", "message": "timer thread slept for [11.1s/11108270060ns] on relative clock which is above the warn threshold of [5000ms]", "cluster.uuid": "Qbw2pof0QzSXC1OvK0aFSw", "node.id": "t9hfPgy_RyC9LOJUxQUrSQ"  }
{"type": "server", "timestamp": "2022-03-29T15:20:49,860Z", "level": "WARN", "component": "o.e.t.ThreadPool", "cluster.name": "tpotcluster", "node.name": "tpotcluster-node-01", "message": "timer thread slept for [14.6s/14646ms] on absolute clock which is above the warn threshold of [5000ms]", "cluster.uuid": "Qbw2pof0QzSXC1OvK0aFSw", "node.id": "t9hfPgy_RyC9LOJUxQUrSQ"  }
{"type": "server", "timestamp": "2022-03-29T15:20:52,128Z", "level": "WARN", "component": "o.e.m.j.JvmGcMonitorService", "cluster.name": "tpotcluster", "node.name": "tpotcluster-node-01", "message": "[gc][young][275][53] duration [54.8s], collections [1]/[1.4m], total [54.8s]/[2.7m], memory [270.5mb]->[200.8mb]/[2gb], all_pools {[young] [72mb]->[4mb]/[0b]}{[old] [189.7mb]->[190.3mb]/[2gb]}{[survivor] [8.7mb]->[10.4mb]/[0b]}", "cluster.uuid": "Qbw2pof0QzSXC1OvK0aFSw", "node.id": "t9hfPgy_RyC9LOJUxQUrSQ"  }
{"type": "server", "timestamp": "2022-03-29T15:20:56,827Z", "level": "WARN", "component": "o.e.t.ThreadPool", "cluster.name": "tpotcluster", "node.name": "tpotcluster-node-01", "message": "timer thread slept for [14.6s/14645757015ns] on relative clock which is above the warn threshold of [5000ms]", "cluster.uuid": "Qbw2pof0QzSXC1OvK0aFSw", "node.id": "t9hfPgy_RyC9LOJUxQUrSQ"  }
{"type": "server", "timestamp": "2022-03-29T15:21:00,425Z", "level": "WARN", "component": "o.e.m.j.JvmGcMonitorService", "cluster.name": "tpotcluster", "node.name": "tpotcluster-node-01", "message": "[gc][275] overhead, spent [54.8s] collecting in the last [1.4m]", "cluster.uuid": "Qbw2pof0QzSXC1OvK0aFSw", "node.id": "t9hfPgy_RyC9LOJUxQUrSQ"  }
{"type": "server", "timestamp": "2022-03-29T15:21:07,783Z", "level": "WARN", "component": "o.e.t.ThreadPool", "cluster.name": "tpotcluster", "node.name": "tpotcluster-node-01", "message": "execution of [ReschedulingRunnable{runnable=org.elasticsearch.monitor.jvm.JvmGcMonitorService$1@23ddf060, interval=1s}] took [25754ms] which is above the warn threshold of [5000ms]", "cluster.uuid": "Qbw2pof0QzSXC1OvK0aFSw", "node.id": "t9hfPgy_RyC9LOJUxQUrSQ"  }
{"type": "server", "timestamp": "2022-03-29T15:21:10,256Z", "level": "WARN", "component": "o.e.t.ThreadPool", "cluster.name": "tpotcluster", "node.name": "tpotcluster-node-01", "message": "timer thread slept for [20.6s/20641ms] on absolute clock which is above the warn threshold of [5000ms]", "cluster.uuid": "Qbw2pof0QzSXC1OvK0aFSw", "node.id": "t9hfPgy_RyC9LOJUxQUrSQ"  }
{"type": "server", "timestamp": "2022-03-29T15:21:17,446Z", "level": "WARN", "component": "o.e.t.ThreadPool", "cluster.name": "tpotcluster", "node.name": "tpotcluster-node-01", "message": "timer thread slept for [20.6s/20640653133ns] on relative clock which is above the warn threshold of [5000ms]", "cluster.uuid": "Qbw2pof0QzSXC1OvK0aFSw", "node.id": "t9hfPgy_RyC9LOJUxQUrSQ"  }
{"type": "server", "timestamp": "2022-03-29T15:21:23,811Z", "level": "WARN", "component": "o.e.t.ThreadPool", "cluster.name": "tpotcluster", "node.name": "tpotcluster-node-01", "message": "execution of [org.elasticsearch.cluster.InternalClusterInfoService$RefreshScheduler$$Lambda$5109/0x00000008017ea020@1a6e3d2c] took [11053ms] which is above the warn threshold of [5000ms]", "cluster.uuid": "Qbw2pof0QzSXC1OvK0aFSw", "node.id": "t9hfPgy_RyC9LOJUxQUrSQ"  }
{"type": "server", "timestamp": "2022-03-29T15:21:21,994Z", "level": "WARN", "component": "o.e.t.ThreadPool", "cluster.name": "tpotcluster", "node.name": "tpotcluster-node-01", "message": "timer thread slept for [11s/11053ms] on absolute clock which is above the warn threshold of [5000ms]", "cluster.uuid": "Qbw2pof0QzSXC1OvK0aFSw", "node.id": "t9hfPgy_RyC9LOJUxQUrSQ"  }
{"type": "server", "timestamp": "2022-03-29T15:21:28,939Z", "level": "WARN", "component": "o.e.t.ThreadPool", "cluster.name": "tpotcluster", "node.name": "tpotcluster-node-01", "message": "timer thread slept for [11s/11053100173ns] on relative clock which is above the warn threshold of [5000ms]", "cluster.uuid": "Qbw2pof0QzSXC1OvK0aFSw", "node.id": "t9hfPgy_RyC9LOJUxQUrSQ"  }
{"type": "server", "timestamp": "2022-03-29T15:21:36,180Z", "level": "WARN", "component": "o.e.t.ThreadPool", "cluster.name": "tpotcluster", "node.name": "tpotcluster-node-01", "message": "timer thread slept for [14.4s/14467ms] on absolute clock which is above the warn threshold of [5000ms]", "cluster.uuid": "Qbw2pof0QzSXC1OvK0aFSw", "node.id": "t9hfPgy_RyC9LOJUxQUrSQ"  }
{"type": "server", "timestamp": "2022-03-29T15:21:43,128Z", "level": "WARN", "component": "o.e.t.ThreadPool", "cluster.name": "tpotcluster", "node.name": "tpotcluster-node-01", "message": "timer thread slept for [14.4s/14467161293ns] on relative clock which is above the warn threshold of [5000ms]", "cluster.uuid": "Qbw2pof0QzSXC1OvK0aFSw", "node.id": "t9hfPgy_RyC9LOJUxQUrSQ"  }
{"type": "server", "timestamp": "2022-03-29T15:21:49,022Z", "level": "WARN", "component": "o.e.t.ThreadPool", "cluster.name": "tpotcluster", "node.name": "tpotcluster-node-01", "message": "timer thread slept for [12.2s/12272ms] on absolute clock which is above the warn threshold of [5000ms]", "cluster.uuid": "Qbw2pof0QzSXC1OvK0aFSw", "node.id": "t9hfPgy_RyC9LOJUxQUrSQ"  }
{"type": "server", "timestamp": "2022-03-29T15:21:55,271Z", "level": "WARN", "component": "o.e.t.ThreadPool", "cluster.name": "tpotcluster", "node.name": "tpotcluster-node-01", "message": "timer thread slept for [12.2s/12271836275ns] on relative clock which is above the warn threshold of [5000ms]", "cluster.uuid": "Qbw2pof0QzSXC1OvK0aFSw", "node.id": "t9hfPgy_RyC9LOJUxQUrSQ"  }
{"type": "server", "timestamp": "2022-03-29T15:21:50,118Z", "level": "WARN", "component": "o.e.m.f.FsHealthService", "cluster.name": "tpotcluster", "node.name": "tpotcluster-node-01", "message": "health check of [/data/elk/data/nodes/0] took [12272ms] which is above the warn threshold of [5s]", "cluster.uuid": "Qbw2pof0QzSXC1OvK0aFSw", "node.id": "t9hfPgy_RyC9LOJUxQUrSQ"  }
{"type": "server", "timestamp": "2022-03-29T15:22:00,770Z", "level": "WARN", "component": "o.e.t.ThreadPool", "cluster.name": "tpotcluster", "node.name": "tpotcluster-node-01", "message": "timer thread slept for [12.5s/12503ms] on absolute clock which is above the warn threshold of [5000ms]", "cluster.uuid": "Qbw2pof0QzSXC1OvK0aFSw", "node.id": "t9hfPgy_RyC9LOJUxQUrSQ"  }
{"type": "server", "timestamp": "2022-03-29T15:22:07,114Z", "level": "WARN", "component": "o.e.t.ThreadPool", "cluster.name": "tpotcluster", "node.name": "tpotcluster-node-01", "message": "timer thread slept for [12.5s/12503513961ns] on relative clock which is above the warn threshold of [5000ms]", "cluster.uuid": "Qbw2pof0QzSXC1OvK0aFSw", "node.id": "t9hfPgy_RyC9LOJUxQUrSQ"  }
{"type": "server", "timestamp": "2022-03-29T15:22:15,354Z", "level": "WARN", "component": "o.e.t.ThreadPool", "cluster.name": "tpotcluster", "node.name": "tpotcluster-node-01", "message": "execution of [ReschedulingRunnable{runnable=org.elasticsearch.monitor.jvm.JvmGcMonitorService$1@23ddf060, interval=1s}] took [12503ms] which is above the warn threshold of [5000ms]", "cluster.uuid": "Qbw2pof0QzSXC1OvK0aFSw", "node.id": "t9hfPgy_RyC9LOJUxQUrSQ"  }
{"type": "server", "timestamp": "2022-03-29T15:22:20,920Z", "level": "WARN", "component": "o.e.t.ThreadPool", "cluster.name": "tpotcluster", "node.name": "tpotcluster-node-01", "message": "timer thread slept for [19.2s/19242ms] on absolute clock which is above the warn threshold of [5000ms]", "cluster.uuid": "Qbw2pof0QzSXC1OvK0aFSw", "node.id": "t9hfPgy_RyC9LOJUxQUrSQ"  }
{"type": "server", "timestamp": "2022-03-29T15:22:32,744Z", "level": "WARN", "component": "o.e.t.ThreadPool", "cluster.name": "tpotcluster", "node.name": "tpotcluster-node-01", "message": "timer thread slept for [19.2s/19242016841ns] on relative clock which is above the warn threshold of [5000ms]", "cluster.uuid": "Qbw2pof0QzSXC1OvK0aFSw", "node.id": "t9hfPgy_RyC9LOJUxQUrSQ"  }
{"type": "server", "timestamp": "2022-03-29T15:22:37,687Z", "level": "WARN", "component": "o.e.t.ThreadPool", "cluster.name": "tpotcluster", "node.name": "tpotcluster-node-01", "message": "timer thread slept for [17.7s/17737ms] on absolute clock which is above the warn threshold of [5000ms]", "cluster.uuid": "Qbw2pof0QzSXC1OvK0aFSw", "node.id": "t9hfPgy_RyC9LOJUxQUrSQ"  }
{"type": "server", "timestamp": "2022-03-29T15:22:34,676Z", "level": "WARN", "component": "o.e.c.InternalClusterInfoService", "cluster.name": "tpotcluster", "node.name": "tpotcluster-node-01", "message": "failed to retrieve stats for node [t9hfPgy_RyC9LOJUxQUrSQ]: [tpotcluster-node-01][127.0.0.1:9300][cluster:monitor/nodes/stats[n]] request_id [1008] timed out after [69537ms]", "cluster.uuid": "Qbw2pof0QzSXC1OvK0aFSw", "node.id": "t9hfPgy_RyC9LOJUxQUrSQ"  }
{"type": "server", "timestamp": "2022-03-29T15:22:40,084Z", "level": "WARN", "component": "o.e.t.ThreadPool", "cluster.name": "tpotcluster", "node.name": "tpotcluster-node-01", "message": "timer thread slept for [17.7s/17736151691ns] on relative clock which is above the warn threshold of [5000ms]", "cluster.uuid": "Qbw2pof0QzSXC1OvK0aFSw", "node.id": "t9hfPgy_RyC9LOJUxQUrSQ"  }
{"type": "server", "timestamp": "2022-03-29T15:22:36,414Z", "level": "WARN", "component": "o.e.c.InternalClusterInfoService", "cluster.name": "tpotcluster", "node.name": "tpotcluster-node-01", "message": "failed to retrieve shard stats from node [t9hfPgy_RyC9LOJUxQUrSQ]: [tpotcluster-node-01][127.0.0.1:9300][indices:monitor/stats[n]] request_id [1010] timed out after [58484ms]", "cluster.uuid": "Qbw2pof0QzSXC1OvK0aFSw", "node.id": "t9hfPgy_RyC9LOJUxQUrSQ"  }
{"type": "server", "timestamp": "2022-03-29T15:22:43,996Z", "level": "WARN", "component": "o.e.t.ThreadPool", "cluster.name": "tpotcluster", "node.name": "tpotcluster-node-01", "message": "timer thread slept for [6.4s/6443ms] on absolute clock which is above the warn threshold of [5000ms]", "cluster.uuid": "Qbw2pof0QzSXC1OvK0aFSw", "node.id": "t9hfPgy_RyC9LOJUxQUrSQ"  }
{"type": "server", "timestamp": "2022-03-29T15:22:50,239Z", "level": "WARN", "component": "o.e.t.ThreadPool", "cluster.name": "tpotcluster", "node.name": "tpotcluster-node-01", "message": "timer thread slept for [6.4s/6443120245ns] on relative clock which is above the warn threshold of [5000ms]", "cluster.uuid": "Qbw2pof0QzSXC1OvK0aFSw", "node.id": "t9hfPgy_RyC9LOJUxQUrSQ"  }
{"type": "server", "timestamp": "2022-03-29T15:22:59,820Z", "level": "WARN", "component": "o.e.t.ThreadPool", "cluster.name": "tpotcluster", "node.name": "tpotcluster-node-01", "message": "timer thread slept for [15s/15016ms] on absolute clock which is above the warn threshold of [5000ms]", "cluster.uuid": "Qbw2pof0QzSXC1OvK0aFSw", "node.id": "t9hfPgy_RyC9LOJUxQUrSQ"  }
{"type": "server", "timestamp": "2022-03-29T15:23:04,819Z", "level": "WARN", "component": "o.e.t.ThreadPool", "cluster.name": "tpotcluster", "node.name": "tpotcluster-node-01", "message": "execution of [ReschedulingRunnable{runnable=org.elasticsearch.monitor.jvm.JvmGcMonitorService$1@23ddf060, interval=1s}] took [15015ms] which is above the warn threshold of [5000ms]", "cluster.uuid": "Qbw2pof0QzSXC1OvK0aFSw", "node.id": "t9hfPgy_RyC9LOJUxQUrSQ"  }
{"type": "server", "timestamp": "2022-03-29T15:23:07,054Z", "level": "WARN", "component": "o.e.t.TransportService", "cluster.name": "tpotcluster", "node.name": "tpotcluster-node-01", "message": "Received response for a request that has timed out, sent [1.8m/108732ms] ago, timed out [39.1s/39195ms] ago, action [cluster:monitor/nodes/stats[n]], node [{tpotcluster-node-01}{t9hfPgy_RyC9LOJUxQUrSQ}{tML8VwhRRTuK70x_-QopTQ}{127.0.0.1}{127.0.0.1:9300}{cdfhimrstw}{xpack.installed=true, transform.node=true}], id [1008]", "cluster.uuid": "Qbw2pof0QzSXC1OvK0aFSw", "node.id": "t9hfPgy_RyC9LOJUxQUrSQ"  }
{"type": "server", "timestamp": "2022-03-29T15:23:08,096Z", "level": "WARN", "component": "o.e.t.ThreadPool", "cluster.name": "tpotcluster", "node.name": "tpotcluster-node-01", "message": "timer thread slept for [15s/15015891737ns] on relative clock which is above the warn threshold of [5000ms]", "cluster.uuid": "Qbw2pof0QzSXC1OvK0aFSw", "node.id": "t9hfPgy_RyC9LOJUxQUrSQ"  }
{"type": "server", "timestamp": "2022-03-29T15:23:11,429Z", "level": "WARN", "component": "o.e.t.ThreadPool", "cluster.name": "tpotcluster", "node.name": "tpotcluster-node-01", "message": "timer thread slept for [11.8s/11815ms] on absolute clock which is above the warn threshold of [5000ms]", "cluster.uuid": "Qbw2pof0QzSXC1OvK0aFSw", "node.id": "t9hfPgy_RyC9LOJUxQUrSQ"  }
{"type": "server", "timestamp": "2022-03-29T15:23:21,364Z", "level": "WARN", "component": "o.e.t.ThreadPool", "cluster.name": "tpotcluster", "node.name": "tpotcluster-node-01", "message": "timer thread slept for [11.8s/11815321504ns] on relative clock which is above the warn threshold of [5000ms]", "cluster.uuid": "Qbw2pof0QzSXC1OvK0aFSw", "node.id": "t9hfPgy_RyC9LOJUxQUrSQ"  }
{"type": "server", "timestamp": "2022-03-29T15:23:26,795Z", "level": "WARN", "component": "o.e.t.ThreadPool", "cluster.name": "tpotcluster", "node.name": "tpotcluster-node-01", "message": "timer thread slept for [15.5s/15558ms] on absolute clock which is above the warn threshold of [5000ms]", "cluster.uuid": "Qbw2pof0QzSXC1OvK0aFSw", "node.id": "t9hfPgy_RyC9LOJUxQUrSQ"  }
{"type": "server", "timestamp": "2022-03-29T15:23:31,106Z", "level": "WARN", "component": "o.e.t.ThreadPool", "cluster.name": "tpotcluster", "node.name": "tpotcluster-node-01", "message": "execution of [ReschedulingRunnable{runnable=org.elasticsearch.monitor.jvm.JvmGcMonitorService$1@23ddf060, interval=1s}] took [15558ms] which is above the warn threshold of [5000ms]", "cluster.uuid": "Qbw2pof0QzSXC1OvK0aFSw", "node.id": "t9hfPgy_RyC9LOJUxQUrSQ"  }
{"type": "server", "timestamp": "2022-03-29T15:23:35,194Z", "level": "WARN", "component": "o.e.t.ThreadPool", "cluster.name": "tpotcluster", "node.name": "tpotcluster-node-01", "message": "timer thread slept for [15.5s/15558117839ns] on relative clock which is above the warn threshold of [5000ms]", "cluster.uuid": "Qbw2pof0QzSXC1OvK0aFSw", "node.id": "t9hfPgy_RyC9LOJUxQUrSQ"  }
{"type": "server", "timestamp": "2022-03-29T15:23:39,206Z", "level": "WARN", "component": "o.e.t.ThreadPool", "cluster.name": "tpotcluster", "node.name": "tpotcluster-node-01", "message": "timer thread slept for [13s/13020ms] on absolute clock which is above the warn threshold of [5000ms]", "cluster.uuid": "Qbw2pof0QzSXC1OvK0aFSw", "node.id": "t9hfPgy_RyC9LOJUxQUrSQ"  }
{"type": "server", "timestamp": "2022-03-29T15:23:42,608Z", "level": "WARN", "component": "o.e.t.ThreadPool", "cluster.name": "tpotcluster", "node.name": "tpotcluster-node-01", "message": "timer thread slept for [13s/13019444390ns] on relative clock which is above the warn threshold of [5000ms]", "cluster.uuid": "Qbw2pof0QzSXC1OvK0aFSw", "node.id": "t9hfPgy_RyC9LOJUxQUrSQ"  }
{"type": "server", "timestamp": "2022-03-29T15:23:51,976Z", "level": "WARN", "component": "o.e.t.ThreadPool", "cluster.name": "tpotcluster", "node.name": "tpotcluster-node-01", "message": "timer thread slept for [11s/11047ms] on absolute clock which is above the warn threshold of [5000ms]", "cluster.uuid": "Qbw2pof0QzSXC1OvK0aFSw", "node.id": "t9hfPgy_RyC9LOJUxQUrSQ"  }
{"type": "server", "timestamp": "2022-03-29T15:23:55,729Z", "level": "WARN", "component": "o.e.t.ThreadPool", "cluster.name": "tpotcluster", "node.name": "tpotcluster-node-01", "message": "execution of [org.elasticsearch.cluster.InternalClusterInfoService$RefreshScheduler$$Lambda$5109/0x00000008017ea020@2c78a9d] took [11047ms] which is above the warn threshold of [5000ms]", "cluster.uuid": "Qbw2pof0QzSXC1OvK0aFSw", "node.id": "t9hfPgy_RyC9LOJUxQUrSQ"  }
{"type": "server", "timestamp": "2022-03-29T15:23:58,656Z", "level": "WARN", "component": "o.e.t.ThreadPool", "cluster.name": "tpotcluster", "node.name": "tpotcluster-node-01", "message": "timer thread slept for [11s/11047777850ns] on relative clock which is above the warn threshold of [5000ms]", "cluster.uuid": "Qbw2pof0QzSXC1OvK0aFSw", "node.id": "t9hfPgy_RyC9LOJUxQUrSQ"  }
{"type": "server", "timestamp": "2022-03-29T15:24:05,451Z", "level": "WARN", "component": "o.e.t.ThreadPool", "cluster.name": "tpotcluster", "node.name": "tpotcluster-node-01", "message": "timer thread slept for [14.7s/14784ms] on absolute clock which is above the warn threshold of [5000ms]", "cluster.uuid": "Qbw2pof0QzSXC1OvK0aFSw", "node.id": "t9hfPgy_RyC9LOJUxQUrSQ"  }
{"type": "server", "timestamp": "2022-03-29T15:24:13,393Z", "level": "WARN", "component": "o.e.t.ThreadPool", "cluster.name": "tpotcluster", "node.name": "tpotcluster-node-01", "message": "timer thread slept for [14.7s/14783709725ns] on relative clock which is above the warn threshold of [5000ms]", "cluster.uuid": "Qbw2pof0QzSXC1OvK0aFSw", "node.id": "t9hfPgy_RyC9LOJUxQUrSQ"  }
{"type": "server", "timestamp": "2022-03-29T15:24:13,393Z", "level": "WARN", "component": "o.e.t.ThreadPool", "cluster.name": "tpotcluster", "node.name": "tpotcluster-node-01", "message": "execution of [ReschedulingRunnable{runnable=org.elasticsearch.monitor.jvm.JvmGcMonitorService$1@23ddf060, interval=1s}] took [14783ms] which is above the warn threshold of [5000ms]", "cluster.uuid": "Qbw2pof0QzSXC1OvK0aFSw", "node.id": "t9hfPgy_RyC9LOJUxQUrSQ"  }
{"type": "server", "timestamp": "2022-03-29T15:24:17,883Z", "level": "WARN", "component": "o.e.t.ThreadPool", "cluster.name": "tpotcluster", "node.name": "tpotcluster-node-01", "message": "timer thread slept for [12.5s/12571ms] on absolute clock which is above the warn threshold of [5000ms]", "cluster.uuid": "Qbw2pof0QzSXC1OvK0aFSw", "node.id": "t9hfPgy_RyC9LOJUxQUrSQ"  }
{"type": "server", "timestamp": "2022-03-29T15:24:17,883Z", "level": "WARN", "component": "o.e.t.ThreadPool", "cluster.name": "tpotcluster", "node.name": "tpotcluster-node-01", "message": "execution of [ReschedulingRunnable{runnable=org.elasticsearch.watcher.ResourceWatcherService$ResourceMonitor@26231ba9, interval=30s}] took [12571ms] which is above the warn threshold of [5000ms]", "cluster.uuid": "Qbw2pof0QzSXC1OvK0aFSw", "node.id": "t9hfPgy_RyC9LOJUxQUrSQ"  }
{"type": "server", "timestamp": "2022-03-29T15:24:19,973Z", "level": "WARN", "component": "o.e.t.ThreadPool", "cluster.name": "tpotcluster", "node.name": "tpotcluster-node-01", "message": "timer thread slept for [12.5s/12571281335ns] on relative clock which is above the warn threshold of [5000ms]", "cluster.uuid": "Qbw2pof0QzSXC1OvK0aFSw", "node.id": "t9hfPgy_RyC9LOJUxQUrSQ"  }
{"type": "server", "timestamp": "2022-03-29T15:24:24,551Z", "level": "WARN", "component": "o.e.t.ThreadPool", "cluster.name": "tpotcluster", "node.name": "tpotcluster-node-01", "message": "timer thread slept for [5.9s/5901ms] on absolute clock which is above the warn threshold of [5000ms]", "cluster.uuid": "Qbw2pof0QzSXC1OvK0aFSw", "node.id": "t9hfPgy_RyC9LOJUxQUrSQ"  }
{"type": "server", "timestamp": "2022-03-29T15:24:29,508Z", "level": "WARN", "component": "o.e.t.ThreadPool", "cluster.name": "tpotcluster", "node.name": "tpotcluster-node-01", "message": "timer thread slept for [5.9s/5900414061ns] on relative clock which is above the warn threshold of [5000ms]", "cluster.uuid": "Qbw2pof0QzSXC1OvK0aFSw", "node.id": "t9hfPgy_RyC9LOJUxQUrSQ"  }
{"type": "server", "timestamp": "2022-03-29T15:24:35,647Z", "level": "WARN", "component": "o.e.t.ThreadPool", "cluster.name": "tpotcluster", "node.name": "tpotcluster-node-01", "message": "timer thread slept for [12.1s/12175ms] on absolute clock which is above the warn threshold of [5000ms]", "cluster.uuid": "Qbw2pof0QzSXC1OvK0aFSw", "node.id": "t9hfPgy_RyC9LOJUxQUrSQ"  }
{"type": "server", "timestamp": "2022-03-29T15:24:35,647Z", "level": "WARN", "component": "o.e.c.InternalClusterInfoService", "cluster.name": "tpotcluster", "node.name": "tpotcluster-node-01", "message": "failed to retrieve stats for node [t9hfPgy_RyC9LOJUxQUrSQ]: [tpotcluster-node-01][127.0.0.1:9300][cluster:monitor/nodes/stats[n]] request_id [1019] timed out after [44303ms]", "cluster.uuid": "Qbw2pof0QzSXC1OvK0aFSw", "node.id": "t9hfPgy_RyC9LOJUxQUrSQ"  }
{"type": "server", "timestamp": "2022-03-29T15:24:38,793Z", "level": "WARN", "component": "o.e.t.ThreadPool", "cluster.name": "tpotcluster", "node.name": "tpotcluster-node-01", "message": "timer thread slept for [12.1s/12175073108ns] on relative clock which is above the warn threshold of [5000ms]", "cluster.uuid": "Qbw2pof0QzSXC1OvK0aFSw", "node.id": "t9hfPgy_RyC9LOJUxQUrSQ"  }
{"type": "server", "timestamp": "2022-03-29T15:24:37,486Z", "level": "WARN", "component": "o.e.m.f.FsHealthService", "cluster.name": "tpotcluster", "node.name": "tpotcluster-node-01", "message": "health check of [/data/elk/data/nodes/0] took [12175ms] which is above the warn threshold of [5s]", "cluster.uuid": "Qbw2pof0QzSXC1OvK0aFSw", "node.id": "t9hfPgy_RyC9LOJUxQUrSQ"  }
{"type": "server", "timestamp": "2022-03-29T15:24:38,313Z", "level": "WARN", "component": "o.e.c.InternalClusterInfoService", "cluster.name": "tpotcluster", "node.name": "tpotcluster-node-01", "message": "failed to retrieve shard stats from node [t9hfPgy_RyC9LOJUxQUrSQ]: [tpotcluster-node-01][127.0.0.1:9300][indices:monitor/stats[n]] request_id [1020] timed out after [33255ms]", "cluster.uuid": "Qbw2pof0QzSXC1OvK0aFSw", "node.id": "t9hfPgy_RyC9LOJUxQUrSQ"  }
{"type": "server", "timestamp": "2022-03-29T15:24:42,558Z", "level": "WARN", "component": "o.e.t.ThreadPool", "cluster.name": "tpotcluster", "node.name": "tpotcluster-node-01", "message": "timer thread slept for [6.7s/6746ms] on absolute clock which is above the warn threshold of [5000ms]", "cluster.uuid": "Qbw2pof0QzSXC1OvK0aFSw", "node.id": "t9hfPgy_RyC9LOJUxQUrSQ"  }
{"type": "server", "timestamp": "2022-03-29T15:24:45,423Z", "level": "WARN", "component": "o.e.t.ThreadPool", "cluster.name": "tpotcluster", "node.name": "tpotcluster-node-01", "message": "execution of [ReschedulingRunnable{runnable=org.elasticsearch.monitor.jvm.JvmGcMonitorService$1@23ddf060, interval=1s}] took [6745ms] which is above the warn threshold of [5000ms]", "cluster.uuid": "Qbw2pof0QzSXC1OvK0aFSw", "node.id": "t9hfPgy_RyC9LOJUxQUrSQ"  }
{"type": "server", "timestamp": "2022-03-29T15:24:44,578Z", "level": "WARN", "component": "o.e.t.ThreadPool", "cluster.name": "tpotcluster", "node.name": "tpotcluster-node-01", "message": "timer thread slept for [6.7s/6745812274ns] on relative clock which is above the warn threshold of [5000ms]", "cluster.uuid": "Qbw2pof0QzSXC1OvK0aFSw", "node.id": "t9hfPgy_RyC9LOJUxQUrSQ"  }
{"type": "server", "timestamp": "2022-03-29T15:24:45,870Z", "level": "WARN", "component": "o.e.t.TransportService", "cluster.name": "tpotcluster", "node.name": "tpotcluster-node-01", "message": "Received response for a request that has timed out, sent [6.9m/418169ms] ago, timed out [6.3m/379605ms] ago, action [indices:monitor/stats[n]], node [{tpotcluster-node-01}{t9hfPgy_RyC9LOJUxQUrSQ}{tML8VwhRRTuK70x_-QopTQ}{127.0.0.1}{127.0.0.1:9300}{cdfhimrstw}{xpack.installed=true, transform.node=true}], id [973]", "cluster.uuid": "Qbw2pof0QzSXC1OvK0aFSw", "node.id": "t9hfPgy_RyC9LOJUxQUrSQ"  }
{"type": "server", "timestamp": "2022-03-29T15:24:47,665Z", "level": "WARN", "component": "o.e.t.ThreadPool", "cluster.name": "tpotcluster", "node.name": "tpotcluster-node-01", "message": "execution of [ReschedulingRunnable{runnable=org.elasticsearch.watcher.ResourceWatcherService$ResourceMonitor@1983a6dc, interval=5s}] took [5146ms] which is above the warn threshold of [5000ms]", "cluster.uuid": "Qbw2pof0QzSXC1OvK0aFSw", "node.id": "t9hfPgy_RyC9LOJUxQUrSQ"  }
{"type": "server", "timestamp": "2022-03-29T15:24:57,730Z", "level": "WARN", "component": "o.e.t.ThreadPool", "cluster.name": "tpotcluster", "node.name": "tpotcluster-node-01", "message": "execution of [ReschedulingRunnable{runnable=org.elasticsearch.monitor.jvm.JvmGcMonitorService$1@23ddf060, interval=1s}] took [5849ms] which is above the warn threshold of [5000ms]", "cluster.uuid": "Qbw2pof0QzSXC1OvK0aFSw", "node.id": "t9hfPgy_RyC9LOJUxQUrSQ"  }
{"type": "server", "timestamp": "2022-03-29T15:25:03,921Z", "level": "WARN", "component": "o.e.t.TransportService", "cluster.name": "tpotcluster", "node.name": "tpotcluster-node-01", "message": "Received response for a request that has timed out, sent [3.6m/221607ms] ago, timed out [2.7m/163123ms] ago, action [indices:monitor/stats[n]], node [{tpotcluster-node-01}{t9hfPgy_RyC9LOJUxQUrSQ}{tML8VwhRRTuK70x_-QopTQ}{127.0.0.1}{127.0.0.1:9300}{cdfhimrstw}{xpack.installed=true, transform.node=true}], id [1010]", "cluster.uuid": "Qbw2pof0QzSXC1OvK0aFSw", "node.id": "t9hfPgy_RyC9LOJUxQUrSQ"  }
{"type": "server", "timestamp": "2022-03-29T15:25:10,892Z", "level": "WARN", "component": "o.e.t.ThreadPool", "cluster.name": "tpotcluster", "node.name": "tpotcluster-node-01", "message": "execution of [ReschedulingRunnable{runnable=org.elasticsearch.monitor.jvm.JvmGcMonitorService$1@23ddf060, interval=1s}] took [7071ms] which is above the warn threshold of [5000ms]", "cluster.uuid": "Qbw2pof0QzSXC1OvK0aFSw", "node.id": "t9hfPgy_RyC9LOJUxQUrSQ"  }
{"type": "server", "timestamp": "2022-03-29T15:25:34,224Z", "level": "WARN", "component": "o.e.t.TransportService", "cluster.name": "tpotcluster", "node.name": "tpotcluster-node-01", "message": "Received response for a request that has timed out, sent [1.8m/113939ms] ago, timed out [1.1m/69636ms] ago, action [cluster:monitor/nodes/stats[n]], node [{tpotcluster-node-01}{t9hfPgy_RyC9LOJUxQUrSQ}{tML8VwhRRTuK70x_-QopTQ}{127.0.0.1}{127.0.0.1:9300}{cdfhimrstw}{xpack.installed=true, transform.node=true}], id [1019]", "cluster.uuid": "Qbw2pof0QzSXC1OvK0aFSw", "node.id": "t9hfPgy_RyC9LOJUxQUrSQ"  }
{"type": "server", "timestamp": "2022-03-29T15:25:49,415Z", "level": "WARN", "component": "o.e.c.InternalClusterInfoService", "cluster.name": "tpotcluster", "node.name": "tpotcluster-node-01", "message": "failed to retrieve shard stats from node [t9hfPgy_RyC9LOJUxQUrSQ]: [tpotcluster-node-01][127.0.0.1:9300][indices:monitor/stats[n]] request_id [1054] timed out after [18973ms]", "cluster.uuid": "Qbw2pof0QzSXC1OvK0aFSw", "node.id": "t9hfPgy_RyC9LOJUxQUrSQ"  }
{"type": "server", "timestamp": "2022-03-29T15:25:52,215Z", "level": "WARN", "component": "o.e.t.TransportService", "cluster.name": "tpotcluster", "node.name": "tpotcluster-node-01", "message": "Received response for a request that has timed out, sent [1.9m/119907ms] ago, timed out [1.4m/86652ms] ago, action [indices:monitor/stats[n]], node [{tpotcluster-node-01}{t9hfPgy_RyC9LOJUxQUrSQ}{tML8VwhRRTuK70x_-QopTQ}{127.0.0.1}{127.0.0.1:9300}{cdfhimrstw}{xpack.installed=true, transform.node=true}], id [1020]", "cluster.uuid": "Qbw2pof0QzSXC1OvK0aFSw", "node.id": "t9hfPgy_RyC9LOJUxQUrSQ"  }
{"type": "server", "timestamp": "2022-03-29T15:25:58,819Z", "level": "WARN", "component": "o.e.t.ThreadPool", "cluster.name": "tpotcluster", "node.name": "tpotcluster-node-01", "message": "execution of [ReschedulingRunnable{runnable=org.elasticsearch.monitor.jvm.JvmGcMonitorService$1@23ddf060, interval=1s}] took [8440ms] which is above the warn threshold of [5000ms]", "cluster.uuid": "Qbw2pof0QzSXC1OvK0aFSw", "node.id": "t9hfPgy_RyC9LOJUxQUrSQ"  }
{"type": "server", "timestamp": "2022-03-29T15:26:24,469Z", "level": "WARN", "component": "o.e.t.ThreadPool", "cluster.name": "tpotcluster", "node.name": "tpotcluster-node-01", "message": "execution of [ReschedulingRunnable{runnable=org.elasticsearch.monitor.jvm.JvmGcMonitorService$1@23ddf060, interval=1s}] took [14366ms] which is above the warn threshold of [5000ms]", "cluster.uuid": "Qbw2pof0QzSXC1OvK0aFSw", "node.id": "t9hfPgy_RyC9LOJUxQUrSQ"  }
{"type": "server", "timestamp": "2022-03-29T15:26:50,731Z", "level": "WARN", "component": "o.e.t.ThreadPool", "cluster.name": "tpotcluster", "node.name": "tpotcluster-node-01", "message": "execution of [ReschedulingRunnable{runnable=org.elasticsearch.monitor.jvm.JvmGcMonitorService$1@23ddf060, interval=1s}] took [6840ms] which is above the warn threshold of [5000ms]", "cluster.uuid": "Qbw2pof0QzSXC1OvK0aFSw", "node.id": "t9hfPgy_RyC9LOJUxQUrSQ"  }
{"type": "server", "timestamp": "2022-03-29T15:27:05,050Z", "level": "WARN", "component": "o.e.t.ThreadPool", "cluster.name": "tpotcluster", "node.name": "tpotcluster-node-01", "message": "execution of [org.elasticsearch.cluster.InternalClusterInfoService$RefreshScheduler$$Lambda$5109/0x00000008017ea020@6d86df9e] took [9691ms] which is above the warn threshold of [5000ms]", "cluster.uuid": "Qbw2pof0QzSXC1OvK0aFSw", "node.id": "t9hfPgy_RyC9LOJUxQUrSQ"  }
{"type": "server", "timestamp": "2022-03-29T15:27:22,736Z", "level": "WARN", "component": "o.e.t.ThreadPool", "cluster.name": "tpotcluster", "node.name": "tpotcluster-node-01", "message": "execution of [ReschedulingRunnable{runnable=org.elasticsearch.monitor.jvm.JvmGcMonitorService$1@23ddf060, interval=1s}] took [9706ms] which is above the warn threshold of [5000ms]", "cluster.uuid": "Qbw2pof0QzSXC1OvK0aFSw", "node.id": "t9hfPgy_RyC9LOJUxQUrSQ"  }
{"type": "server", "timestamp": "2022-03-29T15:27:25,031Z", "level": "WARN", "component": "o.e.m.f.FsHealthService", "cluster.name": "tpotcluster", "node.name": "tpotcluster-node-01", "message": "health check of [/data/elk/data/nodes/0] took [8378ms] which is above the warn threshold of [5s]", "cluster.uuid": "Qbw2pof0QzSXC1OvK0aFSw", "node.id": "t9hfPgy_RyC9LOJUxQUrSQ"  }
{"type": "server", "timestamp": "2022-03-29T15:27:38,614Z", "level": "WARN", "component": "o.e.c.InternalClusterInfoService", "cluster.name": "tpotcluster", "node.name": "tpotcluster-node-01", "message": "failed to retrieve stats for node [t9hfPgy_RyC9LOJUxQUrSQ]: [tpotcluster-node-01][127.0.0.1:9300][cluster:monitor/nodes/stats[n]] request_id [1076] timed out after [38398ms]", "cluster.uuid": "Qbw2pof0QzSXC1OvK0aFSw", "node.id": "t9hfPgy_RyC9LOJUxQUrSQ"  }
{"type": "server", "timestamp": "2022-03-29T15:27:43,709Z", "level": "WARN", "component": "o.e.t.ThreadPool", "cluster.name": "tpotcluster", "node.name": "tpotcluster-node-01", "message": "execution of [ReschedulingRunnable{runnable=org.elasticsearch.monitor.jvm.JvmGcMonitorService$1@23ddf060, interval=1s}] took [5887ms] which is above the warn threshold of [5000ms]", "cluster.uuid": "Qbw2pof0QzSXC1OvK0aFSw", "node.id": "t9hfPgy_RyC9LOJUxQUrSQ"  }
{"type": "server", "timestamp": "2022-03-29T15:27:38,740Z", "level": "WARN", "component": "o.e.c.InternalClusterInfoService", "cluster.name": "tpotcluster", "node.name": "tpotcluster-node-01", "message": "failed to retrieve shard stats from node [t9hfPgy_RyC9LOJUxQUrSQ]: [tpotcluster-node-01][127.0.0.1:9300][indices:monitor/stats[n]] request_id [1079] timed out after [32860ms]", "cluster.uuid": "Qbw2pof0QzSXC1OvK0aFSw", "node.id": "t9hfPgy_RyC9LOJUxQUrSQ"  }
{"type": "server", "timestamp": "2022-03-29T15:27:46,870Z", "level": "WARN", "component": "o.e.t.TransportService", "cluster.name": "tpotcluster", "node.name": "tpotcluster-node-01", "message": "Received response for a request that has timed out, sent [46s/46087ms] ago, timed out [7.6s/7689ms] ago, action [cluster:monitor/nodes/stats[n]], node [{tpotcluster-node-01}{t9hfPgy_RyC9LOJUxQUrSQ}{tML8VwhRRTuK70x_-QopTQ}{127.0.0.1}{127.0.0.1:9300}{cdfhimrstw}{xpack.installed=true, transform.node=true}], id [1076]", "cluster.uuid": "Qbw2pof0QzSXC1OvK0aFSw", "node.id": "t9hfPgy_RyC9LOJUxQUrSQ"  }
{"type": "server", "timestamp": "2022-03-29T15:27:57,885Z", "level": "WARN", "component": "o.e.t.ThreadPool", "cluster.name": "tpotcluster", "node.name": "tpotcluster-node-01", "message": "execution of [ReschedulingRunnable{runnable=org.elasticsearch.monitor.jvm.JvmGcMonitorService$1@23ddf060, interval=1s}] took [9033ms] which is above the warn threshold of [5000ms]", "cluster.uuid": "Qbw2pof0QzSXC1OvK0aFSw", "node.id": "t9hfPgy_RyC9LOJUxQUrSQ"  }
{"type": "server", "timestamp": "2022-03-29T15:28:18,598Z", "level": "WARN", "component": "o.e.t.ThreadPool", "cluster.name": "tpotcluster", "node.name": "tpotcluster-node-01", "message": "execution of [ReschedulingRunnable{runnable=org.elasticsearch.monitor.jvm.JvmGcMonitorService$1@23ddf060, interval=1s}] took [12397ms] which is above the warn threshold of [5000ms]", "cluster.uuid": "Qbw2pof0QzSXC1OvK0aFSw", "node.id": "t9hfPgy_RyC9LOJUxQUrSQ"  }
{"type": "server", "timestamp": "2022-03-29T15:28:44,676Z", "level": "WARN", "component": "o.e.t.ThreadPool", "cluster.name": "tpotcluster", "node.name": "tpotcluster-node-01", "message": "execution of [ReschedulingRunnable{runnable=org.elasticsearch.monitor.jvm.JvmGcMonitorService$1@23ddf060, interval=1s}] took [9363ms] which is above the warn threshold of [5000ms]", "cluster.uuid": "Qbw2pof0QzSXC1OvK0aFSw", "node.id": "t9hfPgy_RyC9LOJUxQUrSQ"  }
{"type": "server", "timestamp": "2022-03-29T15:29:04,591Z", "level": "WARN", "component": "o.e.t.ThreadPool", "cluster.name": "tpotcluster", "node.name": "tpotcluster-node-01", "message": "execution of [org.elasticsearch.cluster.InternalClusterInfoService$RefreshScheduler$$Lambda$5109/0x00000008017ea020@22989ee8] took [13704ms] which is above the warn threshold of [5000ms]", "cluster.uuid": "Qbw2pof0QzSXC1OvK0aFSw", "node.id": "t9hfPgy_RyC9LOJUxQUrSQ"  }
{"type": "server", "timestamp": "2022-03-29T15:29:42,030Z", "level": "WARN", "component": "o.e.t.ThreadPool", "cluster.name": "tpotcluster", "node.name": "tpotcluster-node-01", "message": "execution of [ReschedulingRunnable{runnable=org.elasticsearch.monitor.jvm.JvmGcMonitorService$1@23ddf060, interval=1s}] took [19213ms] which is above the warn threshold of [5000ms]", "cluster.uuid": "Qbw2pof0QzSXC1OvK0aFSw", "node.id": "t9hfPgy_RyC9LOJUxQUrSQ"  }
{"type": "server", "timestamp": "2022-03-29T15:30:30,019Z", "level": "WARN", "component": "o.e.c.InternalClusterInfoService", "cluster.name": "tpotcluster", "node.name": "tpotcluster-node-01", "message": "failed to retrieve stats for node [t9hfPgy_RyC9LOJUxQUrSQ]: [tpotcluster-node-01][127.0.0.1:9300][cluster:monitor/nodes/stats[n]] request_id [1093] timed out after [91079ms]", "cluster.uuid": "Qbw2pof0QzSXC1OvK0aFSw", "node.id": "t9hfPgy_RyC9LOJUxQUrSQ"  }
{"type": "server", "timestamp": "2022-03-29T15:30:47,075Z", "level": "WARN", "component": "o.e.t.TransportService", "cluster.name": "tpotcluster", "node.name": "tpotcluster-node-01", "message": "Received response for a request that has timed out, sent [3.6m/217829ms] ago, timed out [3m/184969ms] ago, action [indices:monitor/stats[n]], node [{tpotcluster-node-01}{t9hfPgy_RyC9LOJUxQUrSQ}{tML8VwhRRTuK70x_-QopTQ}{127.0.0.1}{127.0.0.1:9300}{cdfhimrstw}{xpack.installed=true, transform.node=true}], id [1079]", "cluster.uuid": "Qbw2pof0QzSXC1OvK0aFSw", "node.id": "t9hfPgy_RyC9LOJUxQUrSQ"  }
{"type": "server", "timestamp": "2022-03-29T15:30:44,300Z", "level": "WARN", "component": "o.e.c.InternalClusterInfoService", "cluster.name": "tpotcluster", "node.name": "tpotcluster-node-01", "message": "failed to retrieve shard stats from node [t9hfPgy_RyC9LOJUxQUrSQ]: [tpotcluster-node-01][127.0.0.1:9300][indices:monitor/stats[n]] request_id [1094] timed out after [95519ms]", "cluster.uuid": "Qbw2pof0QzSXC1OvK0aFSw", "node.id": "t9hfPgy_RyC9LOJUxQUrSQ"  }
{"type": "server", "timestamp": "2022-03-29T15:31:00,451Z", "level": "WARN", "component": "o.e.t.ThreadPool", "cluster.name": "tpotcluster", "node.name": "tpotcluster-node-01", "message": "execution of [ReschedulingRunnable{runnable=org.elasticsearch.monitor.jvm.JvmGcMonitorService$1@23ddf060, interval=1s}] took [15813ms] which is above the warn threshold of [5000ms]", "cluster.uuid": "Qbw2pof0QzSXC1OvK0aFSw", "node.id": "t9hfPgy_RyC9LOJUxQUrSQ"  }
{"type": "server", "timestamp": "2022-03-29T15:31:05,510Z", "level": "WARN", "component": "o.e.t.TransportService", "cluster.name": "tpotcluster", "node.name": "tpotcluster-node-01", "message": "Received response for a request that has timed out, sent [5.5m/333264ms] ago, timed out [5.2m/314291ms] ago, action [indices:monitor/stats[n]], node [{tpotcluster-node-01}{t9hfPgy_RyC9LOJUxQUrSQ}{tML8VwhRRTuK70x_-QopTQ}{127.0.0.1}{127.0.0.1:9300}{cdfhimrstw}{xpack.installed=true, transform.node=true}], id [1054]", "cluster.uuid": "Qbw2pof0QzSXC1OvK0aFSw", "node.id": "t9hfPgy_RyC9LOJUxQUrSQ"  }
{"type": "server", "timestamp": "2022-03-29T15:31:01,005Z", "level": "WARN", "component": "o.e.m.f.FsHealthService", "cluster.name": "tpotcluster", "node.name": "tpotcluster-node-01", "message": "health check of [/data/elk/data/nodes/0] took [12964ms] which is above the warn threshold of [5s]", "cluster.uuid": "Qbw2pof0QzSXC1OvK0aFSw", "node.id": "t9hfPgy_RyC9LOJUxQUrSQ"  }
{"type": "server", "timestamp": "2022-03-29T15:31:40,314Z", "level": "WARN", "component": "o.e.t.ThreadPool", "cluster.name": "tpotcluster", "node.name": "tpotcluster-node-01", "message": "execution of [ReschedulingRunnable{runnable=org.elasticsearch.monitor.jvm.JvmGcMonitorService$1@23ddf060, interval=1s}] took [11928ms] which is above the warn threshold of [5000ms]", "cluster.uuid": "Qbw2pof0QzSXC1OvK0aFSw", "node.id": "t9hfPgy_RyC9LOJUxQUrSQ"  }
{"type": "server", "timestamp": "2022-03-29T15:31:57,403Z", "level": "WARN", "component": "o.e.t.ThreadPool", "cluster.name": "tpotcluster", "node.name": "tpotcluster-node-01", "message": "execution of [ReschedulingRunnable{runnable=org.elasticsearch.monitor.jvm.JvmGcMonitorService$1@23ddf060, interval=1s}] took [8893ms] which is above the warn threshold of [5000ms]", "cluster.uuid": "Qbw2pof0QzSXC1OvK0aFSw", "node.id": "t9hfPgy_RyC9LOJUxQUrSQ"  }
{"type": "server", "timestamp": "2022-03-29T15:59:53,329Z", "level": "WARN", "component": "o.e.t.ThreadPool", "cluster.name": "tpotcluster", "node.name": "tpotcluster-node-01", "message": "timer thread slept for [27.4m/1648146ms] on absolute clock which is above the warn threshold of [5000ms]", "cluster.uuid": "Qbw2pof0QzSXC1OvK0aFSw", "node.id": "t9hfPgy_RyC9LOJUxQUrSQ"  }
{"type": "server", "timestamp": "2022-03-29T15:59:58,059Z", "level": "WARN", "component": "o.e.t.TransportService", "cluster.name": "tpotcluster", "node.name": "tpotcluster-node-01", "message": "Received response for a request that has timed out, sent [3.2m/196778ms] ago, timed out [1.7m/105699ms] ago, action [cluster:monitor/nodes/stats[n]], node [{tpotcluster-node-01}{t9hfPgy_RyC9LOJUxQUrSQ}{tML8VwhRRTuK70x_-QopTQ}{127.0.0.1}{127.0.0.1:9300}{cdfhimrstw}{xpack.installed=true, transform.node=true}], id [1093]", "cluster.uuid": "Qbw2pof0QzSXC1OvK0aFSw", "node.id": "t9hfPgy_RyC9LOJUxQUrSQ"  }
{"type": "server", "timestamp": "2022-03-29T16:02:44,466Z", "level": "WARN", "component": "o.e.t.ThreadPool", "cluster.name": "tpotcluster", "node.name": "tpotcluster-node-01", "message": "execution of [ReschedulingRunnable{runnable=org.elasticsearch.watcher.ResourceWatcherService$ResourceMonitor@1983a6dc, interval=5s}] took [1648946ms] which is above the warn threshold of [5000ms]", "cluster.uuid": "Qbw2pof0QzSXC1OvK0aFSw", "node.id": "t9hfPgy_RyC9LOJUxQUrSQ"  }
{"type": "server", "timestamp": "2022-03-29T16:03:22,562Z", "level": "WARN", "component": "o.e.t.ThreadPool", "cluster.name": "tpotcluster", "node.name": "tpotcluster-node-01", "message": "timer thread slept for [27.4m/1648146101310ns] on relative clock which is above the warn threshold of [5000ms]", "cluster.uuid": "Qbw2pof0QzSXC1OvK0aFSw", "node.id": "t9hfPgy_RyC9LOJUxQUrSQ"  }
{"type": "server", "timestamp": "2022-03-29T16:07:03,829Z", "level": "WARN", "component": "o.e.t.ThreadPool", "cluster.name": "tpotcluster", "node.name": "tpotcluster-node-01", "message": "timer thread slept for [7.2m/437786ms] on absolute clock which is above the warn threshold of [5000ms]", "cluster.uuid": "Qbw2pof0QzSXC1OvK0aFSw", "node.id": "t9hfPgy_RyC9LOJUxQUrSQ"  }
{"type": "server", "timestamp": "2022-03-29T16:10:19,928Z", "level": "WARN", "component": "o.e.t.ThreadPool", "cluster.name": "tpotcluster", "node.name": "tpotcluster-node-01", "message": "timer thread slept for [7.2m/437467282746ns] on relative clock which is above the warn threshold of [5000ms]", "cluster.uuid": "Qbw2pof0QzSXC1OvK0aFSw", "node.id": "t9hfPgy_RyC9LOJUxQUrSQ"  }
{"type": "server", "timestamp": "2022-03-29T16:14:03,775Z", "level": "WARN", "component": "o.e.t.ThreadPool", "cluster.name": "tpotcluster", "node.name": "tpotcluster-node-01", "message": "timer thread slept for [6.8m/410379ms] on absolute clock which is above the warn threshold of [5000ms]", "cluster.uuid": "Qbw2pof0QzSXC1OvK0aFSw", "node.id": "t9hfPgy_RyC9LOJUxQUrSQ"  }
{"type": "server", "timestamp": "2022-03-29T16:18:13,407Z", "level": "WARN", "component": "o.e.t.ThreadPool", "cluster.name": "tpotcluster", "node.name": "tpotcluster-node-01", "message": "timer thread slept for [6.8m/410221426146ns] on relative clock which is above the warn threshold of [5000ms]", "cluster.uuid": "Qbw2pof0QzSXC1OvK0aFSw", "node.id": "t9hfPgy_RyC9LOJUxQUrSQ"  }
{"type": "server", "timestamp": "2022-03-29T16:22:25,237Z", "level": "WARN", "component": "o.e.t.ThreadPool", "cluster.name": "tpotcluster", "node.name": "tpotcluster-node-01", "message": "timer thread slept for [7.9m/479806ms] on absolute clock which is above the warn threshold of [5000ms]", "cluster.uuid": "Qbw2pof0QzSXC1OvK0aFSw", "node.id": "t9hfPgy_RyC9LOJUxQUrSQ"  }
{"type": "server", "timestamp": "2022-03-29T16:28:26,070Z", "level": "WARN", "component": "o.e.t.ThreadPool", "cluster.name": "tpotcluster", "node.name": "tpotcluster-node-01", "message": "timer thread slept for [8m/480282394627ns] on relative clock which is above the warn threshold of [5000ms]", "cluster.uuid": "Qbw2pof0QzSXC1OvK0aFSw", "node.id": "t9hfPgy_RyC9LOJUxQUrSQ"  }
{"type": "server", "timestamp": "2022-03-29T16:29:07,428Z", "level": "WARN", "component": "o.e.m.j.JvmGcMonitorService", "cluster.name": "tpotcluster", "node.name": "tpotcluster-node-01", "message": "[gc][young][299][54] duration [24.3m], collections [1]/[45.1m], total [24.3m]/[27.1m], memory [280.8mb]->[201.5mb]/[2gb], all_pools {[young] [80mb]->[4mb]/[0b]}{[old] [190.3mb]->[192.6mb]/[2gb]}{[survivor] [10.4mb]->[4.8mb]/[0b]}", "cluster.uuid": "Qbw2pof0QzSXC1OvK0aFSw", "node.id": "t9hfPgy_RyC9LOJUxQUrSQ"  }
{"type": "server", "timestamp": "2022-03-29T16:33:51,509Z", "level": "WARN", "component": "o.e.t.ThreadPool", "cluster.name": "tpotcluster", "node.name": "tpotcluster-node-01", "message": "timer thread slept for [11.9m/718181ms] on absolute clock which is above the warn threshold of [5000ms]", "cluster.uuid": "Qbw2pof0QzSXC1OvK0aFSw", "node.id": "t9hfPgy_RyC9LOJUxQUrSQ"  }
{"type": "server", "timestamp": "2022-03-29T16:36:56,035Z", "level": "WARN", "component": "o.e.m.j.JvmGcMonitorService", "cluster.name": "tpotcluster", "node.name": "tpotcluster-node-01", "message": "[gc][299] overhead, spent [24.3m] collecting in the last [45.1m]", "cluster.uuid": "Qbw2pof0QzSXC1OvK0aFSw", "node.id": "t9hfPgy_RyC9LOJUxQUrSQ"  }
{"type": "server", "timestamp": "2022-03-29T16:40:25,767Z", "level": "WARN", "component": "o.e.t.ThreadPool", "cluster.name": "tpotcluster", "node.name": "tpotcluster-node-01", "message": "timer thread slept for [11.9m/717858485126ns] on relative clock which is above the warn threshold of [5000ms]", "cluster.uuid": "Qbw2pof0QzSXC1OvK0aFSw", "node.id": "t9hfPgy_RyC9LOJUxQUrSQ"  }
{"type": "server", "timestamp": "2022-03-29T16:43:25,391Z", "level": "WARN", "component": "o.e.t.ThreadPool", "cluster.name": "tpotcluster", "node.name": "tpotcluster-node-01", "message": "execution of [ReschedulingRunnable{runnable=org.elasticsearch.monitor.jvm.JvmGcMonitorService$1@23ddf060, interval=1s}] took [1198140ms] which is above the warn threshold of [5000ms]", "cluster.uuid": "Qbw2pof0QzSXC1OvK0aFSw", "node.id": "t9hfPgy_RyC9LOJUxQUrSQ"  }
{"type": "server", "timestamp": "2022-03-29T16:44:57,801Z", "level": "WARN", "component": "o.e.t.ThreadPool", "cluster.name": "tpotcluster", "node.name": "tpotcluster-node-01", "message": "timer thread slept for [11m/664598ms] on absolute clock which is above the warn threshold of [5000ms]", "cluster.uuid": "Qbw2pof0QzSXC1OvK0aFSw", "node.id": "t9hfPgy_RyC9LOJUxQUrSQ"  }
{"type": "server", "timestamp": "2022-03-29T16:49:04,310Z", "level": "WARN", "component": "o.e.t.ThreadPool", "cluster.name": "tpotcluster", "node.name": "tpotcluster-node-01", "message": "timer thread slept for [11m/664407444447ns] on relative clock which is above the warn threshold of [5000ms]", "cluster.uuid": "Qbw2pof0QzSXC1OvK0aFSw", "node.id": "t9hfPgy_RyC9LOJUxQUrSQ"  }
{"type": "server", "timestamp": "2022-03-29T16:58:42,321Z", "level": "INFO", "component": "o.e.n.Node", "cluster.name": "tpotcluster", "node.name": "tpotcluster-node-01", "message": "version[7.17.0], pid[1], build[default/tar/bee86328705acaa9a6daede7140defd4d9ec56bd/2022-01-28T08:36:04.875279988Z], OS[Linux/4.19.0-20-cloud-amd64/amd64], JVM[Alpine/OpenJDK 64-Bit Server VM/16.0.2/16.0.2+7-alpine-r1]" }
{"type": "server", "timestamp": "2022-03-29T16:58:42,384Z", "level": "INFO", "component": "o.e.n.Node", "cluster.name": "tpotcluster", "node.name": "tpotcluster-node-01", "message": "JVM home [/usr/lib/jvm/java-16-openjdk], using bundled JDK [false]" }
{"type": "server", "timestamp": "2022-03-29T16:58:42,386Z", "level": "INFO", "component": "o.e.n.Node", "cluster.name": "tpotcluster", "node.name": "tpotcluster-node-01", "message": "JVM arguments [-Xshare:auto, -Des.networkaddress.cache.ttl=60, -Des.networkaddress.cache.negative.ttl=10, -XX:+AlwaysPreTouch, -Xss1m, -Djava.awt.headless=true, -Dfile.encoding=UTF-8, -Djna.nosys=true, -XX:-OmitStackTraceInFastThrow, -XX:+ShowCodeDetailsInExceptionMessages, -Dio.netty.noUnsafe=true, -Dio.netty.noKeySetOptimization=true, -Dio.netty.recycler.maxCapacityPerThread=0, -Dio.netty.allocator.numDirectArenas=0, -Dlog4j.shutdownHookEnabled=false, -Dlog4j2.disable.jmx=true, -Dlog4j2.formatMsgNoLookups=true, -Djava.locale.providers=SPI,COMPAT, --add-opens=java.base/java.io=ALL-UNNAMED, -XX:+UseG1GC, -Djava.io.tmpdir=/tmp, -XX:+HeapDumpOnOutOfMemoryError, -XX:+ExitOnOutOfMemoryError, -XX:HeapDumpPath=data, -XX:ErrorFile=logs/hs_err_pid%p.log, -Xlog:gc*,gc+age=trace,safepoint:file=logs/gc.log:utctime,pid,tags:filecount=32,filesize=64m, -Xms2048m, -Xmx2048m, -XX:MaxDirectMemorySize=1073741824, -XX:G1HeapRegionSize=4m, -XX:InitiatingHeapOccupancyPercent=30, -XX:G1ReservePercent=15, -Des.path.home=/usr/share/elasticsearch, -Des.path.conf=/usr/share/elasticsearch/config, -Des.distribution.flavor=default, -Des.distribution.type=tar, -Des.bundled_jdk=true]" }
{"type": "server", "timestamp": "2022-03-29T16:58:58,423Z", "level": "INFO", "component": "o.e.p.PluginsService", "cluster.name": "tpotcluster", "node.name": "tpotcluster-node-01", "message": "loaded module [aggs-matrix-stats]" }
{"type": "server", "timestamp": "2022-03-29T16:58:58,429Z", "level": "INFO", "component": "o.e.p.PluginsService", "cluster.name": "tpotcluster", "node.name": "tpotcluster-node-01", "message": "loaded module [analysis-common]" }
{"type": "server", "timestamp": "2022-03-29T16:58:58,431Z", "level": "INFO", "component": "o.e.p.PluginsService", "cluster.name": "tpotcluster", "node.name": "tpotcluster-node-01", "message": "loaded module [constant-keyword]" }
{"type": "server", "timestamp": "2022-03-29T16:58:58,431Z", "level": "INFO", "component": "o.e.p.PluginsService", "cluster.name": "tpotcluster", "node.name": "tpotcluster-node-01", "message": "loaded module [frozen-indices]" }
{"type": "server", "timestamp": "2022-03-29T16:58:58,432Z", "level": "INFO", "component": "o.e.p.PluginsService", "cluster.name": "tpotcluster", "node.name": "tpotcluster-node-01", "message": "loaded module [ingest-common]" }
{"type": "server", "timestamp": "2022-03-29T16:58:58,432Z", "level": "INFO", "component": "o.e.p.PluginsService", "cluster.name": "tpotcluster", "node.name": "tpotcluster-node-01", "message": "loaded module [ingest-geoip]" }
{"type": "server", "timestamp": "2022-03-29T16:58:58,433Z", "level": "INFO", "component": "o.e.p.PluginsService", "cluster.name": "tpotcluster", "node.name": "tpotcluster-node-01", "message": "loaded module [ingest-user-agent]" }
{"type": "server", "timestamp": "2022-03-29T16:58:58,439Z", "level": "INFO", "component": "o.e.p.PluginsService", "cluster.name": "tpotcluster", "node.name": "tpotcluster-node-01", "message": "loaded module [kibana]" }
{"type": "server", "timestamp": "2022-03-29T16:58:58,440Z", "level": "INFO", "component": "o.e.p.PluginsService", "cluster.name": "tpotcluster", "node.name": "tpotcluster-node-01", "message": "loaded module [lang-expression]" }
{"type": "server", "timestamp": "2022-03-29T16:58:58,441Z", "level": "INFO", "component": "o.e.p.PluginsService", "cluster.name": "tpotcluster", "node.name": "tpotcluster-node-01", "message": "loaded module [lang-mustache]" }
{"type": "server", "timestamp": "2022-03-29T16:58:58,441Z", "level": "INFO", "component": "o.e.p.PluginsService", "cluster.name": "tpotcluster", "node.name": "tpotcluster-node-01", "message": "loaded module [lang-painless]" }
{"type": "server", "timestamp": "2022-03-29T16:58:58,442Z", "level": "INFO", "component": "o.e.p.PluginsService", "cluster.name": "tpotcluster", "node.name": "tpotcluster-node-01", "message": "loaded module [legacy-geo]" }
{"type": "server", "timestamp": "2022-03-29T16:58:58,450Z", "level": "INFO", "component": "o.e.p.PluginsService", "cluster.name": "tpotcluster", "node.name": "tpotcluster-node-01", "message": "loaded module [mapper-extras]" }
{"type": "server", "timestamp": "2022-03-29T16:58:58,450Z", "level": "INFO", "component": "o.e.p.PluginsService", "cluster.name": "tpotcluster", "node.name": "tpotcluster-node-01", "message": "loaded module [mapper-version]" }
{"type": "server", "timestamp": "2022-03-29T16:58:58,451Z", "level": "INFO", "component": "o.e.p.PluginsService", "cluster.name": "tpotcluster", "node.name": "tpotcluster-node-01", "message": "loaded module [parent-join]" }
{"type": "server", "timestamp": "2022-03-29T16:58:58,459Z", "level": "INFO", "component": "o.e.p.PluginsService", "cluster.name": "tpotcluster", "node.name": "tpotcluster-node-01", "message": "loaded module [percolator]" }
{"type": "server", "timestamp": "2022-03-29T16:58:58,460Z", "level": "INFO", "component": "o.e.p.PluginsService", "cluster.name": "tpotcluster", "node.name": "tpotcluster-node-01", "message": "loaded module [rank-eval]" }
{"type": "server", "timestamp": "2022-03-29T16:58:58,460Z", "level": "INFO", "component": "o.e.p.PluginsService", "cluster.name": "tpotcluster", "node.name": "tpotcluster-node-01", "message": "loaded module [reindex]" }
{"type": "server", "timestamp": "2022-03-29T16:58:58,461Z", "level": "INFO", "component": "o.e.p.PluginsService", "cluster.name": "tpotcluster", "node.name": "tpotcluster-node-01", "message": "loaded module [repositories-metering-api]" }
{"type": "server", "timestamp": "2022-03-29T16:58:58,469Z", "level": "INFO", "component": "o.e.p.PluginsService", "cluster.name": "tpotcluster", "node.name": "tpotcluster-node-01", "message": "loaded module [repository-encrypted]" }
{"type": "server", "timestamp": "2022-03-29T16:58:58,470Z", "level": "INFO", "component": "o.e.p.PluginsService", "cluster.name": "tpotcluster", "node.name": "tpotcluster-node-01", "message": "loaded module [repository-url]" }
{"type": "server", "timestamp": "2022-03-29T16:58:58,470Z", "level": "INFO", "component": "o.e.p.PluginsService", "cluster.name": "tpotcluster", "node.name": "tpotcluster-node-01", "message": "loaded module [runtime-fields-common]" }
{"type": "server", "timestamp": "2022-03-29T16:58:58,471Z", "level": "INFO", "component": "o.e.p.PluginsService", "cluster.name": "tpotcluster", "node.name": "tpotcluster-node-01", "message": "loaded module [search-business-rules]" }
{"type": "server", "timestamp": "2022-03-29T16:58:58,472Z", "level": "INFO", "component": "o.e.p.PluginsService", "cluster.name": "tpotcluster", "node.name": "tpotcluster-node-01", "message": "loaded module [searchable-snapshots]" }
{"type": "server", "timestamp": "2022-03-29T16:58:58,476Z", "level": "INFO", "component": "o.e.p.PluginsService", "cluster.name": "tpotcluster", "node.name": "tpotcluster-node-01", "message": "loaded module [snapshot-repo-test-kit]" }
{"type": "server", "timestamp": "2022-03-29T16:58:58,476Z", "level": "INFO", "component": "o.e.p.PluginsService", "cluster.name": "tpotcluster", "node.name": "tpotcluster-node-01", "message": "loaded module [spatial]" }
{"type": "server", "timestamp": "2022-03-29T16:58:58,480Z", "level": "INFO", "component": "o.e.p.PluginsService", "cluster.name": "tpotcluster", "node.name": "tpotcluster-node-01", "message": "loaded module [transform]" }
{"type": "server", "timestamp": "2022-03-29T16:58:58,481Z", "level": "INFO", "component": "o.e.p.PluginsService", "cluster.name": "tpotcluster", "node.name": "tpotcluster-node-01", "message": "loaded module [transport-netty4]" }
{"type": "server", "timestamp": "2022-03-29T16:58:58,481Z", "level": "INFO", "component": "o.e.p.PluginsService", "cluster.name": "tpotcluster", "node.name": "tpotcluster-node-01", "message": "loaded module [unsigned-long]" }
{"type": "server", "timestamp": "2022-03-29T16:58:58,489Z", "level": "INFO", "component": "o.e.p.PluginsService", "cluster.name": "tpotcluster", "node.name": "tpotcluster-node-01", "message": "loaded module [vector-tile]" }
{"type": "server", "timestamp": "2022-03-29T16:58:58,490Z", "level": "INFO", "component": "o.e.p.PluginsService", "cluster.name": "tpotcluster", "node.name": "tpotcluster-node-01", "message": "loaded module [vectors]" }
{"type": "server", "timestamp": "2022-03-29T16:58:58,500Z", "level": "INFO", "component": "o.e.p.PluginsService", "cluster.name": "tpotcluster", "node.name": "tpotcluster-node-01", "message": "loaded module [wildcard]" }
{"type": "server", "timestamp": "2022-03-29T16:58:58,502Z", "level": "INFO", "component": "o.e.p.PluginsService", "cluster.name": "tpotcluster", "node.name": "tpotcluster-node-01", "message": "loaded module [x-pack-aggregate-metric]" }
{"type": "server", "timestamp": "2022-03-29T16:58:58,502Z", "level": "INFO", "component": "o.e.p.PluginsService", "cluster.name": "tpotcluster", "node.name": "tpotcluster-node-01", "message": "loaded module [x-pack-analytics]" }
{"type": "server", "timestamp": "2022-03-29T16:58:58,503Z", "level": "INFO", "component": "o.e.p.PluginsService", "cluster.name": "tpotcluster", "node.name": "tpotcluster-node-01", "message": "loaded module [x-pack-async]" }
{"type": "server", "timestamp": "2022-03-29T16:58:58,504Z", "level": "INFO", "component": "o.e.p.PluginsService", "cluster.name": "tpotcluster", "node.name": "tpotcluster-node-01", "message": "loaded module [x-pack-async-search]" }
{"type": "server", "timestamp": "2022-03-29T16:58:58,504Z", "level": "INFO", "component": "o.e.p.PluginsService", "cluster.name": "tpotcluster", "node.name": "tpotcluster-node-01", "message": "loaded module [x-pack-autoscaling]" }
{"type": "server", "timestamp": "2022-03-29T16:58:58,505Z", "level": "INFO", "component": "o.e.p.PluginsService", "cluster.name": "tpotcluster", "node.name": "tpotcluster-node-01", "message": "loaded module [x-pack-ccr]" }
{"type": "server", "timestamp": "2022-03-29T16:58:58,510Z", "level": "INFO", "component": "o.e.p.PluginsService", "cluster.name": "tpotcluster", "node.name": "tpotcluster-node-01", "message": "loaded module [x-pack-core]" }
{"type": "server", "timestamp": "2022-03-29T16:58:58,511Z", "level": "INFO", "component": "o.e.p.PluginsService", "cluster.name": "tpotcluster", "node.name": "tpotcluster-node-01", "message": "loaded module [x-pack-data-streams]" }
{"type": "server", "timestamp": "2022-03-29T16:58:58,521Z", "level": "INFO", "component": "o.e.p.PluginsService", "cluster.name": "tpotcluster", "node.name": "tpotcluster-node-01", "message": "loaded module [x-pack-deprecation]" }
{"type": "server", "timestamp": "2022-03-29T16:58:58,522Z", "level": "INFO", "component": "o.e.p.PluginsService", "cluster.name": "tpotcluster", "node.name": "tpotcluster-node-01", "message": "loaded module [x-pack-enrich]" }
{"type": "server", "timestamp": "2022-03-29T16:58:58,523Z", "level": "INFO", "component": "o.e.p.PluginsService", "cluster.name": "tpotcluster", "node.name": "tpotcluster-node-01", "message": "loaded module [x-pack-eql]" }
{"type": "server", "timestamp": "2022-03-29T16:58:58,523Z", "level": "INFO", "component": "o.e.p.PluginsService", "cluster.name": "tpotcluster", "node.name": "tpotcluster-node-01", "message": "loaded module [x-pack-fleet]" }
{"type": "server", "timestamp": "2022-03-29T16:58:58,530Z", "level": "INFO", "component": "o.e.p.PluginsService", "cluster.name": "tpotcluster", "node.name": "tpotcluster-node-01", "message": "loaded module [x-pack-graph]" }
{"type": "server", "timestamp": "2022-03-29T16:58:58,530Z", "level": "INFO", "component": "o.e.p.PluginsService", "cluster.name": "tpotcluster", "node.name": "tpotcluster-node-01", "message": "loaded module [x-pack-identity-provider]" }
{"type": "server", "timestamp": "2022-03-29T16:58:58,531Z", "level": "INFO", "component": "o.e.p.PluginsService", "cluster.name": "tpotcluster", "node.name": "tpotcluster-node-01", "message": "loaded module [x-pack-ilm]" }
{"type": "server", "timestamp": "2022-03-29T16:58:58,531Z", "level": "INFO", "component": "o.e.p.PluginsService", "cluster.name": "tpotcluster", "node.name": "tpotcluster-node-01", "message": "loaded module [x-pack-logstash]" }
{"type": "server", "timestamp": "2022-03-29T16:58:58,532Z", "level": "INFO", "component": "o.e.p.PluginsService", "cluster.name": "tpotcluster", "node.name": "tpotcluster-node-01", "message": "loaded module [x-pack-monitoring]" }
{"type": "server", "timestamp": "2022-03-29T16:58:58,533Z", "level": "INFO", "component": "o.e.p.PluginsService", "cluster.name": "tpotcluster", "node.name": "tpotcluster-node-01", "message": "loaded module [x-pack-ql]" }
{"type": "server", "timestamp": "2022-03-29T16:58:58,533Z", "level": "INFO", "component": "o.e.p.PluginsService", "cluster.name": "tpotcluster", "node.name": "tpotcluster-node-01", "message": "loaded module [x-pack-rollup]" }
{"type": "server", "timestamp": "2022-03-29T16:58:58,540Z", "level": "INFO", "component": "o.e.p.PluginsService", "cluster.name": "tpotcluster", "node.name": "tpotcluster-node-01", "message": "loaded module [x-pack-security]" }
{"type": "server", "timestamp": "2022-03-29T16:58:58,541Z", "level": "INFO", "component": "o.e.p.PluginsService", "cluster.name": "tpotcluster", "node.name": "tpotcluster-node-01", "message": "loaded module [x-pack-shutdown]" }
{"type": "server", "timestamp": "2022-03-29T16:58:58,541Z", "level": "INFO", "component": "o.e.p.PluginsService", "cluster.name": "tpotcluster", "node.name": "tpotcluster-node-01", "message": "loaded module [x-pack-sql]" }
{"type": "server", "timestamp": "2022-03-29T16:58:58,543Z", "level": "INFO", "component": "o.e.p.PluginsService", "cluster.name": "tpotcluster", "node.name": "tpotcluster-node-01", "message": "loaded module [x-pack-stack]" }
{"type": "server", "timestamp": "2022-03-29T16:58:58,548Z", "level": "INFO", "component": "o.e.p.PluginsService", "cluster.name": "tpotcluster", "node.name": "tpotcluster-node-01", "message": "loaded module [x-pack-text-structure]" }
{"type": "server", "timestamp": "2022-03-29T16:58:58,550Z", "level": "INFO", "component": "o.e.p.PluginsService", "cluster.name": "tpotcluster", "node.name": "tpotcluster-node-01", "message": "loaded module [x-pack-voting-only-node]" }
{"type": "server", "timestamp": "2022-03-29T16:58:58,554Z", "level": "INFO", "component": "o.e.p.PluginsService", "cluster.name": "tpotcluster", "node.name": "tpotcluster-node-01", "message": "loaded module [x-pack-watcher]" }
{"type": "server", "timestamp": "2022-03-29T16:58:58,555Z", "level": "INFO", "component": "o.e.p.PluginsService", "cluster.name": "tpotcluster", "node.name": "tpotcluster-node-01", "message": "no plugins loaded" }
{"type": "server", "timestamp": "2022-03-29T16:58:58,741Z", "level": "INFO", "component": "o.e.e.NodeEnvironment", "cluster.name": "tpotcluster", "node.name": "tpotcluster-node-01", "message": "using [1] data paths, mounts [[/data (/dev/sda1)]], net usable_space [103.6gb], net total_space [125.8gb], types [ext4]" }
{"type": "server", "timestamp": "2022-03-29T16:58:58,742Z", "level": "INFO", "component": "o.e.e.NodeEnvironment", "cluster.name": "tpotcluster", "node.name": "tpotcluster-node-01", "message": "heap size [2gb], compressed ordinary object pointers [true]" }
{"type": "server", "timestamp": "2022-03-29T16:58:59,433Z", "level": "INFO", "component": "o.e.n.Node", "cluster.name": "tpotcluster", "node.name": "tpotcluster-node-01", "message": "node name [tpotcluster-node-01], node ID [t9hfPgy_RyC9LOJUxQUrSQ], cluster name [tpotcluster], roles [transform, data_frozen, master, remote_cluster_client, data, data_content, data_hot, data_warm, data_cold, ingest]" }
{"type": "server", "timestamp": "2022-03-29T16:59:18,955Z", "level": "INFO", "component": "o.e.i.g.ConfigDatabases", "cluster.name": "tpotcluster", "node.name": "tpotcluster-node-01", "message": "initialized default databases [[GeoLite2-Country.mmdb, GeoLite2-City.mmdb, GeoLite2-ASN.mmdb]], config databases [[]] and watching [/usr/share/elasticsearch/config/ingest-geoip] for changes" }
{"type": "server", "timestamp": "2022-03-29T16:59:18,959Z", "level": "INFO", "component": "o.e.i.g.DatabaseNodeService", "cluster.name": "tpotcluster", "node.name": "tpotcluster-node-01", "message": "initialized database registry, using geoip-databases directory [/tmp/geoip-databases/t9hfPgy_RyC9LOJUxQUrSQ]" }
{"type": "server", "timestamp": "2022-03-29T16:59:20,755Z", "level": "INFO", "component": "o.e.t.NettyAllocator", "cluster.name": "tpotcluster", "node.name": "tpotcluster-node-01", "message": "creating NettyAllocator with the following configs: [name=elasticsearch_configured, chunk_size=1mb, suggested_max_allocation_size=1mb, factors={es.unsafe.use_netty_default_chunk_and_page_size=false, g1gc_enabled=true, g1gc_region_size=4mb}]" }
{"type": "server", "timestamp": "2022-03-29T16:59:21,003Z", "level": "INFO", "component": "o.e.d.DiscoveryModule", "cluster.name": "tpotcluster", "node.name": "tpotcluster-node-01", "message": "using discovery type [single-node] and seed hosts providers [settings]" }
{"type": "server", "timestamp": "2022-03-29T16:59:22,459Z", "level": "INFO", "component": "o.e.g.DanglingIndicesState", "cluster.name": "tpotcluster", "node.name": "tpotcluster-node-01", "message": "gateway.auto_import_dangling_indices is disabled, dangling indices will not be automatically detected or imported and must be managed manually" }
{"type": "server", "timestamp": "2022-03-29T16:59:23,879Z", "level": "INFO", "component": "o.e.n.Node", "cluster.name": "tpotcluster", "node.name": "tpotcluster-node-01", "message": "initialized" }
{"type": "server", "timestamp": "2022-03-29T16:59:23,888Z", "level": "INFO", "component": "o.e.n.Node", "cluster.name": "tpotcluster", "node.name": "tpotcluster-node-01", "message": "starting ..." }
{"type": "server", "timestamp": "2022-03-29T16:59:23,955Z", "level": "INFO", "component": "o.e.x.s.c.f.PersistentCache", "cluster.name": "tpotcluster", "node.name": "tpotcluster-node-01", "message": "persistent cache index loaded" }
{"type": "server", "timestamp": "2022-03-29T16:59:23,956Z", "level": "INFO", "component": "o.e.x.d.l.DeprecationIndexingComponent", "cluster.name": "tpotcluster", "node.name": "tpotcluster-node-01", "message": "deprecation component started" }
{"type": "server", "timestamp": "2022-03-29T16:59:24,303Z", "level": "INFO", "component": "o.e.t.TransportService", "cluster.name": "tpotcluster", "node.name": "tpotcluster-node-01", "message": "publish_address {127.0.0.1:9300}, bound_addresses {127.0.0.1:9300}" }
{"type": "server", "timestamp": "2022-03-29T16:59:28,095Z", "level": "INFO", "component": "o.e.c.c.Coordinator", "cluster.name": "tpotcluster", "node.name": "tpotcluster-node-01", "message": "cluster UUID [Qbw2pof0QzSXC1OvK0aFSw]" }
{"type": "server", "timestamp": "2022-03-29T16:59:28,264Z", "level": "INFO", "component": "o.e.c.s.MasterService", "cluster.name": "tpotcluster", "node.name": "tpotcluster-node-01", "message": "elected-as-master ([1] nodes joined)[{tpotcluster-node-01}{t9hfPgy_RyC9LOJUxQUrSQ}{jR_AE3WqTvG3b_wTAwv1Kw}{127.0.0.1}{127.0.0.1:9300}{cdfhimrstw} elect leader, _BECOME_MASTER_TASK_, _FINISH_ELECTION_], term: 153, version: 4375, delta: master node changed {previous [], current [{tpotcluster-node-01}{t9hfPgy_RyC9LOJUxQUrSQ}{jR_AE3WqTvG3b_wTAwv1Kw}{127.0.0.1}{127.0.0.1:9300}{cdfhimrstw}]}" }
{"type": "server", "timestamp": "2022-03-29T16:59:28,560Z", "level": "INFO", "component": "o.e.c.s.ClusterApplierService", "cluster.name": "tpotcluster", "node.name": "tpotcluster-node-01", "message": "master node changed {previous [], current [{tpotcluster-node-01}{t9hfPgy_RyC9LOJUxQUrSQ}{jR_AE3WqTvG3b_wTAwv1Kw}{127.0.0.1}{127.0.0.1:9300}{cdfhimrstw}]}, term: 153, version: 4375, reason: Publication{term=153, version=4375}" }
{"type": "server", "timestamp": "2022-03-29T16:59:28,722Z", "level": "INFO", "component": "o.e.h.AbstractHttpServerTransport", "cluster.name": "tpotcluster", "node.name": "tpotcluster-node-01", "message": "publish_address {192.168.48.2:9200}, bound_addresses {0.0.0.0:9200}", "cluster.uuid": "Qbw2pof0QzSXC1OvK0aFSw", "node.id": "t9hfPgy_RyC9LOJUxQUrSQ"  }
{"type": "server", "timestamp": "2022-03-29T16:59:28,722Z", "level": "INFO", "component": "o.e.n.Node", "cluster.name": "tpotcluster", "node.name": "tpotcluster-node-01", "message": "started", "cluster.uuid": "Qbw2pof0QzSXC1OvK0aFSw", "node.id": "t9hfPgy_RyC9LOJUxQUrSQ"  }
{"type": "server", "timestamp": "2022-03-29T16:59:32,495Z", "level": "INFO", "component": "o.e.l.LicenseService", "cluster.name": "tpotcluster", "node.name": "tpotcluster-node-01", "message": "license [06f03395-4097-4495-8e63-b3dc92f4de14] mode [basic] - valid", "cluster.uuid": "Qbw2pof0QzSXC1OvK0aFSw", "node.id": "t9hfPgy_RyC9LOJUxQUrSQ"  }
{"type": "server", "timestamp": "2022-03-29T16:59:32,504Z", "level": "INFO", "component": "o.e.g.GatewayService", "cluster.name": "tpotcluster", "node.name": "tpotcluster-node-01", "message": "recovered [32] indices into cluster_state", "cluster.uuid": "Qbw2pof0QzSXC1OvK0aFSw", "node.id": "t9hfPgy_RyC9LOJUxQUrSQ"  }
{"type": "server", "timestamp": "2022-03-29T16:59:35,224Z", "level": "INFO", "component": "o.e.i.g.GeoIpDownloader", "cluster.name": "tpotcluster", "node.name": "tpotcluster-node-01", "message": "updating geoip databases", "cluster.uuid": "Qbw2pof0QzSXC1OvK0aFSw", "node.id": "t9hfPgy_RyC9LOJUxQUrSQ"  }
{"type": "server", "timestamp": "2022-03-29T16:59:35,225Z", "level": "INFO", "component": "o.e.i.g.GeoIpDownloader", "cluster.name": "tpotcluster", "node.name": "tpotcluster-node-01", "message": "fetching geoip databases overview from [https://geoip.elastic.co/v1/database?elastic_geoip_service_tos=agree]", "cluster.uuid": "Qbw2pof0QzSXC1OvK0aFSw", "node.id": "t9hfPgy_RyC9LOJUxQUrSQ"  }
{"type": "server", "timestamp": "2022-03-29T16:59:37,169Z", "level": "INFO", "component": "o.e.i.g.GeoIpDownloader", "cluster.name": "tpotcluster", "node.name": "tpotcluster-node-01", "message": "geoip database [GeoLite2-ASN.mmdb] is up to date, updated timestamp", "cluster.uuid": "Qbw2pof0QzSXC1OvK0aFSw", "node.id": "t9hfPgy_RyC9LOJUxQUrSQ"  }
{"type": "server", "timestamp": "2022-03-29T16:59:37,636Z", "level": "INFO", "component": "o.e.i.g.GeoIpDownloader", "cluster.name": "tpotcluster", "node.name": "tpotcluster-node-01", "message": "geoip database [GeoLite2-City.mmdb] is up to date, updated timestamp", "cluster.uuid": "Qbw2pof0QzSXC1OvK0aFSw", "node.id": "t9hfPgy_RyC9LOJUxQUrSQ"  }
{"type": "server", "timestamp": "2022-03-29T16:59:39,158Z", "level": "INFO", "component": "o.e.i.g.GeoIpDownloader", "cluster.name": "tpotcluster", "node.name": "tpotcluster-node-01", "message": "geoip database [GeoLite2-Country.mmdb] is up to date, updated timestamp", "cluster.uuid": "Qbw2pof0QzSXC1OvK0aFSw", "node.id": "t9hfPgy_RyC9LOJUxQUrSQ"  }
{"type": "server", "timestamp": "2022-03-29T16:59:39,322Z", "level": "INFO", "component": "o.e.i.g.DatabaseNodeService", "cluster.name": "tpotcluster", "node.name": "tpotcluster-node-01", "message": "downloading geoip database [GeoLite2-Country.mmdb] to [/tmp/geoip-databases/t9hfPgy_RyC9LOJUxQUrSQ/GeoLite2-Country.mmdb.tmp.gz]", "cluster.uuid": "Qbw2pof0QzSXC1OvK0aFSw", "node.id": "t9hfPgy_RyC9LOJUxQUrSQ"  }
{"type": "server", "timestamp": "2022-03-29T16:59:39,333Z", "level": "INFO", "component": "o.e.i.g.DatabaseNodeService", "cluster.name": "tpotcluster", "node.name": "tpotcluster-node-01", "message": "downloading geoip database [GeoLite2-ASN.mmdb] to [/tmp/geoip-databases/t9hfPgy_RyC9LOJUxQUrSQ/GeoLite2-ASN.mmdb.tmp.gz]", "cluster.uuid": "Qbw2pof0QzSXC1OvK0aFSw", "node.id": "t9hfPgy_RyC9LOJUxQUrSQ"  }
{"type": "server", "timestamp": "2022-03-29T16:59:39,352Z", "level": "INFO", "component": "o.e.i.g.DatabaseNodeService", "cluster.name": "tpotcluster", "node.name": "tpotcluster-node-01", "message": "downloading geoip database [GeoLite2-City.mmdb] to [/tmp/geoip-databases/t9hfPgy_RyC9LOJUxQUrSQ/GeoLite2-City.mmdb.tmp.gz]", "cluster.uuid": "Qbw2pof0QzSXC1OvK0aFSw", "node.id": "t9hfPgy_RyC9LOJUxQUrSQ"  }
{"type": "server", "timestamp": "2022-03-29T16:59:39,644Z", "level": "INFO", "component": "o.e.c.m.MetadataIndexTemplateService", "cluster.name": "tpotcluster", "node.name": "tpotcluster-node-01", "message": "removing template [logstash]", "cluster.uuid": "Qbw2pof0QzSXC1OvK0aFSw", "node.id": "t9hfPgy_RyC9LOJUxQUrSQ"  }
{"type": "server", "timestamp": "2022-03-29T16:59:41,097Z", "level": "INFO", "component": "o.e.c.m.MetadataIndexTemplateService", "cluster.name": "tpotcluster", "node.name": "tpotcluster-node-01", "message": "adding template [logstash] for index patterns [logstash-*]", "cluster.uuid": "Qbw2pof0QzSXC1OvK0aFSw", "node.id": "t9hfPgy_RyC9LOJUxQUrSQ"  }
{"type": "server", "timestamp": "2022-03-29T16:59:42,354Z", "level": "INFO", "component": "o.e.i.g.DatabaseNodeService", "cluster.name": "tpotcluster", "node.name": "tpotcluster-node-01", "message": "successfully reloaded changed geoip database file [/tmp/geoip-databases/t9hfPgy_RyC9LOJUxQUrSQ/GeoLite2-Country.mmdb]", "cluster.uuid": "Qbw2pof0QzSXC1OvK0aFSw", "node.id": "t9hfPgy_RyC9LOJUxQUrSQ"  }
{"type": "server", "timestamp": "2022-03-29T16:59:42,582Z", "level": "INFO", "component": "o.e.i.g.DatabaseNodeService", "cluster.name": "tpotcluster", "node.name": "tpotcluster-node-01", "message": "successfully reloaded changed geoip database file [/tmp/geoip-databases/t9hfPgy_RyC9LOJUxQUrSQ/GeoLite2-ASN.mmdb]", "cluster.uuid": "Qbw2pof0QzSXC1OvK0aFSw", "node.id": "t9hfPgy_RyC9LOJUxQUrSQ"  }
{"type": "server", "timestamp": "2022-03-29T16:59:57,742Z", "level": "WARN", "component": "o.e.m.j.JvmGcMonitorService", "cluster.name": "tpotcluster", "node.name": "tpotcluster-node-01", "message": "[gc][33] overhead, spent [1s] collecting in the last [1.5s]", "cluster.uuid": "Qbw2pof0QzSXC1OvK0aFSw", "node.id": "t9hfPgy_RyC9LOJUxQUrSQ"  }
{"type": "server", "timestamp": "2022-03-29T16:59:59,877Z", "level": "INFO", "component": "o.e.i.g.DatabaseNodeService", "cluster.name": "tpotcluster", "node.name": "tpotcluster-node-01", "message": "successfully reloaded changed geoip database file [/tmp/geoip-databases/t9hfPgy_RyC9LOJUxQUrSQ/GeoLite2-City.mmdb]", "cluster.uuid": "Qbw2pof0QzSXC1OvK0aFSw", "node.id": "t9hfPgy_RyC9LOJUxQUrSQ"  }
{"type": "server", "timestamp": "2022-03-29T17:00:15,700Z", "level": "INFO", "component": "o.e.c.r.a.AllocationService", "cluster.name": "tpotcluster", "node.name": "tpotcluster-node-01", "message": "Cluster health status changed from [RED] to [GREEN] (reason: [shards started [[logstash-2022.03.29][0]]]).", "cluster.uuid": "Qbw2pof0QzSXC1OvK0aFSw", "node.id": "t9hfPgy_RyC9LOJUxQUrSQ"  }
{"type": "server", "timestamp": "2022-03-29T17:00:49,535Z", "level": "INFO", "component": "o.e.t.LoggingTaskListener", "cluster.name": "tpotcluster", "node.name": "tpotcluster-node-01", "message": "515 finished with response BulkByScrollResponse[took=541.4ms,timed_out=false,sliceId=null,updated=17,created=0,deleted=0,batches=1,versionConflicts=0,noops=0,retries=0,throttledUntil=0s,bulk_failures=[],search_failures=[]]", "cluster.uuid": "Qbw2pof0QzSXC1OvK0aFSw", "node.id": "t9hfPgy_RyC9LOJUxQUrSQ"  }
{"type": "server", "timestamp": "2022-03-29T17:00:52,433Z", "level": "INFO", "component": "o.e.t.LoggingTaskListener", "cluster.name": "tpotcluster", "node.name": "tpotcluster-node-01", "message": "531 finished with response BulkByScrollResponse[took=3s,timed_out=false,sliceId=null,updated=1038,created=0,deleted=0,batches=2,versionConflicts=0,noops=0,retries=0,throttledUntil=0s,bulk_failures=[],search_failures=[]]", "cluster.uuid": "Qbw2pof0QzSXC1OvK0aFSw", "node.id": "t9hfPgy_RyC9LOJUxQUrSQ"  }
{"type": "server", "timestamp": "2022-03-29T17:01:02,273Z", "level": "INFO", "component": "o.e.x.i.a.TransportPutLifecycleAction", "cluster.name": "tpotcluster", "node.name": "tpotcluster-node-01", "message": "updating index lifecycle policy [.alerts-ilm-policy]", "cluster.uuid": "Qbw2pof0QzSXC1OvK0aFSw", "node.id": "t9hfPgy_RyC9LOJUxQUrSQ"  }
{"type": "server", "timestamp": "2022-03-29T17:02:03,771Z", "level": "INFO", "component": "o.e.c.m.MetadataMappingService", "cluster.name": "tpotcluster", "node.name": "tpotcluster-node-01", "message": "[logstash-2022.03.29/4CNLAl-yQqmObSIQcEvFWA] update_mapping [_doc]", "cluster.uuid": "Qbw2pof0QzSXC1OvK0aFSw", "node.id": "t9hfPgy_RyC9LOJUxQUrSQ"  }
{"type": "server", "timestamp": "2022-03-29T17:04:01,357Z", "level": "INFO", "component": "o.e.c.m.MetadataMappingService", "cluster.name": "tpotcluster", "node.name": "tpotcluster-node-01", "message": "[logstash-2022.03.29/4CNLAl-yQqmObSIQcEvFWA] update_mapping [_doc]", "cluster.uuid": "Qbw2pof0QzSXC1OvK0aFSw", "node.id": "t9hfPgy_RyC9LOJUxQUrSQ"  }
{"type": "server", "timestamp": "2022-03-29T17:22:13,418Z", "level": "INFO", "component": "o.e.c.m.MetadataMappingService", "cluster.name": "tpotcluster", "node.name": "tpotcluster-node-01", "message": "[logstash-2022.03.29/4CNLAl-yQqmObSIQcEvFWA] update_mapping [_doc]", "cluster.uuid": "Qbw2pof0QzSXC1OvK0aFSw", "node.id": "t9hfPgy_RyC9LOJUxQUrSQ"  }
{"type": "server", "timestamp": "2022-03-29T17:24:31,553Z", "level": "INFO", "component": "o.e.c.m.MetadataMappingService", "cluster.name": "tpotcluster", "node.name": "tpotcluster-node-01", "message": "[logstash-2022.03.29/4CNLAl-yQqmObSIQcEvFWA] update_mapping [_doc]", "cluster.uuid": "Qbw2pof0QzSXC1OvK0aFSw", "node.id": "t9hfPgy_RyC9LOJUxQUrSQ"  }
{"type": "server", "timestamp": "2022-03-29T17:32:21,449Z", "level": "WARN", "component": "o.e.t.ThreadPool", "cluster.name": "tpotcluster", "node.name": "tpotcluster-node-01", "message": "execution of [ReschedulingRunnable{runnable=org.elasticsearch.monitor.jvm.JvmGcMonitorService$1@5aef5a62, interval=1s}] took [36279ms] which is above the warn threshold of [5000ms]", "cluster.uuid": "Qbw2pof0QzSXC1OvK0aFSw", "node.id": "t9hfPgy_RyC9LOJUxQUrSQ"  }
{"type": "server", "timestamp": "2022-03-29T17:41:01,929Z", "level": "WARN", "component": "o.e.t.ThreadPool", "cluster.name": "tpotcluster", "node.name": "tpotcluster-node-01", "message": "timer thread slept for [5.9s/5937ms] on absolute clock which is above the warn threshold of [5000ms]", "cluster.uuid": "Qbw2pof0QzSXC1OvK0aFSw", "node.id": "t9hfPgy_RyC9LOJUxQUrSQ"  }
{"type": "server", "timestamp": "2022-03-29T17:39:58,432Z", "level": "WARN", "component": "o.e.h.AbstractHttpServerTransport", "cluster.name": "tpotcluster", "node.name": "tpotcluster-node-01", "message": "handling request [null][POST][/_bulk][Netty4HttpChannel{localAddress=/192.168.48.2:9200, remoteAddress=/192.168.48.3:47194}] took [5816ms] which is above the warn threshold of [5000ms]", "cluster.uuid": "Qbw2pof0QzSXC1OvK0aFSw", "node.id": "t9hfPgy_RyC9LOJUxQUrSQ"  }
{"type": "server", "timestamp": "2022-03-29T18:45:52,886Z", "level": "INFO", "component": "o.e.n.Node", "cluster.name": "tpotcluster", "node.name": "tpotcluster-node-01", "message": "version[7.17.0], pid[1], build[default/tar/bee86328705acaa9a6daede7140defd4d9ec56bd/2022-01-28T08:36:04.875279988Z], OS[Linux/4.19.0-20-cloud-amd64/amd64], JVM[Alpine/OpenJDK 64-Bit Server VM/16.0.2/16.0.2+7-alpine-r1]" }
{"type": "server", "timestamp": "2022-03-29T18:45:52,930Z", "level": "INFO", "component": "o.e.n.Node", "cluster.name": "tpotcluster", "node.name": "tpotcluster-node-01", "message": "JVM home [/usr/lib/jvm/java-16-openjdk], using bundled JDK [false]" }
{"type": "server", "timestamp": "2022-03-29T18:45:52,931Z", "level": "INFO", "component": "o.e.n.Node", "cluster.name": "tpotcluster", "node.name": "tpotcluster-node-01", "message": "JVM arguments [-Xshare:auto, -Des.networkaddress.cache.ttl=60, -Des.networkaddress.cache.negative.ttl=10, -XX:+AlwaysPreTouch, -Xss1m, -Djava.awt.headless=true, -Dfile.encoding=UTF-8, -Djna.nosys=true, -XX:-OmitStackTraceInFastThrow, -XX:+ShowCodeDetailsInExceptionMessages, -Dio.netty.noUnsafe=true, -Dio.netty.noKeySetOptimization=true, -Dio.netty.recycler.maxCapacityPerThread=0, -Dio.netty.allocator.numDirectArenas=0, -Dlog4j.shutdownHookEnabled=false, -Dlog4j2.disable.jmx=true, -Dlog4j2.formatMsgNoLookups=true, -Djava.locale.providers=SPI,COMPAT, --add-opens=java.base/java.io=ALL-UNNAMED, -XX:+UseG1GC, -Djava.io.tmpdir=/tmp, -XX:+HeapDumpOnOutOfMemoryError, -XX:+ExitOnOutOfMemoryError, -XX:HeapDumpPath=data, -XX:ErrorFile=logs/hs_err_pid%p.log, -Xlog:gc*,gc+age=trace,safepoint:file=logs/gc.log:utctime,pid,tags:filecount=32,filesize=64m, -Xms2048m, -Xmx2048m, -XX:MaxDirectMemorySize=1073741824, -XX:G1HeapRegionSize=4m, -XX:InitiatingHeapOccupancyPercent=30, -XX:G1ReservePercent=15, -Des.path.home=/usr/share/elasticsearch, -Des.path.conf=/usr/share/elasticsearch/config, -Des.distribution.flavor=default, -Des.distribution.type=tar, -Des.bundled_jdk=true]" }
{"type": "server", "timestamp": "2022-03-29T18:45:59,636Z", "level": "INFO", "component": "o.e.p.PluginsService", "cluster.name": "tpotcluster", "node.name": "tpotcluster-node-01", "message": "loaded module [aggs-matrix-stats]" }
{"type": "server", "timestamp": "2022-03-29T18:45:59,639Z", "level": "INFO", "component": "o.e.p.PluginsService", "cluster.name": "tpotcluster", "node.name": "tpotcluster-node-01", "message": "loaded module [analysis-common]" }
{"type": "server", "timestamp": "2022-03-29T18:45:59,640Z", "level": "INFO", "component": "o.e.p.PluginsService", "cluster.name": "tpotcluster", "node.name": "tpotcluster-node-01", "message": "loaded module [constant-keyword]" }
{"type": "server", "timestamp": "2022-03-29T18:45:59,641Z", "level": "INFO", "component": "o.e.p.PluginsService", "cluster.name": "tpotcluster", "node.name": "tpotcluster-node-01", "message": "loaded module [frozen-indices]" }
{"type": "server", "timestamp": "2022-03-29T18:45:59,642Z", "level": "INFO", "component": "o.e.p.PluginsService", "cluster.name": "tpotcluster", "node.name": "tpotcluster-node-01", "message": "loaded module [ingest-common]" }
{"type": "server", "timestamp": "2022-03-29T18:45:59,644Z", "level": "INFO", "component": "o.e.p.PluginsService", "cluster.name": "tpotcluster", "node.name": "tpotcluster-node-01", "message": "loaded module [ingest-geoip]" }
{"type": "server", "timestamp": "2022-03-29T18:45:59,644Z", "level": "INFO", "component": "o.e.p.PluginsService", "cluster.name": "tpotcluster", "node.name": "tpotcluster-node-01", "message": "loaded module [ingest-user-agent]" }
{"type": "server", "timestamp": "2022-03-29T18:45:59,645Z", "level": "INFO", "component": "o.e.p.PluginsService", "cluster.name": "tpotcluster", "node.name": "tpotcluster-node-01", "message": "loaded module [kibana]" }
{"type": "server", "timestamp": "2022-03-29T18:45:59,646Z", "level": "INFO", "component": "o.e.p.PluginsService", "cluster.name": "tpotcluster", "node.name": "tpotcluster-node-01", "message": "loaded module [lang-expression]" }
{"type": "server", "timestamp": "2022-03-29T18:45:59,647Z", "level": "INFO", "component": "o.e.p.PluginsService", "cluster.name": "tpotcluster", "node.name": "tpotcluster-node-01", "message": "loaded module [lang-mustache]" }
{"type": "server", "timestamp": "2022-03-29T18:45:59,647Z", "level": "INFO", "component": "o.e.p.PluginsService", "cluster.name": "tpotcluster", "node.name": "tpotcluster-node-01", "message": "loaded module [lang-painless]" }
{"type": "server", "timestamp": "2022-03-29T18:45:59,649Z", "level": "INFO", "component": "o.e.p.PluginsService", "cluster.name": "tpotcluster", "node.name": "tpotcluster-node-01", "message": "loaded module [legacy-geo]" }
{"type": "server", "timestamp": "2022-03-29T18:45:59,650Z", "level": "INFO", "component": "o.e.p.PluginsService", "cluster.name": "tpotcluster", "node.name": "tpotcluster-node-01", "message": "loaded module [mapper-extras]" }
{"type": "server", "timestamp": "2022-03-29T18:45:59,650Z", "level": "INFO", "component": "o.e.p.PluginsService", "cluster.name": "tpotcluster", "node.name": "tpotcluster-node-01", "message": "loaded module [mapper-version]" }
{"type": "server", "timestamp": "2022-03-29T18:45:59,652Z", "level": "INFO", "component": "o.e.p.PluginsService", "cluster.name": "tpotcluster", "node.name": "tpotcluster-node-01", "message": "loaded module [parent-join]" }
{"type": "server", "timestamp": "2022-03-29T18:45:59,653Z", "level": "INFO", "component": "o.e.p.PluginsService", "cluster.name": "tpotcluster", "node.name": "tpotcluster-node-01", "message": "loaded module [percolator]" }
{"type": "server", "timestamp": "2022-03-29T18:45:59,654Z", "level": "INFO", "component": "o.e.p.PluginsService", "cluster.name": "tpotcluster", "node.name": "tpotcluster-node-01", "message": "loaded module [rank-eval]" }
{"type": "server", "timestamp": "2022-03-29T18:45:59,655Z", "level": "INFO", "component": "o.e.p.PluginsService", "cluster.name": "tpotcluster", "node.name": "tpotcluster-node-01", "message": "loaded module [reindex]" }
{"type": "server", "timestamp": "2022-03-29T18:45:59,655Z", "level": "INFO", "component": "o.e.p.PluginsService", "cluster.name": "tpotcluster", "node.name": "tpotcluster-node-01", "message": "loaded module [repositories-metering-api]" }
{"type": "server", "timestamp": "2022-03-29T18:45:59,658Z", "level": "INFO", "component": "o.e.p.PluginsService", "cluster.name": "tpotcluster", "node.name": "tpotcluster-node-01", "message": "loaded module [repository-encrypted]" }
{"type": "server", "timestamp": "2022-03-29T18:45:59,658Z", "level": "INFO", "component": "o.e.p.PluginsService", "cluster.name": "tpotcluster", "node.name": "tpotcluster-node-01", "message": "loaded module [repository-url]" }
{"type": "server", "timestamp": "2022-03-29T18:45:59,660Z", "level": "INFO", "component": "o.e.p.PluginsService", "cluster.name": "tpotcluster", "node.name": "tpotcluster-node-01", "message": "loaded module [runtime-fields-common]" }
{"type": "server", "timestamp": "2022-03-29T18:45:59,661Z", "level": "INFO", "component": "o.e.p.PluginsService", "cluster.name": "tpotcluster", "node.name": "tpotcluster-node-01", "message": "loaded module [search-business-rules]" }
{"type": "server", "timestamp": "2022-03-29T18:45:59,661Z", "level": "INFO", "component": "o.e.p.PluginsService", "cluster.name": "tpotcluster", "node.name": "tpotcluster-node-01", "message": "loaded module [searchable-snapshots]" }
{"type": "server", "timestamp": "2022-03-29T18:45:59,663Z", "level": "INFO", "component": "o.e.p.PluginsService", "cluster.name": "tpotcluster", "node.name": "tpotcluster-node-01", "message": "loaded module [snapshot-repo-test-kit]" }
{"type": "server", "timestamp": "2022-03-29T18:45:59,665Z", "level": "INFO", "component": "o.e.p.PluginsService", "cluster.name": "tpotcluster", "node.name": "tpotcluster-node-01", "message": "loaded module [spatial]" }
{"type": "server", "timestamp": "2022-03-29T18:45:59,666Z", "level": "INFO", "component": "o.e.p.PluginsService", "cluster.name": "tpotcluster", "node.name": "tpotcluster-node-01", "message": "loaded module [transform]" }
{"type": "server", "timestamp": "2022-03-29T18:45:59,666Z", "level": "INFO", "component": "o.e.p.PluginsService", "cluster.name": "tpotcluster", "node.name": "tpotcluster-node-01", "message": "loaded module [transport-netty4]" }
{"type": "server", "timestamp": "2022-03-29T18:45:59,667Z", "level": "INFO", "component": "o.e.p.PluginsService", "cluster.name": "tpotcluster", "node.name": "tpotcluster-node-01", "message": "loaded module [unsigned-long]" }
{"type": "server", "timestamp": "2022-03-29T18:45:59,667Z", "level": "INFO", "component": "o.e.p.PluginsService", "cluster.name": "tpotcluster", "node.name": "tpotcluster-node-01", "message": "loaded module [vector-tile]" }
{"type": "server", "timestamp": "2022-03-29T18:45:59,668Z", "level": "INFO", "component": "o.e.p.PluginsService", "cluster.name": "tpotcluster", "node.name": "tpotcluster-node-01", "message": "loaded module [vectors]" }
{"type": "server", "timestamp": "2022-03-29T18:45:59,669Z", "level": "INFO", "component": "o.e.p.PluginsService", "cluster.name": "tpotcluster", "node.name": "tpotcluster-node-01", "message": "loaded module [wildcard]" }
{"type": "server", "timestamp": "2022-03-29T18:45:59,671Z", "level": "INFO", "component": "o.e.p.PluginsService", "cluster.name": "tpotcluster", "node.name": "tpotcluster-node-01", "message": "loaded module [x-pack-aggregate-metric]" }
{"type": "server", "timestamp": "2022-03-29T18:45:59,671Z", "level": "INFO", "component": "o.e.p.PluginsService", "cluster.name": "tpotcluster", "node.name": "tpotcluster-node-01", "message": "loaded module [x-pack-analytics]" }
{"type": "server", "timestamp": "2022-03-29T18:45:59,672Z", "level": "INFO", "component": "o.e.p.PluginsService", "cluster.name": "tpotcluster", "node.name": "tpotcluster-node-01", "message": "loaded module [x-pack-async]" }
{"type": "server", "timestamp": "2022-03-29T18:45:59,673Z", "level": "INFO", "component": "o.e.p.PluginsService", "cluster.name": "tpotcluster", "node.name": "tpotcluster-node-01", "message": "loaded module [x-pack-async-search]" }
{"type": "server", "timestamp": "2022-03-29T18:45:59,673Z", "level": "INFO", "component": "o.e.p.PluginsService", "cluster.name": "tpotcluster", "node.name": "tpotcluster-node-01", "message": "loaded module [x-pack-autoscaling]" }
{"type": "server", "timestamp": "2022-03-29T18:45:59,674Z", "level": "INFO", "component": "o.e.p.PluginsService", "cluster.name": "tpotcluster", "node.name": "tpotcluster-node-01", "message": "loaded module [x-pack-ccr]" }
{"type": "server", "timestamp": "2022-03-29T18:45:59,675Z", "level": "INFO", "component": "o.e.p.PluginsService", "cluster.name": "tpotcluster", "node.name": "tpotcluster-node-01", "message": "loaded module [x-pack-core]" }
{"type": "server", "timestamp": "2022-03-29T18:45:59,677Z", "level": "INFO", "component": "o.e.p.PluginsService", "cluster.name": "tpotcluster", "node.name": "tpotcluster-node-01", "message": "loaded module [x-pack-data-streams]" }
{"type": "server", "timestamp": "2022-03-29T18:45:59,680Z", "level": "INFO", "component": "o.e.p.PluginsService", "cluster.name": "tpotcluster", "node.name": "tpotcluster-node-01", "message": "loaded module [x-pack-deprecation]" }
{"type": "server", "timestamp": "2022-03-29T18:45:59,681Z", "level": "INFO", "component": "o.e.p.PluginsService", "cluster.name": "tpotcluster", "node.name": "tpotcluster-node-01", "message": "loaded module [x-pack-enrich]" }
{"type": "server", "timestamp": "2022-03-29T18:45:59,682Z", "level": "INFO", "component": "o.e.p.PluginsService", "cluster.name": "tpotcluster", "node.name": "tpotcluster-node-01", "message": "loaded module [x-pack-eql]" }
{"type": "server", "timestamp": "2022-03-29T18:45:59,682Z", "level": "INFO", "component": "o.e.p.PluginsService", "cluster.name": "tpotcluster", "node.name": "tpotcluster-node-01", "message": "loaded module [x-pack-fleet]" }
{"type": "server", "timestamp": "2022-03-29T18:45:59,683Z", "level": "INFO", "component": "o.e.p.PluginsService", "cluster.name": "tpotcluster", "node.name": "tpotcluster-node-01", "message": "loaded module [x-pack-graph]" }
{"type": "server", "timestamp": "2022-03-29T18:45:59,683Z", "level": "INFO", "component": "o.e.p.PluginsService", "cluster.name": "tpotcluster", "node.name": "tpotcluster-node-01", "message": "loaded module [x-pack-identity-provider]" }
{"type": "server", "timestamp": "2022-03-29T18:45:59,683Z", "level": "INFO", "component": "o.e.p.PluginsService", "cluster.name": "tpotcluster", "node.name": "tpotcluster-node-01", "message": "loaded module [x-pack-ilm]" }
{"type": "server", "timestamp": "2022-03-29T18:45:59,684Z", "level": "INFO", "component": "o.e.p.PluginsService", "cluster.name": "tpotcluster", "node.name": "tpotcluster-node-01", "message": "loaded module [x-pack-logstash]" }
{"type": "server", "timestamp": "2022-03-29T18:45:59,685Z", "level": "INFO", "component": "o.e.p.PluginsService", "cluster.name": "tpotcluster", "node.name": "tpotcluster-node-01", "message": "loaded module [x-pack-monitoring]" }
{"type": "server", "timestamp": "2022-03-29T18:45:59,685Z", "level": "INFO", "component": "o.e.p.PluginsService", "cluster.name": "tpotcluster", "node.name": "tpotcluster-node-01", "message": "loaded module [x-pack-ql]" }
{"type": "server", "timestamp": "2022-03-29T18:45:59,686Z", "level": "INFO", "component": "o.e.p.PluginsService", "cluster.name": "tpotcluster", "node.name": "tpotcluster-node-01", "message": "loaded module [x-pack-rollup]" }
{"type": "server", "timestamp": "2022-03-29T18:45:59,686Z", "level": "INFO", "component": "o.e.p.PluginsService", "cluster.name": "tpotcluster", "node.name": "tpotcluster-node-01", "message": "loaded module [x-pack-security]" }
{"type": "server", "timestamp": "2022-03-29T18:45:59,687Z", "level": "INFO", "component": "o.e.p.PluginsService", "cluster.name": "tpotcluster", "node.name": "tpotcluster-node-01", "message": "loaded module [x-pack-shutdown]" }
{"type": "server", "timestamp": "2022-03-29T18:45:59,688Z", "level": "INFO", "component": "o.e.p.PluginsService", "cluster.name": "tpotcluster", "node.name": "tpotcluster-node-01", "message": "loaded module [x-pack-sql]" }
{"type": "server", "timestamp": "2022-03-29T18:45:59,690Z", "level": "INFO", "component": "o.e.p.PluginsService", "cluster.name": "tpotcluster", "node.name": "tpotcluster-node-01", "message": "loaded module [x-pack-stack]" }
{"type": "server", "timestamp": "2022-03-29T18:45:59,691Z", "level": "INFO", "component": "o.e.p.PluginsService", "cluster.name": "tpotcluster", "node.name": "tpotcluster-node-01", "message": "loaded module [x-pack-text-structure]" }
{"type": "server", "timestamp": "2022-03-29T18:45:59,693Z", "level": "INFO", "component": "o.e.p.PluginsService", "cluster.name": "tpotcluster", "node.name": "tpotcluster-node-01", "message": "loaded module [x-pack-voting-only-node]" }
{"type": "server", "timestamp": "2022-03-29T18:45:59,693Z", "level": "INFO", "component": "o.e.p.PluginsService", "cluster.name": "tpotcluster", "node.name": "tpotcluster-node-01", "message": "loaded module [x-pack-watcher]" }
{"type": "server", "timestamp": "2022-03-29T18:45:59,694Z", "level": "INFO", "component": "o.e.p.PluginsService", "cluster.name": "tpotcluster", "node.name": "tpotcluster-node-01", "message": "no plugins loaded" }
{"type": "server", "timestamp": "2022-03-29T18:45:59,773Z", "level": "INFO", "component": "o.e.e.NodeEnvironment", "cluster.name": "tpotcluster", "node.name": "tpotcluster-node-01", "message": "using [1] data paths, mounts [[/data (/dev/sda1)]], net usable_space [103.5gb], net total_space [125.8gb], types [ext4]" }
{"type": "server", "timestamp": "2022-03-29T18:45:59,773Z", "level": "INFO", "component": "o.e.e.NodeEnvironment", "cluster.name": "tpotcluster", "node.name": "tpotcluster-node-01", "message": "heap size [2gb], compressed ordinary object pointers [true]" }
{"type": "server", "timestamp": "2022-03-29T18:46:00,167Z", "level": "INFO", "component": "o.e.n.Node", "cluster.name": "tpotcluster", "node.name": "tpotcluster-node-01", "message": "node name [tpotcluster-node-01], node ID [t9hfPgy_RyC9LOJUxQUrSQ], cluster name [tpotcluster], roles [transform, data_frozen, master, remote_cluster_client, data, data_content, data_hot, data_warm, data_cold, ingest]" }
{"type": "server", "timestamp": "2022-03-29T18:46:12,489Z", "level": "INFO", "component": "o.e.i.g.ConfigDatabases", "cluster.name": "tpotcluster", "node.name": "tpotcluster-node-01", "message": "initialized default databases [[GeoLite2-Country.mmdb, GeoLite2-City.mmdb, GeoLite2-ASN.mmdb]], config databases [[]] and watching [/usr/share/elasticsearch/config/ingest-geoip] for changes" }
{"type": "server", "timestamp": "2022-03-29T18:46:12,494Z", "level": "INFO", "component": "o.e.i.g.DatabaseNodeService", "cluster.name": "tpotcluster", "node.name": "tpotcluster-node-01", "message": "deleting stale file [/tmp/geoip-databases/t9hfPgy_RyC9LOJUxQUrSQ/GeoLite2-City.mmdb_LICENSE.txt]" }
{"type": "server", "timestamp": "2022-03-29T18:46:12,495Z", "level": "INFO", "component": "o.e.i.g.DatabaseNodeService", "cluster.name": "tpotcluster", "node.name": "tpotcluster-node-01", "message": "deleting stale file [/tmp/geoip-databases/t9hfPgy_RyC9LOJUxQUrSQ/GeoLite2-City.mmdb]" }
{"type": "server", "timestamp": "2022-03-29T18:46:12,496Z", "level": "INFO", "component": "o.e.i.g.DatabaseNodeService", "cluster.name": "tpotcluster", "node.name": "tpotcluster-node-01", "message": "deleting stale file [/tmp/geoip-databases/t9hfPgy_RyC9LOJUxQUrSQ/GeoLite2-Country.mmdb_LICENSE.txt]" }
{"type": "server", "timestamp": "2022-03-29T18:46:12,497Z", "level": "INFO", "component": "o.e.i.g.DatabaseNodeService", "cluster.name": "tpotcluster", "node.name": "tpotcluster-node-01", "message": "deleting stale file [/tmp/geoip-databases/t9hfPgy_RyC9LOJUxQUrSQ/GeoLite2-Country.mmdb_elastic-geoip-database-service-agreement-LICENSE.txt]" }
{"type": "server", "timestamp": "2022-03-29T18:46:12,498Z", "level": "INFO", "component": "o.e.i.g.DatabaseNodeService", "cluster.name": "tpotcluster", "node.name": "tpotcluster-node-01", "message": "deleting stale file [/tmp/geoip-databases/t9hfPgy_RyC9LOJUxQUrSQ/GeoLite2-ASN.mmdb_COPYRIGHT.txt]" }
{"type": "server", "timestamp": "2022-03-29T18:46:12,498Z", "level": "INFO", "component": "o.e.i.g.DatabaseNodeService", "cluster.name": "tpotcluster", "node.name": "tpotcluster-node-01", "message": "deleting stale file [/tmp/geoip-databases/t9hfPgy_RyC9LOJUxQUrSQ/GeoLite2-City.mmdb_COPYRIGHT.txt]" }
{"type": "server", "timestamp": "2022-03-29T18:46:12,499Z", "level": "INFO", "component": "o.e.i.g.DatabaseNodeService", "cluster.name": "tpotcluster", "node.name": "tpotcluster-node-01", "message": "deleting stale file [/tmp/geoip-databases/t9hfPgy_RyC9LOJUxQUrSQ/GeoLite2-ASN.mmdb_elastic-geoip-database-service-agreement-LICENSE.txt]" }
{"type": "server", "timestamp": "2022-03-29T18:46:12,500Z", "level": "INFO", "component": "o.e.i.g.DatabaseNodeService", "cluster.name": "tpotcluster", "node.name": "tpotcluster-node-01", "message": "deleting stale file [/tmp/geoip-databases/t9hfPgy_RyC9LOJUxQUrSQ/GeoLite2-City.mmdb_README.txt]" }
{"type": "server", "timestamp": "2022-03-29T18:46:12,500Z", "level": "INFO", "component": "o.e.i.g.DatabaseNodeService", "cluster.name": "tpotcluster", "node.name": "tpotcluster-node-01", "message": "deleting stale file [/tmp/geoip-databases/t9hfPgy_RyC9LOJUxQUrSQ/GeoLite2-Country.mmdb_COPYRIGHT.txt]" }
{"type": "server", "timestamp": "2022-03-29T18:46:12,501Z", "level": "INFO", "component": "o.e.i.g.DatabaseNodeService", "cluster.name": "tpotcluster", "node.name": "tpotcluster-node-01", "message": "deleting stale file [/tmp/geoip-databases/t9hfPgy_RyC9LOJUxQUrSQ/GeoLite2-ASN.mmdb_LICENSE.txt]" }
{"type": "server", "timestamp": "2022-03-29T18:46:12,502Z", "level": "INFO", "component": "o.e.i.g.DatabaseNodeService", "cluster.name": "tpotcluster", "node.name": "tpotcluster-node-01", "message": "deleting stale file [/tmp/geoip-databases/t9hfPgy_RyC9LOJUxQUrSQ/GeoLite2-Country.mmdb]" }
{"type": "server", "timestamp": "2022-03-29T18:46:12,503Z", "level": "INFO", "component": "o.e.i.g.DatabaseNodeService", "cluster.name": "tpotcluster", "node.name": "tpotcluster-node-01", "message": "deleting stale file [/tmp/geoip-databases/t9hfPgy_RyC9LOJUxQUrSQ/GeoLite2-ASN.mmdb]" }
{"type": "server", "timestamp": "2022-03-29T18:46:12,504Z", "level": "INFO", "component": "o.e.i.g.DatabaseNodeService", "cluster.name": "tpotcluster", "node.name": "tpotcluster-node-01", "message": "deleting stale file [/tmp/geoip-databases/t9hfPgy_RyC9LOJUxQUrSQ/GeoLite2-City.mmdb_elastic-geoip-database-service-agreement-LICENSE.txt]" }
{"type": "server", "timestamp": "2022-03-29T18:46:12,505Z", "level": "INFO", "component": "o.e.i.g.DatabaseNodeService", "cluster.name": "tpotcluster", "node.name": "tpotcluster-node-01", "message": "initialized database registry, using geoip-databases directory [/tmp/geoip-databases/t9hfPgy_RyC9LOJUxQUrSQ]" }
{"type": "server", "timestamp": "2022-03-29T18:46:13,980Z", "level": "INFO", "component": "o.e.t.NettyAllocator", "cluster.name": "tpotcluster", "node.name": "tpotcluster-node-01", "message": "creating NettyAllocator with the following configs: [name=elasticsearch_configured, chunk_size=1mb, suggested_max_allocation_size=1mb, factors={es.unsafe.use_netty_default_chunk_and_page_size=false, g1gc_enabled=true, g1gc_region_size=4mb}]" }
{"type": "server", "timestamp": "2022-03-29T18:46:14,175Z", "level": "INFO", "component": "o.e.d.DiscoveryModule", "cluster.name": "tpotcluster", "node.name": "tpotcluster-node-01", "message": "using discovery type [single-node] and seed hosts providers [settings]" }
{"type": "server", "timestamp": "2022-03-29T18:46:15,098Z", "level": "INFO", "component": "o.e.g.DanglingIndicesState", "cluster.name": "tpotcluster", "node.name": "tpotcluster-node-01", "message": "gateway.auto_import_dangling_indices is disabled, dangling indices will not be automatically detected or imported and must be managed manually" }
{"type": "server", "timestamp": "2022-03-29T18:46:16,000Z", "level": "INFO", "component": "o.e.n.Node", "cluster.name": "tpotcluster", "node.name": "tpotcluster-node-01", "message": "initialized" }
{"type": "server", "timestamp": "2022-03-29T18:46:16,001Z", "level": "INFO", "component": "o.e.n.Node", "cluster.name": "tpotcluster", "node.name": "tpotcluster-node-01", "message": "starting ..." }
{"type": "server", "timestamp": "2022-03-29T18:46:16,079Z", "level": "INFO", "component": "o.e.x.s.c.f.PersistentCache", "cluster.name": "tpotcluster", "node.name": "tpotcluster-node-01", "message": "persistent cache index loaded" }
{"type": "server", "timestamp": "2022-03-29T18:46:16,081Z", "level": "INFO", "component": "o.e.x.d.l.DeprecationIndexingComponent", "cluster.name": "tpotcluster", "node.name": "tpotcluster-node-01", "message": "deprecation component started" }
{"type": "server", "timestamp": "2022-03-29T18:46:16,314Z", "level": "INFO", "component": "o.e.t.TransportService", "cluster.name": "tpotcluster", "node.name": "tpotcluster-node-01", "message": "publish_address {127.0.0.1:9300}, bound_addresses {127.0.0.1:9300}" }
{"type": "server", "timestamp": "2022-03-29T18:46:18,446Z", "level": "INFO", "component": "o.e.c.c.Coordinator", "cluster.name": "tpotcluster", "node.name": "tpotcluster-node-01", "message": "cluster UUID [Qbw2pof0QzSXC1OvK0aFSw]" }
{"type": "server", "timestamp": "2022-03-29T18:46:18,557Z", "level": "INFO", "component": "o.e.c.s.MasterService", "cluster.name": "tpotcluster", "node.name": "tpotcluster-node-01", "message": "elected-as-master ([1] nodes joined)[{tpotcluster-node-01}{t9hfPgy_RyC9LOJUxQUrSQ}{YXLgQ-tbQ4arHLdAvjQP9A}{127.0.0.1}{127.0.0.1:9300}{cdfhimrstw} elect leader, _BECOME_MASTER_TASK_, _FINISH_ELECTION_], term: 154, version: 4424, delta: master node changed {previous [], current [{tpotcluster-node-01}{t9hfPgy_RyC9LOJUxQUrSQ}{YXLgQ-tbQ4arHLdAvjQP9A}{127.0.0.1}{127.0.0.1:9300}{cdfhimrstw}]}" }
{"type": "server", "timestamp": "2022-03-29T18:46:18,744Z", "level": "INFO", "component": "o.e.c.s.ClusterApplierService", "cluster.name": "tpotcluster", "node.name": "tpotcluster-node-01", "message": "master node changed {previous [], current [{tpotcluster-node-01}{t9hfPgy_RyC9LOJUxQUrSQ}{YXLgQ-tbQ4arHLdAvjQP9A}{127.0.0.1}{127.0.0.1:9300}{cdfhimrstw}]}, term: 154, version: 4424, reason: Publication{term=154, version=4424}" }
{"type": "server", "timestamp": "2022-03-29T18:46:18,846Z", "level": "INFO", "component": "o.e.h.AbstractHttpServerTransport", "cluster.name": "tpotcluster", "node.name": "tpotcluster-node-01", "message": "publish_address {192.168.48.2:9200}, bound_addresses {0.0.0.0:9200}", "cluster.uuid": "Qbw2pof0QzSXC1OvK0aFSw", "node.id": "t9hfPgy_RyC9LOJUxQUrSQ"  }
{"type": "server", "timestamp": "2022-03-29T18:46:18,847Z", "level": "INFO", "component": "o.e.n.Node", "cluster.name": "tpotcluster", "node.name": "tpotcluster-node-01", "message": "started", "cluster.uuid": "Qbw2pof0QzSXC1OvK0aFSw", "node.id": "t9hfPgy_RyC9LOJUxQUrSQ"  }
{"type": "server", "timestamp": "2022-03-29T18:46:20,028Z", "level": "INFO", "component": "o.e.l.LicenseService", "cluster.name": "tpotcluster", "node.name": "tpotcluster-node-01", "message": "license [06f03395-4097-4495-8e63-b3dc92f4de14] mode [basic] - valid", "cluster.uuid": "Qbw2pof0QzSXC1OvK0aFSw", "node.id": "t9hfPgy_RyC9LOJUxQUrSQ"  }
{"type": "server", "timestamp": "2022-03-29T18:46:20,035Z", "level": "INFO", "component": "o.e.g.GatewayService", "cluster.name": "tpotcluster", "node.name": "tpotcluster-node-01", "message": "recovered [32] indices into cluster_state", "cluster.uuid": "Qbw2pof0QzSXC1OvK0aFSw", "node.id": "t9hfPgy_RyC9LOJUxQUrSQ"  }
{"type": "server", "timestamp": "2022-03-29T18:46:20,861Z", "level": "INFO", "component": "o.e.i.g.GeoIpDownloader", "cluster.name": "tpotcluster", "node.name": "tpotcluster-node-01", "message": "updating geoip databases", "cluster.uuid": "Qbw2pof0QzSXC1OvK0aFSw", "node.id": "t9hfPgy_RyC9LOJUxQUrSQ"  }
{"type": "server", "timestamp": "2022-03-29T18:46:20,862Z", "level": "INFO", "component": "o.e.i.g.GeoIpDownloader", "cluster.name": "tpotcluster", "node.name": "tpotcluster-node-01", "message": "fetching geoip databases overview from [https://geoip.elastic.co/v1/database?elastic_geoip_service_tos=agree]", "cluster.uuid": "Qbw2pof0QzSXC1OvK0aFSw", "node.id": "t9hfPgy_RyC9LOJUxQUrSQ"  }
{"type": "server", "timestamp": "2022-03-29T18:46:23,340Z", "level": "INFO", "component": "o.e.i.g.DatabaseNodeService", "cluster.name": "tpotcluster", "node.name": "tpotcluster-node-01", "message": "downloading geoip database [GeoLite2-Country.mmdb] to [/tmp/geoip-databases/t9hfPgy_RyC9LOJUxQUrSQ/GeoLite2-Country.mmdb.tmp.gz]", "cluster.uuid": "Qbw2pof0QzSXC1OvK0aFSw", "node.id": "t9hfPgy_RyC9LOJUxQUrSQ"  }
{"type": "server", "timestamp": "2022-03-29T18:46:23,356Z", "level": "INFO", "component": "o.e.i.g.DatabaseNodeService", "cluster.name": "tpotcluster", "node.name": "tpotcluster-node-01", "message": "downloading geoip database [GeoLite2-ASN.mmdb] to [/tmp/geoip-databases/t9hfPgy_RyC9LOJUxQUrSQ/GeoLite2-ASN.mmdb.tmp.gz]", "cluster.uuid": "Qbw2pof0QzSXC1OvK0aFSw", "node.id": "t9hfPgy_RyC9LOJUxQUrSQ"  }
{"type": "server", "timestamp": "2022-03-29T18:46:23,382Z", "level": "INFO", "component": "o.e.i.g.DatabaseNodeService", "cluster.name": "tpotcluster", "node.name": "tpotcluster-node-01", "message": "downloading geoip database [GeoLite2-City.mmdb] to [/tmp/geoip-databases/t9hfPgy_RyC9LOJUxQUrSQ/GeoLite2-City.mmdb.tmp.gz]", "cluster.uuid": "Qbw2pof0QzSXC1OvK0aFSw", "node.id": "t9hfPgy_RyC9LOJUxQUrSQ"  }
{"type": "server", "timestamp": "2022-03-29T18:46:25,873Z", "level": "INFO", "component": "o.e.i.g.DatabaseNodeService", "cluster.name": "tpotcluster", "node.name": "tpotcluster-node-01", "message": "successfully reloaded changed geoip database file [/tmp/geoip-databases/t9hfPgy_RyC9LOJUxQUrSQ/GeoLite2-Country.mmdb]", "cluster.uuid": "Qbw2pof0QzSXC1OvK0aFSw", "node.id": "t9hfPgy_RyC9LOJUxQUrSQ"  }
{"type": "server", "timestamp": "2022-03-29T18:46:26,018Z", "level": "INFO", "component": "o.e.i.g.DatabaseNodeService", "cluster.name": "tpotcluster", "node.name": "tpotcluster-node-01", "message": "successfully reloaded changed geoip database file [/tmp/geoip-databases/t9hfPgy_RyC9LOJUxQUrSQ/GeoLite2-ASN.mmdb]", "cluster.uuid": "Qbw2pof0QzSXC1OvK0aFSw", "node.id": "t9hfPgy_RyC9LOJUxQUrSQ"  }
{"type": "server", "timestamp": "2022-03-29T18:46:26,024Z", "level": "ERROR", "component": "o.e.i.g.GeoIpDownloader", "cluster.name": "tpotcluster", "node.name": "tpotcluster-node-01", "message": "exception during geoip databases update", "cluster.uuid": "Qbw2pof0QzSXC1OvK0aFSw", "node.id": "t9hfPgy_RyC9LOJUxQUrSQ" , 
"stacktrace": ["java.net.UnknownHostException: geoip.elastic.co",
"at sun.nio.ch.NioSocketImpl.connect(NioSocketImpl.java:567) ~[?:?]",
"at java.net.SocksSocketImpl.connect(SocksSocketImpl.java:333) ~[?:?]",
"at java.net.Socket.connect(Socket.java:645) ~[?:?]",
"at sun.security.ssl.SSLSocketImpl.connect(SSLSocketImpl.java:300) ~[?:?]",
"at sun.net.NetworkClient.doConnect(NetworkClient.java:177) ~[?:?]",
"at sun.net.www.http.HttpClient.openServer(HttpClient.java:497) ~[?:?]",
"at sun.net.www.http.HttpClient.openServer(HttpClient.java:600) ~[?:?]",
"at sun.net.www.protocol.https.HttpsClient.<init>(HttpsClient.java:265) ~[?:?]",
"at sun.net.www.protocol.https.HttpsClient.New(HttpsClient.java:379) ~[?:?]",
"at sun.net.www.protocol.https.AbstractDelegateHttpsURLConnection.getNewHttpClient(AbstractDelegateHttpsURLConnection.java:189) ~[?:?]",
"at sun.net.www.protocol.http.HttpURLConnection.plainConnect0(HttpURLConnection.java:1232) ~[?:?]",
"at sun.net.www.protocol.http.HttpURLConnection.plainConnect(HttpURLConnection.java:1120) ~[?:?]",
"at sun.net.www.protocol.https.AbstractDelegateHttpsURLConnection.connect(AbstractDelegateHttpsURLConnection.java:175) ~[?:?]",
"at sun.net.www.protocol.http.HttpURLConnection.getInputStream0(HttpURLConnection.java:1653) ~[?:?]",
"at sun.net.www.protocol.http.HttpURLConnection.getInputStream(HttpURLConnection.java:1577) ~[?:?]",
"at java.net.HttpURLConnection.getResponseCode(HttpURLConnection.java:527) ~[?:?]",
"at sun.net.www.protocol.https.HttpsURLConnectionImpl.getResponseCode(HttpsURLConnectionImpl.java:308) ~[?:?]",
"at org.elasticsearch.ingest.geoip.HttpClient.lambda$get$0(HttpClient.java:55) ~[ingest-geoip-7.17.0.jar:7.17.0]",
"at java.security.AccessController.doPrivileged(AccessController.java:554) ~[?:?]",
"at org.elasticsearch.ingest.geoip.HttpClient.doPrivileged(HttpClient.java:97) ~[ingest-geoip-7.17.0.jar:7.17.0]",
"at org.elasticsearch.ingest.geoip.HttpClient.get(HttpClient.java:49) ~[ingest-geoip-7.17.0.jar:7.17.0]",
"at org.elasticsearch.ingest.geoip.HttpClient.getBytes(HttpClient.java:40) ~[ingest-geoip-7.17.0.jar:7.17.0]",
"at org.elasticsearch.ingest.geoip.GeoIpDownloader.fetchDatabasesOverview(GeoIpDownloader.java:135) ~[ingest-geoip-7.17.0.jar:7.17.0]",
"at org.elasticsearch.ingest.geoip.GeoIpDownloader.updateDatabases(GeoIpDownloader.java:123) ~[ingest-geoip-7.17.0.jar:7.17.0]",
"at org.elasticsearch.ingest.geoip.GeoIpDownloader.runDownloader(GeoIpDownloader.java:260) [ingest-geoip-7.17.0.jar:7.17.0]",
"at org.elasticsearch.ingest.geoip.GeoIpDownloaderTaskExecutor.nodeOperation(GeoIpDownloaderTaskExecutor.java:97) [ingest-geoip-7.17.0.jar:7.17.0]",
"at org.elasticsearch.ingest.geoip.GeoIpDownloaderTaskExecutor.nodeOperation(GeoIpDownloaderTaskExecutor.java:43) [ingest-geoip-7.17.0.jar:7.17.0]",
"at org.elasticsearch.persistent.NodePersistentTasksExecutor$1.doRun(NodePersistentTasksExecutor.java:42) [elasticsearch-7.17.0.jar:7.17.0]",
"at org.elasticsearch.common.util.concurrent.ThreadContext$ContextPreservingAbstractRunnable.doRun(ThreadContext.java:777) [elasticsearch-7.17.0.jar:7.17.0]",
"at org.elasticsearch.common.util.concurrent.AbstractRunnable.run(AbstractRunnable.java:26) [elasticsearch-7.17.0.jar:7.17.0]",
"at java.util.concurrent.ThreadPoolExecutor.runWorker(ThreadPoolExecutor.java:1130) [?:?]",
"at java.util.concurrent.ThreadPoolExecutor$Worker.run(ThreadPoolExecutor.java:630) [?:?]",
"at java.lang.Thread.run(Thread.java:831) [?:?]"] }
{"type": "server", "timestamp": "2022-03-29T18:46:28,040Z", "level": "WARN", "component": "r.suppressed", "cluster.name": "tpotcluster", "node.name": "tpotcluster-node-01", "message": "path: /.kibana_task_manager/_search, params: {ignore_unavailable=true, index=.kibana_task_manager, track_total_hits=true}", "cluster.uuid": "Qbw2pof0QzSXC1OvK0aFSw", "node.id": "t9hfPgy_RyC9LOJUxQUrSQ" , 
"stacktrace": ["org.elasticsearch.action.search.SearchPhaseExecutionException: all shards failed",
"at org.elasticsearch.action.search.AbstractSearchAsyncAction.onPhaseFailure(AbstractSearchAsyncAction.java:725) [elasticsearch-7.17.0.jar:7.17.0]",
"at org.elasticsearch.action.search.AbstractSearchAsyncAction.executeNextPhase(AbstractSearchAsyncAction.java:412) [elasticsearch-7.17.0.jar:7.17.0]",
"at org.elasticsearch.action.search.AbstractSearchAsyncAction.onPhaseDone(AbstractSearchAsyncAction.java:757) [elasticsearch-7.17.0.jar:7.17.0]",
"at org.elasticsearch.action.search.AbstractSearchAsyncAction.onShardFailure(AbstractSearchAsyncAction.java:509) [elasticsearch-7.17.0.jar:7.17.0]",
"at org.elasticsearch.action.search.AbstractSearchAsyncAction.access$000(AbstractSearchAsyncAction.java:64) [elasticsearch-7.17.0.jar:7.17.0]",
"at org.elasticsearch.action.search.AbstractSearchAsyncAction$1.onFailure(AbstractSearchAsyncAction.java:343) [elasticsearch-7.17.0.jar:7.17.0]",
"at org.elasticsearch.action.ActionListener$Delegating.onFailure(ActionListener.java:66) [elasticsearch-7.17.0.jar:7.17.0]",
"at org.elasticsearch.action.ActionListenerResponseHandler.handleException(ActionListenerResponseHandler.java:48) [elasticsearch-7.17.0.jar:7.17.0]",
"at org.elasticsearch.action.search.SearchTransportService$ConnectionCountingHandler.handleException(SearchTransportService.java:651) [elasticsearch-7.17.0.jar:7.17.0]",
"at org.elasticsearch.transport.TransportService$4.handleException(TransportService.java:853) [elasticsearch-7.17.0.jar:7.17.0]",
"at org.elasticsearch.transport.TransportService$ContextRestoreResponseHandler.handleException(TransportService.java:1481) [elasticsearch-7.17.0.jar:7.17.0]",
"at org.elasticsearch.transport.TransportService$DirectResponseChannel.processException(TransportService.java:1590) [elasticsearch-7.17.0.jar:7.17.0]",
"at org.elasticsearch.transport.TransportService$DirectResponseChannel.sendResponse(TransportService.java:1564) [elasticsearch-7.17.0.jar:7.17.0]",
"at org.elasticsearch.transport.TaskTransportChannel.sendResponse(TaskTransportChannel.java:50) [elasticsearch-7.17.0.jar:7.17.0]",
"at org.elasticsearch.transport.TransportChannel.sendErrorResponse(TransportChannel.java:45) [elasticsearch-7.17.0.jar:7.17.0]",
"at org.elasticsearch.action.support.ChannelActionListener.onFailure(ChannelActionListener.java:41) [elasticsearch-7.17.0.jar:7.17.0]",
"at org.elasticsearch.action.ActionRunnable.onFailure(ActionRunnable.java:77) [elasticsearch-7.17.0.jar:7.17.0]",
"at org.elasticsearch.common.util.concurrent.ThreadContext$ContextPreservingAbstractRunnable.onFailure(ThreadContext.java:765) [elasticsearch-7.17.0.jar:7.17.0]",
"at org.elasticsearch.common.util.concurrent.AbstractRunnable.run(AbstractRunnable.java:28) [elasticsearch-7.17.0.jar:7.17.0]",
"at java.util.concurrent.ThreadPoolExecutor.runWorker(ThreadPoolExecutor.java:1130) [?:?]",
"at java.util.concurrent.ThreadPoolExecutor$Worker.run(ThreadPoolExecutor.java:630) [?:?]",
"at java.lang.Thread.run(Thread.java:831) [?:?]",
"Caused by: org.elasticsearch.action.NoShardAvailableActionException: [tpotcluster-node-01][127.0.0.1:9300][indices:data/read/search[phase/query]]",
"at org.elasticsearch.action.search.AbstractSearchAsyncAction.onShardFailure(AbstractSearchAsyncAction.java:544) ~[elasticsearch-7.17.0.jar:7.17.0]",
"at org.elasticsearch.action.search.AbstractSearchAsyncAction.onShardFailure(AbstractSearchAsyncAction.java:491) [elasticsearch-7.17.0.jar:7.17.0]",
"... 18 more"] }
{"type": "server", "timestamp": "2022-03-29T18:46:29,286Z", "level": "WARN", "component": "o.e.m.j.JvmGcMonitorService", "cluster.name": "tpotcluster", "node.name": "tpotcluster-node-01", "message": "[gc][13] overhead, spent [549ms] collecting in the last [1s]", "cluster.uuid": "Qbw2pof0QzSXC1OvK0aFSw", "node.id": "t9hfPgy_RyC9LOJUxQUrSQ"  }
{"type": "server", "timestamp": "2022-03-29T18:46:30,933Z", "level": "WARN", "component": "r.suppressed", "cluster.name": "tpotcluster", "node.name": "tpotcluster-node-01", "message": "path: /.kibana_task_manager/_search, params: {ignore_unavailable=true, index=.kibana_task_manager, track_total_hits=true}", "cluster.uuid": "Qbw2pof0QzSXC1OvK0aFSw", "node.id": "t9hfPgy_RyC9LOJUxQUrSQ" , 
"stacktrace": ["org.elasticsearch.action.search.SearchPhaseExecutionException: all shards failed",
"at org.elasticsearch.action.search.AbstractSearchAsyncAction.onPhaseFailure(AbstractSearchAsyncAction.java:725) [elasticsearch-7.17.0.jar:7.17.0]",
"at org.elasticsearch.action.search.AbstractSearchAsyncAction.executeNextPhase(AbstractSearchAsyncAction.java:412) [elasticsearch-7.17.0.jar:7.17.0]",
"at org.elasticsearch.action.search.AbstractSearchAsyncAction.onPhaseDone(AbstractSearchAsyncAction.java:757) [elasticsearch-7.17.0.jar:7.17.0]",
"at org.elasticsearch.action.search.AbstractSearchAsyncAction.onShardFailure(AbstractSearchAsyncAction.java:509) [elasticsearch-7.17.0.jar:7.17.0]",
"at org.elasticsearch.action.search.AbstractSearchAsyncAction.access$000(AbstractSearchAsyncAction.java:64) [elasticsearch-7.17.0.jar:7.17.0]",
"at org.elasticsearch.action.search.AbstractSearchAsyncAction$1.onFailure(AbstractSearchAsyncAction.java:343) [elasticsearch-7.17.0.jar:7.17.0]",
"at org.elasticsearch.action.ActionListener$Delegating.onFailure(ActionListener.java:66) [elasticsearch-7.17.0.jar:7.17.0]",
"at org.elasticsearch.action.ActionListenerResponseHandler.handleException(ActionListenerResponseHandler.java:48) [elasticsearch-7.17.0.jar:7.17.0]",
"at org.elasticsearch.action.search.SearchTransportService$ConnectionCountingHandler.handleException(SearchTransportService.java:651) [elasticsearch-7.17.0.jar:7.17.0]",
"at org.elasticsearch.transport.TransportService$4.handleException(TransportService.java:853) [elasticsearch-7.17.0.jar:7.17.0]",
"at org.elasticsearch.transport.TransportService$ContextRestoreResponseHandler.handleException(TransportService.java:1481) [elasticsearch-7.17.0.jar:7.17.0]",
"at org.elasticsearch.transport.TransportService$DirectResponseChannel.processException(TransportService.java:1590) [elasticsearch-7.17.0.jar:7.17.0]",
"at org.elasticsearch.transport.TransportService$DirectResponseChannel.sendResponse(TransportService.java:1564) [elasticsearch-7.17.0.jar:7.17.0]",
"at org.elasticsearch.transport.TaskTransportChannel.sendResponse(TaskTransportChannel.java:50) [elasticsearch-7.17.0.jar:7.17.0]",
"at org.elasticsearch.transport.TransportChannel.sendErrorResponse(TransportChannel.java:45) [elasticsearch-7.17.0.jar:7.17.0]",
"at org.elasticsearch.action.support.ChannelActionListener.onFailure(ChannelActionListener.java:41) [elasticsearch-7.17.0.jar:7.17.0]",
"at org.elasticsearch.action.ActionRunnable.onFailure(ActionRunnable.java:77) [elasticsearch-7.17.0.jar:7.17.0]",
"at org.elasticsearch.common.util.concurrent.ThreadContext$ContextPreservingAbstractRunnable.onFailure(ThreadContext.java:765) [elasticsearch-7.17.0.jar:7.17.0]",
"at org.elasticsearch.common.util.concurrent.AbstractRunnable.run(AbstractRunnable.java:28) [elasticsearch-7.17.0.jar:7.17.0]",
"at java.util.concurrent.ThreadPoolExecutor.runWorker(ThreadPoolExecutor.java:1130) [?:?]",
"at java.util.concurrent.ThreadPoolExecutor$Worker.run(ThreadPoolExecutor.java:630) [?:?]",
"at java.lang.Thread.run(Thread.java:831) [?:?]",
"Caused by: org.elasticsearch.action.NoShardAvailableActionException: [tpotcluster-node-01][127.0.0.1:9300][indices:data/read/search[phase/query]]",
"at org.elasticsearch.action.search.AbstractSearchAsyncAction.onShardFailure(AbstractSearchAsyncAction.java:544) ~[elasticsearch-7.17.0.jar:7.17.0]",
"at org.elasticsearch.action.search.AbstractSearchAsyncAction.onShardFailure(AbstractSearchAsyncAction.java:491) [elasticsearch-7.17.0.jar:7.17.0]",
"... 18 more"] }
{"type": "server", "timestamp": "2022-03-29T18:46:31,039Z", "level": "WARN", "component": "r.suppressed", "cluster.name": "tpotcluster", "node.name": "tpotcluster-node-01", "message": "path: /.kibana_task_manager/_update_by_query, params: {ignore_unavailable=true, refresh=true, conflicts=proceed, index=.kibana_task_manager}", "cluster.uuid": "Qbw2pof0QzSXC1OvK0aFSw", "node.id": "t9hfPgy_RyC9LOJUxQUrSQ" , 
"stacktrace": ["org.elasticsearch.action.search.SearchPhaseExecutionException: all shards failed",
"at org.elasticsearch.action.search.AbstractSearchAsyncAction.onPhaseFailure(AbstractSearchAsyncAction.java:725) [elasticsearch-7.17.0.jar:7.17.0]",
"at org.elasticsearch.action.search.AbstractSearchAsyncAction.executeNextPhase(AbstractSearchAsyncAction.java:412) [elasticsearch-7.17.0.jar:7.17.0]",
"at org.elasticsearch.action.search.AbstractSearchAsyncAction.onPhaseDone(AbstractSearchAsyncAction.java:757) [elasticsearch-7.17.0.jar:7.17.0]",
"at org.elasticsearch.action.search.AbstractSearchAsyncAction.onShardFailure(AbstractSearchAsyncAction.java:509) [elasticsearch-7.17.0.jar:7.17.0]",
"at org.elasticsearch.action.search.AbstractSearchAsyncAction.access$000(AbstractSearchAsyncAction.java:64) [elasticsearch-7.17.0.jar:7.17.0]",
"at org.elasticsearch.action.search.AbstractSearchAsyncAction$1.onFailure(AbstractSearchAsyncAction.java:343) [elasticsearch-7.17.0.jar:7.17.0]",
"at org.elasticsearch.action.ActionListener$Delegating.onFailure(ActionListener.java:66) [elasticsearch-7.17.0.jar:7.17.0]",
"at org.elasticsearch.action.ActionListenerResponseHandler.handleException(ActionListenerResponseHandler.java:48) [elasticsearch-7.17.0.jar:7.17.0]",
"at org.elasticsearch.action.search.SearchTransportService$ConnectionCountingHandler.handleException(SearchTransportService.java:651) [elasticsearch-7.17.0.jar:7.17.0]",
"at org.elasticsearch.transport.TransportService$4.handleException(TransportService.java:853) [elasticsearch-7.17.0.jar:7.17.0]",
"at org.elasticsearch.transport.TransportService$ContextRestoreResponseHandler.handleException(TransportService.java:1481) [elasticsearch-7.17.0.jar:7.17.0]",
"at org.elasticsearch.transport.TransportService$DirectResponseChannel.processException(TransportService.java:1590) [elasticsearch-7.17.0.jar:7.17.0]",
"at org.elasticsearch.transport.TransportService$DirectResponseChannel.sendResponse(TransportService.java:1564) [elasticsearch-7.17.0.jar:7.17.0]",
"at org.elasticsearch.transport.TaskTransportChannel.sendResponse(TaskTransportChannel.java:50) [elasticsearch-7.17.0.jar:7.17.0]",
"at org.elasticsearch.transport.TransportChannel.sendErrorResponse(TransportChannel.java:45) [elasticsearch-7.17.0.jar:7.17.0]",
"at org.elasticsearch.action.support.ChannelActionListener.onFailure(ChannelActionListener.java:41) [elasticsearch-7.17.0.jar:7.17.0]",
"at org.elasticsearch.action.ActionRunnable.onFailure(ActionRunnable.java:77) [elasticsearch-7.17.0.jar:7.17.0]",
"at org.elasticsearch.common.util.concurrent.ThreadContext$ContextPreservingAbstractRunnable.onFailure(ThreadContext.java:765) [elasticsearch-7.17.0.jar:7.17.0]",
"at org.elasticsearch.common.util.concurrent.AbstractRunnable.run(AbstractRunnable.java:28) [elasticsearch-7.17.0.jar:7.17.0]",
"at java.util.concurrent.ThreadPoolExecutor.runWorker(ThreadPoolExecutor.java:1130) [?:?]",
"at java.util.concurrent.ThreadPoolExecutor$Worker.run(ThreadPoolExecutor.java:630) [?:?]",
"at java.lang.Thread.run(Thread.java:831) [?:?]",
"Caused by: org.elasticsearch.action.NoShardAvailableActionException: [tpotcluster-node-01][127.0.0.1:9300][indices:data/read/search[phase/query]]",
"at org.elasticsearch.action.search.AbstractSearchAsyncAction.onShardFailure(AbstractSearchAsyncAction.java:544) ~[elasticsearch-7.17.0.jar:7.17.0]",
"at org.elasticsearch.action.search.AbstractSearchAsyncAction.onShardFailure(AbstractSearchAsyncAction.java:491) [elasticsearch-7.17.0.jar:7.17.0]",
"... 18 more"] }
{"type": "server", "timestamp": "2022-03-29T18:46:31,104Z", "level": "WARN", "component": "r.suppressed", "cluster.name": "tpotcluster", "node.name": "tpotcluster-node-01", "message": "path: /.kibana_task_manager/_search, params: {ignore_unavailable=true, index=.kibana_task_manager, track_total_hits=true}", "cluster.uuid": "Qbw2pof0QzSXC1OvK0aFSw", "node.id": "t9hfPgy_RyC9LOJUxQUrSQ" , 
"stacktrace": ["org.elasticsearch.action.search.SearchPhaseExecutionException: all shards failed",
"at org.elasticsearch.action.search.AbstractSearchAsyncAction.onPhaseFailure(AbstractSearchAsyncAction.java:725) [elasticsearch-7.17.0.jar:7.17.0]",
"at org.elasticsearch.action.search.AbstractSearchAsyncAction.executeNextPhase(AbstractSearchAsyncAction.java:412) [elasticsearch-7.17.0.jar:7.17.0]",
"at org.elasticsearch.action.search.AbstractSearchAsyncAction.onPhaseDone(AbstractSearchAsyncAction.java:757) [elasticsearch-7.17.0.jar:7.17.0]",
"at org.elasticsearch.action.search.AbstractSearchAsyncAction.onShardFailure(AbstractSearchAsyncAction.java:509) [elasticsearch-7.17.0.jar:7.17.0]",
"at org.elasticsearch.action.search.AbstractSearchAsyncAction.access$000(AbstractSearchAsyncAction.java:64) [elasticsearch-7.17.0.jar:7.17.0]",
"at org.elasticsearch.action.search.AbstractSearchAsyncAction$1.onFailure(AbstractSearchAsyncAction.java:343) [elasticsearch-7.17.0.jar:7.17.0]",
"at org.elasticsearch.action.ActionListener$Delegating.onFailure(ActionListener.java:66) [elasticsearch-7.17.0.jar:7.17.0]",
"at org.elasticsearch.action.ActionListenerResponseHandler.handleException(ActionListenerResponseHandler.java:48) [elasticsearch-7.17.0.jar:7.17.0]",
"at org.elasticsearch.action.search.SearchTransportService$ConnectionCountingHandler.handleException(SearchTransportService.java:651) [elasticsearch-7.17.0.jar:7.17.0]",
"at org.elasticsearch.transport.TransportService$4.handleException(TransportService.java:853) [elasticsearch-7.17.0.jar:7.17.0]",
"at org.elasticsearch.transport.TransportService$ContextRestoreResponseHandler.handleException(TransportService.java:1481) [elasticsearch-7.17.0.jar:7.17.0]",
"at org.elasticsearch.transport.TransportService$DirectResponseChannel.processException(TransportService.java:1590) [elasticsearch-7.17.0.jar:7.17.0]",
"at org.elasticsearch.transport.TransportService$DirectResponseChannel.sendResponse(TransportService.java:1564) [elasticsearch-7.17.0.jar:7.17.0]",
"at org.elasticsearch.transport.TaskTransportChannel.sendResponse(TaskTransportChannel.java:50) [elasticsearch-7.17.0.jar:7.17.0]",
"at org.elasticsearch.transport.TransportChannel.sendErrorResponse(TransportChannel.java:45) [elasticsearch-7.17.0.jar:7.17.0]",
"at org.elasticsearch.action.support.ChannelActionListener.onFailure(ChannelActionListener.java:41) [elasticsearch-7.17.0.jar:7.17.0]",
"at org.elasticsearch.action.ActionRunnable.onFailure(ActionRunnable.java:77) [elasticsearch-7.17.0.jar:7.17.0]",
"at org.elasticsearch.common.util.concurrent.ThreadContext$ContextPreservingAbstractRunnable.onFailure(ThreadContext.java:765) [elasticsearch-7.17.0.jar:7.17.0]",
"at org.elasticsearch.common.util.concurrent.AbstractRunnable.run(AbstractRunnable.java:28) [elasticsearch-7.17.0.jar:7.17.0]",
"at java.util.concurrent.ThreadPoolExecutor.runWorker(ThreadPoolExecutor.java:1130) [?:?]",
"at java.util.concurrent.ThreadPoolExecutor$Worker.run(ThreadPoolExecutor.java:630) [?:?]",
"at java.lang.Thread.run(Thread.java:831) [?:?]",
"Caused by: org.elasticsearch.action.NoShardAvailableActionException: [tpotcluster-node-01][127.0.0.1:9300][indices:data/read/search[phase/query]]",
"at org.elasticsearch.action.search.AbstractSearchAsyncAction.onShardFailure(AbstractSearchAsyncAction.java:544) ~[elasticsearch-7.17.0.jar:7.17.0]",
"at org.elasticsearch.action.search.AbstractSearchAsyncAction.onShardFailure(AbstractSearchAsyncAction.java:491) [elasticsearch-7.17.0.jar:7.17.0]",
"... 18 more"] }
{"type": "server", "timestamp": "2022-03-29T18:46:31,149Z", "level": "WARN", "component": "r.suppressed", "cluster.name": "tpotcluster", "node.name": "tpotcluster-node-01", "message": "path: /.kibana_task_manager/_update_by_query, params: {ignore_unavailable=true, refresh=true, conflicts=proceed, index=.kibana_task_manager}", "cluster.uuid": "Qbw2pof0QzSXC1OvK0aFSw", "node.id": "t9hfPgy_RyC9LOJUxQUrSQ" , 
"stacktrace": ["org.elasticsearch.action.search.SearchPhaseExecutionException: all shards failed",
"at org.elasticsearch.action.search.AbstractSearchAsyncAction.onPhaseFailure(AbstractSearchAsyncAction.java:725) [elasticsearch-7.17.0.jar:7.17.0]",
"at org.elasticsearch.action.search.AbstractSearchAsyncAction.executeNextPhase(AbstractSearchAsyncAction.java:412) [elasticsearch-7.17.0.jar:7.17.0]",
"at org.elasticsearch.action.search.AbstractSearchAsyncAction.onPhaseDone(AbstractSearchAsyncAction.java:757) [elasticsearch-7.17.0.jar:7.17.0]",
"at org.elasticsearch.action.search.AbstractSearchAsyncAction.onShardFailure(AbstractSearchAsyncAction.java:509) [elasticsearch-7.17.0.jar:7.17.0]",
"at org.elasticsearch.action.search.AbstractSearchAsyncAction.access$000(AbstractSearchAsyncAction.java:64) [elasticsearch-7.17.0.jar:7.17.0]",
"at org.elasticsearch.action.search.AbstractSearchAsyncAction$1.onFailure(AbstractSearchAsyncAction.java:343) [elasticsearch-7.17.0.jar:7.17.0]",
"at org.elasticsearch.action.ActionListener$Delegating.onFailure(ActionListener.java:66) [elasticsearch-7.17.0.jar:7.17.0]",
"at org.elasticsearch.action.ActionListenerResponseHandler.handleException(ActionListenerResponseHandler.java:48) [elasticsearch-7.17.0.jar:7.17.0]",
"at org.elasticsearch.action.search.SearchTransportService$ConnectionCountingHandler.handleException(SearchTransportService.java:651) [elasticsearch-7.17.0.jar:7.17.0]",
"at org.elasticsearch.transport.TransportService$4.handleException(TransportService.java:853) [elasticsearch-7.17.0.jar:7.17.0]",
"at org.elasticsearch.transport.TransportService$ContextRestoreResponseHandler.handleException(TransportService.java:1481) [elasticsearch-7.17.0.jar:7.17.0]",
"at org.elasticsearch.transport.TransportService$DirectResponseChannel.processException(TransportService.java:1590) [elasticsearch-7.17.0.jar:7.17.0]",
"at org.elasticsearch.transport.TransportService$DirectResponseChannel.sendResponse(TransportService.java:1564) [elasticsearch-7.17.0.jar:7.17.0]",
"at org.elasticsearch.transport.TaskTransportChannel.sendResponse(TaskTransportChannel.java:50) [elasticsearch-7.17.0.jar:7.17.0]",
"at org.elasticsearch.transport.TransportChannel.sendErrorResponse(TransportChannel.java:45) [elasticsearch-7.17.0.jar:7.17.0]",
"at org.elasticsearch.action.support.ChannelActionListener.onFailure(ChannelActionListener.java:41) [elasticsearch-7.17.0.jar:7.17.0]",
"at org.elasticsearch.action.ActionRunnable.onFailure(ActionRunnable.java:77) [elasticsearch-7.17.0.jar:7.17.0]",
"at org.elasticsearch.common.util.concurrent.ThreadContext$ContextPreservingAbstractRunnable.onFailure(ThreadContext.java:765) [elasticsearch-7.17.0.jar:7.17.0]",
"at org.elasticsearch.common.util.concurrent.AbstractRunnable.run(AbstractRunnable.java:28) [elasticsearch-7.17.0.jar:7.17.0]",
"at java.util.concurrent.ThreadPoolExecutor.runWorker(ThreadPoolExecutor.java:1130) [?:?]",
"at java.util.concurrent.ThreadPoolExecutor$Worker.run(ThreadPoolExecutor.java:630) [?:?]",
"at java.lang.Thread.run(Thread.java:831) [?:?]",
"Caused by: org.elasticsearch.action.NoShardAvailableActionException: [tpotcluster-node-01][127.0.0.1:9300][indices:data/read/search[phase/query]]",
"at org.elasticsearch.action.search.AbstractSearchAsyncAction.onShardFailure(AbstractSearchAsyncAction.java:544) ~[elasticsearch-7.17.0.jar:7.17.0]",
"at org.elasticsearch.action.search.AbstractSearchAsyncAction.onShardFailure(AbstractSearchAsyncAction.java:491) [elasticsearch-7.17.0.jar:7.17.0]",
"... 18 more"] }
{"type": "server", "timestamp": "2022-03-29T18:46:31,183Z", "level": "WARN", "component": "r.suppressed", "cluster.name": "tpotcluster", "node.name": "tpotcluster-node-01", "message": "path: /.kibana_task_manager/_search, params: {ignore_unavailable=true, index=.kibana_task_manager, track_total_hits=true}", "cluster.uuid": "Qbw2pof0QzSXC1OvK0aFSw", "node.id": "t9hfPgy_RyC9LOJUxQUrSQ" , 
"stacktrace": ["org.elasticsearch.action.search.SearchPhaseExecutionException: all shards failed",
"at org.elasticsearch.action.search.AbstractSearchAsyncAction.onPhaseFailure(AbstractSearchAsyncAction.java:725) [elasticsearch-7.17.0.jar:7.17.0]",
"at org.elasticsearch.action.search.AbstractSearchAsyncAction.executeNextPhase(AbstractSearchAsyncAction.java:412) [elasticsearch-7.17.0.jar:7.17.0]",
"at org.elasticsearch.action.search.AbstractSearchAsyncAction.onPhaseDone(AbstractSearchAsyncAction.java:757) [elasticsearch-7.17.0.jar:7.17.0]",
"at org.elasticsearch.action.search.AbstractSearchAsyncAction.onShardFailure(AbstractSearchAsyncAction.java:509) [elasticsearch-7.17.0.jar:7.17.0]",
"at org.elasticsearch.action.search.AbstractSearchAsyncAction.access$000(AbstractSearchAsyncAction.java:64) [elasticsearch-7.17.0.jar:7.17.0]",
"at org.elasticsearch.action.search.AbstractSearchAsyncAction$1.onFailure(AbstractSearchAsyncAction.java:343) [elasticsearch-7.17.0.jar:7.17.0]",
"at org.elasticsearch.action.ActionListener$Delegating.onFailure(ActionListener.java:66) [elasticsearch-7.17.0.jar:7.17.0]",
"at org.elasticsearch.action.ActionListenerResponseHandler.handleException(ActionListenerResponseHandler.java:48) [elasticsearch-7.17.0.jar:7.17.0]",
"at org.elasticsearch.action.search.SearchTransportService$ConnectionCountingHandler.handleException(SearchTransportService.java:651) [elasticsearch-7.17.0.jar:7.17.0]",
"at org.elasticsearch.transport.TransportService$4.handleException(TransportService.java:853) [elasticsearch-7.17.0.jar:7.17.0]",
"at org.elasticsearch.transport.TransportService$ContextRestoreResponseHandler.handleException(TransportService.java:1481) [elasticsearch-7.17.0.jar:7.17.0]",
"at org.elasticsearch.transport.TransportService$DirectResponseChannel.processException(TransportService.java:1590) [elasticsearch-7.17.0.jar:7.17.0]",
"at org.elasticsearch.transport.TransportService$DirectResponseChannel.sendResponse(TransportService.java:1564) [elasticsearch-7.17.0.jar:7.17.0]",
"at org.elasticsearch.transport.TaskTransportChannel.sendResponse(TaskTransportChannel.java:50) [elasticsearch-7.17.0.jar:7.17.0]",
"at org.elasticsearch.transport.TransportChannel.sendErrorResponse(TransportChannel.java:45) [elasticsearch-7.17.0.jar:7.17.0]",
"at org.elasticsearch.action.support.ChannelActionListener.onFailure(ChannelActionListener.java:41) [elasticsearch-7.17.0.jar:7.17.0]",
"at org.elasticsearch.action.ActionRunnable.onFailure(ActionRunnable.java:77) [elasticsearch-7.17.0.jar:7.17.0]",
"at org.elasticsearch.common.util.concurrent.ThreadContext$ContextPreservingAbstractRunnable.onFailure(ThreadContext.java:765) [elasticsearch-7.17.0.jar:7.17.0]",
"at org.elasticsearch.common.util.concurrent.AbstractRunnable.run(AbstractRunnable.java:28) [elasticsearch-7.17.0.jar:7.17.0]",
"at java.util.concurrent.ThreadPoolExecutor.runWorker(ThreadPoolExecutor.java:1130) [?:?]",
"at java.util.concurrent.ThreadPoolExecutor$Worker.run(ThreadPoolExecutor.java:630) [?:?]",
"at java.lang.Thread.run(Thread.java:831) [?:?]",
"Caused by: org.elasticsearch.action.NoShardAvailableActionException: [tpotcluster-node-01][127.0.0.1:9300][indices:data/read/search[phase/query]]",
"at org.elasticsearch.action.search.AbstractSearchAsyncAction.onShardFailure(AbstractSearchAsyncAction.java:544) ~[elasticsearch-7.17.0.jar:7.17.0]",
"at org.elasticsearch.action.search.AbstractSearchAsyncAction.onShardFailure(AbstractSearchAsyncAction.java:491) [elasticsearch-7.17.0.jar:7.17.0]",
"... 18 more"] }
{"type": "server", "timestamp": "2022-03-29T18:46:31,242Z", "level": "WARN", "component": "r.suppressed", "cluster.name": "tpotcluster", "node.name": "tpotcluster-node-01", "message": "path: /.kibana_task_manager/_update_by_query, params: {ignore_unavailable=true, refresh=true, conflicts=proceed, index=.kibana_task_manager}", "cluster.uuid": "Qbw2pof0QzSXC1OvK0aFSw", "node.id": "t9hfPgy_RyC9LOJUxQUrSQ" , 
"stacktrace": ["org.elasticsearch.action.search.SearchPhaseExecutionException: all shards failed",
"at org.elasticsearch.action.search.AbstractSearchAsyncAction.onPhaseFailure(AbstractSearchAsyncAction.java:725) [elasticsearch-7.17.0.jar:7.17.0]",
"at org.elasticsearch.action.search.AbstractSearchAsyncAction.executeNextPhase(AbstractSearchAsyncAction.java:412) [elasticsearch-7.17.0.jar:7.17.0]",
"at org.elasticsearch.action.search.AbstractSearchAsyncAction.onPhaseDone(AbstractSearchAsyncAction.java:757) [elasticsearch-7.17.0.jar:7.17.0]",
"at org.elasticsearch.action.search.AbstractSearchAsyncAction.onShardFailure(AbstractSearchAsyncAction.java:509) [elasticsearch-7.17.0.jar:7.17.0]",
"at org.elasticsearch.action.search.AbstractSearchAsyncAction.access$000(AbstractSearchAsyncAction.java:64) [elasticsearch-7.17.0.jar:7.17.0]",
"at org.elasticsearch.action.search.AbstractSearchAsyncAction$1.onFailure(AbstractSearchAsyncAction.java:343) [elasticsearch-7.17.0.jar:7.17.0]",
"at org.elasticsearch.action.ActionListener$Delegating.onFailure(ActionListener.java:66) [elasticsearch-7.17.0.jar:7.17.0]",
"at org.elasticsearch.action.ActionListenerResponseHandler.handleException(ActionListenerResponseHandler.java:48) [elasticsearch-7.17.0.jar:7.17.0]",
"at org.elasticsearch.action.search.SearchTransportService$ConnectionCountingHandler.handleException(SearchTransportService.java:651) [elasticsearch-7.17.0.jar:7.17.0]",
"at org.elasticsearch.transport.TransportService$4.handleException(TransportService.java:853) [elasticsearch-7.17.0.jar:7.17.0]",
"at org.elasticsearch.transport.TransportService$ContextRestoreResponseHandler.handleException(TransportService.java:1481) [elasticsearch-7.17.0.jar:7.17.0]",
"at org.elasticsearch.transport.TransportService$DirectResponseChannel.processException(TransportService.java:1590) [elasticsearch-7.17.0.jar:7.17.0]",
"at org.elasticsearch.transport.TransportService$DirectResponseChannel.sendResponse(TransportService.java:1564) [elasticsearch-7.17.0.jar:7.17.0]",
"at org.elasticsearch.transport.TaskTransportChannel.sendResponse(TaskTransportChannel.java:50) [elasticsearch-7.17.0.jar:7.17.0]",
"at org.elasticsearch.transport.TransportChannel.sendErrorResponse(TransportChannel.java:45) [elasticsearch-7.17.0.jar:7.17.0]",
"at org.elasticsearch.action.support.ChannelActionListener.onFailure(ChannelActionListener.java:41) [elasticsearch-7.17.0.jar:7.17.0]",
"at org.elasticsearch.action.ActionRunnable.onFailure(ActionRunnable.java:77) [elasticsearch-7.17.0.jar:7.17.0]",
"at org.elasticsearch.common.util.concurrent.ThreadContext$ContextPreservingAbstractRunnable.onFailure(ThreadContext.java:765) [elasticsearch-7.17.0.jar:7.17.0]",
"at org.elasticsearch.common.util.concurrent.AbstractRunnable.run(AbstractRunnable.java:28) [elasticsearch-7.17.0.jar:7.17.0]",
"at java.util.concurrent.ThreadPoolExecutor.runWorker(ThreadPoolExecutor.java:1130) [?:?]",
"at java.util.concurrent.ThreadPoolExecutor$Worker.run(ThreadPoolExecutor.java:630) [?:?]",
"at java.lang.Thread.run(Thread.java:831) [?:?]",
"Caused by: org.elasticsearch.action.NoShardAvailableActionException: [tpotcluster-node-01][127.0.0.1:9300][indices:data/read/search[phase/query]]",
"at org.elasticsearch.action.search.AbstractSearchAsyncAction.onShardFailure(AbstractSearchAsyncAction.java:544) ~[elasticsearch-7.17.0.jar:7.17.0]",
"at org.elasticsearch.action.search.AbstractSearchAsyncAction.onShardFailure(AbstractSearchAsyncAction.java:491) [elasticsearch-7.17.0.jar:7.17.0]",
"... 18 more"] }
{"type": "server", "timestamp": "2022-03-29T18:46:31,292Z", "level": "WARN", "component": "r.suppressed", "cluster.name": "tpotcluster", "node.name": "tpotcluster-node-01", "message": "path: /.kibana_task_manager/_update_by_query, params: {ignore_unavailable=true, refresh=true, conflicts=proceed, index=.kibana_task_manager}", "cluster.uuid": "Qbw2pof0QzSXC1OvK0aFSw", "node.id": "t9hfPgy_RyC9LOJUxQUrSQ" , 
"stacktrace": ["org.elasticsearch.action.search.SearchPhaseExecutionException: all shards failed",
"at org.elasticsearch.action.search.AbstractSearchAsyncAction.onPhaseFailure(AbstractSearchAsyncAction.java:725) [elasticsearch-7.17.0.jar:7.17.0]",
"at org.elasticsearch.action.search.AbstractSearchAsyncAction.executeNextPhase(AbstractSearchAsyncAction.java:412) [elasticsearch-7.17.0.jar:7.17.0]",
"at org.elasticsearch.action.search.AbstractSearchAsyncAction.onPhaseDone(AbstractSearchAsyncAction.java:757) [elasticsearch-7.17.0.jar:7.17.0]",
"at org.elasticsearch.action.search.AbstractSearchAsyncAction.onShardFailure(AbstractSearchAsyncAction.java:509) [elasticsearch-7.17.0.jar:7.17.0]",
"at org.elasticsearch.action.search.AbstractSearchAsyncAction.access$000(AbstractSearchAsyncAction.java:64) [elasticsearch-7.17.0.jar:7.17.0]",
"at org.elasticsearch.action.search.AbstractSearchAsyncAction$1.onFailure(AbstractSearchAsyncAction.java:343) [elasticsearch-7.17.0.jar:7.17.0]",
"at org.elasticsearch.action.ActionListener$Delegating.onFailure(ActionListener.java:66) [elasticsearch-7.17.0.jar:7.17.0]",
"at org.elasticsearch.action.ActionListenerResponseHandler.handleException(ActionListenerResponseHandler.java:48) [elasticsearch-7.17.0.jar:7.17.0]",
"at org.elasticsearch.action.search.SearchTransportService$ConnectionCountingHandler.handleException(SearchTransportService.java:651) [elasticsearch-7.17.0.jar:7.17.0]",
"at org.elasticsearch.transport.TransportService$4.handleException(TransportService.java:853) [elasticsearch-7.17.0.jar:7.17.0]",
"at org.elasticsearch.transport.TransportService$ContextRestoreResponseHandler.handleException(TransportService.java:1481) [elasticsearch-7.17.0.jar:7.17.0]",
"at org.elasticsearch.transport.TransportService$DirectResponseChannel.processException(TransportService.java:1590) [elasticsearch-7.17.0.jar:7.17.0]",
"at org.elasticsearch.transport.TransportService$DirectResponseChannel.sendResponse(TransportService.java:1564) [elasticsearch-7.17.0.jar:7.17.0]",
"at org.elasticsearch.transport.TaskTransportChannel.sendResponse(TaskTransportChannel.java:50) [elasticsearch-7.17.0.jar:7.17.0]",
"at org.elasticsearch.transport.TransportChannel.sendErrorResponse(TransportChannel.java:45) [elasticsearch-7.17.0.jar:7.17.0]",
"at org.elasticsearch.action.support.ChannelActionListener.onFailure(ChannelActionListener.java:41) [elasticsearch-7.17.0.jar:7.17.0]",
"at org.elasticsearch.action.ActionRunnable.onFailure(ActionRunnable.java:77) [elasticsearch-7.17.0.jar:7.17.0]",
"at org.elasticsearch.common.util.concurrent.ThreadContext$ContextPreservingAbstractRunnable.onFailure(ThreadContext.java:765) [elasticsearch-7.17.0.jar:7.17.0]",
"at org.elasticsearch.common.util.concurrent.AbstractRunnable.run(AbstractRunnable.java:28) [elasticsearch-7.17.0.jar:7.17.0]",
"at java.util.concurrent.ThreadPoolExecutor.runWorker(ThreadPoolExecutor.java:1130) [?:?]",
"at java.util.concurrent.ThreadPoolExecutor$Worker.run(ThreadPoolExecutor.java:630) [?:?]",
"at java.lang.Thread.run(Thread.java:831) [?:?]",
"Caused by: org.elasticsearch.action.NoShardAvailableActionException: [tpotcluster-node-01][127.0.0.1:9300][indices:data/read/search[phase/query]]",
"at org.elasticsearch.action.search.AbstractSearchAsyncAction.onShardFailure(AbstractSearchAsyncAction.java:544) ~[elasticsearch-7.17.0.jar:7.17.0]",
"at org.elasticsearch.action.search.AbstractSearchAsyncAction.onShardFailure(AbstractSearchAsyncAction.java:491) [elasticsearch-7.17.0.jar:7.17.0]",
"... 18 more"] }
{"type": "server", "timestamp": "2022-03-29T18:46:35,734Z", "level": "INFO", "component": "o.e.i.g.DatabaseNodeService", "cluster.name": "tpotcluster", "node.name": "tpotcluster-node-01", "message": "successfully reloaded changed geoip database file [/tmp/geoip-databases/t9hfPgy_RyC9LOJUxQUrSQ/GeoLite2-City.mmdb]", "cluster.uuid": "Qbw2pof0QzSXC1OvK0aFSw", "node.id": "t9hfPgy_RyC9LOJUxQUrSQ"  }
{"type": "server", "timestamp": "2022-03-29T18:46:43,990Z", "level": "INFO", "component": "o.e.c.r.a.AllocationService", "cluster.name": "tpotcluster", "node.name": "tpotcluster-node-01", "message": "Cluster health status changed from [RED] to [GREEN] (reason: [shards started [[logstash-2022.03.29][0]]]).", "cluster.uuid": "Qbw2pof0QzSXC1OvK0aFSw", "node.id": "t9hfPgy_RyC9LOJUxQUrSQ"  }
{"type": "server", "timestamp": "2022-03-29T20:11:30,398Z", "level": "WARN", "component": "o.e.t.ThreadPool", "cluster.name": "tpotcluster", "node.name": "tpotcluster-node-01", "message": "execution of [ReschedulingRunnable{runnable=org.elasticsearch.monitor.jvm.JvmGcMonitorService$1@62a357b9, interval=1s}] took [23058ms] which is above the warn threshold of [5000ms]", "cluster.uuid": "Qbw2pof0QzSXC1OvK0aFSw", "node.id": "t9hfPgy_RyC9LOJUxQUrSQ"  }
{"type": "server", "timestamp": "2022-03-29T20:12:02,279Z", "level": "WARN", "component": "o.e.t.ThreadPool", "cluster.name": "tpotcluster", "node.name": "tpotcluster-node-01", "message": "timer thread slept for [7.9s/7995ms] on absolute clock which is above the warn threshold of [5000ms]", "cluster.uuid": "Qbw2pof0QzSXC1OvK0aFSw", "node.id": "t9hfPgy_RyC9LOJUxQUrSQ"  }
{"type": "server", "timestamp": "2022-03-29T20:13:10,160Z", "level": "WARN", "component": "o.e.t.ThreadPool", "cluster.name": "tpotcluster", "node.name": "tpotcluster-node-01", "message": "timer thread slept for [7.9s/7995104458ns] on relative clock which is above the warn threshold of [5000ms]", "cluster.uuid": "Qbw2pof0QzSXC1OvK0aFSw", "node.id": "t9hfPgy_RyC9LOJUxQUrSQ"  }
{"type": "server", "timestamp": "2022-03-29T20:13:18,728Z", "level": "WARN", "component": "o.e.t.ThreadPool", "cluster.name": "tpotcluster", "node.name": "tpotcluster-node-01", "message": "timer thread slept for [1.4m/86225ms] on absolute clock which is above the warn threshold of [5000ms]", "cluster.uuid": "Qbw2pof0QzSXC1OvK0aFSw", "node.id": "t9hfPgy_RyC9LOJUxQUrSQ"  }
{"type": "server", "timestamp": "2022-03-29T20:13:19,284Z", "level": "WARN", "component": "o.e.t.ThreadPool", "cluster.name": "tpotcluster", "node.name": "tpotcluster-node-01", "message": "execution of [ReschedulingRunnable{runnable=org.elasticsearch.monitor.jvm.JvmGcMonitorService$1@62a357b9, interval=1s}] took [86224ms] which is above the warn threshold of [5000ms]", "cluster.uuid": "Qbw2pof0QzSXC1OvK0aFSw", "node.id": "t9hfPgy_RyC9LOJUxQUrSQ"  }
{"type": "server", "timestamp": "2022-03-29T20:13:41,255Z", "level": "WARN", "component": "o.e.t.ThreadPool", "cluster.name": "tpotcluster", "node.name": "tpotcluster-node-01", "message": "timer thread slept for [1.4m/86224719044ns] on relative clock which is above the warn threshold of [5000ms]", "cluster.uuid": "Qbw2pof0QzSXC1OvK0aFSw", "node.id": "t9hfPgy_RyC9LOJUxQUrSQ"  }
{"type": "server", "timestamp": "2022-03-29T20:15:55,919Z", "level": "WARN", "component": "o.e.t.ThreadPool", "cluster.name": "tpotcluster", "node.name": "tpotcluster-node-01", "message": "timer thread slept for [2.5m/155926ms] on absolute clock which is above the warn threshold of [5000ms]", "cluster.uuid": "Qbw2pof0QzSXC1OvK0aFSw", "node.id": "t9hfPgy_RyC9LOJUxQUrSQ"  }
{"type": "server", "timestamp": "2022-03-29T20:17:02,158Z", "level": "WARN", "component": "o.e.t.ThreadPool", "cluster.name": "tpotcluster", "node.name": "tpotcluster-node-01", "message": "timer thread slept for [2.5m/155926263486ns] on relative clock which is above the warn threshold of [5000ms]", "cluster.uuid": "Qbw2pof0QzSXC1OvK0aFSw", "node.id": "t9hfPgy_RyC9LOJUxQUrSQ"  }
{"type": "server", "timestamp": "2022-03-29T20:17:29,016Z", "level": "WARN", "component": "o.e.t.ThreadPool", "cluster.name": "tpotcluster", "node.name": "tpotcluster-node-01", "message": "timer thread slept for [1.5m/93335ms] on absolute clock which is above the warn threshold of [5000ms]", "cluster.uuid": "Qbw2pof0QzSXC1OvK0aFSw", "node.id": "t9hfPgy_RyC9LOJUxQUrSQ"  }
{"type": "server", "timestamp": "2022-03-29T20:17:55,121Z", "level": "WARN", "component": "o.e.t.ThreadPool", "cluster.name": "tpotcluster", "node.name": "tpotcluster-node-01", "message": "timer thread slept for [1.5m/93335160737ns] on relative clock which is above the warn threshold of [5000ms]", "cluster.uuid": "Qbw2pof0QzSXC1OvK0aFSw", "node.id": "t9hfPgy_RyC9LOJUxQUrSQ"  }
{"type": "server", "timestamp": "2022-03-29T20:18:15,627Z", "level": "WARN", "component": "o.e.t.ThreadPool", "cluster.name": "tpotcluster", "node.name": "tpotcluster-node-01", "message": "timer thread slept for [42.5s/42579ms] on absolute clock which is above the warn threshold of [5000ms]", "cluster.uuid": "Qbw2pof0QzSXC1OvK0aFSw", "node.id": "t9hfPgy_RyC9LOJUxQUrSQ"  }
{"type": "server", "timestamp": "2022-03-29T20:18:41,767Z", "level": "WARN", "component": "o.e.t.ThreadPool", "cluster.name": "tpotcluster", "node.name": "tpotcluster-node-01", "message": "timer thread slept for [42.5s/42578886914ns] on relative clock which is above the warn threshold of [5000ms]", "cluster.uuid": "Qbw2pof0QzSXC1OvK0aFSw", "node.id": "t9hfPgy_RyC9LOJUxQUrSQ"  }
{"type": "server", "timestamp": "2022-03-29T20:18:25,731Z", "level": "WARN", "component": "o.e.m.f.FsHealthService", "cluster.name": "tpotcluster", "node.name": "tpotcluster-node-01", "message": "health check of [/data/elk/data/nodes/0] took [42579ms] which is above the warn threshold of [5s]", "cluster.uuid": "Qbw2pof0QzSXC1OvK0aFSw", "node.id": "t9hfPgy_RyC9LOJUxQUrSQ"  }
{"type": "server", "timestamp": "2022-03-29T20:19:19,243Z", "level": "WARN", "component": "o.e.t.ThreadPool", "cluster.name": "tpotcluster", "node.name": "tpotcluster-node-01", "message": "timer thread slept for [1.1m/68337ms] on absolute clock which is above the warn threshold of [5000ms]", "cluster.uuid": "Qbw2pof0QzSXC1OvK0aFSw", "node.id": "t9hfPgy_RyC9LOJUxQUrSQ"  }
{"type": "server", "timestamp": "2022-03-29T20:19:44,704Z", "level": "WARN", "component": "o.e.t.ThreadPool", "cluster.name": "tpotcluster", "node.name": "tpotcluster-node-01", "message": "timer thread slept for [1.1m/68337055462ns] on relative clock which is above the warn threshold of [5000ms]", "cluster.uuid": "Qbw2pof0QzSXC1OvK0aFSw", "node.id": "t9hfPgy_RyC9LOJUxQUrSQ"  }
{"type": "server", "timestamp": "2022-03-29T20:19:25,128Z", "level": "WARN", "component": "o.e.t.ThreadPool", "cluster.name": "tpotcluster", "node.name": "tpotcluster-node-01", "message": "execution of [ReschedulingRunnable{runnable=org.elasticsearch.monitor.jvm.JvmGcMonitorService$1@62a357b9, interval=1s}] took [68337ms] which is above the warn threshold of [5000ms]", "cluster.uuid": "Qbw2pof0QzSXC1OvK0aFSw", "node.id": "t9hfPgy_RyC9LOJUxQUrSQ"  }
{"type": "server", "timestamp": "2022-03-29T20:20:09,884Z", "level": "WARN", "component": "o.e.t.ThreadPool", "cluster.name": "tpotcluster", "node.name": "tpotcluster-node-01", "message": "timer thread slept for [50.7s/50763ms] on absolute clock which is above the warn threshold of [5000ms]", "cluster.uuid": "Qbw2pof0QzSXC1OvK0aFSw", "node.id": "t9hfPgy_RyC9LOJUxQUrSQ"  }
{"type": "server", "timestamp": "2022-03-29T20:20:30,782Z", "level": "WARN", "component": "o.e.t.ThreadPool", "cluster.name": "tpotcluster", "node.name": "tpotcluster-node-01", "message": "timer thread slept for [50.7s/50763069623ns] on relative clock which is above the warn threshold of [5000ms]", "cluster.uuid": "Qbw2pof0QzSXC1OvK0aFSw", "node.id": "t9hfPgy_RyC9LOJUxQUrSQ"  }
{"type": "server", "timestamp": "2022-03-29T20:20:48,101Z", "level": "WARN", "component": "o.e.t.ThreadPool", "cluster.name": "tpotcluster", "node.name": "tpotcluster-node-01", "message": "timer thread slept for [38.1s/38196ms] on absolute clock which is above the warn threshold of [5000ms]", "cluster.uuid": "Qbw2pof0QzSXC1OvK0aFSw", "node.id": "t9hfPgy_RyC9LOJUxQUrSQ"  }
{"type": "server", "timestamp": "2022-03-29T20:21:02,855Z", "level": "WARN", "component": "o.e.t.ThreadPool", "cluster.name": "tpotcluster", "node.name": "tpotcluster-node-01", "message": "timer thread slept for [38.1s/38196127756ns] on relative clock which is above the warn threshold of [5000ms]", "cluster.uuid": "Qbw2pof0QzSXC1OvK0aFSw", "node.id": "t9hfPgy_RyC9LOJUxQUrSQ"  }
{"type": "server", "timestamp": "2022-03-29T20:21:15,600Z", "level": "WARN", "component": "o.e.t.ThreadPool", "cluster.name": "tpotcluster", "node.name": "tpotcluster-node-01", "message": "timer thread slept for [27.7s/27776ms] on absolute clock which is above the warn threshold of [5000ms]", "cluster.uuid": "Qbw2pof0QzSXC1OvK0aFSw", "node.id": "t9hfPgy_RyC9LOJUxQUrSQ"  }
{"type": "server", "timestamp": "2022-03-29T20:21:21,766Z", "level": "WARN", "component": "o.e.t.ThreadPool", "cluster.name": "tpotcluster", "node.name": "tpotcluster-node-01", "message": "timer thread slept for [27.7s/27775726145ns] on relative clock which is above the warn threshold of [5000ms]", "cluster.uuid": "Qbw2pof0QzSXC1OvK0aFSw", "node.id": "t9hfPgy_RyC9LOJUxQUrSQ"  }
{"type": "server", "timestamp": "2022-03-29T20:21:36,018Z", "level": "WARN", "component": "o.e.t.ThreadPool", "cluster.name": "tpotcluster", "node.name": "tpotcluster-node-01", "message": "timer thread slept for [20s/20098ms] on absolute clock which is above the warn threshold of [5000ms]", "cluster.uuid": "Qbw2pof0QzSXC1OvK0aFSw", "node.id": "t9hfPgy_RyC9LOJUxQUrSQ"  }
{"type": "server", "timestamp": "2022-03-29T20:21:51,985Z", "level": "WARN", "component": "o.e.t.ThreadPool", "cluster.name": "tpotcluster", "node.name": "tpotcluster-node-01", "message": "timer thread slept for [19.9s/19996062453ns] on relative clock which is above the warn threshold of [5000ms]", "cluster.uuid": "Qbw2pof0QzSXC1OvK0aFSw", "node.id": "t9hfPgy_RyC9LOJUxQUrSQ"  }
{"type": "server", "timestamp": "2022-03-29T20:22:10,500Z", "level": "WARN", "component": "o.e.t.ThreadPool", "cluster.name": "tpotcluster", "node.name": "tpotcluster-node-01", "message": "timer thread slept for [34.4s/34455ms] on absolute clock which is above the warn threshold of [5000ms]", "cluster.uuid": "Qbw2pof0QzSXC1OvK0aFSw", "node.id": "t9hfPgy_RyC9LOJUxQUrSQ"  }
{"type": "server", "timestamp": "2022-03-29T20:22:29,770Z", "level": "WARN", "component": "o.e.t.ThreadPool", "cluster.name": "tpotcluster", "node.name": "tpotcluster-node-01", "message": "timer thread slept for [34.5s/34556593639ns] on relative clock which is above the warn threshold of [5000ms]", "cluster.uuid": "Qbw2pof0QzSXC1OvK0aFSw", "node.id": "t9hfPgy_RyC9LOJUxQUrSQ"  }
{"type": "server", "timestamp": "2022-03-29T20:23:00,508Z", "level": "WARN", "component": "o.e.t.ThreadPool", "cluster.name": "tpotcluster", "node.name": "tpotcluster-node-01", "message": "timer thread slept for [48.8s/48819ms] on absolute clock which is above the warn threshold of [5000ms]", "cluster.uuid": "Qbw2pof0QzSXC1OvK0aFSw", "node.id": "t9hfPgy_RyC9LOJUxQUrSQ"  }
{"type": "server", "timestamp": "2022-03-29T20:23:17,326Z", "level": "WARN", "component": "o.e.t.ThreadPool", "cluster.name": "tpotcluster", "node.name": "tpotcluster-node-01", "message": "timer thread slept for [48.8s/48819325868ns] on relative clock which is above the warn threshold of [5000ms]", "cluster.uuid": "Qbw2pof0QzSXC1OvK0aFSw", "node.id": "t9hfPgy_RyC9LOJUxQUrSQ"  }
{"type": "server", "timestamp": "2022-03-29T20:23:31,452Z", "level": "WARN", "component": "o.e.t.ThreadPool", "cluster.name": "tpotcluster", "node.name": "tpotcluster-node-01", "message": "timer thread slept for [32.4s/32464ms] on absolute clock which is above the warn threshold of [5000ms]", "cluster.uuid": "Qbw2pof0QzSXC1OvK0aFSw", "node.id": "t9hfPgy_RyC9LOJUxQUrSQ"  }
{"type": "server", "timestamp": "2022-03-29T20:23:52,658Z", "level": "WARN", "component": "o.e.t.ThreadPool", "cluster.name": "tpotcluster", "node.name": "tpotcluster-node-01", "message": "timer thread slept for [32.4s/32463659441ns] on relative clock which is above the warn threshold of [5000ms]", "cluster.uuid": "Qbw2pof0QzSXC1OvK0aFSw", "node.id": "t9hfPgy_RyC9LOJUxQUrSQ"  }
{"type": "server", "timestamp": "2022-03-29T20:24:00,402Z", "level": "WARN", "component": "o.e.t.ThreadPool", "cluster.name": "tpotcluster", "node.name": "tpotcluster-node-01", "message": "timer thread slept for [28.8s/28871ms] on absolute clock which is above the warn threshold of [5000ms]", "cluster.uuid": "Qbw2pof0QzSXC1OvK0aFSw", "node.id": "t9hfPgy_RyC9LOJUxQUrSQ"  }
{"type": "server", "timestamp": "2022-03-29T20:24:23,185Z", "level": "WARN", "component": "o.e.t.ThreadPool", "cluster.name": "tpotcluster", "node.name": "tpotcluster-node-01", "message": "execution of [ReschedulingRunnable{runnable=org.elasticsearch.monitor.jvm.JvmGcMonitorService$1@62a357b9, interval=1s}] took [28870ms] which is above the warn threshold of [5000ms]", "cluster.uuid": "Qbw2pof0QzSXC1OvK0aFSw", "node.id": "t9hfPgy_RyC9LOJUxQUrSQ"  }
{"type": "server", "timestamp": "2022-03-29T20:24:18,092Z", "level": "WARN", "component": "o.e.t.ThreadPool", "cluster.name": "tpotcluster", "node.name": "tpotcluster-node-01", "message": "timer thread slept for [28.8s/28870982273ns] on relative clock which is above the warn threshold of [5000ms]", "cluster.uuid": "Qbw2pof0QzSXC1OvK0aFSw", "node.id": "t9hfPgy_RyC9LOJUxQUrSQ"  }
{"type": "server", "timestamp": "2022-03-29T20:24:53,772Z", "level": "WARN", "component": "o.e.t.ThreadPool", "cluster.name": "tpotcluster", "node.name": "tpotcluster-node-01", "message": "timer thread slept for [53.4s/53446ms] on absolute clock which is above the warn threshold of [5000ms]", "cluster.uuid": "Qbw2pof0QzSXC1OvK0aFSw", "node.id": "t9hfPgy_RyC9LOJUxQUrSQ"  }
{"type": "server", "timestamp": "2022-03-29T20:25:24,568Z", "level": "WARN", "component": "o.e.t.ThreadPool", "cluster.name": "tpotcluster", "node.name": "tpotcluster-node-01", "message": "timer thread slept for [53.4s/53446736029ns] on relative clock which is above the warn threshold of [5000ms]", "cluster.uuid": "Qbw2pof0QzSXC1OvK0aFSw", "node.id": "t9hfPgy_RyC9LOJUxQUrSQ"  }
{"type": "server", "timestamp": "2022-03-29T20:26:01,692Z", "level": "WARN", "component": "o.e.t.ThreadPool", "cluster.name": "tpotcluster", "node.name": "tpotcluster-node-01", "message": "timer thread slept for [1.1m/67111ms] on absolute clock which is above the warn threshold of [5000ms]", "cluster.uuid": "Qbw2pof0QzSXC1OvK0aFSw", "node.id": "t9hfPgy_RyC9LOJUxQUrSQ"  }
{"type": "server", "timestamp": "2022-03-29T20:26:38,011Z", "level": "WARN", "component": "o.e.t.ThreadPool", "cluster.name": "tpotcluster", "node.name": "tpotcluster-node-01", "message": "timer thread slept for [1.1m/67110742642ns] on relative clock which is above the warn threshold of [5000ms]", "cluster.uuid": "Qbw2pof0QzSXC1OvK0aFSw", "node.id": "t9hfPgy_RyC9LOJUxQUrSQ"  }
{"type": "server", "timestamp": "2022-03-29T20:27:01,510Z", "level": "WARN", "component": "o.e.t.ThreadPool", "cluster.name": "tpotcluster", "node.name": "tpotcluster-node-01", "message": "timer thread slept for [57.6s/57673ms] on absolute clock which is above the warn threshold of [5000ms]", "cluster.uuid": "Qbw2pof0QzSXC1OvK0aFSw", "node.id": "t9hfPgy_RyC9LOJUxQUrSQ"  }
{"type": "server", "timestamp": "2022-03-29T20:27:27,227Z", "level": "WARN", "component": "o.e.t.ThreadPool", "cluster.name": "tpotcluster", "node.name": "tpotcluster-node-01", "message": "timer thread slept for [57.6s/57672815335ns] on relative clock which is above the warn threshold of [5000ms]", "cluster.uuid": "Qbw2pof0QzSXC1OvK0aFSw", "node.id": "t9hfPgy_RyC9LOJUxQUrSQ"  }
{"type": "server", "timestamp": "2022-03-29T20:27:54,769Z", "level": "WARN", "component": "o.e.t.ThreadPool", "cluster.name": "tpotcluster", "node.name": "tpotcluster-node-01", "message": "timer thread slept for [55.3s/55348ms] on absolute clock which is above the warn threshold of [5000ms]", "cluster.uuid": "Qbw2pof0QzSXC1OvK0aFSw", "node.id": "t9hfPgy_RyC9LOJUxQUrSQ"  }
{"type": "server", "timestamp": "2022-03-29T20:28:23,765Z", "level": "WARN", "component": "o.e.t.ThreadPool", "cluster.name": "tpotcluster", "node.name": "tpotcluster-node-01", "message": "timer thread slept for [55.3s/55348059814ns] on relative clock which is above the warn threshold of [5000ms]", "cluster.uuid": "Qbw2pof0QzSXC1OvK0aFSw", "node.id": "t9hfPgy_RyC9LOJUxQUrSQ"  }
{"type": "server", "timestamp": "2022-03-29T20:27:37,308Z", "level": "WARN", "component": "o.e.m.f.FsHealthService", "cluster.name": "tpotcluster", "node.name": "tpotcluster-node-01", "message": "health check of [/data/elk/data/nodes/0] took [57673ms] which is above the warn threshold of [5s]", "cluster.uuid": "Qbw2pof0QzSXC1OvK0aFSw", "node.id": "t9hfPgy_RyC9LOJUxQUrSQ"  }
{"type": "server", "timestamp": "2022-03-29T20:28:49,410Z", "level": "WARN", "component": "o.e.t.ThreadPool", "cluster.name": "tpotcluster", "node.name": "tpotcluster-node-01", "message": "timer thread slept for [55.4s/55490ms] on absolute clock which is above the warn threshold of [5000ms]", "cluster.uuid": "Qbw2pof0QzSXC1OvK0aFSw", "node.id": "t9hfPgy_RyC9LOJUxQUrSQ"  }
{"type": "server", "timestamp": "2022-03-29T20:29:08,864Z", "level": "WARN", "component": "o.e.t.ThreadPool", "cluster.name": "tpotcluster", "node.name": "tpotcluster-node-01", "message": "timer thread slept for [55.4s/55489985879ns] on relative clock which is above the warn threshold of [5000ms]", "cluster.uuid": "Qbw2pof0QzSXC1OvK0aFSw", "node.id": "t9hfPgy_RyC9LOJUxQUrSQ"  }
{"type": "server", "timestamp": "2022-03-29T20:29:35,600Z", "level": "WARN", "component": "o.e.t.ThreadPool", "cluster.name": "tpotcluster", "node.name": "tpotcluster-node-01", "message": "timer thread slept for [45.5s/45543ms] on absolute clock which is above the warn threshold of [5000ms]", "cluster.uuid": "Qbw2pof0QzSXC1OvK0aFSw", "node.id": "t9hfPgy_RyC9LOJUxQUrSQ"  }
{"type": "server", "timestamp": "2022-03-29T20:29:55,427Z", "level": "WARN", "component": "o.e.t.ThreadPool", "cluster.name": "tpotcluster", "node.name": "tpotcluster-node-01", "message": "timer thread slept for [45.5s/45543259312ns] on relative clock which is above the warn threshold of [5000ms]", "cluster.uuid": "Qbw2pof0QzSXC1OvK0aFSw", "node.id": "t9hfPgy_RyC9LOJUxQUrSQ"  }
{"type": "server", "timestamp": "2022-03-29T20:30:26,561Z", "level": "WARN", "component": "o.e.t.ThreadPool", "cluster.name": "tpotcluster", "node.name": "tpotcluster-node-01", "message": "timer thread slept for [51s/51011ms] on absolute clock which is above the warn threshold of [5000ms]", "cluster.uuid": "Qbw2pof0QzSXC1OvK0aFSw", "node.id": "t9hfPgy_RyC9LOJUxQUrSQ"  }
{"type": "server", "timestamp": "2022-03-29T20:30:51,263Z", "level": "WARN", "component": "o.e.t.ThreadPool", "cluster.name": "tpotcluster", "node.name": "tpotcluster-node-01", "message": "timer thread slept for [50.7s/50718946860ns] on relative clock which is above the warn threshold of [5000ms]", "cluster.uuid": "Qbw2pof0QzSXC1OvK0aFSw", "node.id": "t9hfPgy_RyC9LOJUxQUrSQ"  }
{"type": "server", "timestamp": "2022-03-29T20:31:27,899Z", "level": "WARN", "component": "o.e.t.ThreadPool", "cluster.name": "tpotcluster", "node.name": "tpotcluster-node-01", "message": "timer thread slept for [57.6s/57669ms] on absolute clock which is above the warn threshold of [5000ms]", "cluster.uuid": "Qbw2pof0QzSXC1OvK0aFSw", "node.id": "t9hfPgy_RyC9LOJUxQUrSQ"  }
{"type": "server", "timestamp": "2022-03-29T20:32:35,832Z", "level": "WARN", "component": "o.e.t.ThreadPool", "cluster.name": "tpotcluster", "node.name": "tpotcluster-node-01", "message": "timer thread slept for [57.9s/57960866480ns] on relative clock which is above the warn threshold of [5000ms]", "cluster.uuid": "Qbw2pof0QzSXC1OvK0aFSw", "node.id": "t9hfPgy_RyC9LOJUxQUrSQ"  }
{"type": "server", "timestamp": "2022-03-29T20:33:11,478Z", "level": "WARN", "component": "o.e.t.ThreadPool", "cluster.name": "tpotcluster", "node.name": "tpotcluster-node-01", "message": "timer thread slept for [1.7m/107342ms] on absolute clock which is above the warn threshold of [5000ms]", "cluster.uuid": "Qbw2pof0QzSXC1OvK0aFSw", "node.id": "t9hfPgy_RyC9LOJUxQUrSQ"  }
{"type": "server", "timestamp": "2022-03-29T20:33:40,611Z", "level": "WARN", "component": "o.e.t.ThreadPool", "cluster.name": "tpotcluster", "node.name": "tpotcluster-node-01", "message": "timer thread slept for [1.7m/107341562999ns] on relative clock which is above the warn threshold of [5000ms]", "cluster.uuid": "Qbw2pof0QzSXC1OvK0aFSw", "node.id": "t9hfPgy_RyC9LOJUxQUrSQ"  }
{"type": "server", "timestamp": "2022-03-29T20:34:07,882Z", "level": "WARN", "component": "o.e.t.ThreadPool", "cluster.name": "tpotcluster", "node.name": "tpotcluster-node-01", "message": "timer thread slept for [56.8s/56833ms] on absolute clock which is above the warn threshold of [5000ms]", "cluster.uuid": "Qbw2pof0QzSXC1OvK0aFSw", "node.id": "t9hfPgy_RyC9LOJUxQUrSQ"  }
{"type": "server", "timestamp": "2022-03-29T20:34:35,445Z", "level": "WARN", "component": "o.e.t.ThreadPool", "cluster.name": "tpotcluster", "node.name": "tpotcluster-node-01", "message": "timer thread slept for [56.8s/56833551899ns] on relative clock which is above the warn threshold of [5000ms]", "cluster.uuid": "Qbw2pof0QzSXC1OvK0aFSw", "node.id": "t9hfPgy_RyC9LOJUxQUrSQ"  }
{"type": "server", "timestamp": "2022-03-29T20:34:45,901Z", "level": "WARN", "component": "o.e.t.ThreadPool", "cluster.name": "tpotcluster", "node.name": "tpotcluster-node-01", "message": "execution of [ReschedulingRunnable{runnable=org.elasticsearch.monitor.jvm.JvmGcMonitorService$1@62a357b9, interval=1s}] took [56833ms] which is above the warn threshold of [5000ms]", "cluster.uuid": "Qbw2pof0QzSXC1OvK0aFSw", "node.id": "t9hfPgy_RyC9LOJUxQUrSQ"  }
{"type": "server", "timestamp": "2022-03-29T20:35:18,868Z", "level": "WARN", "component": "o.e.t.ThreadPool", "cluster.name": "tpotcluster", "node.name": "tpotcluster-node-01", "message": "timer thread slept for [1.1m/70992ms] on absolute clock which is above the warn threshold of [5000ms]", "cluster.uuid": "Qbw2pof0QzSXC1OvK0aFSw", "node.id": "t9hfPgy_RyC9LOJUxQUrSQ"  }
{"type": "server", "timestamp": "2022-03-29T20:35:51,354Z", "level": "WARN", "component": "o.e.t.ThreadPool", "cluster.name": "tpotcluster", "node.name": "tpotcluster-node-01", "message": "timer thread slept for [1.1m/70991903315ns] on relative clock which is above the warn threshold of [5000ms]", "cluster.uuid": "Qbw2pof0QzSXC1OvK0aFSw", "node.id": "t9hfPgy_RyC9LOJUxQUrSQ"  }
{"type": "server", "timestamp": "2022-03-29T20:36:14,173Z", "level": "WARN", "component": "o.e.t.ThreadPool", "cluster.name": "tpotcluster", "node.name": "tpotcluster-node-01", "message": "timer thread slept for [55.2s/55229ms] on absolute clock which is above the warn threshold of [5000ms]", "cluster.uuid": "Qbw2pof0QzSXC1OvK0aFSw", "node.id": "t9hfPgy_RyC9LOJUxQUrSQ"  }
{"type": "server", "timestamp": "2022-03-29T20:36:35,303Z", "level": "WARN", "component": "o.e.t.ThreadPool", "cluster.name": "tpotcluster", "node.name": "tpotcluster-node-01", "message": "timer thread slept for [55.2s/55228408006ns] on relative clock which is above the warn threshold of [5000ms]", "cluster.uuid": "Qbw2pof0QzSXC1OvK0aFSw", "node.id": "t9hfPgy_RyC9LOJUxQUrSQ"  }
{"type": "server", "timestamp": "2022-03-29T20:37:00,032Z", "level": "WARN", "component": "o.e.t.ThreadPool", "cluster.name": "tpotcluster", "node.name": "tpotcluster-node-01", "message": "timer thread slept for [45.6s/45685ms] on absolute clock which is above the warn threshold of [5000ms]", "cluster.uuid": "Qbw2pof0QzSXC1OvK0aFSw", "node.id": "t9hfPgy_RyC9LOJUxQUrSQ"  }
{"type": "server", "timestamp": "2022-03-29T20:37:17,749Z", "level": "WARN", "component": "o.e.t.ThreadPool", "cluster.name": "tpotcluster", "node.name": "tpotcluster-node-01", "message": "timer thread slept for [45.6s/45685024000ns] on relative clock which is above the warn threshold of [5000ms]", "cluster.uuid": "Qbw2pof0QzSXC1OvK0aFSw", "node.id": "t9hfPgy_RyC9LOJUxQUrSQ"  }
{"type": "server", "timestamp": "2022-03-29T20:37:36,041Z", "level": "WARN", "component": "o.e.t.ThreadPool", "cluster.name": "tpotcluster", "node.name": "tpotcluster-node-01", "message": "timer thread slept for [36.3s/36307ms] on absolute clock which is above the warn threshold of [5000ms]", "cluster.uuid": "Qbw2pof0QzSXC1OvK0aFSw", "node.id": "t9hfPgy_RyC9LOJUxQUrSQ"  }
{"type": "server", "timestamp": "2022-03-29T20:37:53,259Z", "level": "WARN", "component": "o.e.t.ThreadPool", "cluster.name": "tpotcluster", "node.name": "tpotcluster-node-01", "message": "timer thread slept for [36.3s/36307294405ns] on relative clock which is above the warn threshold of [5000ms]", "cluster.uuid": "Qbw2pof0QzSXC1OvK0aFSw", "node.id": "t9hfPgy_RyC9LOJUxQUrSQ"  }
{"type": "server", "timestamp": "2022-03-29T20:38:16,101Z", "level": "WARN", "component": "o.e.t.ThreadPool", "cluster.name": "tpotcluster", "node.name": "tpotcluster-node-01", "message": "timer thread slept for [39.8s/39858ms] on absolute clock which is above the warn threshold of [5000ms]", "cluster.uuid": "Qbw2pof0QzSXC1OvK0aFSw", "node.id": "t9hfPgy_RyC9LOJUxQUrSQ"  }
{"type": "server", "timestamp": "2022-03-29T20:38:29,644Z", "level": "WARN", "component": "o.e.t.ThreadPool", "cluster.name": "tpotcluster", "node.name": "tpotcluster-node-01", "message": "timer thread slept for [39.8s/39857854437ns] on relative clock which is above the warn threshold of [5000ms]", "cluster.uuid": "Qbw2pof0QzSXC1OvK0aFSw", "node.id": "t9hfPgy_RyC9LOJUxQUrSQ"  }
{"type": "server", "timestamp": "2022-03-29T20:38:47,331Z", "level": "WARN", "component": "o.e.t.ThreadPool", "cluster.name": "tpotcluster", "node.name": "tpotcluster-node-01", "message": "timer thread slept for [31.2s/31278ms] on absolute clock which is above the warn threshold of [5000ms]", "cluster.uuid": "Qbw2pof0QzSXC1OvK0aFSw", "node.id": "t9hfPgy_RyC9LOJUxQUrSQ"  }
{"type": "server", "timestamp": "2022-03-29T20:39:08,655Z", "level": "WARN", "component": "o.e.t.ThreadPool", "cluster.name": "tpotcluster", "node.name": "tpotcluster-node-01", "message": "timer thread slept for [31.2s/31278500430ns] on relative clock which is above the warn threshold of [5000ms]", "cluster.uuid": "Qbw2pof0QzSXC1OvK0aFSw", "node.id": "t9hfPgy_RyC9LOJUxQUrSQ"  }
{"type": "server", "timestamp": "2022-03-29T20:39:25,146Z", "level": "WARN", "component": "o.e.t.ThreadPool", "cluster.name": "tpotcluster", "node.name": "tpotcluster-node-01", "message": "timer thread slept for [37.7s/37775ms] on absolute clock which is above the warn threshold of [5000ms]", "cluster.uuid": "Qbw2pof0QzSXC1OvK0aFSw", "node.id": "t9hfPgy_RyC9LOJUxQUrSQ"  }
{"type": "server", "timestamp": "2022-03-29T20:40:02,277Z", "level": "WARN", "component": "o.e.t.ThreadPool", "cluster.name": "tpotcluster", "node.name": "tpotcluster-node-01", "message": "timer thread slept for [37.7s/37774827976ns] on relative clock which is above the warn threshold of [5000ms]", "cluster.uuid": "Qbw2pof0QzSXC1OvK0aFSw", "node.id": "t9hfPgy_RyC9LOJUxQUrSQ"  }
{"type": "server", "timestamp": "2022-03-29T20:40:24,363Z", "level": "WARN", "component": "o.e.t.ThreadPool", "cluster.name": "tpotcluster", "node.name": "tpotcluster-node-01", "message": "timer thread slept for [59.5s/59512ms] on absolute clock which is above the warn threshold of [5000ms]", "cluster.uuid": "Qbw2pof0QzSXC1OvK0aFSw", "node.id": "t9hfPgy_RyC9LOJUxQUrSQ"  }
{"type": "server", "timestamp": "2022-03-29T20:40:38,149Z", "level": "WARN", "component": "o.e.t.ThreadPool", "cluster.name": "tpotcluster", "node.name": "tpotcluster-node-01", "message": "timer thread slept for [59.5s/59512335404ns] on relative clock which is above the warn threshold of [5000ms]", "cluster.uuid": "Qbw2pof0QzSXC1OvK0aFSw", "node.id": "t9hfPgy_RyC9LOJUxQUrSQ"  }
{"type": "server", "timestamp": "2022-03-29T20:41:12,919Z", "level": "WARN", "component": "o.e.c.InternalClusterInfoService", "cluster.name": "tpotcluster", "node.name": "tpotcluster-node-01", "message": "failed to retrieve shard stats from node [t9hfPgy_RyC9LOJUxQUrSQ]: [tpotcluster-node-01][127.0.0.1:9300][indices:monitor/stats[n]] request_id [30785] timed out after [476912ms]", "cluster.uuid": "Qbw2pof0QzSXC1OvK0aFSw", "node.id": "t9hfPgy_RyC9LOJUxQUrSQ"  }
{"type": "server", "timestamp": "2022-03-29T20:41:20,023Z", "level": "WARN", "component": "o.e.t.ThreadPool", "cluster.name": "tpotcluster", "node.name": "tpotcluster-node-01", "message": "timer thread slept for [55.5s/55508ms] on absolute clock which is above the warn threshold of [5000ms]", "cluster.uuid": "Qbw2pof0QzSXC1OvK0aFSw", "node.id": "t9hfPgy_RyC9LOJUxQUrSQ"  }
{"type": "server", "timestamp": "2022-03-29T20:41:33,318Z", "level": "WARN", "component": "o.e.t.ThreadPool", "cluster.name": "tpotcluster", "node.name": "tpotcluster-node-01", "message": "timer thread slept for [55.5s/55507824297ns] on relative clock which is above the warn threshold of [5000ms]", "cluster.uuid": "Qbw2pof0QzSXC1OvK0aFSw", "node.id": "t9hfPgy_RyC9LOJUxQUrSQ"  }
{"type": "server", "timestamp": "2022-03-29T20:40:39,920Z", "level": "WARN", "component": "o.e.m.f.FsHealthService", "cluster.name": "tpotcluster", "node.name": "tpotcluster-node-01", "message": "health check of [/data/elk/data/nodes/0] took [59512ms] which is above the warn threshold of [5s]", "cluster.uuid": "Qbw2pof0QzSXC1OvK0aFSw", "node.id": "t9hfPgy_RyC9LOJUxQUrSQ"  }
{"type": "server", "timestamp": "2022-03-29T20:41:19,189Z", "level": "WARN", "component": "o.e.c.s.MasterService", "cluster.name": "tpotcluster", "node.name": "tpotcluster-node-01", "message": "took [34.7s/34740ms] to compute cluster state update for [ilm-set-step-info {policy [.deprecation-indexing-ilm-policy], index [.ds-.logs-deprecation.elasticsearch-default-2022.03.26-000002], currentStep [{\"phase\":\"hot\",\"action\":\"rollover\",\"name\":\"check-rollover-ready\"}]}[org.elasticsearch.xpack.ilm.SetStepInfoUpdateTask@3a1f884b]], which exceeds the warn threshold of [10s]", "cluster.uuid": "Qbw2pof0QzSXC1OvK0aFSw", "node.id": "t9hfPgy_RyC9LOJUxQUrSQ"  }
{"type": "server", "timestamp": "2022-03-29T20:41:47,714Z", "level": "WARN", "component": "o.e.t.ThreadPool", "cluster.name": "tpotcluster", "node.name": "tpotcluster-node-01", "message": "timer thread slept for [27.7s/27728ms] on absolute clock which is above the warn threshold of [5000ms]", "cluster.uuid": "Qbw2pof0QzSXC1OvK0aFSw", "node.id": "t9hfPgy_RyC9LOJUxQUrSQ"  }
{"type": "server", "timestamp": "2022-03-29T20:42:14,821Z", "level": "WARN", "component": "o.e.t.ThreadPool", "cluster.name": "tpotcluster", "node.name": "tpotcluster-node-01", "message": "timer thread slept for [27.7s/27727535530ns] on relative clock which is above the warn threshold of [5000ms]", "cluster.uuid": "Qbw2pof0QzSXC1OvK0aFSw", "node.id": "t9hfPgy_RyC9LOJUxQUrSQ"  }
{"type": "server", "timestamp": "2022-03-29T20:42:39,406Z", "level": "WARN", "component": "o.e.t.ThreadPool", "cluster.name": "tpotcluster", "node.name": "tpotcluster-node-01", "message": "timer thread slept for [51.5s/51557ms] on absolute clock which is above the warn threshold of [5000ms]", "cluster.uuid": "Qbw2pof0QzSXC1OvK0aFSw", "node.id": "t9hfPgy_RyC9LOJUxQUrSQ"  }
{"type": "server", "timestamp": "2022-03-29T20:42:20,575Z", "level": "WARN", "component": "o.e.h.AbstractHttpServerTransport", "cluster.name": "tpotcluster", "node.name": "tpotcluster-node-01", "message": "handling request [null][GET][/_xpack?accept_enterprise=true][Netty4HttpChannel{localAddress=/192.168.48.2:9200, remoteAddress=/192.168.48.4:50016}] took [55508ms] which is above the warn threshold of [5000ms]", "cluster.uuid": "Qbw2pof0QzSXC1OvK0aFSw", "node.id": "t9hfPgy_RyC9LOJUxQUrSQ"  }
{"type": "server", "timestamp": "2022-03-29T20:42:23,861Z", "level": "WARN", "component": "o.e.h.AbstractHttpServerTransport", "cluster.name": "tpotcluster", "node.name": "tpotcluster-node-01", "message": "handling request [null][GET][/_xpack?accept_enterprise=true][Netty4HttpChannel{localAddress=/192.168.48.2:9200, remoteAddress=/192.168.48.4:50008}] took [27728ms] which is above the warn threshold of [5000ms]", "cluster.uuid": "Qbw2pof0QzSXC1OvK0aFSw", "node.id": "t9hfPgy_RyC9LOJUxQUrSQ"  }
{"type": "server", "timestamp": "2022-03-29T20:42:58,165Z", "level": "WARN", "component": "o.e.t.ThreadPool", "cluster.name": "tpotcluster", "node.name": "tpotcluster-node-01", "message": "timer thread slept for [51.5s/51557230560ns] on relative clock which is above the warn threshold of [5000ms]", "cluster.uuid": "Qbw2pof0QzSXC1OvK0aFSw", "node.id": "t9hfPgy_RyC9LOJUxQUrSQ"  }
{"type": "server", "timestamp": "2022-03-29T20:43:16,874Z", "level": "WARN", "component": "o.e.t.ThreadPool", "cluster.name": "tpotcluster", "node.name": "tpotcluster-node-01", "message": "timer thread slept for [37.5s/37528ms] on absolute clock which is above the warn threshold of [5000ms]", "cluster.uuid": "Qbw2pof0QzSXC1OvK0aFSw", "node.id": "t9hfPgy_RyC9LOJUxQUrSQ"  }
{"type": "server", "timestamp": "2022-03-29T20:43:32,765Z", "level": "WARN", "component": "o.e.t.ThreadPool", "cluster.name": "tpotcluster", "node.name": "tpotcluster-node-01", "message": "timer thread slept for [37.5s/37528141222ns] on relative clock which is above the warn threshold of [5000ms]", "cluster.uuid": "Qbw2pof0QzSXC1OvK0aFSw", "node.id": "t9hfPgy_RyC9LOJUxQUrSQ"  }
{"type": "server", "timestamp": "2022-03-29T20:43:45,190Z", "level": "WARN", "component": "o.e.t.ThreadPool", "cluster.name": "tpotcluster", "node.name": "tpotcluster-node-01", "message": "timer thread slept for [28.3s/28357ms] on absolute clock which is above the warn threshold of [5000ms]", "cluster.uuid": "Qbw2pof0QzSXC1OvK0aFSw", "node.id": "t9hfPgy_RyC9LOJUxQUrSQ"  }
{"type": "server", "timestamp": "2022-03-29T20:43:53,940Z", "level": "WARN", "component": "o.e.t.ThreadPool", "cluster.name": "tpotcluster", "node.name": "tpotcluster-node-01", "message": "timer thread slept for [28.3s/28356880484ns] on relative clock which is above the warn threshold of [5000ms]", "cluster.uuid": "Qbw2pof0QzSXC1OvK0aFSw", "node.id": "t9hfPgy_RyC9LOJUxQUrSQ"  }
{"type": "server", "timestamp": "2022-03-29T20:44:08,607Z", "level": "WARN", "component": "o.e.t.ThreadPool", "cluster.name": "tpotcluster", "node.name": "tpotcluster-node-01", "message": "timer thread slept for [23.3s/23328ms] on absolute clock which is above the warn threshold of [5000ms]", "cluster.uuid": "Qbw2pof0QzSXC1OvK0aFSw", "node.id": "t9hfPgy_RyC9LOJUxQUrSQ"  }
{"type": "server", "timestamp": "2022-03-29T20:44:18,956Z", "level": "WARN", "component": "o.e.t.ThreadPool", "cluster.name": "tpotcluster", "node.name": "tpotcluster-node-01", "message": "timer thread slept for [23.3s/23327535545ns] on relative clock which is above the warn threshold of [5000ms]", "cluster.uuid": "Qbw2pof0QzSXC1OvK0aFSw", "node.id": "t9hfPgy_RyC9LOJUxQUrSQ"  }
{"type": "server", "timestamp": "2022-03-29T20:44:15,048Z", "level": "WARN", "component": "o.e.t.ThreadPool", "cluster.name": "tpotcluster", "node.name": "tpotcluster-node-01", "message": "execution of [ReschedulingRunnable{runnable=org.elasticsearch.monitor.jvm.JvmGcMonitorService$1@62a357b9, interval=1s}] took [23327ms] which is above the warn threshold of [5000ms]", "cluster.uuid": "Qbw2pof0QzSXC1OvK0aFSw", "node.id": "t9hfPgy_RyC9LOJUxQUrSQ"  }
{"type": "server", "timestamp": "2022-03-29T20:44:34,453Z", "level": "WARN", "component": "o.e.t.ThreadPool", "cluster.name": "tpotcluster", "node.name": "tpotcluster-node-01", "message": "timer thread slept for [26.1s/26131ms] on absolute clock which is above the warn threshold of [5000ms]", "cluster.uuid": "Qbw2pof0QzSXC1OvK0aFSw", "node.id": "t9hfPgy_RyC9LOJUxQUrSQ"  }
{"type": "server", "timestamp": "2022-03-29T20:44:55,172Z", "level": "WARN", "component": "o.e.t.ThreadPool", "cluster.name": "tpotcluster", "node.name": "tpotcluster-node-01", "message": "timer thread slept for [26.1s/26131806559ns] on relative clock which is above the warn threshold of [5000ms]", "cluster.uuid": "Qbw2pof0QzSXC1OvK0aFSw", "node.id": "t9hfPgy_RyC9LOJUxQUrSQ"  }
{"type": "server", "timestamp": "2022-03-29T20:45:16,011Z", "level": "WARN", "component": "o.e.t.ThreadPool", "cluster.name": "tpotcluster", "node.name": "tpotcluster-node-01", "message": "timer thread slept for [40.5s/40516ms] on absolute clock which is above the warn threshold of [5000ms]", "cluster.uuid": "Qbw2pof0QzSXC1OvK0aFSw", "node.id": "t9hfPgy_RyC9LOJUxQUrSQ"  }
{"type": "server", "timestamp": "2022-03-29T20:45:34,484Z", "level": "WARN", "component": "o.e.t.ThreadPool", "cluster.name": "tpotcluster", "node.name": "tpotcluster-node-01", "message": "timer thread slept for [40.5s/40515884550ns] on relative clock which is above the warn threshold of [5000ms]", "cluster.uuid": "Qbw2pof0QzSXC1OvK0aFSw", "node.id": "t9hfPgy_RyC9LOJUxQUrSQ"  }
{"type": "server", "timestamp": "2022-03-29T20:45:56,413Z", "level": "WARN", "component": "o.e.t.ThreadPool", "cluster.name": "tpotcluster", "node.name": "tpotcluster-node-01", "message": "timer thread slept for [40.5s/40596ms] on absolute clock which is above the warn threshold of [5000ms]", "cluster.uuid": "Qbw2pof0QzSXC1OvK0aFSw", "node.id": "t9hfPgy_RyC9LOJUxQUrSQ"  }
{"type": "server", "timestamp": "2022-03-29T20:46:02,857Z", "level": "WARN", "component": "o.e.t.ThreadPool", "cluster.name": "tpotcluster", "node.name": "tpotcluster-node-01", "message": "execution of [org.elasticsearch.cluster.InternalClusterInfoService$RefreshScheduler$$Lambda$5109/0x00000008017d8258@4892bdc0] took [40595ms] which is above the warn threshold of [5000ms]", "cluster.uuid": "Qbw2pof0QzSXC1OvK0aFSw", "node.id": "t9hfPgy_RyC9LOJUxQUrSQ"  }
{"type": "server", "timestamp": "2022-03-29T20:46:15,014Z", "level": "WARN", "component": "o.e.t.ThreadPool", "cluster.name": "tpotcluster", "node.name": "tpotcluster-node-01", "message": "timer thread slept for [40.5s/40595349418ns] on relative clock which is above the warn threshold of [5000ms]", "cluster.uuid": "Qbw2pof0QzSXC1OvK0aFSw", "node.id": "t9hfPgy_RyC9LOJUxQUrSQ"  }
{"type": "server", "timestamp": "2022-03-29T20:46:29,436Z", "level": "WARN", "component": "o.e.t.ThreadPool", "cluster.name": "tpotcluster", "node.name": "tpotcluster-node-01", "message": "timer thread slept for [33.5s/33516ms] on absolute clock which is above the warn threshold of [5000ms]", "cluster.uuid": "Qbw2pof0QzSXC1OvK0aFSw", "node.id": "t9hfPgy_RyC9LOJUxQUrSQ"  }
{"type": "server", "timestamp": "2022-03-29T20:46:41,607Z", "level": "WARN", "component": "o.e.t.ThreadPool", "cluster.name": "tpotcluster", "node.name": "tpotcluster-node-01", "message": "timer thread slept for [33.5s/33516508465ns] on relative clock which is above the warn threshold of [5000ms]", "cluster.uuid": "Qbw2pof0QzSXC1OvK0aFSw", "node.id": "t9hfPgy_RyC9LOJUxQUrSQ"  }
{"type": "server", "timestamp": "2022-03-29T20:46:57,248Z", "level": "WARN", "component": "o.e.t.ThreadPool", "cluster.name": "tpotcluster", "node.name": "tpotcluster-node-01", "message": "execution of [ReschedulingRunnable{runnable=org.elasticsearch.monitor.jvm.JvmGcMonitorService$1@62a357b9, interval=1s}] took [33516ms] which is above the warn threshold of [5000ms]", "cluster.uuid": "Qbw2pof0QzSXC1OvK0aFSw", "node.id": "t9hfPgy_RyC9LOJUxQUrSQ"  }
{"type": "server", "timestamp": "2022-03-29T20:47:10,460Z", "level": "WARN", "component": "o.e.t.ThreadPool", "cluster.name": "tpotcluster", "node.name": "tpotcluster-node-01", "message": "timer thread slept for [41s/41084ms] on absolute clock which is above the warn threshold of [5000ms]", "cluster.uuid": "Qbw2pof0QzSXC1OvK0aFSw", "node.id": "t9hfPgy_RyC9LOJUxQUrSQ"  }
{"type": "server", "timestamp": "2022-03-29T20:47:36,179Z", "level": "WARN", "component": "o.e.t.ThreadPool", "cluster.name": "tpotcluster", "node.name": "tpotcluster-node-01", "message": "timer thread slept for [41s/41083515166ns] on relative clock which is above the warn threshold of [5000ms]", "cluster.uuid": "Qbw2pof0QzSXC1OvK0aFSw", "node.id": "t9hfPgy_RyC9LOJUxQUrSQ"  }
{"type": "server", "timestamp": "2022-03-29T20:47:54,254Z", "level": "WARN", "component": "o.e.t.ThreadPool", "cluster.name": "tpotcluster", "node.name": "tpotcluster-node-01", "message": "timer thread slept for [43.6s/43695ms] on absolute clock which is above the warn threshold of [5000ms]", "cluster.uuid": "Qbw2pof0QzSXC1OvK0aFSw", "node.id": "t9hfPgy_RyC9LOJUxQUrSQ"  }
{"type": "server", "timestamp": "2022-03-29T20:48:15,221Z", "level": "WARN", "component": "o.e.t.ThreadPool", "cluster.name": "tpotcluster", "node.name": "tpotcluster-node-01", "message": "timer thread slept for [43.6s/43695100557ns] on relative clock which is above the warn threshold of [5000ms]", "cluster.uuid": "Qbw2pof0QzSXC1OvK0aFSw", "node.id": "t9hfPgy_RyC9LOJUxQUrSQ"  }
{"type": "server", "timestamp": "2022-03-29T20:48:34,113Z", "level": "WARN", "component": "o.e.t.ThreadPool", "cluster.name": "tpotcluster", "node.name": "tpotcluster-node-01", "message": "timer thread slept for [40s/40060ms] on absolute clock which is above the warn threshold of [5000ms]", "cluster.uuid": "Qbw2pof0QzSXC1OvK0aFSw", "node.id": "t9hfPgy_RyC9LOJUxQUrSQ"  }
{"type": "server", "timestamp": "2022-03-29T20:48:49,892Z", "level": "WARN", "component": "o.e.t.ThreadPool", "cluster.name": "tpotcluster", "node.name": "tpotcluster-node-01", "message": "timer thread slept for [40s/40059931121ns] on relative clock which is above the warn threshold of [5000ms]", "cluster.uuid": "Qbw2pof0QzSXC1OvK0aFSw", "node.id": "t9hfPgy_RyC9LOJUxQUrSQ"  }
{"type": "server", "timestamp": "2022-03-29T20:48:44,655Z", "level": "WARN", "component": "o.e.m.f.FsHealthService", "cluster.name": "tpotcluster", "node.name": "tpotcluster-node-01", "message": "health check of [/data/elk/data/nodes/0] took [40060ms] which is above the warn threshold of [5s]", "cluster.uuid": "Qbw2pof0QzSXC1OvK0aFSw", "node.id": "t9hfPgy_RyC9LOJUxQUrSQ"  }
{"type": "server", "timestamp": "2022-03-29T20:49:08,479Z", "level": "WARN", "component": "o.e.t.ThreadPool", "cluster.name": "tpotcluster", "node.name": "tpotcluster-node-01", "message": "timer thread slept for [33.2s/33299ms] on absolute clock which is above the warn threshold of [5000ms]", "cluster.uuid": "Qbw2pof0QzSXC1OvK0aFSw", "node.id": "t9hfPgy_RyC9LOJUxQUrSQ"  }
{"type": "server", "timestamp": "2022-03-29T20:49:24,226Z", "level": "WARN", "component": "o.e.t.ThreadPool", "cluster.name": "tpotcluster", "node.name": "tpotcluster-node-01", "message": "timer thread slept for [33.2s/33299374005ns] on relative clock which is above the warn threshold of [5000ms]", "cluster.uuid": "Qbw2pof0QzSXC1OvK0aFSw", "node.id": "t9hfPgy_RyC9LOJUxQUrSQ"  }
{"type": "server", "timestamp": "2022-03-29T20:49:42,020Z", "level": "WARN", "component": "o.e.t.ThreadPool", "cluster.name": "tpotcluster", "node.name": "tpotcluster-node-01", "message": "timer thread slept for [34.1s/34193ms] on absolute clock which is above the warn threshold of [5000ms]", "cluster.uuid": "Qbw2pof0QzSXC1OvK0aFSw", "node.id": "t9hfPgy_RyC9LOJUxQUrSQ"  }
{"type": "server", "timestamp": "2022-03-29T20:50:05,358Z", "level": "WARN", "component": "o.e.t.ThreadPool", "cluster.name": "tpotcluster", "node.name": "tpotcluster-node-01", "message": "timer thread slept for [34.1s/34193224329ns] on relative clock which is above the warn threshold of [5000ms]", "cluster.uuid": "Qbw2pof0QzSXC1OvK0aFSw", "node.id": "t9hfPgy_RyC9LOJUxQUrSQ"  }
{"type": "server", "timestamp": "2022-03-29T20:50:29,662Z", "level": "WARN", "component": "o.e.t.ThreadPool", "cluster.name": "tpotcluster", "node.name": "tpotcluster-node-01", "message": "timer thread slept for [41.1s/41107ms] on absolute clock which is above the warn threshold of [5000ms]", "cluster.uuid": "Qbw2pof0QzSXC1OvK0aFSw", "node.id": "t9hfPgy_RyC9LOJUxQUrSQ"  }
{"type": "server", "timestamp": "2022-03-29T20:50:50,702Z", "level": "WARN", "component": "o.e.t.ThreadPool", "cluster.name": "tpotcluster", "node.name": "tpotcluster-node-01", "message": "timer thread slept for [41.1s/41106646381ns] on relative clock which is above the warn threshold of [5000ms]", "cluster.uuid": "Qbw2pof0QzSXC1OvK0aFSw", "node.id": "t9hfPgy_RyC9LOJUxQUrSQ"  }
{"type": "server", "timestamp": "2022-03-29T20:51:11,534Z", "level": "WARN", "component": "o.e.t.ThreadPool", "cluster.name": "tpotcluster", "node.name": "tpotcluster-node-01", "message": "timer thread slept for [46.7s/46756ms] on absolute clock which is above the warn threshold of [5000ms]", "cluster.uuid": "Qbw2pof0QzSXC1OvK0aFSw", "node.id": "t9hfPgy_RyC9LOJUxQUrSQ"  }
{"type": "server", "timestamp": "2022-03-29T20:51:47,392Z", "level": "WARN", "component": "o.e.t.ThreadPool", "cluster.name": "tpotcluster", "node.name": "tpotcluster-node-01", "message": "timer thread slept for [46.7s/46756242969ns] on relative clock which is above the warn threshold of [5000ms]", "cluster.uuid": "Qbw2pof0QzSXC1OvK0aFSw", "node.id": "t9hfPgy_RyC9LOJUxQUrSQ"  }
{"type": "server", "timestamp": "2022-03-29T20:52:12,711Z", "level": "WARN", "component": "o.e.t.ThreadPool", "cluster.name": "tpotcluster", "node.name": "tpotcluster-node-01", "message": "timer thread slept for [1m/62819ms] on absolute clock which is above the warn threshold of [5000ms]", "cluster.uuid": "Qbw2pof0QzSXC1OvK0aFSw", "node.id": "t9hfPgy_RyC9LOJUxQUrSQ"  }
{"type": "server", "timestamp": "2022-03-29T20:52:31,599Z", "level": "WARN", "component": "o.e.t.ThreadPool", "cluster.name": "tpotcluster", "node.name": "tpotcluster-node-01", "message": "timer thread slept for [1m/62819128859ns] on relative clock which is above the warn threshold of [5000ms]", "cluster.uuid": "Qbw2pof0QzSXC1OvK0aFSw", "node.id": "t9hfPgy_RyC9LOJUxQUrSQ"  }
{"type": "server", "timestamp": "2022-03-29T20:52:35,736Z", "level": "WARN", "component": "o.e.t.ThreadPool", "cluster.name": "tpotcluster", "node.name": "tpotcluster-node-01", "message": "execution of [ReschedulingRunnable{runnable=org.elasticsearch.monitor.jvm.JvmGcMonitorService$1@62a357b9, interval=1s}] took [62819ms] which is above the warn threshold of [5000ms]", "cluster.uuid": "Qbw2pof0QzSXC1OvK0aFSw", "node.id": "t9hfPgy_RyC9LOJUxQUrSQ"  }
{"type": "server", "timestamp": "2022-03-29T20:52:51,455Z", "level": "WARN", "component": "o.e.t.ThreadPool", "cluster.name": "tpotcluster", "node.name": "tpotcluster-node-01", "message": "timer thread slept for [38.9s/38958ms] on absolute clock which is above the warn threshold of [5000ms]", "cluster.uuid": "Qbw2pof0QzSXC1OvK0aFSw", "node.id": "t9hfPgy_RyC9LOJUxQUrSQ"  }
{"type": "server", "timestamp": "2022-03-29T20:53:11,060Z", "level": "WARN", "component": "o.e.t.ThreadPool", "cluster.name": "tpotcluster", "node.name": "tpotcluster-node-01", "message": "timer thread slept for [38.9s/38957566012ns] on relative clock which is above the warn threshold of [5000ms]", "cluster.uuid": "Qbw2pof0QzSXC1OvK0aFSw", "node.id": "t9hfPgy_RyC9LOJUxQUrSQ"  }
{"type": "server", "timestamp": "2022-03-29T20:52:57,402Z", "level": "WARN", "component": "o.e.c.InternalClusterInfoService", "cluster.name": "tpotcluster", "node.name": "tpotcluster-node-01", "message": "failed to retrieve shard stats from node [t9hfPgy_RyC9LOJUxQUrSQ]: [tpotcluster-node-01][127.0.0.1:9300][indices:monitor/stats[n]] request_id [30929] timed out after [225847ms]", "cluster.uuid": "Qbw2pof0QzSXC1OvK0aFSw", "node.id": "t9hfPgy_RyC9LOJUxQUrSQ"  }
{"type": "server", "timestamp": "2022-03-29T20:53:44,090Z", "level": "WARN", "component": "o.e.t.ThreadPool", "cluster.name": "tpotcluster", "node.name": "tpotcluster-node-01", "message": "timer thread slept for [52.6s/52621ms] on absolute clock which is above the warn threshold of [5000ms]", "cluster.uuid": "Qbw2pof0QzSXC1OvK0aFSw", "node.id": "t9hfPgy_RyC9LOJUxQUrSQ"  }
{"type": "server", "timestamp": "2022-03-29T20:54:00,227Z", "level": "WARN", "component": "o.e.t.ThreadPool", "cluster.name": "tpotcluster", "node.name": "tpotcluster-node-01", "message": "timer thread slept for [52.6s/52621055808ns] on relative clock which is above the warn threshold of [5000ms]", "cluster.uuid": "Qbw2pof0QzSXC1OvK0aFSw", "node.id": "t9hfPgy_RyC9LOJUxQUrSQ"  }
{"type": "server", "timestamp": "2022-03-29T20:54:46,825Z", "level": "WARN", "component": "o.e.t.ThreadPool", "cluster.name": "tpotcluster", "node.name": "tpotcluster-node-01", "message": "timer thread slept for [1m/62730ms] on absolute clock which is above the warn threshold of [5000ms]", "cluster.uuid": "Qbw2pof0QzSXC1OvK0aFSw", "node.id": "t9hfPgy_RyC9LOJUxQUrSQ"  }
{"type": "server", "timestamp": "2022-03-29T20:55:04,862Z", "level": "WARN", "component": "o.e.t.ThreadPool", "cluster.name": "tpotcluster", "node.name": "tpotcluster-node-01", "message": "timer thread slept for [1m/62730270805ns] on relative clock which is above the warn threshold of [5000ms]", "cluster.uuid": "Qbw2pof0QzSXC1OvK0aFSw", "node.id": "t9hfPgy_RyC9LOJUxQUrSQ"  }
{"type": "server", "timestamp": "2022-03-29T20:55:17,756Z", "level": "WARN", "component": "o.e.t.ThreadPool", "cluster.name": "tpotcluster", "node.name": "tpotcluster-node-01", "message": "timer thread slept for [31s/31098ms] on absolute clock which is above the warn threshold of [5000ms]", "cluster.uuid": "Qbw2pof0QzSXC1OvK0aFSw", "node.id": "t9hfPgy_RyC9LOJUxQUrSQ"  }
{"type": "server", "timestamp": "2022-03-29T20:54:49,797Z", "level": "WARN", "component": "o.e.t.TransportService", "cluster.name": "tpotcluster", "node.name": "tpotcluster-node-01", "message": "Received response for a request that has timed out, sent [39.5m/2372457ms] ago, timed out [31.5m/1895545ms] ago, action [indices:monitor/stats[n]], node [{tpotcluster-node-01}{t9hfPgy_RyC9LOJUxQUrSQ}{YXLgQ-tbQ4arHLdAvjQP9A}{127.0.0.1}{127.0.0.1:9300}{cdfhimrstw}{xpack.installed=true, transform.node=true}], id [30785]", "cluster.uuid": "Qbw2pof0QzSXC1OvK0aFSw", "node.id": "t9hfPgy_RyC9LOJUxQUrSQ"  }
{"type": "server", "timestamp": "2022-03-29T20:55:30,991Z", "level": "WARN", "component": "o.e.t.ThreadPool", "cluster.name": "tpotcluster", "node.name": "tpotcluster-node-01", "message": "timer thread slept for [31s/31097390846ns] on relative clock which is above the warn threshold of [5000ms]", "cluster.uuid": "Qbw2pof0QzSXC1OvK0aFSw", "node.id": "t9hfPgy_RyC9LOJUxQUrSQ"  }
{"type": "server", "timestamp": "2022-03-29T20:55:46,334Z", "level": "WARN", "component": "o.e.t.ThreadPool", "cluster.name": "tpotcluster", "node.name": "tpotcluster-node-01", "message": "timer thread slept for [28.7s/28738ms] on absolute clock which is above the warn threshold of [5000ms]", "cluster.uuid": "Qbw2pof0QzSXC1OvK0aFSw", "node.id": "t9hfPgy_RyC9LOJUxQUrSQ"  }
{"type": "server", "timestamp": "2022-03-29T20:55:57,812Z", "level": "WARN", "component": "o.e.t.ThreadPool", "cluster.name": "tpotcluster", "node.name": "tpotcluster-node-01", "message": "timer thread slept for [28.7s/28738490797ns] on relative clock which is above the warn threshold of [5000ms]", "cluster.uuid": "Qbw2pof0QzSXC1OvK0aFSw", "node.id": "t9hfPgy_RyC9LOJUxQUrSQ"  }
{"type": "server", "timestamp": "2022-03-29T20:56:17,682Z", "level": "WARN", "component": "o.e.t.ThreadPool", "cluster.name": "tpotcluster", "node.name": "tpotcluster-node-01", "message": "timer thread slept for [31.2s/31203ms] on absolute clock which is above the warn threshold of [5000ms]", "cluster.uuid": "Qbw2pof0QzSXC1OvK0aFSw", "node.id": "t9hfPgy_RyC9LOJUxQUrSQ"  }
{"type": "server", "timestamp": "2022-03-29T20:56:44,178Z", "level": "WARN", "component": "o.e.t.ThreadPool", "cluster.name": "tpotcluster", "node.name": "tpotcluster-node-01", "message": "timer thread slept for [31.2s/31202958364ns] on relative clock which is above the warn threshold of [5000ms]", "cluster.uuid": "Qbw2pof0QzSXC1OvK0aFSw", "node.id": "t9hfPgy_RyC9LOJUxQUrSQ"  }
{"type": "server", "timestamp": "2022-03-29T20:57:02,052Z", "level": "WARN", "component": "o.e.t.ThreadPool", "cluster.name": "tpotcluster", "node.name": "tpotcluster-node-01", "message": "timer thread slept for [42.2s/42210ms] on absolute clock which is above the warn threshold of [5000ms]", "cluster.uuid": "Qbw2pof0QzSXC1OvK0aFSw", "node.id": "t9hfPgy_RyC9LOJUxQUrSQ"  }
{"type": "server", "timestamp": "2022-03-29T20:57:17,683Z", "level": "WARN", "component": "o.e.t.ThreadPool", "cluster.name": "tpotcluster", "node.name": "tpotcluster-node-01", "message": "timer thread slept for [42.2s/42209778075ns] on relative clock which is above the warn threshold of [5000ms]", "cluster.uuid": "Qbw2pof0QzSXC1OvK0aFSw", "node.id": "t9hfPgy_RyC9LOJUxQUrSQ"  }
{"type": "server", "timestamp": "2022-03-29T20:57:38,787Z", "level": "WARN", "component": "o.e.t.ThreadPool", "cluster.name": "tpotcluster", "node.name": "tpotcluster-node-01", "message": "timer thread slept for [38.4s/38413ms] on absolute clock which is above the warn threshold of [5000ms]", "cluster.uuid": "Qbw2pof0QzSXC1OvK0aFSw", "node.id": "t9hfPgy_RyC9LOJUxQUrSQ"  }
{"type": "server", "timestamp": "2022-03-29T20:57:56,084Z", "level": "WARN", "component": "o.e.t.ThreadPool", "cluster.name": "tpotcluster", "node.name": "tpotcluster-node-01", "message": "timer thread slept for [38.4s/38413439879ns] on relative clock which is above the warn threshold of [5000ms]", "cluster.uuid": "Qbw2pof0QzSXC1OvK0aFSw", "node.id": "t9hfPgy_RyC9LOJUxQUrSQ"  }
{"type": "server", "timestamp": "2022-03-29T20:58:05,742Z", "level": "WARN", "component": "o.e.t.ThreadPool", "cluster.name": "tpotcluster", "node.name": "tpotcluster-node-01", "message": "execution of [ReschedulingRunnable{runnable=org.elasticsearch.monitor.jvm.JvmGcMonitorService$1@62a357b9, interval=1s}] took [38413ms] which is above the warn threshold of [5000ms]", "cluster.uuid": "Qbw2pof0QzSXC1OvK0aFSw", "node.id": "t9hfPgy_RyC9LOJUxQUrSQ"  }
{"type": "server", "timestamp": "2022-03-29T20:57:48,121Z", "level": "WARN", "component": "o.e.m.f.FsHealthService", "cluster.name": "tpotcluster", "node.name": "tpotcluster-node-01", "message": "health check of [/data/elk/data/nodes/0] took [38413ms] which is above the warn threshold of [5s]", "cluster.uuid": "Qbw2pof0QzSXC1OvK0aFSw", "node.id": "t9hfPgy_RyC9LOJUxQUrSQ"  }
{"type": "server", "timestamp": "2022-03-29T20:58:10,128Z", "level": "WARN", "component": "o.e.t.ThreadPool", "cluster.name": "tpotcluster", "node.name": "tpotcluster-node-01", "message": "timer thread slept for [31.7s/31722ms] on absolute clock which is above the warn threshold of [5000ms]", "cluster.uuid": "Qbw2pof0QzSXC1OvK0aFSw", "node.id": "t9hfPgy_RyC9LOJUxQUrSQ"  }
{"type": "server", "timestamp": "2022-03-29T20:58:27,583Z", "level": "WARN", "component": "o.e.t.ThreadPool", "cluster.name": "tpotcluster", "node.name": "tpotcluster-node-01", "message": "timer thread slept for [31.7s/31722260602ns] on relative clock which is above the warn threshold of [5000ms]", "cluster.uuid": "Qbw2pof0QzSXC1OvK0aFSw", "node.id": "t9hfPgy_RyC9LOJUxQUrSQ"  }
{"type": "server", "timestamp": "2022-03-29T20:59:00,083Z", "level": "WARN", "component": "o.e.t.ThreadPool", "cluster.name": "tpotcluster", "node.name": "tpotcluster-node-01", "message": "timer thread slept for [49.8s/49894ms] on absolute clock which is above the warn threshold of [5000ms]", "cluster.uuid": "Qbw2pof0QzSXC1OvK0aFSw", "node.id": "t9hfPgy_RyC9LOJUxQUrSQ"  }
{"type": "server", "timestamp": "2022-03-29T20:59:29,883Z", "level": "WARN", "component": "o.e.t.ThreadPool", "cluster.name": "tpotcluster", "node.name": "tpotcluster-node-01", "message": "timer thread slept for [49.8s/49893872514ns] on relative clock which is above the warn threshold of [5000ms]", "cluster.uuid": "Qbw2pof0QzSXC1OvK0aFSw", "node.id": "t9hfPgy_RyC9LOJUxQUrSQ"  }
{"type": "server", "timestamp": "2022-03-29T21:00:11,526Z", "level": "WARN", "component": "o.e.t.ThreadPool", "cluster.name": "tpotcluster", "node.name": "tpotcluster-node-01", "message": "timer thread slept for [1.1m/71277ms] on absolute clock which is above the warn threshold of [5000ms]", "cluster.uuid": "Qbw2pof0QzSXC1OvK0aFSw", "node.id": "t9hfPgy_RyC9LOJUxQUrSQ"  }
{"type": "server", "timestamp": "2022-03-29T21:00:45,642Z", "level": "WARN", "component": "o.e.t.ThreadPool", "cluster.name": "tpotcluster", "node.name": "tpotcluster-node-01", "message": "timer thread slept for [1.1m/71276704874ns] on relative clock which is above the warn threshold of [5000ms]", "cluster.uuid": "Qbw2pof0QzSXC1OvK0aFSw", "node.id": "t9hfPgy_RyC9LOJUxQUrSQ"  }
{"type": "server", "timestamp": "2022-03-29T21:01:06,242Z", "level": "WARN", "component": "o.e.t.ThreadPool", "cluster.name": "tpotcluster", "node.name": "tpotcluster-node-01", "message": "timer thread slept for [55.1s/55178ms] on absolute clock which is above the warn threshold of [5000ms]", "cluster.uuid": "Qbw2pof0QzSXC1OvK0aFSw", "node.id": "t9hfPgy_RyC9LOJUxQUrSQ"  }
{"type": "server", "timestamp": "2022-03-29T21:01:20,411Z", "level": "WARN", "component": "o.e.t.ThreadPool", "cluster.name": "tpotcluster", "node.name": "tpotcluster-node-01", "message": "timer thread slept for [55.1s/55177519453ns] on relative clock which is above the warn threshold of [5000ms]", "cluster.uuid": "Qbw2pof0QzSXC1OvK0aFSw", "node.id": "t9hfPgy_RyC9LOJUxQUrSQ"  }
{"type": "server", "timestamp": "2022-03-29T21:01:35,175Z", "level": "WARN", "component": "o.e.t.ThreadPool", "cluster.name": "tpotcluster", "node.name": "tpotcluster-node-01", "message": "timer thread slept for [28.7s/28788ms] on absolute clock which is above the warn threshold of [5000ms]", "cluster.uuid": "Qbw2pof0QzSXC1OvK0aFSw", "node.id": "t9hfPgy_RyC9LOJUxQUrSQ"  }
{"type": "server", "timestamp": "2022-03-29T21:01:46,052Z", "level": "WARN", "component": "o.e.t.ThreadPool", "cluster.name": "tpotcluster", "node.name": "tpotcluster-node-01", "message": "timer thread slept for [28.7s/28788059967ns] on relative clock which is above the warn threshold of [5000ms]", "cluster.uuid": "Qbw2pof0QzSXC1OvK0aFSw", "node.id": "t9hfPgy_RyC9LOJUxQUrSQ"  }
{"type": "server", "timestamp": "2022-03-29T21:02:01,239Z", "level": "WARN", "component": "o.e.t.ThreadPool", "cluster.name": "tpotcluster", "node.name": "tpotcluster-node-01", "message": "timer thread slept for [26.1s/26151ms] on absolute clock which is above the warn threshold of [5000ms]", "cluster.uuid": "Qbw2pof0QzSXC1OvK0aFSw", "node.id": "t9hfPgy_RyC9LOJUxQUrSQ"  }
{"type": "server", "timestamp": "2022-03-29T21:02:23,736Z", "level": "WARN", "component": "o.e.t.ThreadPool", "cluster.name": "tpotcluster", "node.name": "tpotcluster-node-01", "message": "timer thread slept for [26.1s/26151424404ns] on relative clock which is above the warn threshold of [5000ms]", "cluster.uuid": "Qbw2pof0QzSXC1OvK0aFSw", "node.id": "t9hfPgy_RyC9LOJUxQUrSQ"  }
{"type": "server", "timestamp": "2022-03-29T21:02:40,813Z", "level": "WARN", "component": "o.e.t.ThreadPool", "cluster.name": "tpotcluster", "node.name": "tpotcluster-node-01", "message": "timer thread slept for [37.9s/37916ms] on absolute clock which is above the warn threshold of [5000ms]", "cluster.uuid": "Qbw2pof0QzSXC1OvK0aFSw", "node.id": "t9hfPgy_RyC9LOJUxQUrSQ"  }
{"type": "server", "timestamp": "2022-03-29T21:02:54,877Z", "level": "WARN", "component": "o.e.t.ThreadPool", "cluster.name": "tpotcluster", "node.name": "tpotcluster-node-01", "message": "timer thread slept for [37.9s/37915835941ns] on relative clock which is above the warn threshold of [5000ms]", "cluster.uuid": "Qbw2pof0QzSXC1OvK0aFSw", "node.id": "t9hfPgy_RyC9LOJUxQUrSQ"  }
{"type": "server", "timestamp": "2022-03-29T21:03:08,573Z", "level": "WARN", "component": "o.e.t.ThreadPool", "cluster.name": "tpotcluster", "node.name": "tpotcluster-node-01", "message": "timer thread slept for [29.5s/29500ms] on absolute clock which is above the warn threshold of [5000ms]", "cluster.uuid": "Qbw2pof0QzSXC1OvK0aFSw", "node.id": "t9hfPgy_RyC9LOJUxQUrSQ"  }
{"type": "server", "timestamp": "2022-03-29T21:03:22,611Z", "level": "WARN", "component": "o.e.t.ThreadPool", "cluster.name": "tpotcluster", "node.name": "tpotcluster-node-01", "message": "timer thread slept for [29.5s/29500147762ns] on relative clock which is above the warn threshold of [5000ms]", "cluster.uuid": "Qbw2pof0QzSXC1OvK0aFSw", "node.id": "t9hfPgy_RyC9LOJUxQUrSQ"  }
{"type": "server", "timestamp": "2022-03-29T21:03:34,103Z", "level": "WARN", "component": "o.e.t.ThreadPool", "cluster.name": "tpotcluster", "node.name": "tpotcluster-node-01", "message": "execution of [ReschedulingRunnable{runnable=org.elasticsearch.monitor.jvm.JvmGcMonitorService$1@62a357b9, interval=1s}] took [29500ms] which is above the warn threshold of [5000ms]", "cluster.uuid": "Qbw2pof0QzSXC1OvK0aFSw", "node.id": "t9hfPgy_RyC9LOJUxQUrSQ"  }
{"type": "server", "timestamp": "2022-03-29T21:03:34,559Z", "level": "WARN", "component": "o.e.t.ThreadPool", "cluster.name": "tpotcluster", "node.name": "tpotcluster-node-01", "message": "timer thread slept for [26.2s/26201ms] on absolute clock which is above the warn threshold of [5000ms]", "cluster.uuid": "Qbw2pof0QzSXC1OvK0aFSw", "node.id": "t9hfPgy_RyC9LOJUxQUrSQ"  }
{"type": "server", "timestamp": "2022-03-29T21:03:49,738Z", "level": "WARN", "component": "o.e.t.ThreadPool", "cluster.name": "tpotcluster", "node.name": "tpotcluster-node-01", "message": "timer thread slept for [26.2s/26201120757ns] on relative clock which is above the warn threshold of [5000ms]", "cluster.uuid": "Qbw2pof0QzSXC1OvK0aFSw", "node.id": "t9hfPgy_RyC9LOJUxQUrSQ"  }
{"type": "server", "timestamp": "2022-03-29T21:04:04,829Z", "level": "WARN", "component": "o.e.t.ThreadPool", "cluster.name": "tpotcluster", "node.name": "tpotcluster-node-01", "message": "timer thread slept for [30s/30034ms] on absolute clock which is above the warn threshold of [5000ms]", "cluster.uuid": "Qbw2pof0QzSXC1OvK0aFSw", "node.id": "t9hfPgy_RyC9LOJUxQUrSQ"  }
{"type": "server", "timestamp": "2022-03-29T21:04:15,786Z", "level": "WARN", "component": "o.e.t.ThreadPool", "cluster.name": "tpotcluster", "node.name": "tpotcluster-node-01", "message": "timer thread slept for [30s/30034229567ns] on relative clock which is above the warn threshold of [5000ms]", "cluster.uuid": "Qbw2pof0QzSXC1OvK0aFSw", "node.id": "t9hfPgy_RyC9LOJUxQUrSQ"  }
{"type": "server", "timestamp": "2022-03-29T21:04:38,650Z", "level": "WARN", "component": "o.e.t.ThreadPool", "cluster.name": "tpotcluster", "node.name": "tpotcluster-node-01", "message": "timer thread slept for [33.7s/33757ms] on absolute clock which is above the warn threshold of [5000ms]", "cluster.uuid": "Qbw2pof0QzSXC1OvK0aFSw", "node.id": "t9hfPgy_RyC9LOJUxQUrSQ"  }
{"type": "server", "timestamp": "2022-03-29T21:04:17,816Z", "level": "WARN", "component": "o.e.m.f.FsHealthService", "cluster.name": "tpotcluster", "node.name": "tpotcluster-node-01", "message": "health check of [/data/elk/data/nodes/0] took [30034ms] which is above the warn threshold of [5s]", "cluster.uuid": "Qbw2pof0QzSXC1OvK0aFSw", "node.id": "t9hfPgy_RyC9LOJUxQUrSQ"  }
{"type": "server", "timestamp": "2022-03-29T21:04:50,944Z", "level": "WARN", "component": "o.e.t.ThreadPool", "cluster.name": "tpotcluster", "node.name": "tpotcluster-node-01", "message": "timer thread slept for [33.7s/33756120958ns] on relative clock which is above the warn threshold of [5000ms]", "cluster.uuid": "Qbw2pof0QzSXC1OvK0aFSw", "node.id": "t9hfPgy_RyC9LOJUxQUrSQ"  }
{"type": "server", "timestamp": "2022-03-29T21:05:03,774Z", "level": "WARN", "component": "o.e.t.ThreadPool", "cluster.name": "tpotcluster", "node.name": "tpotcluster-node-01", "message": "timer thread slept for [25.1s/25165ms] on absolute clock which is above the warn threshold of [5000ms]", "cluster.uuid": "Qbw2pof0QzSXC1OvK0aFSw", "node.id": "t9hfPgy_RyC9LOJUxQUrSQ"  }
{"type": "server", "timestamp": "2022-03-29T21:05:15,432Z", "level": "WARN", "component": "o.e.t.ThreadPool", "cluster.name": "tpotcluster", "node.name": "tpotcluster-node-01", "message": "timer thread slept for [25.1s/25165963736ns] on relative clock which is above the warn threshold of [5000ms]", "cluster.uuid": "Qbw2pof0QzSXC1OvK0aFSw", "node.id": "t9hfPgy_RyC9LOJUxQUrSQ"  }
{"type": "server", "timestamp": "2022-03-29T21:05:31,844Z", "level": "WARN", "component": "o.e.h.AbstractHttpServerTransport", "cluster.name": "tpotcluster", "node.name": "tpotcluster-node-01", "message": "handling request [null][POST][/.kibana_task_manager/_update_by_query?ignore_unavailable=true&refresh=true&conflicts=proceed][Netty4HttpChannel{localAddress=/192.168.48.2:9200, remoteAddress=/192.168.48.4:49996}] took [58922ms] which is above the warn threshold of [5000ms]", "cluster.uuid": "Qbw2pof0QzSXC1OvK0aFSw", "node.id": "t9hfPgy_RyC9LOJUxQUrSQ"  }
{"type": "server", "timestamp": "2022-03-29T21:05:36,714Z", "level": "WARN", "component": "o.e.t.ThreadPool", "cluster.name": "tpotcluster", "node.name": "tpotcluster-node-01", "message": "execution of [org.elasticsearch.cluster.InternalClusterInfoService$RefreshScheduler$$Lambda$5109/0x00000008017d8258@6640227] took [32830ms] which is above the warn threshold of [5000ms]", "cluster.uuid": "Qbw2pof0QzSXC1OvK0aFSw", "node.id": "t9hfPgy_RyC9LOJUxQUrSQ"  }
{"type": "server", "timestamp": "2022-03-29T21:05:36,714Z", "level": "WARN", "component": "o.e.t.ThreadPool", "cluster.name": "tpotcluster", "node.name": "tpotcluster-node-01", "message": "timer thread slept for [32.8s/32831ms] on absolute clock which is above the warn threshold of [5000ms]", "cluster.uuid": "Qbw2pof0QzSXC1OvK0aFSw", "node.id": "t9hfPgy_RyC9LOJUxQUrSQ"  }
{"type": "server", "timestamp": "2022-03-29T21:05:50,834Z", "level": "WARN", "component": "o.e.t.ThreadPool", "cluster.name": "tpotcluster", "node.name": "tpotcluster-node-01", "message": "timer thread slept for [32.8s/32830339066ns] on relative clock which is above the warn threshold of [5000ms]", "cluster.uuid": "Qbw2pof0QzSXC1OvK0aFSw", "node.id": "t9hfPgy_RyC9LOJUxQUrSQ"  }
{"type": "server", "timestamp": "2022-03-29T21:06:07,227Z", "level": "WARN", "component": "o.e.t.ThreadPool", "cluster.name": "tpotcluster", "node.name": "tpotcluster-node-01", "message": "timer thread slept for [30.6s/30666ms] on absolute clock which is above the warn threshold of [5000ms]", "cluster.uuid": "Qbw2pof0QzSXC1OvK0aFSw", "node.id": "t9hfPgy_RyC9LOJUxQUrSQ"  }
{"type": "server", "timestamp": "2022-03-29T21:06:16,523Z", "level": "WARN", "component": "o.e.t.ThreadPool", "cluster.name": "tpotcluster", "node.name": "tpotcluster-node-01", "message": "timer thread slept for [30.6s/30666636853ns] on relative clock which is above the warn threshold of [5000ms]", "cluster.uuid": "Qbw2pof0QzSXC1OvK0aFSw", "node.id": "t9hfPgy_RyC9LOJUxQUrSQ"  }
{"type": "server", "timestamp": "2022-03-29T21:06:21,380Z", "level": "WARN", "component": "o.e.t.ThreadPool", "cluster.name": "tpotcluster", "node.name": "tpotcluster-node-01", "message": "execution of [ReschedulingRunnable{runnable=org.elasticsearch.monitor.jvm.JvmGcMonitorService$1@62a357b9, interval=1s}] took [30666ms] which is above the warn threshold of [5000ms]", "cluster.uuid": "Qbw2pof0QzSXC1OvK0aFSw", "node.id": "t9hfPgy_RyC9LOJUxQUrSQ"  }
{"type": "server", "timestamp": "2022-03-29T21:06:26,329Z", "level": "WARN", "component": "o.e.t.ThreadPool", "cluster.name": "tpotcluster", "node.name": "tpotcluster-node-01", "message": "timer thread slept for [19.1s/19173ms] on absolute clock which is above the warn threshold of [5000ms]", "cluster.uuid": "Qbw2pof0QzSXC1OvK0aFSw", "node.id": "t9hfPgy_RyC9LOJUxQUrSQ"  }
{"type": "server", "timestamp": "2022-03-29T21:06:33,205Z", "level": "WARN", "component": "o.e.t.ThreadPool", "cluster.name": "tpotcluster", "node.name": "tpotcluster-node-01", "message": "timer thread slept for [19.1s/19172204929ns] on relative clock which is above the warn threshold of [5000ms]", "cluster.uuid": "Qbw2pof0QzSXC1OvK0aFSw", "node.id": "t9hfPgy_RyC9LOJUxQUrSQ"  }
{"type": "server", "timestamp": "2022-03-29T21:06:47,686Z", "level": "WARN", "component": "o.e.t.ThreadPool", "cluster.name": "tpotcluster", "node.name": "tpotcluster-node-01", "message": "timer thread slept for [21.3s/21347ms] on absolute clock which is above the warn threshold of [5000ms]", "cluster.uuid": "Qbw2pof0QzSXC1OvK0aFSw", "node.id": "t9hfPgy_RyC9LOJUxQUrSQ"  }
{"type": "server", "timestamp": "2022-03-29T21:06:58,281Z", "level": "WARN", "component": "o.e.t.ThreadPool", "cluster.name": "tpotcluster", "node.name": "tpotcluster-node-01", "message": "timer thread slept for [21.3s/21347184515ns] on relative clock which is above the warn threshold of [5000ms]", "cluster.uuid": "Qbw2pof0QzSXC1OvK0aFSw", "node.id": "t9hfPgy_RyC9LOJUxQUrSQ"  }
{"type": "server", "timestamp": "2022-03-29T21:07:17,502Z", "level": "WARN", "component": "o.e.t.ThreadPool", "cluster.name": "tpotcluster", "node.name": "tpotcluster-node-01", "message": "timer thread slept for [29.9s/29948ms] on absolute clock which is above the warn threshold of [5000ms]", "cluster.uuid": "Qbw2pof0QzSXC1OvK0aFSw", "node.id": "t9hfPgy_RyC9LOJUxQUrSQ"  }
{"type": "server", "timestamp": "2022-03-29T21:07:29,417Z", "level": "WARN", "component": "o.e.t.ThreadPool", "cluster.name": "tpotcluster", "node.name": "tpotcluster-node-01", "message": "timer thread slept for [29.9s/29948354280ns] on relative clock which is above the warn threshold of [5000ms]", "cluster.uuid": "Qbw2pof0QzSXC1OvK0aFSw", "node.id": "t9hfPgy_RyC9LOJUxQUrSQ"  }
{"type": "server", "timestamp": "2022-03-29T21:07:40,811Z", "level": "WARN", "component": "o.e.t.ThreadPool", "cluster.name": "tpotcluster", "node.name": "tpotcluster-node-01", "message": "timer thread slept for [22.9s/22938ms] on absolute clock which is above the warn threshold of [5000ms]", "cluster.uuid": "Qbw2pof0QzSXC1OvK0aFSw", "node.id": "t9hfPgy_RyC9LOJUxQUrSQ"  }
{"type": "server", "timestamp": "2022-03-29T21:07:47,291Z", "level": "WARN", "component": "o.e.t.ThreadPool", "cluster.name": "tpotcluster", "node.name": "tpotcluster-node-01", "message": "execution of [ReschedulingRunnable{runnable=org.elasticsearch.monitor.jvm.JvmGcMonitorService$1@62a357b9, interval=1s}] took [22937ms] which is above the warn threshold of [5000ms]", "cluster.uuid": "Qbw2pof0QzSXC1OvK0aFSw", "node.id": "t9hfPgy_RyC9LOJUxQUrSQ"  }
{"type": "server", "timestamp": "2022-03-29T21:07:50,843Z", "level": "WARN", "component": "o.e.t.ThreadPool", "cluster.name": "tpotcluster", "node.name": "tpotcluster-node-01", "message": "timer thread slept for [22.9s/22937799922ns] on relative clock which is above the warn threshold of [5000ms]", "cluster.uuid": "Qbw2pof0QzSXC1OvK0aFSw", "node.id": "t9hfPgy_RyC9LOJUxQUrSQ"  }
{"type": "server", "timestamp": "2022-03-29T21:08:02,848Z", "level": "WARN", "component": "o.e.t.ThreadPool", "cluster.name": "tpotcluster", "node.name": "tpotcluster-node-01", "message": "timer thread slept for [22.1s/22174ms] on absolute clock which is above the warn threshold of [5000ms]", "cluster.uuid": "Qbw2pof0QzSXC1OvK0aFSw", "node.id": "t9hfPgy_RyC9LOJUxQUrSQ"  }
{"type": "server", "timestamp": "2022-03-29T21:08:07,482Z", "level": "WARN", "component": "o.e.t.ThreadPool", "cluster.name": "tpotcluster", "node.name": "tpotcluster-node-01", "message": "execution of [org.elasticsearch.cluster.InternalClusterInfoService$RefreshScheduler$$Lambda$5109/0x00000008017d8258@240ded95] took [22173ms] which is above the warn threshold of [5000ms]", "cluster.uuid": "Qbw2pof0QzSXC1OvK0aFSw", "node.id": "t9hfPgy_RyC9LOJUxQUrSQ"  }
{"type": "server", "timestamp": "2022-03-29T21:08:12,916Z", "level": "WARN", "component": "o.e.t.ThreadPool", "cluster.name": "tpotcluster", "node.name": "tpotcluster-node-01", "message": "timer thread slept for [22.1s/22173713329ns] on relative clock which is above the warn threshold of [5000ms]", "cluster.uuid": "Qbw2pof0QzSXC1OvK0aFSw", "node.id": "t9hfPgy_RyC9LOJUxQUrSQ"  }
{"type": "server", "timestamp": "2022-03-29T21:08:24,758Z", "level": "WARN", "component": "o.e.t.ThreadPool", "cluster.name": "tpotcluster", "node.name": "tpotcluster-node-01", "message": "timer thread slept for [21.9s/21932ms] on absolute clock which is above the warn threshold of [5000ms]", "cluster.uuid": "Qbw2pof0QzSXC1OvK0aFSw", "node.id": "t9hfPgy_RyC9LOJUxQUrSQ"  }
{"type": "server", "timestamp": "2022-03-29T21:08:41,233Z", "level": "WARN", "component": "o.e.t.ThreadPool", "cluster.name": "tpotcluster", "node.name": "tpotcluster-node-01", "message": "timer thread slept for [21.9s/21932703037ns] on relative clock which is above the warn threshold of [5000ms]", "cluster.uuid": "Qbw2pof0QzSXC1OvK0aFSw", "node.id": "t9hfPgy_RyC9LOJUxQUrSQ"  }
{"type": "server", "timestamp": "2022-03-29T21:08:56,919Z", "level": "WARN", "component": "o.e.t.ThreadPool", "cluster.name": "tpotcluster", "node.name": "tpotcluster-node-01", "message": "timer thread slept for [31.4s/31458ms] on absolute clock which is above the warn threshold of [5000ms]", "cluster.uuid": "Qbw2pof0QzSXC1OvK0aFSw", "node.id": "t9hfPgy_RyC9LOJUxQUrSQ"  }
{"type": "server", "timestamp": "2022-03-29T21:09:10,476Z", "level": "WARN", "component": "o.e.t.ThreadPool", "cluster.name": "tpotcluster", "node.name": "tpotcluster-node-01", "message": "timer thread slept for [31.4s/31457858082ns] on relative clock which is above the warn threshold of [5000ms]", "cluster.uuid": "Qbw2pof0QzSXC1OvK0aFSw", "node.id": "t9hfPgy_RyC9LOJUxQUrSQ"  }
{"type": "server", "timestamp": "2022-03-29T21:09:23,429Z", "level": "WARN", "component": "o.e.t.ThreadPool", "cluster.name": "tpotcluster", "node.name": "tpotcluster-node-01", "message": "timer thread slept for [27.1s/27141ms] on absolute clock which is above the warn threshold of [5000ms]", "cluster.uuid": "Qbw2pof0QzSXC1OvK0aFSw", "node.id": "t9hfPgy_RyC9LOJUxQUrSQ"  }
{"type": "server", "timestamp": "2022-03-29T21:09:24,176Z", "level": "WARN", "component": "o.e.t.ThreadPool", "cluster.name": "tpotcluster", "node.name": "tpotcluster-node-01", "message": "execution of [ReschedulingRunnable{runnable=org.elasticsearch.monitor.jvm.JvmGcMonitorService$1@62a357b9, interval=1s}] took [27140ms] which is above the warn threshold of [5000ms]", "cluster.uuid": "Qbw2pof0QzSXC1OvK0aFSw", "node.id": "t9hfPgy_RyC9LOJUxQUrSQ"  }
{"type": "server", "timestamp": "2022-03-29T21:09:36,467Z", "level": "WARN", "component": "o.e.t.ThreadPool", "cluster.name": "tpotcluster", "node.name": "tpotcluster-node-01", "message": "timer thread slept for [27.1s/27140658520ns] on relative clock which is above the warn threshold of [5000ms]", "cluster.uuid": "Qbw2pof0QzSXC1OvK0aFSw", "node.id": "t9hfPgy_RyC9LOJUxQUrSQ"  }
{"type": "server", "timestamp": "2022-03-29T21:09:48,805Z", "level": "WARN", "component": "o.e.t.ThreadPool", "cluster.name": "tpotcluster", "node.name": "tpotcluster-node-01", "message": "timer thread slept for [25.4s/25436ms] on absolute clock which is above the warn threshold of [5000ms]", "cluster.uuid": "Qbw2pof0QzSXC1OvK0aFSw", "node.id": "t9hfPgy_RyC9LOJUxQUrSQ"  }
{"type": "server", "timestamp": "2022-03-29T21:10:11,349Z", "level": "WARN", "component": "o.e.t.ThreadPool", "cluster.name": "tpotcluster", "node.name": "tpotcluster-node-01", "message": "timer thread slept for [25.4s/25436048599ns] on relative clock which is above the warn threshold of [5000ms]", "cluster.uuid": "Qbw2pof0QzSXC1OvK0aFSw", "node.id": "t9hfPgy_RyC9LOJUxQUrSQ"  }
{"type": "server", "timestamp": "2022-03-29T21:10:23,781Z", "level": "WARN", "component": "o.e.t.ThreadPool", "cluster.name": "tpotcluster", "node.name": "tpotcluster-node-01", "message": "timer thread slept for [35.2s/35252ms] on absolute clock which is above the warn threshold of [5000ms]", "cluster.uuid": "Qbw2pof0QzSXC1OvK0aFSw", "node.id": "t9hfPgy_RyC9LOJUxQUrSQ"  }
{"type": "server", "timestamp": "2022-03-29T21:10:36,550Z", "level": "WARN", "component": "o.e.t.ThreadPool", "cluster.name": "tpotcluster", "node.name": "tpotcluster-node-01", "message": "timer thread slept for [35.2s/35252092574ns] on relative clock which is above the warn threshold of [5000ms]", "cluster.uuid": "Qbw2pof0QzSXC1OvK0aFSw", "node.id": "t9hfPgy_RyC9LOJUxQUrSQ"  }
{"type": "server", "timestamp": "2022-03-29T21:10:51,957Z", "level": "WARN", "component": "o.e.t.ThreadPool", "cluster.name": "tpotcluster", "node.name": "tpotcluster-node-01", "message": "timer thread slept for [27.8s/27879ms] on absolute clock which is above the warn threshold of [5000ms]", "cluster.uuid": "Qbw2pof0QzSXC1OvK0aFSw", "node.id": "t9hfPgy_RyC9LOJUxQUrSQ"  }
{"type": "server", "timestamp": "2022-03-29T21:11:07,371Z", "level": "WARN", "component": "o.e.t.ThreadPool", "cluster.name": "tpotcluster", "node.name": "tpotcluster-node-01", "message": "timer thread slept for [27.8s/27878710936ns] on relative clock which is above the warn threshold of [5000ms]", "cluster.uuid": "Qbw2pof0QzSXC1OvK0aFSw", "node.id": "t9hfPgy_RyC9LOJUxQUrSQ"  }
{"type": "server", "timestamp": "2022-03-29T21:11:19,877Z", "level": "WARN", "component": "o.e.t.ThreadPool", "cluster.name": "tpotcluster", "node.name": "tpotcluster-node-01", "message": "timer thread slept for [27.6s/27610ms] on absolute clock which is above the warn threshold of [5000ms]", "cluster.uuid": "Qbw2pof0QzSXC1OvK0aFSw", "node.id": "t9hfPgy_RyC9LOJUxQUrSQ"  }
{"type": "server", "timestamp": "2022-03-29T21:11:06,944Z", "level": "WARN", "component": "o.e.t.TransportService", "cluster.name": "tpotcluster", "node.name": "tpotcluster-node-01", "message": "Received response for a request that has timed out, sent [24.9m/1496258ms] ago, timed out [21.1m/1270411ms] ago, action [indices:monitor/stats[n]], node [{tpotcluster-node-01}{t9hfPgy_RyC9LOJUxQUrSQ}{YXLgQ-tbQ4arHLdAvjQP9A}{127.0.0.1}{127.0.0.1:9300}{cdfhimrstw}{xpack.installed=true, transform.node=true}], id [30929]", "cluster.uuid": "Qbw2pof0QzSXC1OvK0aFSw", "node.id": "t9hfPgy_RyC9LOJUxQUrSQ"  }
{"type": "server", "timestamp": "2022-03-29T21:11:34,022Z", "level": "WARN", "component": "o.e.t.ThreadPool", "cluster.name": "tpotcluster", "node.name": "tpotcluster-node-01", "message": "timer thread slept for [27.6s/27610367974ns] on relative clock which is above the warn threshold of [5000ms]", "cluster.uuid": "Qbw2pof0QzSXC1OvK0aFSw", "node.id": "t9hfPgy_RyC9LOJUxQUrSQ"  }
{"type": "server", "timestamp": "2022-03-29T21:11:48,693Z", "level": "WARN", "component": "o.e.t.ThreadPool", "cluster.name": "tpotcluster", "node.name": "tpotcluster-node-01", "message": "execution of [ReschedulingRunnable{runnable=org.elasticsearch.monitor.jvm.JvmGcMonitorService$1@62a357b9, interval=1s}] took [55662ms] which is above the warn threshold of [5000ms]", "cluster.uuid": "Qbw2pof0QzSXC1OvK0aFSw", "node.id": "t9hfPgy_RyC9LOJUxQUrSQ"  }
{"type": "server", "timestamp": "2022-03-29T21:11:48,086Z", "level": "WARN", "component": "o.e.t.ThreadPool", "cluster.name": "tpotcluster", "node.name": "tpotcluster-node-01", "message": "timer thread slept for [28s/28053ms] on absolute clock which is above the warn threshold of [5000ms]", "cluster.uuid": "Qbw2pof0QzSXC1OvK0aFSw", "node.id": "t9hfPgy_RyC9LOJUxQUrSQ"  }
{"type": "server", "timestamp": "2022-03-29T21:11:58,140Z", "level": "WARN", "component": "o.e.t.ThreadPool", "cluster.name": "tpotcluster", "node.name": "tpotcluster-node-01", "message": "timer thread slept for [28s/28052551553ns] on relative clock which is above the warn threshold of [5000ms]", "cluster.uuid": "Qbw2pof0QzSXC1OvK0aFSw", "node.id": "t9hfPgy_RyC9LOJUxQUrSQ"  }
{"type": "server", "timestamp": "2022-03-29T21:12:13,030Z", "level": "WARN", "component": "o.e.t.ThreadPool", "cluster.name": "tpotcluster", "node.name": "tpotcluster-node-01", "message": "timer thread slept for [25.1s/25117ms] on absolute clock which is above the warn threshold of [5000ms]", "cluster.uuid": "Qbw2pof0QzSXC1OvK0aFSw", "node.id": "t9hfPgy_RyC9LOJUxQUrSQ"  }
{"type": "server", "timestamp": "2022-03-29T21:12:27,788Z", "level": "WARN", "component": "o.e.t.ThreadPool", "cluster.name": "tpotcluster", "node.name": "tpotcluster-node-01", "message": "timer thread slept for [25.1s/25117374277ns] on relative clock which is above the warn threshold of [5000ms]", "cluster.uuid": "Qbw2pof0QzSXC1OvK0aFSw", "node.id": "t9hfPgy_RyC9LOJUxQUrSQ"  }
{"type": "server", "timestamp": "2022-03-29T21:12:45,030Z", "level": "WARN", "component": "o.e.t.ThreadPool", "cluster.name": "tpotcluster", "node.name": "tpotcluster-node-01", "message": "timer thread slept for [32.2s/32224ms] on absolute clock which is above the warn threshold of [5000ms]", "cluster.uuid": "Qbw2pof0QzSXC1OvK0aFSw", "node.id": "t9hfPgy_RyC9LOJUxQUrSQ"  }
{"type": "server", "timestamp": "2022-03-29T21:12:46,965Z", "level": "WARN", "component": "o.e.t.ThreadPool", "cluster.name": "tpotcluster", "node.name": "tpotcluster-node-01", "message": "execution of [ReschedulingRunnable{runnable=org.elasticsearch.watcher.ResourceWatcherService$ResourceMonitor@3f2650d, interval=5s}] took [32223ms] which is above the warn threshold of [5000ms]", "cluster.uuid": "Qbw2pof0QzSXC1OvK0aFSw", "node.id": "t9hfPgy_RyC9LOJUxQUrSQ"  }
{"type": "server", "timestamp": "2022-03-29T21:13:02,586Z", "level": "WARN", "component": "o.e.t.ThreadPool", "cluster.name": "tpotcluster", "node.name": "tpotcluster-node-01", "message": "timer thread slept for [32.2s/32223622211ns] on relative clock which is above the warn threshold of [5000ms]", "cluster.uuid": "Qbw2pof0QzSXC1OvK0aFSw", "node.id": "t9hfPgy_RyC9LOJUxQUrSQ"  }
{"type": "server", "timestamp": "2022-03-29T21:13:23,656Z", "level": "WARN", "component": "o.e.t.ThreadPool", "cluster.name": "tpotcluster", "node.name": "tpotcluster-node-01", "message": "timer thread slept for [38.8s/38860ms] on absolute clock which is above the warn threshold of [5000ms]", "cluster.uuid": "Qbw2pof0QzSXC1OvK0aFSw", "node.id": "t9hfPgy_RyC9LOJUxQUrSQ"  }
{"type": "server", "timestamp": "2022-03-29T21:13:38,598Z", "level": "WARN", "component": "o.e.t.ThreadPool", "cluster.name": "tpotcluster", "node.name": "tpotcluster-node-01", "message": "timer thread slept for [38.8s/38860472439ns] on relative clock which is above the warn threshold of [5000ms]", "cluster.uuid": "Qbw2pof0QzSXC1OvK0aFSw", "node.id": "t9hfPgy_RyC9LOJUxQUrSQ"  }
{"type": "server", "timestamp": "2022-03-29T21:13:53,805Z", "level": "WARN", "component": "o.e.t.ThreadPool", "cluster.name": "tpotcluster", "node.name": "tpotcluster-node-01", "message": "timer thread slept for [30s/30018ms] on absolute clock which is above the warn threshold of [5000ms]", "cluster.uuid": "Qbw2pof0QzSXC1OvK0aFSw", "node.id": "t9hfPgy_RyC9LOJUxQUrSQ"  }
{"type": "server", "timestamp": "2022-03-29T21:14:11,829Z", "level": "WARN", "component": "o.e.t.ThreadPool", "cluster.name": "tpotcluster", "node.name": "tpotcluster-node-01", "message": "timer thread slept for [30s/30017835396ns] on relative clock which is above the warn threshold of [5000ms]", "cluster.uuid": "Qbw2pof0QzSXC1OvK0aFSw", "node.id": "t9hfPgy_RyC9LOJUxQUrSQ"  }
{"type": "server", "timestamp": "2022-03-29T21:14:33,591Z", "level": "WARN", "component": "o.e.t.ThreadPool", "cluster.name": "tpotcluster", "node.name": "tpotcluster-node-01", "message": "timer thread slept for [39.7s/39771ms] on absolute clock which is above the warn threshold of [5000ms]", "cluster.uuid": "Qbw2pof0QzSXC1OvK0aFSw", "node.id": "t9hfPgy_RyC9LOJUxQUrSQ"  }
{"type": "server", "timestamp": "2022-03-29T21:14:51,782Z", "level": "WARN", "component": "o.e.t.ThreadPool", "cluster.name": "tpotcluster", "node.name": "tpotcluster-node-01", "message": "timer thread slept for [39.7s/39771104766ns] on relative clock which is above the warn threshold of [5000ms]", "cluster.uuid": "Qbw2pof0QzSXC1OvK0aFSw", "node.id": "t9hfPgy_RyC9LOJUxQUrSQ"  }
{"type": "server", "timestamp": "2022-03-29T21:15:17,157Z", "level": "WARN", "component": "o.e.t.ThreadPool", "cluster.name": "tpotcluster", "node.name": "tpotcluster-node-01", "message": "timer thread slept for [43.6s/43605ms] on absolute clock which is above the warn threshold of [5000ms]", "cluster.uuid": "Qbw2pof0QzSXC1OvK0aFSw", "node.id": "t9hfPgy_RyC9LOJUxQUrSQ"  }
{"type": "server", "timestamp": "2022-03-29T21:15:28,565Z", "level": "WARN", "component": "o.e.t.ThreadPool", "cluster.name": "tpotcluster", "node.name": "tpotcluster-node-01", "message": "execution of [ReschedulingRunnable{runnable=org.elasticsearch.monitor.jvm.JvmGcMonitorService$1@62a357b9, interval=1s}] took [43605ms] which is above the warn threshold of [5000ms]", "cluster.uuid": "Qbw2pof0QzSXC1OvK0aFSw", "node.id": "t9hfPgy_RyC9LOJUxQUrSQ"  }
{"type": "server", "timestamp": "2022-03-29T21:15:37,438Z", "level": "WARN", "component": "o.e.t.ThreadPool", "cluster.name": "tpotcluster", "node.name": "tpotcluster-node-01", "message": "timer thread slept for [43.6s/43605117533ns] on relative clock which is above the warn threshold of [5000ms]", "cluster.uuid": "Qbw2pof0QzSXC1OvK0aFSw", "node.id": "t9hfPgy_RyC9LOJUxQUrSQ"  }
{"type": "server", "timestamp": "2022-03-29T21:15:52,863Z", "level": "WARN", "component": "o.e.t.ThreadPool", "cluster.name": "tpotcluster", "node.name": "tpotcluster-node-01", "message": "timer thread slept for [35s/35079ms] on absolute clock which is above the warn threshold of [5000ms]", "cluster.uuid": "Qbw2pof0QzSXC1OvK0aFSw", "node.id": "t9hfPgy_RyC9LOJUxQUrSQ"  }
{"type": "server", "timestamp": "2022-03-29T21:16:06,644Z", "level": "WARN", "component": "o.e.t.ThreadPool", "cluster.name": "tpotcluster", "node.name": "tpotcluster-node-01", "message": "timer thread slept for [35s/35078693897ns] on relative clock which is above the warn threshold of [5000ms]", "cluster.uuid": "Qbw2pof0QzSXC1OvK0aFSw", "node.id": "t9hfPgy_RyC9LOJUxQUrSQ"  }
{"type": "server", "timestamp": "2022-03-29T21:16:19,344Z", "level": "WARN", "component": "o.e.t.ThreadPool", "cluster.name": "tpotcluster", "node.name": "tpotcluster-node-01", "message": "timer thread slept for [26.7s/26792ms] on absolute clock which is above the warn threshold of [5000ms]", "cluster.uuid": "Qbw2pof0QzSXC1OvK0aFSw", "node.id": "t9hfPgy_RyC9LOJUxQUrSQ"  }
{"type": "server", "timestamp": "2022-03-29T21:16:40,238Z", "level": "WARN", "component": "o.e.t.ThreadPool", "cluster.name": "tpotcluster", "node.name": "tpotcluster-node-01", "message": "timer thread slept for [26.7s/26792161958ns] on relative clock which is above the warn threshold of [5000ms]", "cluster.uuid": "Qbw2pof0QzSXC1OvK0aFSw", "node.id": "t9hfPgy_RyC9LOJUxQUrSQ"  }
{"type": "server", "timestamp": "2022-03-29T21:17:01,843Z", "level": "WARN", "component": "o.e.t.ThreadPool", "cluster.name": "tpotcluster", "node.name": "tpotcluster-node-01", "message": "timer thread slept for [42.6s/42616ms] on absolute clock which is above the warn threshold of [5000ms]", "cluster.uuid": "Qbw2pof0QzSXC1OvK0aFSw", "node.id": "t9hfPgy_RyC9LOJUxQUrSQ"  }
{"type": "server", "timestamp": "2022-03-29T21:17:23,214Z", "level": "WARN", "component": "o.e.t.ThreadPool", "cluster.name": "tpotcluster", "node.name": "tpotcluster-node-01", "message": "timer thread slept for [42.6s/42615845209ns] on relative clock which is above the warn threshold of [5000ms]", "cluster.uuid": "Qbw2pof0QzSXC1OvK0aFSw", "node.id": "t9hfPgy_RyC9LOJUxQUrSQ"  }
{"type": "server", "timestamp": "2022-03-29T21:17:01,628Z", "level": "WARN", "component": "o.e.c.InternalClusterInfoService", "cluster.name": "tpotcluster", "node.name": "tpotcluster-node-01", "message": "failed to retrieve shard stats from node [t9hfPgy_RyC9LOJUxQUrSQ]: [tpotcluster-node-01][127.0.0.1:9300][indices:monitor/stats[n]] request_id [31082] timed out after [221653ms]", "cluster.uuid": "Qbw2pof0QzSXC1OvK0aFSw", "node.id": "t9hfPgy_RyC9LOJUxQUrSQ"  }
{"type": "server", "timestamp": "2022-03-29T21:17:43,661Z", "level": "WARN", "component": "o.e.t.ThreadPool", "cluster.name": "tpotcluster", "node.name": "tpotcluster-node-01", "message": "timer thread slept for [41.8s/41816ms] on absolute clock which is above the warn threshold of [5000ms]", "cluster.uuid": "Qbw2pof0QzSXC1OvK0aFSw", "node.id": "t9hfPgy_RyC9LOJUxQUrSQ"  }
{"type": "server", "timestamp": "2022-03-29T21:18:25,280Z", "level": "WARN", "component": "o.e.t.ThreadPool", "cluster.name": "tpotcluster", "node.name": "tpotcluster-node-01", "message": "timer thread slept for [41.8s/41816041060ns] on relative clock which is above the warn threshold of [5000ms]", "cluster.uuid": "Qbw2pof0QzSXC1OvK0aFSw", "node.id": "t9hfPgy_RyC9LOJUxQUrSQ"  }
{"type": "server", "timestamp": "2022-03-29T21:18:48,251Z", "level": "WARN", "component": "o.e.t.ThreadPool", "cluster.name": "tpotcluster", "node.name": "tpotcluster-node-01", "message": "timer thread slept for [1m/64537ms] on absolute clock which is above the warn threshold of [5000ms]", "cluster.uuid": "Qbw2pof0QzSXC1OvK0aFSw", "node.id": "t9hfPgy_RyC9LOJUxQUrSQ"  }
{"type": "server", "timestamp": "2022-03-29T21:18:50,569Z", "level": "WARN", "component": "o.e.t.ThreadPool", "cluster.name": "tpotcluster", "node.name": "tpotcluster-node-01", "message": "execution of [ReschedulingRunnable{runnable=org.elasticsearch.monitor.jvm.JvmGcMonitorService$1@62a357b9, interval=1s}] took [64536ms] which is above the warn threshold of [5000ms]", "cluster.uuid": "Qbw2pof0QzSXC1OvK0aFSw", "node.id": "t9hfPgy_RyC9LOJUxQUrSQ"  }
{"type": "server", "timestamp": "2022-03-29T21:19:06,552Z", "level": "WARN", "component": "o.e.t.ThreadPool", "cluster.name": "tpotcluster", "node.name": "tpotcluster-node-01", "message": "timer thread slept for [1m/64536604650ns] on relative clock which is above the warn threshold of [5000ms]", "cluster.uuid": "Qbw2pof0QzSXC1OvK0aFSw", "node.id": "t9hfPgy_RyC9LOJUxQUrSQ"  }
{"type": "server", "timestamp": "2022-03-29T21:19:39,985Z", "level": "WARN", "component": "o.e.t.ThreadPool", "cluster.name": "tpotcluster", "node.name": "tpotcluster-node-01", "message": "timer thread slept for [49.6s/49601ms] on absolute clock which is above the warn threshold of [5000ms]", "cluster.uuid": "Qbw2pof0QzSXC1OvK0aFSw", "node.id": "t9hfPgy_RyC9LOJUxQUrSQ"  }
{"type": "server", "timestamp": "2022-03-29T21:20:05,218Z", "level": "WARN", "component": "o.e.t.ThreadPool", "cluster.name": "tpotcluster", "node.name": "tpotcluster-node-01", "message": "timer thread slept for [49.6s/49600963285ns] on relative clock which is above the warn threshold of [5000ms]", "cluster.uuid": "Qbw2pof0QzSXC1OvK0aFSw", "node.id": "t9hfPgy_RyC9LOJUxQUrSQ"  }
{"type": "server", "timestamp": "2022-03-29T21:20:24,966Z", "level": "WARN", "component": "o.e.t.ThreadPool", "cluster.name": "tpotcluster", "node.name": "tpotcluster-node-01", "message": "timer thread slept for [47.1s/47193ms] on absolute clock which is above the warn threshold of [5000ms]", "cluster.uuid": "Qbw2pof0QzSXC1OvK0aFSw", "node.id": "t9hfPgy_RyC9LOJUxQUrSQ"  }
{"type": "server", "timestamp": "2022-03-29T21:20:54,705Z", "level": "WARN", "component": "o.e.t.ThreadPool", "cluster.name": "tpotcluster", "node.name": "tpotcluster-node-01", "message": "timer thread slept for [47.1s/47193181818ns] on relative clock which is above the warn threshold of [5000ms]", "cluster.uuid": "Qbw2pof0QzSXC1OvK0aFSw", "node.id": "t9hfPgy_RyC9LOJUxQUrSQ"  }
{"type": "server", "timestamp": "2022-03-29T21:21:04,124Z", "level": "WARN", "component": "o.e.c.s.MasterService", "cluster.name": "tpotcluster", "node.name": "tpotcluster-node-01", "message": "took [14.9s/14968ms] to compute cluster state update for [ilm-set-step-info {policy [.deprecation-indexing-ilm-policy], index [.ds-.logs-deprecation.elasticsearch-default-2022.03.26-000002], currentStep [{\"phase\":\"hot\",\"action\":\"rollover\",\"name\":\"check-rollover-ready\"}]}[org.elasticsearch.xpack.ilm.SetStepInfoUpdateTask@3a1f884b]], which exceeds the warn threshold of [10s]", "cluster.uuid": "Qbw2pof0QzSXC1OvK0aFSw", "node.id": "t9hfPgy_RyC9LOJUxQUrSQ"  }
{"type": "server", "timestamp": "2022-03-29T21:21:22,480Z", "level": "WARN", "component": "o.e.t.ThreadPool", "cluster.name": "tpotcluster", "node.name": "tpotcluster-node-01", "message": "timer thread slept for [57s/57016ms] on absolute clock which is above the warn threshold of [5000ms]", "cluster.uuid": "Qbw2pof0QzSXC1OvK0aFSw", "node.id": "t9hfPgy_RyC9LOJUxQUrSQ"  }
{"type": "server", "timestamp": "2022-03-29T21:21:38,194Z", "level": "WARN", "component": "o.e.t.ThreadPool", "cluster.name": "tpotcluster", "node.name": "tpotcluster-node-01", "message": "timer thread slept for [57s/57016366020ns] on relative clock which is above the warn threshold of [5000ms]", "cluster.uuid": "Qbw2pof0QzSXC1OvK0aFSw", "node.id": "t9hfPgy_RyC9LOJUxQUrSQ"  }
{"type": "server", "timestamp": "2022-03-29T21:21:56,131Z", "level": "WARN", "component": "o.e.t.ThreadPool", "cluster.name": "tpotcluster", "node.name": "tpotcluster-node-01", "message": "timer thread slept for [34.1s/34185ms] on absolute clock which is above the warn threshold of [5000ms]", "cluster.uuid": "Qbw2pof0QzSXC1OvK0aFSw", "node.id": "t9hfPgy_RyC9LOJUxQUrSQ"  }
{"type": "server", "timestamp": "2022-03-29T21:22:14,224Z", "level": "WARN", "component": "o.e.t.ThreadPool", "cluster.name": "tpotcluster", "node.name": "tpotcluster-node-01", "message": "timer thread slept for [34.1s/34185071745ns] on relative clock which is above the warn threshold of [5000ms]", "cluster.uuid": "Qbw2pof0QzSXC1OvK0aFSw", "node.id": "t9hfPgy_RyC9LOJUxQUrSQ"  }
{"type": "server", "timestamp": "2022-03-29T21:22:22,063Z", "level": "WARN", "component": "o.e.m.f.FsHealthService", "cluster.name": "tpotcluster", "node.name": "tpotcluster-node-01", "message": "health check of [/data/elk/data/nodes/0] took [34185ms] which is above the warn threshold of [5s]", "cluster.uuid": "Qbw2pof0QzSXC1OvK0aFSw", "node.id": "t9hfPgy_RyC9LOJUxQUrSQ"  }
{"type": "server", "timestamp": "2022-03-29T21:22:34,617Z", "level": "WARN", "component": "o.e.t.ThreadPool", "cluster.name": "tpotcluster", "node.name": "tpotcluster-node-01", "message": "timer thread slept for [38.1s/38189ms] on absolute clock which is above the warn threshold of [5000ms]", "cluster.uuid": "Qbw2pof0QzSXC1OvK0aFSw", "node.id": "t9hfPgy_RyC9LOJUxQUrSQ"  }
{"type": "server", "timestamp": "2022-03-29T21:23:00,888Z", "level": "WARN", "component": "o.e.t.ThreadPool", "cluster.name": "tpotcluster", "node.name": "tpotcluster-node-01", "message": "timer thread slept for [38.1s/38188380119ns] on relative clock which is above the warn threshold of [5000ms]", "cluster.uuid": "Qbw2pof0QzSXC1OvK0aFSw", "node.id": "t9hfPgy_RyC9LOJUxQUrSQ"  }
{"type": "server", "timestamp": "2022-03-29T21:23:23,770Z", "level": "WARN", "component": "o.e.t.ThreadPool", "cluster.name": "tpotcluster", "node.name": "tpotcluster-node-01", "message": "timer thread slept for [48s/48041ms] on absolute clock which is above the warn threshold of [5000ms]", "cluster.uuid": "Qbw2pof0QzSXC1OvK0aFSw", "node.id": "t9hfPgy_RyC9LOJUxQUrSQ"  }
{"type": "server", "timestamp": "2022-03-29T21:23:41,475Z", "level": "WARN", "component": "o.e.t.ThreadPool", "cluster.name": "tpotcluster", "node.name": "tpotcluster-node-01", "message": "timer thread slept for [48s/48041691703ns] on relative clock which is above the warn threshold of [5000ms]", "cluster.uuid": "Qbw2pof0QzSXC1OvK0aFSw", "node.id": "t9hfPgy_RyC9LOJUxQUrSQ"  }
{"type": "server", "timestamp": "2022-03-29T21:24:02,479Z", "level": "WARN", "component": "o.e.t.ThreadPool", "cluster.name": "tpotcluster", "node.name": "tpotcluster-node-01", "message": "timer thread slept for [40.1s/40189ms] on absolute clock which is above the warn threshold of [5000ms]", "cluster.uuid": "Qbw2pof0QzSXC1OvK0aFSw", "node.id": "t9hfPgy_RyC9LOJUxQUrSQ"  }
{"type": "server", "timestamp": "2022-03-29T21:24:19,172Z", "level": "WARN", "component": "o.e.t.ThreadPool", "cluster.name": "tpotcluster", "node.name": "tpotcluster-node-01", "message": "timer thread slept for [40.1s/40188834664ns] on relative clock which is above the warn threshold of [5000ms]", "cluster.uuid": "Qbw2pof0QzSXC1OvK0aFSw", "node.id": "t9hfPgy_RyC9LOJUxQUrSQ"  }
{"type": "server", "timestamp": "2022-03-29T21:24:41,019Z", "level": "WARN", "component": "o.e.t.ThreadPool", "cluster.name": "tpotcluster", "node.name": "tpotcluster-node-01", "message": "timer thread slept for [38.3s/38347ms] on absolute clock which is above the warn threshold of [5000ms]", "cluster.uuid": "Qbw2pof0QzSXC1OvK0aFSw", "node.id": "t9hfPgy_RyC9LOJUxQUrSQ"  }
{"type": "server", "timestamp": "2022-03-29T21:25:04,788Z", "level": "WARN", "component": "o.e.t.ThreadPool", "cluster.name": "tpotcluster", "node.name": "tpotcluster-node-01", "message": "timer thread slept for [38.3s/38346945190ns] on relative clock which is above the warn threshold of [5000ms]", "cluster.uuid": "Qbw2pof0QzSXC1OvK0aFSw", "node.id": "t9hfPgy_RyC9LOJUxQUrSQ"  }
{"type": "server", "timestamp": "2022-03-29T21:25:24,534Z", "level": "WARN", "component": "o.e.t.ThreadPool", "cluster.name": "tpotcluster", "node.name": "tpotcluster-node-01", "message": "timer thread slept for [43.5s/43547ms] on absolute clock which is above the warn threshold of [5000ms]", "cluster.uuid": "Qbw2pof0QzSXC1OvK0aFSw", "node.id": "t9hfPgy_RyC9LOJUxQUrSQ"  }
{"type": "server", "timestamp": "2022-03-29T21:25:42,210Z", "level": "WARN", "component": "o.e.t.ThreadPool", "cluster.name": "tpotcluster", "node.name": "tpotcluster-node-01", "message": "timer thread slept for [43.5s/43547440727ns] on relative clock which is above the warn threshold of [5000ms]", "cluster.uuid": "Qbw2pof0QzSXC1OvK0aFSw", "node.id": "t9hfPgy_RyC9LOJUxQUrSQ"  }
{"type": "server", "timestamp": "2022-03-29T21:26:02,963Z", "level": "WARN", "component": "o.e.t.ThreadPool", "cluster.name": "tpotcluster", "node.name": "tpotcluster-node-01", "message": "timer thread slept for [38.3s/38376ms] on absolute clock which is above the warn threshold of [5000ms]", "cluster.uuid": "Qbw2pof0QzSXC1OvK0aFSw", "node.id": "t9hfPgy_RyC9LOJUxQUrSQ"  }
{"type": "server", "timestamp": "2022-03-29T21:26:22,736Z", "level": "WARN", "component": "o.e.t.ThreadPool", "cluster.name": "tpotcluster", "node.name": "tpotcluster-node-01", "message": "timer thread slept for [38.3s/38375039126ns] on relative clock which is above the warn threshold of [5000ms]", "cluster.uuid": "Qbw2pof0QzSXC1OvK0aFSw", "node.id": "t9hfPgy_RyC9LOJUxQUrSQ"  }
{"type": "server", "timestamp": "2022-03-29T21:26:42,052Z", "level": "WARN", "component": "o.e.t.ThreadPool", "cluster.name": "tpotcluster", "node.name": "tpotcluster-node-01", "message": "timer thread slept for [39s/39064ms] on absolute clock which is above the warn threshold of [5000ms]", "cluster.uuid": "Qbw2pof0QzSXC1OvK0aFSw", "node.id": "t9hfPgy_RyC9LOJUxQUrSQ"  }
{"type": "server", "timestamp": "2022-03-29T21:27:03,096Z", "level": "WARN", "component": "o.e.t.ThreadPool", "cluster.name": "tpotcluster", "node.name": "tpotcluster-node-01", "message": "timer thread slept for [39s/39064799657ns] on relative clock which is above the warn threshold of [5000ms]", "cluster.uuid": "Qbw2pof0QzSXC1OvK0aFSw", "node.id": "t9hfPgy_RyC9LOJUxQUrSQ"  }
{"type": "server", "timestamp": "2022-03-29T21:27:28,758Z", "level": "WARN", "component": "o.e.t.ThreadPool", "cluster.name": "tpotcluster", "node.name": "tpotcluster-node-01", "message": "timer thread slept for [46.2s/46259ms] on absolute clock which is above the warn threshold of [5000ms]", "cluster.uuid": "Qbw2pof0QzSXC1OvK0aFSw", "node.id": "t9hfPgy_RyC9LOJUxQUrSQ"  }
{"type": "server", "timestamp": "2022-03-29T21:27:48,740Z", "level": "WARN", "component": "o.e.t.ThreadPool", "cluster.name": "tpotcluster", "node.name": "tpotcluster-node-01", "message": "execution of [ReschedulingRunnable{runnable=org.elasticsearch.monitor.jvm.JvmGcMonitorService$1@62a357b9, interval=1s}] took [46258ms] which is above the warn threshold of [5000ms]", "cluster.uuid": "Qbw2pof0QzSXC1OvK0aFSw", "node.id": "t9hfPgy_RyC9LOJUxQUrSQ"  }
{"type": "server", "timestamp": "2022-03-29T21:27:50,782Z", "level": "WARN", "component": "o.e.t.ThreadPool", "cluster.name": "tpotcluster", "node.name": "tpotcluster-node-01", "message": "timer thread slept for [46.2s/46258803131ns] on relative clock which is above the warn threshold of [5000ms]", "cluster.uuid": "Qbw2pof0QzSXC1OvK0aFSw", "node.id": "t9hfPgy_RyC9LOJUxQUrSQ"  }
{"type": "server", "timestamp": "2022-03-29T21:28:22,734Z", "level": "WARN", "component": "o.e.t.ThreadPool", "cluster.name": "tpotcluster", "node.name": "tpotcluster-node-01", "message": "timer thread slept for [54.2s/54211ms] on absolute clock which is above the warn threshold of [5000ms]", "cluster.uuid": "Qbw2pof0QzSXC1OvK0aFSw", "node.id": "t9hfPgy_RyC9LOJUxQUrSQ"  }
{"type": "server", "timestamp": "2022-03-29T21:28:27,530Z", "level": "WARN", "component": "o.e.t.ThreadPool", "cluster.name": "tpotcluster", "node.name": "tpotcluster-node-01", "message": "execution of [ReschedulingRunnable{runnable=org.elasticsearch.watcher.ResourceWatcherService$ResourceMonitor@3f2650d, interval=5s}] took [54210ms] which is above the warn threshold of [5000ms]", "cluster.uuid": "Qbw2pof0QzSXC1OvK0aFSw", "node.id": "t9hfPgy_RyC9LOJUxQUrSQ"  }
{"type": "server", "timestamp": "2022-03-29T21:28:46,634Z", "level": "WARN", "component": "o.e.t.ThreadPool", "cluster.name": "tpotcluster", "node.name": "tpotcluster-node-01", "message": "timer thread slept for [54.2s/54210906589ns] on relative clock which is above the warn threshold of [5000ms]", "cluster.uuid": "Qbw2pof0QzSXC1OvK0aFSw", "node.id": "t9hfPgy_RyC9LOJUxQUrSQ"  }
{"type": "server", "timestamp": "2022-03-29T21:29:14,399Z", "level": "WARN", "component": "o.e.t.ThreadPool", "cluster.name": "tpotcluster", "node.name": "tpotcluster-node-01", "message": "timer thread slept for [52.1s/52155ms] on absolute clock which is above the warn threshold of [5000ms]", "cluster.uuid": "Qbw2pof0QzSXC1OvK0aFSw", "node.id": "t9hfPgy_RyC9LOJUxQUrSQ"  }
{"type": "server", "timestamp": "2022-03-29T21:29:31,406Z", "level": "WARN", "component": "o.e.t.ThreadPool", "cluster.name": "tpotcluster", "node.name": "tpotcluster-node-01", "message": "timer thread slept for [52.1s/52154665988ns] on relative clock which is above the warn threshold of [5000ms]", "cluster.uuid": "Qbw2pof0QzSXC1OvK0aFSw", "node.id": "t9hfPgy_RyC9LOJUxQUrSQ"  }
{"type": "server", "timestamp": "2022-03-29T21:29:57,727Z", "level": "WARN", "component": "o.e.t.ThreadPool", "cluster.name": "tpotcluster", "node.name": "tpotcluster-node-01", "message": "timer thread slept for [42.7s/42707ms] on absolute clock which is above the warn threshold of [5000ms]", "cluster.uuid": "Qbw2pof0QzSXC1OvK0aFSw", "node.id": "t9hfPgy_RyC9LOJUxQUrSQ"  }
{"type": "server", "timestamp": "2022-03-29T21:30:22,964Z", "level": "WARN", "component": "o.e.t.ThreadPool", "cluster.name": "tpotcluster", "node.name": "tpotcluster-node-01", "message": "timer thread slept for [42.7s/42706946605ns] on relative clock which is above the warn threshold of [5000ms]", "cluster.uuid": "Qbw2pof0QzSXC1OvK0aFSw", "node.id": "t9hfPgy_RyC9LOJUxQUrSQ"  }
{"type": "server", "timestamp": "2022-03-29T21:30:52,594Z", "level": "WARN", "component": "o.e.t.ThreadPool", "cluster.name": "tpotcluster", "node.name": "tpotcluster-node-01", "message": "timer thread slept for [54s/54078ms] on absolute clock which is above the warn threshold of [5000ms]", "cluster.uuid": "Qbw2pof0QzSXC1OvK0aFSw", "node.id": "t9hfPgy_RyC9LOJUxQUrSQ"  }
{"type": "server", "timestamp": "2022-03-29T21:31:35,336Z", "level": "WARN", "component": "o.e.t.ThreadPool", "cluster.name": "tpotcluster", "node.name": "tpotcluster-node-01", "message": "timer thread slept for [54s/54078624091ns] on relative clock which is above the warn threshold of [5000ms]", "cluster.uuid": "Qbw2pof0QzSXC1OvK0aFSw", "node.id": "t9hfPgy_RyC9LOJUxQUrSQ"  }
{"type": "server", "timestamp": "2022-03-29T21:32:09,878Z", "level": "WARN", "component": "o.e.t.ThreadPool", "cluster.name": "tpotcluster", "node.name": "tpotcluster-node-01", "message": "timer thread slept for [1.2m/73285ms] on absolute clock which is above the warn threshold of [5000ms]", "cluster.uuid": "Qbw2pof0QzSXC1OvK0aFSw", "node.id": "t9hfPgy_RyC9LOJUxQUrSQ"  }
{"type": "server", "timestamp": "2022-03-29T21:33:10,507Z", "level": "WARN", "component": "o.e.t.ThreadPool", "cluster.name": "tpotcluster", "node.name": "tpotcluster-node-01", "message": "timer thread slept for [1.2m/73284700946ns] on relative clock which is above the warn threshold of [5000ms]", "cluster.uuid": "Qbw2pof0QzSXC1OvK0aFSw", "node.id": "t9hfPgy_RyC9LOJUxQUrSQ"  }
{"type": "server", "timestamp": "2022-03-29T21:34:43,450Z", "level": "WARN", "component": "o.e.t.ThreadPool", "cluster.name": "tpotcluster", "node.name": "tpotcluster-node-01", "message": "timer thread slept for [2.5m/153946ms] on absolute clock which is above the warn threshold of [5000ms]", "cluster.uuid": "Qbw2pof0QzSXC1OvK0aFSw", "node.id": "t9hfPgy_RyC9LOJUxQUrSQ"  }
{"type": "server", "timestamp": "2022-03-29T21:35:55,637Z", "level": "WARN", "component": "o.e.t.ThreadPool", "cluster.name": "tpotcluster", "node.name": "tpotcluster-node-01", "message": "timer thread slept for [2.5m/153859625323ns] on relative clock which is above the warn threshold of [5000ms]", "cluster.uuid": "Qbw2pof0QzSXC1OvK0aFSw", "node.id": "t9hfPgy_RyC9LOJUxQUrSQ"  }
{"type": "server", "timestamp": "2022-03-29T21:38:19,138Z", "level": "WARN", "component": "o.e.t.ThreadPool", "cluster.name": "tpotcluster", "node.name": "tpotcluster-node-01", "message": "timer thread slept for [3m/184429ms] on absolute clock which is above the warn threshold of [5000ms]", "cluster.uuid": "Qbw2pof0QzSXC1OvK0aFSw", "node.id": "t9hfPgy_RyC9LOJUxQUrSQ"  }
{"type": "server", "timestamp": "2022-03-29T21:40:40,224Z", "level": "WARN", "component": "o.e.t.ThreadPool", "cluster.name": "tpotcluster", "node.name": "tpotcluster-node-01", "message": "timer thread slept for [3m/184136232586ns] on relative clock which is above the warn threshold of [5000ms]", "cluster.uuid": "Qbw2pof0QzSXC1OvK0aFSw", "node.id": "t9hfPgy_RyC9LOJUxQUrSQ"  }
{"type": "server", "timestamp": "2022-03-29T21:43:27,153Z", "level": "WARN", "component": "o.e.t.ThreadPool", "cluster.name": "tpotcluster", "node.name": "tpotcluster-node-01", "message": "timer thread slept for [5.7m/343831ms] on absolute clock which is above the warn threshold of [5000ms]", "cluster.uuid": "Qbw2pof0QzSXC1OvK0aFSw", "node.id": "t9hfPgy_RyC9LOJUxQUrSQ"  }
{"type": "server", "timestamp": "2022-03-29T21:47:28,999Z", "level": "WARN", "component": "o.e.t.ThreadPool", "cluster.name": "tpotcluster", "node.name": "tpotcluster-node-01", "message": "timer thread slept for [5.7m/343992365331ns] on relative clock which is above the warn threshold of [5000ms]", "cluster.uuid": "Qbw2pof0QzSXC1OvK0aFSw", "node.id": "t9hfPgy_RyC9LOJUxQUrSQ"  }
{"type": "server", "timestamp": "2022-03-29T21:46:43,044Z", "level": "WARN", "component": "o.e.m.f.FsHealthService", "cluster.name": "tpotcluster", "node.name": "tpotcluster-node-01", "message": "health check of [/data/elk/data/nodes/0] took [343992ms] which is above the warn threshold of [5s]", "cluster.uuid": "Qbw2pof0QzSXC1OvK0aFSw", "node.id": "t9hfPgy_RyC9LOJUxQUrSQ"  }
{"type": "server", "timestamp": "2022-03-29T21:50:24,589Z", "level": "WARN", "component": "o.e.t.ThreadPool", "cluster.name": "tpotcluster", "node.name": "tpotcluster-node-01", "message": "timer thread slept for [6.9m/416863ms] on absolute clock which is above the warn threshold of [5000ms]", "cluster.uuid": "Qbw2pof0QzSXC1OvK0aFSw", "node.id": "t9hfPgy_RyC9LOJUxQUrSQ"  }
{"type": "server", "timestamp": "2022-03-29T21:53:11,102Z", "level": "WARN", "component": "o.e.t.ThreadPool", "cluster.name": "tpotcluster", "node.name": "tpotcluster-node-01", "message": "timer thread slept for [6.9m/416955095862ns] on relative clock which is above the warn threshold of [5000ms]", "cluster.uuid": "Qbw2pof0QzSXC1OvK0aFSw", "node.id": "t9hfPgy_RyC9LOJUxQUrSQ"  }
{"type": "server", "timestamp": "2022-03-29T21:56:05,681Z", "level": "WARN", "component": "o.e.t.ThreadPool", "cluster.name": "tpotcluster", "node.name": "tpotcluster-node-01", "message": "timer thread slept for [5.4m/326899ms] on absolute clock which is above the warn threshold of [5000ms]", "cluster.uuid": "Qbw2pof0QzSXC1OvK0aFSw", "node.id": "t9hfPgy_RyC9LOJUxQUrSQ"  }
{"type": "server", "timestamp": "2022-03-29T21:58:25,723Z", "level": "WARN", "component": "o.e.t.ThreadPool", "cluster.name": "tpotcluster", "node.name": "tpotcluster-node-01", "message": "timer thread slept for [5.4m/326727840142ns] on relative clock which is above the warn threshold of [5000ms]", "cluster.uuid": "Qbw2pof0QzSXC1OvK0aFSw", "node.id": "t9hfPgy_RyC9LOJUxQUrSQ"  }
{"type": "server", "timestamp": "2022-03-29T22:01:55,026Z", "level": "WARN", "component": "o.e.t.ThreadPool", "cluster.name": "tpotcluster", "node.name": "tpotcluster-node-01", "message": "timer thread slept for [6m/363108ms] on absolute clock which is above the warn threshold of [5000ms]", "cluster.uuid": "Qbw2pof0QzSXC1OvK0aFSw", "node.id": "t9hfPgy_RyC9LOJUxQUrSQ"  }
{"type": "server", "timestamp": "2022-03-29T22:04:18,664Z", "level": "WARN", "component": "o.e.t.ThreadPool", "cluster.name": "tpotcluster", "node.name": "tpotcluster-node-01", "message": "timer thread slept for [6m/362918310469ns] on relative clock which is above the warn threshold of [5000ms]", "cluster.uuid": "Qbw2pof0QzSXC1OvK0aFSw", "node.id": "t9hfPgy_RyC9LOJUxQUrSQ"  }
{"type": "server", "timestamp": "2022-03-29T22:06:47,461Z", "level": "WARN", "component": "o.e.t.ThreadPool", "cluster.name": "tpotcluster", "node.name": "tpotcluster-node-01", "message": "timer thread slept for [4.6m/280828ms] on absolute clock which is above the warn threshold of [5000ms]", "cluster.uuid": "Qbw2pof0QzSXC1OvK0aFSw", "node.id": "t9hfPgy_RyC9LOJUxQUrSQ"  }
{"type": "server", "timestamp": "2022-03-29T22:09:22,168Z", "level": "WARN", "component": "o.e.t.ThreadPool", "cluster.name": "tpotcluster", "node.name": "tpotcluster-node-01", "message": "timer thread slept for [4.6m/280934992153ns] on relative clock which is above the warn threshold of [5000ms]", "cluster.uuid": "Qbw2pof0QzSXC1OvK0aFSw", "node.id": "t9hfPgy_RyC9LOJUxQUrSQ"  }
{"type": "server", "timestamp": "2022-03-29T22:11:36,709Z", "level": "WARN", "component": "o.e.t.ThreadPool", "cluster.name": "tpotcluster", "node.name": "tpotcluster-node-01", "message": "timer thread slept for [5m/301555ms] on absolute clock which is above the warn threshold of [5000ms]", "cluster.uuid": "Qbw2pof0QzSXC1OvK0aFSw", "node.id": "t9hfPgy_RyC9LOJUxQUrSQ"  }
{"type": "server", "timestamp": "2022-03-29T22:13:52,285Z", "level": "WARN", "component": "o.e.t.ThreadPool", "cluster.name": "tpotcluster", "node.name": "tpotcluster-node-01", "message": "timer thread slept for [5m/301934749374ns] on relative clock which is above the warn threshold of [5000ms]", "cluster.uuid": "Qbw2pof0QzSXC1OvK0aFSw", "node.id": "t9hfPgy_RyC9LOJUxQUrSQ"  }
{"type": "server", "timestamp": "2022-03-29T22:10:10,620Z", "level": "WARN", "component": "o.e.c.InternalClusterInfoService", "cluster.name": "tpotcluster", "node.name": "tpotcluster-node-01", "message": "failed to retrieve shard stats from node [t9hfPgy_RyC9LOJUxQUrSQ]: [tpotcluster-node-01][127.0.0.1:9300][indices:monitor/stats[n]] request_id [31191] timed out after [958424ms]", "cluster.uuid": "Qbw2pof0QzSXC1OvK0aFSw", "node.id": "t9hfPgy_RyC9LOJUxQUrSQ"  }
{"type": "server", "timestamp": "2022-03-29T22:17:09,309Z", "level": "WARN", "component": "o.e.t.ThreadPool", "cluster.name": "tpotcluster", "node.name": "tpotcluster-node-01", "message": "timer thread slept for [5.5m/331963ms] on absolute clock which is above the warn threshold of [5000ms]", "cluster.uuid": "Qbw2pof0QzSXC1OvK0aFSw", "node.id": "t9hfPgy_RyC9LOJUxQUrSQ"  }
{"type": "server", "timestamp": "2022-03-29T22:19:30,284Z", "level": "WARN", "component": "o.e.t.ThreadPool", "cluster.name": "tpotcluster", "node.name": "tpotcluster-node-01", "message": "timer thread slept for [5.5m/331379063583ns] on relative clock which is above the warn threshold of [5000ms]", "cluster.uuid": "Qbw2pof0QzSXC1OvK0aFSw", "node.id": "t9hfPgy_RyC9LOJUxQUrSQ"  }
{"type": "server", "timestamp": "2022-03-29T22:21:42,612Z", "level": "WARN", "component": "o.e.t.ThreadPool", "cluster.name": "tpotcluster", "node.name": "tpotcluster-node-01", "message": "timer thread slept for [4.5m/273265ms] on absolute clock which is above the warn threshold of [5000ms]", "cluster.uuid": "Qbw2pof0QzSXC1OvK0aFSw", "node.id": "t9hfPgy_RyC9LOJUxQUrSQ"  }
{"type": "server", "timestamp": "2022-03-29T22:23:52,057Z", "level": "WARN", "component": "o.e.t.ThreadPool", "cluster.name": "tpotcluster", "node.name": "tpotcluster-node-01", "message": "timer thread slept for [4.5m/273476276397ns] on relative clock which is above the warn threshold of [5000ms]", "cluster.uuid": "Qbw2pof0QzSXC1OvK0aFSw", "node.id": "t9hfPgy_RyC9LOJUxQUrSQ"  }
{"type": "server", "timestamp": "2022-03-29T22:26:13,096Z", "level": "WARN", "component": "o.e.t.ThreadPool", "cluster.name": "tpotcluster", "node.name": "tpotcluster-node-01", "message": "timer thread slept for [4.5m/270343ms] on absolute clock which is above the warn threshold of [5000ms]", "cluster.uuid": "Qbw2pof0QzSXC1OvK0aFSw", "node.id": "t9hfPgy_RyC9LOJUxQUrSQ"  }
{"type": "server", "timestamp": "2022-03-29T22:29:07,508Z", "level": "WARN", "component": "o.e.t.ThreadPool", "cluster.name": "tpotcluster", "node.name": "tpotcluster-node-01", "message": "timer thread slept for [4.5m/270376194631ns] on relative clock which is above the warn threshold of [5000ms]", "cluster.uuid": "Qbw2pof0QzSXC1OvK0aFSw", "node.id": "t9hfPgy_RyC9LOJUxQUrSQ"  }
{"type": "server", "timestamp": "2022-03-29T22:31:33,520Z", "level": "WARN", "component": "o.e.t.ThreadPool", "cluster.name": "tpotcluster", "node.name": "tpotcluster-node-01", "message": "timer thread slept for [5.3m/320632ms] on absolute clock which is above the warn threshold of [5000ms]", "cluster.uuid": "Qbw2pof0QzSXC1OvK0aFSw", "node.id": "t9hfPgy_RyC9LOJUxQUrSQ"  }
{"type": "server", "timestamp": "2022-03-29T22:33:32,060Z", "level": "WARN", "component": "o.e.t.ThreadPool", "cluster.name": "tpotcluster", "node.name": "tpotcluster-node-01", "message": "timer thread slept for [5.3m/320519591166ns] on relative clock which is above the warn threshold of [5000ms]", "cluster.uuid": "Qbw2pof0QzSXC1OvK0aFSw", "node.id": "t9hfPgy_RyC9LOJUxQUrSQ"  }
{"type": "server", "timestamp": "2022-03-29T22:35:44,062Z", "level": "WARN", "component": "o.e.t.ThreadPool", "cluster.name": "tpotcluster", "node.name": "tpotcluster-node-01", "message": "timer thread slept for [4.1m/250741ms] on absolute clock which is above the warn threshold of [5000ms]", "cluster.uuid": "Qbw2pof0QzSXC1OvK0aFSw", "node.id": "t9hfPgy_RyC9LOJUxQUrSQ"  }
{"type": "server", "timestamp": "2022-03-29T22:38:02,730Z", "level": "WARN", "component": "o.e.t.ThreadPool", "cluster.name": "tpotcluster", "node.name": "tpotcluster-node-01", "message": "timer thread slept for [4.1m/250749403799ns] on relative clock which is above the warn threshold of [5000ms]", "cluster.uuid": "Qbw2pof0QzSXC1OvK0aFSw", "node.id": "t9hfPgy_RyC9LOJUxQUrSQ"  }
{"type": "server", "timestamp": "2022-03-29T22:40:26,622Z", "level": "WARN", "component": "o.e.t.ThreadPool", "cluster.name": "tpotcluster", "node.name": "tpotcluster-node-01", "message": "timer thread slept for [4.7m/282189ms] on absolute clock which is above the warn threshold of [5000ms]", "cluster.uuid": "Qbw2pof0QzSXC1OvK0aFSw", "node.id": "t9hfPgy_RyC9LOJUxQUrSQ"  }
{"type": "server", "timestamp": "2022-03-29T22:42:39,388Z", "level": "WARN", "component": "o.e.t.ThreadPool", "cluster.name": "tpotcluster", "node.name": "tpotcluster-node-01", "message": "timer thread slept for [4.7m/282181201610ns] on relative clock which is above the warn threshold of [5000ms]", "cluster.uuid": "Qbw2pof0QzSXC1OvK0aFSw", "node.id": "t9hfPgy_RyC9LOJUxQUrSQ"  }
{"type": "server", "timestamp": "2022-03-29T22:45:29,773Z", "level": "WARN", "component": "o.e.t.ThreadPool", "cluster.name": "tpotcluster", "node.name": "tpotcluster-node-01", "message": "timer thread slept for [4.5m/273776ms] on absolute clock which is above the warn threshold of [5000ms]", "cluster.uuid": "Qbw2pof0QzSXC1OvK0aFSw", "node.id": "t9hfPgy_RyC9LOJUxQUrSQ"  }
{"type": "server", "timestamp": "2022-03-29T22:46:54,805Z", "level": "WARN", "component": "o.e.t.ThreadPool", "cluster.name": "tpotcluster", "node.name": "tpotcluster-node-01", "message": "execution of [ReschedulingRunnable{runnable=org.elasticsearch.monitor.jvm.JvmGcMonitorService$1@62a357b9, interval=1s}] took [274110ms] which is above the warn threshold of [5000ms]", "cluster.uuid": "Qbw2pof0QzSXC1OvK0aFSw", "node.id": "t9hfPgy_RyC9LOJUxQUrSQ"  }
{"type": "server", "timestamp": "2022-03-29T22:47:59,808Z", "level": "WARN", "component": "o.e.t.ThreadPool", "cluster.name": "tpotcluster", "node.name": "tpotcluster-node-01", "message": "timer thread slept for [4.5m/274110311480ns] on relative clock which is above the warn threshold of [5000ms]", "cluster.uuid": "Qbw2pof0QzSXC1OvK0aFSw", "node.id": "t9hfPgy_RyC9LOJUxQUrSQ"  }
{"type": "server", "timestamp": "2022-03-29T22:50:39,800Z", "level": "WARN", "component": "o.e.t.ThreadPool", "cluster.name": "tpotcluster", "node.name": "tpotcluster-node-01", "message": "timer thread slept for [5.4m/325910ms] on absolute clock which is above the warn threshold of [5000ms]", "cluster.uuid": "Qbw2pof0QzSXC1OvK0aFSw", "node.id": "t9hfPgy_RyC9LOJUxQUrSQ"  }
{"type": "server", "timestamp": "2022-03-29T22:52:43,441Z", "level": "WARN", "component": "o.e.t.TransportService", "cluster.name": "tpotcluster", "node.name": "tpotcluster-node-01", "message": "Received response for a request that has timed out, sent [1.4h/5372682ms] ago, timed out [1.4h/5151029ms] ago, action [indices:monitor/stats[n]], node [{tpotcluster-node-01}{t9hfPgy_RyC9LOJUxQUrSQ}{YXLgQ-tbQ4arHLdAvjQP9A}{127.0.0.1}{127.0.0.1:9300}{cdfhimrstw}{xpack.installed=true, transform.node=true}], id [31082]", "cluster.uuid": "Qbw2pof0QzSXC1OvK0aFSw", "node.id": "t9hfPgy_RyC9LOJUxQUrSQ"  }
{"type": "server", "timestamp": "2022-03-29T22:54:56,259Z", "level": "WARN", "component": "o.e.t.ThreadPool", "cluster.name": "tpotcluster", "node.name": "tpotcluster-node-01", "message": "timer thread slept for [5.4m/325666476623ns] on relative clock which is above the warn threshold of [5000ms]", "cluster.uuid": "Qbw2pof0QzSXC1OvK0aFSw", "node.id": "t9hfPgy_RyC9LOJUxQUrSQ"  }
{"type": "server", "timestamp": "2022-03-29T22:57:18,634Z", "level": "WARN", "component": "o.e.t.ThreadPool", "cluster.name": "tpotcluster", "node.name": "tpotcluster-node-01", "message": "timer thread slept for [6.8m/411695ms] on absolute clock which is above the warn threshold of [5000ms]", "cluster.uuid": "Qbw2pof0QzSXC1OvK0aFSw", "node.id": "t9hfPgy_RyC9LOJUxQUrSQ"  }
{"type": "server", "timestamp": "2022-03-29T23:05:30,150Z", "level": "INFO", "component": "o.e.n.Node", "cluster.name": "tpotcluster", "node.name": "tpotcluster-node-01", "message": "version[7.17.0], pid[1], build[default/tar/bee86328705acaa9a6daede7140defd4d9ec56bd/2022-01-28T08:36:04.875279988Z], OS[Linux/4.19.0-20-cloud-amd64/amd64], JVM[Alpine/OpenJDK 64-Bit Server VM/16.0.2/16.0.2+7-alpine-r1]" }
{"type": "server", "timestamp": "2022-03-29T23:05:30,200Z", "level": "INFO", "component": "o.e.n.Node", "cluster.name": "tpotcluster", "node.name": "tpotcluster-node-01", "message": "JVM home [/usr/lib/jvm/java-16-openjdk], using bundled JDK [false]" }
{"type": "server", "timestamp": "2022-03-29T23:05:30,203Z", "level": "INFO", "component": "o.e.n.Node", "cluster.name": "tpotcluster", "node.name": "tpotcluster-node-01", "message": "JVM arguments [-Xshare:auto, -Des.networkaddress.cache.ttl=60, -Des.networkaddress.cache.negative.ttl=10, -XX:+AlwaysPreTouch, -Xss1m, -Djava.awt.headless=true, -Dfile.encoding=UTF-8, -Djna.nosys=true, -XX:-OmitStackTraceInFastThrow, -XX:+ShowCodeDetailsInExceptionMessages, -Dio.netty.noUnsafe=true, -Dio.netty.noKeySetOptimization=true, -Dio.netty.recycler.maxCapacityPerThread=0, -Dio.netty.allocator.numDirectArenas=0, -Dlog4j.shutdownHookEnabled=false, -Dlog4j2.disable.jmx=true, -Dlog4j2.formatMsgNoLookups=true, -Djava.locale.providers=SPI,COMPAT, --add-opens=java.base/java.io=ALL-UNNAMED, -XX:+UseG1GC, -Djava.io.tmpdir=/tmp, -XX:+HeapDumpOnOutOfMemoryError, -XX:+ExitOnOutOfMemoryError, -XX:HeapDumpPath=data, -XX:ErrorFile=logs/hs_err_pid%p.log, -Xlog:gc*,gc+age=trace,safepoint:file=logs/gc.log:utctime,pid,tags:filecount=32,filesize=64m, -Xms2048m, -Xmx2048m, -XX:MaxDirectMemorySize=1073741824, -XX:G1HeapRegionSize=4m, -XX:InitiatingHeapOccupancyPercent=30, -XX:G1ReservePercent=15, -Des.path.home=/usr/share/elasticsearch, -Des.path.conf=/usr/share/elasticsearch/config, -Des.distribution.flavor=default, -Des.distribution.type=tar, -Des.bundled_jdk=true]" }
{"type": "server", "timestamp": "2022-03-29T23:05:40,387Z", "level": "INFO", "component": "o.e.p.PluginsService", "cluster.name": "tpotcluster", "node.name": "tpotcluster-node-01", "message": "loaded module [aggs-matrix-stats]" }
{"type": "server", "timestamp": "2022-03-29T23:05:40,390Z", "level": "INFO", "component": "o.e.p.PluginsService", "cluster.name": "tpotcluster", "node.name": "tpotcluster-node-01", "message": "loaded module [analysis-common]" }
{"type": "server", "timestamp": "2022-03-29T23:05:40,393Z", "level": "INFO", "component": "o.e.p.PluginsService", "cluster.name": "tpotcluster", "node.name": "tpotcluster-node-01", "message": "loaded module [constant-keyword]" }
{"type": "server", "timestamp": "2022-03-29T23:05:40,394Z", "level": "INFO", "component": "o.e.p.PluginsService", "cluster.name": "tpotcluster", "node.name": "tpotcluster-node-01", "message": "loaded module [frozen-indices]" }
{"type": "server", "timestamp": "2022-03-29T23:05:40,395Z", "level": "INFO", "component": "o.e.p.PluginsService", "cluster.name": "tpotcluster", "node.name": "tpotcluster-node-01", "message": "loaded module [ingest-common]" }
{"type": "server", "timestamp": "2022-03-29T23:05:40,397Z", "level": "INFO", "component": "o.e.p.PluginsService", "cluster.name": "tpotcluster", "node.name": "tpotcluster-node-01", "message": "loaded module [ingest-geoip]" }
{"type": "server", "timestamp": "2022-03-29T23:05:40,398Z", "level": "INFO", "component": "o.e.p.PluginsService", "cluster.name": "tpotcluster", "node.name": "tpotcluster-node-01", "message": "loaded module [ingest-user-agent]" }
{"type": "server", "timestamp": "2022-03-29T23:05:40,399Z", "level": "INFO", "component": "o.e.p.PluginsService", "cluster.name": "tpotcluster", "node.name": "tpotcluster-node-01", "message": "loaded module [kibana]" }
{"type": "server", "timestamp": "2022-03-29T23:05:40,400Z", "level": "INFO", "component": "o.e.p.PluginsService", "cluster.name": "tpotcluster", "node.name": "tpotcluster-node-01", "message": "loaded module [lang-expression]" }
{"type": "server", "timestamp": "2022-03-29T23:05:40,401Z", "level": "INFO", "component": "o.e.p.PluginsService", "cluster.name": "tpotcluster", "node.name": "tpotcluster-node-01", "message": "loaded module [lang-mustache]" }
{"type": "server", "timestamp": "2022-03-29T23:05:40,402Z", "level": "INFO", "component": "o.e.p.PluginsService", "cluster.name": "tpotcluster", "node.name": "tpotcluster-node-01", "message": "loaded module [lang-painless]" }
{"type": "server", "timestamp": "2022-03-29T23:05:40,403Z", "level": "INFO", "component": "o.e.p.PluginsService", "cluster.name": "tpotcluster", "node.name": "tpotcluster-node-01", "message": "loaded module [legacy-geo]" }
{"type": "server", "timestamp": "2022-03-29T23:05:40,404Z", "level": "INFO", "component": "o.e.p.PluginsService", "cluster.name": "tpotcluster", "node.name": "tpotcluster-node-01", "message": "loaded module [mapper-extras]" }
{"type": "server", "timestamp": "2022-03-29T23:05:40,405Z", "level": "INFO", "component": "o.e.p.PluginsService", "cluster.name": "tpotcluster", "node.name": "tpotcluster-node-01", "message": "loaded module [mapper-version]" }
{"type": "server", "timestamp": "2022-03-29T23:05:40,406Z", "level": "INFO", "component": "o.e.p.PluginsService", "cluster.name": "tpotcluster", "node.name": "tpotcluster-node-01", "message": "loaded module [parent-join]" }
{"type": "server", "timestamp": "2022-03-29T23:05:40,407Z", "level": "INFO", "component": "o.e.p.PluginsService", "cluster.name": "tpotcluster", "node.name": "tpotcluster-node-01", "message": "loaded module [percolator]" }
{"type": "server", "timestamp": "2022-03-29T23:05:40,408Z", "level": "INFO", "component": "o.e.p.PluginsService", "cluster.name": "tpotcluster", "node.name": "tpotcluster-node-01", "message": "loaded module [rank-eval]" }
{"type": "server", "timestamp": "2022-03-29T23:05:40,409Z", "level": "INFO", "component": "o.e.p.PluginsService", "cluster.name": "tpotcluster", "node.name": "tpotcluster-node-01", "message": "loaded module [reindex]" }
{"type": "server", "timestamp": "2022-03-29T23:05:40,410Z", "level": "INFO", "component": "o.e.p.PluginsService", "cluster.name": "tpotcluster", "node.name": "tpotcluster-node-01", "message": "loaded module [repositories-metering-api]" }
{"type": "server", "timestamp": "2022-03-29T23:05:40,412Z", "level": "INFO", "component": "o.e.p.PluginsService", "cluster.name": "tpotcluster", "node.name": "tpotcluster-node-01", "message": "loaded module [repository-encrypted]" }
{"type": "server", "timestamp": "2022-03-29T23:05:40,413Z", "level": "INFO", "component": "o.e.p.PluginsService", "cluster.name": "tpotcluster", "node.name": "tpotcluster-node-01", "message": "loaded module [repository-url]" }
{"type": "server", "timestamp": "2022-03-29T23:05:40,414Z", "level": "INFO", "component": "o.e.p.PluginsService", "cluster.name": "tpotcluster", "node.name": "tpotcluster-node-01", "message": "loaded module [runtime-fields-common]" }
{"type": "server", "timestamp": "2022-03-29T23:05:40,415Z", "level": "INFO", "component": "o.e.p.PluginsService", "cluster.name": "tpotcluster", "node.name": "tpotcluster-node-01", "message": "loaded module [search-business-rules]" }
{"type": "server", "timestamp": "2022-03-29T23:05:40,416Z", "level": "INFO", "component": "o.e.p.PluginsService", "cluster.name": "tpotcluster", "node.name": "tpotcluster-node-01", "message": "loaded module [searchable-snapshots]" }
{"type": "server", "timestamp": "2022-03-29T23:05:40,417Z", "level": "INFO", "component": "o.e.p.PluginsService", "cluster.name": "tpotcluster", "node.name": "tpotcluster-node-01", "message": "loaded module [snapshot-repo-test-kit]" }
{"type": "server", "timestamp": "2022-03-29T23:05:40,418Z", "level": "INFO", "component": "o.e.p.PluginsService", "cluster.name": "tpotcluster", "node.name": "tpotcluster-node-01", "message": "loaded module [spatial]" }
{"type": "server", "timestamp": "2022-03-29T23:05:40,419Z", "level": "INFO", "component": "o.e.p.PluginsService", "cluster.name": "tpotcluster", "node.name": "tpotcluster-node-01", "message": "loaded module [transform]" }
{"type": "server", "timestamp": "2022-03-29T23:05:40,420Z", "level": "INFO", "component": "o.e.p.PluginsService", "cluster.name": "tpotcluster", "node.name": "tpotcluster-node-01", "message": "loaded module [transport-netty4]" }
{"type": "server", "timestamp": "2022-03-29T23:05:40,421Z", "level": "INFO", "component": "o.e.p.PluginsService", "cluster.name": "tpotcluster", "node.name": "tpotcluster-node-01", "message": "loaded module [unsigned-long]" }
{"type": "server", "timestamp": "2022-03-29T23:05:40,422Z", "level": "INFO", "component": "o.e.p.PluginsService", "cluster.name": "tpotcluster", "node.name": "tpotcluster-node-01", "message": "loaded module [vector-tile]" }
{"type": "server", "timestamp": "2022-03-29T23:05:40,424Z", "level": "INFO", "component": "o.e.p.PluginsService", "cluster.name": "tpotcluster", "node.name": "tpotcluster-node-01", "message": "loaded module [vectors]" }
{"type": "server", "timestamp": "2022-03-29T23:05:40,425Z", "level": "INFO", "component": "o.e.p.PluginsService", "cluster.name": "tpotcluster", "node.name": "tpotcluster-node-01", "message": "loaded module [wildcard]" }
{"type": "server", "timestamp": "2022-03-29T23:05:40,426Z", "level": "INFO", "component": "o.e.p.PluginsService", "cluster.name": "tpotcluster", "node.name": "tpotcluster-node-01", "message": "loaded module [x-pack-aggregate-metric]" }
{"type": "server", "timestamp": "2022-03-29T23:05:40,427Z", "level": "INFO", "component": "o.e.p.PluginsService", "cluster.name": "tpotcluster", "node.name": "tpotcluster-node-01", "message": "loaded module [x-pack-analytics]" }
{"type": "server", "timestamp": "2022-03-29T23:05:40,428Z", "level": "INFO", "component": "o.e.p.PluginsService", "cluster.name": "tpotcluster", "node.name": "tpotcluster-node-01", "message": "loaded module [x-pack-async]" }
{"type": "server", "timestamp": "2022-03-29T23:05:40,429Z", "level": "INFO", "component": "o.e.p.PluginsService", "cluster.name": "tpotcluster", "node.name": "tpotcluster-node-01", "message": "loaded module [x-pack-async-search]" }
{"type": "server", "timestamp": "2022-03-29T23:05:40,430Z", "level": "INFO", "component": "o.e.p.PluginsService", "cluster.name": "tpotcluster", "node.name": "tpotcluster-node-01", "message": "loaded module [x-pack-autoscaling]" }
{"type": "server", "timestamp": "2022-03-29T23:05:40,431Z", "level": "INFO", "component": "o.e.p.PluginsService", "cluster.name": "tpotcluster", "node.name": "tpotcluster-node-01", "message": "loaded module [x-pack-ccr]" }
{"type": "server", "timestamp": "2022-03-29T23:05:40,432Z", "level": "INFO", "component": "o.e.p.PluginsService", "cluster.name": "tpotcluster", "node.name": "tpotcluster-node-01", "message": "loaded module [x-pack-core]" }
{"type": "server", "timestamp": "2022-03-29T23:05:40,433Z", "level": "INFO", "component": "o.e.p.PluginsService", "cluster.name": "tpotcluster", "node.name": "tpotcluster-node-01", "message": "loaded module [x-pack-data-streams]" }
{"type": "server", "timestamp": "2022-03-29T23:05:40,434Z", "level": "INFO", "component": "o.e.p.PluginsService", "cluster.name": "tpotcluster", "node.name": "tpotcluster-node-01", "message": "loaded module [x-pack-deprecation]" }
{"type": "server", "timestamp": "2022-03-29T23:05:40,435Z", "level": "INFO", "component": "o.e.p.PluginsService", "cluster.name": "tpotcluster", "node.name": "tpotcluster-node-01", "message": "loaded module [x-pack-enrich]" }
{"type": "server", "timestamp": "2022-03-29T23:05:40,436Z", "level": "INFO", "component": "o.e.p.PluginsService", "cluster.name": "tpotcluster", "node.name": "tpotcluster-node-01", "message": "loaded module [x-pack-eql]" }
{"type": "server", "timestamp": "2022-03-29T23:05:40,436Z", "level": "INFO", "component": "o.e.p.PluginsService", "cluster.name": "tpotcluster", "node.name": "tpotcluster-node-01", "message": "loaded module [x-pack-fleet]" }
{"type": "server", "timestamp": "2022-03-29T23:05:40,437Z", "level": "INFO", "component": "o.e.p.PluginsService", "cluster.name": "tpotcluster", "node.name": "tpotcluster-node-01", "message": "loaded module [x-pack-graph]" }
{"type": "server", "timestamp": "2022-03-29T23:05:40,438Z", "level": "INFO", "component": "o.e.p.PluginsService", "cluster.name": "tpotcluster", "node.name": "tpotcluster-node-01", "message": "loaded module [x-pack-identity-provider]" }
{"type": "server", "timestamp": "2022-03-29T23:05:40,439Z", "level": "INFO", "component": "o.e.p.PluginsService", "cluster.name": "tpotcluster", "node.name": "tpotcluster-node-01", "message": "loaded module [x-pack-ilm]" }
{"type": "server", "timestamp": "2022-03-29T23:05:40,440Z", "level": "INFO", "component": "o.e.p.PluginsService", "cluster.name": "tpotcluster", "node.name": "tpotcluster-node-01", "message": "loaded module [x-pack-logstash]" }
{"type": "server", "timestamp": "2022-03-29T23:05:40,441Z", "level": "INFO", "component": "o.e.p.PluginsService", "cluster.name": "tpotcluster", "node.name": "tpotcluster-node-01", "message": "loaded module [x-pack-monitoring]" }
{"type": "server", "timestamp": "2022-03-29T23:05:40,442Z", "level": "INFO", "component": "o.e.p.PluginsService", "cluster.name": "tpotcluster", "node.name": "tpotcluster-node-01", "message": "loaded module [x-pack-ql]" }
{"type": "server", "timestamp": "2022-03-29T23:05:40,443Z", "level": "INFO", "component": "o.e.p.PluginsService", "cluster.name": "tpotcluster", "node.name": "tpotcluster-node-01", "message": "loaded module [x-pack-rollup]" }
{"type": "server", "timestamp": "2022-03-29T23:05:40,444Z", "level": "INFO", "component": "o.e.p.PluginsService", "cluster.name": "tpotcluster", "node.name": "tpotcluster-node-01", "message": "loaded module [x-pack-security]" }
{"type": "server", "timestamp": "2022-03-29T23:05:40,445Z", "level": "INFO", "component": "o.e.p.PluginsService", "cluster.name": "tpotcluster", "node.name": "tpotcluster-node-01", "message": "loaded module [x-pack-shutdown]" }
{"type": "server", "timestamp": "2022-03-29T23:05:40,446Z", "level": "INFO", "component": "o.e.p.PluginsService", "cluster.name": "tpotcluster", "node.name": "tpotcluster-node-01", "message": "loaded module [x-pack-sql]" }
{"type": "server", "timestamp": "2022-03-29T23:05:40,447Z", "level": "INFO", "component": "o.e.p.PluginsService", "cluster.name": "tpotcluster", "node.name": "tpotcluster-node-01", "message": "loaded module [x-pack-stack]" }
{"type": "server", "timestamp": "2022-03-29T23:05:40,448Z", "level": "INFO", "component": "o.e.p.PluginsService", "cluster.name": "tpotcluster", "node.name": "tpotcluster-node-01", "message": "loaded module [x-pack-text-structure]" }
{"type": "server", "timestamp": "2022-03-29T23:05:40,449Z", "level": "INFO", "component": "o.e.p.PluginsService", "cluster.name": "tpotcluster", "node.name": "tpotcluster-node-01", "message": "loaded module [x-pack-voting-only-node]" }
{"type": "server", "timestamp": "2022-03-29T23:05:40,449Z", "level": "INFO", "component": "o.e.p.PluginsService", "cluster.name": "tpotcluster", "node.name": "tpotcluster-node-01", "message": "loaded module [x-pack-watcher]" }
{"type": "server", "timestamp": "2022-03-29T23:05:40,451Z", "level": "INFO", "component": "o.e.p.PluginsService", "cluster.name": "tpotcluster", "node.name": "tpotcluster-node-01", "message": "no plugins loaded" }
{"type": "server", "timestamp": "2022-03-29T23:05:40,548Z", "level": "INFO", "component": "o.e.e.NodeEnvironment", "cluster.name": "tpotcluster", "node.name": "tpotcluster-node-01", "message": "using [1] data paths, mounts [[/data (/dev/sda1)]], net usable_space [103.3gb], net total_space [125.8gb], types [ext4]" }
{"type": "server", "timestamp": "2022-03-29T23:05:40,550Z", "level": "INFO", "component": "o.e.e.NodeEnvironment", "cluster.name": "tpotcluster", "node.name": "tpotcluster-node-01", "message": "heap size [2gb], compressed ordinary object pointers [true]" }
{"type": "server", "timestamp": "2022-03-29T23:05:40,942Z", "level": "INFO", "component": "o.e.n.Node", "cluster.name": "tpotcluster", "node.name": "tpotcluster-node-01", "message": "node name [tpotcluster-node-01], node ID [t9hfPgy_RyC9LOJUxQUrSQ], cluster name [tpotcluster], roles [transform, data_frozen, master, remote_cluster_client, data, data_content, data_hot, data_warm, data_cold, ingest]" }
{"type": "server", "timestamp": "2022-03-29T23:05:53,526Z", "level": "INFO", "component": "o.e.i.g.ConfigDatabases", "cluster.name": "tpotcluster", "node.name": "tpotcluster-node-01", "message": "initialized default databases [[GeoLite2-Country.mmdb, GeoLite2-City.mmdb, GeoLite2-ASN.mmdb]], config databases [[]] and watching [/usr/share/elasticsearch/config/ingest-geoip] for changes" }
{"type": "server", "timestamp": "2022-03-29T23:05:53,536Z", "level": "INFO", "component": "o.e.i.g.DatabaseNodeService", "cluster.name": "tpotcluster", "node.name": "tpotcluster-node-01", "message": "deleting stale file [/tmp/geoip-databases/t9hfPgy_RyC9LOJUxQUrSQ/GeoLite2-City.mmdb_LICENSE.txt]" }
{"type": "server", "timestamp": "2022-03-29T23:05:53,539Z", "level": "INFO", "component": "o.e.i.g.DatabaseNodeService", "cluster.name": "tpotcluster", "node.name": "tpotcluster-node-01", "message": "deleting stale file [/tmp/geoip-databases/t9hfPgy_RyC9LOJUxQUrSQ/GeoLite2-City.mmdb]" }
{"type": "server", "timestamp": "2022-03-29T23:05:53,545Z", "level": "INFO", "component": "o.e.i.g.DatabaseNodeService", "cluster.name": "tpotcluster", "node.name": "tpotcluster-node-01", "message": "deleting stale file [/tmp/geoip-databases/t9hfPgy_RyC9LOJUxQUrSQ/GeoLite2-Country.mmdb_LICENSE.txt]" }
{"type": "server", "timestamp": "2022-03-29T23:05:53,558Z", "level": "INFO", "component": "o.e.i.g.DatabaseNodeService", "cluster.name": "tpotcluster", "node.name": "tpotcluster-node-01", "message": "deleting stale file [/tmp/geoip-databases/t9hfPgy_RyC9LOJUxQUrSQ/GeoLite2-Country.mmdb_elastic-geoip-database-service-agreement-LICENSE.txt]" }
{"type": "server", "timestamp": "2022-03-29T23:05:53,564Z", "level": "INFO", "component": "o.e.i.g.DatabaseNodeService", "cluster.name": "tpotcluster", "node.name": "tpotcluster-node-01", "message": "deleting stale file [/tmp/geoip-databases/t9hfPgy_RyC9LOJUxQUrSQ/GeoLite2-ASN.mmdb_COPYRIGHT.txt]" }
{"type": "server", "timestamp": "2022-03-29T23:05:53,573Z", "level": "INFO", "component": "o.e.i.g.DatabaseNodeService", "cluster.name": "tpotcluster", "node.name": "tpotcluster-node-01", "message": "deleting stale file [/tmp/geoip-databases/t9hfPgy_RyC9LOJUxQUrSQ/GeoLite2-City.mmdb_COPYRIGHT.txt]" }
{"type": "server", "timestamp": "2022-03-29T23:05:53,574Z", "level": "INFO", "component": "o.e.i.g.DatabaseNodeService", "cluster.name": "tpotcluster", "node.name": "tpotcluster-node-01", "message": "deleting stale file [/tmp/geoip-databases/t9hfPgy_RyC9LOJUxQUrSQ/GeoLite2-ASN.mmdb_elastic-geoip-database-service-agreement-LICENSE.txt]" }
{"type": "server", "timestamp": "2022-03-29T23:05:53,575Z", "level": "INFO", "component": "o.e.i.g.DatabaseNodeService", "cluster.name": "tpotcluster", "node.name": "tpotcluster-node-01", "message": "deleting stale file [/tmp/geoip-databases/t9hfPgy_RyC9LOJUxQUrSQ/GeoLite2-City.mmdb_README.txt]" }
{"type": "server", "timestamp": "2022-03-29T23:05:53,576Z", "level": "INFO", "component": "o.e.i.g.DatabaseNodeService", "cluster.name": "tpotcluster", "node.name": "tpotcluster-node-01", "message": "deleting stale file [/tmp/geoip-databases/t9hfPgy_RyC9LOJUxQUrSQ/GeoLite2-Country.mmdb_COPYRIGHT.txt]" }
{"type": "server", "timestamp": "2022-03-29T23:05:53,576Z", "level": "INFO", "component": "o.e.i.g.DatabaseNodeService", "cluster.name": "tpotcluster", "node.name": "tpotcluster-node-01", "message": "deleting stale file [/tmp/geoip-databases/t9hfPgy_RyC9LOJUxQUrSQ/GeoLite2-ASN.mmdb_LICENSE.txt]" }
{"type": "server", "timestamp": "2022-03-29T23:05:53,577Z", "level": "INFO", "component": "o.e.i.g.DatabaseNodeService", "cluster.name": "tpotcluster", "node.name": "tpotcluster-node-01", "message": "deleting stale file [/tmp/geoip-databases/t9hfPgy_RyC9LOJUxQUrSQ/GeoLite2-Country.mmdb]" }
{"type": "server", "timestamp": "2022-03-29T23:05:53,580Z", "level": "INFO", "component": "o.e.i.g.DatabaseNodeService", "cluster.name": "tpotcluster", "node.name": "tpotcluster-node-01", "message": "deleting stale file [/tmp/geoip-databases/t9hfPgy_RyC9LOJUxQUrSQ/GeoLite2-ASN.mmdb]" }
{"type": "server", "timestamp": "2022-03-29T23:05:53,581Z", "level": "INFO", "component": "o.e.i.g.DatabaseNodeService", "cluster.name": "tpotcluster", "node.name": "tpotcluster-node-01", "message": "deleting stale file [/tmp/geoip-databases/t9hfPgy_RyC9LOJUxQUrSQ/GeoLite2-City.mmdb_elastic-geoip-database-service-agreement-LICENSE.txt]" }
{"type": "server", "timestamp": "2022-03-29T23:05:53,583Z", "level": "INFO", "component": "o.e.i.g.DatabaseNodeService", "cluster.name": "tpotcluster", "node.name": "tpotcluster-node-01", "message": "initialized database registry, using geoip-databases directory [/tmp/geoip-databases/t9hfPgy_RyC9LOJUxQUrSQ]" }
{"type": "server", "timestamp": "2022-03-29T23:05:54,881Z", "level": "INFO", "component": "o.e.t.NettyAllocator", "cluster.name": "tpotcluster", "node.name": "tpotcluster-node-01", "message": "creating NettyAllocator with the following configs: [name=elasticsearch_configured, chunk_size=1mb, suggested_max_allocation_size=1mb, factors={es.unsafe.use_netty_default_chunk_and_page_size=false, g1gc_enabled=true, g1gc_region_size=4mb}]" }
{"type": "server", "timestamp": "2022-03-29T23:05:55,042Z", "level": "INFO", "component": "o.e.d.DiscoveryModule", "cluster.name": "tpotcluster", "node.name": "tpotcluster-node-01", "message": "using discovery type [single-node] and seed hosts providers [settings]" }
{"type": "server", "timestamp": "2022-03-29T23:05:56,150Z", "level": "INFO", "component": "o.e.g.DanglingIndicesState", "cluster.name": "tpotcluster", "node.name": "tpotcluster-node-01", "message": "gateway.auto_import_dangling_indices is disabled, dangling indices will not be automatically detected or imported and must be managed manually" }
{"type": "server", "timestamp": "2022-03-29T23:05:57,161Z", "level": "INFO", "component": "o.e.n.Node", "cluster.name": "tpotcluster", "node.name": "tpotcluster-node-01", "message": "initialized" }
{"type": "server", "timestamp": "2022-03-29T23:05:57,163Z", "level": "INFO", "component": "o.e.n.Node", "cluster.name": "tpotcluster", "node.name": "tpotcluster-node-01", "message": "starting ..." }
{"type": "server", "timestamp": "2022-03-29T23:05:57,285Z", "level": "INFO", "component": "o.e.x.s.c.f.PersistentCache", "cluster.name": "tpotcluster", "node.name": "tpotcluster-node-01", "message": "persistent cache index loaded" }
{"type": "server", "timestamp": "2022-03-29T23:05:57,291Z", "level": "INFO", "component": "o.e.x.d.l.DeprecationIndexingComponent", "cluster.name": "tpotcluster", "node.name": "tpotcluster-node-01", "message": "deprecation component started" }
{"type": "server", "timestamp": "2022-03-29T23:05:57,591Z", "level": "INFO", "component": "o.e.t.TransportService", "cluster.name": "tpotcluster", "node.name": "tpotcluster-node-01", "message": "publish_address {127.0.0.1:9300}, bound_addresses {127.0.0.1:9300}" }
{"type": "server", "timestamp": "2022-03-29T23:06:02,320Z", "level": "INFO", "component": "o.e.c.c.Coordinator", "cluster.name": "tpotcluster", "node.name": "tpotcluster-node-01", "message": "cluster UUID [Qbw2pof0QzSXC1OvK0aFSw]" }
{"type": "server", "timestamp": "2022-03-29T23:06:02,463Z", "level": "INFO", "component": "o.e.c.s.MasterService", "cluster.name": "tpotcluster", "node.name": "tpotcluster-node-01", "message": "elected-as-master ([1] nodes joined)[{tpotcluster-node-01}{t9hfPgy_RyC9LOJUxQUrSQ}{8g0PWzQfTHOEm6Vp4jQRHQ}{127.0.0.1}{127.0.0.1:9300}{cdfhimrstw} elect leader, _BECOME_MASTER_TASK_, _FINISH_ELECTION_], term: 155, version: 4468, delta: master node changed {previous [], current [{tpotcluster-node-01}{t9hfPgy_RyC9LOJUxQUrSQ}{8g0PWzQfTHOEm6Vp4jQRHQ}{127.0.0.1}{127.0.0.1:9300}{cdfhimrstw}]}" }
{"type": "server", "timestamp": "2022-03-29T23:06:02,696Z", "level": "INFO", "component": "o.e.c.s.ClusterApplierService", "cluster.name": "tpotcluster", "node.name": "tpotcluster-node-01", "message": "master node changed {previous [], current [{tpotcluster-node-01}{t9hfPgy_RyC9LOJUxQUrSQ}{8g0PWzQfTHOEm6Vp4jQRHQ}{127.0.0.1}{127.0.0.1:9300}{cdfhimrstw}]}, term: 155, version: 4468, reason: Publication{term=155, version=4468}" }
{"type": "server", "timestamp": "2022-03-29T23:06:02,829Z", "level": "INFO", "component": "o.e.h.AbstractHttpServerTransport", "cluster.name": "tpotcluster", "node.name": "tpotcluster-node-01", "message": "publish_address {192.168.48.2:9200}, bound_addresses {0.0.0.0:9200}", "cluster.uuid": "Qbw2pof0QzSXC1OvK0aFSw", "node.id": "t9hfPgy_RyC9LOJUxQUrSQ"  }
{"type": "server", "timestamp": "2022-03-29T23:06:02,832Z", "level": "INFO", "component": "o.e.n.Node", "cluster.name": "tpotcluster", "node.name": "tpotcluster-node-01", "message": "started", "cluster.uuid": "Qbw2pof0QzSXC1OvK0aFSw", "node.id": "t9hfPgy_RyC9LOJUxQUrSQ"  }
{"type": "server", "timestamp": "2022-03-29T23:06:04,975Z", "level": "INFO", "component": "o.e.l.LicenseService", "cluster.name": "tpotcluster", "node.name": "tpotcluster-node-01", "message": "license [06f03395-4097-4495-8e63-b3dc92f4de14] mode [basic] - valid", "cluster.uuid": "Qbw2pof0QzSXC1OvK0aFSw", "node.id": "t9hfPgy_RyC9LOJUxQUrSQ"  }
{"type": "server", "timestamp": "2022-03-29T23:06:04,998Z", "level": "INFO", "component": "o.e.g.GatewayService", "cluster.name": "tpotcluster", "node.name": "tpotcluster-node-01", "message": "recovered [32] indices into cluster_state", "cluster.uuid": "Qbw2pof0QzSXC1OvK0aFSw", "node.id": "t9hfPgy_RyC9LOJUxQUrSQ"  }
{"type": "server", "timestamp": "2022-03-29T23:06:07,892Z", "level": "INFO", "component": "o.e.i.g.GeoIpDownloader", "cluster.name": "tpotcluster", "node.name": "tpotcluster-node-01", "message": "updating geoip databases", "cluster.uuid": "Qbw2pof0QzSXC1OvK0aFSw", "node.id": "t9hfPgy_RyC9LOJUxQUrSQ"  }
{"type": "server", "timestamp": "2022-03-29T23:06:07,898Z", "level": "INFO", "component": "o.e.i.g.GeoIpDownloader", "cluster.name": "tpotcluster", "node.name": "tpotcluster-node-01", "message": "fetching geoip databases overview from [https://geoip.elastic.co/v1/database?elastic_geoip_service_tos=agree]", "cluster.uuid": "Qbw2pof0QzSXC1OvK0aFSw", "node.id": "t9hfPgy_RyC9LOJUxQUrSQ"  }
{"type": "server", "timestamp": "2022-03-29T23:07:29,248Z", "level": "WARN", "component": "o.e.t.ThreadPool", "cluster.name": "tpotcluster", "node.name": "tpotcluster-node-01", "message": "execution of [ReschedulingRunnable{runnable=org.elasticsearch.watcher.ResourceWatcherService$ResourceMonitor@6231b6ab, interval=5s}] took [10431ms] which is above the warn threshold of [5000ms]", "cluster.uuid": "Qbw2pof0QzSXC1OvK0aFSw", "node.id": "t9hfPgy_RyC9LOJUxQUrSQ"  }
{"type": "server", "timestamp": "2022-03-29T23:08:11,433Z", "level": "WARN", "component": "o.e.t.ThreadPool", "cluster.name": "tpotcluster", "node.name": "tpotcluster-node-01", "message": "timer thread slept for [24.5s/24550ms] on absolute clock which is above the warn threshold of [5000ms]", "cluster.uuid": "Qbw2pof0QzSXC1OvK0aFSw", "node.id": "t9hfPgy_RyC9LOJUxQUrSQ"  }
{"type": "server", "timestamp": "2022-03-29T23:12:02,708Z", "level": "WARN", "component": "o.e.t.ThreadPool", "cluster.name": "tpotcluster", "node.name": "tpotcluster-node-01", "message": "timer thread slept for [24.5s/24550550801ns] on relative clock which is above the warn threshold of [5000ms]", "cluster.uuid": "Qbw2pof0QzSXC1OvK0aFSw", "node.id": "t9hfPgy_RyC9LOJUxQUrSQ"  }
{"type": "server", "timestamp": "2022-03-29T23:12:30,230Z", "level": "WARN", "component": "o.e.t.ThreadPool", "cluster.name": "tpotcluster", "node.name": "tpotcluster-node-01", "message": "timer thread slept for [5.1m/309274ms] on absolute clock which is above the warn threshold of [5000ms]", "cluster.uuid": "Qbw2pof0QzSXC1OvK0aFSw", "node.id": "t9hfPgy_RyC9LOJUxQUrSQ"  }
{"type": "server", "timestamp": "2022-03-29T23:12:50,862Z", "level": "WARN", "component": "o.e.t.ThreadPool", "cluster.name": "tpotcluster", "node.name": "tpotcluster-node-01", "message": "timer thread slept for [5.1m/309273729605ns] on relative clock which is above the warn threshold of [5000ms]", "cluster.uuid": "Qbw2pof0QzSXC1OvK0aFSw", "node.id": "t9hfPgy_RyC9LOJUxQUrSQ"  }
{"type": "server", "timestamp": "2022-03-29T23:13:05,770Z", "level": "WARN", "component": "o.e.t.ThreadPool", "cluster.name": "tpotcluster", "node.name": "tpotcluster-node-01", "message": "execution of [ReschedulingRunnable{runnable=org.elasticsearch.monitor.jvm.JvmGcMonitorService$1@6d2b9767, interval=1s}] took [309273ms] which is above the warn threshold of [5000ms]", "cluster.uuid": "Qbw2pof0QzSXC1OvK0aFSw", "node.id": "t9hfPgy_RyC9LOJUxQUrSQ"  }
{"type": "server", "timestamp": "2022-03-29T23:13:20,094Z", "level": "WARN", "component": "o.e.t.ThreadPool", "cluster.name": "tpotcluster", "node.name": "tpotcluster-node-01", "message": "timer thread slept for [49.7s/49784ms] on absolute clock which is above the warn threshold of [5000ms]", "cluster.uuid": "Qbw2pof0QzSXC1OvK0aFSw", "node.id": "t9hfPgy_RyC9LOJUxQUrSQ"  }
{"type": "server", "timestamp": "2022-03-29T23:13:39,005Z", "level": "WARN", "component": "o.e.t.ThreadPool", "cluster.name": "tpotcluster", "node.name": "tpotcluster-node-01", "message": "timer thread slept for [49.7s/49784398526ns] on relative clock which is above the warn threshold of [5000ms]", "cluster.uuid": "Qbw2pof0QzSXC1OvK0aFSw", "node.id": "t9hfPgy_RyC9LOJUxQUrSQ"  }
{"type": "server", "timestamp": "2022-03-29T23:14:49,254Z", "level": "WARN", "component": "o.e.t.ThreadPool", "cluster.name": "tpotcluster", "node.name": "tpotcluster-node-01", "message": "timer thread slept for [1.4m/86657ms] on absolute clock which is above the warn threshold of [5000ms]", "cluster.uuid": "Qbw2pof0QzSXC1OvK0aFSw", "node.id": "t9hfPgy_RyC9LOJUxQUrSQ"  }
{"type": "server", "timestamp": "2022-03-29T23:15:38,159Z", "level": "WARN", "component": "o.e.t.ThreadPool", "cluster.name": "tpotcluster", "node.name": "tpotcluster-node-01", "message": "timer thread slept for [1.4m/86656327003ns] on relative clock which is above the warn threshold of [5000ms]", "cluster.uuid": "Qbw2pof0QzSXC1OvK0aFSw", "node.id": "t9hfPgy_RyC9LOJUxQUrSQ"  }
{"type": "server", "timestamp": "2022-03-29T23:16:03,254Z", "level": "WARN", "component": "o.e.t.ThreadPool", "cluster.name": "tpotcluster", "node.name": "tpotcluster-node-01", "message": "timer thread slept for [1.2m/77075ms] on absolute clock which is above the warn threshold of [5000ms]", "cluster.uuid": "Qbw2pof0QzSXC1OvK0aFSw", "node.id": "t9hfPgy_RyC9LOJUxQUrSQ"  }
{"type": "server", "timestamp": "2022-03-29T23:16:21,572Z", "level": "WARN", "component": "o.e.t.ThreadPool", "cluster.name": "tpotcluster", "node.name": "tpotcluster-node-01", "message": "timer thread slept for [1.2m/77075796176ns] on relative clock which is above the warn threshold of [5000ms]", "cluster.uuid": "Qbw2pof0QzSXC1OvK0aFSw", "node.id": "t9hfPgy_RyC9LOJUxQUrSQ"  }
{"type": "server", "timestamp": "2022-03-29T23:26:34,669Z", "level": "WARN", "component": "o.e.t.ThreadPool", "cluster.name": "tpotcluster", "node.name": "tpotcluster-node-01", "message": "timer thread slept for [10.5m/632196ms] on absolute clock which is above the warn threshold of [5000ms]", "cluster.uuid": "Qbw2pof0QzSXC1OvK0aFSw", "node.id": "t9hfPgy_RyC9LOJUxQUrSQ"  }
{"type": "server", "timestamp": "2022-03-29T23:26:44,402Z", "level": "WARN", "component": "o.e.t.ThreadPool", "cluster.name": "tpotcluster", "node.name": "tpotcluster-node-01", "message": "timer thread slept for [10.5m/632195607215ns] on relative clock which is above the warn threshold of [5000ms]", "cluster.uuid": "Qbw2pof0QzSXC1OvK0aFSw", "node.id": "t9hfPgy_RyC9LOJUxQUrSQ"  }
{"type": "server", "timestamp": "2022-03-29T23:26:45,581Z", "level": "WARN", "component": "o.e.t.ThreadPool", "cluster.name": "tpotcluster", "node.name": "tpotcluster-node-01", "message": "execution of [ReschedulingRunnable{runnable=org.elasticsearch.indices.IndexingMemoryController$ShardsIndicesStatusChecker@edd1edc, interval=5s}] took [795927ms] which is above the warn threshold of [5000ms]", "cluster.uuid": "Qbw2pof0QzSXC1OvK0aFSw", "node.id": "t9hfPgy_RyC9LOJUxQUrSQ"  }
{"type": "server", "timestamp": "2022-03-29T23:26:55,170Z", "level": "WARN", "component": "o.e.t.ThreadPool", "cluster.name": "tpotcluster", "node.name": "tpotcluster-node-01", "message": "timer thread slept for [21.4s/21479ms] on absolute clock which is above the warn threshold of [5000ms]", "cluster.uuid": "Qbw2pof0QzSXC1OvK0aFSw", "node.id": "t9hfPgy_RyC9LOJUxQUrSQ"  }
{"type": "server", "timestamp": "2022-03-29T23:27:05,609Z", "level": "WARN", "component": "o.e.t.ThreadPool", "cluster.name": "tpotcluster", "node.name": "tpotcluster-node-01", "message": "timer thread slept for [21.4s/21478807048ns] on relative clock which is above the warn threshold of [5000ms]", "cluster.uuid": "Qbw2pof0QzSXC1OvK0aFSw", "node.id": "t9hfPgy_RyC9LOJUxQUrSQ"  }
{"type": "server", "timestamp": "2022-03-29T23:27:17,576Z", "level": "WARN", "component": "o.e.t.ThreadPool", "cluster.name": "tpotcluster", "node.name": "tpotcluster-node-01", "message": "timer thread slept for [21.6s/21643ms] on absolute clock which is above the warn threshold of [5000ms]", "cluster.uuid": "Qbw2pof0QzSXC1OvK0aFSw", "node.id": "t9hfPgy_RyC9LOJUxQUrSQ"  }
{"type": "server", "timestamp": "2022-03-29T23:27:50,506Z", "level": "WARN", "component": "o.e.t.ThreadPool", "cluster.name": "tpotcluster", "node.name": "tpotcluster-node-01", "message": "timer thread slept for [21.6s/21643021308ns] on relative clock which is above the warn threshold of [5000ms]", "cluster.uuid": "Qbw2pof0QzSXC1OvK0aFSw", "node.id": "t9hfPgy_RyC9LOJUxQUrSQ"  }
{"type": "server", "timestamp": "2022-03-29T23:28:02,123Z", "level": "WARN", "component": "o.e.t.ThreadPool", "cluster.name": "tpotcluster", "node.name": "tpotcluster-node-01", "message": "timer thread slept for [45.2s/45224ms] on absolute clock which is above the warn threshold of [5000ms]", "cluster.uuid": "Qbw2pof0QzSXC1OvK0aFSw", "node.id": "t9hfPgy_RyC9LOJUxQUrSQ"  }
{"type": "server", "timestamp": "2022-03-29T23:28:12,496Z", "level": "WARN", "component": "o.e.t.ThreadPool", "cluster.name": "tpotcluster", "node.name": "tpotcluster-node-01", "message": "timer thread slept for [45.2s/45223853992ns] on relative clock which is above the warn threshold of [5000ms]", "cluster.uuid": "Qbw2pof0QzSXC1OvK0aFSw", "node.id": "t9hfPgy_RyC9LOJUxQUrSQ"  }
{"type": "server", "timestamp": "2022-03-29T23:28:26,127Z", "level": "WARN", "component": "o.e.t.ThreadPool", "cluster.name": "tpotcluster", "node.name": "tpotcluster-node-01", "message": "timer thread slept for [23.6s/23654ms] on absolute clock which is above the warn threshold of [5000ms]", "cluster.uuid": "Qbw2pof0QzSXC1OvK0aFSw", "node.id": "t9hfPgy_RyC9LOJUxQUrSQ"  }
{"type": "server", "timestamp": "2022-03-29T23:28:37,539Z", "level": "WARN", "component": "o.e.t.ThreadPool", "cluster.name": "tpotcluster", "node.name": "tpotcluster-node-01", "message": "timer thread slept for [23.6s/23654676120ns] on relative clock which is above the warn threshold of [5000ms]", "cluster.uuid": "Qbw2pof0QzSXC1OvK0aFSw", "node.id": "t9hfPgy_RyC9LOJUxQUrSQ"  }
{"type": "server", "timestamp": "2022-03-29T23:28:48,850Z", "level": "WARN", "component": "o.e.t.ThreadPool", "cluster.name": "tpotcluster", "node.name": "tpotcluster-node-01", "message": "timer thread slept for [22s/22097ms] on absolute clock which is above the warn threshold of [5000ms]", "cluster.uuid": "Qbw2pof0QzSXC1OvK0aFSw", "node.id": "t9hfPgy_RyC9LOJUxQUrSQ"  }
{"type": "server", "timestamp": "2022-03-29T23:29:02,206Z", "level": "WARN", "component": "o.e.t.ThreadPool", "cluster.name": "tpotcluster", "node.name": "tpotcluster-node-01", "message": "timer thread slept for [22s/22096786444ns] on relative clock which is above the warn threshold of [5000ms]", "cluster.uuid": "Qbw2pof0QzSXC1OvK0aFSw", "node.id": "t9hfPgy_RyC9LOJUxQUrSQ"  }
{"type": "server", "timestamp": "2022-03-29T23:29:14,743Z", "level": "WARN", "component": "o.e.t.ThreadPool", "cluster.name": "tpotcluster", "node.name": "tpotcluster-node-01", "message": "timer thread slept for [25.9s/25970ms] on absolute clock which is above the warn threshold of [5000ms]", "cluster.uuid": "Qbw2pof0QzSXC1OvK0aFSw", "node.id": "t9hfPgy_RyC9LOJUxQUrSQ"  }
{"type": "server", "timestamp": "2022-03-29T23:29:24,843Z", "level": "WARN", "component": "o.e.t.ThreadPool", "cluster.name": "tpotcluster", "node.name": "tpotcluster-node-01", "message": "timer thread slept for [25.9s/25969972656ns] on relative clock which is above the warn threshold of [5000ms]", "cluster.uuid": "Qbw2pof0QzSXC1OvK0aFSw", "node.id": "t9hfPgy_RyC9LOJUxQUrSQ"  }
{"type": "server", "timestamp": "2022-03-29T23:29:35,881Z", "level": "WARN", "component": "o.e.t.ThreadPool", "cluster.name": "tpotcluster", "node.name": "tpotcluster-node-01", "message": "timer thread slept for [21.7s/21740ms] on absolute clock which is above the warn threshold of [5000ms]", "cluster.uuid": "Qbw2pof0QzSXC1OvK0aFSw", "node.id": "t9hfPgy_RyC9LOJUxQUrSQ"  }
{"type": "server", "timestamp": "2022-03-29T23:29:47,614Z", "level": "WARN", "component": "o.e.t.ThreadPool", "cluster.name": "tpotcluster", "node.name": "tpotcluster-node-01", "message": "timer thread slept for [21.7s/21740174182ns] on relative clock which is above the warn threshold of [5000ms]", "cluster.uuid": "Qbw2pof0QzSXC1OvK0aFSw", "node.id": "t9hfPgy_RyC9LOJUxQUrSQ"  }
{"type": "server", "timestamp": "2022-03-29T23:30:01,493Z", "level": "WARN", "component": "o.e.t.ThreadPool", "cluster.name": "tpotcluster", "node.name": "tpotcluster-node-01", "message": "timer thread slept for [24.6s/24644ms] on absolute clock which is above the warn threshold of [5000ms]", "cluster.uuid": "Qbw2pof0QzSXC1OvK0aFSw", "node.id": "t9hfPgy_RyC9LOJUxQUrSQ"  }
{"type": "server", "timestamp": "2022-03-29T23:30:16,891Z", "level": "WARN", "component": "o.e.t.ThreadPool", "cluster.name": "tpotcluster", "node.name": "tpotcluster-node-01", "message": "timer thread slept for [24.6s/24643694030ns] on relative clock which is above the warn threshold of [5000ms]", "cluster.uuid": "Qbw2pof0QzSXC1OvK0aFSw", "node.id": "t9hfPgy_RyC9LOJUxQUrSQ"  }
{"type": "server", "timestamp": "2022-03-29T23:30:46,548Z", "level": "WARN", "component": "o.e.t.ThreadPool", "cluster.name": "tpotcluster", "node.name": "tpotcluster-node-01", "message": "timer thread slept for [45.8s/45837ms] on absolute clock which is above the warn threshold of [5000ms]", "cluster.uuid": "Qbw2pof0QzSXC1OvK0aFSw", "node.id": "t9hfPgy_RyC9LOJUxQUrSQ"  }
{"type": "server", "timestamp": "2022-03-29T23:31:00,132Z", "level": "WARN", "component": "o.e.t.ThreadPool", "cluster.name": "tpotcluster", "node.name": "tpotcluster-node-01", "message": "timer thread slept for [45.8s/45837421111ns] on relative clock which is above the warn threshold of [5000ms]", "cluster.uuid": "Qbw2pof0QzSXC1OvK0aFSw", "node.id": "t9hfPgy_RyC9LOJUxQUrSQ"  }
{"type": "server", "timestamp": "2022-03-29T23:31:10,572Z", "level": "WARN", "component": "o.e.t.ThreadPool", "cluster.name": "tpotcluster", "node.name": "tpotcluster-node-01", "message": "timer thread slept for [24.4s/24410ms] on absolute clock which is above the warn threshold of [5000ms]", "cluster.uuid": "Qbw2pof0QzSXC1OvK0aFSw", "node.id": "t9hfPgy_RyC9LOJUxQUrSQ"  }
{"type": "server", "timestamp": "2022-03-29T23:31:21,573Z", "level": "WARN", "component": "o.e.t.ThreadPool", "cluster.name": "tpotcluster", "node.name": "tpotcluster-node-01", "message": "timer thread slept for [24.4s/24409360099ns] on relative clock which is above the warn threshold of [5000ms]", "cluster.uuid": "Qbw2pof0QzSXC1OvK0aFSw", "node.id": "t9hfPgy_RyC9LOJUxQUrSQ"  }
{"type": "server", "timestamp": "2022-03-29T23:31:35,102Z", "level": "WARN", "component": "o.e.t.ThreadPool", "cluster.name": "tpotcluster", "node.name": "tpotcluster-node-01", "message": "timer thread slept for [23s/23059ms] on absolute clock which is above the warn threshold of [5000ms]", "cluster.uuid": "Qbw2pof0QzSXC1OvK0aFSw", "node.id": "t9hfPgy_RyC9LOJUxQUrSQ"  }
{"type": "server", "timestamp": "2022-03-29T23:31:45,225Z", "level": "WARN", "component": "o.e.t.ThreadPool", "cluster.name": "tpotcluster", "node.name": "tpotcluster-node-01", "message": "timer thread slept for [23s/23059659912ns] on relative clock which is above the warn threshold of [5000ms]", "cluster.uuid": "Qbw2pof0QzSXC1OvK0aFSw", "node.id": "t9hfPgy_RyC9LOJUxQUrSQ"  }
{"type": "server", "timestamp": "2022-03-29T23:31:55,580Z", "level": "WARN", "component": "o.e.t.ThreadPool", "cluster.name": "tpotcluster", "node.name": "tpotcluster-node-01", "message": "timer thread slept for [22s/22055ms] on absolute clock which is above the warn threshold of [5000ms]", "cluster.uuid": "Qbw2pof0QzSXC1OvK0aFSw", "node.id": "t9hfPgy_RyC9LOJUxQUrSQ"  }
{"type": "server", "timestamp": "2022-03-29T23:32:08,904Z", "level": "WARN", "component": "o.e.t.ThreadPool", "cluster.name": "tpotcluster", "node.name": "tpotcluster-node-01", "message": "timer thread slept for [22s/22054801658ns] on relative clock which is above the warn threshold of [5000ms]", "cluster.uuid": "Qbw2pof0QzSXC1OvK0aFSw", "node.id": "t9hfPgy_RyC9LOJUxQUrSQ"  }
{"type": "server", "timestamp": "2022-03-29T23:32:26,251Z", "level": "WARN", "component": "o.e.t.ThreadPool", "cluster.name": "tpotcluster", "node.name": "tpotcluster-node-01", "message": "timer thread slept for [29.9s/29911ms] on absolute clock which is above the warn threshold of [5000ms]", "cluster.uuid": "Qbw2pof0QzSXC1OvK0aFSw", "node.id": "t9hfPgy_RyC9LOJUxQUrSQ"  }
{"type": "server", "timestamp": "2022-03-29T23:32:41,202Z", "level": "WARN", "component": "o.e.t.ThreadPool", "cluster.name": "tpotcluster", "node.name": "tpotcluster-node-01", "message": "timer thread slept for [29.9s/29910424854ns] on relative clock which is above the warn threshold of [5000ms]", "cluster.uuid": "Qbw2pof0QzSXC1OvK0aFSw", "node.id": "t9hfPgy_RyC9LOJUxQUrSQ"  }
{"type": "server", "timestamp": "2022-03-29T23:32:54,001Z", "level": "WARN", "component": "o.e.t.ThreadPool", "cluster.name": "tpotcluster", "node.name": "tpotcluster-node-01", "message": "timer thread slept for [28s/28087ms] on absolute clock which is above the warn threshold of [5000ms]", "cluster.uuid": "Qbw2pof0QzSXC1OvK0aFSw", "node.id": "t9hfPgy_RyC9LOJUxQUrSQ"  }
{"type": "server", "timestamp": "2022-03-29T23:33:05,874Z", "level": "WARN", "component": "o.e.t.ThreadPool", "cluster.name": "tpotcluster", "node.name": "tpotcluster-node-01", "message": "timer thread slept for [28s/28087444193ns] on relative clock which is above the warn threshold of [5000ms]", "cluster.uuid": "Qbw2pof0QzSXC1OvK0aFSw", "node.id": "t9hfPgy_RyC9LOJUxQUrSQ"  }
{"type": "server", "timestamp": "2022-03-29T23:33:18,294Z", "level": "WARN", "component": "o.e.t.ThreadPool", "cluster.name": "tpotcluster", "node.name": "tpotcluster-node-01", "message": "timer thread slept for [24.2s/24235ms] on absolute clock which is above the warn threshold of [5000ms]", "cluster.uuid": "Qbw2pof0QzSXC1OvK0aFSw", "node.id": "t9hfPgy_RyC9LOJUxQUrSQ"  }
{"type": "server", "timestamp": "2022-03-29T23:33:30,092Z", "level": "WARN", "component": "o.e.t.ThreadPool", "cluster.name": "tpotcluster", "node.name": "tpotcluster-node-01", "message": "timer thread slept for [24.2s/24234582201ns] on relative clock which is above the warn threshold of [5000ms]", "cluster.uuid": "Qbw2pof0QzSXC1OvK0aFSw", "node.id": "t9hfPgy_RyC9LOJUxQUrSQ"  }
{"type": "server", "timestamp": "2022-03-29T23:33:41,506Z", "level": "WARN", "component": "o.e.t.ThreadPool", "cluster.name": "tpotcluster", "node.name": "tpotcluster-node-01", "message": "timer thread slept for [23.1s/23187ms] on absolute clock which is above the warn threshold of [5000ms]", "cluster.uuid": "Qbw2pof0QzSXC1OvK0aFSw", "node.id": "t9hfPgy_RyC9LOJUxQUrSQ"  }
{"type": "server", "timestamp": "2022-03-29T23:33:52,229Z", "level": "WARN", "component": "o.e.t.ThreadPool", "cluster.name": "tpotcluster", "node.name": "tpotcluster-node-01", "message": "timer thread slept for [23.1s/23186836166ns] on relative clock which is above the warn threshold of [5000ms]", "cluster.uuid": "Qbw2pof0QzSXC1OvK0aFSw", "node.id": "t9hfPgy_RyC9LOJUxQUrSQ"  }
{"type": "server", "timestamp": "2022-03-29T23:34:09,150Z", "level": "WARN", "component": "o.e.t.ThreadPool", "cluster.name": "tpotcluster", "node.name": "tpotcluster-node-01", "message": "timer thread slept for [25.2s/25236ms] on absolute clock which is above the warn threshold of [5000ms]", "cluster.uuid": "Qbw2pof0QzSXC1OvK0aFSw", "node.id": "t9hfPgy_RyC9LOJUxQUrSQ"  }
{"type": "server", "timestamp": "2022-03-29T23:34:20,768Z", "level": "WARN", "component": "o.e.t.ThreadPool", "cluster.name": "tpotcluster", "node.name": "tpotcluster-node-01", "message": "timer thread slept for [25.2s/25236234506ns] on relative clock which is above the warn threshold of [5000ms]", "cluster.uuid": "Qbw2pof0QzSXC1OvK0aFSw", "node.id": "t9hfPgy_RyC9LOJUxQUrSQ"  }
{"type": "server", "timestamp": "2022-03-29T23:34:31,037Z", "level": "WARN", "component": "o.e.t.ThreadPool", "cluster.name": "tpotcluster", "node.name": "tpotcluster-node-01", "message": "timer thread slept for [24.8s/24880ms] on absolute clock which is above the warn threshold of [5000ms]", "cluster.uuid": "Qbw2pof0QzSXC1OvK0aFSw", "node.id": "t9hfPgy_RyC9LOJUxQUrSQ"  }
{"type": "server", "timestamp": "2022-03-29T23:34:41,948Z", "level": "WARN", "component": "o.e.t.ThreadPool", "cluster.name": "tpotcluster", "node.name": "tpotcluster-node-01", "message": "timer thread slept for [24.8s/24880048141ns] on relative clock which is above the warn threshold of [5000ms]", "cluster.uuid": "Qbw2pof0QzSXC1OvK0aFSw", "node.id": "t9hfPgy_RyC9LOJUxQUrSQ"  }
{"type": "server", "timestamp": "2022-03-29T23:34:53,253Z", "level": "WARN", "component": "o.e.t.ThreadPool", "cluster.name": "tpotcluster", "node.name": "tpotcluster-node-01", "message": "timer thread slept for [21.8s/21830ms] on absolute clock which is above the warn threshold of [5000ms]", "cluster.uuid": "Qbw2pof0QzSXC1OvK0aFSw", "node.id": "t9hfPgy_RyC9LOJUxQUrSQ"  }
{"type": "server", "timestamp": "2022-03-29T23:35:03,145Z", "level": "WARN", "component": "o.e.t.ThreadPool", "cluster.name": "tpotcluster", "node.name": "tpotcluster-node-01", "message": "timer thread slept for [21.8s/21830551394ns] on relative clock which is above the warn threshold of [5000ms]", "cluster.uuid": "Qbw2pof0QzSXC1OvK0aFSw", "node.id": "t9hfPgy_RyC9LOJUxQUrSQ"  }
{"type": "server", "timestamp": "2022-03-29T23:35:15,238Z", "level": "WARN", "component": "o.e.t.ThreadPool", "cluster.name": "tpotcluster", "node.name": "tpotcluster-node-01", "message": "timer thread slept for [21.5s/21563ms] on absolute clock which is above the warn threshold of [5000ms]", "cluster.uuid": "Qbw2pof0QzSXC1OvK0aFSw", "node.id": "t9hfPgy_RyC9LOJUxQUrSQ"  }
{"type": "server", "timestamp": "2022-03-29T23:35:29,387Z", "level": "WARN", "component": "o.e.t.ThreadPool", "cluster.name": "tpotcluster", "node.name": "tpotcluster-node-01", "message": "timer thread slept for [21.5s/21563173053ns] on relative clock which is above the warn threshold of [5000ms]", "cluster.uuid": "Qbw2pof0QzSXC1OvK0aFSw", "node.id": "t9hfPgy_RyC9LOJUxQUrSQ"  }
{"type": "server", "timestamp": "2022-03-29T23:35:42,714Z", "level": "WARN", "component": "o.e.t.ThreadPool", "cluster.name": "tpotcluster", "node.name": "tpotcluster-node-01", "message": "timer thread slept for [28.3s/28371ms] on absolute clock which is above the warn threshold of [5000ms]", "cluster.uuid": "Qbw2pof0QzSXC1OvK0aFSw", "node.id": "t9hfPgy_RyC9LOJUxQUrSQ"  }
{"type": "server", "timestamp": "2022-03-29T23:35:51,487Z", "level": "WARN", "component": "o.e.t.ThreadPool", "cluster.name": "tpotcluster", "node.name": "tpotcluster-node-01", "message": "timer thread slept for [28.3s/28370471642ns] on relative clock which is above the warn threshold of [5000ms]", "cluster.uuid": "Qbw2pof0QzSXC1OvK0aFSw", "node.id": "t9hfPgy_RyC9LOJUxQUrSQ"  }
{"type": "server", "timestamp": "2022-03-29T23:36:01,476Z", "level": "WARN", "component": "o.e.t.ThreadPool", "cluster.name": "tpotcluster", "node.name": "tpotcluster-node-01", "message": "timer thread slept for [18s/18065ms] on absolute clock which is above the warn threshold of [5000ms]", "cluster.uuid": "Qbw2pof0QzSXC1OvK0aFSw", "node.id": "t9hfPgy_RyC9LOJUxQUrSQ"  }
{"type": "server", "timestamp": "2022-03-29T23:36:15,125Z", "level": "WARN", "component": "o.e.t.ThreadPool", "cluster.name": "tpotcluster", "node.name": "tpotcluster-node-01", "message": "timer thread slept for [18s/18065331505ns] on relative clock which is above the warn threshold of [5000ms]", "cluster.uuid": "Qbw2pof0QzSXC1OvK0aFSw", "node.id": "t9hfPgy_RyC9LOJUxQUrSQ"  }
{"type": "server", "timestamp": "2022-03-29T23:36:27,918Z", "level": "WARN", "component": "o.e.t.ThreadPool", "cluster.name": "tpotcluster", "node.name": "tpotcluster-node-01", "message": "timer thread slept for [26.4s/26462ms] on absolute clock which is above the warn threshold of [5000ms]", "cluster.uuid": "Qbw2pof0QzSXC1OvK0aFSw", "node.id": "t9hfPgy_RyC9LOJUxQUrSQ"  }
{"type": "server", "timestamp": "2022-03-29T23:36:38,315Z", "level": "WARN", "component": "o.e.t.ThreadPool", "cluster.name": "tpotcluster", "node.name": "tpotcluster-node-01", "message": "timer thread slept for [26.4s/26462136730ns] on relative clock which is above the warn threshold of [5000ms]", "cluster.uuid": "Qbw2pof0QzSXC1OvK0aFSw", "node.id": "t9hfPgy_RyC9LOJUxQUrSQ"  }
{"type": "server", "timestamp": "2022-03-29T23:36:49,266Z", "level": "WARN", "component": "o.e.t.ThreadPool", "cluster.name": "tpotcluster", "node.name": "tpotcluster-node-01", "message": "timer thread slept for [21.3s/21394ms] on absolute clock which is above the warn threshold of [5000ms]", "cluster.uuid": "Qbw2pof0QzSXC1OvK0aFSw", "node.id": "t9hfPgy_RyC9LOJUxQUrSQ"  }
{"type": "server", "timestamp": "2022-03-29T23:37:02,612Z", "level": "WARN", "component": "o.e.t.ThreadPool", "cluster.name": "tpotcluster", "node.name": "tpotcluster-node-01", "message": "timer thread slept for [21.3s/21393265441ns] on relative clock which is above the warn threshold of [5000ms]", "cluster.uuid": "Qbw2pof0QzSXC1OvK0aFSw", "node.id": "t9hfPgy_RyC9LOJUxQUrSQ"  }
{"type": "server", "timestamp": "2022-03-29T23:37:15,150Z", "level": "WARN", "component": "o.e.t.ThreadPool", "cluster.name": "tpotcluster", "node.name": "tpotcluster-node-01", "message": "timer thread slept for [26.1s/26121ms] on absolute clock which is above the warn threshold of [5000ms]", "cluster.uuid": "Qbw2pof0QzSXC1OvK0aFSw", "node.id": "t9hfPgy_RyC9LOJUxQUrSQ"  }
{"type": "server", "timestamp": "2022-03-29T23:37:25,808Z", "level": "WARN", "component": "o.e.t.ThreadPool", "cluster.name": "tpotcluster", "node.name": "tpotcluster-node-01", "message": "timer thread slept for [26.1s/26121234318ns] on relative clock which is above the warn threshold of [5000ms]", "cluster.uuid": "Qbw2pof0QzSXC1OvK0aFSw", "node.id": "t9hfPgy_RyC9LOJUxQUrSQ"  }
{"type": "server", "timestamp": "2022-03-29T23:37:36,948Z", "level": "WARN", "component": "o.e.t.ThreadPool", "cluster.name": "tpotcluster", "node.name": "tpotcluster-node-01", "message": "timer thread slept for [20.5s/20561ms] on absolute clock which is above the warn threshold of [5000ms]", "cluster.uuid": "Qbw2pof0QzSXC1OvK0aFSw", "node.id": "t9hfPgy_RyC9LOJUxQUrSQ"  }
{"type": "server", "timestamp": "2022-03-29T23:37:49,930Z", "level": "WARN", "component": "o.e.t.ThreadPool", "cluster.name": "tpotcluster", "node.name": "tpotcluster-node-01", "message": "timer thread slept for [20.5s/20561487397ns] on relative clock which is above the warn threshold of [5000ms]", "cluster.uuid": "Qbw2pof0QzSXC1OvK0aFSw", "node.id": "t9hfPgy_RyC9LOJUxQUrSQ"  }
{"type": "server", "timestamp": "2022-03-29T23:38:05,161Z", "level": "WARN", "component": "o.e.t.ThreadPool", "cluster.name": "tpotcluster", "node.name": "tpotcluster-node-01", "message": "timer thread slept for [28.5s/28549ms] on absolute clock which is above the warn threshold of [5000ms]", "cluster.uuid": "Qbw2pof0QzSXC1OvK0aFSw", "node.id": "t9hfPgy_RyC9LOJUxQUrSQ"  }
{"type": "server", "timestamp": "2022-03-29T23:38:19,298Z", "level": "WARN", "component": "o.e.t.ThreadPool", "cluster.name": "tpotcluster", "node.name": "tpotcluster-node-01", "message": "timer thread slept for [28.5s/28548748295ns] on relative clock which is above the warn threshold of [5000ms]", "cluster.uuid": "Qbw2pof0QzSXC1OvK0aFSw", "node.id": "t9hfPgy_RyC9LOJUxQUrSQ"  }
{"type": "server", "timestamp": "2022-03-29T23:38:33,855Z", "level": "WARN", "component": "o.e.t.ThreadPool", "cluster.name": "tpotcluster", "node.name": "tpotcluster-node-01", "message": "timer thread slept for [29.2s/29217ms] on absolute clock which is above the warn threshold of [5000ms]", "cluster.uuid": "Qbw2pof0QzSXC1OvK0aFSw", "node.id": "t9hfPgy_RyC9LOJUxQUrSQ"  }
{"type": "server", "timestamp": "2022-03-29T23:38:48,869Z", "level": "WARN", "component": "o.e.t.ThreadPool", "cluster.name": "tpotcluster", "node.name": "tpotcluster-node-01", "message": "timer thread slept for [29.2s/29217251552ns] on relative clock which is above the warn threshold of [5000ms]", "cluster.uuid": "Qbw2pof0QzSXC1OvK0aFSw", "node.id": "t9hfPgy_RyC9LOJUxQUrSQ"  }
{"type": "server", "timestamp": "2022-03-29T23:39:02,554Z", "level": "WARN", "component": "o.e.t.ThreadPool", "cluster.name": "tpotcluster", "node.name": "tpotcluster-node-01", "message": "timer thread slept for [28.1s/28123ms] on absolute clock which is above the warn threshold of [5000ms]", "cluster.uuid": "Qbw2pof0QzSXC1OvK0aFSw", "node.id": "t9hfPgy_RyC9LOJUxQUrSQ"  }
{"type": "server", "timestamp": "2022-03-29T23:39:13,890Z", "level": "WARN", "component": "o.e.t.ThreadPool", "cluster.name": "tpotcluster", "node.name": "tpotcluster-node-01", "message": "timer thread slept for [28.1s/28122477952ns] on relative clock which is above the warn threshold of [5000ms]", "cluster.uuid": "Qbw2pof0QzSXC1OvK0aFSw", "node.id": "t9hfPgy_RyC9LOJUxQUrSQ"  }
{"type": "server", "timestamp": "2022-03-29T23:39:27,657Z", "level": "WARN", "component": "o.e.t.ThreadPool", "cluster.name": "tpotcluster", "node.name": "tpotcluster-node-01", "message": "timer thread slept for [24.6s/24680ms] on absolute clock which is above the warn threshold of [5000ms]", "cluster.uuid": "Qbw2pof0QzSXC1OvK0aFSw", "node.id": "t9hfPgy_RyC9LOJUxQUrSQ"  }
{"type": "server", "timestamp": "2022-03-29T23:39:44,482Z", "level": "WARN", "component": "o.e.t.ThreadPool", "cluster.name": "tpotcluster", "node.name": "tpotcluster-node-01", "message": "timer thread slept for [24.6s/24680367738ns] on relative clock which is above the warn threshold of [5000ms]", "cluster.uuid": "Qbw2pof0QzSXC1OvK0aFSw", "node.id": "t9hfPgy_RyC9LOJUxQUrSQ"  }
{"type": "server", "timestamp": "2022-03-29T23:39:58,081Z", "level": "WARN", "component": "o.e.t.ThreadPool", "cluster.name": "tpotcluster", "node.name": "tpotcluster-node-01", "message": "timer thread slept for [31.4s/31427ms] on absolute clock which is above the warn threshold of [5000ms]", "cluster.uuid": "Qbw2pof0QzSXC1OvK0aFSw", "node.id": "t9hfPgy_RyC9LOJUxQUrSQ"  }
{"type": "server", "timestamp": "2022-03-29T23:40:11,142Z", "level": "WARN", "component": "o.e.t.ThreadPool", "cluster.name": "tpotcluster", "node.name": "tpotcluster-node-01", "message": "timer thread slept for [31.4s/31426469910ns] on relative clock which is above the warn threshold of [5000ms]", "cluster.uuid": "Qbw2pof0QzSXC1OvK0aFSw", "node.id": "t9hfPgy_RyC9LOJUxQUrSQ"  }
{"type": "server", "timestamp": "2022-03-29T23:40:24,751Z", "level": "WARN", "component": "o.e.t.ThreadPool", "cluster.name": "tpotcluster", "node.name": "tpotcluster-node-01", "message": "timer thread slept for [26.1s/26182ms] on absolute clock which is above the warn threshold of [5000ms]", "cluster.uuid": "Qbw2pof0QzSXC1OvK0aFSw", "node.id": "t9hfPgy_RyC9LOJUxQUrSQ"  }
{"type": "server", "timestamp": "2022-03-29T23:40:41,204Z", "level": "WARN", "component": "o.e.t.ThreadPool", "cluster.name": "tpotcluster", "node.name": "tpotcluster-node-01", "message": "timer thread slept for [26.1s/26182470430ns] on relative clock which is above the warn threshold of [5000ms]", "cluster.uuid": "Qbw2pof0QzSXC1OvK0aFSw", "node.id": "t9hfPgy_RyC9LOJUxQUrSQ"  }
{"type": "server", "timestamp": "2022-03-29T23:40:55,552Z", "level": "WARN", "component": "o.e.t.ThreadPool", "cluster.name": "tpotcluster", "node.name": "tpotcluster-node-01", "message": "timer thread slept for [31.1s/31129ms] on absolute clock which is above the warn threshold of [5000ms]", "cluster.uuid": "Qbw2pof0QzSXC1OvK0aFSw", "node.id": "t9hfPgy_RyC9LOJUxQUrSQ"  }
{"type": "server", "timestamp": "2022-03-29T23:40:55,712Z", "level": "WARN", "component": "o.e.t.ThreadPool", "cluster.name": "tpotcluster", "node.name": "tpotcluster-node-01", "message": "execution of [org.elasticsearch.cluster.InternalClusterInfoService$RefreshScheduler$$Lambda$5095/0x00000008017dd978@41bc29e9] took [839542ms] which is above the warn threshold of [5000ms]", "cluster.uuid": "Qbw2pof0QzSXC1OvK0aFSw", "node.id": "t9hfPgy_RyC9LOJUxQUrSQ"  }
{"type": "server", "timestamp": "2022-03-29T23:41:09,713Z", "level": "WARN", "component": "o.e.t.ThreadPool", "cluster.name": "tpotcluster", "node.name": "tpotcluster-node-01", "message": "timer thread slept for [31.1s/31128516418ns] on relative clock which is above the warn threshold of [5000ms]", "cluster.uuid": "Qbw2pof0QzSXC1OvK0aFSw", "node.id": "t9hfPgy_RyC9LOJUxQUrSQ"  }
{"type": "server", "timestamp": "2022-03-29T23:41:37,911Z", "level": "WARN", "component": "o.e.t.ThreadPool", "cluster.name": "tpotcluster", "node.name": "tpotcluster-node-01", "message": "timer thread slept for [41.9s/41963ms] on absolute clock which is above the warn threshold of [5000ms]", "cluster.uuid": "Qbw2pof0QzSXC1OvK0aFSw", "node.id": "t9hfPgy_RyC9LOJUxQUrSQ"  }
{"type": "server", "timestamp": "2022-03-29T23:41:51,352Z", "level": "WARN", "component": "o.e.t.ThreadPool", "cluster.name": "tpotcluster", "node.name": "tpotcluster-node-01", "message": "timer thread slept for [41.9s/41963319547ns] on relative clock which is above the warn threshold of [5000ms]", "cluster.uuid": "Qbw2pof0QzSXC1OvK0aFSw", "node.id": "t9hfPgy_RyC9LOJUxQUrSQ"  }
{"type": "server", "timestamp": "2022-03-29T23:42:10,111Z", "level": "WARN", "component": "o.e.t.ThreadPool", "cluster.name": "tpotcluster", "node.name": "tpotcluster-node-01", "message": "timer thread slept for [30.5s/30533ms] on absolute clock which is above the warn threshold of [5000ms]", "cluster.uuid": "Qbw2pof0QzSXC1OvK0aFSw", "node.id": "t9hfPgy_RyC9LOJUxQUrSQ"  }
{"type": "server", "timestamp": "2022-03-29T23:42:25,486Z", "level": "WARN", "component": "o.e.t.ThreadPool", "cluster.name": "tpotcluster", "node.name": "tpotcluster-node-01", "message": "timer thread slept for [30.5s/30533029811ns] on relative clock which is above the warn threshold of [5000ms]", "cluster.uuid": "Qbw2pof0QzSXC1OvK0aFSw", "node.id": "t9hfPgy_RyC9LOJUxQUrSQ"  }
{"type": "server", "timestamp": "2022-03-29T23:42:41,438Z", "level": "WARN", "component": "o.e.t.ThreadPool", "cluster.name": "tpotcluster", "node.name": "tpotcluster-node-01", "message": "timer thread slept for [33.1s/33128ms] on absolute clock which is above the warn threshold of [5000ms]", "cluster.uuid": "Qbw2pof0QzSXC1OvK0aFSw", "node.id": "t9hfPgy_RyC9LOJUxQUrSQ"  }
{"type": "server", "timestamp": "2022-03-29T23:42:57,868Z", "level": "WARN", "component": "o.e.t.ThreadPool", "cluster.name": "tpotcluster", "node.name": "tpotcluster-node-01", "message": "timer thread slept for [33.1s/33128357584ns] on relative clock which is above the warn threshold of [5000ms]", "cluster.uuid": "Qbw2pof0QzSXC1OvK0aFSw", "node.id": "t9hfPgy_RyC9LOJUxQUrSQ"  }
{"type": "server", "timestamp": "2022-03-29T23:43:14,524Z", "level": "WARN", "component": "o.e.t.ThreadPool", "cluster.name": "tpotcluster", "node.name": "tpotcluster-node-01", "message": "timer thread slept for [32.2s/32272ms] on absolute clock which is above the warn threshold of [5000ms]", "cluster.uuid": "Qbw2pof0QzSXC1OvK0aFSw", "node.id": "t9hfPgy_RyC9LOJUxQUrSQ"  }
{"type": "server", "timestamp": "2022-03-29T23:43:31,926Z", "level": "WARN", "component": "o.e.t.ThreadPool", "cluster.name": "tpotcluster", "node.name": "tpotcluster-node-01", "message": "timer thread slept for [32.2s/32271699508ns] on relative clock which is above the warn threshold of [5000ms]", "cluster.uuid": "Qbw2pof0QzSXC1OvK0aFSw", "node.id": "t9hfPgy_RyC9LOJUxQUrSQ"  }
{"type": "server", "timestamp": "2022-03-29T23:43:44,511Z", "level": "WARN", "component": "o.e.t.ThreadPool", "cluster.name": "tpotcluster", "node.name": "tpotcluster-node-01", "message": "execution of [org.elasticsearch.indices.IndicesService$CacheCleaner@21c6dab8] took [32271ms] which is above the warn threshold of [5000ms]", "cluster.uuid": "Qbw2pof0QzSXC1OvK0aFSw", "node.id": "t9hfPgy_RyC9LOJUxQUrSQ"  }
{"type": "server", "timestamp": "2022-03-29T23:44:01,031Z", "level": "WARN", "component": "o.e.t.ThreadPool", "cluster.name": "tpotcluster", "node.name": "tpotcluster-node-01", "message": "timer thread slept for [46s/46080ms] on absolute clock which is above the warn threshold of [5000ms]", "cluster.uuid": "Qbw2pof0QzSXC1OvK0aFSw", "node.id": "t9hfPgy_RyC9LOJUxQUrSQ"  }
{"type": "server", "timestamp": "2022-03-29T23:44:38,844Z", "level": "WARN", "component": "o.e.t.ThreadPool", "cluster.name": "tpotcluster", "node.name": "tpotcluster-node-01", "message": "timer thread slept for [46s/46080324956ns] on relative clock which is above the warn threshold of [5000ms]", "cluster.uuid": "Qbw2pof0QzSXC1OvK0aFSw", "node.id": "t9hfPgy_RyC9LOJUxQUrSQ"  }
{"type": "server", "timestamp": "2022-03-29T23:45:10,731Z", "level": "WARN", "component": "o.e.t.ThreadPool", "cluster.name": "tpotcluster", "node.name": "tpotcluster-node-01", "message": "timer thread slept for [1.1m/66310ms] on absolute clock which is above the warn threshold of [5000ms]", "cluster.uuid": "Qbw2pof0QzSXC1OvK0aFSw", "node.id": "t9hfPgy_RyC9LOJUxQUrSQ"  }
{"type": "server", "timestamp": "2022-03-29T23:45:39,086Z", "level": "WARN", "component": "o.e.t.ThreadPool", "cluster.name": "tpotcluster", "node.name": "tpotcluster-node-01", "message": "timer thread slept for [1.1m/66309670352ns] on relative clock which is above the warn threshold of [5000ms]", "cluster.uuid": "Qbw2pof0QzSXC1OvK0aFSw", "node.id": "t9hfPgy_RyC9LOJUxQUrSQ"  }
{"type": "server", "timestamp": "2022-03-29T23:46:30,165Z", "level": "WARN", "component": "o.e.t.ThreadPool", "cluster.name": "tpotcluster", "node.name": "tpotcluster-node-01", "message": "timer thread slept for [1.3m/82699ms] on absolute clock which is above the warn threshold of [5000ms]", "cluster.uuid": "Qbw2pof0QzSXC1OvK0aFSw", "node.id": "t9hfPgy_RyC9LOJUxQUrSQ"  }
{"type": "server", "timestamp": "2022-03-29T23:47:02,581Z", "level": "WARN", "component": "o.e.t.ThreadPool", "cluster.name": "tpotcluster", "node.name": "tpotcluster-node-01", "message": "execution of [ReschedulingRunnable{runnable=org.elasticsearch.monitor.jvm.JvmGcMonitorService$1@6d2b9767, interval=1s}] took [149008ms] which is above the warn threshold of [5000ms]", "cluster.uuid": "Qbw2pof0QzSXC1OvK0aFSw", "node.id": "t9hfPgy_RyC9LOJUxQUrSQ"  }
{"type": "server", "timestamp": "2022-03-29T23:47:24,599Z", "level": "WARN", "component": "o.e.t.ThreadPool", "cluster.name": "tpotcluster", "node.name": "tpotcluster-node-01", "message": "timer thread slept for [1.3m/82699000058ns] on relative clock which is above the warn threshold of [5000ms]", "cluster.uuid": "Qbw2pof0QzSXC1OvK0aFSw", "node.id": "t9hfPgy_RyC9LOJUxQUrSQ"  }
{"type": "server", "timestamp": "2022-03-29T23:47:40,252Z", "level": "WARN", "component": "o.e.t.ThreadPool", "cluster.name": "tpotcluster", "node.name": "tpotcluster-node-01", "message": "timer thread slept for [1.1m/70402ms] on absolute clock which is above the warn threshold of [5000ms]", "cluster.uuid": "Qbw2pof0QzSXC1OvK0aFSw", "node.id": "t9hfPgy_RyC9LOJUxQUrSQ"  }
{"type": "server", "timestamp": "2022-03-29T23:47:52,973Z", "level": "WARN", "component": "o.e.t.ThreadPool", "cluster.name": "tpotcluster", "node.name": "tpotcluster-node-01", "message": "timer thread slept for [1.1m/70402209969ns] on relative clock which is above the warn threshold of [5000ms]", "cluster.uuid": "Qbw2pof0QzSXC1OvK0aFSw", "node.id": "t9hfPgy_RyC9LOJUxQUrSQ"  }
{"type": "server", "timestamp": "2022-03-29T23:47:43,210Z", "level": "WARN", "component": "o.e.m.f.FsHealthService", "cluster.name": "tpotcluster", "node.name": "tpotcluster-node-01", "message": "health check of [/data/elk/data/nodes/0] took [82699ms] which is above the warn threshold of [5s]", "cluster.uuid": "Qbw2pof0QzSXC1OvK0aFSw", "node.id": "t9hfPgy_RyC9LOJUxQUrSQ"  }
{"type": "server", "timestamp": "2022-03-29T23:48:06,116Z", "level": "WARN", "component": "o.e.t.ThreadPool", "cluster.name": "tpotcluster", "node.name": "tpotcluster-node-01", "message": "timer thread slept for [25.8s/25826ms] on absolute clock which is above the warn threshold of [5000ms]", "cluster.uuid": "Qbw2pof0QzSXC1OvK0aFSw", "node.id": "t9hfPgy_RyC9LOJUxQUrSQ"  }
{"type": "server", "timestamp": "2022-03-29T23:48:20,018Z", "level": "WARN", "component": "o.e.t.ThreadPool", "cluster.name": "tpotcluster", "node.name": "tpotcluster-node-01", "message": "timer thread slept for [25.8s/25825664083ns] on relative clock which is above the warn threshold of [5000ms]", "cluster.uuid": "Qbw2pof0QzSXC1OvK0aFSw", "node.id": "t9hfPgy_RyC9LOJUxQUrSQ"  }
{"type": "server", "timestamp": "2022-03-29T23:48:35,974Z", "level": "WARN", "component": "o.e.t.ThreadPool", "cluster.name": "tpotcluster", "node.name": "tpotcluster-node-01", "message": "timer thread slept for [31.8s/31899ms] on absolute clock which is above the warn threshold of [5000ms]", "cluster.uuid": "Qbw2pof0QzSXC1OvK0aFSw", "node.id": "t9hfPgy_RyC9LOJUxQUrSQ"  }
{"type": "server", "timestamp": "2022-03-29T23:48:45,253Z", "level": "WARN", "component": "o.e.t.ThreadPool", "cluster.name": "tpotcluster", "node.name": "tpotcluster-node-01", "message": "timer thread slept for [31.8s/31899017624ns] on relative clock which is above the warn threshold of [5000ms]", "cluster.uuid": "Qbw2pof0QzSXC1OvK0aFSw", "node.id": "t9hfPgy_RyC9LOJUxQUrSQ"  }
{"type": "server", "timestamp": "2022-03-29T23:48:51,869Z", "level": "WARN", "component": "o.e.t.ThreadPool", "cluster.name": "tpotcluster", "node.name": "tpotcluster-node-01", "message": "execution of [ReschedulingRunnable{runnable=org.elasticsearch.indices.IndexingMemoryController$ShardsIndicesStatusChecker@edd1edc, interval=5s}] took [31899ms] which is above the warn threshold of [5000ms]", "cluster.uuid": "Qbw2pof0QzSXC1OvK0aFSw", "node.id": "t9hfPgy_RyC9LOJUxQUrSQ"  }
{"type": "server", "timestamp": "2022-03-29T23:49:01,881Z", "level": "WARN", "component": "o.e.t.ThreadPool", "cluster.name": "tpotcluster", "node.name": "tpotcluster-node-01", "message": "timer thread slept for [23.2s/23209ms] on absolute clock which is above the warn threshold of [5000ms]", "cluster.uuid": "Qbw2pof0QzSXC1OvK0aFSw", "node.id": "t9hfPgy_RyC9LOJUxQUrSQ"  }
{"type": "server", "timestamp": "2022-03-29T23:49:11,260Z", "level": "WARN", "component": "o.e.t.ThreadPool", "cluster.name": "tpotcluster", "node.name": "tpotcluster-node-01", "message": "timer thread slept for [23.2s/23209106642ns] on relative clock which is above the warn threshold of [5000ms]", "cluster.uuid": "Qbw2pof0QzSXC1OvK0aFSw", "node.id": "t9hfPgy_RyC9LOJUxQUrSQ"  }
{"type": "server", "timestamp": "2022-03-29T23:49:22,976Z", "level": "WARN", "component": "o.e.t.ThreadPool", "cluster.name": "tpotcluster", "node.name": "tpotcluster-node-01", "message": "timer thread slept for [23.1s/23182ms] on absolute clock which is above the warn threshold of [5000ms]", "cluster.uuid": "Qbw2pof0QzSXC1OvK0aFSw", "node.id": "t9hfPgy_RyC9LOJUxQUrSQ"  }
{"type": "server", "timestamp": "2022-03-29T23:49:34,132Z", "level": "WARN", "component": "o.e.t.ThreadPool", "cluster.name": "tpotcluster", "node.name": "tpotcluster-node-01", "message": "timer thread slept for [23.1s/23182004428ns] on relative clock which is above the warn threshold of [5000ms]", "cluster.uuid": "Qbw2pof0QzSXC1OvK0aFSw", "node.id": "t9hfPgy_RyC9LOJUxQUrSQ"  }
{"type": "server", "timestamp": "2022-03-29T23:49:42,707Z", "level": "WARN", "component": "o.e.t.ThreadPool", "cluster.name": "tpotcluster", "node.name": "tpotcluster-node-01", "message": "timer thread slept for [20.3s/20355ms] on absolute clock which is above the warn threshold of [5000ms]", "cluster.uuid": "Qbw2pof0QzSXC1OvK0aFSw", "node.id": "t9hfPgy_RyC9LOJUxQUrSQ"  }
{"type": "server", "timestamp": "2022-03-29T23:49:54,158Z", "level": "WARN", "component": "o.e.t.ThreadPool", "cluster.name": "tpotcluster", "node.name": "tpotcluster-node-01", "message": "timer thread slept for [20.3s/20354664107ns] on relative clock which is above the warn threshold of [5000ms]", "cluster.uuid": "Qbw2pof0QzSXC1OvK0aFSw", "node.id": "t9hfPgy_RyC9LOJUxQUrSQ"  }
{"type": "server", "timestamp": "2022-03-29T23:50:02,873Z", "level": "WARN", "component": "o.e.t.ThreadPool", "cluster.name": "tpotcluster", "node.name": "tpotcluster-node-01", "message": "timer thread slept for [20.3s/20343ms] on absolute clock which is above the warn threshold of [5000ms]", "cluster.uuid": "Qbw2pof0QzSXC1OvK0aFSw", "node.id": "t9hfPgy_RyC9LOJUxQUrSQ"  }
{"type": "server", "timestamp": "2022-03-29T23:50:14,025Z", "level": "WARN", "component": "o.e.t.ThreadPool", "cluster.name": "tpotcluster", "node.name": "tpotcluster-node-01", "message": "timer thread slept for [20.3s/20343560910ns] on relative clock which is above the warn threshold of [5000ms]", "cluster.uuid": "Qbw2pof0QzSXC1OvK0aFSw", "node.id": "t9hfPgy_RyC9LOJUxQUrSQ"  }
{"type": "server", "timestamp": "2022-03-29T23:50:15,501Z", "level": "WARN", "component": "o.e.t.ThreadPool", "cluster.name": "tpotcluster", "node.name": "tpotcluster-node-01", "message": "execution of [ReschedulingRunnable{runnable=org.elasticsearch.monitor.jvm.JvmGcMonitorService$1@6d2b9767, interval=1s}] took [20343ms] which is above the warn threshold of [5000ms]", "cluster.uuid": "Qbw2pof0QzSXC1OvK0aFSw", "node.id": "t9hfPgy_RyC9LOJUxQUrSQ"  }
{"type": "server", "timestamp": "2022-03-29T23:50:23,120Z", "level": "WARN", "component": "o.e.t.ThreadPool", "cluster.name": "tpotcluster", "node.name": "tpotcluster-node-01", "message": "timer thread slept for [19.9s/19932ms] on absolute clock which is above the warn threshold of [5000ms]", "cluster.uuid": "Qbw2pof0QzSXC1OvK0aFSw", "node.id": "t9hfPgy_RyC9LOJUxQUrSQ"  }
{"type": "server", "timestamp": "2022-03-29T23:50:36,416Z", "level": "WARN", "component": "o.e.t.ThreadPool", "cluster.name": "tpotcluster", "node.name": "tpotcluster-node-01", "message": "timer thread slept for [19.9s/19931904749ns] on relative clock which is above the warn threshold of [5000ms]", "cluster.uuid": "Qbw2pof0QzSXC1OvK0aFSw", "node.id": "t9hfPgy_RyC9LOJUxQUrSQ"  }
{"type": "server", "timestamp": "2022-03-29T23:50:48,215Z", "level": "WARN", "component": "o.e.t.ThreadPool", "cluster.name": "tpotcluster", "node.name": "tpotcluster-node-01", "message": "timer thread slept for [25.3s/25344ms] on absolute clock which is above the warn threshold of [5000ms]", "cluster.uuid": "Qbw2pof0QzSXC1OvK0aFSw", "node.id": "t9hfPgy_RyC9LOJUxQUrSQ"  }
{"type": "server", "timestamp": "2022-03-29T23:50:57,989Z", "level": "WARN", "component": "o.e.t.ThreadPool", "cluster.name": "tpotcluster", "node.name": "tpotcluster-node-01", "message": "timer thread slept for [25.3s/25344074882ns] on relative clock which is above the warn threshold of [5000ms]", "cluster.uuid": "Qbw2pof0QzSXC1OvK0aFSw", "node.id": "t9hfPgy_RyC9LOJUxQUrSQ"  }
{"type": "server", "timestamp": "2022-03-29T23:51:04,935Z", "level": "WARN", "component": "o.e.t.ThreadPool", "cluster.name": "tpotcluster", "node.name": "tpotcluster-node-01", "message": "timer thread slept for [16.6s/16604ms] on absolute clock which is above the warn threshold of [5000ms]", "cluster.uuid": "Qbw2pof0QzSXC1OvK0aFSw", "node.id": "t9hfPgy_RyC9LOJUxQUrSQ"  }
{"type": "server", "timestamp": "2022-03-29T23:51:13,232Z", "level": "WARN", "component": "o.e.t.ThreadPool", "cluster.name": "tpotcluster", "node.name": "tpotcluster-node-01", "message": "timer thread slept for [16.6s/16603250954ns] on relative clock which is above the warn threshold of [5000ms]", "cluster.uuid": "Qbw2pof0QzSXC1OvK0aFSw", "node.id": "t9hfPgy_RyC9LOJUxQUrSQ"  }
{"type": "server", "timestamp": "2022-03-29T23:51:21,418Z", "level": "WARN", "component": "o.e.t.ThreadPool", "cluster.name": "tpotcluster", "node.name": "tpotcluster-node-01", "message": "timer thread slept for [16.3s/16333ms] on absolute clock which is above the warn threshold of [5000ms]", "cluster.uuid": "Qbw2pof0QzSXC1OvK0aFSw", "node.id": "t9hfPgy_RyC9LOJUxQUrSQ"  }
{"type": "server", "timestamp": "2022-03-29T23:51:30,403Z", "level": "WARN", "component": "o.e.t.ThreadPool", "cluster.name": "tpotcluster", "node.name": "tpotcluster-node-01", "message": "execution of [ReschedulingRunnable{runnable=org.elasticsearch.monitor.jvm.JvmGcMonitorService$1@6d2b9767, interval=1s}] took [16333ms] which is above the warn threshold of [5000ms]", "cluster.uuid": "Qbw2pof0QzSXC1OvK0aFSw", "node.id": "t9hfPgy_RyC9LOJUxQUrSQ"  }
{"type": "server", "timestamp": "2022-03-29T23:51:30,581Z", "level": "WARN", "component": "o.e.t.ThreadPool", "cluster.name": "tpotcluster", "node.name": "tpotcluster-node-01", "message": "timer thread slept for [16.3s/16333745063ns] on relative clock which is above the warn threshold of [5000ms]", "cluster.uuid": "Qbw2pof0QzSXC1OvK0aFSw", "node.id": "t9hfPgy_RyC9LOJUxQUrSQ"  }
{"type": "server", "timestamp": "2022-03-29T23:51:40,125Z", "level": "WARN", "component": "o.e.t.ThreadPool", "cluster.name": "tpotcluster", "node.name": "tpotcluster-node-01", "message": "timer thread slept for [18.1s/18127ms] on absolute clock which is above the warn threshold of [5000ms]", "cluster.uuid": "Qbw2pof0QzSXC1OvK0aFSw", "node.id": "t9hfPgy_RyC9LOJUxQUrSQ"  }
{"type": "server", "timestamp": "2022-03-29T23:51:49,495Z", "level": "WARN", "component": "o.e.t.ThreadPool", "cluster.name": "tpotcluster", "node.name": "tpotcluster-node-01", "message": "timer thread slept for [18.1s/18126218391ns] on relative clock which is above the warn threshold of [5000ms]", "cluster.uuid": "Qbw2pof0QzSXC1OvK0aFSw", "node.id": "t9hfPgy_RyC9LOJUxQUrSQ"  }
{"type": "server", "timestamp": "2022-03-29T23:51:50,889Z", "level": "WARN", "component": "o.e.c.InternalClusterInfoService", "cluster.name": "tpotcluster", "node.name": "tpotcluster-node-01", "message": "failed to retrieve shard stats from node [t9hfPgy_RyC9LOJUxQUrSQ]: [tpotcluster-node-01][127.0.0.1:9300][indices:monitor/stats[n]] request_id [64] timed out after [515450ms]", "cluster.uuid": "Qbw2pof0QzSXC1OvK0aFSw", "node.id": "t9hfPgy_RyC9LOJUxQUrSQ"  }
{"type": "server", "timestamp": "2022-03-29T23:51:57,877Z", "level": "WARN", "component": "o.e.t.ThreadPool", "cluster.name": "tpotcluster", "node.name": "tpotcluster-node-01", "message": "timer thread slept for [17.9s/17982ms] on absolute clock which is above the warn threshold of [5000ms]", "cluster.uuid": "Qbw2pof0QzSXC1OvK0aFSw", "node.id": "t9hfPgy_RyC9LOJUxQUrSQ"  }
{"type": "server", "timestamp": "2022-03-29T23:52:06,611Z", "level": "WARN", "component": "o.e.t.ThreadPool", "cluster.name": "tpotcluster", "node.name": "tpotcluster-node-01", "message": "timer thread slept for [17.9s/17982072904ns] on relative clock which is above the warn threshold of [5000ms]", "cluster.uuid": "Qbw2pof0QzSXC1OvK0aFSw", "node.id": "t9hfPgy_RyC9LOJUxQUrSQ"  }
{"type": "server", "timestamp": "2022-03-29T23:52:14,972Z", "level": "WARN", "component": "o.e.t.ThreadPool", "cluster.name": "tpotcluster", "node.name": "tpotcluster-node-01", "message": "timer thread slept for [17.7s/17772ms] on absolute clock which is above the warn threshold of [5000ms]", "cluster.uuid": "Qbw2pof0QzSXC1OvK0aFSw", "node.id": "t9hfPgy_RyC9LOJUxQUrSQ"  }
{"type": "server", "timestamp": "2022-03-29T23:52:24,086Z", "level": "WARN", "component": "o.e.t.ThreadPool", "cluster.name": "tpotcluster", "node.name": "tpotcluster-node-01", "message": "timer thread slept for [17.7s/17772143909ns] on relative clock which is above the warn threshold of [5000ms]", "cluster.uuid": "Qbw2pof0QzSXC1OvK0aFSw", "node.id": "t9hfPgy_RyC9LOJUxQUrSQ"  }
{"type": "server", "timestamp": "2022-03-29T23:52:32,953Z", "level": "WARN", "component": "o.e.t.ThreadPool", "cluster.name": "tpotcluster", "node.name": "tpotcluster-node-01", "message": "timer thread slept for [18.2s/18299ms] on absolute clock which is above the warn threshold of [5000ms]", "cluster.uuid": "Qbw2pof0QzSXC1OvK0aFSw", "node.id": "t9hfPgy_RyC9LOJUxQUrSQ"  }
{"type": "server", "timestamp": "2022-03-29T23:52:16,780Z", "level": "WARN", "component": "o.e.m.f.FsHealthService", "cluster.name": "tpotcluster", "node.name": "tpotcluster-node-01", "message": "health check of [/data/elk/data/nodes/0] took [17772ms] which is above the warn threshold of [5s]", "cluster.uuid": "Qbw2pof0QzSXC1OvK0aFSw", "node.id": "t9hfPgy_RyC9LOJUxQUrSQ"  }
{"type": "server", "timestamp": "2022-03-29T23:52:40,054Z", "level": "WARN", "component": "o.e.t.ThreadPool", "cluster.name": "tpotcluster", "node.name": "tpotcluster-node-01", "message": "timer thread slept for [18.2s/18299550269ns] on relative clock which is above the warn threshold of [5000ms]", "cluster.uuid": "Qbw2pof0QzSXC1OvK0aFSw", "node.id": "t9hfPgy_RyC9LOJUxQUrSQ"  }
{"type": "server", "timestamp": "2022-03-29T23:52:47,341Z", "level": "WARN", "component": "o.e.t.ThreadPool", "cluster.name": "tpotcluster", "node.name": "tpotcluster-node-01", "message": "timer thread slept for [13.2s/13290ms] on absolute clock which is above the warn threshold of [5000ms]", "cluster.uuid": "Qbw2pof0QzSXC1OvK0aFSw", "node.id": "t9hfPgy_RyC9LOJUxQUrSQ"  }
{"type": "server", "timestamp": "2022-03-29T23:52:59,566Z", "level": "WARN", "component": "o.e.t.ThreadPool", "cluster.name": "tpotcluster", "node.name": "tpotcluster-node-01", "message": "timer thread slept for [13.2s/13289861898ns] on relative clock which is above the warn threshold of [5000ms]", "cluster.uuid": "Qbw2pof0QzSXC1OvK0aFSw", "node.id": "t9hfPgy_RyC9LOJUxQUrSQ"  }
{"type": "server", "timestamp": "2022-03-29T23:53:05,438Z", "level": "WARN", "component": "o.e.t.ThreadPool", "cluster.name": "tpotcluster", "node.name": "tpotcluster-node-01", "message": "execution of [ReschedulingRunnable{runnable=org.elasticsearch.monitor.jvm.JvmGcMonitorService$1@6d2b9767, interval=1s}] took [31589ms] which is above the warn threshold of [5000ms]", "cluster.uuid": "Qbw2pof0QzSXC1OvK0aFSw", "node.id": "t9hfPgy_RyC9LOJUxQUrSQ"  }
{"type": "server", "timestamp": "2022-03-29T23:53:09,507Z", "level": "WARN", "component": "o.e.t.ThreadPool", "cluster.name": "tpotcluster", "node.name": "tpotcluster-node-01", "message": "timer thread slept for [22.4s/22455ms] on absolute clock which is above the warn threshold of [5000ms]", "cluster.uuid": "Qbw2pof0QzSXC1OvK0aFSw", "node.id": "t9hfPgy_RyC9LOJUxQUrSQ"  }
{"type": "server", "timestamp": "2022-03-29T23:53:16,115Z", "level": "WARN", "component": "o.e.t.ThreadPool", "cluster.name": "tpotcluster", "node.name": "tpotcluster-node-01", "message": "timer thread slept for [22.4s/22454859257ns] on relative clock which is above the warn threshold of [5000ms]", "cluster.uuid": "Qbw2pof0QzSXC1OvK0aFSw", "node.id": "t9hfPgy_RyC9LOJUxQUrSQ"  }
{"type": "server", "timestamp": "2022-03-29T23:53:21,380Z", "level": "WARN", "component": "o.e.t.ThreadPool", "cluster.name": "tpotcluster", "node.name": "tpotcluster-node-01", "message": "timer thread slept for [12s/12057ms] on absolute clock which is above the warn threshold of [5000ms]", "cluster.uuid": "Qbw2pof0QzSXC1OvK0aFSw", "node.id": "t9hfPgy_RyC9LOJUxQUrSQ"  }
{"type": "server", "timestamp": "2022-03-29T23:53:28,598Z", "level": "WARN", "component": "o.e.t.ThreadPool", "cluster.name": "tpotcluster", "node.name": "tpotcluster-node-01", "message": "timer thread slept for [12s/12056638404ns] on relative clock which is above the warn threshold of [5000ms]", "cluster.uuid": "Qbw2pof0QzSXC1OvK0aFSw", "node.id": "t9hfPgy_RyC9LOJUxQUrSQ"  }
{"type": "server", "timestamp": "2022-03-29T23:53:36,161Z", "level": "WARN", "component": "o.e.t.ThreadPool", "cluster.name": "tpotcluster", "node.name": "tpotcluster-node-01", "message": "timer thread slept for [15.3s/15355ms] on absolute clock which is above the warn threshold of [5000ms]", "cluster.uuid": "Qbw2pof0QzSXC1OvK0aFSw", "node.id": "t9hfPgy_RyC9LOJUxQUrSQ"  }
{"type": "server", "timestamp": "2022-03-29T23:53:43,316Z", "level": "WARN", "component": "o.e.t.ThreadPool", "cluster.name": "tpotcluster", "node.name": "tpotcluster-node-01", "message": "timer thread slept for [15.3s/15355075979ns] on relative clock which is above the warn threshold of [5000ms]", "cluster.uuid": "Qbw2pof0QzSXC1OvK0aFSw", "node.id": "t9hfPgy_RyC9LOJUxQUrSQ"  }
{"type": "server", "timestamp": "2022-03-29T23:56:02,628Z", "level": "WARN", "component": "o.e.t.ThreadPool", "cluster.name": "tpotcluster", "node.name": "tpotcluster-node-01", "message": "timer thread slept for [2m/124029ms] on absolute clock which is above the warn threshold of [5000ms]", "cluster.uuid": "Qbw2pof0QzSXC1OvK0aFSw", "node.id": "t9hfPgy_RyC9LOJUxQUrSQ"  }
{"type": "server", "timestamp": "2022-03-29T23:59:25,360Z", "level": "WARN", "component": "o.e.t.ThreadPool", "cluster.name": "tpotcluster", "node.name": "tpotcluster-node-01", "message": "timer thread slept for [2m/123719408405ns] on relative clock which is above the warn threshold of [5000ms]", "cluster.uuid": "Qbw2pof0QzSXC1OvK0aFSw", "node.id": "t9hfPgy_RyC9LOJUxQUrSQ"  }
{"type": "server", "timestamp": "2022-03-30T00:39:33,302Z", "level": "INFO", "component": "o.e.n.Node", "cluster.name": "tpotcluster", "node.name": "tpotcluster-node-01", "message": "version[7.17.0], pid[1], build[default/tar/bee86328705acaa9a6daede7140defd4d9ec56bd/2022-01-28T08:36:04.875279988Z], OS[Linux/4.19.0-20-cloud-amd64/amd64], JVM[Alpine/OpenJDK 64-Bit Server VM/16.0.2/16.0.2+7-alpine-r1]" }
{"type": "server", "timestamp": "2022-03-30T00:39:33,361Z", "level": "INFO", "component": "o.e.n.Node", "cluster.name": "tpotcluster", "node.name": "tpotcluster-node-01", "message": "JVM home [/usr/lib/jvm/java-16-openjdk], using bundled JDK [false]" }
{"type": "server", "timestamp": "2022-03-30T00:39:33,362Z", "level": "INFO", "component": "o.e.n.Node", "cluster.name": "tpotcluster", "node.name": "tpotcluster-node-01", "message": "JVM arguments [-Xshare:auto, -Des.networkaddress.cache.ttl=60, -Des.networkaddress.cache.negative.ttl=10, -XX:+AlwaysPreTouch, -Xss1m, -Djava.awt.headless=true, -Dfile.encoding=UTF-8, -Djna.nosys=true, -XX:-OmitStackTraceInFastThrow, -XX:+ShowCodeDetailsInExceptionMessages, -Dio.netty.noUnsafe=true, -Dio.netty.noKeySetOptimization=true, -Dio.netty.recycler.maxCapacityPerThread=0, -Dio.netty.allocator.numDirectArenas=0, -Dlog4j.shutdownHookEnabled=false, -Dlog4j2.disable.jmx=true, -Dlog4j2.formatMsgNoLookups=true, -Djava.locale.providers=SPI,COMPAT, --add-opens=java.base/java.io=ALL-UNNAMED, -XX:+UseG1GC, -Djava.io.tmpdir=/tmp, -XX:+HeapDumpOnOutOfMemoryError, -XX:+ExitOnOutOfMemoryError, -XX:HeapDumpPath=data, -XX:ErrorFile=logs/hs_err_pid%p.log, -Xlog:gc*,gc+age=trace,safepoint:file=logs/gc.log:utctime,pid,tags:filecount=32,filesize=64m, -Xms2048m, -Xmx2048m, -XX:MaxDirectMemorySize=1073741824, -XX:G1HeapRegionSize=4m, -XX:InitiatingHeapOccupancyPercent=30, -XX:G1ReservePercent=15, -Des.path.home=/usr/share/elasticsearch, -Des.path.conf=/usr/share/elasticsearch/config, -Des.distribution.flavor=default, -Des.distribution.type=tar, -Des.bundled_jdk=true]" }
{"type": "server", "timestamp": "2022-03-30T00:39:39,942Z", "level": "INFO", "component": "o.e.p.PluginsService", "cluster.name": "tpotcluster", "node.name": "tpotcluster-node-01", "message": "loaded module [aggs-matrix-stats]" }
{"type": "server", "timestamp": "2022-03-30T00:39:39,946Z", "level": "INFO", "component": "o.e.p.PluginsService", "cluster.name": "tpotcluster", "node.name": "tpotcluster-node-01", "message": "loaded module [analysis-common]" }
{"type": "server", "timestamp": "2022-03-30T00:39:39,947Z", "level": "INFO", "component": "o.e.p.PluginsService", "cluster.name": "tpotcluster", "node.name": "tpotcluster-node-01", "message": "loaded module [constant-keyword]" }
{"type": "server", "timestamp": "2022-03-30T00:39:39,948Z", "level": "INFO", "component": "o.e.p.PluginsService", "cluster.name": "tpotcluster", "node.name": "tpotcluster-node-01", "message": "loaded module [frozen-indices]" }
{"type": "server", "timestamp": "2022-03-30T00:39:39,948Z", "level": "INFO", "component": "o.e.p.PluginsService", "cluster.name": "tpotcluster", "node.name": "tpotcluster-node-01", "message": "loaded module [ingest-common]" }
{"type": "server", "timestamp": "2022-03-30T00:39:39,949Z", "level": "INFO", "component": "o.e.p.PluginsService", "cluster.name": "tpotcluster", "node.name": "tpotcluster-node-01", "message": "loaded module [ingest-geoip]" }
{"type": "server", "timestamp": "2022-03-30T00:39:39,950Z", "level": "INFO", "component": "o.e.p.PluginsService", "cluster.name": "tpotcluster", "node.name": "tpotcluster-node-01", "message": "loaded module [ingest-user-agent]" }
{"type": "server", "timestamp": "2022-03-30T00:39:39,951Z", "level": "INFO", "component": "o.e.p.PluginsService", "cluster.name": "tpotcluster", "node.name": "tpotcluster-node-01", "message": "loaded module [kibana]" }
{"type": "server", "timestamp": "2022-03-30T00:39:39,952Z", "level": "INFO", "component": "o.e.p.PluginsService", "cluster.name": "tpotcluster", "node.name": "tpotcluster-node-01", "message": "loaded module [lang-expression]" }
{"type": "server", "timestamp": "2022-03-30T00:39:39,953Z", "level": "INFO", "component": "o.e.p.PluginsService", "cluster.name": "tpotcluster", "node.name": "tpotcluster-node-01", "message": "loaded module [lang-mustache]" }
{"type": "server", "timestamp": "2022-03-30T00:39:39,953Z", "level": "INFO", "component": "o.e.p.PluginsService", "cluster.name": "tpotcluster", "node.name": "tpotcluster-node-01", "message": "loaded module [lang-painless]" }
{"type": "server", "timestamp": "2022-03-30T00:39:39,954Z", "level": "INFO", "component": "o.e.p.PluginsService", "cluster.name": "tpotcluster", "node.name": "tpotcluster-node-01", "message": "loaded module [legacy-geo]" }
{"type": "server", "timestamp": "2022-03-30T00:39:39,955Z", "level": "INFO", "component": "o.e.p.PluginsService", "cluster.name": "tpotcluster", "node.name": "tpotcluster-node-01", "message": "loaded module [mapper-extras]" }
{"type": "server", "timestamp": "2022-03-30T00:39:39,956Z", "level": "INFO", "component": "o.e.p.PluginsService", "cluster.name": "tpotcluster", "node.name": "tpotcluster-node-01", "message": "loaded module [mapper-version]" }
{"type": "server", "timestamp": "2022-03-30T00:39:39,957Z", "level": "INFO", "component": "o.e.p.PluginsService", "cluster.name": "tpotcluster", "node.name": "tpotcluster-node-01", "message": "loaded module [parent-join]" }
{"type": "server", "timestamp": "2022-03-30T00:39:39,957Z", "level": "INFO", "component": "o.e.p.PluginsService", "cluster.name": "tpotcluster", "node.name": "tpotcluster-node-01", "message": "loaded module [percolator]" }
{"type": "server", "timestamp": "2022-03-30T00:39:39,958Z", "level": "INFO", "component": "o.e.p.PluginsService", "cluster.name": "tpotcluster", "node.name": "tpotcluster-node-01", "message": "loaded module [rank-eval]" }
{"type": "server", "timestamp": "2022-03-30T00:39:39,959Z", "level": "INFO", "component": "o.e.p.PluginsService", "cluster.name": "tpotcluster", "node.name": "tpotcluster-node-01", "message": "loaded module [reindex]" }
{"type": "server", "timestamp": "2022-03-30T00:39:39,960Z", "level": "INFO", "component": "o.e.p.PluginsService", "cluster.name": "tpotcluster", "node.name": "tpotcluster-node-01", "message": "loaded module [repositories-metering-api]" }
{"type": "server", "timestamp": "2022-03-30T00:39:39,960Z", "level": "INFO", "component": "o.e.p.PluginsService", "cluster.name": "tpotcluster", "node.name": "tpotcluster-node-01", "message": "loaded module [repository-encrypted]" }
{"type": "server", "timestamp": "2022-03-30T00:39:39,961Z", "level": "INFO", "component": "o.e.p.PluginsService", "cluster.name": "tpotcluster", "node.name": "tpotcluster-node-01", "message": "loaded module [repository-url]" }
{"type": "server", "timestamp": "2022-03-30T00:39:39,962Z", "level": "INFO", "component": "o.e.p.PluginsService", "cluster.name": "tpotcluster", "node.name": "tpotcluster-node-01", "message": "loaded module [runtime-fields-common]" }
{"type": "server", "timestamp": "2022-03-30T00:39:39,962Z", "level": "INFO", "component": "o.e.p.PluginsService", "cluster.name": "tpotcluster", "node.name": "tpotcluster-node-01", "message": "loaded module [search-business-rules]" }
{"type": "server", "timestamp": "2022-03-30T00:39:39,963Z", "level": "INFO", "component": "o.e.p.PluginsService", "cluster.name": "tpotcluster", "node.name": "tpotcluster-node-01", "message": "loaded module [searchable-snapshots]" }
{"type": "server", "timestamp": "2022-03-30T00:39:39,964Z", "level": "INFO", "component": "o.e.p.PluginsService", "cluster.name": "tpotcluster", "node.name": "tpotcluster-node-01", "message": "loaded module [snapshot-repo-test-kit]" }
{"type": "server", "timestamp": "2022-03-30T00:39:39,965Z", "level": "INFO", "component": "o.e.p.PluginsService", "cluster.name": "tpotcluster", "node.name": "tpotcluster-node-01", "message": "loaded module [spatial]" }
{"type": "server", "timestamp": "2022-03-30T00:39:39,966Z", "level": "INFO", "component": "o.e.p.PluginsService", "cluster.name": "tpotcluster", "node.name": "tpotcluster-node-01", "message": "loaded module [transform]" }
{"type": "server", "timestamp": "2022-03-30T00:39:39,966Z", "level": "INFO", "component": "o.e.p.PluginsService", "cluster.name": "tpotcluster", "node.name": "tpotcluster-node-01", "message": "loaded module [transport-netty4]" }
{"type": "server", "timestamp": "2022-03-30T00:39:39,967Z", "level": "INFO", "component": "o.e.p.PluginsService", "cluster.name": "tpotcluster", "node.name": "tpotcluster-node-01", "message": "loaded module [unsigned-long]" }
{"type": "server", "timestamp": "2022-03-30T00:39:39,968Z", "level": "INFO", "component": "o.e.p.PluginsService", "cluster.name": "tpotcluster", "node.name": "tpotcluster-node-01", "message": "loaded module [vector-tile]" }
{"type": "server", "timestamp": "2022-03-30T00:39:39,968Z", "level": "INFO", "component": "o.e.p.PluginsService", "cluster.name": "tpotcluster", "node.name": "tpotcluster-node-01", "message": "loaded module [vectors]" }
{"type": "server", "timestamp": "2022-03-30T00:39:39,969Z", "level": "INFO", "component": "o.e.p.PluginsService", "cluster.name": "tpotcluster", "node.name": "tpotcluster-node-01", "message": "loaded module [wildcard]" }
{"type": "server", "timestamp": "2022-03-30T00:39:39,970Z", "level": "INFO", "component": "o.e.p.PluginsService", "cluster.name": "tpotcluster", "node.name": "tpotcluster-node-01", "message": "loaded module [x-pack-aggregate-metric]" }
{"type": "server", "timestamp": "2022-03-30T00:39:39,970Z", "level": "INFO", "component": "o.e.p.PluginsService", "cluster.name": "tpotcluster", "node.name": "tpotcluster-node-01", "message": "loaded module [x-pack-analytics]" }
{"type": "server", "timestamp": "2022-03-30T00:39:39,971Z", "level": "INFO", "component": "o.e.p.PluginsService", "cluster.name": "tpotcluster", "node.name": "tpotcluster-node-01", "message": "loaded module [x-pack-async]" }
{"type": "server", "timestamp": "2022-03-30T00:39:39,972Z", "level": "INFO", "component": "o.e.p.PluginsService", "cluster.name": "tpotcluster", "node.name": "tpotcluster-node-01", "message": "loaded module [x-pack-async-search]" }
{"type": "server", "timestamp": "2022-03-30T00:39:39,972Z", "level": "INFO", "component": "o.e.p.PluginsService", "cluster.name": "tpotcluster", "node.name": "tpotcluster-node-01", "message": "loaded module [x-pack-autoscaling]" }
{"type": "server", "timestamp": "2022-03-30T00:39:39,973Z", "level": "INFO", "component": "o.e.p.PluginsService", "cluster.name": "tpotcluster", "node.name": "tpotcluster-node-01", "message": "loaded module [x-pack-ccr]" }
{"type": "server", "timestamp": "2022-03-30T00:39:39,974Z", "level": "INFO", "component": "o.e.p.PluginsService", "cluster.name": "tpotcluster", "node.name": "tpotcluster-node-01", "message": "loaded module [x-pack-core]" }
{"type": "server", "timestamp": "2022-03-30T00:39:39,974Z", "level": "INFO", "component": "o.e.p.PluginsService", "cluster.name": "tpotcluster", "node.name": "tpotcluster-node-01", "message": "loaded module [x-pack-data-streams]" }
{"type": "server", "timestamp": "2022-03-30T00:39:39,975Z", "level": "INFO", "component": "o.e.p.PluginsService", "cluster.name": "tpotcluster", "node.name": "tpotcluster-node-01", "message": "loaded module [x-pack-deprecation]" }
{"type": "server", "timestamp": "2022-03-30T00:39:39,976Z", "level": "INFO", "component": "o.e.p.PluginsService", "cluster.name": "tpotcluster", "node.name": "tpotcluster-node-01", "message": "loaded module [x-pack-enrich]" }
{"type": "server", "timestamp": "2022-03-30T00:39:39,976Z", "level": "INFO", "component": "o.e.p.PluginsService", "cluster.name": "tpotcluster", "node.name": "tpotcluster-node-01", "message": "loaded module [x-pack-eql]" }
{"type": "server", "timestamp": "2022-03-30T00:39:39,977Z", "level": "INFO", "component": "o.e.p.PluginsService", "cluster.name": "tpotcluster", "node.name": "tpotcluster-node-01", "message": "loaded module [x-pack-fleet]" }
{"type": "server", "timestamp": "2022-03-30T00:39:39,978Z", "level": "INFO", "component": "o.e.p.PluginsService", "cluster.name": "tpotcluster", "node.name": "tpotcluster-node-01", "message": "loaded module [x-pack-graph]" }
{"type": "server", "timestamp": "2022-03-30T00:39:39,978Z", "level": "INFO", "component": "o.e.p.PluginsService", "cluster.name": "tpotcluster", "node.name": "tpotcluster-node-01", "message": "loaded module [x-pack-identity-provider]" }
{"type": "server", "timestamp": "2022-03-30T00:39:39,979Z", "level": "INFO", "component": "o.e.p.PluginsService", "cluster.name": "tpotcluster", "node.name": "tpotcluster-node-01", "message": "loaded module [x-pack-ilm]" }
{"type": "server", "timestamp": "2022-03-30T00:39:39,979Z", "level": "INFO", "component": "o.e.p.PluginsService", "cluster.name": "tpotcluster", "node.name": "tpotcluster-node-01", "message": "loaded module [x-pack-logstash]" }
{"type": "server", "timestamp": "2022-03-30T00:39:39,980Z", "level": "INFO", "component": "o.e.p.PluginsService", "cluster.name": "tpotcluster", "node.name": "tpotcluster-node-01", "message": "loaded module [x-pack-monitoring]" }
{"type": "server", "timestamp": "2022-03-30T00:39:39,981Z", "level": "INFO", "component": "o.e.p.PluginsService", "cluster.name": "tpotcluster", "node.name": "tpotcluster-node-01", "message": "loaded module [x-pack-ql]" }
{"type": "server", "timestamp": "2022-03-30T00:39:39,981Z", "level": "INFO", "component": "o.e.p.PluginsService", "cluster.name": "tpotcluster", "node.name": "tpotcluster-node-01", "message": "loaded module [x-pack-rollup]" }
{"type": "server", "timestamp": "2022-03-30T00:39:39,982Z", "level": "INFO", "component": "o.e.p.PluginsService", "cluster.name": "tpotcluster", "node.name": "tpotcluster-node-01", "message": "loaded module [x-pack-security]" }
{"type": "server", "timestamp": "2022-03-30T00:39:39,982Z", "level": "INFO", "component": "o.e.p.PluginsService", "cluster.name": "tpotcluster", "node.name": "tpotcluster-node-01", "message": "loaded module [x-pack-shutdown]" }
{"type": "server", "timestamp": "2022-03-30T00:39:39,983Z", "level": "INFO", "component": "o.e.p.PluginsService", "cluster.name": "tpotcluster", "node.name": "tpotcluster-node-01", "message": "loaded module [x-pack-sql]" }
{"type": "server", "timestamp": "2022-03-30T00:39:39,984Z", "level": "INFO", "component": "o.e.p.PluginsService", "cluster.name": "tpotcluster", "node.name": "tpotcluster-node-01", "message": "loaded module [x-pack-stack]" }
{"type": "server", "timestamp": "2022-03-30T00:39:39,984Z", "level": "INFO", "component": "o.e.p.PluginsService", "cluster.name": "tpotcluster", "node.name": "tpotcluster-node-01", "message": "loaded module [x-pack-text-structure]" }
{"type": "server", "timestamp": "2022-03-30T00:39:39,985Z", "level": "INFO", "component": "o.e.p.PluginsService", "cluster.name": "tpotcluster", "node.name": "tpotcluster-node-01", "message": "loaded module [x-pack-voting-only-node]" }
{"type": "server", "timestamp": "2022-03-30T00:39:39,986Z", "level": "INFO", "component": "o.e.p.PluginsService", "cluster.name": "tpotcluster", "node.name": "tpotcluster-node-01", "message": "loaded module [x-pack-watcher]" }
{"type": "server", "timestamp": "2022-03-30T00:39:39,987Z", "level": "INFO", "component": "o.e.p.PluginsService", "cluster.name": "tpotcluster", "node.name": "tpotcluster-node-01", "message": "no plugins loaded" }
{"type": "server", "timestamp": "2022-03-30T00:39:40,076Z", "level": "INFO", "component": "o.e.e.NodeEnvironment", "cluster.name": "tpotcluster", "node.name": "tpotcluster-node-01", "message": "using [1] data paths, mounts [[/data (/dev/sda1)]], net usable_space [103.4gb], net total_space [125.8gb], types [ext4]" }
{"type": "server", "timestamp": "2022-03-30T00:39:40,077Z", "level": "INFO", "component": "o.e.e.NodeEnvironment", "cluster.name": "tpotcluster", "node.name": "tpotcluster-node-01", "message": "heap size [2gb], compressed ordinary object pointers [true]" }
{"type": "server", "timestamp": "2022-03-30T00:39:40,431Z", "level": "INFO", "component": "o.e.n.Node", "cluster.name": "tpotcluster", "node.name": "tpotcluster-node-01", "message": "node name [tpotcluster-node-01], node ID [t9hfPgy_RyC9LOJUxQUrSQ], cluster name [tpotcluster], roles [transform, data_frozen, master, remote_cluster_client, data, data_content, data_hot, data_warm, data_cold, ingest]" }
{"type": "server", "timestamp": "2022-03-30T00:39:53,604Z", "level": "INFO", "component": "o.e.i.g.ConfigDatabases", "cluster.name": "tpotcluster", "node.name": "tpotcluster-node-01", "message": "initialized default databases [[GeoLite2-Country.mmdb, GeoLite2-City.mmdb, GeoLite2-ASN.mmdb]], config databases [[]] and watching [/usr/share/elasticsearch/config/ingest-geoip] for changes" }
{"type": "server", "timestamp": "2022-03-30T00:39:53,612Z", "level": "INFO", "component": "o.e.i.g.DatabaseNodeService", "cluster.name": "tpotcluster", "node.name": "tpotcluster-node-01", "message": "initialized database registry, using geoip-databases directory [/tmp/geoip-databases/t9hfPgy_RyC9LOJUxQUrSQ]" }
{"type": "server", "timestamp": "2022-03-30T00:39:55,513Z", "level": "INFO", "component": "o.e.t.NettyAllocator", "cluster.name": "tpotcluster", "node.name": "tpotcluster-node-01", "message": "creating NettyAllocator with the following configs: [name=elasticsearch_configured, chunk_size=1mb, suggested_max_allocation_size=1mb, factors={es.unsafe.use_netty_default_chunk_and_page_size=false, g1gc_enabled=true, g1gc_region_size=4mb}]" }
{"type": "server", "timestamp": "2022-03-30T00:39:59,089Z", "level": "INFO", "component": "o.e.d.DiscoveryModule", "cluster.name": "tpotcluster", "node.name": "tpotcluster-node-01", "message": "using discovery type [single-node] and seed hosts providers [settings]" }
{"type": "server", "timestamp": "2022-03-30T00:40:00,594Z", "level": "INFO", "component": "o.e.g.DanglingIndicesState", "cluster.name": "tpotcluster", "node.name": "tpotcluster-node-01", "message": "gateway.auto_import_dangling_indices is disabled, dangling indices will not be automatically detected or imported and must be managed manually" }
{"type": "server", "timestamp": "2022-03-30T00:40:04,146Z", "level": "INFO", "component": "o.e.n.Node", "cluster.name": "tpotcluster", "node.name": "tpotcluster-node-01", "message": "initialized" }
{"type": "server", "timestamp": "2022-03-30T00:40:04,226Z", "level": "INFO", "component": "o.e.n.Node", "cluster.name": "tpotcluster", "node.name": "tpotcluster-node-01", "message": "starting ..." }
{"type": "server", "timestamp": "2022-03-30T00:40:40,660Z", "level": "WARN", "component": "o.e.t.ThreadPool", "cluster.name": "tpotcluster", "node.name": "tpotcluster-node-01", "message": "timer thread slept for [6.8s/6838ms] on absolute clock which is above the warn threshold of [5000ms]" }
{"type": "server", "timestamp": "2022-03-30T00:40:43,672Z", "level": "WARN", "component": "o.e.t.ThreadPool", "cluster.name": "tpotcluster", "node.name": "tpotcluster-node-01", "message": "execution of [ReschedulingRunnable{runnable=org.elasticsearch.watcher.ResourceWatcherService$ResourceMonitor@484a6c33, interval=5s}] took [6991ms] which is above the warn threshold of [5000ms]" }
{"type": "server", "timestamp": "2022-03-30T00:41:07,598Z", "level": "WARN", "component": "o.e.t.ThreadPool", "cluster.name": "tpotcluster", "node.name": "tpotcluster-node-01", "message": "timer thread slept for [6.8s/6837680080ns] on relative clock which is above the warn threshold of [5000ms]" }
{"type": "server", "timestamp": "2022-03-30T00:41:14,211Z", "level": "WARN", "component": "o.e.t.ThreadPool", "cluster.name": "tpotcluster", "node.name": "tpotcluster-node-01", "message": "timer thread slept for [40.6s/40692ms] on absolute clock which is above the warn threshold of [5000ms]" }
{"type": "server", "timestamp": "2022-03-30T00:41:15,296Z", "level": "WARN", "component": "o.e.t.ThreadPool", "cluster.name": "tpotcluster", "node.name": "tpotcluster-node-01", "message": "execution of [ReschedulingRunnable{runnable=org.elasticsearch.watcher.ResourceWatcherService$ResourceMonitor@484a6c33, interval=5s}] took [40692ms] which is above the warn threshold of [5000ms]" }
{"type": "server", "timestamp": "2022-03-30T00:41:21,686Z", "level": "WARN", "component": "o.e.t.ThreadPool", "cluster.name": "tpotcluster", "node.name": "tpotcluster-node-01", "message": "timer thread slept for [40.6s/40692470485ns] on relative clock which is above the warn threshold of [5000ms]" }
{"type": "server", "timestamp": "2022-03-30T00:41:30,469Z", "level": "WARN", "component": "o.e.t.ThreadPool", "cluster.name": "tpotcluster", "node.name": "tpotcluster-node-01", "message": "timer thread slept for [15.9s/15920ms] on absolute clock which is above the warn threshold of [5000ms]" }
{"type": "server", "timestamp": "2022-03-30T00:41:37,509Z", "level": "WARN", "component": "o.e.t.ThreadPool", "cluster.name": "tpotcluster", "node.name": "tpotcluster-node-01", "message": "timer thread slept for [15.9s/15920027698ns] on relative clock which is above the warn threshold of [5000ms]" }
{"type": "server", "timestamp": "2022-03-30T00:41:44,527Z", "level": "WARN", "component": "o.e.t.ThreadPool", "cluster.name": "tpotcluster", "node.name": "tpotcluster-node-01", "message": "timer thread slept for [14.6s/14647ms] on absolute clock which is above the warn threshold of [5000ms]" }
{"type": "server", "timestamp": "2022-03-30T00:41:45,512Z", "level": "WARN", "component": "o.e.t.ThreadPool", "cluster.name": "tpotcluster", "node.name": "tpotcluster-node-01", "message": "execution of [ReschedulingRunnable{runnable=org.elasticsearch.search.SearchService$Reaper@3f93a40c, interval=1m}] took [14646ms] which is above the warn threshold of [5000ms]" }
{"type": "server", "timestamp": "2022-03-30T00:41:48,326Z", "level": "WARN", "component": "o.e.t.ThreadPool", "cluster.name": "tpotcluster", "node.name": "tpotcluster-node-01", "message": "timer thread slept for [14.6s/14646912988ns] on relative clock which is above the warn threshold of [5000ms]" }
{"type": "server", "timestamp": "2022-03-30T00:41:55,808Z", "level": "WARN", "component": "o.e.t.ThreadPool", "cluster.name": "tpotcluster", "node.name": "tpotcluster-node-01", "message": "timer thread slept for [11.5s/11592ms] on absolute clock which is above the warn threshold of [5000ms]" }
{"type": "server", "timestamp": "2022-03-30T00:41:56,626Z", "level": "WARN", "component": "o.e.t.ThreadPool", "cluster.name": "tpotcluster", "node.name": "tpotcluster-node-01", "message": "execution of [ReschedulingRunnable{runnable=org.elasticsearch.watcher.ResourceWatcherService$ResourceMonitor@484a6c33, interval=5s}] took [11592ms] which is above the warn threshold of [5000ms]" }
{"type": "server", "timestamp": "2022-03-30T00:42:03,827Z", "level": "WARN", "component": "o.e.t.ThreadPool", "cluster.name": "tpotcluster", "node.name": "tpotcluster-node-01", "message": "timer thread slept for [11.5s/11592074175ns] on relative clock which is above the warn threshold of [5000ms]" }
{"type": "server", "timestamp": "2022-03-30T00:42:12,262Z", "level": "WARN", "component": "o.e.t.ThreadPool", "cluster.name": "tpotcluster", "node.name": "tpotcluster-node-01", "message": "timer thread slept for [16s/16017ms] on absolute clock which is above the warn threshold of [5000ms]" }
{"type": "server", "timestamp": "2022-03-30T00:42:15,085Z", "level": "WARN", "component": "o.e.t.ThreadPool", "cluster.name": "tpotcluster", "node.name": "tpotcluster-node-01", "message": "execution of [ReschedulingRunnable{runnable=org.elasticsearch.watcher.ResourceWatcherService$ResourceMonitor@484a6c33, interval=5s}] took [16017ms] which is above the warn threshold of [5000ms]" }
{"type": "server", "timestamp": "2022-03-30T00:42:20,155Z", "level": "WARN", "component": "o.e.t.ThreadPool", "cluster.name": "tpotcluster", "node.name": "tpotcluster-node-01", "message": "timer thread slept for [16s/16017200272ns] on relative clock which is above the warn threshold of [5000ms]" }
{"type": "server", "timestamp": "2022-03-30T00:42:29,109Z", "level": "WARN", "component": "o.e.t.ThreadPool", "cluster.name": "tpotcluster", "node.name": "tpotcluster-node-01", "message": "timer thread slept for [16.3s/16314ms] on absolute clock which is above the warn threshold of [5000ms]" }
{"type": "server", "timestamp": "2022-03-30T00:42:33,922Z", "level": "WARN", "component": "o.e.t.ThreadPool", "cluster.name": "tpotcluster", "node.name": "tpotcluster-node-01", "message": "execution of [ReschedulingRunnable{runnable=org.elasticsearch.watcher.ResourceWatcherService$ResourceMonitor@484a6c33, interval=5s}] took [16313ms] which is above the warn threshold of [5000ms]" }
{"type": "server", "timestamp": "2022-03-30T00:42:39,075Z", "level": "WARN", "component": "o.e.t.ThreadPool", "cluster.name": "tpotcluster", "node.name": "tpotcluster-node-01", "message": "timer thread slept for [16.3s/16313765120ns] on relative clock which is above the warn threshold of [5000ms]" }
{"type": "server", "timestamp": "2022-03-30T00:42:46,550Z", "level": "WARN", "component": "o.e.t.ThreadPool", "cluster.name": "tpotcluster", "node.name": "tpotcluster-node-01", "message": "timer thread slept for [17.2s/17289ms] on absolute clock which is above the warn threshold of [5000ms]" }
{"type": "server", "timestamp": "2022-03-30T00:42:48,570Z", "level": "WARN", "component": "o.e.t.ThreadPool", "cluster.name": "tpotcluster", "node.name": "tpotcluster-node-01", "message": "execution of [ReschedulingRunnable{runnable=org.elasticsearch.indices.IndexingMemoryController$ShardsIndicesStatusChecker@2b011bd3, interval=5s}] took [17288ms] which is above the warn threshold of [5000ms]" }
{"type": "server", "timestamp": "2022-03-30T00:42:55,295Z", "level": "WARN", "component": "o.e.t.ThreadPool", "cluster.name": "tpotcluster", "node.name": "tpotcluster-node-01", "message": "timer thread slept for [17.2s/17288857112ns] on relative clock which is above the warn threshold of [5000ms]" }
{"type": "server", "timestamp": "2022-03-30T00:43:02,817Z", "level": "WARN", "component": "o.e.t.ThreadPool", "cluster.name": "tpotcluster", "node.name": "tpotcluster-node-01", "message": "timer thread slept for [17.2s/17219ms] on absolute clock which is above the warn threshold of [5000ms]" }
{"type": "server", "timestamp": "2022-03-30T00:43:06,051Z", "level": "WARN", "component": "o.e.t.ThreadPool", "cluster.name": "tpotcluster", "node.name": "tpotcluster-node-01", "message": "execution of [ReschedulingRunnable{runnable=org.elasticsearch.watcher.ResourceWatcherService$ResourceMonitor@3031c174, interval=30s}] took [17218ms] which is above the warn threshold of [5000ms]" }
{"type": "server", "timestamp": "2022-03-30T00:43:08,200Z", "level": "WARN", "component": "o.e.t.ThreadPool", "cluster.name": "tpotcluster", "node.name": "tpotcluster-node-01", "message": "timer thread slept for [17.2s/17218615777ns] on relative clock which is above the warn threshold of [5000ms]" }
{"type": "server", "timestamp": "2022-03-30T00:43:15,292Z", "level": "WARN", "component": "o.e.t.ThreadPool", "cluster.name": "tpotcluster", "node.name": "tpotcluster-node-01", "message": "execution of [ReschedulingRunnable{runnable=org.elasticsearch.search.SearchService$Reaper@3f93a40c, interval=1m}] took [11917ms] which is above the warn threshold of [5000ms]" }
{"type": "server", "timestamp": "2022-03-30T00:43:14,379Z", "level": "WARN", "component": "o.e.t.ThreadPool", "cluster.name": "tpotcluster", "node.name": "tpotcluster-node-01", "message": "timer thread slept for [11.9s/11918ms] on absolute clock which is above the warn threshold of [5000ms]" }
{"type": "server", "timestamp": "2022-03-30T00:43:20,629Z", "level": "WARN", "component": "o.e.t.ThreadPool", "cluster.name": "tpotcluster", "node.name": "tpotcluster-node-01", "message": "timer thread slept for [11.9s/11917992740ns] on relative clock which is above the warn threshold of [5000ms]" }
{"type": "server", "timestamp": "2022-03-30T00:43:24,221Z", "level": "WARN", "component": "o.e.t.ThreadPool", "cluster.name": "tpotcluster", "node.name": "tpotcluster-node-01", "message": "timer thread slept for [9.7s/9716ms] on absolute clock which is above the warn threshold of [5000ms]" }
{"type": "server", "timestamp": "2022-03-30T00:43:28,794Z", "level": "WARN", "component": "o.e.t.ThreadPool", "cluster.name": "tpotcluster", "node.name": "tpotcluster-node-01", "message": "timer thread slept for [9.7s/9716765089ns] on relative clock which is above the warn threshold of [5000ms]" }
{"type": "server", "timestamp": "2022-03-30T00:43:33,691Z", "level": "WARN", "component": "o.e.t.ThreadPool", "cluster.name": "tpotcluster", "node.name": "tpotcluster-node-01", "message": "timer thread slept for [9.7s/9730ms] on absolute clock which is above the warn threshold of [5000ms]" }
{"type": "server", "timestamp": "2022-03-30T00:43:34,884Z", "level": "WARN", "component": "o.e.t.ThreadPool", "cluster.name": "tpotcluster", "node.name": "tpotcluster-node-01", "message": "execution of [ReschedulingRunnable{runnable=org.elasticsearch.indices.IndexingMemoryController$ShardsIndicesStatusChecker@2b011bd3, interval=5s}] took [9729ms] which is above the warn threshold of [5000ms]" }
{"type": "server", "timestamp": "2022-03-30T00:43:37,843Z", "level": "WARN", "component": "o.e.t.ThreadPool", "cluster.name": "tpotcluster", "node.name": "tpotcluster-node-01", "message": "timer thread slept for [9.7s/9729906541ns] on relative clock which is above the warn threshold of [5000ms]" }
{"type": "server", "timestamp": "2022-03-30T00:43:43,699Z", "level": "WARN", "component": "o.e.t.ThreadPool", "cluster.name": "tpotcluster", "node.name": "tpotcluster-node-01", "message": "execution of [ReschedulingRunnable{runnable=org.elasticsearch.watcher.ResourceWatcherService$ResourceMonitor@3031c174, interval=30s}] took [9648ms] which is above the warn threshold of [5000ms]" }
{"type": "server", "timestamp": "2022-03-30T00:43:43,699Z", "level": "WARN", "component": "o.e.t.ThreadPool", "cluster.name": "tpotcluster", "node.name": "tpotcluster-node-01", "message": "timer thread slept for [9.6s/9648ms] on absolute clock which is above the warn threshold of [5000ms]" }
{"type": "server", "timestamp": "2022-03-30T00:43:51,571Z", "level": "WARN", "component": "o.e.t.ThreadPool", "cluster.name": "tpotcluster", "node.name": "tpotcluster-node-01", "message": "timer thread slept for [9.6s/9648223620ns] on relative clock which is above the warn threshold of [5000ms]" }
{"type": "server", "timestamp": "2022-03-30T00:44:02,263Z", "level": "WARN", "component": "o.e.t.ThreadPool", "cluster.name": "tpotcluster", "node.name": "tpotcluster-node-01", "message": "timer thread slept for [17.5s/17508ms] on absolute clock which is above the warn threshold of [5000ms]" }
{"type": "server", "timestamp": "2022-03-30T00:44:04,257Z", "level": "WARN", "component": "o.e.t.ThreadPool", "cluster.name": "tpotcluster", "node.name": "tpotcluster-node-01", "message": "execution of [ReschedulingRunnable{runnable=org.elasticsearch.watcher.ResourceWatcherService$ResourceMonitor@484a6c33, interval=5s}] took [17507ms] which is above the warn threshold of [5000ms]" }
{"type": "server", "timestamp": "2022-03-30T00:44:12,397Z", "level": "WARN", "component": "o.e.t.ThreadPool", "cluster.name": "tpotcluster", "node.name": "tpotcluster-node-01", "message": "timer thread slept for [17.5s/17507619988ns] on relative clock which is above the warn threshold of [5000ms]" }
{"type": "server", "timestamp": "2022-03-30T00:44:20,827Z", "level": "WARN", "component": "o.e.t.ThreadPool", "cluster.name": "tpotcluster", "node.name": "tpotcluster-node-01", "message": "timer thread slept for [18.7s/18797ms] on absolute clock which is above the warn threshold of [5000ms]" }
{"type": "server", "timestamp": "2022-03-30T00:44:28,619Z", "level": "WARN", "component": "o.e.t.ThreadPool", "cluster.name": "tpotcluster", "node.name": "tpotcluster-node-01", "message": "timer thread slept for [18.7s/18797026066ns] on relative clock which is above the warn threshold of [5000ms]" }
{"type": "server", "timestamp": "2022-03-30T00:44:35,743Z", "level": "WARN", "component": "o.e.t.ThreadPool", "cluster.name": "tpotcluster", "node.name": "tpotcluster-node-01", "message": "timer thread slept for [15.7s/15779ms] on absolute clock which is above the warn threshold of [5000ms]" }
{"type": "server", "timestamp": "2022-03-30T00:44:42,514Z", "level": "WARN", "component": "o.e.t.ThreadPool", "cluster.name": "tpotcluster", "node.name": "tpotcluster-node-01", "message": "timer thread slept for [15.7s/15778455302ns] on relative clock which is above the warn threshold of [5000ms]" }
{"type": "server", "timestamp": "2022-03-30T00:44:52,267Z", "level": "WARN", "component": "o.e.t.ThreadPool", "cluster.name": "tpotcluster", "node.name": "tpotcluster-node-01", "message": "execution of [ReschedulingRunnable{runnable=org.elasticsearch.indices.IndexingMemoryController$ShardsIndicesStatusChecker@2b011bd3, interval=5s}] took [13203ms] which is above the warn threshold of [5000ms]" }
{"type": "server", "timestamp": "2022-03-30T00:44:52,274Z", "level": "WARN", "component": "o.e.t.ThreadPool", "cluster.name": "tpotcluster", "node.name": "tpotcluster-node-01", "message": "timer thread slept for [13.2s/13203ms] on absolute clock which is above the warn threshold of [5000ms]" }
{"type": "server", "timestamp": "2022-03-30T00:44:59,588Z", "level": "WARN", "component": "o.e.t.ThreadPool", "cluster.name": "tpotcluster", "node.name": "tpotcluster-node-01", "message": "timer thread slept for [13.2s/13203876970ns] on relative clock which is above the warn threshold of [5000ms]" }
{"type": "server", "timestamp": "2022-03-30T00:45:10,876Z", "level": "WARN", "component": "o.e.t.ThreadPool", "cluster.name": "tpotcluster", "node.name": "tpotcluster-node-01", "message": "execution of [ReschedulingRunnable{runnable=org.elasticsearch.indices.IndexingMemoryController$ShardsIndicesStatusChecker@2b011bd3, interval=5s}] took [17297ms] which is above the warn threshold of [5000ms]" }
{"type": "server", "timestamp": "2022-03-30T00:45:07,071Z", "level": "WARN", "component": "o.e.t.ThreadPool", "cluster.name": "tpotcluster", "node.name": "tpotcluster-node-01", "message": "timer thread slept for [17.2s/17298ms] on absolute clock which is above the warn threshold of [5000ms]" }
{"type": "server", "timestamp": "2022-03-30T00:45:16,869Z", "level": "WARN", "component": "o.e.t.ThreadPool", "cluster.name": "tpotcluster", "node.name": "tpotcluster-node-01", "message": "timer thread slept for [17.2s/17297686001ns] on relative clock which is above the warn threshold of [5000ms]" }
{"type": "server", "timestamp": "2022-03-30T00:45:25,871Z", "level": "WARN", "component": "o.e.t.ThreadPool", "cluster.name": "tpotcluster", "node.name": "tpotcluster-node-01", "message": "timer thread slept for [19.5s/19570ms] on absolute clock which is above the warn threshold of [5000ms]" }
{"type": "server", "timestamp": "2022-03-30T00:45:29,384Z", "level": "WARN", "component": "o.e.t.ThreadPool", "cluster.name": "tpotcluster", "node.name": "tpotcluster-node-01", "message": "execution of [ReschedulingRunnable{runnable=org.elasticsearch.indices.IndexingMemoryController$ShardsIndicesStatusChecker@2b011bd3, interval=5s}] took [19570ms] which is above the warn threshold of [5000ms]" }
{"type": "server", "timestamp": "2022-03-30T00:45:33,788Z", "level": "WARN", "component": "o.e.t.ThreadPool", "cluster.name": "tpotcluster", "node.name": "tpotcluster-node-01", "message": "timer thread slept for [19.5s/19570322671ns] on relative clock which is above the warn threshold of [5000ms]" }
{"type": "server", "timestamp": "2022-03-30T00:45:47,670Z", "level": "WARN", "component": "o.e.t.ThreadPool", "cluster.name": "tpotcluster", "node.name": "tpotcluster-node-01", "message": "timer thread slept for [21.7s/21757ms] on absolute clock which is above the warn threshold of [5000ms]" }
{"type": "server", "timestamp": "2022-03-30T00:45:47,670Z", "level": "WARN", "component": "o.e.t.ThreadPool", "cluster.name": "tpotcluster", "node.name": "tpotcluster-node-01", "message": "execution of [ReschedulingRunnable{runnable=org.elasticsearch.indices.IndexingMemoryController$ShardsIndicesStatusChecker@2b011bd3, interval=5s}] took [21756ms] which is above the warn threshold of [5000ms]" }
{"type": "server", "timestamp": "2022-03-30T00:45:58,184Z", "level": "WARN", "component": "o.e.t.ThreadPool", "cluster.name": "tpotcluster", "node.name": "tpotcluster-node-01", "message": "timer thread slept for [21.7s/21756997438ns] on relative clock which is above the warn threshold of [5000ms]" }
{"type": "server", "timestamp": "2022-03-30T00:46:13,770Z", "level": "WARN", "component": "o.e.t.ThreadPool", "cluster.name": "tpotcluster", "node.name": "tpotcluster-node-01", "message": "execution of [ReschedulingRunnable{runnable=org.elasticsearch.watcher.ResourceWatcherService$ResourceMonitor@484a6c33, interval=5s}] took [26194ms] which is above the warn threshold of [5000ms]" }
{"type": "server", "timestamp": "2022-03-30T00:46:13,752Z", "level": "WARN", "component": "o.e.t.ThreadPool", "cluster.name": "tpotcluster", "node.name": "tpotcluster-node-01", "message": "timer thread slept for [26.1s/26195ms] on absolute clock which is above the warn threshold of [5000ms]" }
{"type": "server", "timestamp": "2022-03-30T00:46:37,424Z", "level": "WARN", "component": "o.e.t.ThreadPool", "cluster.name": "tpotcluster", "node.name": "tpotcluster-node-01", "message": "timer thread slept for [26.1s/26194350697ns] on relative clock which is above the warn threshold of [5000ms]" }
{"type": "server", "timestamp": "2022-03-30T00:46:41,765Z", "level": "WARN", "component": "o.e.t.ThreadPool", "cluster.name": "tpotcluster", "node.name": "tpotcluster-node-01", "message": "timer thread slept for [28s/28029ms] on absolute clock which is above the warn threshold of [5000ms]" }
{"type": "server", "timestamp": "2022-03-30T00:46:42,467Z", "level": "WARN", "component": "o.e.t.ThreadPool", "cluster.name": "tpotcluster", "node.name": "tpotcluster-node-01", "message": "execution of [ReschedulingRunnable{runnable=org.elasticsearch.indices.IndexingMemoryController$ShardsIndicesStatusChecker@2b011bd3, interval=5s}] took [28029ms] which is above the warn threshold of [5000ms]" }
{"type": "server", "timestamp": "2022-03-30T00:46:46,949Z", "level": "WARN", "component": "o.e.t.ThreadPool", "cluster.name": "tpotcluster", "node.name": "tpotcluster-node-01", "message": "timer thread slept for [28s/28029413503ns] on relative clock which is above the warn threshold of [5000ms]" }
{"type": "server", "timestamp": "2022-03-30T00:46:53,926Z", "level": "WARN", "component": "o.e.t.ThreadPool", "cluster.name": "tpotcluster", "node.name": "tpotcluster-node-01", "message": "timer thread slept for [11s/11068ms] on absolute clock which is above the warn threshold of [5000ms]" }
{"type": "server", "timestamp": "2022-03-30T00:46:54,585Z", "level": "WARN", "component": "o.e.t.ThreadPool", "cluster.name": "tpotcluster", "node.name": "tpotcluster-node-01", "message": "execution of [ReschedulingRunnable{runnable=org.elasticsearch.watcher.ResourceWatcherService$ResourceMonitor@cc1f8ad, interval=1m}] took [11067ms] which is above the warn threshold of [5000ms]" }
{"type": "server", "timestamp": "2022-03-30T00:47:00,591Z", "level": "WARN", "component": "o.e.t.ThreadPool", "cluster.name": "tpotcluster", "node.name": "tpotcluster-node-01", "message": "timer thread slept for [11s/11067423214ns] on relative clock which is above the warn threshold of [5000ms]" }
{"type": "server", "timestamp": "2022-03-30T00:47:09,357Z", "level": "WARN", "component": "o.e.t.ThreadPool", "cluster.name": "tpotcluster", "node.name": "tpotcluster-node-01", "message": "execution of [ReschedulingRunnable{runnable=org.elasticsearch.indices.IndexingMemoryController$ShardsIndicesStatusChecker@2b011bd3, interval=5s}] took [13867ms] which is above the warn threshold of [5000ms]" }
{"type": "server", "timestamp": "2022-03-30T00:47:07,675Z", "level": "WARN", "component": "o.e.t.ThreadPool", "cluster.name": "tpotcluster", "node.name": "tpotcluster-node-01", "message": "timer thread slept for [13.8s/13867ms] on absolute clock which is above the warn threshold of [5000ms]" }
{"type": "server", "timestamp": "2022-03-30T00:47:18,437Z", "level": "WARN", "component": "o.e.t.ThreadPool", "cluster.name": "tpotcluster", "node.name": "tpotcluster-node-01", "message": "timer thread slept for [13.8s/13867734138ns] on relative clock which is above the warn threshold of [5000ms]" }
{"type": "server", "timestamp": "2022-03-30T00:47:30,307Z", "level": "WARN", "component": "o.e.t.ThreadPool", "cluster.name": "tpotcluster", "node.name": "tpotcluster-node-01", "message": "execution of [ReschedulingRunnable{runnable=org.elasticsearch.indices.IndexingMemoryController$ShardsIndicesStatusChecker@2b011bd3, interval=5s}] took [22208ms] which is above the warn threshold of [5000ms]" }
{"type": "server", "timestamp": "2022-03-30T00:47:29,622Z", "level": "WARN", "component": "o.e.t.ThreadPool", "cluster.name": "tpotcluster", "node.name": "tpotcluster-node-01", "message": "timer thread slept for [22.2s/22209ms] on absolute clock which is above the warn threshold of [5000ms]" }
{"type": "server", "timestamp": "2022-03-30T00:47:36,423Z", "level": "WARN", "component": "o.e.t.ThreadPool", "cluster.name": "tpotcluster", "node.name": "tpotcluster-node-01", "message": "timer thread slept for [22.2s/22208840378ns] on relative clock which is above the warn threshold of [5000ms]" }
{"type": "server", "timestamp": "2022-03-30T00:47:44,214Z", "level": "WARN", "component": "o.e.t.ThreadPool", "cluster.name": "tpotcluster", "node.name": "tpotcluster-node-01", "message": "timer thread slept for [14.7s/14731ms] on absolute clock which is above the warn threshold of [5000ms]" }
{"type": "server", "timestamp": "2022-03-30T00:47:46,579Z", "level": "INFO", "component": "o.e.x.s.c.f.PersistentCache", "cluster.name": "tpotcluster", "node.name": "tpotcluster-node-01", "message": "persistent cache index loaded" }
{"type": "server", "timestamp": "2022-03-30T00:47:49,983Z", "level": "WARN", "component": "o.e.t.ThreadPool", "cluster.name": "tpotcluster", "node.name": "tpotcluster-node-01", "message": "timer thread slept for [14.7s/14730270867ns] on relative clock which is above the warn threshold of [5000ms]" }
{"type": "server", "timestamp": "2022-03-30T00:47:58,550Z", "level": "WARN", "component": "o.e.t.ThreadPool", "cluster.name": "tpotcluster", "node.name": "tpotcluster-node-01", "message": "timer thread slept for [15s/15007ms] on absolute clock which is above the warn threshold of [5000ms]" }
{"type": "server", "timestamp": "2022-03-30T00:48:03,028Z", "level": "WARN", "component": "o.e.t.ThreadPool", "cluster.name": "tpotcluster", "node.name": "tpotcluster-node-01", "message": "execution of [ReschedulingRunnable{runnable=org.elasticsearch.watcher.ResourceWatcherService$ResourceMonitor@484a6c33, interval=5s}] took [15007ms] which is above the warn threshold of [5000ms]" }
{"type": "server", "timestamp": "2022-03-30T00:48:10,565Z", "level": "WARN", "component": "o.e.t.ThreadPool", "cluster.name": "tpotcluster", "node.name": "tpotcluster-node-01", "message": "timer thread slept for [15s/15007294970ns] on relative clock which is above the warn threshold of [5000ms]" }
{"type": "server", "timestamp": "2022-03-30T00:48:25,303Z", "level": "WARN", "component": "o.e.t.ThreadPool", "cluster.name": "tpotcluster", "node.name": "tpotcluster-node-01", "message": "timer thread slept for [25.7s/25747ms] on absolute clock which is above the warn threshold of [5000ms]" }
{"type": "server", "timestamp": "2022-03-30T00:48:24,920Z", "level": "WARN", "component": "o.e.t.ThreadPool", "cluster.name": "tpotcluster", "node.name": "tpotcluster-node-01", "message": "execution of [ReschedulingRunnable{runnable=org.elasticsearch.indices.IndexingMemoryController$ShardsIndicesStatusChecker@2b011bd3, interval=5s}] took [25747ms] which is above the warn threshold of [5000ms]" }
{"type": "server", "timestamp": "2022-03-30T00:48:38,545Z", "level": "WARN", "component": "o.e.t.ThreadPool", "cluster.name": "tpotcluster", "node.name": "tpotcluster-node-01", "message": "timer thread slept for [25.7s/25747038800ns] on relative clock which is above the warn threshold of [5000ms]" }
{"type": "server", "timestamp": "2022-03-30T00:48:53,033Z", "level": "WARN", "component": "o.e.t.ThreadPool", "cluster.name": "tpotcluster", "node.name": "tpotcluster-node-01", "message": "timer thread slept for [26.6s/26601ms] on absolute clock which is above the warn threshold of [5000ms]" }
{"type": "server", "timestamp": "2022-03-30T00:48:53,670Z", "level": "WARN", "component": "o.e.t.ThreadPool", "cluster.name": "tpotcluster", "node.name": "tpotcluster-node-01", "message": "execution of [ReschedulingRunnable{runnable=org.elasticsearch.search.SearchService$Reaper@3f93a40c, interval=1m}] took [26601ms] which is above the warn threshold of [5000ms]" }
{"type": "server", "timestamp": "2022-03-30T00:49:04,875Z", "level": "WARN", "component": "o.e.t.ThreadPool", "cluster.name": "tpotcluster", "node.name": "tpotcluster-node-01", "message": "timer thread slept for [26.6s/26601443308ns] on relative clock which is above the warn threshold of [5000ms]" }
{"type": "server", "timestamp": "2022-03-30T00:49:17,268Z", "level": "WARN", "component": "o.e.t.ThreadPool", "cluster.name": "tpotcluster", "node.name": "tpotcluster-node-01", "message": "timer thread slept for [25.8s/25830ms] on absolute clock which is above the warn threshold of [5000ms]" }
{"type": "server", "timestamp": "2022-03-30T00:49:17,264Z", "level": "WARN", "component": "o.e.t.ThreadPool", "cluster.name": "tpotcluster", "node.name": "tpotcluster-node-01", "message": "execution of [ReschedulingRunnable{runnable=org.elasticsearch.watcher.ResourceWatcherService$ResourceMonitor@484a6c33, interval=5s}] took [25829ms] which is above the warn threshold of [5000ms]" }
{"type": "server", "timestamp": "2022-03-30T00:49:30,009Z", "level": "WARN", "component": "o.e.t.ThreadPool", "cluster.name": "tpotcluster", "node.name": "tpotcluster-node-01", "message": "timer thread slept for [25.8s/25829407189ns] on relative clock which is above the warn threshold of [5000ms]" }
{"type": "server", "timestamp": "2022-03-30T00:49:39,120Z", "level": "WARN", "component": "o.e.t.ThreadPool", "cluster.name": "tpotcluster", "node.name": "tpotcluster-node-01", "message": "timer thread slept for [21.7s/21737ms] on absolute clock which is above the warn threshold of [5000ms]" }
{"type": "server", "timestamp": "2022-03-30T00:49:49,080Z", "level": "WARN", "component": "o.e.t.ThreadPool", "cluster.name": "tpotcluster", "node.name": "tpotcluster-node-01", "message": "timer thread slept for [21.7s/21736879467ns] on relative clock which is above the warn threshold of [5000ms]" }
{"type": "server", "timestamp": "2022-03-30T00:49:58,967Z", "level": "WARN", "component": "o.e.t.ThreadPool", "cluster.name": "tpotcluster", "node.name": "tpotcluster-node-01", "message": "timer thread slept for [20s/20010ms] on absolute clock which is above the warn threshold of [5000ms]" }
{"type": "server", "timestamp": "2022-03-30T00:50:01,620Z", "level": "WARN", "component": "o.e.t.ThreadPool", "cluster.name": "tpotcluster", "node.name": "tpotcluster-node-01", "message": "execution of [ReschedulingRunnable{runnable=org.elasticsearch.watcher.ResourceWatcherService$ResourceMonitor@cc1f8ad, interval=1m}] took [20010ms] which is above the warn threshold of [5000ms]" }
{"type": "server", "timestamp": "2022-03-30T00:50:08,781Z", "level": "WARN", "component": "o.e.t.ThreadPool", "cluster.name": "tpotcluster", "node.name": "tpotcluster-node-01", "message": "timer thread slept for [20s/20010474995ns] on relative clock which is above the warn threshold of [5000ms]" }
{"type": "server", "timestamp": "2022-03-30T00:50:17,428Z", "level": "WARN", "component": "o.e.t.ThreadPool", "cluster.name": "tpotcluster", "node.name": "tpotcluster-node-01", "message": "timer thread slept for [18.4s/18402ms] on absolute clock which is above the warn threshold of [5000ms]" }
{"type": "server", "timestamp": "2022-03-30T00:50:21,393Z", "level": "WARN", "component": "o.e.t.ThreadPool", "cluster.name": "tpotcluster", "node.name": "tpotcluster-node-01", "message": "execution of [ReschedulingRunnable{runnable=org.elasticsearch.watcher.ResourceWatcherService$ResourceMonitor@484a6c33, interval=5s}] took [18402ms] which is above the warn threshold of [5000ms]" }
{"type": "server", "timestamp": "2022-03-30T00:50:27,887Z", "level": "INFO", "component": "o.e.x.d.l.DeprecationIndexingComponent", "cluster.name": "tpotcluster", "node.name": "tpotcluster-node-01", "message": "deprecation component started" }
{"type": "server", "timestamp": "2022-03-30T00:50:27,827Z", "level": "WARN", "component": "o.e.t.ThreadPool", "cluster.name": "tpotcluster", "node.name": "tpotcluster-node-01", "message": "timer thread slept for [18.4s/18402397271ns] on relative clock which is above the warn threshold of [5000ms]" }
{"type": "server", "timestamp": "2022-03-30T00:50:36,830Z", "level": "WARN", "component": "o.e.t.ThreadPool", "cluster.name": "tpotcluster", "node.name": "tpotcluster-node-01", "message": "timer thread slept for [18.3s/18369ms] on absolute clock which is above the warn threshold of [5000ms]" }
{"type": "server", "timestamp": "2022-03-30T00:50:44,659Z", "level": "WARN", "component": "o.e.t.ThreadPool", "cluster.name": "tpotcluster", "node.name": "tpotcluster-node-01", "message": "timer thread slept for [18.3s/18368161712ns] on relative clock which is above the warn threshold of [5000ms]" }
{"type": "server", "timestamp": "2022-03-30T00:50:57,684Z", "level": "WARN", "component": "o.e.t.ThreadPool", "cluster.name": "tpotcluster", "node.name": "tpotcluster-node-01", "message": "timer thread slept for [20.4s/20411ms] on absolute clock which is above the warn threshold of [5000ms]" }
{"type": "server", "timestamp": "2022-03-30T00:51:01,218Z", "level": "WARN", "component": "o.e.t.ThreadPool", "cluster.name": "tpotcluster", "node.name": "tpotcluster-node-01", "message": "execution of [ReschedulingRunnable{runnable=org.elasticsearch.indices.IndexingMemoryController$ShardsIndicesStatusChecker@2b011bd3, interval=5s}] took [20411ms] which is above the warn threshold of [5000ms]" }
{"type": "server", "timestamp": "2022-03-30T00:51:10,107Z", "level": "WARN", "component": "o.e.t.ThreadPool", "cluster.name": "tpotcluster", "node.name": "tpotcluster-node-01", "message": "timer thread slept for [20.4s/20411752533ns] on relative clock which is above the warn threshold of [5000ms]" }
{"type": "server", "timestamp": "2022-03-30T00:51:42,364Z", "level": "WARN", "component": "o.e.t.ThreadPool", "cluster.name": "tpotcluster", "node.name": "tpotcluster-node-01", "message": "timer thread slept for [45.5s/45598ms] on absolute clock which is above the warn threshold of [5000ms]" }
{"type": "server", "timestamp": "2022-03-30T00:51:41,906Z", "level": "WARN", "component": "o.e.t.ThreadPool", "cluster.name": "tpotcluster", "node.name": "tpotcluster-node-01", "message": "execution of [ReschedulingRunnable{runnable=org.elasticsearch.watcher.ResourceWatcherService$ResourceMonitor@484a6c33, interval=5s}] took [45597ms] which is above the warn threshold of [5000ms]" }
{"type": "server", "timestamp": "2022-03-30T00:51:54,939Z", "level": "WARN", "component": "o.e.t.ThreadPool", "cluster.name": "tpotcluster", "node.name": "tpotcluster-node-01", "message": "timer thread slept for [45.5s/45597793796ns] on relative clock which is above the warn threshold of [5000ms]" }
{"type": "server", "timestamp": "2022-03-30T00:52:19,520Z", "level": "WARN", "component": "o.e.t.ThreadPool", "cluster.name": "tpotcluster", "node.name": "tpotcluster-node-01", "message": "timer thread slept for [36.6s/36694ms] on absolute clock which is above the warn threshold of [5000ms]" }
{"type": "server", "timestamp": "2022-03-30T00:52:25,823Z", "level": "WARN", "component": "o.e.t.ThreadPool", "cluster.name": "tpotcluster", "node.name": "tpotcluster-node-01", "message": "execution of [ReschedulingRunnable{runnable=org.elasticsearch.indices.IndexingMemoryController$ShardsIndicesStatusChecker@2b011bd3, interval=5s}] took [36694ms] which is above the warn threshold of [5000ms]" }
{"type": "server", "timestamp": "2022-03-30T00:52:32,745Z", "level": "WARN", "component": "o.e.t.ThreadPool", "cluster.name": "tpotcluster", "node.name": "tpotcluster-node-01", "message": "timer thread slept for [36.6s/36694286278ns] on relative clock which is above the warn threshold of [5000ms]" }
{"type": "server", "timestamp": "2022-03-30T00:52:43,903Z", "level": "WARN", "component": "o.e.t.ThreadPool", "cluster.name": "tpotcluster", "node.name": "tpotcluster-node-01", "message": "execution of [ReschedulingRunnable{runnable=org.elasticsearch.watcher.ResourceWatcherService$ResourceMonitor@484a6c33, interval=5s}] took [24593ms] which is above the warn threshold of [5000ms]" }
{"type": "server", "timestamp": "2022-03-30T00:52:43,396Z", "level": "WARN", "component": "o.e.t.ThreadPool", "cluster.name": "tpotcluster", "node.name": "tpotcluster-node-01", "message": "timer thread slept for [24.5s/24594ms] on absolute clock which is above the warn threshold of [5000ms]" }
{"type": "server", "timestamp": "2022-03-30T00:52:51,029Z", "level": "WARN", "component": "o.e.t.ThreadPool", "cluster.name": "tpotcluster", "node.name": "tpotcluster-node-01", "message": "timer thread slept for [24.5s/24593310151ns] on relative clock which is above the warn threshold of [5000ms]" }
{"type": "server", "timestamp": "2022-03-30T00:52:59,514Z", "level": "WARN", "component": "o.e.t.ThreadPool", "cluster.name": "tpotcluster", "node.name": "tpotcluster-node-01", "message": "timer thread slept for [16.3s/16343ms] on absolute clock which is above the warn threshold of [5000ms]" }
{"type": "server", "timestamp": "2022-03-30T00:53:01,149Z", "level": "WARN", "component": "o.e.t.ThreadPool", "cluster.name": "tpotcluster", "node.name": "tpotcluster-node-01", "message": "execution of [ReschedulingRunnable{runnable=org.elasticsearch.indices.IndexingMemoryController$ShardsIndicesStatusChecker@2b011bd3, interval=5s}] took [16343ms] which is above the warn threshold of [5000ms]" }
{"type": "server", "timestamp": "2022-03-30T00:53:11,420Z", "level": "WARN", "component": "o.e.t.ThreadPool", "cluster.name": "tpotcluster", "node.name": "tpotcluster-node-01", "message": "timer thread slept for [16.3s/16343032579ns] on relative clock which is above the warn threshold of [5000ms]" }
{"type": "server", "timestamp": "2022-03-30T00:53:22,741Z", "level": "WARN", "component": "o.e.t.ThreadPool", "cluster.name": "tpotcluster", "node.name": "tpotcluster-node-01", "message": "timer thread slept for [22.3s/22365ms] on absolute clock which is above the warn threshold of [5000ms]" }
{"type": "server", "timestamp": "2022-03-30T00:53:22,007Z", "level": "WARN", "component": "o.e.t.ThreadPool", "cluster.name": "tpotcluster", "node.name": "tpotcluster-node-01", "message": "execution of [ReschedulingRunnable{runnable=org.elasticsearch.search.SearchService$Reaper@3f93a40c, interval=1m}] took [22365ms] which is above the warn threshold of [5000ms]" }
{"type": "server", "timestamp": "2022-03-30T00:53:32,639Z", "level": "WARN", "component": "o.e.t.ThreadPool", "cluster.name": "tpotcluster", "node.name": "tpotcluster-node-01", "message": "timer thread slept for [22.3s/22365058686ns] on relative clock which is above the warn threshold of [5000ms]" }
{"type": "server", "timestamp": "2022-03-30T00:53:47,463Z", "level": "WARN", "component": "o.e.t.ThreadPool", "cluster.name": "tpotcluster", "node.name": "tpotcluster-node-01", "message": "timer thread slept for [25.2s/25236ms] on absolute clock which is above the warn threshold of [5000ms]" }
{"type": "server", "timestamp": "2022-03-30T00:53:51,473Z", "level": "WARN", "component": "o.e.t.ThreadPool", "cluster.name": "tpotcluster", "node.name": "tpotcluster-node-01", "message": "execution of [ReschedulingRunnable{runnable=org.elasticsearch.indices.IndexingMemoryController$ShardsIndicesStatusChecker@2b011bd3, interval=5s}] took [25235ms] which is above the warn threshold of [5000ms]" }
{"type": "server", "timestamp": "2022-03-30T00:53:59,090Z", "level": "WARN", "component": "o.e.t.ThreadPool", "cluster.name": "tpotcluster", "node.name": "tpotcluster-node-01", "message": "timer thread slept for [25.2s/25235728389ns] on relative clock which is above the warn threshold of [5000ms]" }
{"type": "server", "timestamp": "2022-03-30T00:54:21,850Z", "level": "WARN", "component": "o.e.t.ThreadPool", "cluster.name": "tpotcluster", "node.name": "tpotcluster-node-01", "message": "timer thread slept for [32.9s/32986ms] on absolute clock which is above the warn threshold of [5000ms]" }
{"type": "server", "timestamp": "2022-03-30T00:54:35,611Z", "level": "WARN", "component": "o.e.t.ThreadPool", "cluster.name": "tpotcluster", "node.name": "tpotcluster-node-01", "message": "timer thread slept for [32.9s/32986105601ns] on relative clock which is above the warn threshold of [5000ms]" }
{"type": "server", "timestamp": "2022-03-30T00:54:52,884Z", "level": "WARN", "component": "o.e.t.ThreadPool", "cluster.name": "tpotcluster", "node.name": "tpotcluster-node-01", "message": "timer thread slept for [27.9s/27910ms] on absolute clock which is above the warn threshold of [5000ms]" }
{"type": "server", "timestamp": "2022-03-30T00:55:06,290Z", "level": "WARN", "component": "o.e.t.ThreadPool", "cluster.name": "tpotcluster", "node.name": "tpotcluster-node-01", "message": "timer thread slept for [27.9s/27910477889ns] on relative clock which is above the warn threshold of [5000ms]" }
{"type": "server", "timestamp": "2022-03-30T00:55:25,219Z", "level": "WARN", "component": "o.e.t.ThreadPool", "cluster.name": "tpotcluster", "node.name": "tpotcluster-node-01", "message": "timer thread slept for [37s/37055ms] on absolute clock which is above the warn threshold of [5000ms]" }
{"type": "server", "timestamp": "2022-03-30T00:55:36,531Z", "level": "WARN", "component": "o.e.t.ThreadPool", "cluster.name": "tpotcluster", "node.name": "tpotcluster-node-01", "message": "timer thread slept for [37s/37055070159ns] on relative clock which is above the warn threshold of [5000ms]" }
{"type": "server", "timestamp": "2022-03-30T00:55:54,100Z", "level": "WARN", "component": "o.e.t.ThreadPool", "cluster.name": "tpotcluster", "node.name": "tpotcluster-node-01", "message": "timer thread slept for [27.6s/27697ms] on absolute clock which is above the warn threshold of [5000ms]" }
{"type": "server", "timestamp": "2022-03-30T00:56:14,064Z", "level": "WARN", "component": "o.e.t.ThreadPool", "cluster.name": "tpotcluster", "node.name": "tpotcluster-node-01", "message": "timer thread slept for [27.6s/27696920188ns] on relative clock which is above the warn threshold of [5000ms]" }
{"type": "server", "timestamp": "2022-03-30T00:56:34,182Z", "level": "WARN", "component": "o.e.t.ThreadPool", "cluster.name": "tpotcluster", "node.name": "tpotcluster-node-01", "message": "timer thread slept for [38.8s/38804ms] on absolute clock which is above the warn threshold of [5000ms]" }
{"type": "server", "timestamp": "2022-03-30T00:57:07,580Z", "level": "WARN", "component": "o.e.t.ThreadPool", "cluster.name": "tpotcluster", "node.name": "tpotcluster-node-01", "message": "timer thread slept for [38.8s/38804220805ns] on relative clock which is above the warn threshold of [5000ms]" }
{"type": "server", "timestamp": "2022-03-30T00:57:52,162Z", "level": "WARN", "component": "o.e.t.ThreadPool", "cluster.name": "tpotcluster", "node.name": "tpotcluster-node-01", "message": "timer thread slept for [1.2m/73738ms] on absolute clock which is above the warn threshold of [5000ms]" }
{"type": "server", "timestamp": "2022-03-30T00:58:52,850Z", "level": "WARN", "component": "o.e.t.ThreadPool", "cluster.name": "tpotcluster", "node.name": "tpotcluster-node-01", "message": "timer thread slept for [1.2m/73737375053ns] on relative clock which is above the warn threshold of [5000ms]" }
{"type": "server", "timestamp": "2022-03-30T00:59:19,567Z", "level": "WARN", "component": "o.e.t.ThreadPool", "cluster.name": "tpotcluster", "node.name": "tpotcluster-node-01", "message": "timer thread slept for [1.5m/90310ms] on absolute clock which is above the warn threshold of [5000ms]" }
{"type": "server", "timestamp": "2022-03-30T01:00:04,909Z", "level": "WARN", "component": "o.e.t.ThreadPool", "cluster.name": "tpotcluster", "node.name": "tpotcluster-node-01", "message": "timer thread slept for [1.5m/90309887929ns] on relative clock which is above the warn threshold of [5000ms]" }
{"type": "server", "timestamp": "2022-03-30T01:00:36,736Z", "level": "WARN", "component": "o.e.t.ThreadPool", "cluster.name": "tpotcluster", "node.name": "tpotcluster-node-01", "message": "timer thread slept for [1.3m/79159ms] on absolute clock which is above the warn threshold of [5000ms]" }
{"type": "server", "timestamp": "2022-03-30T01:00:55,327Z", "level": "WARN", "component": "o.e.t.ThreadPool", "cluster.name": "tpotcluster", "node.name": "tpotcluster-node-01", "message": "timer thread slept for [1.3m/79159731346ns] on relative clock which is above the warn threshold of [5000ms]" }
{"type": "server", "timestamp": "2022-03-30T01:01:14,373Z", "level": "WARN", "component": "o.e.t.ThreadPool", "cluster.name": "tpotcluster", "node.name": "tpotcluster-node-01", "message": "timer thread slept for [36.9s/36930ms] on absolute clock which is above the warn threshold of [5000ms]" }
{"type": "server", "timestamp": "2022-03-30T01:02:46,914Z", "level": "WARN", "component": "o.e.t.ThreadPool", "cluster.name": "tpotcluster", "node.name": "tpotcluster-node-01", "message": "timer thread slept for [36.9s/36929771528ns] on relative clock which is above the warn threshold of [5000ms]" }
{"type": "server", "timestamp": "2022-03-30T01:04:12,860Z", "level": "WARN", "component": "o.e.t.ThreadPool", "cluster.name": "tpotcluster", "node.name": "tpotcluster-node-01", "message": "timer thread slept for [2.9m/176476ms] on absolute clock which is above the warn threshold of [5000ms]" }
{"type": "server", "timestamp": "2022-03-30T01:04:04,156Z", "level": "WARN", "component": "o.e.t.ThreadPool", "cluster.name": "tpotcluster", "node.name": "tpotcluster-node-01", "message": "execution of [org.elasticsearch.indices.IndicesService$CacheCleaner@3ef79c21] took [411603ms] which is above the warn threshold of [5000ms]" }
{"type": "server", "timestamp": "2022-03-30T01:04:51,551Z", "level": "WARN", "component": "o.e.t.ThreadPool", "cluster.name": "tpotcluster", "node.name": "tpotcluster-node-01", "message": "timer thread slept for [2.9m/176476081317ns] on relative clock which is above the warn threshold of [5000ms]" }
{"type": "server", "timestamp": "2022-03-30T01:05:19,269Z", "level": "WARN", "component": "o.e.t.ThreadPool", "cluster.name": "tpotcluster", "node.name": "tpotcluster-node-01", "message": "timer thread slept for [1.1m/67291ms] on absolute clock which is above the warn threshold of [5000ms]" }
{"type": "server", "timestamp": "2022-03-30T01:05:25,986Z", "level": "WARN", "component": "o.e.t.ThreadPool", "cluster.name": "tpotcluster", "node.name": "tpotcluster-node-01", "message": "execution of [ReschedulingRunnable{runnable=org.elasticsearch.watcher.ResourceWatcherService$ResourceMonitor@cc1f8ad, interval=1m}] took [67291ms] which is above the warn threshold of [5000ms]" }
{"type": "server", "timestamp": "2022-03-30T01:06:25,213Z", "level": "WARN", "component": "o.e.t.ThreadPool", "cluster.name": "tpotcluster", "node.name": "tpotcluster-node-01", "message": "timer thread slept for [1.1m/67291197014ns] on relative clock which is above the warn threshold of [5000ms]" }
{"type": "server", "timestamp": "2022-03-30T01:07:11,330Z", "level": "WARN", "component": "o.e.t.ThreadPool", "cluster.name": "tpotcluster", "node.name": "tpotcluster-node-01", "message": "timer thread slept for [1.8m/111740ms] on absolute clock which is above the warn threshold of [5000ms]" }
{"type": "server", "timestamp": "2022-03-30T01:08:26,059Z", "level": "WARN", "component": "o.e.t.ThreadPool", "cluster.name": "tpotcluster", "node.name": "tpotcluster-node-01", "message": "timer thread slept for [1.8m/111739597403ns] on relative clock which is above the warn threshold of [5000ms]" }
{"type": "server", "timestamp": "2022-03-30T01:08:53,931Z", "level": "WARN", "component": "o.e.t.ThreadPool", "cluster.name": "tpotcluster", "node.name": "tpotcluster-node-01", "message": "timer thread slept for [1.7m/104455ms] on absolute clock which is above the warn threshold of [5000ms]" }
{"type": "server", "timestamp": "2022-03-30T01:09:16,715Z", "level": "WARN", "component": "o.e.t.ThreadPool", "cluster.name": "tpotcluster", "node.name": "tpotcluster-node-01", "message": "timer thread slept for [1.7m/104455436899ns] on relative clock which is above the warn threshold of [5000ms]" }
{"type": "server", "timestamp": "2022-03-30T01:09:41,759Z", "level": "WARN", "component": "o.e.t.ThreadPool", "cluster.name": "tpotcluster", "node.name": "tpotcluster-node-01", "message": "timer thread slept for [47.9s/47926ms] on absolute clock which is above the warn threshold of [5000ms]" }
{"type": "server", "timestamp": "2022-03-30T01:10:07,215Z", "level": "WARN", "component": "o.e.t.ThreadPool", "cluster.name": "tpotcluster", "node.name": "tpotcluster-node-01", "message": "timer thread slept for [47.9s/47925293372ns] on relative clock which is above the warn threshold of [5000ms]" }
{"type": "server", "timestamp": "2022-03-30T01:10:25,026Z", "level": "WARN", "component": "o.e.t.ThreadPool", "cluster.name": "tpotcluster", "node.name": "tpotcluster-node-01", "message": "timer thread slept for [42.7s/42760ms] on absolute clock which is above the warn threshold of [5000ms]" }
{"type": "server", "timestamp": "2022-03-30T01:10:42,945Z", "level": "WARN", "component": "o.e.t.ThreadPool", "cluster.name": "tpotcluster", "node.name": "tpotcluster-node-01", "message": "timer thread slept for [42.7s/42760404594ns] on relative clock which is above the warn threshold of [5000ms]" }
{"type": "server", "timestamp": "2022-03-30T01:10:34,063Z", "level": "WARN", "component": "o.e.t.ThreadPool", "cluster.name": "tpotcluster", "node.name": "tpotcluster-node-01", "message": "execution of [ReschedulingRunnable{runnable=org.elasticsearch.monitor.jvm.JvmGcMonitorService$1@985ee4c, interval=1s}] took [195141ms] which is above the warn threshold of [5000ms]" }
{"type": "server", "timestamp": "2022-03-30T01:10:58,715Z", "level": "WARN", "component": "o.e.t.ThreadPool", "cluster.name": "tpotcluster", "node.name": "tpotcluster-node-01", "message": "timer thread slept for [34.2s/34201ms] on absolute clock which is above the warn threshold of [5000ms]" }
{"type": "server", "timestamp": "2022-03-30T01:11:24,905Z", "level": "WARN", "component": "o.e.t.ThreadPool", "cluster.name": "tpotcluster", "node.name": "tpotcluster-node-01", "message": "timer thread slept for [34.2s/34201092364ns] on relative clock which is above the warn threshold of [5000ms]" }
{"type": "server", "timestamp": "2022-03-30T01:11:01,560Z", "level": "WARN", "component": "o.e.m.f.FsHealthService", "cluster.name": "tpotcluster", "node.name": "tpotcluster-node-01", "message": "health check of [/data/elk/data/nodes/0] took [195141ms] which is above the warn threshold of [5s]" }
{"type": "server", "timestamp": "2022-03-30T01:11:47,639Z", "level": "WARN", "component": "o.e.t.ThreadPool", "cluster.name": "tpotcluster", "node.name": "tpotcluster-node-01", "message": "timer thread slept for [49.3s/49335ms] on absolute clock which is above the warn threshold of [5000ms]" }
{"type": "server", "timestamp": "2022-03-30T01:12:04,941Z", "level": "WARN", "component": "o.e.t.ThreadPool", "cluster.name": "tpotcluster", "node.name": "tpotcluster-node-01", "message": "timer thread slept for [49.3s/49334938985ns] on relative clock which is above the warn threshold of [5000ms]" }
{"type": "server", "timestamp": "2022-03-30T01:12:27,913Z", "level": "WARN", "component": "o.e.t.ThreadPool", "cluster.name": "tpotcluster", "node.name": "tpotcluster-node-01", "message": "timer thread slept for [35.3s/35357ms] on absolute clock which is above the warn threshold of [5000ms]" }
{"type": "server", "timestamp": "2022-03-30T01:12:47,454Z", "level": "WARN", "component": "o.e.t.ThreadPool", "cluster.name": "tpotcluster", "node.name": "tpotcluster-node-01", "message": "timer thread slept for [35.3s/35356689452ns] on relative clock which is above the warn threshold of [5000ms]" }
{"type": "server", "timestamp": "2022-03-30T01:13:06,899Z", "level": "WARN", "component": "o.e.t.ThreadPool", "cluster.name": "tpotcluster", "node.name": "tpotcluster-node-01", "message": "timer thread slept for [43.4s/43447ms] on absolute clock which is above the warn threshold of [5000ms]" }
{"type": "server", "timestamp": "2022-03-30T01:13:28,754Z", "level": "WARN", "component": "o.e.t.ThreadPool", "cluster.name": "tpotcluster", "node.name": "tpotcluster-node-01", "message": "timer thread slept for [43.4s/43446862378ns] on relative clock which is above the warn threshold of [5000ms]" }
{"type": "server", "timestamp": "2022-03-30T01:13:53,195Z", "level": "WARN", "component": "o.e.t.ThreadPool", "cluster.name": "tpotcluster", "node.name": "tpotcluster-node-01", "message": "timer thread slept for [46.3s/46376ms] on absolute clock which is above the warn threshold of [5000ms]" }
{"type": "server", "timestamp": "2022-03-30T01:14:17,706Z", "level": "WARN", "component": "o.e.t.ThreadPool", "cluster.name": "tpotcluster", "node.name": "tpotcluster-node-01", "message": "timer thread slept for [46.3s/46376254859ns] on relative clock which is above the warn threshold of [5000ms]" }
{"type": "server", "timestamp": "2022-03-30T01:14:20,933Z", "level": "WARN", "component": "o.e.t.ThreadPool", "cluster.name": "tpotcluster", "node.name": "tpotcluster-node-01", "message": "execution of [ReschedulingRunnable{runnable=org.elasticsearch.monitor.jvm.JvmGcMonitorService$1@985ee4c, interval=1s}] took [89823ms] which is above the warn threshold of [5000ms]" }
{"type": "server", "timestamp": "2022-03-30T01:14:39,924Z", "level": "WARN", "component": "o.e.t.ThreadPool", "cluster.name": "tpotcluster", "node.name": "tpotcluster-node-01", "message": "timer thread slept for [45.9s/45973ms] on absolute clock which is above the warn threshold of [5000ms]" }
{"type": "server", "timestamp": "2022-03-30T01:15:03,243Z", "level": "WARN", "component": "o.e.t.ThreadPool", "cluster.name": "tpotcluster", "node.name": "tpotcluster-node-01", "message": "timer thread slept for [45.9s/45973325928ns] on relative clock which is above the warn threshold of [5000ms]" }
{"type": "server", "timestamp": "2022-03-30T01:15:45,604Z", "level": "WARN", "component": "o.e.t.ThreadPool", "cluster.name": "tpotcluster", "node.name": "tpotcluster-node-01", "message": "execution of [ReschedulingRunnable{runnable=org.elasticsearch.watcher.ResourceWatcherService$ResourceMonitor@cc1f8ad, interval=1m}] took [64522ms] which is above the warn threshold of [5000ms]" }
{"type": "server", "timestamp": "2022-03-30T01:15:45,604Z", "level": "WARN", "component": "o.e.t.ThreadPool", "cluster.name": "tpotcluster", "node.name": "tpotcluster-node-01", "message": "timer thread slept for [1m/64523ms] on absolute clock which is above the warn threshold of [5000ms]" }
{"type": "server", "timestamp": "2022-03-30T01:16:16,062Z", "level": "WARN", "component": "o.e.t.ThreadPool", "cluster.name": "tpotcluster", "node.name": "tpotcluster-node-01", "message": "timer thread slept for [1m/64522363473ns] on relative clock which is above the warn threshold of [5000ms]" }
{"type": "server", "timestamp": "2022-03-30T01:16:49,737Z", "level": "WARN", "component": "o.e.t.ThreadPool", "cluster.name": "tpotcluster", "node.name": "tpotcluster-node-01", "message": "timer thread slept for [1.1m/67411ms] on absolute clock which is above the warn threshold of [5000ms]" }
{"type": "server", "timestamp": "2022-03-30T01:17:20,680Z", "level": "WARN", "component": "o.e.t.ThreadPool", "cluster.name": "tpotcluster", "node.name": "tpotcluster-node-01", "message": "timer thread slept for [1.1m/67411620266ns] on relative clock which is above the warn threshold of [5000ms]" }
{"type": "server", "timestamp": "2022-03-30T01:17:49,438Z", "level": "WARN", "component": "o.e.t.ThreadPool", "cluster.name": "tpotcluster", "node.name": "tpotcluster-node-01", "message": "timer thread slept for [56.9s/56954ms] on absolute clock which is above the warn threshold of [5000ms]" }
{"type": "server", "timestamp": "2022-03-30T01:18:18,335Z", "level": "WARN", "component": "o.e.t.ThreadPool", "cluster.name": "tpotcluster", "node.name": "tpotcluster-node-01", "message": "timer thread slept for [56.9s/56953619326ns] on relative clock which is above the warn threshold of [5000ms]" }
{"type": "server", "timestamp": "2022-03-30T01:18:52,224Z", "level": "WARN", "component": "o.e.t.ThreadPool", "cluster.name": "tpotcluster", "node.name": "tpotcluster-node-01", "message": "timer thread slept for [1m/63201ms] on absolute clock which is above the warn threshold of [5000ms]" }
{"type": "server", "timestamp": "2022-03-30T01:19:30,245Z", "level": "WARN", "component": "o.e.t.ThreadPool", "cluster.name": "tpotcluster", "node.name": "tpotcluster-node-01", "message": "execution of [ReschedulingRunnable{runnable=org.elasticsearch.monitor.jvm.JvmGcMonitorService$1@985ee4c, interval=1s}] took [187566ms] which is above the warn threshold of [5000ms]" }
{"type": "server", "timestamp": "2022-03-30T01:19:31,240Z", "level": "WARN", "component": "o.e.t.ThreadPool", "cluster.name": "tpotcluster", "node.name": "tpotcluster-node-01", "message": "timer thread slept for [1m/63201049519ns] on relative clock which is above the warn threshold of [5000ms]" }
{"type": "server", "timestamp": "2022-03-30T01:18:35,268Z", "level": "WARN", "component": "o.e.m.f.FsHealthService", "cluster.name": "tpotcluster", "node.name": "tpotcluster-node-01", "message": "health check of [/data/elk/data/nodes/0] took [56954ms] which is above the warn threshold of [5s]" }
{"type": "server", "timestamp": "2022-03-30T01:20:27,779Z", "level": "WARN", "component": "o.e.t.ThreadPool", "cluster.name": "tpotcluster", "node.name": "tpotcluster-node-01", "message": "timer thread slept for [1.5m/92809ms] on absolute clock which is above the warn threshold of [5000ms]" }
{"type": "server", "timestamp": "2022-03-30T01:20:59,737Z", "level": "WARN", "component": "o.e.t.ThreadPool", "cluster.name": "tpotcluster", "node.name": "tpotcluster-node-01", "message": "timer thread slept for [1.5m/92809108230ns] on relative clock which is above the warn threshold of [5000ms]" }
{"type": "server", "timestamp": "2022-03-30T01:21:51,395Z", "level": "WARN", "component": "o.e.t.ThreadPool", "cluster.name": "tpotcluster", "node.name": "tpotcluster-node-01", "message": "timer thread slept for [1.3m/78057ms] on absolute clock which is above the warn threshold of [5000ms]" }
{"type": "server", "timestamp": "2022-03-30T01:22:50,474Z", "level": "WARN", "component": "o.e.t.ThreadPool", "cluster.name": "tpotcluster", "node.name": "tpotcluster-node-01", "message": "timer thread slept for [1.3m/78057242035ns] on relative clock which is above the warn threshold of [5000ms]" }
{"type": "server", "timestamp": "2022-03-30T01:24:00,119Z", "level": "WARN", "component": "o.e.t.ThreadPool", "cluster.name": "tpotcluster", "node.name": "tpotcluster-node-01", "message": "timer thread slept for [2m/125187ms] on absolute clock which is above the warn threshold of [5000ms]" }
{"type": "server", "timestamp": "2022-03-30T01:25:04,817Z", "level": "WARN", "component": "o.e.t.ThreadPool", "cluster.name": "tpotcluster", "node.name": "tpotcluster-node-01", "message": "timer thread slept for [2m/125186486615ns] on relative clock which is above the warn threshold of [5000ms]" }
{"type": "server", "timestamp": "2022-03-30T01:26:15,943Z", "level": "WARN", "component": "o.e.t.ThreadPool", "cluster.name": "tpotcluster", "node.name": "tpotcluster-node-01", "message": "timer thread slept for [2m/121891ms] on absolute clock which is above the warn threshold of [5000ms]" }
{"type": "server", "timestamp": "2022-03-30T01:26:40,149Z", "level": "WARN", "component": "o.e.t.ThreadPool", "cluster.name": "tpotcluster", "node.name": "tpotcluster-node-01", "message": "execution of [ReschedulingRunnable{runnable=org.elasticsearch.monitor.jvm.JvmGcMonitorService$1@985ee4c, interval=1s}] took [247077ms] which is above the warn threshold of [5000ms]" }
{"type": "server", "timestamp": "2022-03-30T01:27:52,420Z", "level": "WARN", "component": "o.e.t.ThreadPool", "cluster.name": "tpotcluster", "node.name": "tpotcluster-node-01", "message": "timer thread slept for [2m/121891247213ns] on relative clock which is above the warn threshold of [5000ms]" }
{"type": "server", "timestamp": "2022-03-30T01:31:19,231Z", "level": "WARN", "component": "o.e.t.ThreadPool", "cluster.name": "tpotcluster", "node.name": "tpotcluster-node-01", "message": "timer thread slept for [5.4m/327016ms] on absolute clock which is above the warn threshold of [5000ms]" }
{"type": "server", "timestamp": "2022-03-30T01:31:25,338Z", "level": "WARN", "component": "o.e.t.ThreadPool", "cluster.name": "tpotcluster", "node.name": "tpotcluster-node-01", "message": "execution of [org.elasticsearch.indices.IndicesService$CacheCleaner@3ef79c21] took [326913ms] which is above the warn threshold of [5000ms]" }
{"type": "server", "timestamp": "2022-03-30T01:33:47,307Z", "level": "WARN", "component": "o.e.t.ThreadPool", "cluster.name": "tpotcluster", "node.name": "tpotcluster-node-01", "message": "timer thread slept for [5.4m/326913598232ns] on relative clock which is above the warn threshold of [5000ms]" }
{"type": "server", "timestamp": "2022-03-30T01:36:57,221Z", "level": "WARN", "component": "o.e.t.ThreadPool", "cluster.name": "tpotcluster", "node.name": "tpotcluster-node-01", "message": "timer thread slept for [5.4m/329411ms] on absolute clock which is above the warn threshold of [5000ms]" }
{"type": "server", "timestamp": "2022-03-30T01:39:23,163Z", "level": "WARN", "component": "o.e.t.ThreadPool", "cluster.name": "tpotcluster", "node.name": "tpotcluster-node-01", "message": "timer thread slept for [5.4m/329513448005ns] on relative clock which is above the warn threshold of [5000ms]" }
{"type": "server", "timestamp": "2022-03-30T01:42:13,174Z", "level": "WARN", "component": "o.e.t.ThreadPool", "cluster.name": "tpotcluster", "node.name": "tpotcluster-node-01", "message": "timer thread slept for [5.2m/317274ms] on absolute clock which is above the warn threshold of [5000ms]" }
{"type": "server", "timestamp": "2022-03-30T01:42:32,170Z", "level": "WARN", "component": "o.e.t.ThreadPool", "cluster.name": "tpotcluster", "node.name": "tpotcluster-node-01", "message": "execution of [ReschedulingRunnable{runnable=org.elasticsearch.monitor.jvm.JvmGcMonitorService$1@985ee4c, interval=1s}] took [646787ms] which is above the warn threshold of [5000ms]" }
{"type": "server", "timestamp": "2022-03-30T01:41:12,116Z", "level": "WARN", "component": "o.e.m.f.FsHealthService", "cluster.name": "tpotcluster", "node.name": "tpotcluster-node-01", "message": "health check of [/data/elk/data/nodes/0] took [329513ms] which is above the warn threshold of [5s]" }
{"type": "server", "timestamp": "2022-03-30T01:44:35,410Z", "level": "WARN", "component": "o.e.t.ThreadPool", "cluster.name": "tpotcluster", "node.name": "tpotcluster-node-01", "message": "timer thread slept for [5.2m/317273998769ns] on relative clock which is above the warn threshold of [5000ms]" }
{"type": "server", "timestamp": "2022-03-30T01:47:10,972Z", "level": "WARN", "component": "o.e.t.ThreadPool", "cluster.name": "tpotcluster", "node.name": "tpotcluster-node-01", "message": "timer thread slept for [4.9m/299106ms] on absolute clock which is above the warn threshold of [5000ms]" }
{"type": "server", "timestamp": "2022-03-30T01:47:42,146Z", "level": "WARN", "component": "o.e.t.ThreadPool", "cluster.name": "tpotcluster", "node.name": "tpotcluster-node-01", "message": "execution of [ReschedulingRunnable{runnable=org.elasticsearch.indices.IndexingMemoryController$ShardsIndicesStatusChecker@2b011bd3, interval=5s}] took [298966ms] which is above the warn threshold of [5000ms]" }
{"type": "server", "timestamp": "2022-03-30T01:50:16,834Z", "level": "WARN", "component": "o.e.t.ThreadPool", "cluster.name": "tpotcluster", "node.name": "tpotcluster-node-01", "message": "timer thread slept for [4.9m/298966946701ns] on relative clock which is above the warn threshold of [5000ms]" }
{"type": "server", "timestamp": "2022-03-30T01:53:16,912Z", "level": "WARN", "component": "o.e.t.ThreadPool", "cluster.name": "tpotcluster", "node.name": "tpotcluster-node-01", "message": "execution of [ReschedulingRunnable{runnable=org.elasticsearch.search.SearchService$Reaper@3f93a40c, interval=1m}] took [366623ms] which is above the warn threshold of [5000ms]" }
{"type": "server", "timestamp": "2022-03-30T01:53:40,940Z", "level": "WARN", "component": "o.e.t.ThreadPool", "cluster.name": "tpotcluster", "node.name": "tpotcluster-node-01", "message": "timer thread slept for [6.1m/366903ms] on absolute clock which is above the warn threshold of [5000ms]" }
{"type": "server", "timestamp": "2022-03-30T01:56:55,407Z", "level": "WARN", "component": "o.e.t.ThreadPool", "cluster.name": "tpotcluster", "node.name": "tpotcluster-node-01", "message": "timer thread slept for [6.1m/366623929820ns] on relative clock which is above the warn threshold of [5000ms]" }
{"type": "server", "timestamp": "2022-03-30T02:00:18,850Z", "level": "WARN", "component": "o.e.t.ThreadPool", "cluster.name": "tpotcluster", "node.name": "tpotcluster-node-01", "message": "timer thread slept for [6.7m/406871ms] on absolute clock which is above the warn threshold of [5000ms]" }
{"type": "server", "timestamp": "2022-03-30T02:03:14,078Z", "level": "WARN", "component": "o.e.t.ThreadPool", "cluster.name": "tpotcluster", "node.name": "tpotcluster-node-01", "message": "timer thread slept for [6.7m/407016325432ns] on relative clock which is above the warn threshold of [5000ms]" }
{"type": "server", "timestamp": "2022-03-30T02:06:15,250Z", "level": "WARN", "component": "o.e.t.ThreadPool", "cluster.name": "tpotcluster", "node.name": "tpotcluster-node-01", "message": "execution of [ReschedulingRunnable{runnable=org.elasticsearch.monitor.jvm.JvmGcMonitorService$1@985ee4c, interval=1s}] took [777669ms] which is above the warn threshold of [5000ms]" }
{"type": "server", "timestamp": "2022-03-30T02:06:22,064Z", "level": "WARN", "component": "o.e.t.ThreadPool", "cluster.name": "tpotcluster", "node.name": "tpotcluster-node-01", "message": "timer thread slept for [6.1m/370841ms] on absolute clock which is above the warn threshold of [5000ms]" }
{"type": "server", "timestamp": "2022-03-30T02:09:28,080Z", "level": "WARN", "component": "o.e.t.ThreadPool", "cluster.name": "tpotcluster", "node.name": "tpotcluster-node-01", "message": "timer thread slept for [6.1m/370653509492ns] on relative clock which is above the warn threshold of [5000ms]" }
{"type": "server", "timestamp": "2022-03-30T02:12:45,521Z", "level": "WARN", "component": "o.e.t.ThreadPool", "cluster.name": "tpotcluster", "node.name": "tpotcluster-node-01", "message": "timer thread slept for [6.3m/382696ms] on absolute clock which is above the warn threshold of [5000ms]" }
{"type": "server", "timestamp": "2022-03-30T02:12:54,935Z", "level": "WARN", "component": "o.e.t.ThreadPool", "cluster.name": "tpotcluster", "node.name": "tpotcluster-node-01", "message": "execution of [org.elasticsearch.indices.IndicesService$CacheCleaner@3ef79c21] took [382700ms] which is above the warn threshold of [5000ms]" }
{"type": "server", "timestamp": "2022-03-30T02:15:33,040Z", "level": "WARN", "component": "o.e.t.ThreadPool", "cluster.name": "tpotcluster", "node.name": "tpotcluster-node-01", "message": "timer thread slept for [6.3m/382700519460ns] on relative clock which is above the warn threshold of [5000ms]" }
{"type": "server", "timestamp": "2022-03-30T02:18:38,688Z", "level": "WARN", "component": "o.e.t.ThreadPool", "cluster.name": "tpotcluster", "node.name": "tpotcluster-node-01", "message": "timer thread slept for [5.8m/351299ms] on absolute clock which is above the warn threshold of [5000ms]" }
{"type": "server", "timestamp": "2022-03-30T02:20:05,174Z", "level": "WARN", "component": "o.e.m.f.FsHealthService", "cluster.name": "tpotcluster", "node.name": "tpotcluster-node-01", "message": "health check of [/data/elk/data/nodes/0] took [351755ms] which is above the warn threshold of [5s]" }
{"type": "server", "timestamp": "2022-03-30T02:21:20,343Z", "level": "WARN", "component": "o.e.t.ThreadPool", "cluster.name": "tpotcluster", "node.name": "tpotcluster-node-01", "message": "timer thread slept for [5.8m/351754430999ns] on relative clock which is above the warn threshold of [5000ms]" }
{"type": "server", "timestamp": "2022-03-30T02:24:42,770Z", "level": "WARN", "component": "o.e.t.ThreadPool", "cluster.name": "tpotcluster", "node.name": "tpotcluster-node-01", "message": "timer thread slept for [6m/363551ms] on absolute clock which is above the warn threshold of [5000ms]" }
{"type": "server", "timestamp": "2022-03-30T02:27:52,091Z", "level": "WARN", "component": "o.e.t.ThreadPool", "cluster.name": "tpotcluster", "node.name": "tpotcluster-node-01", "message": "timer thread slept for [6m/363083917528ns] on relative clock which is above the warn threshold of [5000ms]" }
{"type": "server", "timestamp": "2022-03-30T02:31:15,835Z", "level": "WARN", "component": "o.e.t.ThreadPool", "cluster.name": "tpotcluster", "node.name": "tpotcluster-node-01", "message": "timer thread slept for [6.5m/395926ms] on absolute clock which is above the warn threshold of [5000ms]" }
{"type": "server", "timestamp": "2022-03-30T02:31:59,979Z", "level": "WARN", "component": "o.e.t.ThreadPool", "cluster.name": "tpotcluster", "node.name": "tpotcluster-node-01", "message": "execution of [ReschedulingRunnable{runnable=org.elasticsearch.monitor.jvm.JvmGcMonitorService$1@985ee4c, interval=1s}] took [759351ms] which is above the warn threshold of [5000ms]" }
{"type": "server", "timestamp": "2022-03-30T02:34:10,116Z", "level": "WARN", "component": "o.e.t.ThreadPool", "cluster.name": "tpotcluster", "node.name": "tpotcluster-node-01", "message": "timer thread slept for [6.6m/396267735350ns] on relative clock which is above the warn threshold of [5000ms]" }
{"type": "server", "timestamp": "2022-03-30T02:36:58,061Z", "level": "WARN", "component": "o.e.t.ThreadPool", "cluster.name": "tpotcluster", "node.name": "tpotcluster-node-01", "message": "timer thread slept for [5.7m/347688ms] on absolute clock which is above the warn threshold of [5000ms]" }
{"type": "server", "timestamp": "2022-03-30T02:37:15,755Z", "level": "WARN", "component": "o.e.t.ThreadPool", "cluster.name": "tpotcluster", "node.name": "tpotcluster-node-01", "message": "execution of [ReschedulingRunnable{runnable=org.elasticsearch.indices.IndexingMemoryController$ShardsIndicesStatusChecker@2b011bd3, interval=5s}] took [347813ms] which is above the warn threshold of [5000ms]" }
{"type": "server", "timestamp": "2022-03-30T02:39:56,392Z", "level": "WARN", "component": "o.e.t.ThreadPool", "cluster.name": "tpotcluster", "node.name": "tpotcluster-node-01", "message": "timer thread slept for [5.7m/347813650977ns] on relative clock which is above the warn threshold of [5000ms]" }
{"type": "server", "timestamp": "2022-03-30T02:43:38,081Z", "level": "WARN", "component": "o.e.t.ThreadPool", "cluster.name": "tpotcluster", "node.name": "tpotcluster-node-01", "message": "timer thread slept for [6.6m/396065ms] on absolute clock which is above the warn threshold of [5000ms]" }
{"type": "server", "timestamp": "2022-03-30T02:43:36,284Z", "level": "WARN", "component": "o.e.t.ThreadPool", "cluster.name": "tpotcluster", "node.name": "tpotcluster-node-01", "message": "execution of [ReschedulingRunnable{runnable=org.elasticsearch.search.SearchService$Reaper@3f93a40c, interval=1m}] took [395779ms] which is above the warn threshold of [5000ms]" }
{"type": "server", "timestamp": "2022-03-30T02:47:19,675Z", "level": "WARN", "component": "o.e.t.ThreadPool", "cluster.name": "tpotcluster", "node.name": "tpotcluster-node-01", "message": "timer thread slept for [6.5m/395779319301ns] on relative clock which is above the warn threshold of [5000ms]" }
{"type": "server", "timestamp": "2022-03-30T02:56:58,665Z", "level": "INFO", "component": "o.e.n.Node", "cluster.name": "tpotcluster", "node.name": "tpotcluster-node-01", "message": "version[7.17.0], pid[1], build[default/tar/bee86328705acaa9a6daede7140defd4d9ec56bd/2022-01-28T08:36:04.875279988Z], OS[Linux/4.19.0-20-cloud-amd64/amd64], JVM[Alpine/OpenJDK 64-Bit Server VM/16.0.2/16.0.2+7-alpine-r1]" }
{"type": "server", "timestamp": "2022-03-30T02:56:58,698Z", "level": "INFO", "component": "o.e.n.Node", "cluster.name": "tpotcluster", "node.name": "tpotcluster-node-01", "message": "JVM home [/usr/lib/jvm/java-16-openjdk], using bundled JDK [false]" }
{"type": "server", "timestamp": "2022-03-30T02:56:58,701Z", "level": "INFO", "component": "o.e.n.Node", "cluster.name": "tpotcluster", "node.name": "tpotcluster-node-01", "message": "JVM arguments [-Xshare:auto, -Des.networkaddress.cache.ttl=60, -Des.networkaddress.cache.negative.ttl=10, -XX:+AlwaysPreTouch, -Xss1m, -Djava.awt.headless=true, -Dfile.encoding=UTF-8, -Djna.nosys=true, -XX:-OmitStackTraceInFastThrow, -XX:+ShowCodeDetailsInExceptionMessages, -Dio.netty.noUnsafe=true, -Dio.netty.noKeySetOptimization=true, -Dio.netty.recycler.maxCapacityPerThread=0, -Dio.netty.allocator.numDirectArenas=0, -Dlog4j.shutdownHookEnabled=false, -Dlog4j2.disable.jmx=true, -Dlog4j2.formatMsgNoLookups=true, -Djava.locale.providers=SPI,COMPAT, --add-opens=java.base/java.io=ALL-UNNAMED, -XX:+UseG1GC, -Djava.io.tmpdir=/tmp, -XX:+HeapDumpOnOutOfMemoryError, -XX:+ExitOnOutOfMemoryError, -XX:HeapDumpPath=data, -XX:ErrorFile=logs/hs_err_pid%p.log, -Xlog:gc*,gc+age=trace,safepoint:file=logs/gc.log:utctime,pid,tags:filecount=32,filesize=64m, -Xms2048m, -Xmx2048m, -XX:MaxDirectMemorySize=1073741824, -XX:G1HeapRegionSize=4m, -XX:InitiatingHeapOccupancyPercent=30, -XX:G1ReservePercent=15, -Des.path.home=/usr/share/elasticsearch, -Des.path.conf=/usr/share/elasticsearch/config, -Des.distribution.flavor=default, -Des.distribution.type=tar, -Des.bundled_jdk=true]" }
{"type": "server", "timestamp": "2022-03-30T02:57:15,446Z", "level": "INFO", "component": "o.e.p.PluginsService", "cluster.name": "tpotcluster", "node.name": "tpotcluster-node-01", "message": "loaded module [aggs-matrix-stats]" }
{"type": "server", "timestamp": "2022-03-30T02:57:15,453Z", "level": "INFO", "component": "o.e.p.PluginsService", "cluster.name": "tpotcluster", "node.name": "tpotcluster-node-01", "message": "loaded module [analysis-common]" }
{"type": "server", "timestamp": "2022-03-30T02:57:15,455Z", "level": "INFO", "component": "o.e.p.PluginsService", "cluster.name": "tpotcluster", "node.name": "tpotcluster-node-01", "message": "loaded module [constant-keyword]" }
{"type": "server", "timestamp": "2022-03-30T02:57:15,456Z", "level": "INFO", "component": "o.e.p.PluginsService", "cluster.name": "tpotcluster", "node.name": "tpotcluster-node-01", "message": "loaded module [frozen-indices]" }
{"type": "server", "timestamp": "2022-03-30T02:57:15,458Z", "level": "INFO", "component": "o.e.p.PluginsService", "cluster.name": "tpotcluster", "node.name": "tpotcluster-node-01", "message": "loaded module [ingest-common]" }
{"type": "server", "timestamp": "2022-03-30T02:57:15,459Z", "level": "INFO", "component": "o.e.p.PluginsService", "cluster.name": "tpotcluster", "node.name": "tpotcluster-node-01", "message": "loaded module [ingest-geoip]" }
{"type": "server", "timestamp": "2022-03-30T02:57:15,460Z", "level": "INFO", "component": "o.e.p.PluginsService", "cluster.name": "tpotcluster", "node.name": "tpotcluster-node-01", "message": "loaded module [ingest-user-agent]" }
{"type": "server", "timestamp": "2022-03-30T02:57:15,462Z", "level": "INFO", "component": "o.e.p.PluginsService", "cluster.name": "tpotcluster", "node.name": "tpotcluster-node-01", "message": "loaded module [kibana]" }
{"type": "server", "timestamp": "2022-03-30T02:57:15,464Z", "level": "INFO", "component": "o.e.p.PluginsService", "cluster.name": "tpotcluster", "node.name": "tpotcluster-node-01", "message": "loaded module [lang-expression]" }
{"type": "server", "timestamp": "2022-03-30T02:57:15,466Z", "level": "INFO", "component": "o.e.p.PluginsService", "cluster.name": "tpotcluster", "node.name": "tpotcluster-node-01", "message": "loaded module [lang-mustache]" }
{"type": "server", "timestamp": "2022-03-30T02:57:15,467Z", "level": "INFO", "component": "o.e.p.PluginsService", "cluster.name": "tpotcluster", "node.name": "tpotcluster-node-01", "message": "loaded module [lang-painless]" }
{"type": "server", "timestamp": "2022-03-30T02:57:15,469Z", "level": "INFO", "component": "o.e.p.PluginsService", "cluster.name": "tpotcluster", "node.name": "tpotcluster-node-01", "message": "loaded module [legacy-geo]" }
{"type": "server", "timestamp": "2022-03-30T02:57:15,471Z", "level": "INFO", "component": "o.e.p.PluginsService", "cluster.name": "tpotcluster", "node.name": "tpotcluster-node-01", "message": "loaded module [mapper-extras]" }
{"type": "server", "timestamp": "2022-03-30T02:57:15,473Z", "level": "INFO", "component": "o.e.p.PluginsService", "cluster.name": "tpotcluster", "node.name": "tpotcluster-node-01", "message": "loaded module [mapper-version]" }
{"type": "server", "timestamp": "2022-03-30T02:57:15,476Z", "level": "INFO", "component": "o.e.p.PluginsService", "cluster.name": "tpotcluster", "node.name": "tpotcluster-node-01", "message": "loaded module [parent-join]" }
{"type": "server", "timestamp": "2022-03-30T02:57:15,478Z", "level": "INFO", "component": "o.e.p.PluginsService", "cluster.name": "tpotcluster", "node.name": "tpotcluster-node-01", "message": "loaded module [percolator]" }
{"type": "server", "timestamp": "2022-03-30T02:57:15,480Z", "level": "INFO", "component": "o.e.p.PluginsService", "cluster.name": "tpotcluster", "node.name": "tpotcluster-node-01", "message": "loaded module [rank-eval]" }
{"type": "server", "timestamp": "2022-03-30T02:57:15,482Z", "level": "INFO", "component": "o.e.p.PluginsService", "cluster.name": "tpotcluster", "node.name": "tpotcluster-node-01", "message": "loaded module [reindex]" }
{"type": "server", "timestamp": "2022-03-30T02:57:15,482Z", "level": "INFO", "component": "o.e.p.PluginsService", "cluster.name": "tpotcluster", "node.name": "tpotcluster-node-01", "message": "loaded module [repositories-metering-api]" }
{"type": "server", "timestamp": "2022-03-30T02:57:15,488Z", "level": "INFO", "component": "o.e.p.PluginsService", "cluster.name": "tpotcluster", "node.name": "tpotcluster-node-01", "message": "loaded module [repository-encrypted]" }
{"type": "server", "timestamp": "2022-03-30T02:57:15,489Z", "level": "INFO", "component": "o.e.p.PluginsService", "cluster.name": "tpotcluster", "node.name": "tpotcluster-node-01", "message": "loaded module [repository-url]" }
{"type": "server", "timestamp": "2022-03-30T02:57:15,491Z", "level": "INFO", "component": "o.e.p.PluginsService", "cluster.name": "tpotcluster", "node.name": "tpotcluster-node-01", "message": "loaded module [runtime-fields-common]" }
{"type": "server", "timestamp": "2022-03-30T02:57:15,492Z", "level": "INFO", "component": "o.e.p.PluginsService", "cluster.name": "tpotcluster", "node.name": "tpotcluster-node-01", "message": "loaded module [search-business-rules]" }
{"type": "server", "timestamp": "2022-03-30T02:57:15,496Z", "level": "INFO", "component": "o.e.p.PluginsService", "cluster.name": "tpotcluster", "node.name": "tpotcluster-node-01", "message": "loaded module [searchable-snapshots]" }
{"type": "server", "timestamp": "2022-03-30T02:57:15,498Z", "level": "INFO", "component": "o.e.p.PluginsService", "cluster.name": "tpotcluster", "node.name": "tpotcluster-node-01", "message": "loaded module [snapshot-repo-test-kit]" }
{"type": "server", "timestamp": "2022-03-30T02:57:15,499Z", "level": "INFO", "component": "o.e.p.PluginsService", "cluster.name": "tpotcluster", "node.name": "tpotcluster-node-01", "message": "loaded module [spatial]" }
{"type": "server", "timestamp": "2022-03-30T02:57:15,502Z", "level": "INFO", "component": "o.e.p.PluginsService", "cluster.name": "tpotcluster", "node.name": "tpotcluster-node-01", "message": "loaded module [transform]" }
{"type": "server", "timestamp": "2022-03-30T02:57:15,502Z", "level": "INFO", "component": "o.e.p.PluginsService", "cluster.name": "tpotcluster", "node.name": "tpotcluster-node-01", "message": "loaded module [transport-netty4]" }
{"type": "server", "timestamp": "2022-03-30T02:57:15,504Z", "level": "INFO", "component": "o.e.p.PluginsService", "cluster.name": "tpotcluster", "node.name": "tpotcluster-node-01", "message": "loaded module [unsigned-long]" }
{"type": "server", "timestamp": "2022-03-30T02:57:15,505Z", "level": "INFO", "component": "o.e.p.PluginsService", "cluster.name": "tpotcluster", "node.name": "tpotcluster-node-01", "message": "loaded module [vector-tile]" }
{"type": "server", "timestamp": "2022-03-30T02:57:15,507Z", "level": "INFO", "component": "o.e.p.PluginsService", "cluster.name": "tpotcluster", "node.name": "tpotcluster-node-01", "message": "loaded module [vectors]" }
{"type": "server", "timestamp": "2022-03-30T02:57:15,510Z", "level": "INFO", "component": "o.e.p.PluginsService", "cluster.name": "tpotcluster", "node.name": "tpotcluster-node-01", "message": "loaded module [wildcard]" }
{"type": "server", "timestamp": "2022-03-30T02:57:15,513Z", "level": "INFO", "component": "o.e.p.PluginsService", "cluster.name": "tpotcluster", "node.name": "tpotcluster-node-01", "message": "loaded module [x-pack-aggregate-metric]" }
{"type": "server", "timestamp": "2022-03-30T02:57:15,515Z", "level": "INFO", "component": "o.e.p.PluginsService", "cluster.name": "tpotcluster", "node.name": "tpotcluster-node-01", "message": "loaded module [x-pack-analytics]" }
{"type": "server", "timestamp": "2022-03-30T02:57:15,517Z", "level": "INFO", "component": "o.e.p.PluginsService", "cluster.name": "tpotcluster", "node.name": "tpotcluster-node-01", "message": "loaded module [x-pack-async]" }
{"type": "server", "timestamp": "2022-03-30T02:57:15,519Z", "level": "INFO", "component": "o.e.p.PluginsService", "cluster.name": "tpotcluster", "node.name": "tpotcluster-node-01", "message": "loaded module [x-pack-async-search]" }
{"type": "server", "timestamp": "2022-03-30T02:57:15,520Z", "level": "INFO", "component": "o.e.p.PluginsService", "cluster.name": "tpotcluster", "node.name": "tpotcluster-node-01", "message": "loaded module [x-pack-autoscaling]" }
{"type": "server", "timestamp": "2022-03-30T02:57:15,522Z", "level": "INFO", "component": "o.e.p.PluginsService", "cluster.name": "tpotcluster", "node.name": "tpotcluster-node-01", "message": "loaded module [x-pack-ccr]" }
{"type": "server", "timestamp": "2022-03-30T02:57:15,524Z", "level": "INFO", "component": "o.e.p.PluginsService", "cluster.name": "tpotcluster", "node.name": "tpotcluster-node-01", "message": "loaded module [x-pack-core]" }
{"type": "server", "timestamp": "2022-03-30T02:57:15,527Z", "level": "INFO", "component": "o.e.p.PluginsService", "cluster.name": "tpotcluster", "node.name": "tpotcluster-node-01", "message": "loaded module [x-pack-data-streams]" }
{"type": "server", "timestamp": "2022-03-30T02:57:15,532Z", "level": "INFO", "component": "o.e.p.PluginsService", "cluster.name": "tpotcluster", "node.name": "tpotcluster-node-01", "message": "loaded module [x-pack-deprecation]" }
{"type": "server", "timestamp": "2022-03-30T02:57:15,533Z", "level": "INFO", "component": "o.e.p.PluginsService", "cluster.name": "tpotcluster", "node.name": "tpotcluster-node-01", "message": "loaded module [x-pack-enrich]" }
{"type": "server", "timestamp": "2022-03-30T02:57:15,534Z", "level": "INFO", "component": "o.e.p.PluginsService", "cluster.name": "tpotcluster", "node.name": "tpotcluster-node-01", "message": "loaded module [x-pack-eql]" }
{"type": "server", "timestamp": "2022-03-30T02:57:15,534Z", "level": "INFO", "component": "o.e.p.PluginsService", "cluster.name": "tpotcluster", "node.name": "tpotcluster-node-01", "message": "loaded module [x-pack-fleet]" }
{"type": "server", "timestamp": "2022-03-30T02:57:15,535Z", "level": "INFO", "component": "o.e.p.PluginsService", "cluster.name": "tpotcluster", "node.name": "tpotcluster-node-01", "message": "loaded module [x-pack-graph]" }
{"type": "server", "timestamp": "2022-03-30T02:57:15,535Z", "level": "INFO", "component": "o.e.p.PluginsService", "cluster.name": "tpotcluster", "node.name": "tpotcluster-node-01", "message": "loaded module [x-pack-identity-provider]" }
{"type": "server", "timestamp": "2022-03-30T02:57:15,536Z", "level": "INFO", "component": "o.e.p.PluginsService", "cluster.name": "tpotcluster", "node.name": "tpotcluster-node-01", "message": "loaded module [x-pack-ilm]" }
{"type": "server", "timestamp": "2022-03-30T02:57:15,536Z", "level": "INFO", "component": "o.e.p.PluginsService", "cluster.name": "tpotcluster", "node.name": "tpotcluster-node-01", "message": "loaded module [x-pack-logstash]" }
{"type": "server", "timestamp": "2022-03-30T02:57:15,537Z", "level": "INFO", "component": "o.e.p.PluginsService", "cluster.name": "tpotcluster", "node.name": "tpotcluster-node-01", "message": "loaded module [x-pack-monitoring]" }
{"type": "server", "timestamp": "2022-03-30T02:57:15,537Z", "level": "INFO", "component": "o.e.p.PluginsService", "cluster.name": "tpotcluster", "node.name": "tpotcluster-node-01", "message": "loaded module [x-pack-ql]" }
{"type": "server", "timestamp": "2022-03-30T02:57:15,538Z", "level": "INFO", "component": "o.e.p.PluginsService", "cluster.name": "tpotcluster", "node.name": "tpotcluster-node-01", "message": "loaded module [x-pack-rollup]" }
{"type": "server", "timestamp": "2022-03-30T02:57:15,538Z", "level": "INFO", "component": "o.e.p.PluginsService", "cluster.name": "tpotcluster", "node.name": "tpotcluster-node-01", "message": "loaded module [x-pack-security]" }
{"type": "server", "timestamp": "2022-03-30T02:57:15,539Z", "level": "INFO", "component": "o.e.p.PluginsService", "cluster.name": "tpotcluster", "node.name": "tpotcluster-node-01", "message": "loaded module [x-pack-shutdown]" }
{"type": "server", "timestamp": "2022-03-30T02:57:15,541Z", "level": "INFO", "component": "o.e.p.PluginsService", "cluster.name": "tpotcluster", "node.name": "tpotcluster-node-01", "message": "loaded module [x-pack-sql]" }
{"type": "server", "timestamp": "2022-03-30T02:57:15,541Z", "level": "INFO", "component": "o.e.p.PluginsService", "cluster.name": "tpotcluster", "node.name": "tpotcluster-node-01", "message": "loaded module [x-pack-stack]" }
{"type": "server", "timestamp": "2022-03-30T02:57:15,542Z", "level": "INFO", "component": "o.e.p.PluginsService", "cluster.name": "tpotcluster", "node.name": "tpotcluster-node-01", "message": "loaded module [x-pack-text-structure]" }
{"type": "server", "timestamp": "2022-03-30T02:57:15,542Z", "level": "INFO", "component": "o.e.p.PluginsService", "cluster.name": "tpotcluster", "node.name": "tpotcluster-node-01", "message": "loaded module [x-pack-voting-only-node]" }
{"type": "server", "timestamp": "2022-03-30T02:57:15,543Z", "level": "INFO", "component": "o.e.p.PluginsService", "cluster.name": "tpotcluster", "node.name": "tpotcluster-node-01", "message": "loaded module [x-pack-watcher]" }
{"type": "server", "timestamp": "2022-03-30T02:57:15,558Z", "level": "INFO", "component": "o.e.p.PluginsService", "cluster.name": "tpotcluster", "node.name": "tpotcluster-node-01", "message": "no plugins loaded" }
{"type": "server", "timestamp": "2022-03-30T02:57:15,725Z", "level": "INFO", "component": "o.e.e.NodeEnvironment", "cluster.name": "tpotcluster", "node.name": "tpotcluster-node-01", "message": "using [1] data paths, mounts [[/data (/dev/sda1)]], net usable_space [103.4gb], net total_space [125.8gb], types [ext4]" }
{"type": "server", "timestamp": "2022-03-30T02:57:15,728Z", "level": "INFO", "component": "o.e.e.NodeEnvironment", "cluster.name": "tpotcluster", "node.name": "tpotcluster-node-01", "message": "heap size [2gb], compressed ordinary object pointers [true]" }
{"type": "server", "timestamp": "2022-03-30T02:57:16,347Z", "level": "INFO", "component": "o.e.n.Node", "cluster.name": "tpotcluster", "node.name": "tpotcluster-node-01", "message": "node name [tpotcluster-node-01], node ID [t9hfPgy_RyC9LOJUxQUrSQ], cluster name [tpotcluster], roles [transform, data_frozen, master, remote_cluster_client, data, data_content, data_hot, data_warm, data_cold, ingest]" }
{"type": "server", "timestamp": "2022-03-30T02:57:44,176Z", "level": "INFO", "component": "o.e.i.g.ConfigDatabases", "cluster.name": "tpotcluster", "node.name": "tpotcluster-node-01", "message": "initialized default databases [[GeoLite2-Country.mmdb, GeoLite2-City.mmdb, GeoLite2-ASN.mmdb]], config databases [[]] and watching [/usr/share/elasticsearch/config/ingest-geoip] for changes" }
{"type": "server", "timestamp": "2022-03-30T02:57:44,182Z", "level": "INFO", "component": "o.e.i.g.DatabaseNodeService", "cluster.name": "tpotcluster", "node.name": "tpotcluster-node-01", "message": "initialized database registry, using geoip-databases directory [/tmp/geoip-databases/t9hfPgy_RyC9LOJUxQUrSQ]" }
{"type": "server", "timestamp": "2022-03-30T02:57:45,729Z", "level": "INFO", "component": "o.e.t.NettyAllocator", "cluster.name": "tpotcluster", "node.name": "tpotcluster-node-01", "message": "creating NettyAllocator with the following configs: [name=elasticsearch_configured, chunk_size=1mb, suggested_max_allocation_size=1mb, factors={es.unsafe.use_netty_default_chunk_and_page_size=false, g1gc_enabled=true, g1gc_region_size=4mb}]" }
{"type": "server", "timestamp": "2022-03-30T02:57:45,932Z", "level": "INFO", "component": "o.e.d.DiscoveryModule", "cluster.name": "tpotcluster", "node.name": "tpotcluster-node-01", "message": "using discovery type [single-node] and seed hosts providers [settings]" }
{"type": "server", "timestamp": "2022-03-30T02:57:46,933Z", "level": "INFO", "component": "o.e.g.DanglingIndicesState", "cluster.name": "tpotcluster", "node.name": "tpotcluster-node-01", "message": "gateway.auto_import_dangling_indices is disabled, dangling indices will not be automatically detected or imported and must be managed manually" }
{"type": "server", "timestamp": "2022-03-30T02:57:47,806Z", "level": "INFO", "component": "o.e.n.Node", "cluster.name": "tpotcluster", "node.name": "tpotcluster-node-01", "message": "initialized" }
{"type": "server", "timestamp": "2022-03-30T02:57:47,808Z", "level": "INFO", "component": "o.e.n.Node", "cluster.name": "tpotcluster", "node.name": "tpotcluster-node-01", "message": "starting ..." }
{"type": "server", "timestamp": "2022-03-30T02:57:47,896Z", "level": "INFO", "component": "o.e.x.s.c.f.PersistentCache", "cluster.name": "tpotcluster", "node.name": "tpotcluster-node-01", "message": "persistent cache index loaded" }
{"type": "server", "timestamp": "2022-03-30T02:57:47,898Z", "level": "INFO", "component": "o.e.x.d.l.DeprecationIndexingComponent", "cluster.name": "tpotcluster", "node.name": "tpotcluster-node-01", "message": "deprecation component started" }
{"type": "server", "timestamp": "2022-03-30T02:57:48,157Z", "level": "INFO", "component": "o.e.t.TransportService", "cluster.name": "tpotcluster", "node.name": "tpotcluster-node-01", "message": "publish_address {127.0.0.1:9300}, bound_addresses {127.0.0.1:9300}" }
{"type": "server", "timestamp": "2022-03-30T02:57:50,930Z", "level": "INFO", "component": "o.e.c.c.Coordinator", "cluster.name": "tpotcluster", "node.name": "tpotcluster-node-01", "message": "cluster UUID [Qbw2pof0QzSXC1OvK0aFSw]" }
{"type": "server", "timestamp": "2022-03-30T02:57:51,394Z", "level": "INFO", "component": "o.e.c.s.MasterService", "cluster.name": "tpotcluster", "node.name": "tpotcluster-node-01", "message": "elected-as-master ([1] nodes joined)[{tpotcluster-node-01}{t9hfPgy_RyC9LOJUxQUrSQ}{yo_4jrqwTgysCiW97Om-NQ}{127.0.0.1}{127.0.0.1:9300}{cdfhimrstw} elect leader, _BECOME_MASTER_TASK_, _FINISH_ELECTION_], term: 156, version: 4475, delta: master node changed {previous [], current [{tpotcluster-node-01}{t9hfPgy_RyC9LOJUxQUrSQ}{yo_4jrqwTgysCiW97Om-NQ}{127.0.0.1}{127.0.0.1:9300}{cdfhimrstw}]}" }
{"type": "server", "timestamp": "2022-03-30T02:57:52,043Z", "level": "INFO", "component": "o.e.c.s.ClusterApplierService", "cluster.name": "tpotcluster", "node.name": "tpotcluster-node-01", "message": "master node changed {previous [], current [{tpotcluster-node-01}{t9hfPgy_RyC9LOJUxQUrSQ}{yo_4jrqwTgysCiW97Om-NQ}{127.0.0.1}{127.0.0.1:9300}{cdfhimrstw}]}, term: 156, version: 4475, reason: Publication{term=156, version=4475}" }
{"type": "server", "timestamp": "2022-03-30T02:57:52,255Z", "level": "INFO", "component": "o.e.h.AbstractHttpServerTransport", "cluster.name": "tpotcluster", "node.name": "tpotcluster-node-01", "message": "publish_address {192.168.48.2:9200}, bound_addresses {0.0.0.0:9200}", "cluster.uuid": "Qbw2pof0QzSXC1OvK0aFSw", "node.id": "t9hfPgy_RyC9LOJUxQUrSQ"  }
{"type": "server", "timestamp": "2022-03-30T02:57:52,256Z", "level": "INFO", "component": "o.e.n.Node", "cluster.name": "tpotcluster", "node.name": "tpotcluster-node-01", "message": "started", "cluster.uuid": "Qbw2pof0QzSXC1OvK0aFSw", "node.id": "t9hfPgy_RyC9LOJUxQUrSQ"  }
{"type": "server", "timestamp": "2022-03-30T02:57:54,785Z", "level": "INFO", "component": "o.e.l.LicenseService", "cluster.name": "tpotcluster", "node.name": "tpotcluster-node-01", "message": "license [06f03395-4097-4495-8e63-b3dc92f4de14] mode [basic] - valid", "cluster.uuid": "Qbw2pof0QzSXC1OvK0aFSw", "node.id": "t9hfPgy_RyC9LOJUxQUrSQ"  }
{"type": "server", "timestamp": "2022-03-30T02:57:54,818Z", "level": "INFO", "component": "o.e.g.GatewayService", "cluster.name": "tpotcluster", "node.name": "tpotcluster-node-01", "message": "recovered [32] indices into cluster_state", "cluster.uuid": "Qbw2pof0QzSXC1OvK0aFSw", "node.id": "t9hfPgy_RyC9LOJUxQUrSQ"  }
{"type": "server", "timestamp": "2022-03-30T02:58:54,958Z", "level": "WARN", "component": "o.e.t.ThreadPool", "cluster.name": "tpotcluster", "node.name": "tpotcluster-node-01", "message": "timer thread slept for [5.1s/5181810500ns] on relative clock which is above the warn threshold of [5000ms]", "cluster.uuid": "Qbw2pof0QzSXC1OvK0aFSw", "node.id": "t9hfPgy_RyC9LOJUxQUrSQ"  }
{"type": "server", "timestamp": "2022-03-30T02:58:56,337Z", "level": "WARN", "component": "o.e.t.ThreadPool", "cluster.name": "tpotcluster", "node.name": "tpotcluster-node-01", "message": "execution of [ReschedulingRunnable{runnable=org.elasticsearch.monitor.jvm.JvmGcMonitorService$1@28332a48, interval=1s}] took [38843ms] which is above the warn threshold of [5000ms]", "cluster.uuid": "Qbw2pof0QzSXC1OvK0aFSw", "node.id": "t9hfPgy_RyC9LOJUxQUrSQ"  }
{"type": "server", "timestamp": "2022-03-30T02:58:57,491Z", "level": "WARN", "component": "o.e.t.ThreadPool", "cluster.name": "tpotcluster", "node.name": "tpotcluster-node-01", "message": "timer thread slept for [15.1s/15144ms] on absolute clock which is above the warn threshold of [5000ms]", "cluster.uuid": "Qbw2pof0QzSXC1OvK0aFSw", "node.id": "t9hfPgy_RyC9LOJUxQUrSQ"  }
{"type": "server", "timestamp": "2022-03-30T02:58:58,105Z", "level": "WARN", "component": "o.e.t.ThreadPool", "cluster.name": "tpotcluster", "node.name": "tpotcluster-node-01", "message": "timer thread slept for [15.2s/15249613847ns] on relative clock which is above the warn threshold of [5000ms]", "cluster.uuid": "Qbw2pof0QzSXC1OvK0aFSw", "node.id": "t9hfPgy_RyC9LOJUxQUrSQ"  }
{"type": "server", "timestamp": "2022-03-30T02:59:05,691Z", "level": "WARN", "component": "o.e.t.ThreadPool", "cluster.name": "tpotcluster", "node.name": "tpotcluster-node-01", "message": "execution of [org.elasticsearch.cluster.InternalClusterInfoService$RefreshScheduler$$Lambda$5095/0x00000008017da000@5f784320] took [8312ms] which is above the warn threshold of [5000ms]", "cluster.uuid": "Qbw2pof0QzSXC1OvK0aFSw", "node.id": "t9hfPgy_RyC9LOJUxQUrSQ"  }
{"type": "server", "timestamp": "2022-03-30T02:59:09,857Z", "level": "WARN", "component": "o.e.h.AbstractHttpServerTransport", "cluster.name": "tpotcluster", "node.name": "tpotcluster-node-01", "message": "handling request [null][POST][/_bulk][Netty4HttpChannel{localAddress=/192.168.48.2:9200, remoteAddress=/192.168.48.3:51350}] took [9329ms] which is above the warn threshold of [5000ms]", "cluster.uuid": "Qbw2pof0QzSXC1OvK0aFSw", "node.id": "t9hfPgy_RyC9LOJUxQUrSQ"  }
{"type": "server", "timestamp": "2022-03-30T02:59:36,712Z", "level": "WARN", "component": "o.e.c.s.ClusterApplierService", "cluster.name": "tpotcluster", "node.name": "tpotcluster-node-01", "message": "cluster state applier task [Publication{term=156, version=4477}] took [1.6m] which is above the warn threshold of [30s]: [running task [Publication{term=156, version=4477}]] took [3ms], [connecting to new nodes] took [15ms], [applying settings] took [0ms], [org.elasticsearch.repositories.RepositoriesService@1a2c6398] took [0ms], [org.elasticsearch.indices.cluster.IndicesClusterStateService@73faa96a] took [98688ms], [org.elasticsearch.script.ScriptService@3526ac1b] took [0ms], [org.elasticsearch.xpack.ilm.IndexLifecycleService@7a8e4184] took [0ms], [org.elasticsearch.snapshots.RestoreService@347cdee] took [0ms], [org.elasticsearch.ingest.IngestService@25508515] took [16ms], [org.elasticsearch.action.ingest.IngestActionForwarder@2596a3d0] took [0ms], [org.elasticsearch.action.admin.cluster.repositories.cleanup.TransportCleanupRepositoryAction$$Lambda$4527/0x00000008016ce640@2d9c4487] took [0ms], [org.elasticsearch.indices.TimestampFieldMapperService@1089c467] took [0ms], [org.elasticsearch.tasks.TaskManager@31d0834e] took [0ms], [org.elasticsearch.snapshots.SnapshotsService@21c83e87] took [0ms], [org.elasticsearch.cluster.InternalClusterInfoService@49eeb16e] took [0ms], [org.elasticsearch.snapshots.InternalSnapshotsInfoService@39954ea3] took [0ms], [org.elasticsearch.indices.SystemIndexManager@34d4830f] took [32ms], [org.elasticsearch.xpack.shutdown.NodeSeenService@79c15417] took [0ms], [org.elasticsearch.xpack.autoscaling.capacity.memory.AutoscalingMemoryInfoService$$Lambda$3179/0x00000008013014e8@691b1047] took [0ms], [org.elasticsearch.xpack.ccr.action.ShardFollowTaskCleaner@7ab4377f] took [0ms], [org.elasticsearch.xpack.enrich.EnrichPolicyMaintenanceService@54968cb3] took [0ms], [org.elasticsearch.xpack.transform.notifications.TransformAuditor$$Lambda$3197/0x0000000801406c08@7b017545] took [0ms], [org.elasticsearch.xpack.transform.TransformClusterStateListener@659c610a] took [0ms], [org.elasticsearch.xpack.stack.StackTemplateRegistry@80b0243] took [195ms], [org.elasticsearch.xpack.searchablesnapshots.cache.blob.BlobStoreCacheMaintenanceService@4a1eff4c] took [0ms], [org.elasticsearch.xpack.searchablesnapshots.SearchableSnapshots$RepositoryUuidWatcher@5a0b36b2] took [0ms], [org.elasticsearch.xpack.watcher.support.WatcherIndexTemplateRegistry@67524620] took [35ms], [org.elasticsearch.xpack.watcher.WatcherLifeCycleService@6f0a9ac8] took [60ms], [org.elasticsearch.xpack.watcher.WatcherIndexingListener@7476cc26] took [0ms], [org.elasticsearch.xpack.ilm.history.ILMHistoryTemplateRegistry@77cbcabc] took [20ms], [org.elasticsearch.xpack.ilm.IndexLifecycleService@7a8e4184] took [27ms], [org.elasticsearch.xpack.core.slm.history.SnapshotLifecycleTemplateRegistry@2ddf123] took [2ms], [org.elasticsearch.xpack.slm.SnapshotLifecycleService@393ae76a] took [0ms], [org.elasticsearch.xpack.slm.SnapshotRetentionService@3f6107ed] took [0ms], [org.elasticsearch.xpack.deprecation.logging.DeprecationIndexingTemplateRegistry@f263156] took [2ms], [org.elasticsearch.xpack.fleet.FleetTemplateRegistry@6fed69da] took [0ms], [org.elasticsearch.cluster.metadata.SystemIndexMetadataUpgradeService@61c841e3] took [0ms], [org.elasticsearch.cluster.metadata.TemplateUpgradeService@11def15c] took [0ms], [org.elasticsearch.node.ResponseCollectorService@15f9f904] took [0ms], [org.elasticsearch.snapshots.SnapshotShardsService@3e629292] took [0ms], [org.elasticsearch.persistent.PersistentTasksClusterService@1d060be4] took [1ms], [org.elasticsearch.shutdown.PluginShutdownService@7b345d09] took [0ms], [org.elasticsearch.cluster.routing.DelayedAllocationService@45fabb06] took [0ms], [org.elasticsearch.indices.store.IndicesStore@44078460] took [0ms], [org.elasticsearch.persistent.PersistentTasksNodeService@46146beb] took [0ms], [org.elasticsearch.license.LicenseService@72bfb7ec] took [0ms], [org.elasticsearch.xpack.ccr.action.AutoFollowCoordinator@1a51ac93] took [0ms], [org.elasticsearch.xpack.core.async.AsyncTaskMaintenanceService@66e71974] took [0ms], [org.elasticsearch.gateway.GatewayService@1ee67e8a] took [0ms], [org.elasticsearch.indices.recovery.PeerRecoverySourceService@f4a1e13] took [0ms]", "cluster.uuid": "Qbw2pof0QzSXC1OvK0aFSw", "node.id": "t9hfPgy_RyC9LOJUxQUrSQ"  }
{"type": "server", "timestamp": "2022-03-30T02:59:38,952Z", "level": "INFO", "component": "o.e.i.g.GeoIpDownloader", "cluster.name": "tpotcluster", "node.name": "tpotcluster-node-01", "message": "updating geoip databases", "cluster.uuid": "Qbw2pof0QzSXC1OvK0aFSw", "node.id": "t9hfPgy_RyC9LOJUxQUrSQ"  }
{"type": "server", "timestamp": "2022-03-30T02:59:39,026Z", "level": "INFO", "component": "o.e.i.g.GeoIpDownloader", "cluster.name": "tpotcluster", "node.name": "tpotcluster-node-01", "message": "fetching geoip databases overview from [https://geoip.elastic.co/v1/database?elastic_geoip_service_tos=agree]", "cluster.uuid": "Qbw2pof0QzSXC1OvK0aFSw", "node.id": "t9hfPgy_RyC9LOJUxQUrSQ"  }
{"type": "server", "timestamp": "2022-03-30T02:59:41,915Z", "level": "INFO", "component": "o.e.i.g.GeoIpDownloader", "cluster.name": "tpotcluster", "node.name": "tpotcluster-node-01", "message": "updating geoip database [GeoLite2-ASN.mmdb]", "cluster.uuid": "Qbw2pof0QzSXC1OvK0aFSw", "node.id": "t9hfPgy_RyC9LOJUxQUrSQ"  }
{"type": "server", "timestamp": "2022-03-30T03:00:54,010Z", "level": "WARN", "component": "o.e.t.ThreadPool", "cluster.name": "tpotcluster", "node.name": "tpotcluster-node-01", "message": "timer thread slept for [39.6s/39633ms] on absolute clock which is above the warn threshold of [5000ms]", "cluster.uuid": "Qbw2pof0QzSXC1OvK0aFSw", "node.id": "t9hfPgy_RyC9LOJUxQUrSQ"  }
{"type": "server", "timestamp": "2022-03-30T03:01:33,593Z", "level": "WARN", "component": "o.e.t.ThreadPool", "cluster.name": "tpotcluster", "node.name": "tpotcluster-node-01", "message": "execution of [ReschedulingRunnable{runnable=org.elasticsearch.indices.IndexingMemoryController$ShardsIndicesStatusChecker@3fe8e45c, interval=5s}] took [40633ms] which is above the warn threshold of [5000ms]", "cluster.uuid": "Qbw2pof0QzSXC1OvK0aFSw", "node.id": "t9hfPgy_RyC9LOJUxQUrSQ"  }
{"type": "server", "timestamp": "2022-03-30T03:02:02,498Z", "level": "WARN", "component": "o.e.t.ThreadPool", "cluster.name": "tpotcluster", "node.name": "tpotcluster-node-01", "message": "timer thread slept for [39.6s/39632726194ns] on relative clock which is above the warn threshold of [5000ms]", "cluster.uuid": "Qbw2pof0QzSXC1OvK0aFSw", "node.id": "t9hfPgy_RyC9LOJUxQUrSQ"  }
{"type": "server", "timestamp": "2022-03-30T03:02:43,132Z", "level": "WARN", "component": "o.e.t.ThreadPool", "cluster.name": "tpotcluster", "node.name": "tpotcluster-node-01", "message": "timer thread slept for [1.8m/109665ms] on absolute clock which is above the warn threshold of [5000ms]", "cluster.uuid": "Qbw2pof0QzSXC1OvK0aFSw", "node.id": "t9hfPgy_RyC9LOJUxQUrSQ"  }
{"type": "server", "timestamp": "2022-03-30T03:03:03,633Z", "level": "WARN", "component": "o.e.t.ThreadPool", "cluster.name": "tpotcluster", "node.name": "tpotcluster-node-01", "message": "timer thread slept for [1.8m/109441715401ns] on relative clock which is above the warn threshold of [5000ms]", "cluster.uuid": "Qbw2pof0QzSXC1OvK0aFSw", "node.id": "t9hfPgy_RyC9LOJUxQUrSQ"  }
{"type": "server", "timestamp": "2022-03-30T03:03:20,010Z", "level": "WARN", "component": "o.e.t.ThreadPool", "cluster.name": "tpotcluster", "node.name": "tpotcluster-node-01", "message": "timer thread slept for [53.9s/53986ms] on absolute clock which is above the warn threshold of [5000ms]", "cluster.uuid": "Qbw2pof0QzSXC1OvK0aFSw", "node.id": "t9hfPgy_RyC9LOJUxQUrSQ"  }
{"type": "server", "timestamp": "2022-03-30T03:03:26,226Z", "level": "WARN", "component": "o.e.t.ThreadPool", "cluster.name": "tpotcluster", "node.name": "tpotcluster-node-01", "message": "execution of [ReschedulingRunnable{runnable=org.elasticsearch.monitor.jvm.JvmGcMonitorService$1@28332a48, interval=1s}] took [163651ms] which is above the warn threshold of [5000ms]", "cluster.uuid": "Qbw2pof0QzSXC1OvK0aFSw", "node.id": "t9hfPgy_RyC9LOJUxQUrSQ"  }
{"type": "server", "timestamp": "2022-03-30T03:03:35,167Z", "level": "WARN", "component": "o.e.t.ThreadPool", "cluster.name": "tpotcluster", "node.name": "tpotcluster-node-01", "message": "timer thread slept for [54.2s/54209889388ns] on relative clock which is above the warn threshold of [5000ms]", "cluster.uuid": "Qbw2pof0QzSXC1OvK0aFSw", "node.id": "t9hfPgy_RyC9LOJUxQUrSQ"  }
{"type": "server", "timestamp": "2022-03-30T03:03:49,214Z", "level": "WARN", "component": "o.e.t.ThreadPool", "cluster.name": "tpotcluster", "node.name": "tpotcluster-node-01", "message": "timer thread slept for [30.5s/30553ms] on absolute clock which is above the warn threshold of [5000ms]", "cluster.uuid": "Qbw2pof0QzSXC1OvK0aFSw", "node.id": "t9hfPgy_RyC9LOJUxQUrSQ"  }
{"type": "server", "timestamp": "2022-03-30T03:03:49,466Z", "level": "WARN", "component": "o.e.t.ThreadPool", "cluster.name": "tpotcluster", "node.name": "tpotcluster-node-01", "message": "execution of [ReschedulingRunnable{runnable=org.elasticsearch.watcher.ResourceWatcherService$ResourceMonitor@67886eb9, interval=5s}] took [30552ms] which is above the warn threshold of [5000ms]", "cluster.uuid": "Qbw2pof0QzSXC1OvK0aFSw", "node.id": "t9hfPgy_RyC9LOJUxQUrSQ"  }
{"type": "server", "timestamp": "2022-03-30T03:03:51,354Z", "level": "WARN", "component": "o.e.t.ThreadPool", "cluster.name": "tpotcluster", "node.name": "tpotcluster-node-01", "message": "timer thread slept for [30.5s/30552326653ns] on relative clock which is above the warn threshold of [5000ms]", "cluster.uuid": "Qbw2pof0QzSXC1OvK0aFSw", "node.id": "t9hfPgy_RyC9LOJUxQUrSQ"  }
{"type": "server", "timestamp": "2022-03-30T03:03:59,198Z", "level": "WARN", "component": "o.e.t.ThreadPool", "cluster.name": "tpotcluster", "node.name": "tpotcluster-node-01", "message": "timer thread slept for [9.7s/9722ms] on absolute clock which is above the warn threshold of [5000ms]", "cluster.uuid": "Qbw2pof0QzSXC1OvK0aFSw", "node.id": "t9hfPgy_RyC9LOJUxQUrSQ"  }
{"type": "server", "timestamp": "2022-03-30T03:04:01,658Z", "level": "WARN", "component": "o.e.t.ThreadPool", "cluster.name": "tpotcluster", "node.name": "tpotcluster-node-01", "message": "timer thread slept for [9.7s/9722455068ns] on relative clock which is above the warn threshold of [5000ms]", "cluster.uuid": "Qbw2pof0QzSXC1OvK0aFSw", "node.id": "t9hfPgy_RyC9LOJUxQUrSQ"  }
{"type": "server", "timestamp": "2022-03-30T03:04:10,090Z", "level": "WARN", "component": "o.e.t.ThreadPool", "cluster.name": "tpotcluster", "node.name": "tpotcluster-node-01", "message": "timer thread slept for [11.2s/11200ms] on absolute clock which is above the warn threshold of [5000ms]", "cluster.uuid": "Qbw2pof0QzSXC1OvK0aFSw", "node.id": "t9hfPgy_RyC9LOJUxQUrSQ"  }
{"type": "server", "timestamp": "2022-03-30T03:04:11,994Z", "level": "WARN", "component": "o.e.t.ThreadPool", "cluster.name": "tpotcluster", "node.name": "tpotcluster-node-01", "message": "timer thread slept for [11.2s/11200088306ns] on relative clock which is above the warn threshold of [5000ms]", "cluster.uuid": "Qbw2pof0QzSXC1OvK0aFSw", "node.id": "t9hfPgy_RyC9LOJUxQUrSQ"  }
{"type": "server", "timestamp": "2022-03-30T03:04:14,016Z", "level": "INFO", "component": "o.e.i.g.DatabaseNodeService", "cluster.name": "tpotcluster", "node.name": "tpotcluster-node-01", "message": "downloading geoip database [GeoLite2-Country.mmdb] to [/tmp/geoip-databases/t9hfPgy_RyC9LOJUxQUrSQ/GeoLite2-Country.mmdb.tmp.gz]", "cluster.uuid": "Qbw2pof0QzSXC1OvK0aFSw", "node.id": "t9hfPgy_RyC9LOJUxQUrSQ"  }
{"type": "server", "timestamp": "2022-03-30T03:04:13,989Z", "level": "WARN", "component": "o.e.t.ThreadPool", "cluster.name": "tpotcluster", "node.name": "tpotcluster-node-01", "message": "execution of [org.elasticsearch.cluster.InternalClusterInfoService$RefreshScheduler$$Lambda$5095/0x00000008017da000@504de2c3] took [15158ms] which is above the warn threshold of [5000ms]", "cluster.uuid": "Qbw2pof0QzSXC1OvK0aFSw", "node.id": "t9hfPgy_RyC9LOJUxQUrSQ"  }
{"type": "server", "timestamp": "2022-03-30T03:04:14,404Z", "level": "INFO", "component": "o.e.i.g.DatabaseNodeService", "cluster.name": "tpotcluster", "node.name": "tpotcluster-node-01", "message": "downloading geoip database [GeoLite2-ASN.mmdb] to [/tmp/geoip-databases/t9hfPgy_RyC9LOJUxQUrSQ/GeoLite2-ASN.mmdb.tmp.gz]", "cluster.uuid": "Qbw2pof0QzSXC1OvK0aFSw", "node.id": "t9hfPgy_RyC9LOJUxQUrSQ"  }
{"type": "server", "timestamp": "2022-03-30T03:04:14,405Z", "level": "INFO", "component": "o.e.i.g.DatabaseNodeService", "cluster.name": "tpotcluster", "node.name": "tpotcluster-node-01", "message": "downloading geoip database [GeoLite2-City.mmdb] to [/tmp/geoip-databases/t9hfPgy_RyC9LOJUxQUrSQ/GeoLite2-City.mmdb.tmp.gz]", "cluster.uuid": "Qbw2pof0QzSXC1OvK0aFSw", "node.id": "t9hfPgy_RyC9LOJUxQUrSQ"  }
{"type": "server", "timestamp": "2022-03-30T03:04:15,382Z", "level": "WARN", "component": "o.e.c.s.ClusterApplierService", "cluster.name": "tpotcluster", "node.name": "tpotcluster-node-01", "message": "cluster state applier task [Publication{term=156, version=4485}] took [4.3m] which is above the warn threshold of [30s]: [running task [Publication{term=156, version=4485}]] took [0ms], [connecting to new nodes] took [43ms], [applying settings] took [0ms], [org.elasticsearch.repositories.RepositoriesService@1a2c6398] took [0ms], [org.elasticsearch.indices.cluster.IndicesClusterStateService@73faa96a] took [212262ms], [org.elasticsearch.script.ScriptService@3526ac1b] took [0ms], [org.elasticsearch.xpack.ilm.IndexLifecycleService@7a8e4184] took [0ms], [org.elasticsearch.snapshots.RestoreService@347cdee] took [0ms], [org.elasticsearch.ingest.IngestService@25508515] took [49761ms], [org.elasticsearch.action.ingest.IngestActionForwarder@2596a3d0] took [0ms], [org.elasticsearch.action.admin.cluster.repositories.cleanup.TransportCleanupRepositoryAction$$Lambda$4527/0x00000008016ce640@2d9c4487] took [0ms], [org.elasticsearch.indices.TimestampFieldMapperService@1089c467] took [30ms], [org.elasticsearch.tasks.TaskManager@31d0834e] took [0ms], [org.elasticsearch.snapshots.SnapshotsService@21c83e87] took [0ms], [org.elasticsearch.cluster.InternalClusterInfoService@49eeb16e] took [0ms], [org.elasticsearch.snapshots.InternalSnapshotsInfoService@39954ea3] took [1ms], [org.elasticsearch.indices.SystemIndexManager@34d4830f] took [0ms], [org.elasticsearch.xpack.shutdown.NodeSeenService@79c15417] took [0ms], [org.elasticsearch.xpack.autoscaling.capacity.memory.AutoscalingMemoryInfoService$$Lambda$3179/0x00000008013014e8@691b1047] took [0ms], [org.elasticsearch.xpack.ccr.action.ShardFollowTaskCleaner@7ab4377f] took [0ms], [org.elasticsearch.xpack.enrich.EnrichPolicyMaintenanceService@54968cb3] took [0ms], [org.elasticsearch.xpack.transform.notifications.TransformAuditor$$Lambda$3197/0x0000000801406c08@7b017545] took [0ms], [org.elasticsearch.xpack.transform.TransformClusterStateListener@659c610a] took [0ms], [org.elasticsearch.xpack.stack.StackTemplateRegistry@80b0243] took [451ms], [org.elasticsearch.xpack.searchablesnapshots.cache.blob.BlobStoreCacheMaintenanceService@4a1eff4c] took [1ms], [org.elasticsearch.xpack.searchablesnapshots.SearchableSnapshots$RepositoryUuidWatcher@5a0b36b2] took [0ms], [org.elasticsearch.xpack.watcher.support.WatcherIndexTemplateRegistry@67524620] took [23ms], [org.elasticsearch.xpack.watcher.WatcherLifeCycleService@6f0a9ac8] took [173ms], [org.elasticsearch.xpack.watcher.WatcherIndexingListener@7476cc26] took [40ms], [org.elasticsearch.xpack.ilm.history.ILMHistoryTemplateRegistry@77cbcabc] took [59ms], [org.elasticsearch.xpack.ilm.IndexLifecycleService@7a8e4184] took [0ms], [org.elasticsearch.xpack.core.slm.history.SnapshotLifecycleTemplateRegistry@2ddf123] took [23ms], [org.elasticsearch.xpack.slm.SnapshotLifecycleService@393ae76a] took [0ms], [org.elasticsearch.xpack.slm.SnapshotRetentionService@3f6107ed] took [0ms], [org.elasticsearch.xpack.deprecation.logging.DeprecationIndexingTemplateRegistry@f263156] took [85ms], [org.elasticsearch.xpack.fleet.FleetTemplateRegistry@6fed69da] took [1ms], [org.elasticsearch.cluster.metadata.SystemIndexMetadataUpgradeService@61c841e3] took [0ms], [org.elasticsearch.cluster.metadata.TemplateUpgradeService@11def15c] took [0ms], [org.elasticsearch.node.ResponseCollectorService@15f9f904] took [0ms], [org.elasticsearch.snapshots.SnapshotShardsService@3e629292] took [0ms], [org.elasticsearch.persistent.PersistentTasksClusterService@1d060be4] took [0ms], [org.elasticsearch.shutdown.PluginShutdownService@7b345d09] took [0ms], [org.elasticsearch.cluster.routing.DelayedAllocationService@45fabb06] took [0ms], [org.elasticsearch.indices.store.IndicesStore@44078460] took [0ms], [org.elasticsearch.persistent.PersistentTasksNodeService@46146beb] took [0ms], [org.elasticsearch.license.LicenseService@72bfb7ec] took [0ms], [org.elasticsearch.xpack.ccr.action.AutoFollowCoordinator@1a51ac93] took [17ms], [org.elasticsearch.xpack.core.async.AsyncTaskMaintenanceService@66e71974] took [0ms], [org.elasticsearch.gateway.GatewayService@1ee67e8a] took [0ms], [org.elasticsearch.indices.recovery.PeerRecoverySourceService@f4a1e13] took [0ms]", "cluster.uuid": "Qbw2pof0QzSXC1OvK0aFSw", "node.id": "t9hfPgy_RyC9LOJUxQUrSQ"  }
{"type": "server", "timestamp": "2022-03-30T03:04:24,067Z", "level": "INFO", "component": "o.e.i.g.GeoIpDownloader", "cluster.name": "tpotcluster", "node.name": "tpotcluster-node-01", "message": "updated geoip database [GeoLite2-ASN.mmdb]", "cluster.uuid": "Qbw2pof0QzSXC1OvK0aFSw", "node.id": "t9hfPgy_RyC9LOJUxQUrSQ"  }
{"type": "server", "timestamp": "2022-03-30T03:04:24,264Z", "level": "INFO", "component": "o.e.i.g.GeoIpDownloader", "cluster.name": "tpotcluster", "node.name": "tpotcluster-node-01", "message": "updating geoip database [GeoLite2-City.mmdb]", "cluster.uuid": "Qbw2pof0QzSXC1OvK0aFSw", "node.id": "t9hfPgy_RyC9LOJUxQUrSQ"  }
{"type": "server", "timestamp": "2022-03-30T03:04:54,909Z", "level": "WARN", "component": "o.e.t.ThreadPool", "cluster.name": "tpotcluster", "node.name": "tpotcluster-node-01", "message": "timer thread slept for [20.6s/20675ms] on absolute clock which is above the warn threshold of [5000ms]", "cluster.uuid": "Qbw2pof0QzSXC1OvK0aFSw", "node.id": "t9hfPgy_RyC9LOJUxQUrSQ"  }
{"type": "server", "timestamp": "2022-03-30T03:05:04,119Z", "level": "WARN", "component": "o.e.t.ThreadPool", "cluster.name": "tpotcluster", "node.name": "tpotcluster-node-01", "message": "timer thread slept for [20.6s/20674858501ns] on relative clock which is above the warn threshold of [5000ms]", "cluster.uuid": "Qbw2pof0QzSXC1OvK0aFSw", "node.id": "t9hfPgy_RyC9LOJUxQUrSQ"  }
{"type": "server", "timestamp": "2022-03-30T03:05:15,385Z", "level": "WARN", "component": "o.e.t.ThreadPool", "cluster.name": "tpotcluster", "node.name": "tpotcluster-node-01", "message": "timer thread slept for [20.2s/20278ms] on absolute clock which is above the warn threshold of [5000ms]", "cluster.uuid": "Qbw2pof0QzSXC1OvK0aFSw", "node.id": "t9hfPgy_RyC9LOJUxQUrSQ"  }
{"type": "server", "timestamp": "2022-03-30T03:05:19,474Z", "level": "WARN", "component": "o.e.t.ThreadPool", "cluster.name": "tpotcluster", "node.name": "tpotcluster-node-01", "message": "execution of [ReschedulingRunnable{runnable=org.elasticsearch.monitor.jvm.JvmGcMonitorService$1@28332a48, interval=1s}] took [20277ms] which is above the warn threshold of [5000ms]", "cluster.uuid": "Qbw2pof0QzSXC1OvK0aFSw", "node.id": "t9hfPgy_RyC9LOJUxQUrSQ"  }
{"type": "server", "timestamp": "2022-03-30T03:05:21,750Z", "level": "WARN", "component": "o.e.t.ThreadPool", "cluster.name": "tpotcluster", "node.name": "tpotcluster-node-01", "message": "timer thread slept for [20.2s/20277650203ns] on relative clock which is above the warn threshold of [5000ms]", "cluster.uuid": "Qbw2pof0QzSXC1OvK0aFSw", "node.id": "t9hfPgy_RyC9LOJUxQUrSQ"  }
{"type": "server", "timestamp": "2022-03-30T03:05:32,378Z", "level": "WARN", "component": "o.e.t.ThreadPool", "cluster.name": "tpotcluster", "node.name": "tpotcluster-node-01", "message": "timer thread slept for [17s/17000ms] on absolute clock which is above the warn threshold of [5000ms]", "cluster.uuid": "Qbw2pof0QzSXC1OvK0aFSw", "node.id": "t9hfPgy_RyC9LOJUxQUrSQ"  }
{"type": "server", "timestamp": "2022-03-30T03:05:40,909Z", "level": "WARN", "component": "o.e.t.ThreadPool", "cluster.name": "tpotcluster", "node.name": "tpotcluster-node-01", "message": "timer thread slept for [17s/17000562411ns] on relative clock which is above the warn threshold of [5000ms]", "cluster.uuid": "Qbw2pof0QzSXC1OvK0aFSw", "node.id": "t9hfPgy_RyC9LOJUxQUrSQ"  }
{"type": "server", "timestamp": "2022-03-30T03:05:53,404Z", "level": "WARN", "component": "o.e.t.ThreadPool", "cluster.name": "tpotcluster", "node.name": "tpotcluster-node-01", "message": "timer thread slept for [20.5s/20573ms] on absolute clock which is above the warn threshold of [5000ms]", "cluster.uuid": "Qbw2pof0QzSXC1OvK0aFSw", "node.id": "t9hfPgy_RyC9LOJUxQUrSQ"  }
{"type": "server", "timestamp": "2022-03-30T03:06:03,737Z", "level": "WARN", "component": "o.e.t.ThreadPool", "cluster.name": "tpotcluster", "node.name": "tpotcluster-node-01", "message": "timer thread slept for [20.5s/20572840198ns] on relative clock which is above the warn threshold of [5000ms]", "cluster.uuid": "Qbw2pof0QzSXC1OvK0aFSw", "node.id": "t9hfPgy_RyC9LOJUxQUrSQ"  }
{"type": "server", "timestamp": "2022-03-30T03:06:13,096Z", "level": "WARN", "component": "o.e.t.ThreadPool", "cluster.name": "tpotcluster", "node.name": "tpotcluster-node-01", "message": "timer thread slept for [20s/20052ms] on absolute clock which is above the warn threshold of [5000ms]", "cluster.uuid": "Qbw2pof0QzSXC1OvK0aFSw", "node.id": "t9hfPgy_RyC9LOJUxQUrSQ"  }
{"type": "server", "timestamp": "2022-03-30T03:06:22,767Z", "level": "WARN", "component": "o.e.t.ThreadPool", "cluster.name": "tpotcluster", "node.name": "tpotcluster-node-01", "message": "timer thread slept for [20s/20051738215ns] on relative clock which is above the warn threshold of [5000ms]", "cluster.uuid": "Qbw2pof0QzSXC1OvK0aFSw", "node.id": "t9hfPgy_RyC9LOJUxQUrSQ"  }
{"type": "server", "timestamp": "2022-03-30T03:06:31,842Z", "level": "WARN", "component": "o.e.t.ThreadPool", "cluster.name": "tpotcluster", "node.name": "tpotcluster-node-01", "message": "timer thread slept for [19.3s/19335ms] on absolute clock which is above the warn threshold of [5000ms]", "cluster.uuid": "Qbw2pof0QzSXC1OvK0aFSw", "node.id": "t9hfPgy_RyC9LOJUxQUrSQ"  }
{"type": "server", "timestamp": "2022-03-30T03:06:34,247Z", "level": "WARN", "component": "o.e.t.ThreadPool", "cluster.name": "tpotcluster", "node.name": "tpotcluster-node-01", "message": "timer thread slept for [19.3s/19334587203ns] on relative clock which is above the warn threshold of [5000ms]", "cluster.uuid": "Qbw2pof0QzSXC1OvK0aFSw", "node.id": "t9hfPgy_RyC9LOJUxQUrSQ"  }
{"type": "server", "timestamp": "2022-03-30T03:06:46,242Z", "level": "WARN", "component": "o.e.t.ThreadPool", "cluster.name": "tpotcluster", "node.name": "tpotcluster-node-01", "message": "execution of [ReschedulingRunnable{runnable=org.elasticsearch.indices.IndexingMemoryController$ShardsIndicesStatusChecker@3fe8e45c, interval=5s}] took [88203ms] which is above the warn threshold of [5000ms]", "cluster.uuid": "Qbw2pof0QzSXC1OvK0aFSw", "node.id": "t9hfPgy_RyC9LOJUxQUrSQ"  }
{"type": "server", "timestamp": "2022-03-30T03:06:46,242Z", "level": "WARN", "component": "o.e.t.ThreadPool", "cluster.name": "tpotcluster", "node.name": "tpotcluster-node-01", "message": "timer thread slept for [11.2s/11243ms] on absolute clock which is above the warn threshold of [5000ms]", "cluster.uuid": "Qbw2pof0QzSXC1OvK0aFSw", "node.id": "t9hfPgy_RyC9LOJUxQUrSQ"  }
{"type": "server", "timestamp": "2022-03-30T03:06:55,955Z", "level": "WARN", "component": "o.e.t.ThreadPool", "cluster.name": "tpotcluster", "node.name": "tpotcluster-node-01", "message": "timer thread slept for [11.2s/11243733966ns] on relative clock which is above the warn threshold of [5000ms]", "cluster.uuid": "Qbw2pof0QzSXC1OvK0aFSw", "node.id": "t9hfPgy_RyC9LOJUxQUrSQ"  }
{"type": "server", "timestamp": "2022-03-30T03:07:01,881Z", "level": "WARN", "component": "o.e.t.ThreadPool", "cluster.name": "tpotcluster", "node.name": "tpotcluster-node-01", "message": "timer thread slept for [17.9s/17921ms] on absolute clock which is above the warn threshold of [5000ms]", "cluster.uuid": "Qbw2pof0QzSXC1OvK0aFSw", "node.id": "t9hfPgy_RyC9LOJUxQUrSQ"  }
{"type": "server", "timestamp": "2022-03-30T03:07:18,376Z", "level": "WARN", "component": "o.e.t.ThreadPool", "cluster.name": "tpotcluster", "node.name": "tpotcluster-node-01", "message": "timer thread slept for [17.9s/17920887091ns] on relative clock which is above the warn threshold of [5000ms]", "cluster.uuid": "Qbw2pof0QzSXC1OvK0aFSw", "node.id": "t9hfPgy_RyC9LOJUxQUrSQ"  }
{"type": "server", "timestamp": "2022-03-30T03:07:28,118Z", "level": "WARN", "component": "o.e.t.ThreadPool", "cluster.name": "tpotcluster", "node.name": "tpotcluster-node-01", "message": "timer thread slept for [26.4s/26493ms] on absolute clock which is above the warn threshold of [5000ms]", "cluster.uuid": "Qbw2pof0QzSXC1OvK0aFSw", "node.id": "t9hfPgy_RyC9LOJUxQUrSQ"  }
{"type": "server", "timestamp": "2022-03-30T03:07:34,426Z", "level": "WARN", "component": "o.e.t.ThreadPool", "cluster.name": "tpotcluster", "node.name": "tpotcluster-node-01", "message": "timer thread slept for [26.4s/26492329110ns] on relative clock which is above the warn threshold of [5000ms]", "cluster.uuid": "Qbw2pof0QzSXC1OvK0aFSw", "node.id": "t9hfPgy_RyC9LOJUxQUrSQ"  }
{"type": "server", "timestamp": "2022-03-30T03:07:42,285Z", "level": "WARN", "component": "o.e.t.ThreadPool", "cluster.name": "tpotcluster", "node.name": "tpotcluster-node-01", "message": "timer thread slept for [14.5s/14576ms] on absolute clock which is above the warn threshold of [5000ms]", "cluster.uuid": "Qbw2pof0QzSXC1OvK0aFSw", "node.id": "t9hfPgy_RyC9LOJUxQUrSQ"  }
{"type": "server", "timestamp": "2022-03-30T03:08:07,331Z", "level": "WARN", "component": "o.e.t.ThreadPool", "cluster.name": "tpotcluster", "node.name": "tpotcluster-node-01", "message": "timer thread slept for [14.5s/14576504970ns] on relative clock which is above the warn threshold of [5000ms]", "cluster.uuid": "Qbw2pof0QzSXC1OvK0aFSw", "node.id": "t9hfPgy_RyC9LOJUxQUrSQ"  }
{"type": "server", "timestamp": "2022-03-30T03:08:52,462Z", "level": "WARN", "component": "o.e.t.ThreadPool", "cluster.name": "tpotcluster", "node.name": "tpotcluster-node-01", "message": "timer thread slept for [1.1m/68814ms] on absolute clock which is above the warn threshold of [5000ms]", "cluster.uuid": "Qbw2pof0QzSXC1OvK0aFSw", "node.id": "t9hfPgy_RyC9LOJUxQUrSQ"  }
{"type": "server", "timestamp": "2022-03-30T03:09:18,531Z", "level": "WARN", "component": "o.e.t.ThreadPool", "cluster.name": "tpotcluster", "node.name": "tpotcluster-node-01", "message": "timer thread slept for [1.1m/68813447403ns] on relative clock which is above the warn threshold of [5000ms]", "cluster.uuid": "Qbw2pof0QzSXC1OvK0aFSw", "node.id": "t9hfPgy_RyC9LOJUxQUrSQ"  }
{"type": "server", "timestamp": "2022-03-30T03:09:21,581Z", "level": "WARN", "component": "o.e.h.AbstractHttpServerTransport", "cluster.name": "tpotcluster", "node.name": "tpotcluster-node-01", "message": "handling request [null][POST][/_bulk][Netty4HttpChannel{localAddress=/192.168.48.2:9200, remoteAddress=/192.168.48.3:51408}] took [216006ms] which is above the warn threshold of [5000ms]", "cluster.uuid": "Qbw2pof0QzSXC1OvK0aFSw", "node.id": "t9hfPgy_RyC9LOJUxQUrSQ"  }
{"type": "server", "timestamp": "2022-03-30T03:09:23,512Z", "level": "WARN", "component": "o.e.t.ThreadPool", "cluster.name": "tpotcluster", "node.name": "tpotcluster-node-01", "message": "timer thread slept for [32.3s/32332ms] on absolute clock which is above the warn threshold of [5000ms]", "cluster.uuid": "Qbw2pof0QzSXC1OvK0aFSw", "node.id": "t9hfPgy_RyC9LOJUxQUrSQ"  }
{"type": "server", "timestamp": "2022-03-30T03:09:45,185Z", "level": "WARN", "component": "o.e.t.ThreadPool", "cluster.name": "tpotcluster", "node.name": "tpotcluster-node-01", "message": "timer thread slept for [32.3s/32332886864ns] on relative clock which is above the warn threshold of [5000ms]", "cluster.uuid": "Qbw2pof0QzSXC1OvK0aFSw", "node.id": "t9hfPgy_RyC9LOJUxQUrSQ"  }
{"type": "server", "timestamp": "2022-03-30T03:09:49,612Z", "level": "WARN", "component": "o.e.t.ThreadPool", "cluster.name": "tpotcluster", "node.name": "tpotcluster-node-01", "message": "timer thread slept for [26s/26049ms] on absolute clock which is above the warn threshold of [5000ms]", "cluster.uuid": "Qbw2pof0QzSXC1OvK0aFSw", "node.id": "t9hfPgy_RyC9LOJUxQUrSQ"  }
{"type": "server", "timestamp": "2022-03-30T03:10:14,258Z", "level": "WARN", "component": "o.e.t.ThreadPool", "cluster.name": "tpotcluster", "node.name": "tpotcluster-node-01", "message": "timer thread slept for [26s/26048854712ns] on relative clock which is above the warn threshold of [5000ms]", "cluster.uuid": "Qbw2pof0QzSXC1OvK0aFSw", "node.id": "t9hfPgy_RyC9LOJUxQUrSQ"  }
{"type": "server", "timestamp": "2022-03-30T03:10:39,286Z", "level": "WARN", "component": "o.e.t.ThreadPool", "cluster.name": "tpotcluster", "node.name": "tpotcluster-node-01", "message": "timer thread slept for [49.4s/49498ms] on absolute clock which is above the warn threshold of [5000ms]", "cluster.uuid": "Qbw2pof0QzSXC1OvK0aFSw", "node.id": "t9hfPgy_RyC9LOJUxQUrSQ"  }
{"type": "server", "timestamp": "2022-03-30T03:10:43,130Z", "level": "WARN", "component": "o.e.t.ThreadPool", "cluster.name": "tpotcluster", "node.name": "tpotcluster-node-01", "message": "timer thread slept for [49.4s/49498055904ns] on relative clock which is above the warn threshold of [5000ms]", "cluster.uuid": "Qbw2pof0QzSXC1OvK0aFSw", "node.id": "t9hfPgy_RyC9LOJUxQUrSQ"  }
{"type": "server", "timestamp": "2022-03-30T03:11:03,484Z", "level": "WARN", "component": "o.e.t.ThreadPool", "cluster.name": "tpotcluster", "node.name": "tpotcluster-node-01", "message": "timer thread slept for [24.7s/24716ms] on absolute clock which is above the warn threshold of [5000ms]", "cluster.uuid": "Qbw2pof0QzSXC1OvK0aFSw", "node.id": "t9hfPgy_RyC9LOJUxQUrSQ"  }
{"type": "server", "timestamp": "2022-03-30T03:11:07,731Z", "level": "WARN", "component": "o.e.t.ThreadPool", "cluster.name": "tpotcluster", "node.name": "tpotcluster-node-01", "message": "timer thread slept for [24.7s/24715655105ns] on relative clock which is above the warn threshold of [5000ms]", "cluster.uuid": "Qbw2pof0QzSXC1OvK0aFSw", "node.id": "t9hfPgy_RyC9LOJUxQUrSQ"  }
{"type": "server", "timestamp": "2022-03-30T03:11:09,098Z", "level": "WARN", "component": "o.e.t.ThreadPool", "cluster.name": "tpotcluster", "node.name": "tpotcluster-node-01", "message": "timer thread slept for [5.6s/5689ms] on absolute clock which is above the warn threshold of [5000ms]", "cluster.uuid": "Qbw2pof0QzSXC1OvK0aFSw", "node.id": "t9hfPgy_RyC9LOJUxQUrSQ"  }
{"type": "server", "timestamp": "2022-03-30T03:11:10,147Z", "level": "WARN", "component": "o.e.t.ThreadPool", "cluster.name": "tpotcluster", "node.name": "tpotcluster-node-01", "message": "timer thread slept for [5.6s/5689270660ns] on relative clock which is above the warn threshold of [5000ms]", "cluster.uuid": "Qbw2pof0QzSXC1OvK0aFSw", "node.id": "t9hfPgy_RyC9LOJUxQUrSQ"  }
{"type": "server", "timestamp": "2022-03-30T03:11:10,440Z", "level": "WARN", "component": "o.e.t.ThreadPool", "cluster.name": "tpotcluster", "node.name": "tpotcluster-node-01", "message": "execution of [org.elasticsearch.cluster.InternalClusterInfoService$RefreshScheduler$$Lambda$5095/0x00000008017da000@3ab453aa] took [207098ms] which is above the warn threshold of [5000ms]", "cluster.uuid": "Qbw2pof0QzSXC1OvK0aFSw", "node.id": "t9hfPgy_RyC9LOJUxQUrSQ"  }
{"type": "server", "timestamp": "2022-03-30T03:11:24,407Z", "level": "WARN", "component": "o.e.t.ThreadPool", "cluster.name": "tpotcluster", "node.name": "tpotcluster-node-01", "message": "execution of [ReschedulingRunnable{runnable=org.elasticsearch.indices.IndexingMemoryController$ShardsIndicesStatusChecker@3fe8e45c, interval=5s}] took [6461ms] which is above the warn threshold of [5000ms]", "cluster.uuid": "Qbw2pof0QzSXC1OvK0aFSw", "node.id": "t9hfPgy_RyC9LOJUxQUrSQ"  }
{"type": "server", "timestamp": "2022-03-30T03:11:39,023Z", "level": "WARN", "component": "o.e.c.s.ClusterApplierService", "cluster.name": "tpotcluster", "node.name": "tpotcluster-node-01", "message": "cluster state applier task [Publication{term=156, version=4494}] took [7.1m] which is above the warn threshold of [30s]: [running task [Publication{term=156, version=4494}]] took [0ms], [connecting to new nodes] took [37ms], [applying settings] took [0ms], [org.elasticsearch.repositories.RepositoriesService@1a2c6398] took [0ms], [org.elasticsearch.indices.cluster.IndicesClusterStateService@73faa96a] took [399216ms], [org.elasticsearch.script.ScriptService@3526ac1b] took [0ms], [org.elasticsearch.xpack.ilm.IndexLifecycleService@7a8e4184] took [0ms], [org.elasticsearch.snapshots.RestoreService@347cdee] took [0ms], [org.elasticsearch.ingest.IngestService@25508515] took [115ms], [org.elasticsearch.action.ingest.IngestActionForwarder@2596a3d0] took [0ms], [org.elasticsearch.action.admin.cluster.repositories.cleanup.TransportCleanupRepositoryAction$$Lambda$4527/0x00000008016ce640@2d9c4487] took [0ms], [org.elasticsearch.indices.TimestampFieldMapperService@1089c467] took [0ms], [org.elasticsearch.tasks.TaskManager@31d0834e] took [0ms], [org.elasticsearch.snapshots.SnapshotsService@21c83e87] took [0ms], [org.elasticsearch.cluster.InternalClusterInfoService@49eeb16e] took [0ms], [org.elasticsearch.snapshots.InternalSnapshotsInfoService@39954ea3] took [0ms], [org.elasticsearch.indices.SystemIndexManager@34d4830f] took [0ms], [org.elasticsearch.xpack.shutdown.NodeSeenService@79c15417] took [1ms], [org.elasticsearch.xpack.autoscaling.capacity.memory.AutoscalingMemoryInfoService$$Lambda$3179/0x00000008013014e8@691b1047] took [0ms], [org.elasticsearch.xpack.ccr.action.ShardFollowTaskCleaner@7ab4377f] took [0ms], [org.elasticsearch.xpack.enrich.EnrichPolicyMaintenanceService@54968cb3] took [0ms], [org.elasticsearch.xpack.transform.notifications.TransformAuditor$$Lambda$3197/0x0000000801406c08@7b017545] took [0ms], [org.elasticsearch.xpack.transform.TransformClusterStateListener@659c610a] took [0ms], [org.elasticsearch.xpack.stack.StackTemplateRegistry@80b0243] took [24037ms], [org.elasticsearch.xpack.searchablesnapshots.cache.blob.BlobStoreCacheMaintenanceService@4a1eff4c] took [0ms], [org.elasticsearch.xpack.searchablesnapshots.SearchableSnapshots$RepositoryUuidWatcher@5a0b36b2] took [0ms], [org.elasticsearch.xpack.watcher.support.WatcherIndexTemplateRegistry@67524620] took [308ms], [org.elasticsearch.xpack.watcher.WatcherLifeCycleService@6f0a9ac8] took [28ms], [org.elasticsearch.xpack.watcher.WatcherIndexingListener@7476cc26] took [0ms], [org.elasticsearch.xpack.ilm.history.ILMHistoryTemplateRegistry@77cbcabc] took [61ms], [org.elasticsearch.xpack.ilm.IndexLifecycleService@7a8e4184] took [1ms], [org.elasticsearch.xpack.core.slm.history.SnapshotLifecycleTemplateRegistry@2ddf123] took [2327ms], [org.elasticsearch.xpack.slm.SnapshotLifecycleService@393ae76a] took [15ms], [org.elasticsearch.xpack.slm.SnapshotRetentionService@3f6107ed] took [0ms], [org.elasticsearch.xpack.deprecation.logging.DeprecationIndexingTemplateRegistry@f263156] took [1006ms], [org.elasticsearch.xpack.fleet.FleetTemplateRegistry@6fed69da] took [48ms], [org.elasticsearch.cluster.metadata.SystemIndexMetadataUpgradeService@61c841e3] took [0ms], [org.elasticsearch.cluster.metadata.TemplateUpgradeService@11def15c] took [43ms], [org.elasticsearch.node.ResponseCollectorService@15f9f904] took [0ms], [org.elasticsearch.snapshots.SnapshotShardsService@3e629292] took [0ms], [org.elasticsearch.persistent.PersistentTasksClusterService@1d060be4] took [0ms], [org.elasticsearch.shutdown.PluginShutdownService@7b345d09] took [0ms], [org.elasticsearch.cluster.routing.DelayedAllocationService@45fabb06] took [0ms], [org.elasticsearch.indices.store.IndicesStore@44078460] took [0ms], [org.elasticsearch.persistent.PersistentTasksNodeService@46146beb] took [0ms], [org.elasticsearch.license.LicenseService@72bfb7ec] took [0ms], [org.elasticsearch.xpack.ccr.action.AutoFollowCoordinator@1a51ac93] took [32ms], [org.elasticsearch.xpack.core.async.AsyncTaskMaintenanceService@66e71974] took [0ms], [org.elasticsearch.gateway.GatewayService@1ee67e8a] took [0ms], [org.elasticsearch.indices.recovery.PeerRecoverySourceService@f4a1e13] took [0ms]", "cluster.uuid": "Qbw2pof0QzSXC1OvK0aFSw", "node.id": "t9hfPgy_RyC9LOJUxQUrSQ"  }
{"type": "server", "timestamp": "2022-03-30T03:12:00,727Z", "level": "WARN", "component": "o.e.m.j.JvmGcMonitorService", "cluster.name": "tpotcluster", "node.name": "tpotcluster-node-01", "message": "[gc][young][80][13] duration [2.7s], collections [1]/[8.9s], total [2.7s]/[3.4s], memory [1.2gb]->[136.5mb]/[2gb], all_pools {[young] [1.1gb]->[0b]/[0b]}{[old] [71mb]->[71mb]/[2gb]}{[survivor] [2.8mb]->[65.4mb]/[0b]}", "cluster.uuid": "Qbw2pof0QzSXC1OvK0aFSw", "node.id": "t9hfPgy_RyC9LOJUxQUrSQ"  }
{"type": "server", "timestamp": "2022-03-30T03:12:01,094Z", "level": "INFO", "component": "o.e.m.j.JvmGcMonitorService", "cluster.name": "tpotcluster", "node.name": "tpotcluster-node-01", "message": "[gc][80] overhead, spent [2.7s] collecting in the last [8.9s]", "cluster.uuid": "Qbw2pof0QzSXC1OvK0aFSw", "node.id": "t9hfPgy_RyC9LOJUxQUrSQ"  }
{"type": "server", "timestamp": "2022-03-30T03:12:02,990Z", "level": "INFO", "component": "o.e.i.g.GeoIpDownloader", "cluster.name": "tpotcluster", "node.name": "tpotcluster-node-01", "message": "updated geoip database [GeoLite2-City.mmdb]", "cluster.uuid": "Qbw2pof0QzSXC1OvK0aFSw", "node.id": "t9hfPgy_RyC9LOJUxQUrSQ"  }
{"type": "server", "timestamp": "2022-03-30T03:12:05,080Z", "level": "INFO", "component": "o.e.i.g.GeoIpDownloader", "cluster.name": "tpotcluster", "node.name": "tpotcluster-node-01", "message": "updating geoip database [GeoLite2-Country.mmdb]", "cluster.uuid": "Qbw2pof0QzSXC1OvK0aFSw", "node.id": "t9hfPgy_RyC9LOJUxQUrSQ"  }
{"type": "server", "timestamp": "2022-03-30T03:12:24,064Z", "level": "WARN", "component": "o.e.m.j.JvmGcMonitorService", "cluster.name": "tpotcluster", "node.name": "tpotcluster-node-01", "message": "[gc][young][93][15] duration [1.2s], collections [1]/[2.6s], total [1.2s]/[4.9s], memory [221.5mb]->[145.5mb]/[2gb], all_pools {[young] [80mb]->[0b]/[0b]}{[old] [135.5mb]->[135.5mb]/[2gb]}{[survivor] [6mb]->[10mb]/[0b]}", "cluster.uuid": "Qbw2pof0QzSXC1OvK0aFSw", "node.id": "t9hfPgy_RyC9LOJUxQUrSQ"  }
{"type": "server", "timestamp": "2022-03-30T03:12:24,225Z", "level": "INFO", "component": "o.e.m.j.JvmGcMonitorService", "cluster.name": "tpotcluster", "node.name": "tpotcluster-node-01", "message": "[gc][93] overhead, spent [1.2s] collecting in the last [2.6s]", "cluster.uuid": "Qbw2pof0QzSXC1OvK0aFSw", "node.id": "t9hfPgy_RyC9LOJUxQUrSQ"  }
{"type": "server", "timestamp": "2022-03-30T03:12:33,840Z", "level": "INFO", "component": "o.e.i.g.GeoIpDownloader", "cluster.name": "tpotcluster", "node.name": "tpotcluster-node-01", "message": "updated geoip database [GeoLite2-Country.mmdb]", "cluster.uuid": "Qbw2pof0QzSXC1OvK0aFSw", "node.id": "t9hfPgy_RyC9LOJUxQUrSQ"  }
{"type": "server", "timestamp": "2022-03-30T03:12:35,459Z", "level": "WARN", "component": "o.e.m.j.JvmGcMonitorService", "cluster.name": "tpotcluster", "node.name": "tpotcluster-node-01", "message": "[gc][101] overhead, spent [659ms] collecting in the last [1.3s]", "cluster.uuid": "Qbw2pof0QzSXC1OvK0aFSw", "node.id": "t9hfPgy_RyC9LOJUxQUrSQ"  }
{"type": "server", "timestamp": "2022-03-30T03:12:41,271Z", "level": "WARN", "component": "o.e.m.j.JvmGcMonitorService", "cluster.name": "tpotcluster", "node.name": "tpotcluster-node-01", "message": "[gc][young][103][18] duration [1.8s], collections [1]/[4s], total [1.8s]/[7.5s], memory [184mb]->[159.9mb]/[2gb], all_pools {[young] [40mb]->[8mb]/[0b]}{[old] [137mb]->[144.3mb]/[2gb]}{[survivor] [15mb]->[15.5mb]/[0b]}", "cluster.uuid": "Qbw2pof0QzSXC1OvK0aFSw", "node.id": "t9hfPgy_RyC9LOJUxQUrSQ"  }
{"type": "server", "timestamp": "2022-03-30T03:12:41,523Z", "level": "INFO", "component": "o.e.m.j.JvmGcMonitorService", "cluster.name": "tpotcluster", "node.name": "tpotcluster-node-01", "message": "[gc][103] overhead, spent [1.8s] collecting in the last [4s]", "cluster.uuid": "Qbw2pof0QzSXC1OvK0aFSw", "node.id": "t9hfPgy_RyC9LOJUxQUrSQ"  }
{"type": "server", "timestamp": "2022-03-30T03:12:59,730Z", "level": "WARN", "component": "o.e.t.ThreadPool", "cluster.name": "tpotcluster", "node.name": "tpotcluster-node-01", "message": "execution of [ReschedulingRunnable{runnable=org.elasticsearch.monitor.jvm.JvmGcMonitorService$1@28332a48, interval=1s}] took [11063ms] which is above the warn threshold of [5000ms]", "cluster.uuid": "Qbw2pof0QzSXC1OvK0aFSw", "node.id": "t9hfPgy_RyC9LOJUxQUrSQ"  }
{"type": "server", "timestamp": "2022-03-30T03:15:32,952Z", "level": "WARN", "component": "o.e.t.ThreadPool", "cluster.name": "tpotcluster", "node.name": "tpotcluster-node-01", "message": "timer thread slept for [45.4s/45433ms] on absolute clock which is above the warn threshold of [5000ms]", "cluster.uuid": "Qbw2pof0QzSXC1OvK0aFSw", "node.id": "t9hfPgy_RyC9LOJUxQUrSQ"  }
{"type": "server", "timestamp": "2022-03-30T03:18:36,226Z", "level": "WARN", "component": "o.e.t.ThreadPool", "cluster.name": "tpotcluster", "node.name": "tpotcluster-node-01", "message": "timer thread slept for [45.4s/45433425812ns] on relative clock which is above the warn threshold of [5000ms]", "cluster.uuid": "Qbw2pof0QzSXC1OvK0aFSw", "node.id": "t9hfPgy_RyC9LOJUxQUrSQ"  }
{"type": "server", "timestamp": "2022-03-30T03:19:32,023Z", "level": "WARN", "component": "o.e.t.ThreadPool", "cluster.name": "tpotcluster", "node.name": "tpotcluster-node-01", "message": "timer thread slept for [5.4m/324896ms] on absolute clock which is above the warn threshold of [5000ms]", "cluster.uuid": "Qbw2pof0QzSXC1OvK0aFSw", "node.id": "t9hfPgy_RyC9LOJUxQUrSQ"  }
{"type": "server", "timestamp": "2022-03-30T03:19:45,119Z", "level": "WARN", "component": "o.e.t.ThreadPool", "cluster.name": "tpotcluster", "node.name": "tpotcluster-node-01", "message": "timer thread slept for [5.4m/324895354019ns] on relative clock which is above the warn threshold of [5000ms]", "cluster.uuid": "Qbw2pof0QzSXC1OvK0aFSw", "node.id": "t9hfPgy_RyC9LOJUxQUrSQ"  }
{"type": "server", "timestamp": "2022-03-30T03:19:59,496Z", "level": "WARN", "component": "o.e.t.ThreadPool", "cluster.name": "tpotcluster", "node.name": "tpotcluster-node-01", "message": "timer thread slept for [26.9s/26930ms] on absolute clock which is above the warn threshold of [5000ms]", "cluster.uuid": "Qbw2pof0QzSXC1OvK0aFSw", "node.id": "t9hfPgy_RyC9LOJUxQUrSQ"  }
{"type": "server", "timestamp": "2022-03-30T03:20:19,569Z", "level": "WARN", "component": "o.e.t.ThreadPool", "cluster.name": "tpotcluster", "node.name": "tpotcluster-node-01", "message": "timer thread slept for [26.9s/26930403191ns] on relative clock which is above the warn threshold of [5000ms]", "cluster.uuid": "Qbw2pof0QzSXC1OvK0aFSw", "node.id": "t9hfPgy_RyC9LOJUxQUrSQ"  }
{"type": "server", "timestamp": "2022-03-30T03:20:31,467Z", "level": "WARN", "component": "o.e.t.ThreadPool", "cluster.name": "tpotcluster", "node.name": "tpotcluster-node-01", "message": "timer thread slept for [32.9s/32963ms] on absolute clock which is above the warn threshold of [5000ms]", "cluster.uuid": "Qbw2pof0QzSXC1OvK0aFSw", "node.id": "t9hfPgy_RyC9LOJUxQUrSQ"  }
{"type": "server", "timestamp": "2022-03-30T03:20:34,329Z", "level": "WARN", "component": "o.e.t.ThreadPool", "cluster.name": "tpotcluster", "node.name": "tpotcluster-node-01", "message": "execution of [ReschedulingRunnable{runnable=org.elasticsearch.watcher.ResourceWatcherService$ResourceMonitor@67886eb9, interval=5s}] took [32963ms] which is above the warn threshold of [5000ms]", "cluster.uuid": "Qbw2pof0QzSXC1OvK0aFSw", "node.id": "t9hfPgy_RyC9LOJUxQUrSQ"  }
{"type": "server", "timestamp": "2022-03-30T03:20:41,304Z", "level": "WARN", "component": "o.e.t.ThreadPool", "cluster.name": "tpotcluster", "node.name": "tpotcluster-node-01", "message": "timer thread slept for [32.9s/32963300017ns] on relative clock which is above the warn threshold of [5000ms]", "cluster.uuid": "Qbw2pof0QzSXC1OvK0aFSw", "node.id": "t9hfPgy_RyC9LOJUxQUrSQ"  }
{"type": "server", "timestamp": "2022-03-30T03:20:18,281Z", "level": "WARN", "component": "o.e.h.AbstractHttpServerTransport", "cluster.name": "tpotcluster", "node.name": "tpotcluster-node-01", "message": "handling request [null][POST][/_bulk][Netty4HttpChannel{localAddress=/192.168.48.2:9200, remoteAddress=/192.168.48.3:51438}] took [351826ms] which is above the warn threshold of [5000ms]", "cluster.uuid": "Qbw2pof0QzSXC1OvK0aFSw", "node.id": "t9hfPgy_RyC9LOJUxQUrSQ"  }
{"type": "server", "timestamp": "2022-03-30T03:20:52,286Z", "level": "WARN", "component": "o.e.t.ThreadPool", "cluster.name": "tpotcluster", "node.name": "tpotcluster-node-01", "message": "timer thread slept for [20.3s/20312ms] on absolute clock which is above the warn threshold of [5000ms]", "cluster.uuid": "Qbw2pof0QzSXC1OvK0aFSw", "node.id": "t9hfPgy_RyC9LOJUxQUrSQ"  }
{"type": "server", "timestamp": "2022-03-30T03:21:02,818Z", "level": "WARN", "component": "o.e.t.ThreadPool", "cluster.name": "tpotcluster", "node.name": "tpotcluster-node-01", "message": "timer thread slept for [20.3s/20311546738ns] on relative clock which is above the warn threshold of [5000ms]", "cluster.uuid": "Qbw2pof0QzSXC1OvK0aFSw", "node.id": "t9hfPgy_RyC9LOJUxQUrSQ"  }
{"type": "server", "timestamp": "2022-03-30T03:21:16,843Z", "level": "WARN", "component": "o.e.t.ThreadPool", "cluster.name": "tpotcluster", "node.name": "tpotcluster-node-01", "message": "timer thread slept for [24.2s/24231ms] on absolute clock which is above the warn threshold of [5000ms]", "cluster.uuid": "Qbw2pof0QzSXC1OvK0aFSw", "node.id": "t9hfPgy_RyC9LOJUxQUrSQ"  }
{"type": "server", "timestamp": "2022-03-30T03:21:28,641Z", "level": "WARN", "component": "o.e.t.ThreadPool", "cluster.name": "tpotcluster", "node.name": "tpotcluster-node-01", "message": "timer thread slept for [24.2s/24230876103ns] on relative clock which is above the warn threshold of [5000ms]", "cluster.uuid": "Qbw2pof0QzSXC1OvK0aFSw", "node.id": "t9hfPgy_RyC9LOJUxQUrSQ"  }
{"type": "server", "timestamp": "2022-03-30T03:21:41,525Z", "level": "WARN", "component": "o.e.t.ThreadPool", "cluster.name": "tpotcluster", "node.name": "tpotcluster-node-01", "message": "timer thread slept for [23.5s/23511ms] on absolute clock which is above the warn threshold of [5000ms]", "cluster.uuid": "Qbw2pof0QzSXC1OvK0aFSw", "node.id": "t9hfPgy_RyC9LOJUxQUrSQ"  }
{"type": "server", "timestamp": "2022-03-30T03:21:52,945Z", "level": "WARN", "component": "o.e.t.ThreadPool", "cluster.name": "tpotcluster", "node.name": "tpotcluster-node-01", "message": "timer thread slept for [23.5s/23511354313ns] on relative clock which is above the warn threshold of [5000ms]", "cluster.uuid": "Qbw2pof0QzSXC1OvK0aFSw", "node.id": "t9hfPgy_RyC9LOJUxQUrSQ"  }
{"type": "server", "timestamp": "2022-03-30T03:22:05,379Z", "level": "WARN", "component": "o.e.t.ThreadPool", "cluster.name": "tpotcluster", "node.name": "tpotcluster-node-01", "message": "timer thread slept for [25.2s/25250ms] on absolute clock which is above the warn threshold of [5000ms]", "cluster.uuid": "Qbw2pof0QzSXC1OvK0aFSw", "node.id": "t9hfPgy_RyC9LOJUxQUrSQ"  }
{"type": "server", "timestamp": "2022-03-30T03:22:19,834Z", "level": "WARN", "component": "o.e.t.ThreadPool", "cluster.name": "tpotcluster", "node.name": "tpotcluster-node-01", "message": "timer thread slept for [25.2s/25249866257ns] on relative clock which is above the warn threshold of [5000ms]", "cluster.uuid": "Qbw2pof0QzSXC1OvK0aFSw", "node.id": "t9hfPgy_RyC9LOJUxQUrSQ"  }
{"type": "server", "timestamp": "2022-03-30T03:22:30,386Z", "level": "WARN", "component": "o.e.t.ThreadPool", "cluster.name": "tpotcluster", "node.name": "tpotcluster-node-01", "message": "timer thread slept for [25.1s/25105ms] on absolute clock which is above the warn threshold of [5000ms]", "cluster.uuid": "Qbw2pof0QzSXC1OvK0aFSw", "node.id": "t9hfPgy_RyC9LOJUxQUrSQ"  }
{"type": "server", "timestamp": "2022-03-30T03:22:38,087Z", "level": "WARN", "component": "o.e.t.ThreadPool", "cluster.name": "tpotcluster", "node.name": "tpotcluster-node-01", "message": "timer thread slept for [25.1s/25104802787ns] on relative clock which is above the warn threshold of [5000ms]", "cluster.uuid": "Qbw2pof0QzSXC1OvK0aFSw", "node.id": "t9hfPgy_RyC9LOJUxQUrSQ"  }
{"type": "server", "timestamp": "2022-03-30T03:22:37,118Z", "level": "WARN", "component": "o.e.t.ThreadPool", "cluster.name": "tpotcluster", "node.name": "tpotcluster-node-01", "message": "execution of [ReschedulingRunnable{runnable=org.elasticsearch.monitor.jvm.JvmGcMonitorService$1@28332a48, interval=1s}] took [50354ms] which is above the warn threshold of [5000ms]", "cluster.uuid": "Qbw2pof0QzSXC1OvK0aFSw", "node.id": "t9hfPgy_RyC9LOJUxQUrSQ"  }
{"type": "server", "timestamp": "2022-03-30T03:22:40,815Z", "level": "WARN", "component": "o.e.t.ThreadPool", "cluster.name": "tpotcluster", "node.name": "tpotcluster-node-01", "message": "timer thread slept for [11.4s/11491ms] on absolute clock which is above the warn threshold of [5000ms]", "cluster.uuid": "Qbw2pof0QzSXC1OvK0aFSw", "node.id": "t9hfPgy_RyC9LOJUxQUrSQ"  }
{"type": "server", "timestamp": "2022-03-30T03:22:46,843Z", "level": "WARN", "component": "o.e.t.ThreadPool", "cluster.name": "tpotcluster", "node.name": "tpotcluster-node-01", "message": "timer thread slept for [11.4s/11491086051ns] on relative clock which is above the warn threshold of [5000ms]", "cluster.uuid": "Qbw2pof0QzSXC1OvK0aFSw", "node.id": "t9hfPgy_RyC9LOJUxQUrSQ"  }
{"type": "server", "timestamp": "2022-03-30T03:22:49,332Z", "level": "WARN", "component": "o.e.t.ThreadPool", "cluster.name": "tpotcluster", "node.name": "tpotcluster-node-01", "message": "timer thread slept for [8.3s/8374ms] on absolute clock which is above the warn threshold of [5000ms]", "cluster.uuid": "Qbw2pof0QzSXC1OvK0aFSw", "node.id": "t9hfPgy_RyC9LOJUxQUrSQ"  }
{"type": "server", "timestamp": "2022-03-30T03:22:50,295Z", "level": "WARN", "component": "o.e.t.ThreadPool", "cluster.name": "tpotcluster", "node.name": "tpotcluster-node-01", "message": "timer thread slept for [8.3s/8374415137ns] on relative clock which is above the warn threshold of [5000ms]", "cluster.uuid": "Qbw2pof0QzSXC1OvK0aFSw", "node.id": "t9hfPgy_RyC9LOJUxQUrSQ"  }
{"type": "server", "timestamp": "2022-03-30T03:22:54,164Z", "level": "WARN", "component": "o.e.t.ThreadPool", "cluster.name": "tpotcluster", "node.name": "tpotcluster-node-01", "message": "timer thread slept for [5.1s/5178ms] on absolute clock which is above the warn threshold of [5000ms]", "cluster.uuid": "Qbw2pof0QzSXC1OvK0aFSw", "node.id": "t9hfPgy_RyC9LOJUxQUrSQ"  }
{"type": "server", "timestamp": "2022-03-30T03:22:54,164Z", "level": "WARN", "component": "o.e.t.ThreadPool", "cluster.name": "tpotcluster", "node.name": "tpotcluster-node-01", "message": "timer thread slept for [5.1s/5178022394ns] on relative clock which is above the warn threshold of [5000ms]", "cluster.uuid": "Qbw2pof0QzSXC1OvK0aFSw", "node.id": "t9hfPgy_RyC9LOJUxQUrSQ"  }
{"type": "server", "timestamp": "2022-03-30T03:22:55,708Z", "level": "WARN", "component": "o.e.t.ThreadPool", "cluster.name": "tpotcluster", "node.name": "tpotcluster-node-01", "message": "execution of [org.elasticsearch.cluster.InternalClusterInfoService$RefreshScheduler$$Lambda$5095/0x00000008017da000@52645990] took [6665ms] which is above the warn threshold of [5000ms]", "cluster.uuid": "Qbw2pof0QzSXC1OvK0aFSw", "node.id": "t9hfPgy_RyC9LOJUxQUrSQ"  }
{"type": "server", "timestamp": "2022-03-30T03:23:11,911Z", "level": "WARN", "component": "o.e.g.PersistedClusterStateService", "cluster.name": "tpotcluster", "node.name": "tpotcluster-node-01", "message": "writing cluster state took [158830ms] which is above the warn threshold of [10s]; wrote global metadata [false] and metadata for [4] indices and skipped [28] unchanged indices", "cluster.uuid": "Qbw2pof0QzSXC1OvK0aFSw", "node.id": "t9hfPgy_RyC9LOJUxQUrSQ"  }
{"type": "server", "timestamp": "2022-03-30T03:23:26,348Z", "level": "WARN", "component": "o.e.m.j.JvmGcMonitorService", "cluster.name": "tpotcluster", "node.name": "tpotcluster-node-01", "message": "[gc][young][112][19] duration [8.5s], collections [1]/[11.6s], total [8.5s]/[16.1s], memory [235.9mb]->[169.8mb]/[2gb], all_pools {[young] [76mb]->[4mb]/[0b]}{[old] [144.3mb]->[153.8mb]/[2gb]}{[survivor] [15.5mb]->[16mb]/[0b]}", "cluster.uuid": "Qbw2pof0QzSXC1OvK0aFSw", "node.id": "t9hfPgy_RyC9LOJUxQUrSQ"  }
{"type": "server", "timestamp": "2022-03-30T03:23:26,439Z", "level": "INFO", "component": "o.e.c.c.C.CoordinatorPublication", "cluster.name": "tpotcluster", "node.name": "tpotcluster-node-01", "message": "after [10.7m] publication of cluster state version [4501] is still waiting for {tpotcluster-node-01}{t9hfPgy_RyC9LOJUxQUrSQ}{yo_4jrqwTgysCiW97Om-NQ}{127.0.0.1}{127.0.0.1:9300}{cdfhimrstw}{xpack.installed=true, transform.node=true} [SENT_PUBLISH_REQUEST]", "cluster.uuid": "Qbw2pof0QzSXC1OvK0aFSw", "node.id": "t9hfPgy_RyC9LOJUxQUrSQ"  }
{"type": "server", "timestamp": "2022-03-30T03:23:26,129Z", "level": "WARN", "component": "o.e.t.ThreadPool", "cluster.name": "tpotcluster", "node.name": "tpotcluster-node-01", "message": "timer thread slept for [10.1s/10148ms] on absolute clock which is above the warn threshold of [5000ms]", "cluster.uuid": "Qbw2pof0QzSXC1OvK0aFSw", "node.id": "t9hfPgy_RyC9LOJUxQUrSQ"  }
{"type": "server", "timestamp": "2022-03-30T03:23:26,764Z", "level": "WARN", "component": "o.e.m.j.JvmGcMonitorService", "cluster.name": "tpotcluster", "node.name": "tpotcluster-node-01", "message": "[gc][112] overhead, spent [8.5s] collecting in the last [11.6s]", "cluster.uuid": "Qbw2pof0QzSXC1OvK0aFSw", "node.id": "t9hfPgy_RyC9LOJUxQUrSQ"  }
{"type": "server", "timestamp": "2022-03-30T03:23:26,764Z", "level": "WARN", "component": "o.e.t.ThreadPool", "cluster.name": "tpotcluster", "node.name": "tpotcluster-node-01", "message": "timer thread slept for [10.1s/10148016134ns] on relative clock which is above the warn threshold of [5000ms]", "cluster.uuid": "Qbw2pof0QzSXC1OvK0aFSw", "node.id": "t9hfPgy_RyC9LOJUxQUrSQ"  }
{"type": "server", "timestamp": "2022-03-30T03:23:31,681Z", "level": "INFO", "component": "o.e.m.j.JvmGcMonitorService", "cluster.name": "tpotcluster", "node.name": "tpotcluster-node-01", "message": "[gc][116] overhead, spent [460ms] collecting in the last [1.1s]", "cluster.uuid": "Qbw2pof0QzSXC1OvK0aFSw", "node.id": "t9hfPgy_RyC9LOJUxQUrSQ"  }
{"type": "server", "timestamp": "2022-03-30T03:23:32,944Z", "level": "INFO", "component": "o.e.i.g.DatabaseNodeService", "cluster.name": "tpotcluster", "node.name": "tpotcluster-node-01", "message": "successfully reloaded changed geoip database file [/tmp/geoip-databases/t9hfPgy_RyC9LOJUxQUrSQ/GeoLite2-Country.mmdb]", "cluster.uuid": "Qbw2pof0QzSXC1OvK0aFSw", "node.id": "t9hfPgy_RyC9LOJUxQUrSQ"  }
{"type": "server", "timestamp": "2022-03-30T03:23:32,769Z", "level": "INFO", "component": "o.e.i.g.DatabaseNodeService", "cluster.name": "tpotcluster", "node.name": "tpotcluster-node-01", "message": "successfully reloaded changed geoip database file [/tmp/geoip-databases/t9hfPgy_RyC9LOJUxQUrSQ/GeoLite2-ASN.mmdb]", "cluster.uuid": "Qbw2pof0QzSXC1OvK0aFSw", "node.id": "t9hfPgy_RyC9LOJUxQUrSQ"  }
{"type": "server", "timestamp": "2022-03-30T03:23:36,438Z", "level": "INFO", "component": "o.e.m.j.JvmGcMonitorService", "cluster.name": "tpotcluster", "node.name": "tpotcluster-node-01", "message": "[gc][young][119][21] duration [723ms], collections [1]/[1.8s], total [723ms]/[17.3s], memory [218.3mb]->[177.1mb]/[2gb], all_pools {[young] [48mb]->[4mb]/[0b]}{[old] [161.3mb]->[161.3mb]/[2gb]}{[survivor] [9mb]->[15.8mb]/[0b]}", "cluster.uuid": "Qbw2pof0QzSXC1OvK0aFSw", "node.id": "t9hfPgy_RyC9LOJUxQUrSQ"  }
{"type": "server", "timestamp": "2022-03-30T03:23:36,959Z", "level": "INFO", "component": "o.e.m.j.JvmGcMonitorService", "cluster.name": "tpotcluster", "node.name": "tpotcluster-node-01", "message": "[gc][119] overhead, spent [723ms] collecting in the last [1.8s]", "cluster.uuid": "Qbw2pof0QzSXC1OvK0aFSw", "node.id": "t9hfPgy_RyC9LOJUxQUrSQ"  }
{"type": "server", "timestamp": "2022-03-30T03:23:37,476Z", "level": "INFO", "component": "o.e.i.g.DatabaseNodeService", "cluster.name": "tpotcluster", "node.name": "tpotcluster-node-01", "message": "downloading geoip database [GeoLite2-Country.mmdb] to [/tmp/geoip-databases/t9hfPgy_RyC9LOJUxQUrSQ/GeoLite2-Country.mmdb.tmp.gz]", "cluster.uuid": "Qbw2pof0QzSXC1OvK0aFSw", "node.id": "t9hfPgy_RyC9LOJUxQUrSQ"  }
{"type": "server", "timestamp": "2022-03-30T03:23:37,502Z", "level": "INFO", "component": "o.e.i.g.DatabaseNodeService", "cluster.name": "tpotcluster", "node.name": "tpotcluster-node-01", "message": "downloading geoip database [GeoLite2-ASN.mmdb] to [/tmp/geoip-databases/t9hfPgy_RyC9LOJUxQUrSQ/GeoLite2-ASN.mmdb.tmp.gz]", "cluster.uuid": "Qbw2pof0QzSXC1OvK0aFSw", "node.id": "t9hfPgy_RyC9LOJUxQUrSQ"  }
{"type": "server", "timestamp": "2022-03-30T03:23:29,503Z", "level": "WARN", "component": "o.e.i.g.GeoIpDownloader", "cluster.name": "tpotcluster", "node.name": "tpotcluster-node-01", "message": "could not delete old chunks for geoip database [GeoLite2-ASN.mmdb]", "cluster.uuid": "Qbw2pof0QzSXC1OvK0aFSw", "node.id": "t9hfPgy_RyC9LOJUxQUrSQ" , 
"stacktrace": ["org.elasticsearch.action.search.SearchPhaseExecutionException: all shards failed",
"at org.elasticsearch.action.search.SearchScrollAsyncAction.onShardFailure(SearchScrollAsyncAction.java:293) [elasticsearch-7.17.0.jar:7.17.0]",
"at org.elasticsearch.action.search.SearchScrollAsyncAction$1.onFailure(SearchScrollAsyncAction.java:193) [elasticsearch-7.17.0.jar:7.17.0]",
"at org.elasticsearch.action.ActionListenerResponseHandler.handleException(ActionListenerResponseHandler.java:48) [elasticsearch-7.17.0.jar:7.17.0]",
"at org.elasticsearch.action.search.SearchTransportService$ConnectionCountingHandler.handleException(SearchTransportService.java:651) [elasticsearch-7.17.0.jar:7.17.0]",
"at org.elasticsearch.transport.TransportService$4.handleException(TransportService.java:853) [elasticsearch-7.17.0.jar:7.17.0]",
"at org.elasticsearch.transport.TransportService$ContextRestoreResponseHandler.handleException(TransportService.java:1481) [elasticsearch-7.17.0.jar:7.17.0]",
"at org.elasticsearch.transport.TransportService$DirectResponseChannel.processException(TransportService.java:1590) [elasticsearch-7.17.0.jar:7.17.0]",
"at org.elasticsearch.transport.TransportService$DirectResponseChannel.sendResponse(TransportService.java:1564) [elasticsearch-7.17.0.jar:7.17.0]",
"at org.elasticsearch.transport.TransportService.sendLocalRequest(TransportService.java:1086) [elasticsearch-7.17.0.jar:7.17.0]",
"at org.elasticsearch.transport.TransportService.access$100(TransportService.java:66) [elasticsearch-7.17.0.jar:7.17.0]",
"at org.elasticsearch.transport.TransportService$3.sendRequest(TransportService.java:143) [elasticsearch-7.17.0.jar:7.17.0]",
"at org.elasticsearch.transport.TransportService.sendRequestInternal(TransportService.java:975) [elasticsearch-7.17.0.jar:7.17.0]",
"at org.elasticsearch.transport.TransportService.sendRequest(TransportService.java:874) [elasticsearch-7.17.0.jar:7.17.0]",
"at org.elasticsearch.transport.TransportService.sendChildRequest(TransportService.java:937) [elasticsearch-7.17.0.jar:7.17.0]",
"at org.elasticsearch.transport.TransportService.sendChildRequest(TransportService.java:925) [elasticsearch-7.17.0.jar:7.17.0]",
"at org.elasticsearch.action.search.SearchTransportService.sendExecuteScrollFetch(SearchTransportService.java:295) [elasticsearch-7.17.0.jar:7.17.0]",
"at org.elasticsearch.action.search.SearchScrollQueryAndFetchAsyncAction.executeInitialPhase(SearchScrollQueryAndFetchAsyncAction.java:49) [elasticsearch-7.17.0.jar:7.17.0]",
"at org.elasticsearch.action.search.SearchScrollAsyncAction.run(SearchScrollAsyncAction.java:203) [elasticsearch-7.17.0.jar:7.17.0]",
"at org.elasticsearch.action.search.SearchScrollAsyncAction.lambda$run$0(SearchScrollAsyncAction.java:94) [elasticsearch-7.17.0.jar:7.17.0]",
"at org.elasticsearch.action.ActionListener$1.onResponse(ActionListener.java:136) [elasticsearch-7.17.0.jar:7.17.0]",
"at org.elasticsearch.action.search.SearchScrollAsyncAction.collectNodesAndRun(SearchScrollAsyncAction.java:116) [elasticsearch-7.17.0.jar:7.17.0]",
"at org.elasticsearch.action.search.SearchScrollAsyncAction.run(SearchScrollAsyncAction.java:90) [elasticsearch-7.17.0.jar:7.17.0]",
"at org.elasticsearch.action.search.TransportSearchScrollAction.doExecute(TransportSearchScrollAction.java:77) [elasticsearch-7.17.0.jar:7.17.0]",
"at org.elasticsearch.action.search.TransportSearchScrollAction.doExecute(TransportSearchScrollAction.java:24) [elasticsearch-7.17.0.jar:7.17.0]",
"at org.elasticsearch.action.support.TransportAction$RequestFilterChain.proceed(TransportAction.java:179) [elasticsearch-7.17.0.jar:7.17.0]",
"at org.elasticsearch.action.support.TransportAction.execute(TransportAction.java:154) [elasticsearch-7.17.0.jar:7.17.0]",
"at org.elasticsearch.action.support.TransportAction.execute(TransportAction.java:82) [elasticsearch-7.17.0.jar:7.17.0]",
"at org.elasticsearch.client.node.NodeClient.executeLocally(NodeClient.java:95) [elasticsearch-7.17.0.jar:7.17.0]",
"at org.elasticsearch.client.node.NodeClient.doExecute(NodeClient.java:73) [elasticsearch-7.17.0.jar:7.17.0]",
"at org.elasticsearch.client.support.AbstractClient.execute(AbstractClient.java:407) [elasticsearch-7.17.0.jar:7.17.0]",
"at org.elasticsearch.client.FilterClient.doExecute(FilterClient.java:57) [elasticsearch-7.17.0.jar:7.17.0]",
"at org.elasticsearch.client.ParentTaskAssigningClient.doExecute(ParentTaskAssigningClient.java:55) [elasticsearch-7.17.0.jar:7.17.0]",
"at org.elasticsearch.client.support.AbstractClient.execute(AbstractClient.java:407) [elasticsearch-7.17.0.jar:7.17.0]",
"at org.elasticsearch.client.support.AbstractClient.searchScroll(AbstractClient.java:562) [elasticsearch-7.17.0.jar:7.17.0]",
"at org.elasticsearch.index.reindex.ClientScrollableHitSource.doStartNextScroll(ClientScrollableHitSource.java:83) [elasticsearch-7.17.0.jar:7.17.0]",
"at org.elasticsearch.index.reindex.ScrollableHitSource.startNextScroll(ScrollableHitSource.java:90) [elasticsearch-7.17.0.jar:7.17.0]",
"at org.elasticsearch.index.reindex.ScrollableHitSource.startNextScroll(ScrollableHitSource.java:86) [elasticsearch-7.17.0.jar:7.17.0]",
"at org.elasticsearch.index.reindex.ScrollableHitSource$1.done(ScrollableHitSource.java:107) [elasticsearch-7.17.0.jar:7.17.0]",
"at org.elasticsearch.reindex.AbstractAsyncBulkByScrollAction$ScrollConsumableHitsResponse.done(AbstractAsyncBulkByScrollAction.java:1007) [reindex-client-7.17.0.jar:7.17.0]",
"at org.elasticsearch.reindex.AbstractAsyncBulkByScrollAction.notifyDone(AbstractAsyncBulkByScrollAction.java:499) [reindex-client-7.17.0.jar:7.17.0]",
"at org.elasticsearch.reindex.AbstractAsyncBulkByScrollAction.lambda$prepareBulkRequest$1(AbstractAsyncBulkByScrollAction.java:396) [reindex-client-7.17.0.jar:7.17.0]",
"at org.elasticsearch.reindex.AbstractAsyncBulkByScrollAction.onBulkResponse(AbstractAsyncBulkByScrollAction.java:482) [reindex-client-7.17.0.jar:7.17.0]",
"at org.elasticsearch.reindex.AbstractAsyncBulkByScrollAction$2.onResponse(AbstractAsyncBulkByScrollAction.java:421) [reindex-client-7.17.0.jar:7.17.0]",
"at org.elasticsearch.reindex.AbstractAsyncBulkByScrollAction$2.onResponse(AbstractAsyncBulkByScrollAction.java:417) [reindex-client-7.17.0.jar:7.17.0]",
"at org.elasticsearch.action.bulk.Retry$RetryHandler.finishHim(Retry.java:168) [elasticsearch-7.17.0.jar:7.17.0]",
"at org.elasticsearch.action.bulk.Retry$RetryHandler.onResponse(Retry.java:105) [elasticsearch-7.17.0.jar:7.17.0]",
"at org.elasticsearch.action.bulk.Retry$RetryHandler.onResponse(Retry.java:71) [elasticsearch-7.17.0.jar:7.17.0]",
"at org.elasticsearch.action.support.TransportAction$1.onResponse(TransportAction.java:88) [elasticsearch-7.17.0.jar:7.17.0]",
"at org.elasticsearch.action.support.TransportAction$1.onResponse(TransportAction.java:82) [elasticsearch-7.17.0.jar:7.17.0]",
"at org.elasticsearch.action.ActionListener$RunBeforeActionListener.onResponse(ActionListener.java:389) [elasticsearch-7.17.0.jar:7.17.0]",
"at org.elasticsearch.action.bulk.TransportBulkAction$BulkOperation$1.finishHim(TransportBulkAction.java:625) [elasticsearch-7.17.0.jar:7.17.0]",
"at org.elasticsearch.action.bulk.TransportBulkAction$BulkOperation$1.onResponse(TransportBulkAction.java:601) [elasticsearch-7.17.0.jar:7.17.0]",
"at org.elasticsearch.action.bulk.TransportBulkAction$BulkOperation$1.onResponse(TransportBulkAction.java:590) [elasticsearch-7.17.0.jar:7.17.0]",
"at org.elasticsearch.action.support.TransportAction$1.onResponse(TransportAction.java:88) [elasticsearch-7.17.0.jar:7.17.0]",
"at org.elasticsearch.action.support.TransportAction$1.onResponse(TransportAction.java:82) [elasticsearch-7.17.0.jar:7.17.0]",
"at org.elasticsearch.action.support.replication.TransportReplicationAction$ReroutePhase.finishOnSuccess(TransportReplicationAction.java:1070) [elasticsearch-7.17.0.jar:7.17.0]",
"at org.elasticsearch.action.support.replication.TransportReplicationAction$ReroutePhase$1.handleResponse(TransportReplicationAction.java:978) [elasticsearch-7.17.0.jar:7.17.0]",
"at org.elasticsearch.action.support.replication.TransportReplicationAction$ReroutePhase$1.handleResponse(TransportReplicationAction.java:969) [elasticsearch-7.17.0.jar:7.17.0]",
"at org.elasticsearch.transport.TransportService$4.handleResponse(TransportService.java:847) [elasticsearch-7.17.0.jar:7.17.0]",
"at org.elasticsearch.transport.TransportService$ContextRestoreResponseHandler.handleResponse(TransportService.java:1471) [elasticsearch-7.17.0.jar:7.17.0]",
"at org.elasticsearch.transport.TransportService$DirectResponseChannel.processResponse(TransportService.java:1549) [elasticsearch-7.17.0.jar:7.17.0]",
"at org.elasticsearch.transport.TransportService$DirectResponseChannel.sendResponse(TransportService.java:1529) [elasticsearch-7.17.0.jar:7.17.0]",
"at org.elasticsearch.transport.TaskTransportChannel.sendResponse(TaskTransportChannel.java:41) [elasticsearch-7.17.0.jar:7.17.0]",
"at org.elasticsearch.action.support.ChannelActionListener.onResponse(ChannelActionListener.java:33) [elasticsearch-7.17.0.jar:7.17.0]",
"at org.elasticsearch.action.support.ChannelActionListener.onResponse(ChannelActionListener.java:16) [elasticsearch-7.17.0.jar:7.17.0]",
"at org.elasticsearch.action.ActionListener$RunBeforeActionListener.onResponse(ActionListener.java:389) [elasticsearch-7.17.0.jar:7.17.0]",
"at org.elasticsearch.action.support.replication.TransportReplicationAction$AsyncPrimaryAction.lambda$runWithPrimaryShardReference$2(TransportReplicationAction.java:494) [elasticsearch-7.17.0.jar:7.17.0]",
"at org.elasticsearch.action.ActionListener$1.onResponse(ActionListener.java:136) [elasticsearch-7.17.0.jar:7.17.0]",
"at org.elasticsearch.action.ActionListener$MappedActionListener.onResponse(ActionListener.java:101) [elasticsearch-7.17.0.jar:7.17.0]",
"at org.elasticsearch.action.support.replication.ReplicationOperation.finish(ReplicationOperation.java:396) [elasticsearch-7.17.0.jar:7.17.0]",
"at org.elasticsearch.action.support.replication.ReplicationOperation.decPendingAndFinishIfNeeded(ReplicationOperation.java:382) [elasticsearch-7.17.0.jar:7.17.0]",
"at org.elasticsearch.action.support.replication.ReplicationOperation.access$300(ReplicationOperation.java:46) [elasticsearch-7.17.0.jar:7.17.0]",
"at org.elasticsearch.action.support.replication.ReplicationOperation$1.onResponse(ReplicationOperation.java:160) [elasticsearch-7.17.0.jar:7.17.0]",
"at org.elasticsearch.action.support.replication.ReplicationOperation$1.onResponse(ReplicationOperation.java:152) [elasticsearch-7.17.0.jar:7.17.0]",
"at org.elasticsearch.action.support.replication.TransportWriteAction$WritePrimaryResult$1.onSuccess(TransportWriteAction.java:286) [elasticsearch-7.17.0.jar:7.17.0]",
"at org.elasticsearch.action.support.replication.TransportWriteAction$AsyncAfterWriteAction.maybeFinish(TransportWriteAction.java:428) [elasticsearch-7.17.0.jar:7.17.0]",
"at org.elasticsearch.action.support.replication.TransportWriteAction$AsyncAfterWriteAction.lambda$run$1(TransportWriteAction.java:457) [elasticsearch-7.17.0.jar:7.17.0]",
"at org.elasticsearch.common.util.concurrent.AsyncIOProcessor.notifyList(AsyncIOProcessor.java:111) [elasticsearch-7.17.0.jar:7.17.0]",
"at org.elasticsearch.common.util.concurrent.AsyncIOProcessor.drainAndProcessAndRelease(AsyncIOProcessor.java:89) [elasticsearch-7.17.0.jar:7.17.0]",
"at org.elasticsearch.common.util.concurrent.AsyncIOProcessor.put(AsyncIOProcessor.java:73) [elasticsearch-7.17.0.jar:7.17.0]",
"at org.elasticsearch.index.shard.IndexShard.sync(IndexShard.java:3754) [elasticsearch-7.17.0.jar:7.17.0]",
"at org.elasticsearch.action.support.replication.TransportWriteAction$AsyncAfterWriteAction.run(TransportWriteAction.java:455) [elasticsearch-7.17.0.jar:7.17.0]",
"at org.elasticsearch.action.support.replication.TransportWriteAction$WritePrimaryResult.runPostReplicationActions(TransportWriteAction.java:293) [elasticsearch-7.17.0.jar:7.17.0]",
"at org.elasticsearch.action.support.replication.ReplicationOperation.handlePrimaryResult(ReplicationOperation.java:152) [elasticsearch-7.17.0.jar:7.17.0]",
"at org.elasticsearch.action.ActionListener$1.onResponse(ActionListener.java:136) [elasticsearch-7.17.0.jar:7.17.0]",
"at org.elasticsearch.action.ActionListener.completeWith(ActionListener.java:447) [elasticsearch-7.17.0.jar:7.17.0]",
"at org.elasticsearch.action.bulk.TransportShardBulkAction$2.finishRequest(TransportShardBulkAction.java:233) [elasticsearch-7.17.0.jar:7.17.0]",
"at org.elasticsearch.action.bulk.TransportShardBulkAction$2.doRun(TransportShardBulkAction.java:196) [elasticsearch-7.17.0.jar:7.17.0]",
"at org.elasticsearch.common.util.concurrent.AbstractRunnable.run(AbstractRunnable.java:26) [elasticsearch-7.17.0.jar:7.17.0]",
"at org.elasticsearch.action.bulk.TransportShardBulkAction.performOnPrimary(TransportShardBulkAction.java:245) [elasticsearch-7.17.0.jar:7.17.0]",
"at org.elasticsearch.action.bulk.TransportShardBulkAction.dispatchedShardOperationOnPrimary(TransportShardBulkAction.java:134) [elasticsearch-7.17.0.jar:7.17.0]",
"at org.elasticsearch.action.bulk.TransportShardBulkAction.dispatchedShardOperationOnPrimary(TransportShardBulkAction.java:74) [elasticsearch-7.17.0.jar:7.17.0]",
"at org.elasticsearch.action.support.replication.TransportWriteAction$1.doRun(TransportWriteAction.java:196) [elasticsearch-7.17.0.jar:7.17.0]",
"at org.elasticsearch.common.util.concurrent.ThreadContext$ContextPreservingAbstractRunnable.doRun(ThreadContext.java:777) [elasticsearch-7.17.0.jar:7.17.0]",
"at org.elasticsearch.common.util.concurrent.AbstractRunnable.run(AbstractRunnable.java:26) [elasticsearch-7.17.0.jar:7.17.0]",
"at java.util.concurrent.ThreadPoolExecutor.runWorker(ThreadPoolExecutor.java:1130) [?:?]",
"at java.util.concurrent.ThreadPoolExecutor$Worker.run(ThreadPoolExecutor.java:630) [?:?]",
"at java.lang.Thread.run(Thread.java:831) [?:?]",
"Caused by: org.elasticsearch.transport.RemoteTransportException: [tpotcluster-node-01][127.0.0.1:9300][indices:data/read/search[phase/query+fetch/scroll]]",
"Caused by: org.elasticsearch.search.SearchContextMissingException: No search context found for id [10]",
"at org.elasticsearch.search.SearchService.findReaderContext(SearchService.java:824) ~[elasticsearch-7.17.0.jar:7.17.0]",
"at org.elasticsearch.search.SearchService.executeFetchPhase(SearchService.java:747) ~[elasticsearch-7.17.0.jar:7.17.0]",
"at org.elasticsearch.action.search.SearchTransportService.lambda$registerRequestHandler$12(SearchTransportService.java:547) ~[elasticsearch-7.17.0.jar:7.17.0]",
"at org.elasticsearch.transport.RequestHandlerRegistry.processMessageReceived(RequestHandlerRegistry.java:67) ~[elasticsearch-7.17.0.jar:7.17.0]",
"at org.elasticsearch.transport.TransportService.sendLocalRequest(TransportService.java:1037) ~[elasticsearch-7.17.0.jar:7.17.0]",
"... 89 more"] }
{"type": "server", "timestamp": "2022-03-30T03:23:38,881Z", "level": "WARN", "component": "o.e.i.g.GeoIpDownloader", "cluster.name": "tpotcluster", "node.name": "tpotcluster-node-01", "message": "could not delete old chunks for geoip database [GeoLite2-City.mmdb]", "cluster.uuid": "Qbw2pof0QzSXC1OvK0aFSw", "node.id": "t9hfPgy_RyC9LOJUxQUrSQ" , 
"stacktrace": ["org.elasticsearch.action.search.SearchPhaseExecutionException: all shards failed",
"at org.elasticsearch.action.search.SearchScrollAsyncAction.onShardFailure(SearchScrollAsyncAction.java:293) [elasticsearch-7.17.0.jar:7.17.0]",
"at org.elasticsearch.action.search.SearchScrollAsyncAction$1.onFailure(SearchScrollAsyncAction.java:193) [elasticsearch-7.17.0.jar:7.17.0]",
"at org.elasticsearch.action.ActionListenerResponseHandler.handleException(ActionListenerResponseHandler.java:48) [elasticsearch-7.17.0.jar:7.17.0]",
"at org.elasticsearch.action.search.SearchTransportService$ConnectionCountingHandler.handleException(SearchTransportService.java:651) [elasticsearch-7.17.0.jar:7.17.0]",
"at org.elasticsearch.transport.TransportService$4.handleException(TransportService.java:853) [elasticsearch-7.17.0.jar:7.17.0]",
"at org.elasticsearch.transport.TransportService$ContextRestoreResponseHandler.handleException(TransportService.java:1481) [elasticsearch-7.17.0.jar:7.17.0]",
"at org.elasticsearch.transport.TransportService$DirectResponseChannel.processException(TransportService.java:1590) [elasticsearch-7.17.0.jar:7.17.0]",
"at org.elasticsearch.transport.TransportService$DirectResponseChannel.sendResponse(TransportService.java:1564) [elasticsearch-7.17.0.jar:7.17.0]",
"at org.elasticsearch.transport.TransportService.sendLocalRequest(TransportService.java:1086) [elasticsearch-7.17.0.jar:7.17.0]",
"at org.elasticsearch.transport.TransportService.access$100(TransportService.java:66) [elasticsearch-7.17.0.jar:7.17.0]",
"at org.elasticsearch.transport.TransportService$3.sendRequest(TransportService.java:143) [elasticsearch-7.17.0.jar:7.17.0]",
"at org.elasticsearch.transport.TransportService.sendRequestInternal(TransportService.java:975) [elasticsearch-7.17.0.jar:7.17.0]",
"at org.elasticsearch.transport.TransportService.sendRequest(TransportService.java:874) [elasticsearch-7.17.0.jar:7.17.0]",
"at org.elasticsearch.transport.TransportService.sendChildRequest(TransportService.java:937) [elasticsearch-7.17.0.jar:7.17.0]",
"at org.elasticsearch.transport.TransportService.sendChildRequest(TransportService.java:925) [elasticsearch-7.17.0.jar:7.17.0]",
"at org.elasticsearch.action.search.SearchTransportService.sendExecuteScrollFetch(SearchTransportService.java:295) [elasticsearch-7.17.0.jar:7.17.0]",
"at org.elasticsearch.action.search.SearchScrollQueryAndFetchAsyncAction.executeInitialPhase(SearchScrollQueryAndFetchAsyncAction.java:49) [elasticsearch-7.17.0.jar:7.17.0]",
"at org.elasticsearch.action.search.SearchScrollAsyncAction.run(SearchScrollAsyncAction.java:203) [elasticsearch-7.17.0.jar:7.17.0]",
"at org.elasticsearch.action.search.SearchScrollAsyncAction.lambda$run$0(SearchScrollAsyncAction.java:94) [elasticsearch-7.17.0.jar:7.17.0]",
"at org.elasticsearch.action.ActionListener$1.onResponse(ActionListener.java:136) [elasticsearch-7.17.0.jar:7.17.0]",
"at org.elasticsearch.action.search.SearchScrollAsyncAction.collectNodesAndRun(SearchScrollAsyncAction.java:116) [elasticsearch-7.17.0.jar:7.17.0]",
"at org.elasticsearch.action.search.SearchScrollAsyncAction.run(SearchScrollAsyncAction.java:90) [elasticsearch-7.17.0.jar:7.17.0]",
"at org.elasticsearch.action.search.TransportSearchScrollAction.doExecute(TransportSearchScrollAction.java:77) [elasticsearch-7.17.0.jar:7.17.0]",
"at org.elasticsearch.action.search.TransportSearchScrollAction.doExecute(TransportSearchScrollAction.java:24) [elasticsearch-7.17.0.jar:7.17.0]",
"at org.elasticsearch.action.support.TransportAction$RequestFilterChain.proceed(TransportAction.java:179) [elasticsearch-7.17.0.jar:7.17.0]",
"at org.elasticsearch.action.support.TransportAction.execute(TransportAction.java:154) [elasticsearch-7.17.0.jar:7.17.0]",
"at org.elasticsearch.action.support.TransportAction.execute(TransportAction.java:82) [elasticsearch-7.17.0.jar:7.17.0]",
"at org.elasticsearch.client.node.NodeClient.executeLocally(NodeClient.java:95) [elasticsearch-7.17.0.jar:7.17.0]",
"at org.elasticsearch.client.node.NodeClient.doExecute(NodeClient.java:73) [elasticsearch-7.17.0.jar:7.17.0]",
"at org.elasticsearch.client.support.AbstractClient.execute(AbstractClient.java:407) [elasticsearch-7.17.0.jar:7.17.0]",
"at org.elasticsearch.client.FilterClient.doExecute(FilterClient.java:57) [elasticsearch-7.17.0.jar:7.17.0]",
"at org.elasticsearch.client.ParentTaskAssigningClient.doExecute(ParentTaskAssigningClient.java:55) [elasticsearch-7.17.0.jar:7.17.0]",
"at org.elasticsearch.client.support.AbstractClient.execute(AbstractClient.java:407) [elasticsearch-7.17.0.jar:7.17.0]",
"at org.elasticsearch.client.support.AbstractClient.searchScroll(AbstractClient.java:562) [elasticsearch-7.17.0.jar:7.17.0]",
"at org.elasticsearch.index.reindex.ClientScrollableHitSource.doStartNextScroll(ClientScrollableHitSource.java:83) [elasticsearch-7.17.0.jar:7.17.0]",
"at org.elasticsearch.index.reindex.ScrollableHitSource.startNextScroll(ScrollableHitSource.java:90) [elasticsearch-7.17.0.jar:7.17.0]",
"at org.elasticsearch.index.reindex.ScrollableHitSource.startNextScroll(ScrollableHitSource.java:86) [elasticsearch-7.17.0.jar:7.17.0]",
"at org.elasticsearch.index.reindex.ScrollableHitSource$1.done(ScrollableHitSource.java:107) [elasticsearch-7.17.0.jar:7.17.0]",
"at org.elasticsearch.reindex.AbstractAsyncBulkByScrollAction$ScrollConsumableHitsResponse.done(AbstractAsyncBulkByScrollAction.java:1007) [reindex-client-7.17.0.jar:7.17.0]",
"at org.elasticsearch.reindex.AbstractAsyncBulkByScrollAction.notifyDone(AbstractAsyncBulkByScrollAction.java:499) [reindex-client-7.17.0.jar:7.17.0]",
"at org.elasticsearch.reindex.AbstractAsyncBulkByScrollAction.lambda$prepareBulkRequest$1(AbstractAsyncBulkByScrollAction.java:396) [reindex-client-7.17.0.jar:7.17.0]",
"at org.elasticsearch.reindex.AbstractAsyncBulkByScrollAction.onBulkResponse(AbstractAsyncBulkByScrollAction.java:482) [reindex-client-7.17.0.jar:7.17.0]",
"at org.elasticsearch.reindex.AbstractAsyncBulkByScrollAction$2.onResponse(AbstractAsyncBulkByScrollAction.java:421) [reindex-client-7.17.0.jar:7.17.0]",
"at org.elasticsearch.reindex.AbstractAsyncBulkByScrollAction$2.onResponse(AbstractAsyncBulkByScrollAction.java:417) [reindex-client-7.17.0.jar:7.17.0]",
"at org.elasticsearch.action.bulk.Retry$RetryHandler.finishHim(Retry.java:168) [elasticsearch-7.17.0.jar:7.17.0]",
"at org.elasticsearch.action.bulk.Retry$RetryHandler.onResponse(Retry.java:105) [elasticsearch-7.17.0.jar:7.17.0]",
"at org.elasticsearch.action.bulk.Retry$RetryHandler.onResponse(Retry.java:71) [elasticsearch-7.17.0.jar:7.17.0]",
"at org.elasticsearch.action.support.TransportAction$1.onResponse(TransportAction.java:88) [elasticsearch-7.17.0.jar:7.17.0]",
"at org.elasticsearch.action.support.TransportAction$1.onResponse(TransportAction.java:82) [elasticsearch-7.17.0.jar:7.17.0]",
"at org.elasticsearch.action.ActionListener$RunBeforeActionListener.onResponse(ActionListener.java:389) [elasticsearch-7.17.0.jar:7.17.0]",
"at org.elasticsearch.action.bulk.TransportBulkAction$BulkOperation$1.finishHim(TransportBulkAction.java:625) [elasticsearch-7.17.0.jar:7.17.0]",
"at org.elasticsearch.action.bulk.TransportBulkAction$BulkOperation$1.onResponse(TransportBulkAction.java:601) [elasticsearch-7.17.0.jar:7.17.0]",
"at org.elasticsearch.action.bulk.TransportBulkAction$BulkOperation$1.onResponse(TransportBulkAction.java:590) [elasticsearch-7.17.0.jar:7.17.0]",
"at org.elasticsearch.action.support.TransportAction$1.onResponse(TransportAction.java:88) [elasticsearch-7.17.0.jar:7.17.0]",
"at org.elasticsearch.action.support.TransportAction$1.onResponse(TransportAction.java:82) [elasticsearch-7.17.0.jar:7.17.0]",
"at org.elasticsearch.action.support.replication.TransportReplicationAction$ReroutePhase.finishOnSuccess(TransportReplicationAction.java:1070) [elasticsearch-7.17.0.jar:7.17.0]",
"at org.elasticsearch.action.support.replication.TransportReplicationAction$ReroutePhase$1.handleResponse(TransportReplicationAction.java:978) [elasticsearch-7.17.0.jar:7.17.0]",
"at org.elasticsearch.action.support.replication.TransportReplicationAction$ReroutePhase$1.handleResponse(TransportReplicationAction.java:969) [elasticsearch-7.17.0.jar:7.17.0]",
"at org.elasticsearch.transport.TransportService$4.handleResponse(TransportService.java:847) [elasticsearch-7.17.0.jar:7.17.0]",
"at org.elasticsearch.transport.TransportService$ContextRestoreResponseHandler.handleResponse(TransportService.java:1471) [elasticsearch-7.17.0.jar:7.17.0]",
"at org.elasticsearch.transport.TransportService$DirectResponseChannel.processResponse(TransportService.java:1549) [elasticsearch-7.17.0.jar:7.17.0]",
"at org.elasticsearch.transport.TransportService$DirectResponseChannel.sendResponse(TransportService.java:1529) [elasticsearch-7.17.0.jar:7.17.0]",
"at org.elasticsearch.transport.TaskTransportChannel.sendResponse(TaskTransportChannel.java:41) [elasticsearch-7.17.0.jar:7.17.0]",
"at org.elasticsearch.action.support.ChannelActionListener.onResponse(ChannelActionListener.java:33) [elasticsearch-7.17.0.jar:7.17.0]",
"at org.elasticsearch.action.support.ChannelActionListener.onResponse(ChannelActionListener.java:16) [elasticsearch-7.17.0.jar:7.17.0]",
"at org.elasticsearch.action.ActionListener$RunBeforeActionListener.onResponse(ActionListener.java:389) [elasticsearch-7.17.0.jar:7.17.0]",
"at org.elasticsearch.action.support.replication.TransportReplicationAction$AsyncPrimaryAction.lambda$runWithPrimaryShardReference$2(TransportReplicationAction.java:494) [elasticsearch-7.17.0.jar:7.17.0]",
"at org.elasticsearch.action.ActionListener$1.onResponse(ActionListener.java:136) [elasticsearch-7.17.0.jar:7.17.0]",
"at org.elasticsearch.action.ActionListener$MappedActionListener.onResponse(ActionListener.java:101) [elasticsearch-7.17.0.jar:7.17.0]",
"at org.elasticsearch.action.support.replication.ReplicationOperation.finish(ReplicationOperation.java:396) [elasticsearch-7.17.0.jar:7.17.0]",
"at org.elasticsearch.action.support.replication.ReplicationOperation.decPendingAndFinishIfNeeded(ReplicationOperation.java:382) [elasticsearch-7.17.0.jar:7.17.0]",
"at org.elasticsearch.action.support.replication.ReplicationOperation.access$300(ReplicationOperation.java:46) [elasticsearch-7.17.0.jar:7.17.0]",
"at org.elasticsearch.action.support.replication.ReplicationOperation$1.onResponse(ReplicationOperation.java:160) [elasticsearch-7.17.0.jar:7.17.0]",
"at org.elasticsearch.action.support.replication.ReplicationOperation$1.onResponse(ReplicationOperation.java:152) [elasticsearch-7.17.0.jar:7.17.0]",
"at org.elasticsearch.action.support.replication.TransportWriteAction$WritePrimaryResult$1.onSuccess(TransportWriteAction.java:286) [elasticsearch-7.17.0.jar:7.17.0]",
"at org.elasticsearch.action.support.replication.TransportWriteAction$AsyncAfterWriteAction.maybeFinish(TransportWriteAction.java:428) [elasticsearch-7.17.0.jar:7.17.0]",
"at org.elasticsearch.action.support.replication.TransportWriteAction$AsyncAfterWriteAction.lambda$run$1(TransportWriteAction.java:457) [elasticsearch-7.17.0.jar:7.17.0]",
"at org.elasticsearch.common.util.concurrent.AsyncIOProcessor.notifyList(AsyncIOProcessor.java:111) [elasticsearch-7.17.0.jar:7.17.0]",
"at org.elasticsearch.common.util.concurrent.AsyncIOProcessor.drainAndProcessAndRelease(AsyncIOProcessor.java:89) [elasticsearch-7.17.0.jar:7.17.0]",
"at org.elasticsearch.common.util.concurrent.AsyncIOProcessor.put(AsyncIOProcessor.java:73) [elasticsearch-7.17.0.jar:7.17.0]",
"at org.elasticsearch.index.shard.IndexShard.sync(IndexShard.java:3754) [elasticsearch-7.17.0.jar:7.17.0]",
"at org.elasticsearch.action.support.replication.TransportWriteAction$AsyncAfterWriteAction.run(TransportWriteAction.java:455) [elasticsearch-7.17.0.jar:7.17.0]",
"at org.elasticsearch.action.support.replication.TransportWriteAction$WritePrimaryResult.runPostReplicationActions(TransportWriteAction.java:293) [elasticsearch-7.17.0.jar:7.17.0]",
"at org.elasticsearch.action.support.replication.ReplicationOperation.handlePrimaryResult(ReplicationOperation.java:152) [elasticsearch-7.17.0.jar:7.17.0]",
"at org.elasticsearch.action.ActionListener$1.onResponse(ActionListener.java:136) [elasticsearch-7.17.0.jar:7.17.0]",
"at org.elasticsearch.action.ActionListener.completeWith(ActionListener.java:447) [elasticsearch-7.17.0.jar:7.17.0]",
"at org.elasticsearch.action.bulk.TransportShardBulkAction$2.finishRequest(TransportShardBulkAction.java:233) [elasticsearch-7.17.0.jar:7.17.0]",
"at org.elasticsearch.action.bulk.TransportShardBulkAction$2.doRun(TransportShardBulkAction.java:196) [elasticsearch-7.17.0.jar:7.17.0]",
"at org.elasticsearch.common.util.concurrent.AbstractRunnable.run(AbstractRunnable.java:26) [elasticsearch-7.17.0.jar:7.17.0]",
"at org.elasticsearch.action.bulk.TransportShardBulkAction.performOnPrimary(TransportShardBulkAction.java:245) [elasticsearch-7.17.0.jar:7.17.0]",
"at org.elasticsearch.action.bulk.TransportShardBulkAction.dispatchedShardOperationOnPrimary(TransportShardBulkAction.java:134) [elasticsearch-7.17.0.jar:7.17.0]",
"at org.elasticsearch.action.bulk.TransportShardBulkAction.dispatchedShardOperationOnPrimary(TransportShardBulkAction.java:74) [elasticsearch-7.17.0.jar:7.17.0]",
"at org.elasticsearch.action.support.replication.TransportWriteAction$1.doRun(TransportWriteAction.java:196) [elasticsearch-7.17.0.jar:7.17.0]",
"at org.elasticsearch.common.util.concurrent.ThreadContext$ContextPreservingAbstractRunnable.doRun(ThreadContext.java:777) [elasticsearch-7.17.0.jar:7.17.0]",
"at org.elasticsearch.common.util.concurrent.AbstractRunnable.run(AbstractRunnable.java:26) [elasticsearch-7.17.0.jar:7.17.0]",
"at java.util.concurrent.ThreadPoolExecutor.runWorker(ThreadPoolExecutor.java:1130) [?:?]",
"at java.util.concurrent.ThreadPoolExecutor$Worker.run(ThreadPoolExecutor.java:630) [?:?]",
"at java.lang.Thread.run(Thread.java:831) [?:?]",
"Caused by: org.elasticsearch.transport.RemoteTransportException: [tpotcluster-node-01][127.0.0.1:9300][indices:data/read/search[phase/query+fetch/scroll]]",
"Caused by: org.elasticsearch.search.SearchContextMissingException: No search context found for id [11]",
"at org.elasticsearch.search.SearchService.findReaderContext(SearchService.java:824) ~[elasticsearch-7.17.0.jar:7.17.0]",
"at org.elasticsearch.search.SearchService.executeFetchPhase(SearchService.java:747) ~[elasticsearch-7.17.0.jar:7.17.0]",
"at org.elasticsearch.action.search.SearchTransportService.lambda$registerRequestHandler$12(SearchTransportService.java:547) ~[elasticsearch-7.17.0.jar:7.17.0]",
"at org.elasticsearch.transport.RequestHandlerRegistry.processMessageReceived(RequestHandlerRegistry.java:67) ~[elasticsearch-7.17.0.jar:7.17.0]",
"at org.elasticsearch.transport.TransportService.sendLocalRequest(TransportService.java:1037) ~[elasticsearch-7.17.0.jar:7.17.0]",
"... 89 more"] }
{"type": "server", "timestamp": "2022-03-30T03:23:40,884Z", "level": "ERROR", "component": "o.e.i.g.DatabaseNodeService", "cluster.name": "tpotcluster", "node.name": "tpotcluster-node-01", "message": "failed to download database [GeoLite2-City.mmdb]", "cluster.uuid": "Qbw2pof0QzSXC1OvK0aFSw", "node.id": "t9hfPgy_RyC9LOJUxQUrSQ" , 
"stacktrace": ["org.elasticsearch.ResourceNotFoundException: chunk document with id [GeoLite2-City.mmdb_610_1648559855479] not found",
"at org.elasticsearch.ingest.geoip.DatabaseNodeService.lambda$retrieveDatabase$11(DatabaseNodeService.java:371) [ingest-geoip-7.17.0.jar:7.17.0]",
"at org.elasticsearch.common.util.concurrent.ThreadContext$ContextPreservingRunnable.run(ThreadContext.java:718) [elasticsearch-7.17.0.jar:7.17.0]",
"at java.util.concurrent.ThreadPoolExecutor.runWorker(ThreadPoolExecutor.java:1130) [?:?]",
"at java.util.concurrent.ThreadPoolExecutor$Worker.run(ThreadPoolExecutor.java:630) [?:?]",
"at java.lang.Thread.run(Thread.java:831) [?:?]"] }
{"type": "server", "timestamp": "2022-03-30T03:23:44,948Z", "level": "INFO", "component": "o.e.i.g.DatabaseNodeService", "cluster.name": "tpotcluster", "node.name": "tpotcluster-node-01", "message": "downloading geoip database [GeoLite2-City.mmdb] to [/tmp/geoip-databases/t9hfPgy_RyC9LOJUxQUrSQ/GeoLite2-City.mmdb.tmp.gz]", "cluster.uuid": "Qbw2pof0QzSXC1OvK0aFSw", "node.id": "t9hfPgy_RyC9LOJUxQUrSQ"  }
{"type": "server", "timestamp": "2022-03-30T03:23:46,931Z", "level": "INFO", "component": "o.e.i.g.DatabaseReaderLazyLoader", "cluster.name": "tpotcluster", "node.name": "tpotcluster-node-01", "message": "evicted [0] entries from cache after reloading database [/tmp/geoip-databases/t9hfPgy_RyC9LOJUxQUrSQ/GeoLite2-Country.mmdb]", "cluster.uuid": "Qbw2pof0QzSXC1OvK0aFSw", "node.id": "t9hfPgy_RyC9LOJUxQUrSQ"  }
{"type": "server", "timestamp": "2022-03-30T03:23:47,040Z", "level": "INFO", "component": "o.e.i.g.DatabaseNodeService", "cluster.name": "tpotcluster", "node.name": "tpotcluster-node-01", "message": "successfully reloaded changed geoip database file [/tmp/geoip-databases/t9hfPgy_RyC9LOJUxQUrSQ/GeoLite2-Country.mmdb]", "cluster.uuid": "Qbw2pof0QzSXC1OvK0aFSw", "node.id": "t9hfPgy_RyC9LOJUxQUrSQ"  }
{"type": "server", "timestamp": "2022-03-30T03:23:49,923Z", "level": "INFO", "component": "o.e.m.j.JvmGcMonitorService", "cluster.name": "tpotcluster", "node.name": "tpotcluster-node-01", "message": "[gc][young][127][22] duration [865ms], collections [1]/[1.9s], total [865ms]/[18.1s], memory [237.1mb]->[178.1mb]/[2gb], all_pools {[young] [60mb]->[0b]/[0b]}{[old] [161.3mb]->[174.9mb]/[2gb]}{[survivor] [15.8mb]->[3.1mb]/[0b]}", "cluster.uuid": "Qbw2pof0QzSXC1OvK0aFSw", "node.id": "t9hfPgy_RyC9LOJUxQUrSQ"  }
{"type": "server", "timestamp": "2022-03-30T03:23:50,263Z", "level": "INFO", "component": "o.e.m.j.JvmGcMonitorService", "cluster.name": "tpotcluster", "node.name": "tpotcluster-node-01", "message": "[gc][127] overhead, spent [865ms] collecting in the last [1.9s]", "cluster.uuid": "Qbw2pof0QzSXC1OvK0aFSw", "node.id": "t9hfPgy_RyC9LOJUxQUrSQ"  }
{"type": "server", "timestamp": "2022-03-30T03:23:50,479Z", "level": "INFO", "component": "o.e.i.g.DatabaseReaderLazyLoader", "cluster.name": "tpotcluster", "node.name": "tpotcluster-node-01", "message": "evicted [0] entries from cache after reloading database [/tmp/geoip-databases/t9hfPgy_RyC9LOJUxQUrSQ/GeoLite2-ASN.mmdb]", "cluster.uuid": "Qbw2pof0QzSXC1OvK0aFSw", "node.id": "t9hfPgy_RyC9LOJUxQUrSQ"  }
{"type": "server", "timestamp": "2022-03-30T03:23:51,016Z", "level": "INFO", "component": "o.e.i.g.DatabaseNodeService", "cluster.name": "tpotcluster", "node.name": "tpotcluster-node-01", "message": "successfully reloaded changed geoip database file [/tmp/geoip-databases/t9hfPgy_RyC9LOJUxQUrSQ/GeoLite2-ASN.mmdb]", "cluster.uuid": "Qbw2pof0QzSXC1OvK0aFSw", "node.id": "t9hfPgy_RyC9LOJUxQUrSQ"  }
{"type": "server", "timestamp": "2022-03-30T03:24:16,644Z", "level": "INFO", "component": "o.e.c.r.a.AllocationService", "cluster.name": "tpotcluster", "node.name": "tpotcluster-node-01", "message": "Cluster health status changed from [RED] to [GREEN] (reason: [shards started [[.ds-.logs-deprecation.elasticsearch-default-2022.03.12-000001][0]]]).", "cluster.uuid": "Qbw2pof0QzSXC1OvK0aFSw", "node.id": "t9hfPgy_RyC9LOJUxQUrSQ"  }
{"type": "server", "timestamp": "2022-03-30T03:24:22,746Z", "level": "WARN", "component": "o.e.m.j.JvmGcMonitorService", "cluster.name": "tpotcluster", "node.name": "tpotcluster-node-01", "message": "[gc][young][143][24] duration [1.8s], collections [1]/[1.8s], total [1.8s]/[20.4s], memory [244.8mb]->[260.8mb]/[2gb], all_pools {[young] [64mb]->[4mb]/[0b]}{[old] [174.9mb]->[174.9mb]/[2gb]}{[survivor] [5.9mb]->[5.8mb]/[0b]}", "cluster.uuid": "Qbw2pof0QzSXC1OvK0aFSw", "node.id": "t9hfPgy_RyC9LOJUxQUrSQ"  }
{"type": "server", "timestamp": "2022-03-30T03:24:23,514Z", "level": "WARN", "component": "o.e.m.j.JvmGcMonitorService", "cluster.name": "tpotcluster", "node.name": "tpotcluster-node-01", "message": "[gc][143] overhead, spent [1.8s] collecting in the last [1.8s]", "cluster.uuid": "Qbw2pof0QzSXC1OvK0aFSw", "node.id": "t9hfPgy_RyC9LOJUxQUrSQ"  }
{"type": "server", "timestamp": "2022-03-30T03:24:35,037Z", "level": "INFO", "component": "o.e.m.j.JvmGcMonitorService", "cluster.name": "tpotcluster", "node.name": "tpotcluster-node-01", "message": "[gc][151] overhead, spent [600ms] collecting in the last [1.6s]", "cluster.uuid": "Qbw2pof0QzSXC1OvK0aFSw", "node.id": "t9hfPgy_RyC9LOJUxQUrSQ"  }
{"type": "server", "timestamp": "2022-03-30T03:24:35,137Z", "level": "WARN", "component": "o.e.h.AbstractHttpServerTransport", "cluster.name": "tpotcluster", "node.name": "tpotcluster-node-01", "message": "handling request [null][POST][/_bulk][Netty4HttpChannel{localAddress=/192.168.48.2:9200, remoteAddress=/192.168.48.3:51460}] took [12978ms] which is above the warn threshold of [5000ms]", "cluster.uuid": "Qbw2pof0QzSXC1OvK0aFSw", "node.id": "t9hfPgy_RyC9LOJUxQUrSQ"  }
{"type": "server", "timestamp": "2022-03-30T03:24:39,806Z", "level": "INFO", "component": "o.e.c.m.MetadataCreateIndexService", "cluster.name": "tpotcluster", "node.name": "tpotcluster-node-01", "message": "[logstash-2022.03.30] creating index, cause [auto(bulk api)], templates [logstash], shards [1]/[0]", "cluster.uuid": "Qbw2pof0QzSXC1OvK0aFSw", "node.id": "t9hfPgy_RyC9LOJUxQUrSQ"  }
{"type": "server", "timestamp": "2022-03-30T03:24:43,786Z", "level": "INFO", "component": "o.e.i.g.DatabaseNodeService", "cluster.name": "tpotcluster", "node.name": "tpotcluster-node-01", "message": "successfully reloaded changed geoip database file [/tmp/geoip-databases/t9hfPgy_RyC9LOJUxQUrSQ/GeoLite2-City.mmdb]", "cluster.uuid": "Qbw2pof0QzSXC1OvK0aFSw", "node.id": "t9hfPgy_RyC9LOJUxQUrSQ"  }
{"type": "server", "timestamp": "2022-03-30T03:25:01,346Z", "level": "WARN", "component": "o.e.h.AbstractHttpServerTransport", "cluster.name": "tpotcluster", "node.name": "tpotcluster-node-01", "message": "handling request [null][POST][/_monitoring/bulk?system_id=kibana&system_api_version=7&interval=10000ms][Netty4HttpChannel{localAddress=/192.168.48.2:9200, remoteAddress=/192.168.48.4:53086}] took [5619ms] which is above the warn threshold of [5000ms]", "cluster.uuid": "Qbw2pof0QzSXC1OvK0aFSw", "node.id": "t9hfPgy_RyC9LOJUxQUrSQ"  }
{"type": "server", "timestamp": "2022-03-30T03:25:05,035Z", "level": "INFO", "component": "o.e.c.r.a.AllocationService", "cluster.name": "tpotcluster", "node.name": "tpotcluster-node-01", "message": "Cluster health status changed from [YELLOW] to [GREEN] (reason: [shards started [[logstash-2022.03.30][0]]]).", "cluster.uuid": "Qbw2pof0QzSXC1OvK0aFSw", "node.id": "t9hfPgy_RyC9LOJUxQUrSQ"  }
{"type": "server", "timestamp": "2022-03-30T03:25:37,507Z", "level": "WARN", "component": "o.e.t.ThreadPool", "cluster.name": "tpotcluster", "node.name": "tpotcluster-node-01", "message": "execution of [ReschedulingRunnable{runnable=org.elasticsearch.monitor.jvm.JvmGcMonitorService$1@28332a48, interval=1s}] took [10408ms] which is above the warn threshold of [5000ms]", "cluster.uuid": "Qbw2pof0QzSXC1OvK0aFSw", "node.id": "t9hfPgy_RyC9LOJUxQUrSQ"  }
{"type": "server", "timestamp": "2022-03-30T03:26:13,312Z", "level": "INFO", "component": "o.e.c.m.MetadataMappingService", "cluster.name": "tpotcluster", "node.name": "tpotcluster-node-01", "message": "[logstash-2022.03.29/4CNLAl-yQqmObSIQcEvFWA] update_mapping [_doc]", "cluster.uuid": "Qbw2pof0QzSXC1OvK0aFSw", "node.id": "t9hfPgy_RyC9LOJUxQUrSQ"  }
{"type": "server", "timestamp": "2022-03-30T03:26:13,391Z", "level": "WARN", "component": "o.e.m.j.JvmGcMonitorService", "cluster.name": "tpotcluster", "node.name": "tpotcluster-node-01", "message": "[gc][young][195][26] duration [1.5s], collections [1]/[2.6s], total [1.5s]/[22.5s], memory [264.4mb]->[179.9mb]/[2gb], all_pools {[young] [84mb]->[0b]/[0b]}{[old] [174.9mb]->[174.9mb]/[2gb]}{[survivor] [5.4mb]->[4.9mb]/[0b]}", "cluster.uuid": "Qbw2pof0QzSXC1OvK0aFSw", "node.id": "t9hfPgy_RyC9LOJUxQUrSQ"  }
{"type": "server", "timestamp": "2022-03-30T03:26:13,474Z", "level": "WARN", "component": "o.e.m.j.JvmGcMonitorService", "cluster.name": "tpotcluster", "node.name": "tpotcluster-node-01", "message": "[gc][195] overhead, spent [1.5s] collecting in the last [2.6s]", "cluster.uuid": "Qbw2pof0QzSXC1OvK0aFSw", "node.id": "t9hfPgy_RyC9LOJUxQUrSQ"  }
{"type": "server", "timestamp": "2022-03-30T03:26:13,672Z", "level": "WARN", "component": "o.e.c.s.MasterService", "cluster.name": "tpotcluster", "node.name": "tpotcluster-node-01", "message": "took [11.8s/11897ms] to compute cluster state update for [put-mapping [logstash-2022.03.29/4CNLAl-yQqmObSIQcEvFWA][_doc]], which exceeds the warn threshold of [10s]", "cluster.uuid": "Qbw2pof0QzSXC1OvK0aFSw", "node.id": "t9hfPgy_RyC9LOJUxQUrSQ"  }
{"type": "server", "timestamp": "2022-03-30T03:26:14,944Z", "level": "WARN", "component": "o.e.h.AbstractHttpServerTransport", "cluster.name": "tpotcluster", "node.name": "tpotcluster-node-01", "message": "handling request [null][GET][/_cat/health][Netty4HttpChannel{localAddress=/127.0.0.1:9200, remoteAddress=/127.0.0.1:46186}] took [14929ms] which is above the warn threshold of [5000ms]", "cluster.uuid": "Qbw2pof0QzSXC1OvK0aFSw", "node.id": "t9hfPgy_RyC9LOJUxQUrSQ"  }
{"type": "server", "timestamp": "2022-03-30T03:26:19,468Z", "level": "INFO", "component": "o.e.c.m.MetadataMappingService", "cluster.name": "tpotcluster", "node.name": "tpotcluster-node-01", "message": "[logstash-2022.03.30/Lx7u_woySQuQ_zD8F6Y2bw] update_mapping [_doc]", "cluster.uuid": "Qbw2pof0QzSXC1OvK0aFSw", "node.id": "t9hfPgy_RyC9LOJUxQUrSQ"  }
{"type": "server", "timestamp": "2022-03-30T03:26:19,588Z", "level": "INFO", "component": "o.e.c.m.MetadataMappingService", "cluster.name": "tpotcluster", "node.name": "tpotcluster-node-01", "message": "[logstash-2022.03.30/Lx7u_woySQuQ_zD8F6Y2bw] update_mapping [_doc]", "cluster.uuid": "Qbw2pof0QzSXC1OvK0aFSw", "node.id": "t9hfPgy_RyC9LOJUxQUrSQ"  }
{"type": "server", "timestamp": "2022-03-30T03:26:21,647Z", "level": "INFO", "component": "o.e.c.m.MetadataMappingService", "cluster.name": "tpotcluster", "node.name": "tpotcluster-node-01", "message": "[logstash-2022.03.30/Lx7u_woySQuQ_zD8F6Y2bw] update_mapping [_doc]", "cluster.uuid": "Qbw2pof0QzSXC1OvK0aFSw", "node.id": "t9hfPgy_RyC9LOJUxQUrSQ"  }
{"type": "server", "timestamp": "2022-03-30T03:26:23,772Z", "level": "INFO", "component": "o.e.c.m.MetadataMappingService", "cluster.name": "tpotcluster", "node.name": "tpotcluster-node-01", "message": "[logstash-2022.03.30/Lx7u_woySQuQ_zD8F6Y2bw] update_mapping [_doc]", "cluster.uuid": "Qbw2pof0QzSXC1OvK0aFSw", "node.id": "t9hfPgy_RyC9LOJUxQUrSQ"  }
{"type": "server", "timestamp": "2022-03-30T03:26:23,918Z", "level": "INFO", "component": "o.e.c.m.MetadataMappingService", "cluster.name": "tpotcluster", "node.name": "tpotcluster-node-01", "message": "[logstash-2022.03.30/Lx7u_woySQuQ_zD8F6Y2bw] update_mapping [_doc]", "cluster.uuid": "Qbw2pof0QzSXC1OvK0aFSw", "node.id": "t9hfPgy_RyC9LOJUxQUrSQ"  }
{"type": "server", "timestamp": "2022-03-30T03:26:25,487Z", "level": "INFO", "component": "o.e.c.m.MetadataMappingService", "cluster.name": "tpotcluster", "node.name": "tpotcluster-node-01", "message": "[logstash-2022.03.30/Lx7u_woySQuQ_zD8F6Y2bw] update_mapping [_doc]", "cluster.uuid": "Qbw2pof0QzSXC1OvK0aFSw", "node.id": "t9hfPgy_RyC9LOJUxQUrSQ"  }
{"type": "server", "timestamp": "2022-03-30T03:26:26,094Z", "level": "INFO", "component": "o.e.c.m.MetadataMappingService", "cluster.name": "tpotcluster", "node.name": "tpotcluster-node-01", "message": "[logstash-2022.03.30/Lx7u_woySQuQ_zD8F6Y2bw] update_mapping [_doc]", "cluster.uuid": "Qbw2pof0QzSXC1OvK0aFSw", "node.id": "t9hfPgy_RyC9LOJUxQUrSQ"  }
{"type": "server", "timestamp": "2022-03-30T03:26:26,510Z", "level": "INFO", "component": "o.e.c.m.MetadataMappingService", "cluster.name": "tpotcluster", "node.name": "tpotcluster-node-01", "message": "[logstash-2022.03.30/Lx7u_woySQuQ_zD8F6Y2bw] update_mapping [_doc]", "cluster.uuid": "Qbw2pof0QzSXC1OvK0aFSw", "node.id": "t9hfPgy_RyC9LOJUxQUrSQ"  }
{"type": "server", "timestamp": "2022-03-30T03:26:26,916Z", "level": "INFO", "component": "o.e.c.m.MetadataMappingService", "cluster.name": "tpotcluster", "node.name": "tpotcluster-node-01", "message": "[logstash-2022.03.30/Lx7u_woySQuQ_zD8F6Y2bw] update_mapping [_doc]", "cluster.uuid": "Qbw2pof0QzSXC1OvK0aFSw", "node.id": "t9hfPgy_RyC9LOJUxQUrSQ"  }
{"type": "server", "timestamp": "2022-03-30T03:26:26,932Z", "level": "INFO", "component": "o.e.c.m.MetadataMappingService", "cluster.name": "tpotcluster", "node.name": "tpotcluster-node-01", "message": "[logstash-2022.03.30/Lx7u_woySQuQ_zD8F6Y2bw] update_mapping [_doc]", "cluster.uuid": "Qbw2pof0QzSXC1OvK0aFSw", "node.id": "t9hfPgy_RyC9LOJUxQUrSQ"  }
{"type": "server", "timestamp": "2022-03-30T03:26:31,110Z", "level": "INFO", "component": "o.e.c.m.MetadataMappingService", "cluster.name": "tpotcluster", "node.name": "tpotcluster-node-01", "message": "[logstash-2022.03.30/Lx7u_woySQuQ_zD8F6Y2bw] update_mapping [_doc]", "cluster.uuid": "Qbw2pof0QzSXC1OvK0aFSw", "node.id": "t9hfPgy_RyC9LOJUxQUrSQ"  }
{"type": "server", "timestamp": "2022-03-30T03:26:31,904Z", "level": "INFO", "component": "o.e.c.m.MetadataMappingService", "cluster.name": "tpotcluster", "node.name": "tpotcluster-node-01", "message": "[logstash-2022.03.30/Lx7u_woySQuQ_zD8F6Y2bw] update_mapping [_doc]", "cluster.uuid": "Qbw2pof0QzSXC1OvK0aFSw", "node.id": "t9hfPgy_RyC9LOJUxQUrSQ"  }
{"type": "server", "timestamp": "2022-03-30T03:26:43,421Z", "level": "WARN", "component": "o.e.c.s.MasterService", "cluster.name": "tpotcluster", "node.name": "tpotcluster-node-01", "message": "took [10.8s/10886ms] to compute cluster state update for [put-mapping [logstash-2022.03.30/Lx7u_woySQuQ_zD8F6Y2bw][_doc]], which exceeds the warn threshold of [10s]", "cluster.uuid": "Qbw2pof0QzSXC1OvK0aFSw", "node.id": "t9hfPgy_RyC9LOJUxQUrSQ"  }
{"type": "server", "timestamp": "2022-03-30T03:26:46,838Z", "level": "WARN", "component": "o.e.t.ThreadPool", "cluster.name": "tpotcluster", "node.name": "tpotcluster-node-01", "message": "execution of [ReschedulingRunnable{runnable=org.elasticsearch.monitor.jvm.JvmGcMonitorService$1@28332a48, interval=1s}] took [13465ms] which is above the warn threshold of [5000ms]", "cluster.uuid": "Qbw2pof0QzSXC1OvK0aFSw", "node.id": "t9hfPgy_RyC9LOJUxQUrSQ"  }
{"type": "server", "timestamp": "2022-03-30T03:26:54,474Z", "level": "WARN", "component": "o.e.m.j.JvmGcMonitorService", "cluster.name": "tpotcluster", "node.name": "tpotcluster-node-01", "message": "[gc][young][215][31] duration [1.6s], collections [1]/[3.8s], total [1.6s]/[24.8s], memory [235.3mb]->[184.3mb]/[2gb], all_pools {[young] [52mb]->[0b]/[0b]}{[old] [176.3mb]->[176.3mb]/[2gb]}{[survivor] [7mb]->[8mb]/[0b]}", "cluster.uuid": "Qbw2pof0QzSXC1OvK0aFSw", "node.id": "t9hfPgy_RyC9LOJUxQUrSQ"  }
{"type": "server", "timestamp": "2022-03-30T03:26:54,605Z", "level": "INFO", "component": "o.e.m.j.JvmGcMonitorService", "cluster.name": "tpotcluster", "node.name": "tpotcluster-node-01", "message": "[gc][215] overhead, spent [1.6s] collecting in the last [3.8s]", "cluster.uuid": "Qbw2pof0QzSXC1OvK0aFSw", "node.id": "t9hfPgy_RyC9LOJUxQUrSQ"  }
{"type": "server", "timestamp": "2022-03-30T03:26:55,275Z", "level": "INFO", "component": "o.e.c.m.MetadataMappingService", "cluster.name": "tpotcluster", "node.name": "tpotcluster-node-01", "message": "[logstash-2022.03.30/Lx7u_woySQuQ_zD8F6Y2bw] update_mapping [_doc]", "cluster.uuid": "Qbw2pof0QzSXC1OvK0aFSw", "node.id": "t9hfPgy_RyC9LOJUxQUrSQ"  }
{"type": "server", "timestamp": "2022-03-30T03:26:58,299Z", "level": "INFO", "component": "o.e.c.m.MetadataMappingService", "cluster.name": "tpotcluster", "node.name": "tpotcluster-node-01", "message": "[logstash-2022.03.30/Lx7u_woySQuQ_zD8F6Y2bw] update_mapping [_doc]", "cluster.uuid": "Qbw2pof0QzSXC1OvK0aFSw", "node.id": "t9hfPgy_RyC9LOJUxQUrSQ"  }
{"type": "server", "timestamp": "2022-03-30T03:27:03,070Z", "level": "WARN", "component": "o.e.m.j.JvmGcMonitorService", "cluster.name": "tpotcluster", "node.name": "tpotcluster-node-01", "message": "[gc][young][220][32] duration [1.7s], collections [1]/[3.6s], total [1.7s]/[26.6s], memory [264.3mb]->[185.8mb]/[2gb], all_pools {[young] [80mb]->[0b]/[0b]}{[old] [176.3mb]->[176.3mb]/[2gb]}{[survivor] [8mb]->[9.4mb]/[0b]}", "cluster.uuid": "Qbw2pof0QzSXC1OvK0aFSw", "node.id": "t9hfPgy_RyC9LOJUxQUrSQ"  }
{"type": "server", "timestamp": "2022-03-30T03:27:03,656Z", "level": "INFO", "component": "o.e.m.j.JvmGcMonitorService", "cluster.name": "tpotcluster", "node.name": "tpotcluster-node-01", "message": "[gc][220] overhead, spent [1.7s] collecting in the last [3.6s]", "cluster.uuid": "Qbw2pof0QzSXC1OvK0aFSw", "node.id": "t9hfPgy_RyC9LOJUxQUrSQ"  }
{"type": "server", "timestamp": "2022-03-30T03:27:11,408Z", "level": "WARN", "component": "o.e.m.j.JvmGcMonitorService", "cluster.name": "tpotcluster", "node.name": "tpotcluster-node-01", "message": "[gc][young][224][33] duration [1.3s], collections [1]/[2.5s], total [1.3s]/[28s], memory [253.8mb]->[184.2mb]/[2gb], all_pools {[young] [68mb]->[8mb]/[0b]}{[old] [176.3mb]->[177mb]/[2gb]}{[survivor] [9.4mb]->[7.2mb]/[0b]}", "cluster.uuid": "Qbw2pof0QzSXC1OvK0aFSw", "node.id": "t9hfPgy_RyC9LOJUxQUrSQ"  }
{"type": "server", "timestamp": "2022-03-30T03:27:11,582Z", "level": "WARN", "component": "o.e.m.j.JvmGcMonitorService", "cluster.name": "tpotcluster", "node.name": "tpotcluster-node-01", "message": "[gc][224] overhead, spent [1.3s] collecting in the last [2.5s]", "cluster.uuid": "Qbw2pof0QzSXC1OvK0aFSw", "node.id": "t9hfPgy_RyC9LOJUxQUrSQ"  }
{"type": "server", "timestamp": "2022-03-30T03:27:11,923Z", "level": "INFO", "component": "o.e.c.m.MetadataMappingService", "cluster.name": "tpotcluster", "node.name": "tpotcluster-node-01", "message": "[logstash-2022.03.30/Lx7u_woySQuQ_zD8F6Y2bw] update_mapping [_doc]", "cluster.uuid": "Qbw2pof0QzSXC1OvK0aFSw", "node.id": "t9hfPgy_RyC9LOJUxQUrSQ"  }
{"type": "server", "timestamp": "2022-03-30T03:27:24,501Z", "level": "WARN", "component": "o.e.g.PersistedClusterStateService", "cluster.name": "tpotcluster", "node.name": "tpotcluster-node-01", "message": "writing cluster state took [10401ms] which is above the warn threshold of [10s]; wrote global metadata [false] and metadata for [1] indices and skipped [32] unchanged indices", "cluster.uuid": "Qbw2pof0QzSXC1OvK0aFSw", "node.id": "t9hfPgy_RyC9LOJUxQUrSQ"  }
{"type": "server", "timestamp": "2022-03-30T03:27:30,379Z", "level": "INFO", "component": "o.e.c.c.C.CoordinatorPublication", "cluster.name": "tpotcluster", "node.name": "tpotcluster-node-01", "message": "after [18.1s] publication of cluster state version [4521] is still waiting for {tpotcluster-node-01}{t9hfPgy_RyC9LOJUxQUrSQ}{yo_4jrqwTgysCiW97Om-NQ}{127.0.0.1}{127.0.0.1:9300}{cdfhimrstw}{xpack.installed=true, transform.node=true} [SENT_PUBLISH_REQUEST]", "cluster.uuid": "Qbw2pof0QzSXC1OvK0aFSw", "node.id": "t9hfPgy_RyC9LOJUxQUrSQ"  }
{"type": "server", "timestamp": "2022-03-30T03:28:05,992Z", "level": "WARN", "component": "o.e.t.ThreadPool", "cluster.name": "tpotcluster", "node.name": "tpotcluster-node-01", "message": "execution of [ReschedulingRunnable{runnable=org.elasticsearch.watcher.ResourceWatcherService$ResourceMonitor@67886eb9, interval=5s}] took [11145ms] which is above the warn threshold of [5000ms]", "cluster.uuid": "Qbw2pof0QzSXC1OvK0aFSw", "node.id": "t9hfPgy_RyC9LOJUxQUrSQ"  }
{"type": "server", "timestamp": "2022-03-30T03:28:05,797Z", "level": "WARN", "component": "o.e.t.ThreadPool", "cluster.name": "tpotcluster", "node.name": "tpotcluster-node-01", "message": "timer thread slept for [10.9s/10900ms] on absolute clock which is above the warn threshold of [5000ms]", "cluster.uuid": "Qbw2pof0QzSXC1OvK0aFSw", "node.id": "t9hfPgy_RyC9LOJUxQUrSQ"  }
{"type": "server", "timestamp": "2022-03-30T03:28:06,537Z", "level": "WARN", "component": "o.e.t.ThreadPool", "cluster.name": "tpotcluster", "node.name": "tpotcluster-node-01", "message": "timer thread slept for [10.9s/10900608838ns] on relative clock which is above the warn threshold of [5000ms]", "cluster.uuid": "Qbw2pof0QzSXC1OvK0aFSw", "node.id": "t9hfPgy_RyC9LOJUxQUrSQ"  }
{"type": "server", "timestamp": "2022-03-30T03:28:07,553Z", "level": "WARN", "component": "o.e.h.AbstractHttpServerTransport", "cluster.name": "tpotcluster", "node.name": "tpotcluster-node-01", "message": "handling request [null][GET][/_xpack?accept_enterprise=true][Netty4HttpChannel{localAddress=/192.168.48.2:9200, remoteAddress=/192.168.48.4:53078}] took [26364ms] which is above the warn threshold of [5000ms]", "cluster.uuid": "Qbw2pof0QzSXC1OvK0aFSw", "node.id": "t9hfPgy_RyC9LOJUxQUrSQ"  }
{"type": "server", "timestamp": "2022-03-30T03:28:07,847Z", "level": "WARN", "component": "o.e.m.j.JvmGcMonitorService", "cluster.name": "tpotcluster", "node.name": "tpotcluster-node-01", "message": "[gc][young][237][34] duration [7.9s], collections [1]/[17s], total [7.9s]/[36s], memory [252.2mb]->[184.6mb]/[2gb], all_pools {[young] [71.9mb]->[0b]/[0b]}{[old] [177mb]->[177mb]/[2gb]}{[survivor] [7.2mb]->[7.5mb]/[0b]}", "cluster.uuid": "Qbw2pof0QzSXC1OvK0aFSw", "node.id": "t9hfPgy_RyC9LOJUxQUrSQ"  }
{"type": "server", "timestamp": "2022-03-30T03:28:08,209Z", "level": "INFO", "component": "o.e.m.j.JvmGcMonitorService", "cluster.name": "tpotcluster", "node.name": "tpotcluster-node-01", "message": "[gc][237] overhead, spent [7.9s] collecting in the last [17s]", "cluster.uuid": "Qbw2pof0QzSXC1OvK0aFSw", "node.id": "t9hfPgy_RyC9LOJUxQUrSQ"  }
{"type": "server", "timestamp": "2022-03-30T03:28:18,325Z", "level": "WARN", "component": "o.e.c.s.ClusterApplierService", "cluster.name": "tpotcluster", "node.name": "tpotcluster-node-01", "message": "cluster state applier task [Publication{term=156, version=4521}] took [42.8s] which is above the warn threshold of [30s]: [running task [Publication{term=156, version=4521}]] took [188ms], [connecting to new nodes] took [479ms], [applying settings] took [0ms], [org.elasticsearch.repositories.RepositoriesService@1a2c6398] took [0ms], [org.elasticsearch.indices.cluster.IndicesClusterStateService@73faa96a] took [4881ms], [org.elasticsearch.script.ScriptService@3526ac1b] took [0ms], [org.elasticsearch.xpack.ilm.IndexLifecycleService@7a8e4184] took [0ms], [org.elasticsearch.snapshots.RestoreService@347cdee] took [0ms], [org.elasticsearch.ingest.IngestService@25508515] took [276ms], [org.elasticsearch.action.ingest.IngestActionForwarder@2596a3d0] took [0ms], [org.elasticsearch.action.admin.cluster.repositories.cleanup.TransportCleanupRepositoryAction$$Lambda$4527/0x00000008016ce640@2d9c4487] took [0ms], [org.elasticsearch.indices.TimestampFieldMapperService@1089c467] took [0ms], [org.elasticsearch.tasks.TaskManager@31d0834e] took [0ms], [org.elasticsearch.snapshots.SnapshotsService@21c83e87] took [0ms], [org.elasticsearch.cluster.InternalClusterInfoService@49eeb16e] took [0ms], [org.elasticsearch.snapshots.InternalSnapshotsInfoService@39954ea3] took [0ms], [org.elasticsearch.indices.SystemIndexManager@34d4830f] took [3440ms], [org.elasticsearch.xpack.shutdown.NodeSeenService@79c15417] took [0ms], [org.elasticsearch.xpack.autoscaling.capacity.memory.AutoscalingMemoryInfoService$$Lambda$3179/0x00000008013014e8@691b1047] took [424ms], [org.elasticsearch.xpack.ccr.action.ShardFollowTaskCleaner@7ab4377f] took [0ms], [org.elasticsearch.xpack.enrich.EnrichPolicyMaintenanceService@54968cb3] took [0ms], [org.elasticsearch.xpack.transform.notifications.TransformAuditor$$Lambda$3197/0x0000000801406c08@7b017545] took [0ms], [org.elasticsearch.xpack.transform.TransformClusterStateListener@659c610a] took [113ms], [org.elasticsearch.xpack.stack.StackTemplateRegistry@80b0243] took [27946ms], [org.elasticsearch.xpack.searchablesnapshots.cache.blob.BlobStoreCacheMaintenanceService@4a1eff4c] took [0ms], [org.elasticsearch.xpack.searchablesnapshots.SearchableSnapshots$RepositoryUuidWatcher@5a0b36b2] took [0ms], [org.elasticsearch.xpack.watcher.support.WatcherIndexTemplateRegistry@67524620] took [3191ms], [org.elasticsearch.xpack.watcher.WatcherLifeCycleService@6f0a9ac8] took [0ms], [org.elasticsearch.xpack.watcher.WatcherIndexingListener@7476cc26] took [0ms], [org.elasticsearch.xpack.ilm.history.ILMHistoryTemplateRegistry@77cbcabc] took [910ms], [org.elasticsearch.xpack.ilm.IndexLifecycleService@7a8e4184] took [38ms], [org.elasticsearch.xpack.core.slm.history.SnapshotLifecycleTemplateRegistry@2ddf123] took [215ms], [org.elasticsearch.xpack.slm.SnapshotLifecycleService@393ae76a] took [0ms], [org.elasticsearch.xpack.slm.SnapshotRetentionService@3f6107ed] took [0ms], [org.elasticsearch.xpack.deprecation.logging.DeprecationIndexingTemplateRegistry@f263156] took [1ms], [org.elasticsearch.xpack.fleet.FleetTemplateRegistry@6fed69da] took [41ms], [org.elasticsearch.cluster.metadata.SystemIndexMetadataUpgradeService@61c841e3] took [0ms], [org.elasticsearch.cluster.metadata.TemplateUpgradeService@11def15c] took [190ms], [org.elasticsearch.node.ResponseCollectorService@15f9f904] took [0ms], [org.elasticsearch.snapshots.SnapshotShardsService@3e629292] took [0ms], [org.elasticsearch.persistent.PersistentTasksClusterService@1d060be4] took [0ms], [org.elasticsearch.shutdown.PluginShutdownService@7b345d09] took [0ms], [org.elasticsearch.cluster.routing.DelayedAllocationService@45fabb06] took [0ms], [org.elasticsearch.indices.store.IndicesStore@44078460] took [0ms], [org.elasticsearch.persistent.PersistentTasksNodeService@46146beb] took [0ms], [org.elasticsearch.license.LicenseService@72bfb7ec] took [0ms], [org.elasticsearch.xpack.ccr.action.AutoFollowCoordinator@1a51ac93] took [43ms], [org.elasticsearch.xpack.core.async.AsyncTaskMaintenanceService@66e71974] took [0ms], [org.elasticsearch.gateway.GatewayService@1ee67e8a] took [0ms], [org.elasticsearch.indices.recovery.PeerRecoverySourceService@f4a1e13] took [0ms]", "cluster.uuid": "Qbw2pof0QzSXC1OvK0aFSw", "node.id": "t9hfPgy_RyC9LOJUxQUrSQ"  }
{"type": "server", "timestamp": "2022-03-30T03:28:27,825Z", "level": "INFO", "component": "o.e.c.m.MetadataMappingService", "cluster.name": "tpotcluster", "node.name": "tpotcluster-node-01", "message": "[logstash-2022.03.30/Lx7u_woySQuQ_zD8F6Y2bw] update_mapping [_doc]", "cluster.uuid": "Qbw2pof0QzSXC1OvK0aFSw", "node.id": "t9hfPgy_RyC9LOJUxQUrSQ"  }
{"type": "server", "timestamp": "2022-03-30T03:28:41,859Z", "level": "INFO", "component": "o.e.c.c.C.CoordinatorPublication", "cluster.name": "tpotcluster", "node.name": "tpotcluster-node-01", "message": "after [11.6s] publication of cluster state version [4522] is still waiting for {tpotcluster-node-01}{t9hfPgy_RyC9LOJUxQUrSQ}{yo_4jrqwTgysCiW97Om-NQ}{127.0.0.1}{127.0.0.1:9300}{cdfhimrstw}{xpack.installed=true, transform.node=true} [SENT_PUBLISH_REQUEST]", "cluster.uuid": "Qbw2pof0QzSXC1OvK0aFSw", "node.id": "t9hfPgy_RyC9LOJUxQUrSQ"  }
{"type": "server", "timestamp": "2022-03-30T03:28:54,706Z", "level": "WARN", "component": "o.e.t.ThreadPool", "cluster.name": "tpotcluster", "node.name": "tpotcluster-node-01", "message": "timer thread slept for [8.9s/8984ms] on absolute clock which is above the warn threshold of [5000ms]", "cluster.uuid": "Qbw2pof0QzSXC1OvK0aFSw", "node.id": "t9hfPgy_RyC9LOJUxQUrSQ"  }
{"type": "server", "timestamp": "2022-03-30T03:28:55,483Z", "level": "WARN", "component": "o.e.t.ThreadPool", "cluster.name": "tpotcluster", "node.name": "tpotcluster-node-01", "message": "timer thread slept for [8.9s/8983320563ns] on relative clock which is above the warn threshold of [5000ms]", "cluster.uuid": "Qbw2pof0QzSXC1OvK0aFSw", "node.id": "t9hfPgy_RyC9LOJUxQUrSQ"  }
{"type": "server", "timestamp": "2022-03-30T03:28:55,943Z", "level": "WARN", "component": "o.e.m.j.JvmGcMonitorService", "cluster.name": "tpotcluster", "node.name": "tpotcluster-node-01", "message": "[gc][young][254][35] duration [7s], collections [1]/[10.4s], total [7s]/[43s], memory [256.6mb]->[188.8mb]/[2gb], all_pools {[young] [72mb]->[12mb]/[0b]}{[old] [177mb]->[177mb]/[2gb]}{[survivor] [7.5mb]->[11.8mb]/[0b]}", "cluster.uuid": "Qbw2pof0QzSXC1OvK0aFSw", "node.id": "t9hfPgy_RyC9LOJUxQUrSQ"  }
{"type": "server", "timestamp": "2022-03-30T03:28:56,264Z", "level": "WARN", "component": "o.e.m.j.JvmGcMonitorService", "cluster.name": "tpotcluster", "node.name": "tpotcluster-node-01", "message": "[gc][254] overhead, spent [7s] collecting in the last [10.4s]", "cluster.uuid": "Qbw2pof0QzSXC1OvK0aFSw", "node.id": "t9hfPgy_RyC9LOJUxQUrSQ"  }
{"type": "server", "timestamp": "2022-03-30T03:28:56,265Z", "level": "WARN", "component": "o.e.t.ThreadPool", "cluster.name": "tpotcluster", "node.name": "tpotcluster-node-01", "message": "execution of [ReschedulingRunnable{runnable=org.elasticsearch.monitor.jvm.JvmGcMonitorService$1@28332a48, interval=1s}] took [8983ms] which is above the warn threshold of [5000ms]", "cluster.uuid": "Qbw2pof0QzSXC1OvK0aFSw", "node.id": "t9hfPgy_RyC9LOJUxQUrSQ"  }
{"type": "server", "timestamp": "2022-03-30T03:29:30,352Z", "level": "WARN", "component": "o.e.t.ThreadPool", "cluster.name": "tpotcluster", "node.name": "tpotcluster-node-01", "message": "timer thread slept for [10.8s/10871ms] on absolute clock which is above the warn threshold of [5000ms]", "cluster.uuid": "Qbw2pof0QzSXC1OvK0aFSw", "node.id": "t9hfPgy_RyC9LOJUxQUrSQ"  }
{"type": "server", "timestamp": "2022-03-30T03:29:30,870Z", "level": "WARN", "component": "o.e.m.j.JvmGcMonitorService", "cluster.name": "tpotcluster", "node.name": "tpotcluster-node-01", "message": "[gc][young][265][36] duration [8.7s], collections [1]/[12.3s], total [8.7s]/[51.7s], memory [256.8mb]->[191mb]/[2gb], all_pools {[young] [68mb]->[0b]/[0b]}{[old] [177mb]->[180.2mb]/[2gb]}{[survivor] [11.8mb]->[10.8mb]/[0b]}", "cluster.uuid": "Qbw2pof0QzSXC1OvK0aFSw", "node.id": "t9hfPgy_RyC9LOJUxQUrSQ"  }
{"type": "server", "timestamp": "2022-03-30T03:29:30,975Z", "level": "WARN", "component": "o.e.m.j.JvmGcMonitorService", "cluster.name": "tpotcluster", "node.name": "tpotcluster-node-01", "message": "[gc][265] overhead, spent [8.7s] collecting in the last [12.3s]", "cluster.uuid": "Qbw2pof0QzSXC1OvK0aFSw", "node.id": "t9hfPgy_RyC9LOJUxQUrSQ"  }
{"type": "server", "timestamp": "2022-03-30T03:29:30,870Z", "level": "WARN", "component": "o.e.t.ThreadPool", "cluster.name": "tpotcluster", "node.name": "tpotcluster-node-01", "message": "timer thread slept for [10.8s/10871676647ns] on relative clock which is above the warn threshold of [5000ms]", "cluster.uuid": "Qbw2pof0QzSXC1OvK0aFSw", "node.id": "t9hfPgy_RyC9LOJUxQUrSQ"  }
{"type": "server", "timestamp": "2022-03-30T03:29:30,975Z", "level": "WARN", "component": "o.e.t.ThreadPool", "cluster.name": "tpotcluster", "node.name": "tpotcluster-node-01", "message": "execution of [ReschedulingRunnable{runnable=org.elasticsearch.monitor.jvm.JvmGcMonitorService$1@28332a48, interval=1s}] took [10871ms] which is above the warn threshold of [5000ms]", "cluster.uuid": "Qbw2pof0QzSXC1OvK0aFSw", "node.id": "t9hfPgy_RyC9LOJUxQUrSQ"  }
{"type": "server", "timestamp": "2022-03-30T03:29:31,810Z", "level": "INFO", "component": "o.e.c.m.MetadataMappingService", "cluster.name": "tpotcluster", "node.name": "tpotcluster-node-01", "message": "[logstash-2022.03.30/Lx7u_woySQuQ_zD8F6Y2bw] update_mapping [_doc]", "cluster.uuid": "Qbw2pof0QzSXC1OvK0aFSw", "node.id": "t9hfPgy_RyC9LOJUxQUrSQ"  }
{"type": "server", "timestamp": "2022-03-30T03:29:36,314Z", "level": "WARN", "component": "o.e.m.j.JvmGcMonitorService", "cluster.name": "tpotcluster", "node.name": "tpotcluster-node-01", "message": "[gc][young][266][37] duration [2.6s], collections [1]/[1.7s], total [2.6s]/[54.4s], memory [191mb]->[190.3mb]/[2gb], all_pools {[young] [0b]->[0b]/[0b]}{[old] [180.2mb]->[182.3mb]/[2gb]}{[survivor] [10.8mb]->[8mb]/[0b]}", "cluster.uuid": "Qbw2pof0QzSXC1OvK0aFSw", "node.id": "t9hfPgy_RyC9LOJUxQUrSQ"  }
{"type": "server", "timestamp": "2022-03-30T03:29:36,559Z", "level": "WARN", "component": "o.e.m.j.JvmGcMonitorService", "cluster.name": "tpotcluster", "node.name": "tpotcluster-node-01", "message": "[gc][266] overhead, spent [2.6s] collecting in the last [1.7s]", "cluster.uuid": "Qbw2pof0QzSXC1OvK0aFSw", "node.id": "t9hfPgy_RyC9LOJUxQUrSQ"  }
{"type": "server", "timestamp": "2022-03-30T03:29:42,096Z", "level": "WARN", "component": "o.e.m.j.JvmGcMonitorService", "cluster.name": "tpotcluster", "node.name": "tpotcluster-node-01", "message": "[gc][young][267][38] duration [2.8s], collections [1]/[9.1s], total [2.8s]/[57.2s], memory [190.3mb]->[188.6mb]/[2gb], all_pools {[young] [0b]->[8mb]/[0b]}{[old] [182.3mb]->[182.3mb]/[2gb]}{[survivor] [8mb]->[6.3mb]/[0b]}", "cluster.uuid": "Qbw2pof0QzSXC1OvK0aFSw", "node.id": "t9hfPgy_RyC9LOJUxQUrSQ"  }
{"type": "server", "timestamp": "2022-03-30T03:29:42,460Z", "level": "INFO", "component": "o.e.m.j.JvmGcMonitorService", "cluster.name": "tpotcluster", "node.name": "tpotcluster-node-01", "message": "[gc][267] overhead, spent [2.8s] collecting in the last [9.1s]", "cluster.uuid": "Qbw2pof0QzSXC1OvK0aFSw", "node.id": "t9hfPgy_RyC9LOJUxQUrSQ"  }
{"type": "server", "timestamp": "2022-03-30T03:29:42,461Z", "level": "WARN", "component": "o.e.t.ThreadPool", "cluster.name": "tpotcluster", "node.name": "tpotcluster-node-01", "message": "execution of [ReschedulingRunnable{runnable=org.elasticsearch.monitor.jvm.JvmGcMonitorService$1@28332a48, interval=1s}] took [5048ms] which is above the warn threshold of [5000ms]", "cluster.uuid": "Qbw2pof0QzSXC1OvK0aFSw", "node.id": "t9hfPgy_RyC9LOJUxQUrSQ"  }
{"type": "server", "timestamp": "2022-03-30T03:29:53,569Z", "level": "WARN", "component": "o.e.t.ThreadPool", "cluster.name": "tpotcluster", "node.name": "tpotcluster-node-01", "message": "execution of [org.elasticsearch.cluster.InternalClusterInfoService$RefreshScheduler$$Lambda$5095/0x00000008017da000@128b752f] took [5049ms] which is above the warn threshold of [5000ms]", "cluster.uuid": "Qbw2pof0QzSXC1OvK0aFSw", "node.id": "t9hfPgy_RyC9LOJUxQUrSQ"  }
{"type": "server", "timestamp": "2022-03-30T03:30:07,225Z", "level": "WARN", "component": "o.e.c.s.MasterService", "cluster.name": "tpotcluster", "node.name": "tpotcluster-node-01", "message": "took [11.8s/11842ms] to compute cluster state update for [put-mapping [logstash-2022.03.30/Lx7u_woySQuQ_zD8F6Y2bw][_doc]], which exceeds the warn threshold of [10s]", "cluster.uuid": "Qbw2pof0QzSXC1OvK0aFSw", "node.id": "t9hfPgy_RyC9LOJUxQUrSQ"  }
{"type": "server", "timestamp": "2022-03-30T03:30:08,778Z", "level": "INFO", "component": "o.e.c.m.MetadataMappingService", "cluster.name": "tpotcluster", "node.name": "tpotcluster-node-01", "message": "[logstash-2022.03.30/Lx7u_woySQuQ_zD8F6Y2bw] update_mapping [_doc]", "cluster.uuid": "Qbw2pof0QzSXC1OvK0aFSw", "node.id": "t9hfPgy_RyC9LOJUxQUrSQ"  }
{"type": "server", "timestamp": "2022-03-30T03:30:14,556Z", "level": "WARN", "component": "o.e.m.j.JvmGcMonitorService", "cluster.name": "tpotcluster", "node.name": "tpotcluster-node-01", "message": "[gc][young][277][39] duration [2.5s], collections [1]/[1.2s], total [2.5s]/[59.8s], memory [260.6mb]->[280.6mb]/[2gb], all_pools {[young] [76mb]->[0b]/[0b]}{[old] [182.3mb]->[182.3mb]/[2gb]}{[survivor] [6.3mb]->[8.8mb]/[0b]}", "cluster.uuid": "Qbw2pof0QzSXC1OvK0aFSw", "node.id": "t9hfPgy_RyC9LOJUxQUrSQ"  }
{"type": "server", "timestamp": "2022-03-30T03:30:15,100Z", "level": "WARN", "component": "o.e.m.j.JvmGcMonitorService", "cluster.name": "tpotcluster", "node.name": "tpotcluster-node-01", "message": "[gc][277] overhead, spent [2.5s] collecting in the last [1.2s]", "cluster.uuid": "Qbw2pof0QzSXC1OvK0aFSw", "node.id": "t9hfPgy_RyC9LOJUxQUrSQ"  }
{"type": "server", "timestamp": "2022-03-30T03:30:15,101Z", "level": "WARN", "component": "o.e.t.ThreadPool", "cluster.name": "tpotcluster", "node.name": "tpotcluster-node-01", "message": "execution of [ReschedulingRunnable{runnable=org.elasticsearch.monitor.jvm.JvmGcMonitorService$1@28332a48, interval=1s}] took [5773ms] which is above the warn threshold of [5000ms]", "cluster.uuid": "Qbw2pof0QzSXC1OvK0aFSw", "node.id": "t9hfPgy_RyC9LOJUxQUrSQ"  }
{"type": "server", "timestamp": "2022-03-30T03:30:20,627Z", "level": "WARN", "component": "o.e.m.j.JvmGcMonitorService", "cluster.name": "tpotcluster", "node.name": "tpotcluster-node-01", "message": "[gc][young][278][40] duration [3.5s], collections [1]/[10.7s], total [3.5s]/[1m], memory [280.6mb]->[191.7mb]/[2gb], all_pools {[young] [0b]->[4mb]/[0b]}{[old] [182.3mb]->[182.7mb]/[2gb]}{[survivor] [8.8mb]->[9mb]/[0b]}", "cluster.uuid": "Qbw2pof0QzSXC1OvK0aFSw", "node.id": "t9hfPgy_RyC9LOJUxQUrSQ"  }
{"type": "server", "timestamp": "2022-03-30T03:30:21,038Z", "level": "INFO", "component": "o.e.m.j.JvmGcMonitorService", "cluster.name": "tpotcluster", "node.name": "tpotcluster-node-01", "message": "[gc][278] overhead, spent [3.5s] collecting in the last [10.7s]", "cluster.uuid": "Qbw2pof0QzSXC1OvK0aFSw", "node.id": "t9hfPgy_RyC9LOJUxQUrSQ"  }
{"type": "server", "timestamp": "2022-03-30T03:30:32,140Z", "level": "WARN", "component": "o.e.m.j.JvmGcMonitorService", "cluster.name": "tpotcluster", "node.name": "tpotcluster-node-01", "message": "[gc][young][283][41] duration [2.4s], collections [1]/[1.6s], total [2.4s]/[1m], memory [251.7mb]->[275.7mb]/[2gb], all_pools {[young] [76mb]->[12mb]/[0b]}{[old] [182.7mb]->[182.7mb]/[2gb]}{[survivor] [9mb]->[6.8mb]/[0b]}", "cluster.uuid": "Qbw2pof0QzSXC1OvK0aFSw", "node.id": "t9hfPgy_RyC9LOJUxQUrSQ"  }
{"type": "server", "timestamp": "2022-03-30T03:30:32,386Z", "level": "WARN", "component": "o.e.m.j.JvmGcMonitorService", "cluster.name": "tpotcluster", "node.name": "tpotcluster-node-01", "message": "[gc][283] overhead, spent [2.4s] collecting in the last [1.6s]", "cluster.uuid": "Qbw2pof0QzSXC1OvK0aFSw", "node.id": "t9hfPgy_RyC9LOJUxQUrSQ"  }
{"type": "server", "timestamp": "2022-03-30T03:30:51,714Z", "level": "WARN", "component": "o.e.t.ThreadPool", "cluster.name": "tpotcluster", "node.name": "tpotcluster-node-01", "message": "execution of [ReschedulingRunnable{runnable=org.elasticsearch.monitor.jvm.JvmGcMonitorService$1@28332a48, interval=1s}] took [5350ms] which is above the warn threshold of [5000ms]", "cluster.uuid": "Qbw2pof0QzSXC1OvK0aFSw", "node.id": "t9hfPgy_RyC9LOJUxQUrSQ"  }
{"type": "server", "timestamp": "2022-03-30T03:30:56,797Z", "level": "WARN", "component": "o.e.h.AbstractHttpServerTransport", "cluster.name": "tpotcluster", "node.name": "tpotcluster-node-01", "message": "handling request [null][POST][/.kibana_task_manager/_update_by_query?ignore_unavailable=true&refresh=true&conflicts=proceed][Netty4HttpChannel{localAddress=/192.168.48.2:9200, remoteAddress=/192.168.48.4:53168}] took [13519ms] which is above the warn threshold of [5000ms]", "cluster.uuid": "Qbw2pof0QzSXC1OvK0aFSw", "node.id": "t9hfPgy_RyC9LOJUxQUrSQ"  }
{"type": "server", "timestamp": "2022-03-30T03:31:12,789Z", "level": "WARN", "component": "o.e.t.ThreadPool", "cluster.name": "tpotcluster", "node.name": "tpotcluster-node-01", "message": "execution of [org.elasticsearch.cluster.InternalClusterInfoService$RefreshScheduler$$Lambda$5095/0x00000008017da000@15d9d2b9] took [6220ms] which is above the warn threshold of [5000ms]", "cluster.uuid": "Qbw2pof0QzSXC1OvK0aFSw", "node.id": "t9hfPgy_RyC9LOJUxQUrSQ"  }
{"type": "server", "timestamp": "2022-03-30T03:31:10,513Z", "level": "WARN", "component": "o.e.m.f.FsHealthService", "cluster.name": "tpotcluster", "node.name": "tpotcluster-node-01", "message": "health check of [/data/elk/data/nodes/0] took [6709ms] which is above the warn threshold of [5s]", "cluster.uuid": "Qbw2pof0QzSXC1OvK0aFSw", "node.id": "t9hfPgy_RyC9LOJUxQUrSQ"  }
{"type": "server", "timestamp": "2022-03-30T03:31:50,108Z", "level": "WARN", "component": "o.e.t.ThreadPool", "cluster.name": "tpotcluster", "node.name": "tpotcluster-node-01", "message": "timer thread slept for [30.4s/30484ms] on absolute clock which is above the warn threshold of [5000ms]", "cluster.uuid": "Qbw2pof0QzSXC1OvK0aFSw", "node.id": "t9hfPgy_RyC9LOJUxQUrSQ"  }
{"type": "server", "timestamp": "2022-03-30T03:31:52,920Z", "level": "WARN", "component": "o.e.t.ThreadPool", "cluster.name": "tpotcluster", "node.name": "tpotcluster-node-01", "message": "timer thread slept for [30.4s/30483779891ns] on relative clock which is above the warn threshold of [5000ms]", "cluster.uuid": "Qbw2pof0QzSXC1OvK0aFSw", "node.id": "t9hfPgy_RyC9LOJUxQUrSQ"  }
{"type": "server", "timestamp": "2022-03-30T03:31:55,114Z", "level": "WARN", "component": "o.e.t.ThreadPool", "cluster.name": "tpotcluster", "node.name": "tpotcluster-node-01", "message": "timer thread slept for [5.3s/5384ms] on absolute clock which is above the warn threshold of [5000ms]", "cluster.uuid": "Qbw2pof0QzSXC1OvK0aFSw", "node.id": "t9hfPgy_RyC9LOJUxQUrSQ"  }
{"type": "server", "timestamp": "2022-03-30T03:31:58,367Z", "level": "WARN", "component": "o.e.t.ThreadPool", "cluster.name": "tpotcluster", "node.name": "tpotcluster-node-01", "message": "timer thread slept for [5.3s/5384358260ns] on relative clock which is above the warn threshold of [5000ms]", "cluster.uuid": "Qbw2pof0QzSXC1OvK0aFSw", "node.id": "t9hfPgy_RyC9LOJUxQUrSQ"  }
{"type": "server", "timestamp": "2022-03-30T03:32:00,028Z", "level": "WARN", "component": "o.e.t.ThreadPool", "cluster.name": "tpotcluster", "node.name": "tpotcluster-node-01", "message": "timer thread slept for [5.2s/5205ms] on absolute clock which is above the warn threshold of [5000ms]", "cluster.uuid": "Qbw2pof0QzSXC1OvK0aFSw", "node.id": "t9hfPgy_RyC9LOJUxQUrSQ"  }
{"type": "server", "timestamp": "2022-03-30T03:32:00,291Z", "level": "WARN", "component": "o.e.t.ThreadPool", "cluster.name": "tpotcluster", "node.name": "tpotcluster-node-01", "message": "timer thread slept for [5.2s/5204378547ns] on relative clock which is above the warn threshold of [5000ms]", "cluster.uuid": "Qbw2pof0QzSXC1OvK0aFSw", "node.id": "t9hfPgy_RyC9LOJUxQUrSQ"  }
{"type": "server", "timestamp": "2022-03-30T03:32:00,158Z", "level": "WARN", "component": "o.e.m.j.JvmGcMonitorService", "cluster.name": "tpotcluster", "node.name": "tpotcluster-node-01", "message": "[gc][young][291][42] duration [25.2s], collections [1]/[53.8s], total [25.2s]/[1.5m], memory [249.5mb]->[191.2mb]/[2gb], all_pools {[young] [64mb]->[0b]/[0b]}{[old] [182.7mb]->[182.7mb]/[2gb]}{[survivor] [6.8mb]->[8.5mb]/[0b]}", "cluster.uuid": "Qbw2pof0QzSXC1OvK0aFSw", "node.id": "t9hfPgy_RyC9LOJUxQUrSQ"  }
{"type": "server", "timestamp": "2022-03-30T03:32:00,390Z", "level": "INFO", "component": "o.e.m.j.JvmGcMonitorService", "cluster.name": "tpotcluster", "node.name": "tpotcluster-node-01", "message": "[gc][291] overhead, spent [25.2s] collecting in the last [53.8s]", "cluster.uuid": "Qbw2pof0QzSXC1OvK0aFSw", "node.id": "t9hfPgy_RyC9LOJUxQUrSQ"  }
{"type": "server", "timestamp": "2022-03-30T03:32:00,391Z", "level": "WARN", "component": "o.e.t.ThreadPool", "cluster.name": "tpotcluster", "node.name": "tpotcluster-node-01", "message": "execution of [ReschedulingRunnable{runnable=org.elasticsearch.monitor.jvm.JvmGcMonitorService$1@28332a48, interval=1s}] took [5204ms] which is above the warn threshold of [5000ms]", "cluster.uuid": "Qbw2pof0QzSXC1OvK0aFSw", "node.id": "t9hfPgy_RyC9LOJUxQUrSQ"  }
{"type": "server", "timestamp": "2022-03-30T03:32:06,196Z", "level": "WARN", "component": "o.e.m.j.JvmGcMonitorService", "cluster.name": "tpotcluster", "node.name": "tpotcluster-node-01", "message": "[gc][young][292][43] duration [2.6s], collections [1]/[5.2s], total [2.6s]/[1.5m], memory [191.2mb]->[275.2mb]/[2gb], all_pools {[young] [0b]->[0b]/[0b]}{[old] [182.7mb]->[182.7mb]/[2gb]}{[survivor] [8.5mb]->[8mb]/[0b]}", "cluster.uuid": "Qbw2pof0QzSXC1OvK0aFSw", "node.id": "t9hfPgy_RyC9LOJUxQUrSQ"  }
{"type": "server", "timestamp": "2022-03-30T03:32:06,799Z", "level": "INFO", "component": "o.e.m.j.JvmGcMonitorService", "cluster.name": "tpotcluster", "node.name": "tpotcluster-node-01", "message": "[gc][292] overhead, spent [2.6s] collecting in the last [5.2s]", "cluster.uuid": "Qbw2pof0QzSXC1OvK0aFSw", "node.id": "t9hfPgy_RyC9LOJUxQUrSQ"  }
{"type": "server", "timestamp": "2022-03-30T03:32:07,593Z", "level": "WARN", "component": "o.e.t.ThreadPool", "cluster.name": "tpotcluster", "node.name": "tpotcluster-node-01", "message": "execution of [ReschedulingRunnable{runnable=org.elasticsearch.monitor.jvm.JvmGcMonitorService$1@28332a48, interval=1s}] took [6142ms] which is above the warn threshold of [5000ms]", "cluster.uuid": "Qbw2pof0QzSXC1OvK0aFSw", "node.id": "t9hfPgy_RyC9LOJUxQUrSQ"  }
{"type": "server", "timestamp": "2022-03-30T03:32:26,685Z", "level": "WARN", "component": "o.e.t.ThreadPool", "cluster.name": "tpotcluster", "node.name": "tpotcluster-node-01", "message": "execution of [ReschedulingRunnable{runnable=org.elasticsearch.monitor.jvm.JvmGcMonitorService$1@28332a48, interval=1s}] took [8052ms] which is above the warn threshold of [5000ms]", "cluster.uuid": "Qbw2pof0QzSXC1OvK0aFSw", "node.id": "t9hfPgy_RyC9LOJUxQUrSQ"  }
{"type": "server", "timestamp": "2022-03-30T03:32:42,198Z", "level": "WARN", "component": "o.e.h.AbstractHttpServerTransport", "cluster.name": "tpotcluster", "node.name": "tpotcluster-node-01", "message": "handling request [null][HEAD][/][Netty4HttpChannel{localAddress=/192.168.48.2:9200, remoteAddress=/192.168.48.3:51564}] took [9063ms] which is above the warn threshold of [5000ms]", "cluster.uuid": "Qbw2pof0QzSXC1OvK0aFSw", "node.id": "t9hfPgy_RyC9LOJUxQUrSQ"  }
{"type": "server", "timestamp": "2022-03-30T03:32:46,356Z", "level": "WARN", "component": "o.e.t.ThreadPool", "cluster.name": "tpotcluster", "node.name": "tpotcluster-node-01", "message": "execution of [ReschedulingRunnable{runnable=org.elasticsearch.monitor.jvm.JvmGcMonitorService$1@28332a48, interval=1s}] took [7148ms] which is above the warn threshold of [5000ms]", "cluster.uuid": "Qbw2pof0QzSXC1OvK0aFSw", "node.id": "t9hfPgy_RyC9LOJUxQUrSQ"  }
{"type": "server", "timestamp": "2022-03-30T03:33:24,487Z", "level": "WARN", "component": "o.e.t.ThreadPool", "cluster.name": "tpotcluster", "node.name": "tpotcluster-node-01", "message": "execution of [org.elasticsearch.cluster.InternalClusterInfoService$RefreshScheduler$$Lambda$5095/0x00000008017da000@2b649495] took [29768ms] which is above the warn threshold of [5000ms]", "cluster.uuid": "Qbw2pof0QzSXC1OvK0aFSw", "node.id": "t9hfPgy_RyC9LOJUxQUrSQ"  }
{"type": "server", "timestamp": "2022-03-30T03:33:26,577Z", "level": "WARN", "component": "o.e.h.AbstractHttpServerTransport", "cluster.name": "tpotcluster", "node.name": "tpotcluster-node-01", "message": "handling request [null][GET][/][Netty4HttpChannel{localAddress=/192.168.48.2:9200, remoteAddress=/192.168.48.3:51564}] took [34302ms] which is above the warn threshold of [5000ms]", "cluster.uuid": "Qbw2pof0QzSXC1OvK0aFSw", "node.id": "t9hfPgy_RyC9LOJUxQUrSQ"  }
{"type": "server", "timestamp": "2022-03-30T03:33:56,940Z", "level": "WARN", "component": "o.e.t.ThreadPool", "cluster.name": "tpotcluster", "node.name": "tpotcluster-node-01", "message": "timer thread slept for [6.4s/6419ms] on absolute clock which is above the warn threshold of [5000ms]", "cluster.uuid": "Qbw2pof0QzSXC1OvK0aFSw", "node.id": "t9hfPgy_RyC9LOJUxQUrSQ"  }
{"type": "server", "timestamp": "2022-03-30T03:34:03,149Z", "level": "WARN", "component": "o.e.t.ThreadPool", "cluster.name": "tpotcluster", "node.name": "tpotcluster-node-01", "message": "timer thread slept for [6.4s/6419006605ns] on relative clock which is above the warn threshold of [5000ms]", "cluster.uuid": "Qbw2pof0QzSXC1OvK0aFSw", "node.id": "t9hfPgy_RyC9LOJUxQUrSQ"  }
{"type": "server", "timestamp": "2022-03-30T03:34:00,458Z", "level": "WARN", "component": "o.e.h.AbstractHttpServerTransport", "cluster.name": "tpotcluster", "node.name": "tpotcluster-node-01", "message": "handling request [null][GET][/_license][Netty4HttpChannel{localAddress=/192.168.48.2:9200, remoteAddress=/192.168.48.3:51564}] took [10219ms] which is above the warn threshold of [5000ms]", "cluster.uuid": "Qbw2pof0QzSXC1OvK0aFSw", "node.id": "t9hfPgy_RyC9LOJUxQUrSQ"  }
{"type": "server", "timestamp": "2022-03-30T03:34:08,793Z", "level": "WARN", "component": "o.e.t.ThreadPool", "cluster.name": "tpotcluster", "node.name": "tpotcluster-node-01", "message": "timer thread slept for [12.7s/12758ms] on absolute clock which is above the warn threshold of [5000ms]", "cluster.uuid": "Qbw2pof0QzSXC1OvK0aFSw", "node.id": "t9hfPgy_RyC9LOJUxQUrSQ"  }
{"type": "server", "timestamp": "2022-03-30T03:34:15,764Z", "level": "WARN", "component": "o.e.t.ThreadPool", "cluster.name": "tpotcluster", "node.name": "tpotcluster-node-01", "message": "timer thread slept for [12.7s/12757859072ns] on relative clock which is above the warn threshold of [5000ms]", "cluster.uuid": "Qbw2pof0QzSXC1OvK0aFSw", "node.id": "t9hfPgy_RyC9LOJUxQUrSQ"  }
{"type": "server", "timestamp": "2022-03-30T03:34:25,016Z", "level": "WARN", "component": "o.e.t.ThreadPool", "cluster.name": "tpotcluster", "node.name": "tpotcluster-node-01", "message": "timer thread slept for [15.3s/15392ms] on absolute clock which is above the warn threshold of [5000ms]", "cluster.uuid": "Qbw2pof0QzSXC1OvK0aFSw", "node.id": "t9hfPgy_RyC9LOJUxQUrSQ"  }
{"type": "server", "timestamp": "2022-03-30T03:34:32,581Z", "level": "WARN", "component": "o.e.t.ThreadPool", "cluster.name": "tpotcluster", "node.name": "tpotcluster-node-01", "message": "timer thread slept for [15.3s/15392421314ns] on relative clock which is above the warn threshold of [5000ms]", "cluster.uuid": "Qbw2pof0QzSXC1OvK0aFSw", "node.id": "t9hfPgy_RyC9LOJUxQUrSQ"  }
{"type": "server", "timestamp": "2022-03-30T03:34:36,379Z", "level": "WARN", "component": "o.e.t.ThreadPool", "cluster.name": "tpotcluster", "node.name": "tpotcluster-node-01", "message": "execution of [ReschedulingRunnable{runnable=org.elasticsearch.monitor.jvm.JvmGcMonitorService$1@28332a48, interval=1s}] took [28150ms] which is above the warn threshold of [5000ms]", "cluster.uuid": "Qbw2pof0QzSXC1OvK0aFSw", "node.id": "t9hfPgy_RyC9LOJUxQUrSQ"  }
{"type": "server", "timestamp": "2022-03-30T03:34:40,552Z", "level": "WARN", "component": "o.e.t.ThreadPool", "cluster.name": "tpotcluster", "node.name": "tpotcluster-node-01", "message": "timer thread slept for [15.3s/15335ms] on absolute clock which is above the warn threshold of [5000ms]", "cluster.uuid": "Qbw2pof0QzSXC1OvK0aFSw", "node.id": "t9hfPgy_RyC9LOJUxQUrSQ"  }
{"type": "server", "timestamp": "2022-03-30T03:34:52,093Z", "level": "WARN", "component": "o.e.t.ThreadPool", "cluster.name": "tpotcluster", "node.name": "tpotcluster-node-01", "message": "timer thread slept for [15.3s/15335051136ns] on relative clock which is above the warn threshold of [5000ms]", "cluster.uuid": "Qbw2pof0QzSXC1OvK0aFSw", "node.id": "t9hfPgy_RyC9LOJUxQUrSQ"  }
{"type": "server", "timestamp": "2022-03-30T03:35:06,194Z", "level": "WARN", "component": "o.e.t.ThreadPool", "cluster.name": "tpotcluster", "node.name": "tpotcluster-node-01", "message": "timer thread slept for [25.5s/25570ms] on absolute clock which is above the warn threshold of [5000ms]", "cluster.uuid": "Qbw2pof0QzSXC1OvK0aFSw", "node.id": "t9hfPgy_RyC9LOJUxQUrSQ"  }
{"type": "server", "timestamp": "2022-03-30T03:35:13,437Z", "level": "WARN", "component": "o.e.t.ThreadPool", "cluster.name": "tpotcluster", "node.name": "tpotcluster-node-01", "message": "timer thread slept for [25.5s/25569887822ns] on relative clock which is above the warn threshold of [5000ms]", "cluster.uuid": "Qbw2pof0QzSXC1OvK0aFSw", "node.id": "t9hfPgy_RyC9LOJUxQUrSQ"  }
{"type": "server", "timestamp": "2022-03-30T03:35:20,299Z", "level": "WARN", "component": "o.e.t.ThreadPool", "cluster.name": "tpotcluster", "node.name": "tpotcluster-node-01", "message": "timer thread slept for [15.4s/15471ms] on absolute clock which is above the warn threshold of [5000ms]", "cluster.uuid": "Qbw2pof0QzSXC1OvK0aFSw", "node.id": "t9hfPgy_RyC9LOJUxQUrSQ"  }
{"type": "server", "timestamp": "2022-03-30T03:35:27,303Z", "level": "WARN", "component": "o.e.t.ThreadPool", "cluster.name": "tpotcluster", "node.name": "tpotcluster-node-01", "message": "timer thread slept for [15.4s/15470692274ns] on relative clock which is above the warn threshold of [5000ms]", "cluster.uuid": "Qbw2pof0QzSXC1OvK0aFSw", "node.id": "t9hfPgy_RyC9LOJUxQUrSQ"  }
{"type": "server", "timestamp": "2022-03-30T03:35:44,052Z", "level": "WARN", "component": "o.e.t.ThreadPool", "cluster.name": "tpotcluster", "node.name": "tpotcluster-node-01", "message": "timer thread slept for [23.1s/23122ms] on absolute clock which is above the warn threshold of [5000ms]", "cluster.uuid": "Qbw2pof0QzSXC1OvK0aFSw", "node.id": "t9hfPgy_RyC9LOJUxQUrSQ"  }
{"type": "server", "timestamp": "2022-03-30T03:35:58,696Z", "level": "WARN", "component": "o.e.t.ThreadPool", "cluster.name": "tpotcluster", "node.name": "tpotcluster-node-01", "message": "timer thread slept for [23.1s/23122442002ns] on relative clock which is above the warn threshold of [5000ms]", "cluster.uuid": "Qbw2pof0QzSXC1OvK0aFSw", "node.id": "t9hfPgy_RyC9LOJUxQUrSQ"  }
{"type": "server", "timestamp": "2022-03-30T03:36:10,531Z", "level": "WARN", "component": "o.e.t.ThreadPool", "cluster.name": "tpotcluster", "node.name": "tpotcluster-node-01", "message": "timer thread slept for [27s/27096ms] on absolute clock which is above the warn threshold of [5000ms]", "cluster.uuid": "Qbw2pof0QzSXC1OvK0aFSw", "node.id": "t9hfPgy_RyC9LOJUxQUrSQ"  }
{"type": "server", "timestamp": "2022-03-30T03:36:26,250Z", "level": "WARN", "component": "o.e.t.ThreadPool", "cluster.name": "tpotcluster", "node.name": "tpotcluster-node-01", "message": "timer thread slept for [27s/27095632262ns] on relative clock which is above the warn threshold of [5000ms]", "cluster.uuid": "Qbw2pof0QzSXC1OvK0aFSw", "node.id": "t9hfPgy_RyC9LOJUxQUrSQ"  }
{"type": "server", "timestamp": "2022-03-30T03:36:19,141Z", "level": "WARN", "component": "o.e.m.f.FsHealthService", "cluster.name": "tpotcluster", "node.name": "tpotcluster-node-01", "message": "health check of [/data/elk/data/nodes/0] took [27096ms] which is above the warn threshold of [5s]", "cluster.uuid": "Qbw2pof0QzSXC1OvK0aFSw", "node.id": "t9hfPgy_RyC9LOJUxQUrSQ"  }
{"type": "server", "timestamp": "2022-03-30T03:36:42,057Z", "level": "WARN", "component": "o.e.t.ThreadPool", "cluster.name": "tpotcluster", "node.name": "tpotcluster-node-01", "message": "timer thread slept for [30.9s/30929ms] on absolute clock which is above the warn threshold of [5000ms]", "cluster.uuid": "Qbw2pof0QzSXC1OvK0aFSw", "node.id": "t9hfPgy_RyC9LOJUxQUrSQ"  }
{"type": "server", "timestamp": "2022-03-30T03:36:44,488Z", "level": "WARN", "component": "o.e.t.ThreadPool", "cluster.name": "tpotcluster", "node.name": "tpotcluster-node-01", "message": "execution of [ReschedulingRunnable{runnable=org.elasticsearch.monitor.jvm.JvmGcMonitorService$1@28332a48, interval=1s}] took [30929ms] which is above the warn threshold of [5000ms]", "cluster.uuid": "Qbw2pof0QzSXC1OvK0aFSw", "node.id": "t9hfPgy_RyC9LOJUxQUrSQ"  }
{"type": "server", "timestamp": "2022-03-30T03:36:45,026Z", "level": "WARN", "component": "o.e.t.ThreadPool", "cluster.name": "tpotcluster", "node.name": "tpotcluster-node-01", "message": "timer thread slept for [30.9s/30929027943ns] on relative clock which is above the warn threshold of [5000ms]", "cluster.uuid": "Qbw2pof0QzSXC1OvK0aFSw", "node.id": "t9hfPgy_RyC9LOJUxQUrSQ"  }
{"type": "server", "timestamp": "2022-03-30T03:36:57,215Z", "level": "WARN", "component": "o.e.t.ThreadPool", "cluster.name": "tpotcluster", "node.name": "tpotcluster-node-01", "message": "timer thread slept for [14.8s/14850ms] on absolute clock which is above the warn threshold of [5000ms]", "cluster.uuid": "Qbw2pof0QzSXC1OvK0aFSw", "node.id": "t9hfPgy_RyC9LOJUxQUrSQ"  }
{"type": "server", "timestamp": "2022-03-30T03:36:57,293Z", "level": "WARN", "component": "o.e.t.ThreadPool", "cluster.name": "tpotcluster", "node.name": "tpotcluster-node-01", "message": "execution of [ReschedulingRunnable{runnable=org.elasticsearch.indices.IndexingMemoryController$ShardsIndicesStatusChecker@3fe8e45c, interval=5s}] took [14850ms] which is above the warn threshold of [5000ms]", "cluster.uuid": "Qbw2pof0QzSXC1OvK0aFSw", "node.id": "t9hfPgy_RyC9LOJUxQUrSQ"  }
{"type": "server", "timestamp": "2022-03-30T03:37:05,128Z", "level": "WARN", "component": "o.e.t.ThreadPool", "cluster.name": "tpotcluster", "node.name": "tpotcluster-node-01", "message": "timer thread slept for [14.8s/14850294860ns] on relative clock which is above the warn threshold of [5000ms]", "cluster.uuid": "Qbw2pof0QzSXC1OvK0aFSw", "node.id": "t9hfPgy_RyC9LOJUxQUrSQ"  }
{"type": "server", "timestamp": "2022-03-30T03:37:09,797Z", "level": "WARN", "component": "o.e.t.ThreadPool", "cluster.name": "tpotcluster", "node.name": "tpotcluster-node-01", "message": "timer thread slept for [13.4s/13435ms] on absolute clock which is above the warn threshold of [5000ms]", "cluster.uuid": "Qbw2pof0QzSXC1OvK0aFSw", "node.id": "t9hfPgy_RyC9LOJUxQUrSQ"  }
{"type": "server", "timestamp": "2022-03-30T03:37:10,447Z", "level": "WARN", "component": "o.e.h.AbstractHttpServerTransport", "cluster.name": "tpotcluster", "node.name": "tpotcluster-node-01", "message": "handling request [null][POST][/.kibana_task_manager/_search?ignore_unavailable=true][Netty4HttpChannel{localAddress=/192.168.48.2:9200, remoteAddress=/192.168.48.4:53176}] took [59214ms] which is above the warn threshold of [5000ms]", "cluster.uuid": "Qbw2pof0QzSXC1OvK0aFSw", "node.id": "t9hfPgy_RyC9LOJUxQUrSQ"  }
{"type": "server", "timestamp": "2022-03-30T03:37:12,209Z", "level": "WARN", "component": "o.e.t.ThreadPool", "cluster.name": "tpotcluster", "node.name": "tpotcluster-node-01", "message": "timer thread slept for [13.4s/13434451595ns] on relative clock which is above the warn threshold of [5000ms]", "cluster.uuid": "Qbw2pof0QzSXC1OvK0aFSw", "node.id": "t9hfPgy_RyC9LOJUxQUrSQ"  }
{"type": "server", "timestamp": "2022-03-30T03:37:21,331Z", "level": "WARN", "component": "o.e.t.ThreadPool", "cluster.name": "tpotcluster", "node.name": "tpotcluster-node-01", "message": "execution of [ReschedulingRunnable{runnable=org.elasticsearch.monitor.jvm.JvmGcMonitorService$1@28332a48, interval=1s}] took [20953ms] which is above the warn threshold of [5000ms]", "cluster.uuid": "Qbw2pof0QzSXC1OvK0aFSw", "node.id": "t9hfPgy_RyC9LOJUxQUrSQ"  }
{"type": "server", "timestamp": "2022-03-30T03:37:46,751Z", "level": "WARN", "component": "o.e.t.ThreadPool", "cluster.name": "tpotcluster", "node.name": "tpotcluster-node-01", "message": "execution of [ReschedulingRunnable{runnable=org.elasticsearch.monitor.jvm.JvmGcMonitorService$1@28332a48, interval=1s}] took [9052ms] which is above the warn threshold of [5000ms]", "cluster.uuid": "Qbw2pof0QzSXC1OvK0aFSw", "node.id": "t9hfPgy_RyC9LOJUxQUrSQ"  }
{"type": "server", "timestamp": "2022-03-30T03:37:59,769Z", "level": "WARN", "component": "o.e.t.ThreadPool", "cluster.name": "tpotcluster", "node.name": "tpotcluster-node-01", "message": "timer thread slept for [12.1s/12196ms] on absolute clock which is above the warn threshold of [5000ms]", "cluster.uuid": "Qbw2pof0QzSXC1OvK0aFSw", "node.id": "t9hfPgy_RyC9LOJUxQUrSQ"  }
{"type": "server", "timestamp": "2022-03-30T03:38:01,753Z", "level": "WARN", "component": "o.e.t.ThreadPool", "cluster.name": "tpotcluster", "node.name": "tpotcluster-node-01", "message": "timer thread slept for [12.1s/12196202622ns] on relative clock which is above the warn threshold of [5000ms]", "cluster.uuid": "Qbw2pof0QzSXC1OvK0aFSw", "node.id": "t9hfPgy_RyC9LOJUxQUrSQ"  }
{"type": "server", "timestamp": "2022-03-30T03:38:17,024Z", "level": "WARN", "component": "o.e.t.ThreadPool", "cluster.name": "tpotcluster", "node.name": "tpotcluster-node-01", "message": "execution of [ReschedulingRunnable{runnable=org.elasticsearch.indices.IndexingMemoryController$ShardsIndicesStatusChecker@3fe8e45c, interval=5s}] took [8754ms] which is above the warn threshold of [5000ms]", "cluster.uuid": "Qbw2pof0QzSXC1OvK0aFSw", "node.id": "t9hfPgy_RyC9LOJUxQUrSQ"  }
{"type": "server", "timestamp": "2022-03-30T03:38:16,568Z", "level": "WARN", "component": "o.e.t.ThreadPool", "cluster.name": "tpotcluster", "node.name": "tpotcluster-node-01", "message": "timer thread slept for [7s/7079ms] on absolute clock which is above the warn threshold of [5000ms]", "cluster.uuid": "Qbw2pof0QzSXC1OvK0aFSw", "node.id": "t9hfPgy_RyC9LOJUxQUrSQ"  }
{"type": "server", "timestamp": "2022-03-30T03:38:25,101Z", "level": "WARN", "component": "o.e.t.ThreadPool", "cluster.name": "tpotcluster", "node.name": "tpotcluster-node-01", "message": "timer thread slept for [7s/7079926707ns] on relative clock which is above the warn threshold of [5000ms]", "cluster.uuid": "Qbw2pof0QzSXC1OvK0aFSw", "node.id": "t9hfPgy_RyC9LOJUxQUrSQ"  }
{"type": "server", "timestamp": "2022-03-30T03:38:31,915Z", "level": "WARN", "component": "o.e.t.ThreadPool", "cluster.name": "tpotcluster", "node.name": "tpotcluster-node-01", "message": "timer thread slept for [15.1s/15112ms] on absolute clock which is above the warn threshold of [5000ms]", "cluster.uuid": "Qbw2pof0QzSXC1OvK0aFSw", "node.id": "t9hfPgy_RyC9LOJUxQUrSQ"  }
{"type": "server", "timestamp": "2022-03-30T03:38:36,392Z", "level": "WARN", "component": "o.e.t.ThreadPool", "cluster.name": "tpotcluster", "node.name": "tpotcluster-node-01", "message": "timer thread slept for [15.1s/15111431760ns] on relative clock which is above the warn threshold of [5000ms]", "cluster.uuid": "Qbw2pof0QzSXC1OvK0aFSw", "node.id": "t9hfPgy_RyC9LOJUxQUrSQ"  }
{"type": "server", "timestamp": "2022-03-30T03:38:41,301Z", "level": "WARN", "component": "o.e.t.ThreadPool", "cluster.name": "tpotcluster", "node.name": "tpotcluster-node-01", "message": "timer thread slept for [9.5s/9568ms] on absolute clock which is above the warn threshold of [5000ms]", "cluster.uuid": "Qbw2pof0QzSXC1OvK0aFSw", "node.id": "t9hfPgy_RyC9LOJUxQUrSQ"  }
{"type": "server", "timestamp": "2022-03-30T03:38:44,044Z", "level": "WARN", "component": "o.e.t.ThreadPool", "cluster.name": "tpotcluster", "node.name": "tpotcluster-node-01", "message": "timer thread slept for [9.5s/9567680300ns] on relative clock which is above the warn threshold of [5000ms]", "cluster.uuid": "Qbw2pof0QzSXC1OvK0aFSw", "node.id": "t9hfPgy_RyC9LOJUxQUrSQ"  }
{"type": "server", "timestamp": "2022-03-30T03:38:44,044Z", "level": "WARN", "component": "o.e.t.ThreadPool", "cluster.name": "tpotcluster", "node.name": "tpotcluster-node-01", "message": "execution of [ReschedulingRunnable{runnable=org.elasticsearch.monitor.jvm.JvmGcMonitorService$1@28332a48, interval=1s}] took [24679ms] which is above the warn threshold of [5000ms]", "cluster.uuid": "Qbw2pof0QzSXC1OvK0aFSw", "node.id": "t9hfPgy_RyC9LOJUxQUrSQ"  }
{"type": "server", "timestamp": "2022-03-30T03:38:50,359Z", "level": "WARN", "component": "o.e.t.ThreadPool", "cluster.name": "tpotcluster", "node.name": "tpotcluster-node-01", "message": "timer thread slept for [7.9s/7918ms] on absolute clock which is above the warn threshold of [5000ms]", "cluster.uuid": "Qbw2pof0QzSXC1OvK0aFSw", "node.id": "t9hfPgy_RyC9LOJUxQUrSQ"  }
{"type": "server", "timestamp": "2022-03-30T03:38:55,619Z", "level": "WARN", "component": "o.e.t.ThreadPool", "cluster.name": "tpotcluster", "node.name": "tpotcluster-node-01", "message": "timer thread slept for [7.9s/7918504285ns] on relative clock which is above the warn threshold of [5000ms]", "cluster.uuid": "Qbw2pof0QzSXC1OvK0aFSw", "node.id": "t9hfPgy_RyC9LOJUxQUrSQ"  }
{"type": "server", "timestamp": "2022-03-30T03:38:58,354Z", "level": "WARN", "component": "o.e.t.ThreadPool", "cluster.name": "tpotcluster", "node.name": "tpotcluster-node-01", "message": "timer thread slept for [9.3s/9388ms] on absolute clock which is above the warn threshold of [5000ms]", "cluster.uuid": "Qbw2pof0QzSXC1OvK0aFSw", "node.id": "t9hfPgy_RyC9LOJUxQUrSQ"  }
{"type": "server", "timestamp": "2022-03-30T03:39:03,252Z", "level": "WARN", "component": "o.e.t.ThreadPool", "cluster.name": "tpotcluster", "node.name": "tpotcluster-node-01", "message": "timer thread slept for [9.3s/9387583065ns] on relative clock which is above the warn threshold of [5000ms]", "cluster.uuid": "Qbw2pof0QzSXC1OvK0aFSw", "node.id": "t9hfPgy_RyC9LOJUxQUrSQ"  }
{"type": "server", "timestamp": "2022-03-30T03:39:01,615Z", "level": "WARN", "component": "o.e.c.InternalClusterInfoService", "cluster.name": "tpotcluster", "node.name": "tpotcluster-node-01", "message": "failed to retrieve shard stats from node [t9hfPgy_RyC9LOJUxQUrSQ]: [tpotcluster-node-01][127.0.0.1:9300][indices:monitor/stats[n]] request_id [1151] timed out after [166392ms]", "cluster.uuid": "Qbw2pof0QzSXC1OvK0aFSw", "node.id": "t9hfPgy_RyC9LOJUxQUrSQ"  }
{"type": "server", "timestamp": "2022-03-30T03:39:03,648Z", "level": "WARN", "component": "o.e.t.TransportService", "cluster.name": "tpotcluster", "node.name": "tpotcluster-node-01", "message": "Received response for a request that has timed out, sent [5.5m/333996ms] ago, timed out [2.7m/167604ms] ago, action [indices:monitor/stats[n]], node [{tpotcluster-node-01}{t9hfPgy_RyC9LOJUxQUrSQ}{yo_4jrqwTgysCiW97Om-NQ}{127.0.0.1}{127.0.0.1:9300}{cdfhimrstw}{xpack.installed=true, transform.node=true}], id [1151]", "cluster.uuid": "Qbw2pof0QzSXC1OvK0aFSw", "node.id": "t9hfPgy_RyC9LOJUxQUrSQ"  }
{"type": "server", "timestamp": "2022-03-30T03:39:04,104Z", "level": "WARN", "component": "o.e.t.ThreadPool", "cluster.name": "tpotcluster", "node.name": "tpotcluster-node-01", "message": "timer thread slept for [5.9s/5975ms] on absolute clock which is above the warn threshold of [5000ms]", "cluster.uuid": "Qbw2pof0QzSXC1OvK0aFSw", "node.id": "t9hfPgy_RyC9LOJUxQUrSQ"  }
{"type": "server", "timestamp": "2022-03-30T03:39:04,168Z", "level": "WARN", "component": "o.e.t.ThreadPool", "cluster.name": "tpotcluster", "node.name": "tpotcluster-node-01", "message": "timer thread slept for [5.9s/5974878209ns] on relative clock which is above the warn threshold of [5000ms]", "cluster.uuid": "Qbw2pof0QzSXC1OvK0aFSw", "node.id": "t9hfPgy_RyC9LOJUxQUrSQ"  }
{"type": "server", "timestamp": "2022-03-30T03:39:13,566Z", "level": "WARN", "component": "o.e.t.ThreadPool", "cluster.name": "tpotcluster", "node.name": "tpotcluster-node-01", "message": "execution of [ReschedulingRunnable{runnable=org.elasticsearch.monitor.jvm.JvmGcMonitorService$1@28332a48, interval=1s}] took [6617ms] which is above the warn threshold of [5000ms]", "cluster.uuid": "Qbw2pof0QzSXC1OvK0aFSw", "node.id": "t9hfPgy_RyC9LOJUxQUrSQ"  }
{"type": "server", "timestamp": "2022-03-30T03:39:34,204Z", "level": "WARN", "component": "o.e.t.ThreadPool", "cluster.name": "tpotcluster", "node.name": "tpotcluster-node-01", "message": "execution of [ReschedulingRunnable{runnable=org.elasticsearch.monitor.jvm.JvmGcMonitorService$1@28332a48, interval=1s}] took [11699ms] which is above the warn threshold of [5000ms]", "cluster.uuid": "Qbw2pof0QzSXC1OvK0aFSw", "node.id": "t9hfPgy_RyC9LOJUxQUrSQ"  }
{"type": "server", "timestamp": "2022-03-30T03:39:30,514Z", "level": "WARN", "component": "o.e.m.f.FsHealthService", "cluster.name": "tpotcluster", "node.name": "tpotcluster-node-01", "message": "health check of [/data/elk/data/nodes/0] took [10920ms] which is above the warn threshold of [5s]", "cluster.uuid": "Qbw2pof0QzSXC1OvK0aFSw", "node.id": "t9hfPgy_RyC9LOJUxQUrSQ"  }
{"type": "server", "timestamp": "2022-03-30T03:40:01,060Z", "level": "WARN", "component": "o.e.t.ThreadPool", "cluster.name": "tpotcluster", "node.name": "tpotcluster-node-01", "message": "execution of [ReschedulingRunnable{runnable=org.elasticsearch.monitor.jvm.JvmGcMonitorService$1@28332a48, interval=1s}] took [10327ms] which is above the warn threshold of [5000ms]", "cluster.uuid": "Qbw2pof0QzSXC1OvK0aFSw", "node.id": "t9hfPgy_RyC9LOJUxQUrSQ"  }
{"type": "server", "timestamp": "2022-03-30T03:40:27,829Z", "level": "WARN", "component": "o.e.t.ThreadPool", "cluster.name": "tpotcluster", "node.name": "tpotcluster-node-01", "message": "execution of [org.elasticsearch.cluster.InternalClusterInfoService$RefreshScheduler$$Lambda$5095/0x00000008017da000@64cd4510] took [12945ms] which is above the warn threshold of [5000ms]", "cluster.uuid": "Qbw2pof0QzSXC1OvK0aFSw", "node.id": "t9hfPgy_RyC9LOJUxQUrSQ"  }
{"type": "server", "timestamp": "2022-03-30T03:40:48,625Z", "level": "WARN", "component": "o.e.t.ThreadPool", "cluster.name": "tpotcluster", "node.name": "tpotcluster-node-01", "message": "execution of [ReschedulingRunnable{runnable=org.elasticsearch.monitor.jvm.JvmGcMonitorService$1@28332a48, interval=1s}] took [9800ms] which is above the warn threshold of [5000ms]", "cluster.uuid": "Qbw2pof0QzSXC1OvK0aFSw", "node.id": "t9hfPgy_RyC9LOJUxQUrSQ"  }
{"type": "server", "timestamp": "2022-03-30T03:41:17,655Z", "level": "WARN", "component": "o.e.t.ThreadPool", "cluster.name": "tpotcluster", "node.name": "tpotcluster-node-01", "message": "execution of [ReschedulingRunnable{runnable=org.elasticsearch.monitor.jvm.JvmGcMonitorService$1@28332a48, interval=1s}] took [9980ms] which is above the warn threshold of [5000ms]", "cluster.uuid": "Qbw2pof0QzSXC1OvK0aFSw", "node.id": "t9hfPgy_RyC9LOJUxQUrSQ"  }
{"type": "server", "timestamp": "2022-03-30T03:41:15,558Z", "level": "WARN", "component": "o.e.c.InternalClusterInfoService", "cluster.name": "tpotcluster", "node.name": "tpotcluster-node-01", "message": "failed to retrieve shard stats from node [t9hfPgy_RyC9LOJUxQUrSQ]: [tpotcluster-node-01][127.0.0.1:9300][indices:monitor/stats[n]] request_id [1228] timed out after [39772ms]", "cluster.uuid": "Qbw2pof0QzSXC1OvK0aFSw", "node.id": "t9hfPgy_RyC9LOJUxQUrSQ"  }
{"type": "server", "timestamp": "2022-03-30T03:41:33,088Z", "level": "WARN", "component": "o.e.t.ThreadPool", "cluster.name": "tpotcluster", "node.name": "tpotcluster-node-01", "message": "execution of [ReschedulingRunnable{runnable=org.elasticsearch.monitor.jvm.JvmGcMonitorService$1@28332a48, interval=1s}] took [6408ms] which is above the warn threshold of [5000ms]", "cluster.uuid": "Qbw2pof0QzSXC1OvK0aFSw", "node.id": "t9hfPgy_RyC9LOJUxQUrSQ"  }
{"type": "server", "timestamp": "2022-03-30T03:41:42,914Z", "level": "WARN", "component": "o.e.t.TransportService", "cluster.name": "tpotcluster", "node.name": "tpotcluster-node-01", "message": "Received response for a request that has timed out, sent [1.2m/75379ms] ago, timed out [35.6s/35607ms] ago, action [indices:monitor/stats[n]], node [{tpotcluster-node-01}{t9hfPgy_RyC9LOJUxQUrSQ}{yo_4jrqwTgysCiW97Om-NQ}{127.0.0.1}{127.0.0.1:9300}{cdfhimrstw}{xpack.installed=true, transform.node=true}], id [1228]", "cluster.uuid": "Qbw2pof0QzSXC1OvK0aFSw", "node.id": "t9hfPgy_RyC9LOJUxQUrSQ"  }
{"type": "server", "timestamp": "2022-03-30T03:41:57,707Z", "level": "WARN", "component": "o.e.t.ThreadPool", "cluster.name": "tpotcluster", "node.name": "tpotcluster-node-01", "message": "execution of [ReschedulingRunnable{runnable=org.elasticsearch.monitor.jvm.JvmGcMonitorService$1@28332a48, interval=1s}] took [11740ms] which is above the warn threshold of [5000ms]", "cluster.uuid": "Qbw2pof0QzSXC1OvK0aFSw", "node.id": "t9hfPgy_RyC9LOJUxQUrSQ"  }
{"type": "server", "timestamp": "2022-03-30T03:41:51,995Z", "level": "WARN", "component": "o.e.m.f.FsHealthService", "cluster.name": "tpotcluster", "node.name": "tpotcluster-node-01", "message": "health check of [/data/elk/data/nodes/0] took [6352ms] which is above the warn threshold of [5s]", "cluster.uuid": "Qbw2pof0QzSXC1OvK0aFSw", "node.id": "t9hfPgy_RyC9LOJUxQUrSQ"  }
{"type": "server", "timestamp": "2022-03-30T03:42:17,050Z", "level": "WARN", "component": "o.e.t.ThreadPool", "cluster.name": "tpotcluster", "node.name": "tpotcluster-node-01", "message": "execution of [ReschedulingRunnable{runnable=org.elasticsearch.monitor.jvm.JvmGcMonitorService$1@28332a48, interval=1s}] took [7346ms] which is above the warn threshold of [5000ms]", "cluster.uuid": "Qbw2pof0QzSXC1OvK0aFSw", "node.id": "t9hfPgy_RyC9LOJUxQUrSQ"  }
{"type": "server", "timestamp": "2022-03-30T03:42:41,708Z", "level": "WARN", "component": "o.e.t.ThreadPool", "cluster.name": "tpotcluster", "node.name": "tpotcluster-node-01", "message": "execution of [org.elasticsearch.cluster.InternalClusterInfoService$RefreshScheduler$$Lambda$5095/0x00000008017da000@af1a99a] took [17243ms] which is above the warn threshold of [5000ms]", "cluster.uuid": "Qbw2pof0QzSXC1OvK0aFSw", "node.id": "t9hfPgy_RyC9LOJUxQUrSQ"  }
{"type": "server", "timestamp": "2022-03-30T03:43:18,710Z", "level": "WARN", "component": "o.e.t.ThreadPool", "cluster.name": "tpotcluster", "node.name": "tpotcluster-node-01", "message": "execution of [ReschedulingRunnable{runnable=org.elasticsearch.monitor.jvm.JvmGcMonitorService$1@28332a48, interval=1s}] took [9744ms] which is above the warn threshold of [5000ms]", "cluster.uuid": "Qbw2pof0QzSXC1OvK0aFSw", "node.id": "t9hfPgy_RyC9LOJUxQUrSQ"  }
{"type": "server", "timestamp": "2022-03-30T03:44:35,630Z", "level": "WARN", "component": "o.e.t.ThreadPool", "cluster.name": "tpotcluster", "node.name": "tpotcluster-node-01", "message": "execution of [ReschedulingRunnable{runnable=org.elasticsearch.indices.IndexingMemoryController$ShardsIndicesStatusChecker@3fe8e45c, interval=5s}] took [8784ms] which is above the warn threshold of [5000ms]", "cluster.uuid": "Qbw2pof0QzSXC1OvK0aFSw", "node.id": "t9hfPgy_RyC9LOJUxQUrSQ"  }
{"type": "server", "timestamp": "2022-03-30T03:45:12,675Z", "level": "WARN", "component": "o.e.t.ThreadPool", "cluster.name": "tpotcluster", "node.name": "tpotcluster-node-01", "message": "execution of [ReschedulingRunnable{runnable=org.elasticsearch.watcher.ResourceWatcherService$ResourceMonitor@67886eb9, interval=5s}] took [16599ms] which is above the warn threshold of [5000ms]", "cluster.uuid": "Qbw2pof0QzSXC1OvK0aFSw", "node.id": "t9hfPgy_RyC9LOJUxQUrSQ"  }
{"type": "server", "timestamp": "2022-03-30T03:45:51,645Z", "level": "WARN", "component": "o.e.t.ThreadPool", "cluster.name": "tpotcluster", "node.name": "tpotcluster-node-01", "message": "execution of [ReschedulingRunnable{runnable=org.elasticsearch.monitor.jvm.JvmGcMonitorService$1@28332a48, interval=1s}] took [14528ms] which is above the warn threshold of [5000ms]", "cluster.uuid": "Qbw2pof0QzSXC1OvK0aFSw", "node.id": "t9hfPgy_RyC9LOJUxQUrSQ"  }
{"type": "server", "timestamp": "2022-03-30T03:46:12,859Z", "level": "WARN", "component": "o.e.t.TransportService", "cluster.name": "tpotcluster", "node.name": "tpotcluster-node-01", "message": "Received response for a request that has timed out, sent [3.4m/205908ms] ago, timed out [1.6m/101310ms] ago, action [indices:monitor/stats[n]], node [{tpotcluster-node-01}{t9hfPgy_RyC9LOJUxQUrSQ}{yo_4jrqwTgysCiW97Om-NQ}{127.0.0.1}{127.0.0.1:9300}{cdfhimrstw}{xpack.installed=true, transform.node=true}], id [1286]", "cluster.uuid": "Qbw2pof0QzSXC1OvK0aFSw", "node.id": "t9hfPgy_RyC9LOJUxQUrSQ"  }
{"type": "server", "timestamp": "2022-03-30T03:46:01,303Z", "level": "WARN", "component": "o.e.c.InternalClusterInfoService", "cluster.name": "tpotcluster", "node.name": "tpotcluster-node-01", "message": "failed to retrieve shard stats from node [t9hfPgy_RyC9LOJUxQUrSQ]: [tpotcluster-node-01][127.0.0.1:9300][indices:monitor/stats[n]] request_id [1286] timed out after [104598ms]", "cluster.uuid": "Qbw2pof0QzSXC1OvK0aFSw", "node.id": "t9hfPgy_RyC9LOJUxQUrSQ"  }
{"type": "server", "timestamp": "2022-03-30T03:47:12,232Z", "level": "WARN", "component": "o.e.t.ThreadPool", "cluster.name": "tpotcluster", "node.name": "tpotcluster-node-01", "message": "execution of [ReschedulingRunnable{runnable=org.elasticsearch.indices.IndexingMemoryController$ShardsIndicesStatusChecker@3fe8e45c, interval=5s}] took [5508ms] which is above the warn threshold of [5000ms]", "cluster.uuid": "Qbw2pof0QzSXC1OvK0aFSw", "node.id": "t9hfPgy_RyC9LOJUxQUrSQ"  }
{"type": "server", "timestamp": "2022-03-30T03:48:11,744Z", "level": "WARN", "component": "o.e.t.ThreadPool", "cluster.name": "tpotcluster", "node.name": "tpotcluster-node-01", "message": "execution of [ReschedulingRunnable{runnable=org.elasticsearch.watcher.ResourceWatcherService$ResourceMonitor@67886eb9, interval=5s}] took [23640ms] which is above the warn threshold of [5000ms]", "cluster.uuid": "Qbw2pof0QzSXC1OvK0aFSw", "node.id": "t9hfPgy_RyC9LOJUxQUrSQ"  }
{"type": "server", "timestamp": "2022-03-30T03:47:44,522Z", "level": "WARN", "component": "o.e.m.f.FsHealthService", "cluster.name": "tpotcluster", "node.name": "tpotcluster-node-01", "message": "health check of [/data/elk/data/nodes/0] took [30238ms] which is above the warn threshold of [5s]", "cluster.uuid": "Qbw2pof0QzSXC1OvK0aFSw", "node.id": "t9hfPgy_RyC9LOJUxQUrSQ"  }
{"type": "server", "timestamp": "2022-03-30T03:50:56,320Z", "level": "WARN", "component": "o.e.t.ThreadPool", "cluster.name": "tpotcluster", "node.name": "tpotcluster-node-01", "message": "execution of [ReschedulingRunnable{runnable=org.elasticsearch.monitor.jvm.JvmGcMonitorService$1@28332a48, interval=1s}] took [51133ms] which is above the warn threshold of [5000ms]", "cluster.uuid": "Qbw2pof0QzSXC1OvK0aFSw", "node.id": "t9hfPgy_RyC9LOJUxQUrSQ"  }
{"type": "server", "timestamp": "2022-03-30T03:52:27,956Z", "level": "INFO", "component": "o.e.n.Node", "cluster.name": "tpotcluster", "node.name": "tpotcluster-node-01", "message": "version[7.17.0], pid[1], build[default/tar/bee86328705acaa9a6daede7140defd4d9ec56bd/2022-01-28T08:36:04.875279988Z], OS[Linux/4.19.0-20-cloud-amd64/amd64], JVM[Alpine/OpenJDK 64-Bit Server VM/16.0.2/16.0.2+7-alpine-r1]" }
{"type": "server", "timestamp": "2022-03-30T03:52:27,995Z", "level": "INFO", "component": "o.e.n.Node", "cluster.name": "tpotcluster", "node.name": "tpotcluster-node-01", "message": "JVM home [/usr/lib/jvm/java-16-openjdk], using bundled JDK [false]" }
{"type": "server", "timestamp": "2022-03-30T03:52:27,996Z", "level": "INFO", "component": "o.e.n.Node", "cluster.name": "tpotcluster", "node.name": "tpotcluster-node-01", "message": "JVM arguments [-Xshare:auto, -Des.networkaddress.cache.ttl=60, -Des.networkaddress.cache.negative.ttl=10, -XX:+AlwaysPreTouch, -Xss1m, -Djava.awt.headless=true, -Dfile.encoding=UTF-8, -Djna.nosys=true, -XX:-OmitStackTraceInFastThrow, -XX:+ShowCodeDetailsInExceptionMessages, -Dio.netty.noUnsafe=true, -Dio.netty.noKeySetOptimization=true, -Dio.netty.recycler.maxCapacityPerThread=0, -Dio.netty.allocator.numDirectArenas=0, -Dlog4j.shutdownHookEnabled=false, -Dlog4j2.disable.jmx=true, -Dlog4j2.formatMsgNoLookups=true, -Djava.locale.providers=SPI,COMPAT, --add-opens=java.base/java.io=ALL-UNNAMED, -XX:+UseG1GC, -Djava.io.tmpdir=/tmp, -XX:+HeapDumpOnOutOfMemoryError, -XX:+ExitOnOutOfMemoryError, -XX:HeapDumpPath=data, -XX:ErrorFile=logs/hs_err_pid%p.log, -Xlog:gc*,gc+age=trace,safepoint:file=logs/gc.log:utctime,pid,tags:filecount=32,filesize=64m, -Xms2048m, -Xmx2048m, -XX:MaxDirectMemorySize=1073741824, -XX:G1HeapRegionSize=4m, -XX:InitiatingHeapOccupancyPercent=30, -XX:G1ReservePercent=15, -Des.path.home=/usr/share/elasticsearch, -Des.path.conf=/usr/share/elasticsearch/config, -Des.distribution.flavor=default, -Des.distribution.type=tar, -Des.bundled_jdk=true]" }
{"type": "server", "timestamp": "2022-03-30T03:52:33,630Z", "level": "INFO", "component": "o.e.p.PluginsService", "cluster.name": "tpotcluster", "node.name": "tpotcluster-node-01", "message": "loaded module [aggs-matrix-stats]" }
{"type": "server", "timestamp": "2022-03-30T03:52:33,632Z", "level": "INFO", "component": "o.e.p.PluginsService", "cluster.name": "tpotcluster", "node.name": "tpotcluster-node-01", "message": "loaded module [analysis-common]" }
{"type": "server", "timestamp": "2022-03-30T03:52:33,633Z", "level": "INFO", "component": "o.e.p.PluginsService", "cluster.name": "tpotcluster", "node.name": "tpotcluster-node-01", "message": "loaded module [constant-keyword]" }
{"type": "server", "timestamp": "2022-03-30T03:52:33,634Z", "level": "INFO", "component": "o.e.p.PluginsService", "cluster.name": "tpotcluster", "node.name": "tpotcluster-node-01", "message": "loaded module [frozen-indices]" }
{"type": "server", "timestamp": "2022-03-30T03:52:33,635Z", "level": "INFO", "component": "o.e.p.PluginsService", "cluster.name": "tpotcluster", "node.name": "tpotcluster-node-01", "message": "loaded module [ingest-common]" }
{"type": "server", "timestamp": "2022-03-30T03:52:33,637Z", "level": "INFO", "component": "o.e.p.PluginsService", "cluster.name": "tpotcluster", "node.name": "tpotcluster-node-01", "message": "loaded module [ingest-geoip]" }
{"type": "server", "timestamp": "2022-03-30T03:52:33,640Z", "level": "INFO", "component": "o.e.p.PluginsService", "cluster.name": "tpotcluster", "node.name": "tpotcluster-node-01", "message": "loaded module [ingest-user-agent]" }
{"type": "server", "timestamp": "2022-03-30T03:52:33,641Z", "level": "INFO", "component": "o.e.p.PluginsService", "cluster.name": "tpotcluster", "node.name": "tpotcluster-node-01", "message": "loaded module [kibana]" }
{"type": "server", "timestamp": "2022-03-30T03:52:33,643Z", "level": "INFO", "component": "o.e.p.PluginsService", "cluster.name": "tpotcluster", "node.name": "tpotcluster-node-01", "message": "loaded module [lang-expression]" }
{"type": "server", "timestamp": "2022-03-30T03:52:33,644Z", "level": "INFO", "component": "o.e.p.PluginsService", "cluster.name": "tpotcluster", "node.name": "tpotcluster-node-01", "message": "loaded module [lang-mustache]" }
{"type": "server", "timestamp": "2022-03-30T03:52:33,644Z", "level": "INFO", "component": "o.e.p.PluginsService", "cluster.name": "tpotcluster", "node.name": "tpotcluster-node-01", "message": "loaded module [lang-painless]" }
{"type": "server", "timestamp": "2022-03-30T03:52:33,645Z", "level": "INFO", "component": "o.e.p.PluginsService", "cluster.name": "tpotcluster", "node.name": "tpotcluster-node-01", "message": "loaded module [legacy-geo]" }
{"type": "server", "timestamp": "2022-03-30T03:52:33,646Z", "level": "INFO", "component": "o.e.p.PluginsService", "cluster.name": "tpotcluster", "node.name": "tpotcluster-node-01", "message": "loaded module [mapper-extras]" }
{"type": "server", "timestamp": "2022-03-30T03:52:33,647Z", "level": "INFO", "component": "o.e.p.PluginsService", "cluster.name": "tpotcluster", "node.name": "tpotcluster-node-01", "message": "loaded module [mapper-version]" }
{"type": "server", "timestamp": "2022-03-30T03:52:33,648Z", "level": "INFO", "component": "o.e.p.PluginsService", "cluster.name": "tpotcluster", "node.name": "tpotcluster-node-01", "message": "loaded module [parent-join]" }
{"type": "server", "timestamp": "2022-03-30T03:52:33,648Z", "level": "INFO", "component": "o.e.p.PluginsService", "cluster.name": "tpotcluster", "node.name": "tpotcluster-node-01", "message": "loaded module [percolator]" }
{"type": "server", "timestamp": "2022-03-30T03:52:33,649Z", "level": "INFO", "component": "o.e.p.PluginsService", "cluster.name": "tpotcluster", "node.name": "tpotcluster-node-01", "message": "loaded module [rank-eval]" }
{"type": "server", "timestamp": "2022-03-30T03:52:33,649Z", "level": "INFO", "component": "o.e.p.PluginsService", "cluster.name": "tpotcluster", "node.name": "tpotcluster-node-01", "message": "loaded module [reindex]" }
{"type": "server", "timestamp": "2022-03-30T03:52:33,650Z", "level": "INFO", "component": "o.e.p.PluginsService", "cluster.name": "tpotcluster", "node.name": "tpotcluster-node-01", "message": "loaded module [repositories-metering-api]" }
{"type": "server", "timestamp": "2022-03-30T03:52:33,651Z", "level": "INFO", "component": "o.e.p.PluginsService", "cluster.name": "tpotcluster", "node.name": "tpotcluster-node-01", "message": "loaded module [repository-encrypted]" }
{"type": "server", "timestamp": "2022-03-30T03:52:33,651Z", "level": "INFO", "component": "o.e.p.PluginsService", "cluster.name": "tpotcluster", "node.name": "tpotcluster-node-01", "message": "loaded module [repository-url]" }
{"type": "server", "timestamp": "2022-03-30T03:52:33,652Z", "level": "INFO", "component": "o.e.p.PluginsService", "cluster.name": "tpotcluster", "node.name": "tpotcluster-node-01", "message": "loaded module [runtime-fields-common]" }
{"type": "server", "timestamp": "2022-03-30T03:52:33,653Z", "level": "INFO", "component": "o.e.p.PluginsService", "cluster.name": "tpotcluster", "node.name": "tpotcluster-node-01", "message": "loaded module [search-business-rules]" }
{"type": "server", "timestamp": "2022-03-30T03:52:33,653Z", "level": "INFO", "component": "o.e.p.PluginsService", "cluster.name": "tpotcluster", "node.name": "tpotcluster-node-01", "message": "loaded module [searchable-snapshots]" }
{"type": "server", "timestamp": "2022-03-30T03:52:33,654Z", "level": "INFO", "component": "o.e.p.PluginsService", "cluster.name": "tpotcluster", "node.name": "tpotcluster-node-01", "message": "loaded module [snapshot-repo-test-kit]" }
{"type": "server", "timestamp": "2022-03-30T03:52:33,655Z", "level": "INFO", "component": "o.e.p.PluginsService", "cluster.name": "tpotcluster", "node.name": "tpotcluster-node-01", "message": "loaded module [spatial]" }
{"type": "server", "timestamp": "2022-03-30T03:52:33,655Z", "level": "INFO", "component": "o.e.p.PluginsService", "cluster.name": "tpotcluster", "node.name": "tpotcluster-node-01", "message": "loaded module [transform]" }
{"type": "server", "timestamp": "2022-03-30T03:52:33,656Z", "level": "INFO", "component": "o.e.p.PluginsService", "cluster.name": "tpotcluster", "node.name": "tpotcluster-node-01", "message": "loaded module [transport-netty4]" }
{"type": "server", "timestamp": "2022-03-30T03:52:33,657Z", "level": "INFO", "component": "o.e.p.PluginsService", "cluster.name": "tpotcluster", "node.name": "tpotcluster-node-01", "message": "loaded module [unsigned-long]" }
{"type": "server", "timestamp": "2022-03-30T03:52:33,657Z", "level": "INFO", "component": "o.e.p.PluginsService", "cluster.name": "tpotcluster", "node.name": "tpotcluster-node-01", "message": "loaded module [vector-tile]" }
{"type": "server", "timestamp": "2022-03-30T03:52:33,658Z", "level": "INFO", "component": "o.e.p.PluginsService", "cluster.name": "tpotcluster", "node.name": "tpotcluster-node-01", "message": "loaded module [vectors]" }
{"type": "server", "timestamp": "2022-03-30T03:52:33,659Z", "level": "INFO", "component": "o.e.p.PluginsService", "cluster.name": "tpotcluster", "node.name": "tpotcluster-node-01", "message": "loaded module [wildcard]" }
{"type": "server", "timestamp": "2022-03-30T03:52:33,659Z", "level": "INFO", "component": "o.e.p.PluginsService", "cluster.name": "tpotcluster", "node.name": "tpotcluster-node-01", "message": "loaded module [x-pack-aggregate-metric]" }
{"type": "server", "timestamp": "2022-03-30T03:52:33,660Z", "level": "INFO", "component": "o.e.p.PluginsService", "cluster.name": "tpotcluster", "node.name": "tpotcluster-node-01", "message": "loaded module [x-pack-analytics]" }
{"type": "server", "timestamp": "2022-03-30T03:52:33,661Z", "level": "INFO", "component": "o.e.p.PluginsService", "cluster.name": "tpotcluster", "node.name": "tpotcluster-node-01", "message": "loaded module [x-pack-async]" }
{"type": "server", "timestamp": "2022-03-30T03:52:33,661Z", "level": "INFO", "component": "o.e.p.PluginsService", "cluster.name": "tpotcluster", "node.name": "tpotcluster-node-01", "message": "loaded module [x-pack-async-search]" }
{"type": "server", "timestamp": "2022-03-30T03:52:33,662Z", "level": "INFO", "component": "o.e.p.PluginsService", "cluster.name": "tpotcluster", "node.name": "tpotcluster-node-01", "message": "loaded module [x-pack-autoscaling]" }
{"type": "server", "timestamp": "2022-03-30T03:52:33,663Z", "level": "INFO", "component": "o.e.p.PluginsService", "cluster.name": "tpotcluster", "node.name": "tpotcluster-node-01", "message": "loaded module [x-pack-ccr]" }
{"type": "server", "timestamp": "2022-03-30T03:52:33,663Z", "level": "INFO", "component": "o.e.p.PluginsService", "cluster.name": "tpotcluster", "node.name": "tpotcluster-node-01", "message": "loaded module [x-pack-core]" }
{"type": "server", "timestamp": "2022-03-30T03:52:33,664Z", "level": "INFO", "component": "o.e.p.PluginsService", "cluster.name": "tpotcluster", "node.name": "tpotcluster-node-01", "message": "loaded module [x-pack-data-streams]" }
{"type": "server", "timestamp": "2022-03-30T03:52:33,665Z", "level": "INFO", "component": "o.e.p.PluginsService", "cluster.name": "tpotcluster", "node.name": "tpotcluster-node-01", "message": "loaded module [x-pack-deprecation]" }
{"type": "server", "timestamp": "2022-03-30T03:52:33,665Z", "level": "INFO", "component": "o.e.p.PluginsService", "cluster.name": "tpotcluster", "node.name": "tpotcluster-node-01", "message": "loaded module [x-pack-enrich]" }
{"type": "server", "timestamp": "2022-03-30T03:52:33,666Z", "level": "INFO", "component": "o.e.p.PluginsService", "cluster.name": "tpotcluster", "node.name": "tpotcluster-node-01", "message": "loaded module [x-pack-eql]" }
{"type": "server", "timestamp": "2022-03-30T03:52:33,666Z", "level": "INFO", "component": "o.e.p.PluginsService", "cluster.name": "tpotcluster", "node.name": "tpotcluster-node-01", "message": "loaded module [x-pack-fleet]" }
{"type": "server", "timestamp": "2022-03-30T03:52:33,667Z", "level": "INFO", "component": "o.e.p.PluginsService", "cluster.name": "tpotcluster", "node.name": "tpotcluster-node-01", "message": "loaded module [x-pack-graph]" }
{"type": "server", "timestamp": "2022-03-30T03:52:33,668Z", "level": "INFO", "component": "o.e.p.PluginsService", "cluster.name": "tpotcluster", "node.name": "tpotcluster-node-01", "message": "loaded module [x-pack-identity-provider]" }
{"type": "server", "timestamp": "2022-03-30T03:52:33,668Z", "level": "INFO", "component": "o.e.p.PluginsService", "cluster.name": "tpotcluster", "node.name": "tpotcluster-node-01", "message": "loaded module [x-pack-ilm]" }
{"type": "server", "timestamp": "2022-03-30T03:52:33,669Z", "level": "INFO", "component": "o.e.p.PluginsService", "cluster.name": "tpotcluster", "node.name": "tpotcluster-node-01", "message": "loaded module [x-pack-logstash]" }
{"type": "server", "timestamp": "2022-03-30T03:52:33,670Z", "level": "INFO", "component": "o.e.p.PluginsService", "cluster.name": "tpotcluster", "node.name": "tpotcluster-node-01", "message": "loaded module [x-pack-monitoring]" }
{"type": "server", "timestamp": "2022-03-30T03:52:33,670Z", "level": "INFO", "component": "o.e.p.PluginsService", "cluster.name": "tpotcluster", "node.name": "tpotcluster-node-01", "message": "loaded module [x-pack-ql]" }
{"type": "server", "timestamp": "2022-03-30T03:52:33,671Z", "level": "INFO", "component": "o.e.p.PluginsService", "cluster.name": "tpotcluster", "node.name": "tpotcluster-node-01", "message": "loaded module [x-pack-rollup]" }
{"type": "server", "timestamp": "2022-03-30T03:52:33,672Z", "level": "INFO", "component": "o.e.p.PluginsService", "cluster.name": "tpotcluster", "node.name": "tpotcluster-node-01", "message": "loaded module [x-pack-security]" }
{"type": "server", "timestamp": "2022-03-30T03:52:33,672Z", "level": "INFO", "component": "o.e.p.PluginsService", "cluster.name": "tpotcluster", "node.name": "tpotcluster-node-01", "message": "loaded module [x-pack-shutdown]" }
{"type": "server", "timestamp": "2022-03-30T03:52:33,673Z", "level": "INFO", "component": "o.e.p.PluginsService", "cluster.name": "tpotcluster", "node.name": "tpotcluster-node-01", "message": "loaded module [x-pack-sql]" }
{"type": "server", "timestamp": "2022-03-30T03:52:33,674Z", "level": "INFO", "component": "o.e.p.PluginsService", "cluster.name": "tpotcluster", "node.name": "tpotcluster-node-01", "message": "loaded module [x-pack-stack]" }
{"type": "server", "timestamp": "2022-03-30T03:52:33,674Z", "level": "INFO", "component": "o.e.p.PluginsService", "cluster.name": "tpotcluster", "node.name": "tpotcluster-node-01", "message": "loaded module [x-pack-text-structure]" }
{"type": "server", "timestamp": "2022-03-30T03:52:33,675Z", "level": "INFO", "component": "o.e.p.PluginsService", "cluster.name": "tpotcluster", "node.name": "tpotcluster-node-01", "message": "loaded module [x-pack-voting-only-node]" }
{"type": "server", "timestamp": "2022-03-30T03:52:33,675Z", "level": "INFO", "component": "o.e.p.PluginsService", "cluster.name": "tpotcluster", "node.name": "tpotcluster-node-01", "message": "loaded module [x-pack-watcher]" }
{"type": "server", "timestamp": "2022-03-30T03:52:33,677Z", "level": "INFO", "component": "o.e.p.PluginsService", "cluster.name": "tpotcluster", "node.name": "tpotcluster-node-01", "message": "no plugins loaded" }
{"type": "server", "timestamp": "2022-03-30T03:52:33,781Z", "level": "INFO", "component": "o.e.e.NodeEnvironment", "cluster.name": "tpotcluster", "node.name": "tpotcluster-node-01", "message": "using [1] data paths, mounts [[/data (/dev/sda1)]], net usable_space [103.3gb], net total_space [125.8gb], types [ext4]" }
{"type": "server", "timestamp": "2022-03-30T03:52:33,783Z", "level": "INFO", "component": "o.e.e.NodeEnvironment", "cluster.name": "tpotcluster", "node.name": "tpotcluster-node-01", "message": "heap size [2gb], compressed ordinary object pointers [true]" }
{"type": "server", "timestamp": "2022-03-30T03:52:34,131Z", "level": "INFO", "component": "o.e.n.Node", "cluster.name": "tpotcluster", "node.name": "tpotcluster-node-01", "message": "node name [tpotcluster-node-01], node ID [t9hfPgy_RyC9LOJUxQUrSQ], cluster name [tpotcluster], roles [transform, data_frozen, master, remote_cluster_client, data, data_content, data_hot, data_warm, data_cold, ingest]" }
{"type": "server", "timestamp": "2022-03-30T03:52:47,738Z", "level": "INFO", "component": "o.e.i.g.ConfigDatabases", "cluster.name": "tpotcluster", "node.name": "tpotcluster-node-01", "message": "initialized default databases [[GeoLite2-Country.mmdb, GeoLite2-City.mmdb, GeoLite2-ASN.mmdb]], config databases [[]] and watching [/usr/share/elasticsearch/config/ingest-geoip] for changes" }
{"type": "server", "timestamp": "2022-03-30T03:52:47,747Z", "level": "INFO", "component": "o.e.i.g.DatabaseNodeService", "cluster.name": "tpotcluster", "node.name": "tpotcluster-node-01", "message": "deleting stale file [/tmp/geoip-databases/t9hfPgy_RyC9LOJUxQUrSQ/GeoLite2-City.mmdb_LICENSE.txt]" }
{"type": "server", "timestamp": "2022-03-30T03:52:47,748Z", "level": "INFO", "component": "o.e.i.g.DatabaseNodeService", "cluster.name": "tpotcluster", "node.name": "tpotcluster-node-01", "message": "deleting stale file [/tmp/geoip-databases/t9hfPgy_RyC9LOJUxQUrSQ/GeoLite2-City.mmdb]" }
{"type": "server", "timestamp": "2022-03-30T03:52:47,752Z", "level": "INFO", "component": "o.e.i.g.DatabaseNodeService", "cluster.name": "tpotcluster", "node.name": "tpotcluster-node-01", "message": "deleting stale file [/tmp/geoip-databases/t9hfPgy_RyC9LOJUxQUrSQ/GeoLite2-Country.mmdb_LICENSE.txt]" }
{"type": "server", "timestamp": "2022-03-30T03:52:47,752Z", "level": "INFO", "component": "o.e.i.g.DatabaseNodeService", "cluster.name": "tpotcluster", "node.name": "tpotcluster-node-01", "message": "deleting stale file [/tmp/geoip-databases/t9hfPgy_RyC9LOJUxQUrSQ/GeoLite2-Country.mmdb_elastic-geoip-database-service-agreement-LICENSE.txt]" }
{"type": "server", "timestamp": "2022-03-30T03:52:47,754Z", "level": "INFO", "component": "o.e.i.g.DatabaseNodeService", "cluster.name": "tpotcluster", "node.name": "tpotcluster-node-01", "message": "deleting stale file [/tmp/geoip-databases/t9hfPgy_RyC9LOJUxQUrSQ/GeoLite2-ASN.mmdb_COPYRIGHT.txt]" }
{"type": "server", "timestamp": "2022-03-30T03:52:47,756Z", "level": "INFO", "component": "o.e.i.g.DatabaseNodeService", "cluster.name": "tpotcluster", "node.name": "tpotcluster-node-01", "message": "deleting stale file [/tmp/geoip-databases/t9hfPgy_RyC9LOJUxQUrSQ/GeoLite2-City.mmdb_COPYRIGHT.txt]" }
{"type": "server", "timestamp": "2022-03-30T03:52:47,757Z", "level": "INFO", "component": "o.e.i.g.DatabaseNodeService", "cluster.name": "tpotcluster", "node.name": "tpotcluster-node-01", "message": "deleting stale file [/tmp/geoip-databases/t9hfPgy_RyC9LOJUxQUrSQ/GeoLite2-ASN.mmdb_elastic-geoip-database-service-agreement-LICENSE.txt]" }
{"type": "server", "timestamp": "2022-03-30T03:52:47,759Z", "level": "INFO", "component": "o.e.i.g.DatabaseNodeService", "cluster.name": "tpotcluster", "node.name": "tpotcluster-node-01", "message": "deleting stale file [/tmp/geoip-databases/t9hfPgy_RyC9LOJUxQUrSQ/GeoLite2-City.mmdb_README.txt]" }
{"type": "server", "timestamp": "2022-03-30T03:52:47,768Z", "level": "INFO", "component": "o.e.i.g.DatabaseNodeService", "cluster.name": "tpotcluster", "node.name": "tpotcluster-node-01", "message": "deleting stale file [/tmp/geoip-databases/t9hfPgy_RyC9LOJUxQUrSQ/GeoLite2-Country.mmdb_COPYRIGHT.txt]" }
{"type": "server", "timestamp": "2022-03-30T03:52:47,770Z", "level": "INFO", "component": "o.e.i.g.DatabaseNodeService", "cluster.name": "tpotcluster", "node.name": "tpotcluster-node-01", "message": "deleting stale file [/tmp/geoip-databases/t9hfPgy_RyC9LOJUxQUrSQ/GeoLite2-ASN.mmdb_LICENSE.txt]" }
{"type": "server", "timestamp": "2022-03-30T03:52:47,771Z", "level": "INFO", "component": "o.e.i.g.DatabaseNodeService", "cluster.name": "tpotcluster", "node.name": "tpotcluster-node-01", "message": "deleting stale file [/tmp/geoip-databases/t9hfPgy_RyC9LOJUxQUrSQ/GeoLite2-Country.mmdb]" }
{"type": "server", "timestamp": "2022-03-30T03:52:47,772Z", "level": "INFO", "component": "o.e.i.g.DatabaseNodeService", "cluster.name": "tpotcluster", "node.name": "tpotcluster-node-01", "message": "deleting stale file [/tmp/geoip-databases/t9hfPgy_RyC9LOJUxQUrSQ/GeoLite2-ASN.mmdb]" }
{"type": "server", "timestamp": "2022-03-30T03:52:47,776Z", "level": "INFO", "component": "o.e.i.g.DatabaseNodeService", "cluster.name": "tpotcluster", "node.name": "tpotcluster-node-01", "message": "deleting stale file [/tmp/geoip-databases/t9hfPgy_RyC9LOJUxQUrSQ/GeoLite2-City.mmdb_elastic-geoip-database-service-agreement-LICENSE.txt]" }
{"type": "server", "timestamp": "2022-03-30T03:52:47,777Z", "level": "INFO", "component": "o.e.i.g.DatabaseNodeService", "cluster.name": "tpotcluster", "node.name": "tpotcluster-node-01", "message": "initialized database registry, using geoip-databases directory [/tmp/geoip-databases/t9hfPgy_RyC9LOJUxQUrSQ]" }
{"type": "server", "timestamp": "2022-03-30T03:52:49,485Z", "level": "INFO", "component": "o.e.t.NettyAllocator", "cluster.name": "tpotcluster", "node.name": "tpotcluster-node-01", "message": "creating NettyAllocator with the following configs: [name=elasticsearch_configured, chunk_size=1mb, suggested_max_allocation_size=1mb, factors={es.unsafe.use_netty_default_chunk_and_page_size=false, g1gc_enabled=true, g1gc_region_size=4mb}]" }
{"type": "server", "timestamp": "2022-03-30T03:52:49,707Z", "level": "INFO", "component": "o.e.d.DiscoveryModule", "cluster.name": "tpotcluster", "node.name": "tpotcluster-node-01", "message": "using discovery type [single-node] and seed hosts providers [settings]" }
{"type": "server", "timestamp": "2022-03-30T03:52:50,789Z", "level": "INFO", "component": "o.e.g.DanglingIndicesState", "cluster.name": "tpotcluster", "node.name": "tpotcluster-node-01", "message": "gateway.auto_import_dangling_indices is disabled, dangling indices will not be automatically detected or imported and must be managed manually" }
{"type": "server", "timestamp": "2022-03-30T03:52:51,760Z", "level": "INFO", "component": "o.e.n.Node", "cluster.name": "tpotcluster", "node.name": "tpotcluster-node-01", "message": "initialized" }
{"type": "server", "timestamp": "2022-03-30T03:52:51,763Z", "level": "INFO", "component": "o.e.n.Node", "cluster.name": "tpotcluster", "node.name": "tpotcluster-node-01", "message": "starting ..." }
{"type": "server", "timestamp": "2022-03-30T03:52:51,870Z", "level": "INFO", "component": "o.e.x.s.c.f.PersistentCache", "cluster.name": "tpotcluster", "node.name": "tpotcluster-node-01", "message": "persistent cache index loaded" }
{"type": "server", "timestamp": "2022-03-30T03:52:51,880Z", "level": "INFO", "component": "o.e.x.d.l.DeprecationIndexingComponent", "cluster.name": "tpotcluster", "node.name": "tpotcluster-node-01", "message": "deprecation component started" }
{"type": "server", "timestamp": "2022-03-30T03:52:52,157Z", "level": "INFO", "component": "o.e.t.TransportService", "cluster.name": "tpotcluster", "node.name": "tpotcluster-node-01", "message": "publish_address {127.0.0.1:9300}, bound_addresses {127.0.0.1:9300}" }
{"type": "server", "timestamp": "2022-03-30T03:52:54,717Z", "level": "INFO", "component": "o.e.c.c.Coordinator", "cluster.name": "tpotcluster", "node.name": "tpotcluster-node-01", "message": "cluster UUID [Qbw2pof0QzSXC1OvK0aFSw]" }
{"type": "server", "timestamp": "2022-03-30T03:52:54,916Z", "level": "INFO", "component": "o.e.c.s.MasterService", "cluster.name": "tpotcluster", "node.name": "tpotcluster-node-01", "message": "elected-as-master ([1] nodes joined)[{tpotcluster-node-01}{t9hfPgy_RyC9LOJUxQUrSQ}{yzh1XZvgRX2wEQro6KG2YQ}{127.0.0.1}{127.0.0.1:9300}{cdfhimrstw} elect leader, _BECOME_MASTER_TASK_, _FINISH_ELECTION_], term: 157, version: 4525, delta: master node changed {previous [], current [{tpotcluster-node-01}{t9hfPgy_RyC9LOJUxQUrSQ}{yzh1XZvgRX2wEQro6KG2YQ}{127.0.0.1}{127.0.0.1:9300}{cdfhimrstw}]}" }
{"type": "server", "timestamp": "2022-03-30T03:52:55,145Z", "level": "INFO", "component": "o.e.c.s.ClusterApplierService", "cluster.name": "tpotcluster", "node.name": "tpotcluster-node-01", "message": "master node changed {previous [], current [{tpotcluster-node-01}{t9hfPgy_RyC9LOJUxQUrSQ}{yzh1XZvgRX2wEQro6KG2YQ}{127.0.0.1}{127.0.0.1:9300}{cdfhimrstw}]}, term: 157, version: 4525, reason: Publication{term=157, version=4525}" }
{"type": "server", "timestamp": "2022-03-30T03:52:55,264Z", "level": "INFO", "component": "o.e.h.AbstractHttpServerTransport", "cluster.name": "tpotcluster", "node.name": "tpotcluster-node-01", "message": "publish_address {192.168.48.2:9200}, bound_addresses {0.0.0.0:9200}", "cluster.uuid": "Qbw2pof0QzSXC1OvK0aFSw", "node.id": "t9hfPgy_RyC9LOJUxQUrSQ"  }
{"type": "server", "timestamp": "2022-03-30T03:52:55,265Z", "level": "INFO", "component": "o.e.n.Node", "cluster.name": "tpotcluster", "node.name": "tpotcluster-node-01", "message": "started", "cluster.uuid": "Qbw2pof0QzSXC1OvK0aFSw", "node.id": "t9hfPgy_RyC9LOJUxQUrSQ"  }
{"type": "server", "timestamp": "2022-03-30T03:52:56,822Z", "level": "INFO", "component": "o.e.l.LicenseService", "cluster.name": "tpotcluster", "node.name": "tpotcluster-node-01", "message": "license [06f03395-4097-4495-8e63-b3dc92f4de14] mode [basic] - valid", "cluster.uuid": "Qbw2pof0QzSXC1OvK0aFSw", "node.id": "t9hfPgy_RyC9LOJUxQUrSQ"  }
{"type": "server", "timestamp": "2022-03-30T03:52:56,840Z", "level": "INFO", "component": "o.e.g.GatewayService", "cluster.name": "tpotcluster", "node.name": "tpotcluster-node-01", "message": "recovered [33] indices into cluster_state", "cluster.uuid": "Qbw2pof0QzSXC1OvK0aFSw", "node.id": "t9hfPgy_RyC9LOJUxQUrSQ"  }
{"type": "server", "timestamp": "2022-03-30T03:52:57,930Z", "level": "INFO", "component": "o.e.i.g.GeoIpDownloader", "cluster.name": "tpotcluster", "node.name": "tpotcluster-node-01", "message": "updating geoip databases", "cluster.uuid": "Qbw2pof0QzSXC1OvK0aFSw", "node.id": "t9hfPgy_RyC9LOJUxQUrSQ"  }
{"type": "server", "timestamp": "2022-03-30T03:52:57,933Z", "level": "INFO", "component": "o.e.i.g.GeoIpDownloader", "cluster.name": "tpotcluster", "node.name": "tpotcluster-node-01", "message": "fetching geoip databases overview from [https://geoip.elastic.co/v1/database?elastic_geoip_service_tos=agree]", "cluster.uuid": "Qbw2pof0QzSXC1OvK0aFSw", "node.id": "t9hfPgy_RyC9LOJUxQUrSQ"  }
{"type": "server", "timestamp": "2022-03-30T03:52:59,245Z", "level": "INFO", "component": "o.e.i.g.GeoIpDownloader", "cluster.name": "tpotcluster", "node.name": "tpotcluster-node-01", "message": "geoip database [GeoLite2-ASN.mmdb] is up to date, updated timestamp", "cluster.uuid": "Qbw2pof0QzSXC1OvK0aFSw", "node.id": "t9hfPgy_RyC9LOJUxQUrSQ"  }
{"type": "server", "timestamp": "2022-03-30T03:52:59,808Z", "level": "INFO", "component": "o.e.i.g.GeoIpDownloader", "cluster.name": "tpotcluster", "node.name": "tpotcluster-node-01", "message": "geoip database [GeoLite2-City.mmdb] is up to date, updated timestamp", "cluster.uuid": "Qbw2pof0QzSXC1OvK0aFSw", "node.id": "t9hfPgy_RyC9LOJUxQUrSQ"  }
{"type": "server", "timestamp": "2022-03-30T03:53:00,708Z", "level": "INFO", "component": "o.e.i.g.DatabaseNodeService", "cluster.name": "tpotcluster", "node.name": "tpotcluster-node-01", "message": "downloading geoip database [GeoLite2-Country.mmdb] to [/tmp/geoip-databases/t9hfPgy_RyC9LOJUxQUrSQ/GeoLite2-Country.mmdb.tmp.gz]", "cluster.uuid": "Qbw2pof0QzSXC1OvK0aFSw", "node.id": "t9hfPgy_RyC9LOJUxQUrSQ"  }
{"type": "server", "timestamp": "2022-03-30T03:53:00,727Z", "level": "INFO", "component": "o.e.i.g.DatabaseNodeService", "cluster.name": "tpotcluster", "node.name": "tpotcluster-node-01", "message": "downloading geoip database [GeoLite2-ASN.mmdb] to [/tmp/geoip-databases/t9hfPgy_RyC9LOJUxQUrSQ/GeoLite2-ASN.mmdb.tmp.gz]", "cluster.uuid": "Qbw2pof0QzSXC1OvK0aFSw", "node.id": "t9hfPgy_RyC9LOJUxQUrSQ"  }
{"type": "server", "timestamp": "2022-03-30T03:53:00,745Z", "level": "INFO", "component": "o.e.i.g.DatabaseNodeService", "cluster.name": "tpotcluster", "node.name": "tpotcluster-node-01", "message": "downloading geoip database [GeoLite2-City.mmdb] to [/tmp/geoip-databases/t9hfPgy_RyC9LOJUxQUrSQ/GeoLite2-City.mmdb.tmp.gz]", "cluster.uuid": "Qbw2pof0QzSXC1OvK0aFSw", "node.id": "t9hfPgy_RyC9LOJUxQUrSQ"  }
{"type": "server", "timestamp": "2022-03-30T03:53:01,445Z", "level": "INFO", "component": "o.e.i.g.GeoIpDownloader", "cluster.name": "tpotcluster", "node.name": "tpotcluster-node-01", "message": "geoip database [GeoLite2-Country.mmdb] is up to date, updated timestamp", "cluster.uuid": "Qbw2pof0QzSXC1OvK0aFSw", "node.id": "t9hfPgy_RyC9LOJUxQUrSQ"  }
{"type": "server", "timestamp": "2022-03-30T03:53:02,668Z", "level": "INFO", "component": "o.e.i.g.DatabaseNodeService", "cluster.name": "tpotcluster", "node.name": "tpotcluster-node-01", "message": "successfully reloaded changed geoip database file [/tmp/geoip-databases/t9hfPgy_RyC9LOJUxQUrSQ/GeoLite2-Country.mmdb]", "cluster.uuid": "Qbw2pof0QzSXC1OvK0aFSw", "node.id": "t9hfPgy_RyC9LOJUxQUrSQ"  }
{"type": "server", "timestamp": "2022-03-30T03:53:03,197Z", "level": "INFO", "component": "o.e.i.g.DatabaseNodeService", "cluster.name": "tpotcluster", "node.name": "tpotcluster-node-01", "message": "successfully reloaded changed geoip database file [/tmp/geoip-databases/t9hfPgy_RyC9LOJUxQUrSQ/GeoLite2-ASN.mmdb]", "cluster.uuid": "Qbw2pof0QzSXC1OvK0aFSw", "node.id": "t9hfPgy_RyC9LOJUxQUrSQ"  }
{"type": "server", "timestamp": "2022-03-30T03:53:09,910Z", "level": "INFO", "component": "o.e.m.j.JvmGcMonitorService", "cluster.name": "tpotcluster", "node.name": "tpotcluster-node-01", "message": "[gc][17] overhead, spent [481ms] collecting in the last [1.2s]", "cluster.uuid": "Qbw2pof0QzSXC1OvK0aFSw", "node.id": "t9hfPgy_RyC9LOJUxQUrSQ"  }
{"type": "server", "timestamp": "2022-03-30T03:53:09,981Z", "level": "INFO", "component": "o.e.i.g.DatabaseNodeService", "cluster.name": "tpotcluster", "node.name": "tpotcluster-node-01", "message": "successfully reloaded changed geoip database file [/tmp/geoip-databases/t9hfPgy_RyC9LOJUxQUrSQ/GeoLite2-City.mmdb]", "cluster.uuid": "Qbw2pof0QzSXC1OvK0aFSw", "node.id": "t9hfPgy_RyC9LOJUxQUrSQ"  }
{"type": "server", "timestamp": "2022-03-30T03:53:14,070Z", "level": "INFO", "component": "o.e.m.j.JvmGcMonitorService", "cluster.name": "tpotcluster", "node.name": "tpotcluster-node-01", "message": "[gc][20] overhead, spent [663ms] collecting in the last [1.7s]", "cluster.uuid": "Qbw2pof0QzSXC1OvK0aFSw", "node.id": "t9hfPgy_RyC9LOJUxQUrSQ"  }
{"type": "server", "timestamp": "2022-03-30T03:55:03,495Z", "level": "WARN", "component": "o.e.t.ThreadPool", "cluster.name": "tpotcluster", "node.name": "tpotcluster-node-01", "message": "timer thread slept for [6.8s/6812ms] on absolute clock which is above the warn threshold of [5000ms]", "cluster.uuid": "Qbw2pof0QzSXC1OvK0aFSw", "node.id": "t9hfPgy_RyC9LOJUxQUrSQ"  }
{"type": "server", "timestamp": "2022-03-30T03:55:30,005Z", "level": "WARN", "component": "o.e.t.ThreadPool", "cluster.name": "tpotcluster", "node.name": "tpotcluster-node-01", "message": "timer thread slept for [6.8s/6812093964ns] on relative clock which is above the warn threshold of [5000ms]", "cluster.uuid": "Qbw2pof0QzSXC1OvK0aFSw", "node.id": "t9hfPgy_RyC9LOJUxQUrSQ"  }
{"type": "server", "timestamp": "2022-03-30T03:55:37,465Z", "level": "WARN", "component": "o.e.t.ThreadPool", "cluster.name": "tpotcluster", "node.name": "tpotcluster-node-01", "message": "timer thread slept for [39.1s/39119ms] on absolute clock which is above the warn threshold of [5000ms]", "cluster.uuid": "Qbw2pof0QzSXC1OvK0aFSw", "node.id": "t9hfPgy_RyC9LOJUxQUrSQ"  }
{"type": "server", "timestamp": "2022-03-30T03:55:46,985Z", "level": "WARN", "component": "o.e.t.ThreadPool", "cluster.name": "tpotcluster", "node.name": "tpotcluster-node-01", "message": "timer thread slept for [39.1s/39118512544ns] on relative clock which is above the warn threshold of [5000ms]", "cluster.uuid": "Qbw2pof0QzSXC1OvK0aFSw", "node.id": "t9hfPgy_RyC9LOJUxQUrSQ"  }
{"type": "server", "timestamp": "2022-03-30T03:55:52,773Z", "level": "WARN", "component": "o.e.t.ThreadPool", "cluster.name": "tpotcluster", "node.name": "tpotcluster-node-01", "message": "timer thread slept for [16.1s/16110ms] on absolute clock which is above the warn threshold of [5000ms]", "cluster.uuid": "Qbw2pof0QzSXC1OvK0aFSw", "node.id": "t9hfPgy_RyC9LOJUxQUrSQ"  }
{"type": "server", "timestamp": "2022-03-30T03:55:57,731Z", "level": "WARN", "component": "o.e.t.ThreadPool", "cluster.name": "tpotcluster", "node.name": "tpotcluster-node-01", "message": "timer thread slept for [16.1s/16110069600ns] on relative clock which is above the warn threshold of [5000ms]", "cluster.uuid": "Qbw2pof0QzSXC1OvK0aFSw", "node.id": "t9hfPgy_RyC9LOJUxQUrSQ"  }
{"type": "server", "timestamp": "2022-03-30T03:55:59,341Z", "level": "WARN", "component": "o.e.g.PersistedClusterStateService", "cluster.name": "tpotcluster", "node.name": "tpotcluster-node-01", "message": "writing cluster state took [158341ms] which is above the warn threshold of [10s]; wrote global metadata [false] and metadata for [1] indices and skipped [32] unchanged indices", "cluster.uuid": "Qbw2pof0QzSXC1OvK0aFSw", "node.id": "t9hfPgy_RyC9LOJUxQUrSQ"  }
{"type": "server", "timestamp": "2022-03-30T03:56:01,578Z", "level": "WARN", "component": "o.e.t.ThreadPool", "cluster.name": "tpotcluster", "node.name": "tpotcluster-node-01", "message": "timer thread slept for [8.4s/8477ms] on absolute clock which is above the warn threshold of [5000ms]", "cluster.uuid": "Qbw2pof0QzSXC1OvK0aFSw", "node.id": "t9hfPgy_RyC9LOJUxQUrSQ"  }
{"type": "server", "timestamp": "2022-03-30T03:56:06,465Z", "level": "WARN", "component": "o.e.t.ThreadPool", "cluster.name": "tpotcluster", "node.name": "tpotcluster-node-01", "message": "timer thread slept for [8.4s/8476823658ns] on relative clock which is above the warn threshold of [5000ms]", "cluster.uuid": "Qbw2pof0QzSXC1OvK0aFSw", "node.id": "t9hfPgy_RyC9LOJUxQUrSQ"  }
{"type": "server", "timestamp": "2022-03-30T03:56:14,186Z", "level": "WARN", "component": "o.e.t.ThreadPool", "cluster.name": "tpotcluster", "node.name": "tpotcluster-node-01", "message": "timer thread slept for [12.8s/12805ms] on absolute clock which is above the warn threshold of [5000ms]", "cluster.uuid": "Qbw2pof0QzSXC1OvK0aFSw", "node.id": "t9hfPgy_RyC9LOJUxQUrSQ"  }
{"type": "server", "timestamp": "2022-03-30T03:56:22,096Z", "level": "WARN", "component": "o.e.t.ThreadPool", "cluster.name": "tpotcluster", "node.name": "tpotcluster-node-01", "message": "timer thread slept for [12.8s/12805623776ns] on relative clock which is above the warn threshold of [5000ms]", "cluster.uuid": "Qbw2pof0QzSXC1OvK0aFSw", "node.id": "t9hfPgy_RyC9LOJUxQUrSQ"  }
{"type": "server", "timestamp": "2022-03-30T03:56:21,787Z", "level": "INFO", "component": "o.e.c.c.C.CoordinatorPublication", "cluster.name": "tpotcluster", "node.name": "tpotcluster-node-01", "message": "after [3m] publication of cluster state version [4551] is still waiting for {tpotcluster-node-01}{t9hfPgy_RyC9LOJUxQUrSQ}{yzh1XZvgRX2wEQro6KG2YQ}{127.0.0.1}{127.0.0.1:9300}{cdfhimrstw}{xpack.installed=true, transform.node=true} [SENT_PUBLISH_REQUEST]", "cluster.uuid": "Qbw2pof0QzSXC1OvK0aFSw", "node.id": "t9hfPgy_RyC9LOJUxQUrSQ"  }
{"type": "server", "timestamp": "2022-03-30T03:56:28,438Z", "level": "WARN", "component": "o.e.t.ThreadPool", "cluster.name": "tpotcluster", "node.name": "tpotcluster-node-01", "message": "timer thread slept for [14.1s/14170ms] on absolute clock which is above the warn threshold of [5000ms]", "cluster.uuid": "Qbw2pof0QzSXC1OvK0aFSw", "node.id": "t9hfPgy_RyC9LOJUxQUrSQ"  }
{"type": "server", "timestamp": "2022-03-30T03:56:37,420Z", "level": "WARN", "component": "o.e.t.ThreadPool", "cluster.name": "tpotcluster", "node.name": "tpotcluster-node-01", "message": "timer thread slept for [14.1s/14169930594ns] on relative clock which is above the warn threshold of [5000ms]", "cluster.uuid": "Qbw2pof0QzSXC1OvK0aFSw", "node.id": "t9hfPgy_RyC9LOJUxQUrSQ"  }
{"type": "server", "timestamp": "2022-03-30T03:56:46,021Z", "level": "WARN", "component": "o.e.t.ThreadPool", "cluster.name": "tpotcluster", "node.name": "tpotcluster-node-01", "message": "timer thread slept for [17.1s/17171ms] on absolute clock which is above the warn threshold of [5000ms]", "cluster.uuid": "Qbw2pof0QzSXC1OvK0aFSw", "node.id": "t9hfPgy_RyC9LOJUxQUrSQ"  }
{"type": "server", "timestamp": "2022-03-30T03:57:00,102Z", "level": "WARN", "component": "o.e.t.ThreadPool", "cluster.name": "tpotcluster", "node.name": "tpotcluster-node-01", "message": "timer thread slept for [17.1s/17171259170ns] on relative clock which is above the warn threshold of [5000ms]", "cluster.uuid": "Qbw2pof0QzSXC1OvK0aFSw", "node.id": "t9hfPgy_RyC9LOJUxQUrSQ"  }
{"type": "server", "timestamp": "2022-03-30T03:57:13,189Z", "level": "WARN", "component": "o.e.t.ThreadPool", "cluster.name": "tpotcluster", "node.name": "tpotcluster-node-01", "message": "timer thread slept for [25.7s/25767ms] on absolute clock which is above the warn threshold of [5000ms]", "cluster.uuid": "Qbw2pof0QzSXC1OvK0aFSw", "node.id": "t9hfPgy_RyC9LOJUxQUrSQ"  }
{"type": "server", "timestamp": "2022-03-30T03:57:26,349Z", "level": "WARN", "component": "o.e.t.ThreadPool", "cluster.name": "tpotcluster", "node.name": "tpotcluster-node-01", "message": "timer thread slept for [25.7s/25767038787ns] on relative clock which is above the warn threshold of [5000ms]", "cluster.uuid": "Qbw2pof0QzSXC1OvK0aFSw", "node.id": "t9hfPgy_RyC9LOJUxQUrSQ"  }
{"type": "server", "timestamp": "2022-03-30T03:57:42,325Z", "level": "WARN", "component": "o.e.t.ThreadPool", "cluster.name": "tpotcluster", "node.name": "tpotcluster-node-01", "message": "timer thread slept for [30.2s/30249ms] on absolute clock which is above the warn threshold of [5000ms]", "cluster.uuid": "Qbw2pof0QzSXC1OvK0aFSw", "node.id": "t9hfPgy_RyC9LOJUxQUrSQ"  }
{"type": "server", "timestamp": "2022-03-30T03:57:54,423Z", "level": "WARN", "component": "o.e.t.ThreadPool", "cluster.name": "tpotcluster", "node.name": "tpotcluster-node-01", "message": "timer thread slept for [30.2s/30248101793ns] on relative clock which is above the warn threshold of [5000ms]", "cluster.uuid": "Qbw2pof0QzSXC1OvK0aFSw", "node.id": "t9hfPgy_RyC9LOJUxQUrSQ"  }
{"type": "server", "timestamp": "2022-03-30T03:58:15,439Z", "level": "WARN", "component": "o.e.t.ThreadPool", "cluster.name": "tpotcluster", "node.name": "tpotcluster-node-01", "message": "timer thread slept for [33.2s/33245ms] on absolute clock which is above the warn threshold of [5000ms]", "cluster.uuid": "Qbw2pof0QzSXC1OvK0aFSw", "node.id": "t9hfPgy_RyC9LOJUxQUrSQ"  }
{"type": "server", "timestamp": "2022-03-30T03:58:26,997Z", "level": "WARN", "component": "o.e.t.ThreadPool", "cluster.name": "tpotcluster", "node.name": "tpotcluster-node-01", "message": "timer thread slept for [33.2s/33245130792ns] on relative clock which is above the warn threshold of [5000ms]", "cluster.uuid": "Qbw2pof0QzSXC1OvK0aFSw", "node.id": "t9hfPgy_RyC9LOJUxQUrSQ"  }
{"type": "server", "timestamp": "2022-03-30T03:58:40,374Z", "level": "WARN", "component": "o.e.t.ThreadPool", "cluster.name": "tpotcluster", "node.name": "tpotcluster-node-01", "message": "timer thread slept for [24.1s/24153ms] on absolute clock which is above the warn threshold of [5000ms]", "cluster.uuid": "Qbw2pof0QzSXC1OvK0aFSw", "node.id": "t9hfPgy_RyC9LOJUxQUrSQ"  }
{"type": "server", "timestamp": "2022-03-30T03:58:52,669Z", "level": "WARN", "component": "o.e.t.ThreadPool", "cluster.name": "tpotcluster", "node.name": "tpotcluster-node-01", "message": "timer thread slept for [24.1s/24153725633ns] on relative clock which is above the warn threshold of [5000ms]", "cluster.uuid": "Qbw2pof0QzSXC1OvK0aFSw", "node.id": "t9hfPgy_RyC9LOJUxQUrSQ"  }
{"type": "server", "timestamp": "2022-03-30T03:59:04,311Z", "level": "WARN", "component": "o.e.t.ThreadPool", "cluster.name": "tpotcluster", "node.name": "tpotcluster-node-01", "message": "timer thread slept for [24.4s/24460ms] on absolute clock which is above the warn threshold of [5000ms]", "cluster.uuid": "Qbw2pof0QzSXC1OvK0aFSw", "node.id": "t9hfPgy_RyC9LOJUxQUrSQ"  }
{"type": "server", "timestamp": "2022-03-30T03:59:16,830Z", "level": "WARN", "component": "o.e.t.ThreadPool", "cluster.name": "tpotcluster", "node.name": "tpotcluster-node-01", "message": "timer thread slept for [24.4s/24459894070ns] on relative clock which is above the warn threshold of [5000ms]", "cluster.uuid": "Qbw2pof0QzSXC1OvK0aFSw", "node.id": "t9hfPgy_RyC9LOJUxQUrSQ"  }
{"type": "server", "timestamp": "2022-03-30T03:59:29,198Z", "level": "WARN", "component": "o.e.t.ThreadPool", "cluster.name": "tpotcluster", "node.name": "tpotcluster-node-01", "message": "timer thread slept for [24.8s/24819ms] on absolute clock which is above the warn threshold of [5000ms]", "cluster.uuid": "Qbw2pof0QzSXC1OvK0aFSw", "node.id": "t9hfPgy_RyC9LOJUxQUrSQ"  }
{"type": "server", "timestamp": "2022-03-30T03:59:44,516Z", "level": "WARN", "component": "o.e.t.ThreadPool", "cluster.name": "tpotcluster", "node.name": "tpotcluster-node-01", "message": "timer thread slept for [24.8s/24819024444ns] on relative clock which is above the warn threshold of [5000ms]", "cluster.uuid": "Qbw2pof0QzSXC1OvK0aFSw", "node.id": "t9hfPgy_RyC9LOJUxQUrSQ"  }
{"type": "server", "timestamp": "2022-03-30T03:59:58,127Z", "level": "WARN", "component": "o.e.t.ThreadPool", "cluster.name": "tpotcluster", "node.name": "tpotcluster-node-01", "message": "timer thread slept for [29.3s/29331ms] on absolute clock which is above the warn threshold of [5000ms]", "cluster.uuid": "Qbw2pof0QzSXC1OvK0aFSw", "node.id": "t9hfPgy_RyC9LOJUxQUrSQ"  }
{"type": "server", "timestamp": "2022-03-30T04:00:12,752Z", "level": "WARN", "component": "o.e.t.ThreadPool", "cluster.name": "tpotcluster", "node.name": "tpotcluster-node-01", "message": "timer thread slept for [29.3s/29330691133ns] on relative clock which is above the warn threshold of [5000ms]", "cluster.uuid": "Qbw2pof0QzSXC1OvK0aFSw", "node.id": "t9hfPgy_RyC9LOJUxQUrSQ"  }
{"type": "server", "timestamp": "2022-03-30T04:00:26,543Z", "level": "WARN", "component": "o.e.t.ThreadPool", "cluster.name": "tpotcluster", "node.name": "tpotcluster-node-01", "message": "timer thread slept for [27.7s/27700ms] on absolute clock which is above the warn threshold of [5000ms]", "cluster.uuid": "Qbw2pof0QzSXC1OvK0aFSw", "node.id": "t9hfPgy_RyC9LOJUxQUrSQ"  }
{"type": "server", "timestamp": "2022-03-30T04:00:37,728Z", "level": "WARN", "component": "o.e.t.ThreadPool", "cluster.name": "tpotcluster", "node.name": "tpotcluster-node-01", "message": "timer thread slept for [27.7s/27700154517ns] on relative clock which is above the warn threshold of [5000ms]", "cluster.uuid": "Qbw2pof0QzSXC1OvK0aFSw", "node.id": "t9hfPgy_RyC9LOJUxQUrSQ"  }
{"type": "server", "timestamp": "2022-03-30T04:00:46,837Z", "level": "WARN", "component": "o.e.t.ThreadPool", "cluster.name": "tpotcluster", "node.name": "tpotcluster-node-01", "message": "timer thread slept for [20.7s/20777ms] on absolute clock which is above the warn threshold of [5000ms]", "cluster.uuid": "Qbw2pof0QzSXC1OvK0aFSw", "node.id": "t9hfPgy_RyC9LOJUxQUrSQ"  }
{"type": "server", "timestamp": "2022-03-30T04:00:57,601Z", "level": "WARN", "component": "o.e.t.ThreadPool", "cluster.name": "tpotcluster", "node.name": "tpotcluster-node-01", "message": "timer thread slept for [20.7s/20777135460ns] on relative clock which is above the warn threshold of [5000ms]", "cluster.uuid": "Qbw2pof0QzSXC1OvK0aFSw", "node.id": "t9hfPgy_RyC9LOJUxQUrSQ"  }
{"type": "server", "timestamp": "2022-03-30T04:01:10,267Z", "level": "WARN", "component": "o.e.t.ThreadPool", "cluster.name": "tpotcluster", "node.name": "tpotcluster-node-01", "message": "timer thread slept for [22.7s/22755ms] on absolute clock which is above the warn threshold of [5000ms]", "cluster.uuid": "Qbw2pof0QzSXC1OvK0aFSw", "node.id": "t9hfPgy_RyC9LOJUxQUrSQ"  }
{"type": "server", "timestamp": "2022-03-30T04:01:19,768Z", "level": "WARN", "component": "o.e.t.ThreadPool", "cluster.name": "tpotcluster", "node.name": "tpotcluster-node-01", "message": "timer thread slept for [22.7s/22754559072ns] on relative clock which is above the warn threshold of [5000ms]", "cluster.uuid": "Qbw2pof0QzSXC1OvK0aFSw", "node.id": "t9hfPgy_RyC9LOJUxQUrSQ"  }
{"type": "server", "timestamp": "2022-03-30T04:01:30,500Z", "level": "WARN", "component": "o.e.t.ThreadPool", "cluster.name": "tpotcluster", "node.name": "tpotcluster-node-01", "message": "timer thread slept for [21s/21008ms] on absolute clock which is above the warn threshold of [5000ms]", "cluster.uuid": "Qbw2pof0QzSXC1OvK0aFSw", "node.id": "t9hfPgy_RyC9LOJUxQUrSQ"  }
{"type": "server", "timestamp": "2022-03-30T04:01:44,487Z", "level": "WARN", "component": "o.e.t.ThreadPool", "cluster.name": "tpotcluster", "node.name": "tpotcluster-node-01", "message": "timer thread slept for [21s/21007920077ns] on relative clock which is above the warn threshold of [5000ms]", "cluster.uuid": "Qbw2pof0QzSXC1OvK0aFSw", "node.id": "t9hfPgy_RyC9LOJUxQUrSQ"  }
{"type": "server", "timestamp": "2022-03-30T04:01:57,582Z", "level": "WARN", "component": "o.e.t.ThreadPool", "cluster.name": "tpotcluster", "node.name": "tpotcluster-node-01", "message": "timer thread slept for [26.7s/26792ms] on absolute clock which is above the warn threshold of [5000ms]", "cluster.uuid": "Qbw2pof0QzSXC1OvK0aFSw", "node.id": "t9hfPgy_RyC9LOJUxQUrSQ"  }
{"type": "server", "timestamp": "2022-03-30T04:01:52,227Z", "level": "WARN", "component": "o.e.h.AbstractHttpServerTransport", "cluster.name": "tpotcluster", "node.name": "tpotcluster-node-01", "message": "handling request [null][POST][/_bulk][Netty4HttpChannel{localAddress=/192.168.48.2:9200, remoteAddress=/192.168.48.3:51830}] took [475642ms] which is above the warn threshold of [5000ms]", "cluster.uuid": "Qbw2pof0QzSXC1OvK0aFSw", "node.id": "t9hfPgy_RyC9LOJUxQUrSQ"  }
{"type": "server", "timestamp": "2022-03-30T04:02:07,439Z", "level": "WARN", "component": "o.e.t.ThreadPool", "cluster.name": "tpotcluster", "node.name": "tpotcluster-node-01", "message": "timer thread slept for [26.7s/26791902581ns] on relative clock which is above the warn threshold of [5000ms]", "cluster.uuid": "Qbw2pof0QzSXC1OvK0aFSw", "node.id": "t9hfPgy_RyC9LOJUxQUrSQ"  }
{"type": "server", "timestamp": "2022-03-30T04:02:20,040Z", "level": "WARN", "component": "o.e.t.ThreadPool", "cluster.name": "tpotcluster", "node.name": "tpotcluster-node-01", "message": "timer thread slept for [22.2s/22231ms] on absolute clock which is above the warn threshold of [5000ms]", "cluster.uuid": "Qbw2pof0QzSXC1OvK0aFSw", "node.id": "t9hfPgy_RyC9LOJUxQUrSQ"  }
{"type": "server", "timestamp": "2022-03-30T04:02:34,192Z", "level": "WARN", "component": "o.e.t.ThreadPool", "cluster.name": "tpotcluster", "node.name": "tpotcluster-node-01", "message": "timer thread slept for [22.2s/22231614282ns] on relative clock which is above the warn threshold of [5000ms]", "cluster.uuid": "Qbw2pof0QzSXC1OvK0aFSw", "node.id": "t9hfPgy_RyC9LOJUxQUrSQ"  }
{"type": "server", "timestamp": "2022-03-30T04:02:49,147Z", "level": "WARN", "component": "o.e.t.ThreadPool", "cluster.name": "tpotcluster", "node.name": "tpotcluster-node-01", "message": "timer thread slept for [29s/29074ms] on absolute clock which is above the warn threshold of [5000ms]", "cluster.uuid": "Qbw2pof0QzSXC1OvK0aFSw", "node.id": "t9hfPgy_RyC9LOJUxQUrSQ"  }
{"type": "server", "timestamp": "2022-03-30T04:03:03,199Z", "level": "WARN", "component": "o.e.t.ThreadPool", "cluster.name": "tpotcluster", "node.name": "tpotcluster-node-01", "message": "timer thread slept for [29s/29074018736ns] on relative clock which is above the warn threshold of [5000ms]", "cluster.uuid": "Qbw2pof0QzSXC1OvK0aFSw", "node.id": "t9hfPgy_RyC9LOJUxQUrSQ"  }
{"type": "server", "timestamp": "2022-03-30T04:03:17,672Z", "level": "WARN", "component": "o.e.t.ThreadPool", "cluster.name": "tpotcluster", "node.name": "tpotcluster-node-01", "message": "timer thread slept for [28.5s/28544ms] on absolute clock which is above the warn threshold of [5000ms]", "cluster.uuid": "Qbw2pof0QzSXC1OvK0aFSw", "node.id": "t9hfPgy_RyC9LOJUxQUrSQ"  }
{"type": "server", "timestamp": "2022-03-30T04:03:28,526Z", "level": "WARN", "component": "o.e.t.ThreadPool", "cluster.name": "tpotcluster", "node.name": "tpotcluster-node-01", "message": "timer thread slept for [28.5s/28543825159ns] on relative clock which is above the warn threshold of [5000ms]", "cluster.uuid": "Qbw2pof0QzSXC1OvK0aFSw", "node.id": "t9hfPgy_RyC9LOJUxQUrSQ"  }
{"type": "server", "timestamp": "2022-03-30T04:03:42,385Z", "level": "WARN", "component": "o.e.t.ThreadPool", "cluster.name": "tpotcluster", "node.name": "tpotcluster-node-01", "message": "timer thread slept for [25.1s/25198ms] on absolute clock which is above the warn threshold of [5000ms]", "cluster.uuid": "Qbw2pof0QzSXC1OvK0aFSw", "node.id": "t9hfPgy_RyC9LOJUxQUrSQ"  }
{"type": "server", "timestamp": "2022-03-30T04:04:04,140Z", "level": "WARN", "component": "o.e.t.ThreadPool", "cluster.name": "tpotcluster", "node.name": "tpotcluster-node-01", "message": "timer thread slept for [25.1s/25197991398ns] on relative clock which is above the warn threshold of [5000ms]", "cluster.uuid": "Qbw2pof0QzSXC1OvK0aFSw", "node.id": "t9hfPgy_RyC9LOJUxQUrSQ"  }
{"type": "server", "timestamp": "2022-03-30T04:04:14,426Z", "level": "WARN", "component": "o.e.t.ThreadPool", "cluster.name": "tpotcluster", "node.name": "tpotcluster-node-01", "message": "timer thread slept for [32.3s/32388ms] on absolute clock which is above the warn threshold of [5000ms]", "cluster.uuid": "Qbw2pof0QzSXC1OvK0aFSw", "node.id": "t9hfPgy_RyC9LOJUxQUrSQ"  }
{"type": "server", "timestamp": "2022-03-30T04:04:24,261Z", "level": "WARN", "component": "o.e.t.ThreadPool", "cluster.name": "tpotcluster", "node.name": "tpotcluster-node-01", "message": "timer thread slept for [32.3s/32387502092ns] on relative clock which is above the warn threshold of [5000ms]", "cluster.uuid": "Qbw2pof0QzSXC1OvK0aFSw", "node.id": "t9hfPgy_RyC9LOJUxQUrSQ"  }
{"type": "server", "timestamp": "2022-03-30T04:04:35,370Z", "level": "WARN", "component": "o.e.t.ThreadPool", "cluster.name": "tpotcluster", "node.name": "tpotcluster-node-01", "message": "timer thread slept for [19.9s/19962ms] on absolute clock which is above the warn threshold of [5000ms]", "cluster.uuid": "Qbw2pof0QzSXC1OvK0aFSw", "node.id": "t9hfPgy_RyC9LOJUxQUrSQ"  }
{"type": "server", "timestamp": "2022-03-30T04:04:44,838Z", "level": "WARN", "component": "o.e.t.ThreadPool", "cluster.name": "tpotcluster", "node.name": "tpotcluster-node-01", "message": "timer thread slept for [19.9s/19962010143ns] on relative clock which is above the warn threshold of [5000ms]", "cluster.uuid": "Qbw2pof0QzSXC1OvK0aFSw", "node.id": "t9hfPgy_RyC9LOJUxQUrSQ"  }
{"type": "server", "timestamp": "2022-03-30T04:04:55,062Z", "level": "WARN", "component": "o.e.t.ThreadPool", "cluster.name": "tpotcluster", "node.name": "tpotcluster-node-01", "message": "timer thread slept for [19.9s/19975ms] on absolute clock which is above the warn threshold of [5000ms]", "cluster.uuid": "Qbw2pof0QzSXC1OvK0aFSw", "node.id": "t9hfPgy_RyC9LOJUxQUrSQ"  }
{"type": "server", "timestamp": "2022-03-30T04:05:05,524Z", "level": "WARN", "component": "o.e.t.ThreadPool", "cluster.name": "tpotcluster", "node.name": "tpotcluster-node-01", "message": "timer thread slept for [19.9s/19975654528ns] on relative clock which is above the warn threshold of [5000ms]", "cluster.uuid": "Qbw2pof0QzSXC1OvK0aFSw", "node.id": "t9hfPgy_RyC9LOJUxQUrSQ"  }
{"type": "server", "timestamp": "2022-03-30T04:05:16,768Z", "level": "WARN", "component": "o.e.t.ThreadPool", "cluster.name": "tpotcluster", "node.name": "tpotcluster-node-01", "message": "timer thread slept for [22.4s/22416ms] on absolute clock which is above the warn threshold of [5000ms]", "cluster.uuid": "Qbw2pof0QzSXC1OvK0aFSw", "node.id": "t9hfPgy_RyC9LOJUxQUrSQ"  }
{"type": "server", "timestamp": "2022-03-30T04:05:25,353Z", "level": "WARN", "component": "o.e.t.ThreadPool", "cluster.name": "tpotcluster", "node.name": "tpotcluster-node-01", "message": "timer thread slept for [22.4s/22415759155ns] on relative clock which is above the warn threshold of [5000ms]", "cluster.uuid": "Qbw2pof0QzSXC1OvK0aFSw", "node.id": "t9hfPgy_RyC9LOJUxQUrSQ"  }
{"type": "server", "timestamp": "2022-03-30T04:05:36,931Z", "level": "WARN", "component": "o.e.t.ThreadPool", "cluster.name": "tpotcluster", "node.name": "tpotcluster-node-01", "message": "timer thread slept for [19.6s/19622ms] on absolute clock which is above the warn threshold of [5000ms]", "cluster.uuid": "Qbw2pof0QzSXC1OvK0aFSw", "node.id": "t9hfPgy_RyC9LOJUxQUrSQ"  }
{"type": "server", "timestamp": "2022-03-30T04:05:46,607Z", "level": "WARN", "component": "o.e.t.ThreadPool", "cluster.name": "tpotcluster", "node.name": "tpotcluster-node-01", "message": "timer thread slept for [19.6s/19622294231ns] on relative clock which is above the warn threshold of [5000ms]", "cluster.uuid": "Qbw2pof0QzSXC1OvK0aFSw", "node.id": "t9hfPgy_RyC9LOJUxQUrSQ"  }
{"type": "server", "timestamp": "2022-03-30T04:05:56,920Z", "level": "WARN", "component": "o.e.t.ThreadPool", "cluster.name": "tpotcluster", "node.name": "tpotcluster-node-01", "message": "timer thread slept for [19.9s/19910ms] on absolute clock which is above the warn threshold of [5000ms]", "cluster.uuid": "Qbw2pof0QzSXC1OvK0aFSw", "node.id": "t9hfPgy_RyC9LOJUxQUrSQ"  }
{"type": "server", "timestamp": "2022-03-30T04:06:07,177Z", "level": "WARN", "component": "o.e.t.ThreadPool", "cluster.name": "tpotcluster", "node.name": "tpotcluster-node-01", "message": "timer thread slept for [19.9s/19909994674ns] on relative clock which is above the warn threshold of [5000ms]", "cluster.uuid": "Qbw2pof0QzSXC1OvK0aFSw", "node.id": "t9hfPgy_RyC9LOJUxQUrSQ"  }
{"type": "server", "timestamp": "2022-03-30T04:06:19,891Z", "level": "WARN", "component": "o.e.t.ThreadPool", "cluster.name": "tpotcluster", "node.name": "tpotcluster-node-01", "message": "timer thread slept for [22.4s/22405ms] on absolute clock which is above the warn threshold of [5000ms]", "cluster.uuid": "Qbw2pof0QzSXC1OvK0aFSw", "node.id": "t9hfPgy_RyC9LOJUxQUrSQ"  }
{"type": "server", "timestamp": "2022-03-30T04:06:32,750Z", "level": "WARN", "component": "o.e.t.ThreadPool", "cluster.name": "tpotcluster", "node.name": "tpotcluster-node-01", "message": "timer thread slept for [22.4s/22404804506ns] on relative clock which is above the warn threshold of [5000ms]", "cluster.uuid": "Qbw2pof0QzSXC1OvK0aFSw", "node.id": "t9hfPgy_RyC9LOJUxQUrSQ"  }
{"type": "server", "timestamp": "2022-03-30T04:06:50,668Z", "level": "WARN", "component": "o.e.t.ThreadPool", "cluster.name": "tpotcluster", "node.name": "tpotcluster-node-01", "message": "timer thread slept for [30.7s/30785ms] on absolute clock which is above the warn threshold of [5000ms]", "cluster.uuid": "Qbw2pof0QzSXC1OvK0aFSw", "node.id": "t9hfPgy_RyC9LOJUxQUrSQ"  }
{"type": "server", "timestamp": "2022-03-30T04:07:03,902Z", "level": "WARN", "component": "o.e.t.ThreadPool", "cluster.name": "tpotcluster", "node.name": "tpotcluster-node-01", "message": "timer thread slept for [30.7s/30785205307ns] on relative clock which is above the warn threshold of [5000ms]", "cluster.uuid": "Qbw2pof0QzSXC1OvK0aFSw", "node.id": "t9hfPgy_RyC9LOJUxQUrSQ"  }
{"type": "server", "timestamp": "2022-03-30T04:07:15,647Z", "level": "WARN", "component": "o.e.t.ThreadPool", "cluster.name": "tpotcluster", "node.name": "tpotcluster-node-01", "message": "timer thread slept for [26.4s/26423ms] on absolute clock which is above the warn threshold of [5000ms]", "cluster.uuid": "Qbw2pof0QzSXC1OvK0aFSw", "node.id": "t9hfPgy_RyC9LOJUxQUrSQ"  }
{"type": "server", "timestamp": "2022-03-30T04:07:31,076Z", "level": "WARN", "component": "o.e.t.ThreadPool", "cluster.name": "tpotcluster", "node.name": "tpotcluster-node-01", "message": "timer thread slept for [26.4s/26422956828ns] on relative clock which is above the warn threshold of [5000ms]", "cluster.uuid": "Qbw2pof0QzSXC1OvK0aFSw", "node.id": "t9hfPgy_RyC9LOJUxQUrSQ"  }
{"type": "server", "timestamp": "2022-03-30T04:07:43,856Z", "level": "WARN", "component": "o.e.t.ThreadPool", "cluster.name": "tpotcluster", "node.name": "tpotcluster-node-01", "message": "timer thread slept for [26.1s/26116ms] on absolute clock which is above the warn threshold of [5000ms]", "cluster.uuid": "Qbw2pof0QzSXC1OvK0aFSw", "node.id": "t9hfPgy_RyC9LOJUxQUrSQ"  }
{"type": "server", "timestamp": "2022-03-30T04:07:53,465Z", "level": "WARN", "component": "o.e.t.ThreadPool", "cluster.name": "tpotcluster", "node.name": "tpotcluster-node-01", "message": "timer thread slept for [26.1s/26115463873ns] on relative clock which is above the warn threshold of [5000ms]", "cluster.uuid": "Qbw2pof0QzSXC1OvK0aFSw", "node.id": "t9hfPgy_RyC9LOJUxQUrSQ"  }
{"type": "server", "timestamp": "2022-03-30T04:08:04,216Z", "level": "WARN", "component": "o.e.t.ThreadPool", "cluster.name": "tpotcluster", "node.name": "tpotcluster-node-01", "message": "timer thread slept for [21.9s/21967ms] on absolute clock which is above the warn threshold of [5000ms]", "cluster.uuid": "Qbw2pof0QzSXC1OvK0aFSw", "node.id": "t9hfPgy_RyC9LOJUxQUrSQ"  }
{"type": "server", "timestamp": "2022-03-30T04:07:49,018Z", "level": "WARN", "component": "o.e.c.s.ClusterApplierService", "cluster.name": "tpotcluster", "node.name": "tpotcluster-node-01", "message": "cluster state applier task [Publication{term=157, version=4551}] took [9.1m] which is above the warn threshold of [30s]: [running task [Publication{term=157, version=4551}]] took [231ms], [connecting to new nodes] took [1490ms], [applying settings] took [251ms], [org.elasticsearch.repositories.RepositoriesService@4cd26a53] took [588ms], [org.elasticsearch.indices.cluster.IndicesClusterStateService@7acb18da] took [97240ms], [org.elasticsearch.script.ScriptService@58a38cef] took [347ms], [org.elasticsearch.xpack.ilm.IndexLifecycleService@3c3ab31e] took [0ms], [org.elasticsearch.snapshots.RestoreService@63e5c638] took [0ms], [org.elasticsearch.ingest.IngestService@41ca0f56] took [10111ms], [org.elasticsearch.action.ingest.IngestActionForwarder@54a3774] took [1052ms], [org.elasticsearch.action.admin.cluster.repositories.cleanup.TransportCleanupRepositoryAction$$Lambda$4527/0x00000008016ce200@6c01d680] took [167ms], [org.elasticsearch.indices.TimestampFieldMapperService@2198193e] took [468ms], [org.elasticsearch.tasks.TaskManager@303902e4] took [334ms], [org.elasticsearch.snapshots.SnapshotsService@649c7200] took [1043ms], [org.elasticsearch.cluster.InternalClusterInfoService@ca40123] took [41088ms], [org.elasticsearch.snapshots.InternalSnapshotsInfoService@798af648] took [1025ms], [org.elasticsearch.indices.SystemIndexManager@48d596bf] took [8387ms], [org.elasticsearch.xpack.shutdown.NodeSeenService@d7f5757] took [261ms], [org.elasticsearch.xpack.autoscaling.capacity.memory.AutoscalingMemoryInfoService$$Lambda$3179/0x00000008012dee58@48c6cae8] took [2432ms], [org.elasticsearch.xpack.ccr.action.ShardFollowTaskCleaner@1d903cd3] took [676ms], [org.elasticsearch.xpack.enrich.EnrichPolicyMaintenanceService@3ec6e3be] took [260ms], [org.elasticsearch.xpack.transform.notifications.TransformAuditor$$Lambda$3197/0x0000000801402c08@241a0d03] took [0ms], [org.elasticsearch.xpack.transform.TransformClusterStateListener@3940a133] took [159ms], [org.elasticsearch.xpack.stack.StackTemplateRegistry@37225ecb] took [180962ms], [org.elasticsearch.xpack.searchablesnapshots.cache.blob.BlobStoreCacheMaintenanceService@7e427580] took [239ms], [org.elasticsearch.xpack.searchablesnapshots.SearchableSnapshots$RepositoryUuidWatcher@16ff92d2] took [297ms], [org.elasticsearch.xpack.watcher.support.WatcherIndexTemplateRegistry@7bfc0bf8] took [64089ms], [org.elasticsearch.xpack.watcher.WatcherLifeCycleService@2ded3cf3] took [1278ms], [org.elasticsearch.xpack.watcher.WatcherIndexingListener@6c91b286] took [988ms], [org.elasticsearch.xpack.ilm.history.ILMHistoryTemplateRegistry@612d4c4] took [48699ms], [org.elasticsearch.xpack.ilm.IndexLifecycleService@3c3ab31e] took [3356ms], [org.elasticsearch.xpack.core.slm.history.SnapshotLifecycleTemplateRegistry@1daaac35] took [29444ms], [org.elasticsearch.xpack.slm.SnapshotLifecycleService@59e411d7] took [435ms], [org.elasticsearch.xpack.slm.SnapshotRetentionService@60a700fa] took [77ms], [org.elasticsearch.xpack.deprecation.logging.DeprecationIndexingTemplateRegistry@48107214] took [28901ms], [org.elasticsearch.xpack.fleet.FleetTemplateRegistry@bafdecc] took [16431ms], [org.elasticsearch.cluster.metadata.SystemIndexMetadataUpgradeService@3dc825d5] took [322ms], [org.elasticsearch.cluster.metadata.TemplateUpgradeService@a842e5b] took [1723ms], [org.elasticsearch.node.ResponseCollectorService@7f28c879] took [254ms], [org.elasticsearch.snapshots.SnapshotShardsService@1b43bd86] took [0ms], [org.elasticsearch.persistent.PersistentTasksClusterService@67d9c5b6] took [261ms], [org.elasticsearch.shutdown.PluginShutdownService@4c04d9e0] took [158ms], [org.elasticsearch.cluster.routing.DelayedAllocationService@1d0873ac] took [239ms], [org.elasticsearch.indices.store.IndicesStore@20a8f7c] took [445ms], [org.elasticsearch.persistent.PersistentTasksNodeService@7a795d01] took [298ms], [org.elasticsearch.license.LicenseService@a80378b] took [244ms], [org.elasticsearch.xpack.ccr.action.AutoFollowCoordinator@2eca4fe] took [154ms], [org.elasticsearch.xpack.core.async.AsyncTaskMaintenanceService@4828f69b] took [0ms], [org.elasticsearch.gateway.GatewayService@48ec042f] took [0ms], [org.elasticsearch.indices.recovery.PeerRecoverySourceService@33c0551f] took [0ms]", "cluster.uuid": "Qbw2pof0QzSXC1OvK0aFSw", "node.id": "t9hfPgy_RyC9LOJUxQUrSQ"  }
{"type": "server", "timestamp": "2022-03-30T04:08:15,135Z", "level": "WARN", "component": "o.e.t.ThreadPool", "cluster.name": "tpotcluster", "node.name": "tpotcluster-node-01", "message": "timer thread slept for [21.9s/21966924927ns] on relative clock which is above the warn threshold of [5000ms]", "cluster.uuid": "Qbw2pof0QzSXC1OvK0aFSw", "node.id": "t9hfPgy_RyC9LOJUxQUrSQ"  }
{"type": "server", "timestamp": "2022-03-30T04:08:18,457Z", "level": "WARN", "component": "o.e.t.ThreadPool", "cluster.name": "tpotcluster", "node.name": "tpotcluster-node-01", "message": "execution of [org.elasticsearch.cluster.InternalClusterInfoService$RefreshScheduler$$Lambda$5095/0x00000008017da000@6772fca2] took [877959ms] which is above the warn threshold of [5000ms]", "cluster.uuid": "Qbw2pof0QzSXC1OvK0aFSw", "node.id": "t9hfPgy_RyC9LOJUxQUrSQ"  }
{"type": "server", "timestamp": "2022-03-30T04:08:26,809Z", "level": "WARN", "component": "o.e.t.ThreadPool", "cluster.name": "tpotcluster", "node.name": "tpotcluster-node-01", "message": "timer thread slept for [22.2s/22207ms] on absolute clock which is above the warn threshold of [5000ms]", "cluster.uuid": "Qbw2pof0QzSXC1OvK0aFSw", "node.id": "t9hfPgy_RyC9LOJUxQUrSQ"  }
{"type": "server", "timestamp": "2022-03-30T04:08:36,932Z", "level": "WARN", "component": "o.e.t.ThreadPool", "cluster.name": "tpotcluster", "node.name": "tpotcluster-node-01", "message": "timer thread slept for [22.2s/22207727177ns] on relative clock which is above the warn threshold of [5000ms]", "cluster.uuid": "Qbw2pof0QzSXC1OvK0aFSw", "node.id": "t9hfPgy_RyC9LOJUxQUrSQ"  }
{"type": "server", "timestamp": "2022-03-30T04:08:48,699Z", "level": "WARN", "component": "o.e.t.ThreadPool", "cluster.name": "tpotcluster", "node.name": "tpotcluster-node-01", "message": "timer thread slept for [21.9s/21939ms] on absolute clock which is above the warn threshold of [5000ms]", "cluster.uuid": "Qbw2pof0QzSXC1OvK0aFSw", "node.id": "t9hfPgy_RyC9LOJUxQUrSQ"  }
{"type": "server", "timestamp": "2022-03-30T04:09:00,965Z", "level": "WARN", "component": "o.e.t.ThreadPool", "cluster.name": "tpotcluster", "node.name": "tpotcluster-node-01", "message": "timer thread slept for [21.9s/21938086715ns] on relative clock which is above the warn threshold of [5000ms]", "cluster.uuid": "Qbw2pof0QzSXC1OvK0aFSw", "node.id": "t9hfPgy_RyC9LOJUxQUrSQ"  }
{"type": "server", "timestamp": "2022-03-30T04:09:10,920Z", "level": "WARN", "component": "o.e.t.ThreadPool", "cluster.name": "tpotcluster", "node.name": "tpotcluster-node-01", "message": "timer thread slept for [23s/23001ms] on absolute clock which is above the warn threshold of [5000ms]", "cluster.uuid": "Qbw2pof0QzSXC1OvK0aFSw", "node.id": "t9hfPgy_RyC9LOJUxQUrSQ"  }
{"type": "server", "timestamp": "2022-03-30T04:09:19,649Z", "level": "WARN", "component": "o.e.t.ThreadPool", "cluster.name": "tpotcluster", "node.name": "tpotcluster-node-01", "message": "timer thread slept for [23s/23001879247ns] on relative clock which is above the warn threshold of [5000ms]", "cluster.uuid": "Qbw2pof0QzSXC1OvK0aFSw", "node.id": "t9hfPgy_RyC9LOJUxQUrSQ"  }
{"type": "server", "timestamp": "2022-03-30T04:09:29,850Z", "level": "WARN", "component": "o.e.c.s.MasterService", "cluster.name": "tpotcluster", "node.name": "tpotcluster-node-01", "message": "pending task queue has been nonempty for [15.6m/936305ms] which is longer than the warn threshold of [300000ms]; there are currently [3] pending tasks, the oldest of which has age [15.6m/941513ms]", "cluster.uuid": "Qbw2pof0QzSXC1OvK0aFSw", "node.id": "t9hfPgy_RyC9LOJUxQUrSQ"  }
{"type": "server", "timestamp": "2022-03-30T04:09:31,915Z", "level": "WARN", "component": "o.e.t.ThreadPool", "cluster.name": "tpotcluster", "node.name": "tpotcluster-node-01", "message": "timer thread slept for [19.4s/19484ms] on absolute clock which is above the warn threshold of [5000ms]", "cluster.uuid": "Qbw2pof0QzSXC1OvK0aFSw", "node.id": "t9hfPgy_RyC9LOJUxQUrSQ"  }
{"type": "server", "timestamp": "2022-03-30T04:09:40,907Z", "level": "WARN", "component": "o.e.t.ThreadPool", "cluster.name": "tpotcluster", "node.name": "tpotcluster-node-01", "message": "timer thread slept for [19.4s/19483665097ns] on relative clock which is above the warn threshold of [5000ms]", "cluster.uuid": "Qbw2pof0QzSXC1OvK0aFSw", "node.id": "t9hfPgy_RyC9LOJUxQUrSQ"  }
{"type": "server", "timestamp": "2022-03-30T04:10:10,508Z", "level": "WARN", "component": "o.e.t.ThreadPool", "cluster.name": "tpotcluster", "node.name": "tpotcluster-node-01", "message": "execution of [ReschedulingRunnable{runnable=org.elasticsearch.indices.IndexingMemoryController$ShardsIndicesStatusChecker@3f04bc41, interval=5s}] took [64423ms] which is above the warn threshold of [5000ms]", "cluster.uuid": "Qbw2pof0QzSXC1OvK0aFSw", "node.id": "t9hfPgy_RyC9LOJUxQUrSQ"  }
{"type": "server", "timestamp": "2022-03-30T04:10:13,266Z", "level": "WARN", "component": "o.e.t.ThreadPool", "cluster.name": "tpotcluster", "node.name": "tpotcluster-node-01", "message": "timer thread slept for [41.5s/41512ms] on absolute clock which is above the warn threshold of [5000ms]", "cluster.uuid": "Qbw2pof0QzSXC1OvK0aFSw", "node.id": "t9hfPgy_RyC9LOJUxQUrSQ"  }
{"type": "server", "timestamp": "2022-03-30T04:10:23,567Z", "level": "WARN", "component": "o.e.t.ThreadPool", "cluster.name": "tpotcluster", "node.name": "tpotcluster-node-01", "message": "timer thread slept for [41.5s/41511711779ns] on relative clock which is above the warn threshold of [5000ms]", "cluster.uuid": "Qbw2pof0QzSXC1OvK0aFSw", "node.id": "t9hfPgy_RyC9LOJUxQUrSQ"  }
{"type": "server", "timestamp": "2022-03-30T04:10:35,432Z", "level": "WARN", "component": "o.e.t.ThreadPool", "cluster.name": "tpotcluster", "node.name": "tpotcluster-node-01", "message": "timer thread slept for [23.1s/23173ms] on absolute clock which is above the warn threshold of [5000ms]", "cluster.uuid": "Qbw2pof0QzSXC1OvK0aFSw", "node.id": "t9hfPgy_RyC9LOJUxQUrSQ"  }
{"type": "server", "timestamp": "2022-03-30T04:10:46,617Z", "level": "WARN", "component": "o.e.t.ThreadPool", "cluster.name": "tpotcluster", "node.name": "tpotcluster-node-01", "message": "timer thread slept for [23.1s/23173409622ns] on relative clock which is above the warn threshold of [5000ms]", "cluster.uuid": "Qbw2pof0QzSXC1OvK0aFSw", "node.id": "t9hfPgy_RyC9LOJUxQUrSQ"  }
{"type": "server", "timestamp": "2022-03-30T04:10:56,554Z", "level": "WARN", "component": "o.e.t.ThreadPool", "cluster.name": "tpotcluster", "node.name": "tpotcluster-node-01", "message": "timer thread slept for [21s/21011ms] on absolute clock which is above the warn threshold of [5000ms]", "cluster.uuid": "Qbw2pof0QzSXC1OvK0aFSw", "node.id": "t9hfPgy_RyC9LOJUxQUrSQ"  }
{"type": "server", "timestamp": "2022-03-30T04:10:58,769Z", "level": "WARN", "component": "o.e.c.s.MasterService", "cluster.name": "tpotcluster", "node.name": "tpotcluster-node-01", "message": "took [35.7s/35753ms] to compute cluster state update for [shard-started StartedShardEntry{shardId [[logstash-2022.03.20][0]], allocationId [OkbTmFqSR4iKtOyMAWv7tQ], primary term [46], message [master {tpotcluster-node-01}{t9hfPgy_RyC9LOJUxQUrSQ}{yzh1XZvgRX2wEQro6KG2YQ}{127.0.0.1}{127.0.0.1:9300}{cdfhimrstw}{xpack.installed=true, transform.node=true} marked shard as initializing, but shard state is [POST_RECOVERY], mark shard as started]}[StartedShardEntry{shardId [[logstash-2022.03.20][0]], allocationId [OkbTmFqSR4iKtOyMAWv7tQ], primary term [46], message [master {tpotcluster-node-01}{t9hfPgy_RyC9LOJUxQUrSQ}{yzh1XZvgRX2wEQro6KG2YQ}{127.0.0.1}{127.0.0.1:9300}{cdfhimrstw}{xpack.installed=true, transform.node=true} marked shard as initializing, but shard state is [POST_RECOVERY], mark shard as started]}], shard-started StartedShardEntry{shardId [[logstash-2022.03.20][0]], allocationId [OkbTmFqSR4iKtOyMAWv7tQ], primary term [46], message [after existing store recovery; bootstrap_history_uuid=false]}[StartedShardEntry{shardId [[logstash-2022.03.20][0]], allocationId [OkbTmFqSR4iKtOyMAWv7tQ], primary term [46], message [after existing store recovery; bootstrap_history_uuid=false]}]], which exceeds the warn threshold of [10s]", "cluster.uuid": "Qbw2pof0QzSXC1OvK0aFSw", "node.id": "t9hfPgy_RyC9LOJUxQUrSQ"  }
{"type": "server", "timestamp": "2022-03-30T04:11:01,243Z", "level": "WARN", "component": "o.e.t.ThreadPool", "cluster.name": "tpotcluster", "node.name": "tpotcluster-node-01", "message": "execution of [ReschedulingRunnable{runnable=org.elasticsearch.monitor.jvm.JvmGcMonitorService$1@3a534c4b, interval=1s}] took [44183ms] which is above the warn threshold of [5000ms]", "cluster.uuid": "Qbw2pof0QzSXC1OvK0aFSw", "node.id": "t9hfPgy_RyC9LOJUxQUrSQ"  }
{"type": "server", "timestamp": "2022-03-30T04:11:14,205Z", "level": "WARN", "component": "o.e.t.ThreadPool", "cluster.name": "tpotcluster", "node.name": "tpotcluster-node-01", "message": "timer thread slept for [21s/21010492986ns] on relative clock which is above the warn threshold of [5000ms]", "cluster.uuid": "Qbw2pof0QzSXC1OvK0aFSw", "node.id": "t9hfPgy_RyC9LOJUxQUrSQ"  }
{"type": "server", "timestamp": "2022-03-30T04:11:24,990Z", "level": "WARN", "component": "o.e.t.ThreadPool", "cluster.name": "tpotcluster", "node.name": "tpotcluster-node-01", "message": "timer thread slept for [28.4s/28431ms] on absolute clock which is above the warn threshold of [5000ms]", "cluster.uuid": "Qbw2pof0QzSXC1OvK0aFSw", "node.id": "t9hfPgy_RyC9LOJUxQUrSQ"  }
{"type": "server", "timestamp": "2022-03-30T04:11:35,818Z", "level": "WARN", "component": "o.e.t.ThreadPool", "cluster.name": "tpotcluster", "node.name": "tpotcluster-node-01", "message": "timer thread slept for [28.4s/28431184225ns] on relative clock which is above the warn threshold of [5000ms]", "cluster.uuid": "Qbw2pof0QzSXC1OvK0aFSw", "node.id": "t9hfPgy_RyC9LOJUxQUrSQ"  }
{"type": "server", "timestamp": "2022-03-30T04:11:45,549Z", "level": "WARN", "component": "o.e.t.ThreadPool", "cluster.name": "tpotcluster", "node.name": "tpotcluster-node-01", "message": "timer thread slept for [20.1s/20107ms] on absolute clock which is above the warn threshold of [5000ms]", "cluster.uuid": "Qbw2pof0QzSXC1OvK0aFSw", "node.id": "t9hfPgy_RyC9LOJUxQUrSQ"  }
{"type": "server", "timestamp": "2022-03-30T04:12:10,019Z", "level": "WARN", "component": "o.e.t.ThreadPool", "cluster.name": "tpotcluster", "node.name": "tpotcluster-node-01", "message": "timer thread slept for [20.1s/20107161305ns] on relative clock which is above the warn threshold of [5000ms]", "cluster.uuid": "Qbw2pof0QzSXC1OvK0aFSw", "node.id": "t9hfPgy_RyC9LOJUxQUrSQ"  }
{"type": "server", "timestamp": "2022-03-30T04:12:21,322Z", "level": "WARN", "component": "o.e.t.ThreadPool", "cluster.name": "tpotcluster", "node.name": "tpotcluster-node-01", "message": "timer thread slept for [35.1s/35137ms] on absolute clock which is above the warn threshold of [5000ms]", "cluster.uuid": "Qbw2pof0QzSXC1OvK0aFSw", "node.id": "t9hfPgy_RyC9LOJUxQUrSQ"  }
{"type": "server", "timestamp": "2022-03-30T04:12:33,844Z", "level": "WARN", "component": "o.e.t.ThreadPool", "cluster.name": "tpotcluster", "node.name": "tpotcluster-node-01", "message": "timer thread slept for [35.1s/35136943678ns] on relative clock which is above the warn threshold of [5000ms]", "cluster.uuid": "Qbw2pof0QzSXC1OvK0aFSw", "node.id": "t9hfPgy_RyC9LOJUxQUrSQ"  }
{"type": "server", "timestamp": "2022-03-30T04:12:43,473Z", "level": "WARN", "component": "o.e.t.ThreadPool", "cluster.name": "tpotcluster", "node.name": "tpotcluster-node-01", "message": "timer thread slept for [23.2s/23266ms] on absolute clock which is above the warn threshold of [5000ms]", "cluster.uuid": "Qbw2pof0QzSXC1OvK0aFSw", "node.id": "t9hfPgy_RyC9LOJUxQUrSQ"  }
{"type": "server", "timestamp": "2022-03-30T04:12:54,849Z", "level": "WARN", "component": "o.e.t.ThreadPool", "cluster.name": "tpotcluster", "node.name": "tpotcluster-node-01", "message": "timer thread slept for [23.2s/23266418496ns] on relative clock which is above the warn threshold of [5000ms]", "cluster.uuid": "Qbw2pof0QzSXC1OvK0aFSw", "node.id": "t9hfPgy_RyC9LOJUxQUrSQ"  }
{"type": "server", "timestamp": "2022-03-30T04:13:06,823Z", "level": "WARN", "component": "o.e.t.ThreadPool", "cluster.name": "tpotcluster", "node.name": "tpotcluster-node-01", "message": "timer thread slept for [22.8s/22886ms] on absolute clock which is above the warn threshold of [5000ms]", "cluster.uuid": "Qbw2pof0QzSXC1OvK0aFSw", "node.id": "t9hfPgy_RyC9LOJUxQUrSQ"  }
{"type": "server", "timestamp": "2022-03-30T04:13:16,235Z", "level": "WARN", "component": "o.e.t.ThreadPool", "cluster.name": "tpotcluster", "node.name": "tpotcluster-node-01", "message": "timer thread slept for [22.8s/22885565252ns] on relative clock which is above the warn threshold of [5000ms]", "cluster.uuid": "Qbw2pof0QzSXC1OvK0aFSw", "node.id": "t9hfPgy_RyC9LOJUxQUrSQ"  }
{"type": "server", "timestamp": "2022-03-30T04:13:26,504Z", "level": "WARN", "component": "o.e.t.ThreadPool", "cluster.name": "tpotcluster", "node.name": "tpotcluster-node-01", "message": "timer thread slept for [20.1s/20164ms] on absolute clock which is above the warn threshold of [5000ms]", "cluster.uuid": "Qbw2pof0QzSXC1OvK0aFSw", "node.id": "t9hfPgy_RyC9LOJUxQUrSQ"  }
{"type": "server", "timestamp": "2022-03-30T04:13:35,154Z", "level": "WARN", "component": "o.e.t.ThreadPool", "cluster.name": "tpotcluster", "node.name": "tpotcluster-node-01", "message": "timer thread slept for [20.1s/20164383003ns] on relative clock which is above the warn threshold of [5000ms]", "cluster.uuid": "Qbw2pof0QzSXC1OvK0aFSw", "node.id": "t9hfPgy_RyC9LOJUxQUrSQ"  }
{"type": "server", "timestamp": "2022-03-30T04:13:45,526Z", "level": "WARN", "component": "o.e.t.ThreadPool", "cluster.name": "tpotcluster", "node.name": "tpotcluster-node-01", "message": "timer thread slept for [18.9s/18932ms] on absolute clock which is above the warn threshold of [5000ms]", "cluster.uuid": "Qbw2pof0QzSXC1OvK0aFSw", "node.id": "t9hfPgy_RyC9LOJUxQUrSQ"  }
{"type": "server", "timestamp": "2022-03-30T04:13:55,613Z", "level": "WARN", "component": "o.e.t.ThreadPool", "cluster.name": "tpotcluster", "node.name": "tpotcluster-node-01", "message": "timer thread slept for [18.9s/18931609438ns] on relative clock which is above the warn threshold of [5000ms]", "cluster.uuid": "Qbw2pof0QzSXC1OvK0aFSw", "node.id": "t9hfPgy_RyC9LOJUxQUrSQ"  }
{"type": "server", "timestamp": "2022-03-30T04:14:06,333Z", "level": "WARN", "component": "o.e.t.ThreadPool", "cluster.name": "tpotcluster", "node.name": "tpotcluster-node-01", "message": "timer thread slept for [20.6s/20670ms] on absolute clock which is above the warn threshold of [5000ms]", "cluster.uuid": "Qbw2pof0QzSXC1OvK0aFSw", "node.id": "t9hfPgy_RyC9LOJUxQUrSQ"  }
{"type": "server", "timestamp": "2022-03-30T04:14:20,500Z", "level": "WARN", "component": "o.e.t.ThreadPool", "cluster.name": "tpotcluster", "node.name": "tpotcluster-node-01", "message": "timer thread slept for [20.6s/20669939547ns] on relative clock which is above the warn threshold of [5000ms]", "cluster.uuid": "Qbw2pof0QzSXC1OvK0aFSw", "node.id": "t9hfPgy_RyC9LOJUxQUrSQ"  }
{"type": "server", "timestamp": "2022-03-30T04:14:32,023Z", "level": "WARN", "component": "o.e.t.ThreadPool", "cluster.name": "tpotcluster", "node.name": "tpotcluster-node-01", "message": "timer thread slept for [26.1s/26163ms] on absolute clock which is above the warn threshold of [5000ms]", "cluster.uuid": "Qbw2pof0QzSXC1OvK0aFSw", "node.id": "t9hfPgy_RyC9LOJUxQUrSQ"  }
{"type": "server", "timestamp": "2022-03-30T04:14:40,058Z", "level": "WARN", "component": "o.e.t.ThreadPool", "cluster.name": "tpotcluster", "node.name": "tpotcluster-node-01", "message": "timer thread slept for [26.1s/26163363186ns] on relative clock which is above the warn threshold of [5000ms]", "cluster.uuid": "Qbw2pof0QzSXC1OvK0aFSw", "node.id": "t9hfPgy_RyC9LOJUxQUrSQ"  }
{"type": "server", "timestamp": "2022-03-30T04:14:49,820Z", "level": "WARN", "component": "o.e.t.ThreadPool", "cluster.name": "tpotcluster", "node.name": "tpotcluster-node-01", "message": "timer thread slept for [17.5s/17550ms] on absolute clock which is above the warn threshold of [5000ms]", "cluster.uuid": "Qbw2pof0QzSXC1OvK0aFSw", "node.id": "t9hfPgy_RyC9LOJUxQUrSQ"  }
{"type": "server", "timestamp": "2022-03-30T04:15:01,227Z", "level": "WARN", "component": "o.e.t.ThreadPool", "cluster.name": "tpotcluster", "node.name": "tpotcluster-node-01", "message": "timer thread slept for [17.5s/17549839684ns] on relative clock which is above the warn threshold of [5000ms]", "cluster.uuid": "Qbw2pof0QzSXC1OvK0aFSw", "node.id": "t9hfPgy_RyC9LOJUxQUrSQ"  }
{"type": "server", "timestamp": "2022-03-30T04:15:11,535Z", "level": "WARN", "component": "o.e.t.ThreadPool", "cluster.name": "tpotcluster", "node.name": "tpotcluster-node-01", "message": "timer thread slept for [21.7s/21796ms] on absolute clock which is above the warn threshold of [5000ms]", "cluster.uuid": "Qbw2pof0QzSXC1OvK0aFSw", "node.id": "t9hfPgy_RyC9LOJUxQUrSQ"  }
{"type": "server", "timestamp": "2022-03-30T04:15:19,733Z", "level": "WARN", "component": "o.e.t.ThreadPool", "cluster.name": "tpotcluster", "node.name": "tpotcluster-node-01", "message": "timer thread slept for [21.7s/21796142838ns] on relative clock which is above the warn threshold of [5000ms]", "cluster.uuid": "Qbw2pof0QzSXC1OvK0aFSw", "node.id": "t9hfPgy_RyC9LOJUxQUrSQ"  }
{"type": "server", "timestamp": "2022-03-30T04:15:29,968Z", "level": "WARN", "component": "o.e.t.ThreadPool", "cluster.name": "tpotcluster", "node.name": "tpotcluster-node-01", "message": "timer thread slept for [17.9s/17948ms] on absolute clock which is above the warn threshold of [5000ms]", "cluster.uuid": "Qbw2pof0QzSXC1OvK0aFSw", "node.id": "t9hfPgy_RyC9LOJUxQUrSQ"  }
{"type": "server", "timestamp": "2022-03-30T04:15:39,168Z", "level": "WARN", "component": "o.e.t.ThreadPool", "cluster.name": "tpotcluster", "node.name": "tpotcluster-node-01", "message": "timer thread slept for [17.9s/17947700148ns] on relative clock which is above the warn threshold of [5000ms]", "cluster.uuid": "Qbw2pof0QzSXC1OvK0aFSw", "node.id": "t9hfPgy_RyC9LOJUxQUrSQ"  }
{"type": "server", "timestamp": "2022-03-30T04:16:03,879Z", "level": "WARN", "component": "o.e.t.ThreadPool", "cluster.name": "tpotcluster", "node.name": "tpotcluster-node-01", "message": "timer thread slept for [34.6s/34605ms] on absolute clock which is above the warn threshold of [5000ms]", "cluster.uuid": "Qbw2pof0QzSXC1OvK0aFSw", "node.id": "t9hfPgy_RyC9LOJUxQUrSQ"  }
{"type": "server", "timestamp": "2022-03-30T04:16:11,864Z", "level": "WARN", "component": "o.e.t.ThreadPool", "cluster.name": "tpotcluster", "node.name": "tpotcluster-node-01", "message": "timer thread slept for [34.6s/34605196074ns] on relative clock which is above the warn threshold of [5000ms]", "cluster.uuid": "Qbw2pof0QzSXC1OvK0aFSw", "node.id": "t9hfPgy_RyC9LOJUxQUrSQ"  }
{"type": "server", "timestamp": "2022-03-30T04:16:13,217Z", "level": "WARN", "component": "o.e.t.ThreadPool", "cluster.name": "tpotcluster", "node.name": "tpotcluster-node-01", "message": "execution of [org.elasticsearch.indices.IndicesService$CacheCleaner@703f8d40] took [34605ms] which is above the warn threshold of [5000ms]", "cluster.uuid": "Qbw2pof0QzSXC1OvK0aFSw", "node.id": "t9hfPgy_RyC9LOJUxQUrSQ"  }
{"type": "server", "timestamp": "2022-03-30T04:16:20,144Z", "level": "WARN", "component": "o.e.t.ThreadPool", "cluster.name": "tpotcluster", "node.name": "tpotcluster-node-01", "message": "timer thread slept for [16.1s/16106ms] on absolute clock which is above the warn threshold of [5000ms]", "cluster.uuid": "Qbw2pof0QzSXC1OvK0aFSw", "node.id": "t9hfPgy_RyC9LOJUxQUrSQ"  }
{"type": "server", "timestamp": "2022-03-30T04:16:28,244Z", "level": "WARN", "component": "o.e.t.ThreadPool", "cluster.name": "tpotcluster", "node.name": "tpotcluster-node-01", "message": "timer thread slept for [16.1s/16106156412ns] on relative clock which is above the warn threshold of [5000ms]", "cluster.uuid": "Qbw2pof0QzSXC1OvK0aFSw", "node.id": "t9hfPgy_RyC9LOJUxQUrSQ"  }
{"type": "server", "timestamp": "2022-03-30T04:17:24,688Z", "level": "WARN", "component": "o.e.t.ThreadPool", "cluster.name": "tpotcluster", "node.name": "tpotcluster-node-01", "message": "timer thread slept for [1m/62711ms] on absolute clock which is above the warn threshold of [5000ms]", "cluster.uuid": "Qbw2pof0QzSXC1OvK0aFSw", "node.id": "t9hfPgy_RyC9LOJUxQUrSQ"  }
{"type": "server", "timestamp": "2022-03-30T04:17:54,268Z", "level": "WARN", "component": "o.e.t.ThreadPool", "cluster.name": "tpotcluster", "node.name": "tpotcluster-node-01", "message": "timer thread slept for [1m/62710427279ns] on relative clock which is above the warn threshold of [5000ms]", "cluster.uuid": "Qbw2pof0QzSXC1OvK0aFSw", "node.id": "t9hfPgy_RyC9LOJUxQUrSQ"  }
{"type": "server", "timestamp": "2022-03-30T04:19:26,233Z", "level": "WARN", "component": "o.e.t.ThreadPool", "cluster.name": "tpotcluster", "node.name": "tpotcluster-node-01", "message": "timer thread slept for [2m/121497ms] on absolute clock which is above the warn threshold of [5000ms]", "cluster.uuid": "Qbw2pof0QzSXC1OvK0aFSw", "node.id": "t9hfPgy_RyC9LOJUxQUrSQ"  }
{"type": "server", "timestamp": "2022-03-30T04:19:46,716Z", "level": "WARN", "component": "o.e.t.ThreadPool", "cluster.name": "tpotcluster", "node.name": "tpotcluster-node-01", "message": "timer thread slept for [2m/121388849359ns] on relative clock which is above the warn threshold of [5000ms]", "cluster.uuid": "Qbw2pof0QzSXC1OvK0aFSw", "node.id": "t9hfPgy_RyC9LOJUxQUrSQ"  }
{"type": "server", "timestamp": "2022-03-30T04:20:07,763Z", "level": "WARN", "component": "o.e.t.ThreadPool", "cluster.name": "tpotcluster", "node.name": "tpotcluster-node-01", "message": "timer thread slept for [41.8s/41862ms] on absolute clock which is above the warn threshold of [5000ms]", "cluster.uuid": "Qbw2pof0QzSXC1OvK0aFSw", "node.id": "t9hfPgy_RyC9LOJUxQUrSQ"  }
{"type": "server", "timestamp": "2022-03-30T04:20:32,069Z", "level": "WARN", "component": "o.e.t.ThreadPool", "cluster.name": "tpotcluster", "node.name": "tpotcluster-node-01", "message": "timer thread slept for [41.9s/41970891129ns] on relative clock which is above the warn threshold of [5000ms]", "cluster.uuid": "Qbw2pof0QzSXC1OvK0aFSw", "node.id": "t9hfPgy_RyC9LOJUxQUrSQ"  }
{"type": "server", "timestamp": "2022-03-30T04:20:05,512Z", "level": "WARN", "component": "o.e.m.f.FsHealthService", "cluster.name": "tpotcluster", "node.name": "tpotcluster-node-01", "message": "health check of [/data/elk/data/nodes/0] took [184100ms] which is above the warn threshold of [5s]", "cluster.uuid": "Qbw2pof0QzSXC1OvK0aFSw", "node.id": "t9hfPgy_RyC9LOJUxQUrSQ"  }
{"type": "server", "timestamp": "2022-03-30T04:20:53,621Z", "level": "WARN", "component": "o.e.t.ThreadPool", "cluster.name": "tpotcluster", "node.name": "tpotcluster-node-01", "message": "timer thread slept for [44.8s/44849ms] on absolute clock which is above the warn threshold of [5000ms]", "cluster.uuid": "Qbw2pof0QzSXC1OvK0aFSw", "node.id": "t9hfPgy_RyC9LOJUxQUrSQ"  }
{"type": "server", "timestamp": "2022-03-30T04:21:14,427Z", "level": "WARN", "component": "o.e.t.ThreadPool", "cluster.name": "tpotcluster", "node.name": "tpotcluster-node-01", "message": "timer thread slept for [44.8s/44848279569ns] on relative clock which is above the warn threshold of [5000ms]", "cluster.uuid": "Qbw2pof0QzSXC1OvK0aFSw", "node.id": "t9hfPgy_RyC9LOJUxQUrSQ"  }
{"type": "server", "timestamp": "2022-03-30T04:21:39,170Z", "level": "WARN", "component": "o.e.t.ThreadPool", "cluster.name": "tpotcluster", "node.name": "tpotcluster-node-01", "message": "timer thread slept for [42.1s/42155ms] on absolute clock which is above the warn threshold of [5000ms]", "cluster.uuid": "Qbw2pof0QzSXC1OvK0aFSw", "node.id": "t9hfPgy_RyC9LOJUxQUrSQ"  }
{"type": "server", "timestamp": "2022-03-30T04:22:55,313Z", "level": "WARN", "component": "o.e.t.ThreadPool", "cluster.name": "tpotcluster", "node.name": "tpotcluster-node-01", "message": "timer thread slept for [42.1s/42155683731ns] on relative clock which is above the warn threshold of [5000ms]", "cluster.uuid": "Qbw2pof0QzSXC1OvK0aFSw", "node.id": "t9hfPgy_RyC9LOJUxQUrSQ"  }
{"type": "server", "timestamp": "2022-03-30T04:23:04,382Z", "level": "WARN", "component": "o.e.t.ThreadPool", "cluster.name": "tpotcluster", "node.name": "tpotcluster-node-01", "message": "execution of [ReschedulingRunnable{runnable=org.elasticsearch.indices.IndexingMemoryController$ShardsIndicesStatusChecker@3f04bc41, interval=5s}] took [42155ms] which is above the warn threshold of [5000ms]", "cluster.uuid": "Qbw2pof0QzSXC1OvK0aFSw", "node.id": "t9hfPgy_RyC9LOJUxQUrSQ"  }
{"type": "server", "timestamp": "2022-03-30T04:23:17,802Z", "level": "WARN", "component": "o.e.t.ThreadPool", "cluster.name": "tpotcluster", "node.name": "tpotcluster-node-01", "message": "timer thread slept for [1.7m/104321ms] on absolute clock which is above the warn threshold of [5000ms]", "cluster.uuid": "Qbw2pof0QzSXC1OvK0aFSw", "node.id": "t9hfPgy_RyC9LOJUxQUrSQ"  }
{"type": "server", "timestamp": "2022-03-30T04:23:42,596Z", "level": "WARN", "component": "o.e.t.ThreadPool", "cluster.name": "tpotcluster", "node.name": "tpotcluster-node-01", "message": "timer thread slept for [1.7m/104320286291ns] on relative clock which is above the warn threshold of [5000ms]", "cluster.uuid": "Qbw2pof0QzSXC1OvK0aFSw", "node.id": "t9hfPgy_RyC9LOJUxQUrSQ"  }
{"type": "server", "timestamp": "2022-03-30T04:24:06,301Z", "level": "WARN", "component": "o.e.t.ThreadPool", "cluster.name": "tpotcluster", "node.name": "tpotcluster-node-01", "message": "timer thread slept for [44.8s/44878ms] on absolute clock which is above the warn threshold of [5000ms]", "cluster.uuid": "Qbw2pof0QzSXC1OvK0aFSw", "node.id": "t9hfPgy_RyC9LOJUxQUrSQ"  }
{"type": "server", "timestamp": "2022-03-30T04:24:26,684Z", "level": "WARN", "component": "o.e.t.ThreadPool", "cluster.name": "tpotcluster", "node.name": "tpotcluster-node-01", "message": "timer thread slept for [44.8s/44878534421ns] on relative clock which is above the warn threshold of [5000ms]", "cluster.uuid": "Qbw2pof0QzSXC1OvK0aFSw", "node.id": "t9hfPgy_RyC9LOJUxQUrSQ"  }
{"type": "server", "timestamp": "2022-03-30T04:25:14,079Z", "level": "WARN", "component": "o.e.t.ThreadPool", "cluster.name": "tpotcluster", "node.name": "tpotcluster-node-01", "message": "timer thread slept for [1m/65408ms] on absolute clock which is above the warn threshold of [5000ms]", "cluster.uuid": "Qbw2pof0QzSXC1OvK0aFSw", "node.id": "t9hfPgy_RyC9LOJUxQUrSQ"  }
{"type": "server", "timestamp": "2022-03-30T04:25:26,064Z", "level": "WARN", "component": "o.e.t.ThreadPool", "cluster.name": "tpotcluster", "node.name": "tpotcluster-node-01", "message": "execution of [ReschedulingRunnable{runnable=org.elasticsearch.monitor.jvm.JvmGcMonitorService$1@3a534c4b, interval=1s}] took [110286ms] which is above the warn threshold of [5000ms]", "cluster.uuid": "Qbw2pof0QzSXC1OvK0aFSw", "node.id": "t9hfPgy_RyC9LOJUxQUrSQ"  }
{"type": "server", "timestamp": "2022-03-30T04:25:33,310Z", "level": "WARN", "component": "o.e.t.ThreadPool", "cluster.name": "tpotcluster", "node.name": "tpotcluster-node-01", "message": "timer thread slept for [1m/65407715848ns] on relative clock which is above the warn threshold of [5000ms]", "cluster.uuid": "Qbw2pof0QzSXC1OvK0aFSw", "node.id": "t9hfPgy_RyC9LOJUxQUrSQ"  }
{"type": "server", "timestamp": "2022-03-30T04:25:57,454Z", "level": "WARN", "component": "o.e.t.ThreadPool", "cluster.name": "tpotcluster", "node.name": "tpotcluster-node-01", "message": "timer thread slept for [47.4s/47474ms] on absolute clock which is above the warn threshold of [5000ms]", "cluster.uuid": "Qbw2pof0QzSXC1OvK0aFSw", "node.id": "t9hfPgy_RyC9LOJUxQUrSQ"  }
{"type": "server", "timestamp": "2022-03-30T04:26:20,912Z", "level": "WARN", "component": "o.e.t.ThreadPool", "cluster.name": "tpotcluster", "node.name": "tpotcluster-node-01", "message": "timer thread slept for [47.4s/47474042728ns] on relative clock which is above the warn threshold of [5000ms]", "cluster.uuid": "Qbw2pof0QzSXC1OvK0aFSw", "node.id": "t9hfPgy_RyC9LOJUxQUrSQ"  }
{"type": "server", "timestamp": "2022-03-30T04:26:49,545Z", "level": "WARN", "component": "o.e.t.ThreadPool", "cluster.name": "tpotcluster", "node.name": "tpotcluster-node-01", "message": "timer thread slept for [51.3s/51355ms] on absolute clock which is above the warn threshold of [5000ms]", "cluster.uuid": "Qbw2pof0QzSXC1OvK0aFSw", "node.id": "t9hfPgy_RyC9LOJUxQUrSQ"  }
{"type": "server", "timestamp": "2022-03-30T04:27:15,968Z", "level": "WARN", "component": "o.e.t.ThreadPool", "cluster.name": "tpotcluster", "node.name": "tpotcluster-node-01", "message": "timer thread slept for [51.3s/51354770426ns] on relative clock which is above the warn threshold of [5000ms]", "cluster.uuid": "Qbw2pof0QzSXC1OvK0aFSw", "node.id": "t9hfPgy_RyC9LOJUxQUrSQ"  }
{"type": "server", "timestamp": "2022-03-30T04:27:50,062Z", "level": "WARN", "component": "o.e.t.ThreadPool", "cluster.name": "tpotcluster", "node.name": "tpotcluster-node-01", "message": "timer thread slept for [1m/60044ms] on absolute clock which is above the warn threshold of [5000ms]", "cluster.uuid": "Qbw2pof0QzSXC1OvK0aFSw", "node.id": "t9hfPgy_RyC9LOJUxQUrSQ"  }
{"type": "server", "timestamp": "2022-03-30T04:28:18,522Z", "level": "WARN", "component": "o.e.t.ThreadPool", "cluster.name": "tpotcluster", "node.name": "tpotcluster-node-01", "message": "timer thread slept for [1m/60043734865ns] on relative clock which is above the warn threshold of [5000ms]", "cluster.uuid": "Qbw2pof0QzSXC1OvK0aFSw", "node.id": "t9hfPgy_RyC9LOJUxQUrSQ"  }
{"type": "server", "timestamp": "2022-03-30T04:28:48,855Z", "level": "WARN", "component": "o.e.t.ThreadPool", "cluster.name": "tpotcluster", "node.name": "tpotcluster-node-01", "message": "timer thread slept for [55.2s/55232ms] on absolute clock which is above the warn threshold of [5000ms]", "cluster.uuid": "Qbw2pof0QzSXC1OvK0aFSw", "node.id": "t9hfPgy_RyC9LOJUxQUrSQ"  }
{"type": "server", "timestamp": "2022-03-30T04:29:15,728Z", "level": "WARN", "component": "o.e.t.ThreadPool", "cluster.name": "tpotcluster", "node.name": "tpotcluster-node-01", "message": "timer thread slept for [55.2s/55232864128ns] on relative clock which is above the warn threshold of [5000ms]", "cluster.uuid": "Qbw2pof0QzSXC1OvK0aFSw", "node.id": "t9hfPgy_RyC9LOJUxQUrSQ"  }
{"type": "server", "timestamp": "2022-03-30T04:29:53,032Z", "level": "WARN", "component": "o.e.t.ThreadPool", "cluster.name": "tpotcluster", "node.name": "tpotcluster-node-01", "message": "timer thread slept for [57.6s/57623ms] on absolute clock which is above the warn threshold of [5000ms]", "cluster.uuid": "Qbw2pof0QzSXC1OvK0aFSw", "node.id": "t9hfPgy_RyC9LOJUxQUrSQ"  }
{"type": "server", "timestamp": "2022-03-30T04:30:49,848Z", "level": "WARN", "component": "o.e.t.ThreadPool", "cluster.name": "tpotcluster", "node.name": "tpotcluster-node-01", "message": "timer thread slept for [57.6s/57622577418ns] on relative clock which is above the warn threshold of [5000ms]", "cluster.uuid": "Qbw2pof0QzSXC1OvK0aFSw", "node.id": "t9hfPgy_RyC9LOJUxQUrSQ"  }
{"type": "server", "timestamp": "2022-03-30T04:31:46,695Z", "level": "WARN", "component": "o.e.t.ThreadPool", "cluster.name": "tpotcluster", "node.name": "tpotcluster-node-01", "message": "timer thread slept for [2m/122868ms] on absolute clock which is above the warn threshold of [5000ms]", "cluster.uuid": "Qbw2pof0QzSXC1OvK0aFSw", "node.id": "t9hfPgy_RyC9LOJUxQUrSQ"  }
{"type": "server", "timestamp": "2022-03-30T04:32:20,442Z", "level": "WARN", "component": "o.e.t.ThreadPool", "cluster.name": "tpotcluster", "node.name": "tpotcluster-node-01", "message": "timer thread slept for [2m/122868234004ns] on relative clock which is above the warn threshold of [5000ms]", "cluster.uuid": "Qbw2pof0QzSXC1OvK0aFSw", "node.id": "t9hfPgy_RyC9LOJUxQUrSQ"  }
{"type": "server", "timestamp": "2022-03-30T04:32:43,894Z", "level": "WARN", "component": "o.e.t.ThreadPool", "cluster.name": "tpotcluster", "node.name": "tpotcluster-node-01", "message": "timer thread slept for [1m/61145ms] on absolute clock which is above the warn threshold of [5000ms]", "cluster.uuid": "Qbw2pof0QzSXC1OvK0aFSw", "node.id": "t9hfPgy_RyC9LOJUxQUrSQ"  }
{"type": "server", "timestamp": "2022-03-30T04:32:50,999Z", "level": "WARN", "component": "o.e.g.PersistedClusterStateService", "cluster.name": "tpotcluster", "node.name": "tpotcluster-node-01", "message": "writing cluster state took [1223507ms] which is above the warn threshold of [10s]; wrote global metadata [false] and metadata for [1] indices and skipped [32] unchanged indices", "cluster.uuid": "Qbw2pof0QzSXC1OvK0aFSw", "node.id": "t9hfPgy_RyC9LOJUxQUrSQ"  }
{"type": "server", "timestamp": "2022-03-30T04:33:12,355Z", "level": "WARN", "component": "o.e.t.ThreadPool", "cluster.name": "tpotcluster", "node.name": "tpotcluster-node-01", "message": "timer thread slept for [1m/61144336015ns] on relative clock which is above the warn threshold of [5000ms]", "cluster.uuid": "Qbw2pof0QzSXC1OvK0aFSw", "node.id": "t9hfPgy_RyC9LOJUxQUrSQ"  }
{"type": "server", "timestamp": "2022-03-30T04:34:04,979Z", "level": "WARN", "component": "o.e.t.ThreadPool", "cluster.name": "tpotcluster", "node.name": "tpotcluster-node-01", "message": "timer thread slept for [1.3m/80734ms] on absolute clock which is above the warn threshold of [5000ms]", "cluster.uuid": "Qbw2pof0QzSXC1OvK0aFSw", "node.id": "t9hfPgy_RyC9LOJUxQUrSQ"  }
{"type": "server", "timestamp": "2022-03-30T04:34:15,993Z", "level": "WARN", "component": "o.e.t.ThreadPool", "cluster.name": "tpotcluster", "node.name": "tpotcluster-node-01", "message": "timer thread slept for [1.3m/80734364551ns] on relative clock which is above the warn threshold of [5000ms]", "cluster.uuid": "Qbw2pof0QzSXC1OvK0aFSw", "node.id": "t9hfPgy_RyC9LOJUxQUrSQ"  }
{"type": "server", "timestamp": "2022-03-30T04:34:21,654Z", "level": "WARN", "component": "o.e.t.ThreadPool", "cluster.name": "tpotcluster", "node.name": "tpotcluster-node-01", "message": "execution of [ReschedulingRunnable{runnable=org.elasticsearch.indices.IndexingMemoryController$ShardsIndicesStatusChecker@3f04bc41, interval=5s}] took [80734ms] which is above the warn threshold of [5000ms]", "cluster.uuid": "Qbw2pof0QzSXC1OvK0aFSw", "node.id": "t9hfPgy_RyC9LOJUxQUrSQ"  }
{"type": "server", "timestamp": "2022-03-30T04:34:26,638Z", "level": "WARN", "component": "o.e.t.ThreadPool", "cluster.name": "tpotcluster", "node.name": "tpotcluster-node-01", "message": "timer thread slept for [21.7s/21728ms] on absolute clock which is above the warn threshold of [5000ms]", "cluster.uuid": "Qbw2pof0QzSXC1OvK0aFSw", "node.id": "t9hfPgy_RyC9LOJUxQUrSQ"  }
{"type": "server", "timestamp": "2022-03-30T04:34:17,352Z", "level": "INFO", "component": "o.e.c.c.C.CoordinatorPublication", "cluster.name": "tpotcluster", "node.name": "tpotcluster-node-01", "message": "after [22.8m] publication of cluster state version [4552] is still waiting for {tpotcluster-node-01}{t9hfPgy_RyC9LOJUxQUrSQ}{yzh1XZvgRX2wEQro6KG2YQ}{127.0.0.1}{127.0.0.1:9300}{cdfhimrstw}{xpack.installed=true, transform.node=true} [SENT_PUBLISH_REQUEST]", "cluster.uuid": "Qbw2pof0QzSXC1OvK0aFSw", "node.id": "t9hfPgy_RyC9LOJUxQUrSQ"  }
{"type": "server", "timestamp": "2022-03-30T04:34:37,807Z", "level": "WARN", "component": "o.e.t.ThreadPool", "cluster.name": "tpotcluster", "node.name": "tpotcluster-node-01", "message": "timer thread slept for [21.7s/21727598086ns] on relative clock which is above the warn threshold of [5000ms]", "cluster.uuid": "Qbw2pof0QzSXC1OvK0aFSw", "node.id": "t9hfPgy_RyC9LOJUxQUrSQ"  }
{"type": "server", "timestamp": "2022-03-30T04:34:49,642Z", "level": "WARN", "component": "o.e.t.ThreadPool", "cluster.name": "tpotcluster", "node.name": "tpotcluster-node-01", "message": "timer thread slept for [23.4s/23427ms] on absolute clock which is above the warn threshold of [5000ms]", "cluster.uuid": "Qbw2pof0QzSXC1OvK0aFSw", "node.id": "t9hfPgy_RyC9LOJUxQUrSQ"  }
{"type": "server", "timestamp": "2022-03-30T04:34:53,933Z", "level": "WARN", "component": "o.e.m.f.FsHealthService", "cluster.name": "tpotcluster", "node.name": "tpotcluster-node-01", "message": "health check of [/data/elk/data/nodes/0] took [23428ms] which is above the warn threshold of [5s]", "cluster.uuid": "Qbw2pof0QzSXC1OvK0aFSw", "node.id": "t9hfPgy_RyC9LOJUxQUrSQ"  }
{"type": "server", "timestamp": "2022-03-30T04:35:02,595Z", "level": "WARN", "component": "o.e.t.ThreadPool", "cluster.name": "tpotcluster", "node.name": "tpotcluster-node-01", "message": "timer thread slept for [23.4s/23427621460ns] on relative clock which is above the warn threshold of [5000ms]", "cluster.uuid": "Qbw2pof0QzSXC1OvK0aFSw", "node.id": "t9hfPgy_RyC9LOJUxQUrSQ"  }
{"type": "server", "timestamp": "2022-03-30T04:35:15,394Z", "level": "WARN", "component": "o.e.t.ThreadPool", "cluster.name": "tpotcluster", "node.name": "tpotcluster-node-01", "message": "timer thread slept for [25.4s/25422ms] on absolute clock which is above the warn threshold of [5000ms]", "cluster.uuid": "Qbw2pof0QzSXC1OvK0aFSw", "node.id": "t9hfPgy_RyC9LOJUxQUrSQ"  }
{"type": "server", "timestamp": "2022-03-30T04:35:26,068Z", "level": "WARN", "component": "o.e.t.ThreadPool", "cluster.name": "tpotcluster", "node.name": "tpotcluster-node-01", "message": "timer thread slept for [25.4s/25421801833ns] on relative clock which is above the warn threshold of [5000ms]", "cluster.uuid": "Qbw2pof0QzSXC1OvK0aFSw", "node.id": "t9hfPgy_RyC9LOJUxQUrSQ"  }
{"type": "server", "timestamp": "2022-03-30T04:35:28,213Z", "level": "WARN", "component": "o.e.t.ThreadPool", "cluster.name": "tpotcluster", "node.name": "tpotcluster-node-01", "message": "execution of [ReschedulingRunnable{runnable=org.elasticsearch.monitor.jvm.JvmGcMonitorService$1@3a534c4b, interval=1s}] took [48849ms] which is above the warn threshold of [5000ms]", "cluster.uuid": "Qbw2pof0QzSXC1OvK0aFSw", "node.id": "t9hfPgy_RyC9LOJUxQUrSQ"  }
{"type": "server", "timestamp": "2022-03-30T04:35:36,473Z", "level": "WARN", "component": "o.e.t.ThreadPool", "cluster.name": "tpotcluster", "node.name": "tpotcluster-node-01", "message": "timer thread slept for [21.1s/21161ms] on absolute clock which is above the warn threshold of [5000ms]", "cluster.uuid": "Qbw2pof0QzSXC1OvK0aFSw", "node.id": "t9hfPgy_RyC9LOJUxQUrSQ"  }
{"type": "server", "timestamp": "2022-03-30T04:35:47,607Z", "level": "WARN", "component": "o.e.t.ThreadPool", "cluster.name": "tpotcluster", "node.name": "tpotcluster-node-01", "message": "timer thread slept for [21.1s/21161436093ns] on relative clock which is above the warn threshold of [5000ms]", "cluster.uuid": "Qbw2pof0QzSXC1OvK0aFSw", "node.id": "t9hfPgy_RyC9LOJUxQUrSQ"  }
{"type": "server", "timestamp": "2022-03-30T04:36:00,146Z", "level": "WARN", "component": "o.e.t.ThreadPool", "cluster.name": "tpotcluster", "node.name": "tpotcluster-node-01", "message": "timer thread slept for [23.5s/23512ms] on absolute clock which is above the warn threshold of [5000ms]", "cluster.uuid": "Qbw2pof0QzSXC1OvK0aFSw", "node.id": "t9hfPgy_RyC9LOJUxQUrSQ"  }
{"type": "server", "timestamp": "2022-03-30T04:36:10,632Z", "level": "WARN", "component": "o.e.t.ThreadPool", "cluster.name": "tpotcluster", "node.name": "tpotcluster-node-01", "message": "timer thread slept for [23.5s/23511407151ns] on relative clock which is above the warn threshold of [5000ms]", "cluster.uuid": "Qbw2pof0QzSXC1OvK0aFSw", "node.id": "t9hfPgy_RyC9LOJUxQUrSQ"  }
{"type": "server", "timestamp": "2022-03-30T04:36:19,729Z", "level": "WARN", "component": "o.e.t.ThreadPool", "cluster.name": "tpotcluster", "node.name": "tpotcluster-node-01", "message": "timer thread slept for [20.3s/20398ms] on absolute clock which is above the warn threshold of [5000ms]", "cluster.uuid": "Qbw2pof0QzSXC1OvK0aFSw", "node.id": "t9hfPgy_RyC9LOJUxQUrSQ"  }
{"type": "server", "timestamp": "2022-03-30T04:36:30,539Z", "level": "WARN", "component": "o.e.t.ThreadPool", "cluster.name": "tpotcluster", "node.name": "tpotcluster-node-01", "message": "timer thread slept for [20.3s/20398661175ns] on relative clock which is above the warn threshold of [5000ms]", "cluster.uuid": "Qbw2pof0QzSXC1OvK0aFSw", "node.id": "t9hfPgy_RyC9LOJUxQUrSQ"  }
{"type": "server", "timestamp": "2022-03-30T04:36:41,965Z", "level": "WARN", "component": "o.e.t.ThreadPool", "cluster.name": "tpotcluster", "node.name": "tpotcluster-node-01", "message": "timer thread slept for [21.2s/21292ms] on absolute clock which is above the warn threshold of [5000ms]", "cluster.uuid": "Qbw2pof0QzSXC1OvK0aFSw", "node.id": "t9hfPgy_RyC9LOJUxQUrSQ"  }
{"type": "server", "timestamp": "2022-03-30T04:36:35,777Z", "level": "WARN", "component": "o.e.c.InternalClusterInfoService", "cluster.name": "tpotcluster", "node.name": "tpotcluster-node-01", "message": "failed to retrieve shard stats from node [t9hfPgy_RyC9LOJUxQUrSQ]: [tpotcluster-node-01][127.0.0.1:9300][indices:monitor/stats[n]] request_id [186] timed out after [809162ms]", "cluster.uuid": "Qbw2pof0QzSXC1OvK0aFSw", "node.id": "t9hfPgy_RyC9LOJUxQUrSQ"  }
{"type": "server", "timestamp": "2022-03-30T04:36:50,847Z", "level": "WARN", "component": "o.e.t.ThreadPool", "cluster.name": "tpotcluster", "node.name": "tpotcluster-node-01", "message": "timer thread slept for [21.2s/21291904762ns] on relative clock which is above the warn threshold of [5000ms]", "cluster.uuid": "Qbw2pof0QzSXC1OvK0aFSw", "node.id": "t9hfPgy_RyC9LOJUxQUrSQ"  }
{"type": "server", "timestamp": "2022-03-30T04:37:02,229Z", "level": "WARN", "component": "o.e.t.ThreadPool", "cluster.name": "tpotcluster", "node.name": "tpotcluster-node-01", "message": "timer thread slept for [19.7s/19704ms] on absolute clock which is above the warn threshold of [5000ms]", "cluster.uuid": "Qbw2pof0QzSXC1OvK0aFSw", "node.id": "t9hfPgy_RyC9LOJUxQUrSQ"  }
{"type": "server", "timestamp": "2022-03-30T04:37:17,938Z", "level": "WARN", "component": "o.e.t.ThreadPool", "cluster.name": "tpotcluster", "node.name": "tpotcluster-node-01", "message": "timer thread slept for [19.7s/19703691052ns] on relative clock which is above the warn threshold of [5000ms]", "cluster.uuid": "Qbw2pof0QzSXC1OvK0aFSw", "node.id": "t9hfPgy_RyC9LOJUxQUrSQ"  }
{"type": "server", "timestamp": "2022-03-30T04:37:31,802Z", "level": "WARN", "component": "o.e.t.ThreadPool", "cluster.name": "tpotcluster", "node.name": "tpotcluster-node-01", "message": "timer thread slept for [31.2s/31260ms] on absolute clock which is above the warn threshold of [5000ms]", "cluster.uuid": "Qbw2pof0QzSXC1OvK0aFSw", "node.id": "t9hfPgy_RyC9LOJUxQUrSQ"  }
{"type": "server", "timestamp": "2022-03-30T04:37:35,065Z", "level": "WARN", "component": "o.e.t.ThreadPool", "cluster.name": "tpotcluster", "node.name": "tpotcluster-node-01", "message": "execution of [ReschedulingRunnable{runnable=org.elasticsearch.indices.IndexingMemoryController$ShardsIndicesStatusChecker@3f04bc41, interval=5s}] took [31260ms] which is above the warn threshold of [5000ms]", "cluster.uuid": "Qbw2pof0QzSXC1OvK0aFSw", "node.id": "t9hfPgy_RyC9LOJUxQUrSQ"  }
{"type": "server", "timestamp": "2022-03-30T04:37:42,643Z", "level": "WARN", "component": "o.e.t.ThreadPool", "cluster.name": "tpotcluster", "node.name": "tpotcluster-node-01", "message": "timer thread slept for [31.2s/31260087336ns] on relative clock which is above the warn threshold of [5000ms]", "cluster.uuid": "Qbw2pof0QzSXC1OvK0aFSw", "node.id": "t9hfPgy_RyC9LOJUxQUrSQ"  }
{"type": "server", "timestamp": "2022-03-30T04:37:55,028Z", "level": "WARN", "component": "o.e.t.ThreadPool", "cluster.name": "tpotcluster", "node.name": "tpotcluster-node-01", "message": "timer thread slept for [21.4s/21492ms] on absolute clock which is above the warn threshold of [5000ms]", "cluster.uuid": "Qbw2pof0QzSXC1OvK0aFSw", "node.id": "t9hfPgy_RyC9LOJUxQUrSQ"  }
{"type": "server", "timestamp": "2022-03-30T04:38:08,109Z", "level": "WARN", "component": "o.e.t.ThreadPool", "cluster.name": "tpotcluster", "node.name": "tpotcluster-node-01", "message": "timer thread slept for [21.4s/21491431575ns] on relative clock which is above the warn threshold of [5000ms]", "cluster.uuid": "Qbw2pof0QzSXC1OvK0aFSw", "node.id": "t9hfPgy_RyC9LOJUxQUrSQ"  }
{"type": "server", "timestamp": "2022-03-30T04:38:18,624Z", "level": "WARN", "component": "o.e.t.ThreadPool", "cluster.name": "tpotcluster", "node.name": "tpotcluster-node-01", "message": "timer thread slept for [24.7s/24757ms] on absolute clock which is above the warn threshold of [5000ms]", "cluster.uuid": "Qbw2pof0QzSXC1OvK0aFSw", "node.id": "t9hfPgy_RyC9LOJUxQUrSQ"  }
{"type": "server", "timestamp": "2022-03-30T04:38:32,098Z", "level": "WARN", "component": "o.e.t.ThreadPool", "cluster.name": "tpotcluster", "node.name": "tpotcluster-node-01", "message": "timer thread slept for [24.7s/24756962431ns] on relative clock which is above the warn threshold of [5000ms]", "cluster.uuid": "Qbw2pof0QzSXC1OvK0aFSw", "node.id": "t9hfPgy_RyC9LOJUxQUrSQ"  }
{"type": "server", "timestamp": "2022-03-30T04:38:44,089Z", "level": "WARN", "component": "o.e.t.ThreadPool", "cluster.name": "tpotcluster", "node.name": "tpotcluster-node-01", "message": "timer thread slept for [23.9s/23922ms] on absolute clock which is above the warn threshold of [5000ms]", "cluster.uuid": "Qbw2pof0QzSXC1OvK0aFSw", "node.id": "t9hfPgy_RyC9LOJUxQUrSQ"  }
{"type": "server", "timestamp": "2022-03-30T04:38:51,922Z", "level": "WARN", "component": "o.e.t.ThreadPool", "cluster.name": "tpotcluster", "node.name": "tpotcluster-node-01", "message": "execution of [ReschedulingRunnable{runnable=org.elasticsearch.monitor.jvm.JvmGcMonitorService$1@3a534c4b, interval=1s}] took [70170ms] which is above the warn threshold of [5000ms]", "cluster.uuid": "Qbw2pof0QzSXC1OvK0aFSw", "node.id": "t9hfPgy_RyC9LOJUxQUrSQ"  }
{"type": "server", "timestamp": "2022-03-30T04:38:56,506Z", "level": "WARN", "component": "o.e.t.ThreadPool", "cluster.name": "tpotcluster", "node.name": "tpotcluster-node-01", "message": "timer thread slept for [23.9s/23922307061ns] on relative clock which is above the warn threshold of [5000ms]", "cluster.uuid": "Qbw2pof0QzSXC1OvK0aFSw", "node.id": "t9hfPgy_RyC9LOJUxQUrSQ"  }
{"type": "server", "timestamp": "2022-03-30T04:39:14,600Z", "level": "WARN", "component": "o.e.t.ThreadPool", "cluster.name": "tpotcluster", "node.name": "tpotcluster-node-01", "message": "timer thread slept for [30s/30060ms] on absolute clock which is above the warn threshold of [5000ms]", "cluster.uuid": "Qbw2pof0QzSXC1OvK0aFSw", "node.id": "t9hfPgy_RyC9LOJUxQUrSQ"  }
{"type": "server", "timestamp": "2022-03-30T04:39:14,909Z", "level": "WARN", "component": "o.e.t.ThreadPool", "cluster.name": "tpotcluster", "node.name": "tpotcluster-node-01", "message": "execution of [ReschedulingRunnable{runnable=org.elasticsearch.watcher.ResourceWatcherService$ResourceMonitor@6f0c95bb, interval=5s}] took [30060ms] which is above the warn threshold of [5000ms]", "cluster.uuid": "Qbw2pof0QzSXC1OvK0aFSw", "node.id": "t9hfPgy_RyC9LOJUxQUrSQ"  }
{"type": "server", "timestamp": "2022-03-30T04:39:27,139Z", "level": "WARN", "component": "o.e.t.ThreadPool", "cluster.name": "tpotcluster", "node.name": "tpotcluster-node-01", "message": "timer thread slept for [30s/30060035557ns] on relative clock which is above the warn threshold of [5000ms]", "cluster.uuid": "Qbw2pof0QzSXC1OvK0aFSw", "node.id": "t9hfPgy_RyC9LOJUxQUrSQ"  }
{"type": "server", "timestamp": "2022-03-30T04:39:39,152Z", "level": "WARN", "component": "o.e.t.ThreadPool", "cluster.name": "tpotcluster", "node.name": "tpotcluster-node-01", "message": "timer thread slept for [26.1s/26148ms] on absolute clock which is above the warn threshold of [5000ms]", "cluster.uuid": "Qbw2pof0QzSXC1OvK0aFSw", "node.id": "t9hfPgy_RyC9LOJUxQUrSQ"  }
{"type": "server", "timestamp": "2022-03-30T04:39:53,046Z", "level": "WARN", "component": "o.e.t.ThreadPool", "cluster.name": "tpotcluster", "node.name": "tpotcluster-node-01", "message": "timer thread slept for [26.1s/26148300994ns] on relative clock which is above the warn threshold of [5000ms]", "cluster.uuid": "Qbw2pof0QzSXC1OvK0aFSw", "node.id": "t9hfPgy_RyC9LOJUxQUrSQ"  }
{"type": "server", "timestamp": "2022-03-30T04:40:05,597Z", "level": "WARN", "component": "o.e.t.ThreadPool", "cluster.name": "tpotcluster", "node.name": "tpotcluster-node-01", "message": "timer thread slept for [25.6s/25614ms] on absolute clock which is above the warn threshold of [5000ms]", "cluster.uuid": "Qbw2pof0QzSXC1OvK0aFSw", "node.id": "t9hfPgy_RyC9LOJUxQUrSQ"  }
{"type": "server", "timestamp": "2022-03-30T04:40:17,710Z", "level": "WARN", "component": "o.e.t.ThreadPool", "cluster.name": "tpotcluster", "node.name": "tpotcluster-node-01", "message": "timer thread slept for [25.6s/25614285222ns] on relative clock which is above the warn threshold of [5000ms]", "cluster.uuid": "Qbw2pof0QzSXC1OvK0aFSw", "node.id": "t9hfPgy_RyC9LOJUxQUrSQ"  }
{"type": "server", "timestamp": "2022-03-30T04:40:14,667Z", "level": "WARN", "component": "o.e.m.f.FsHealthService", "cluster.name": "tpotcluster", "node.name": "tpotcluster-node-01", "message": "health check of [/data/elk/data/nodes/0] took [25614ms] which is above the warn threshold of [5s]", "cluster.uuid": "Qbw2pof0QzSXC1OvK0aFSw", "node.id": "t9hfPgy_RyC9LOJUxQUrSQ"  }
{"type": "server", "timestamp": "2022-03-30T04:40:31,088Z", "level": "WARN", "component": "o.e.t.ThreadPool", "cluster.name": "tpotcluster", "node.name": "tpotcluster-node-01", "message": "timer thread slept for [25.7s/25739ms] on absolute clock which is above the warn threshold of [5000ms]", "cluster.uuid": "Qbw2pof0QzSXC1OvK0aFSw", "node.id": "t9hfPgy_RyC9LOJUxQUrSQ"  }
{"type": "server", "timestamp": "2022-03-30T04:40:42,050Z", "level": "WARN", "component": "o.e.t.ThreadPool", "cluster.name": "tpotcluster", "node.name": "tpotcluster-node-01", "message": "timer thread slept for [25.7s/25738211594ns] on relative clock which is above the warn threshold of [5000ms]", "cluster.uuid": "Qbw2pof0QzSXC1OvK0aFSw", "node.id": "t9hfPgy_RyC9LOJUxQUrSQ"  }
{"type": "server", "timestamp": "2022-03-30T04:40:49,068Z", "level": "WARN", "component": "o.e.t.ThreadPool", "cluster.name": "tpotcluster", "node.name": "tpotcluster-node-01", "message": "timer thread slept for [19.5s/19538ms] on absolute clock which is above the warn threshold of [5000ms]", "cluster.uuid": "Qbw2pof0QzSXC1OvK0aFSw", "node.id": "t9hfPgy_RyC9LOJUxQUrSQ"  }
{"type": "server", "timestamp": "2022-03-30T04:40:51,641Z", "level": "WARN", "component": "o.e.t.ThreadPool", "cluster.name": "tpotcluster", "node.name": "tpotcluster-node-01", "message": "execution of [ReschedulingRunnable{runnable=org.elasticsearch.indices.IndexingMemoryController$ShardsIndicesStatusChecker@3f04bc41, interval=5s}] took [19538ms] which is above the warn threshold of [5000ms]", "cluster.uuid": "Qbw2pof0QzSXC1OvK0aFSw", "node.id": "t9hfPgy_RyC9LOJUxQUrSQ"  }
{"type": "server", "timestamp": "2022-03-30T04:40:59,234Z", "level": "WARN", "component": "o.e.t.ThreadPool", "cluster.name": "tpotcluster", "node.name": "tpotcluster-node-01", "message": "timer thread slept for [19.5s/19538094447ns] on relative clock which is above the warn threshold of [5000ms]", "cluster.uuid": "Qbw2pof0QzSXC1OvK0aFSw", "node.id": "t9hfPgy_RyC9LOJUxQUrSQ"  }
{"type": "server", "timestamp": "2022-03-30T04:41:09,814Z", "level": "WARN", "component": "o.e.t.ThreadPool", "cluster.name": "tpotcluster", "node.name": "tpotcluster-node-01", "message": "timer thread slept for [19.7s/19794ms] on absolute clock which is above the warn threshold of [5000ms]", "cluster.uuid": "Qbw2pof0QzSXC1OvK0aFSw", "node.id": "t9hfPgy_RyC9LOJUxQUrSQ"  }
{"type": "server", "timestamp": "2022-03-30T04:41:18,275Z", "level": "WARN", "component": "o.e.t.ThreadPool", "cluster.name": "tpotcluster", "node.name": "tpotcluster-node-01", "message": "timer thread slept for [19.7s/19794082910ns] on relative clock which is above the warn threshold of [5000ms]", "cluster.uuid": "Qbw2pof0QzSXC1OvK0aFSw", "node.id": "t9hfPgy_RyC9LOJUxQUrSQ"  }
{"type": "server", "timestamp": "2022-03-30T04:41:30,075Z", "level": "WARN", "component": "o.e.t.ThreadPool", "cluster.name": "tpotcluster", "node.name": "tpotcluster-node-01", "message": "timer thread slept for [20.1s/20117ms] on absolute clock which is above the warn threshold of [5000ms]", "cluster.uuid": "Qbw2pof0QzSXC1OvK0aFSw", "node.id": "t9hfPgy_RyC9LOJUxQUrSQ"  }
{"type": "server", "timestamp": "2022-03-30T04:41:41,223Z", "level": "WARN", "component": "o.e.t.ThreadPool", "cluster.name": "tpotcluster", "node.name": "tpotcluster-node-01", "message": "timer thread slept for [20.1s/20117063940ns] on relative clock which is above the warn threshold of [5000ms]", "cluster.uuid": "Qbw2pof0QzSXC1OvK0aFSw", "node.id": "t9hfPgy_RyC9LOJUxQUrSQ"  }
{"type": "server", "timestamp": "2022-03-30T04:41:52,568Z", "level": "WARN", "component": "o.e.t.ThreadPool", "cluster.name": "tpotcluster", "node.name": "tpotcluster-node-01", "message": "timer thread slept for [22.2s/22238ms] on absolute clock which is above the warn threshold of [5000ms]", "cluster.uuid": "Qbw2pof0QzSXC1OvK0aFSw", "node.id": "t9hfPgy_RyC9LOJUxQUrSQ"  }
{"type": "server", "timestamp": "2022-03-30T04:42:01,402Z", "level": "WARN", "component": "o.e.t.ThreadPool", "cluster.name": "tpotcluster", "node.name": "tpotcluster-node-01", "message": "timer thread slept for [22.2s/22238154433ns] on relative clock which is above the warn threshold of [5000ms]", "cluster.uuid": "Qbw2pof0QzSXC1OvK0aFSw", "node.id": "t9hfPgy_RyC9LOJUxQUrSQ"  }
{"type": "server", "timestamp": "2022-03-30T04:42:09,431Z", "level": "WARN", "component": "o.e.c.s.ClusterApplierService", "cluster.name": "tpotcluster", "node.name": "tpotcluster-node-01", "message": "cluster state applier task [Publication{term=157, version=4552}] took [7m] which is above the warn threshold of [30s]: [running task [Publication{term=157, version=4552}]] took [348ms], [connecting to new nodes] took [4146ms], [applying settings] took [154ms], [org.elasticsearch.repositories.RepositoriesService@4cd26a53] took [238ms], [org.elasticsearch.indices.cluster.IndicesClusterStateService@7acb18da] took [66790ms], [org.elasticsearch.script.ScriptService@58a38cef] took [0ms], [org.elasticsearch.xpack.ilm.IndexLifecycleService@3c3ab31e] took [0ms], [org.elasticsearch.snapshots.RestoreService@63e5c638] took [0ms], [org.elasticsearch.ingest.IngestService@41ca0f56] took [8873ms], [org.elasticsearch.action.ingest.IngestActionForwarder@54a3774] took [1077ms], [org.elasticsearch.action.admin.cluster.repositories.cleanup.TransportCleanupRepositoryAction$$Lambda$4527/0x00000008016ce200@6c01d680] took [323ms], [org.elasticsearch.indices.TimestampFieldMapperService@2198193e] took [1860ms], [org.elasticsearch.tasks.TaskManager@303902e4] took [76ms], [org.elasticsearch.snapshots.SnapshotsService@649c7200] took [430ms], [org.elasticsearch.cluster.InternalClusterInfoService@ca40123] took [88ms], [org.elasticsearch.snapshots.InternalSnapshotsInfoService@798af648] took [527ms], [org.elasticsearch.indices.SystemIndexManager@48d596bf] took [13464ms], [org.elasticsearch.xpack.shutdown.NodeSeenService@d7f5757] took [276ms], [org.elasticsearch.xpack.autoscaling.capacity.memory.AutoscalingMemoryInfoService$$Lambda$3179/0x00000008012dee58@48c6cae8] took [1628ms], [org.elasticsearch.xpack.ccr.action.ShardFollowTaskCleaner@1d903cd3] took [403ms], [org.elasticsearch.xpack.enrich.EnrichPolicyMaintenanceService@3ec6e3be] took [113ms], [org.elasticsearch.xpack.transform.notifications.TransformAuditor$$Lambda$3197/0x0000000801402c08@241a0d03] took [0ms], [org.elasticsearch.xpack.transform.TransformClusterStateListener@3940a133] took [164ms], [org.elasticsearch.xpack.stack.StackTemplateRegistry@37225ecb] took [180282ms], [org.elasticsearch.xpack.searchablesnapshots.cache.blob.BlobStoreCacheMaintenanceService@7e427580] took [0ms], [org.elasticsearch.xpack.searchablesnapshots.SearchableSnapshots$RepositoryUuidWatcher@16ff92d2] took [0ms], [org.elasticsearch.xpack.watcher.support.WatcherIndexTemplateRegistry@7bfc0bf8] took [38022ms], [org.elasticsearch.xpack.watcher.WatcherLifeCycleService@2ded3cf3] took [595ms], [org.elasticsearch.xpack.watcher.WatcherIndexingListener@6c91b286] took [575ms], [org.elasticsearch.xpack.ilm.history.ILMHistoryTemplateRegistry@612d4c4] took [25171ms], [org.elasticsearch.xpack.ilm.IndexLifecycleService@3c3ab31e] took [4333ms], [org.elasticsearch.xpack.core.slm.history.SnapshotLifecycleTemplateRegistry@1daaac35] took [21107ms], [org.elasticsearch.xpack.slm.SnapshotLifecycleService@59e411d7] took [235ms], [org.elasticsearch.xpack.slm.SnapshotRetentionService@60a700fa] took [0ms], [org.elasticsearch.xpack.deprecation.logging.DeprecationIndexingTemplateRegistry@48107214] took [27065ms], [org.elasticsearch.xpack.fleet.FleetTemplateRegistry@bafdecc] took [15734ms], [org.elasticsearch.cluster.metadata.SystemIndexMetadataUpgradeService@3dc825d5] took [262ms], [org.elasticsearch.cluster.metadata.TemplateUpgradeService@a842e5b] took [2369ms], [org.elasticsearch.node.ResponseCollectorService@7f28c879] took [76ms], [org.elasticsearch.snapshots.SnapshotShardsService@1b43bd86] took [0ms], [org.elasticsearch.persistent.PersistentTasksClusterService@67d9c5b6] took [773ms], [org.elasticsearch.shutdown.PluginShutdownService@4c04d9e0] took [327ms], [org.elasticsearch.cluster.routing.DelayedAllocationService@1d0873ac] took [75ms], [org.elasticsearch.indices.store.IndicesStore@20a8f7c] took [537ms], [org.elasticsearch.persistent.PersistentTasksNodeService@7a795d01] took [319ms], [org.elasticsearch.license.LicenseService@a80378b] took [0ms], [org.elasticsearch.xpack.ccr.action.AutoFollowCoordinator@2eca4fe] took [229ms], [org.elasticsearch.xpack.core.async.AsyncTaskMaintenanceService@4828f69b] took [0ms], [org.elasticsearch.gateway.GatewayService@48ec042f] took [0ms], [org.elasticsearch.indices.recovery.PeerRecoverySourceService@33c0551f] took [390ms]", "cluster.uuid": "Qbw2pof0QzSXC1OvK0aFSw", "node.id": "t9hfPgy_RyC9LOJUxQUrSQ"  }
{"type": "server", "timestamp": "2022-03-30T04:42:11,972Z", "level": "WARN", "component": "o.e.t.ThreadPool", "cluster.name": "tpotcluster", "node.name": "tpotcluster-node-01", "message": "timer thread slept for [19.4s/19417ms] on absolute clock which is above the warn threshold of [5000ms]", "cluster.uuid": "Qbw2pof0QzSXC1OvK0aFSw", "node.id": "t9hfPgy_RyC9LOJUxQUrSQ"  }
{"type": "server", "timestamp": "2022-03-30T04:42:16,259Z", "level": "WARN", "component": "o.e.t.ThreadPool", "cluster.name": "tpotcluster", "node.name": "tpotcluster-node-01", "message": "execution of [ReschedulingRunnable{runnable=org.elasticsearch.monitor.jvm.JvmGcMonitorService$1@3a534c4b, interval=1s}] took [61772ms] which is above the warn threshold of [5000ms]", "cluster.uuid": "Qbw2pof0QzSXC1OvK0aFSw", "node.id": "t9hfPgy_RyC9LOJUxQUrSQ"  }
{"type": "server", "timestamp": "2022-03-30T04:42:19,339Z", "level": "WARN", "component": "o.e.t.ThreadPool", "cluster.name": "tpotcluster", "node.name": "tpotcluster-node-01", "message": "timer thread slept for [19.4s/19416928197ns] on relative clock which is above the warn threshold of [5000ms]", "cluster.uuid": "Qbw2pof0QzSXC1OvK0aFSw", "node.id": "t9hfPgy_RyC9LOJUxQUrSQ"  }
{"type": "server", "timestamp": "2022-03-30T04:42:29,094Z", "level": "WARN", "component": "o.e.t.ThreadPool", "cluster.name": "tpotcluster", "node.name": "tpotcluster-node-01", "message": "timer thread slept for [18s/18025ms] on absolute clock which is above the warn threshold of [5000ms]", "cluster.uuid": "Qbw2pof0QzSXC1OvK0aFSw", "node.id": "t9hfPgy_RyC9LOJUxQUrSQ"  }
{"type": "server", "timestamp": "2022-03-30T04:42:38,047Z", "level": "WARN", "component": "o.e.t.ThreadPool", "cluster.name": "tpotcluster", "node.name": "tpotcluster-node-01", "message": "execution of [ReschedulingRunnable{runnable=org.elasticsearch.watcher.ResourceWatcherService$ResourceMonitor@6f0c95bb, interval=5s}] took [18025ms] which is above the warn threshold of [5000ms]", "cluster.uuid": "Qbw2pof0QzSXC1OvK0aFSw", "node.id": "t9hfPgy_RyC9LOJUxQUrSQ"  }
{"type": "server", "timestamp": "2022-03-30T04:42:38,047Z", "level": "WARN", "component": "o.e.t.ThreadPool", "cluster.name": "tpotcluster", "node.name": "tpotcluster-node-01", "message": "timer thread slept for [18s/18025236867ns] on relative clock which is above the warn threshold of [5000ms]", "cluster.uuid": "Qbw2pof0QzSXC1OvK0aFSw", "node.id": "t9hfPgy_RyC9LOJUxQUrSQ"  }
{"type": "server", "timestamp": "2022-03-30T04:42:42,745Z", "level": "WARN", "component": "o.e.c.s.MasterService", "cluster.name": "tpotcluster", "node.name": "tpotcluster-node-01", "message": "pending task queue has been nonempty for [49.2m/2957169ms] which is longer than the warn threshold of [300000ms]; there are currently [2] pending tasks, the oldest of which has age [49.4m/2968070ms]", "cluster.uuid": "Qbw2pof0QzSXC1OvK0aFSw", "node.id": "t9hfPgy_RyC9LOJUxQUrSQ"  }
{"type": "server", "timestamp": "2022-03-30T04:42:44,947Z", "level": "WARN", "component": "o.e.t.ThreadPool", "cluster.name": "tpotcluster", "node.name": "tpotcluster-node-01", "message": "timer thread slept for [15.8s/15897ms] on absolute clock which is above the warn threshold of [5000ms]", "cluster.uuid": "Qbw2pof0QzSXC1OvK0aFSw", "node.id": "t9hfPgy_RyC9LOJUxQUrSQ"  }
{"type": "server", "timestamp": "2022-03-30T04:42:52,741Z", "level": "WARN", "component": "o.e.t.ThreadPool", "cluster.name": "tpotcluster", "node.name": "tpotcluster-node-01", "message": "timer thread slept for [15.8s/15897266659ns] on relative clock which is above the warn threshold of [5000ms]", "cluster.uuid": "Qbw2pof0QzSXC1OvK0aFSw", "node.id": "t9hfPgy_RyC9LOJUxQUrSQ"  }
{"type": "server", "timestamp": "2022-03-30T04:43:10,497Z", "level": "WARN", "component": "o.e.t.ThreadPool", "cluster.name": "tpotcluster", "node.name": "tpotcluster-node-01", "message": "timer thread slept for [25.7s/25766ms] on absolute clock which is above the warn threshold of [5000ms]", "cluster.uuid": "Qbw2pof0QzSXC1OvK0aFSw", "node.id": "t9hfPgy_RyC9LOJUxQUrSQ"  }
{"type": "server", "timestamp": "2022-03-30T04:43:20,410Z", "level": "WARN", "component": "o.e.t.ThreadPool", "cluster.name": "tpotcluster", "node.name": "tpotcluster-node-01", "message": "timer thread slept for [25.7s/25765378818ns] on relative clock which is above the warn threshold of [5000ms]", "cluster.uuid": "Qbw2pof0QzSXC1OvK0aFSw", "node.id": "t9hfPgy_RyC9LOJUxQUrSQ"  }
{"type": "server", "timestamp": "2022-03-30T04:43:31,017Z", "level": "WARN", "component": "o.e.t.ThreadPool", "cluster.name": "tpotcluster", "node.name": "tpotcluster-node-01", "message": "timer thread slept for [18.5s/18535ms] on absolute clock which is above the warn threshold of [5000ms]", "cluster.uuid": "Qbw2pof0QzSXC1OvK0aFSw", "node.id": "t9hfPgy_RyC9LOJUxQUrSQ"  }
{"type": "server", "timestamp": "2022-03-30T04:43:40,760Z", "level": "WARN", "component": "o.e.t.ThreadPool", "cluster.name": "tpotcluster", "node.name": "tpotcluster-node-01", "message": "timer thread slept for [18.5s/18534711686ns] on relative clock which is above the warn threshold of [5000ms]", "cluster.uuid": "Qbw2pof0QzSXC1OvK0aFSw", "node.id": "t9hfPgy_RyC9LOJUxQUrSQ"  }
{"type": "server", "timestamp": "2022-03-30T04:43:50,946Z", "level": "WARN", "component": "o.e.t.ThreadPool", "cluster.name": "tpotcluster", "node.name": "tpotcluster-node-01", "message": "timer thread slept for [19.9s/19983ms] on absolute clock which is above the warn threshold of [5000ms]", "cluster.uuid": "Qbw2pof0QzSXC1OvK0aFSw", "node.id": "t9hfPgy_RyC9LOJUxQUrSQ"  }
{"type": "server", "timestamp": "2022-03-30T04:44:01,012Z", "level": "WARN", "component": "o.e.t.ThreadPool", "cluster.name": "tpotcluster", "node.name": "tpotcluster-node-01", "message": "timer thread slept for [19.9s/19983372609ns] on relative clock which is above the warn threshold of [5000ms]", "cluster.uuid": "Qbw2pof0QzSXC1OvK0aFSw", "node.id": "t9hfPgy_RyC9LOJUxQUrSQ"  }
{"type": "server", "timestamp": "2022-03-30T04:44:11,623Z", "level": "WARN", "component": "o.e.t.ThreadPool", "cluster.name": "tpotcluster", "node.name": "tpotcluster-node-01", "message": "timer thread slept for [22.5s/22588ms] on absolute clock which is above the warn threshold of [5000ms]", "cluster.uuid": "Qbw2pof0QzSXC1OvK0aFSw", "node.id": "t9hfPgy_RyC9LOJUxQUrSQ"  }
{"type": "server", "timestamp": "2022-03-30T04:44:21,690Z", "level": "WARN", "component": "o.e.t.ThreadPool", "cluster.name": "tpotcluster", "node.name": "tpotcluster-node-01", "message": "timer thread slept for [22.5s/22588240646ns] on relative clock which is above the warn threshold of [5000ms]", "cluster.uuid": "Qbw2pof0QzSXC1OvK0aFSw", "node.id": "t9hfPgy_RyC9LOJUxQUrSQ"  }
{"type": "server", "timestamp": "2022-03-30T04:44:50,553Z", "level": "WARN", "component": "o.e.t.ThreadPool", "cluster.name": "tpotcluster", "node.name": "tpotcluster-node-01", "message": "timer thread slept for [18.7s/18752ms] on absolute clock which is above the warn threshold of [5000ms]", "cluster.uuid": "Qbw2pof0QzSXC1OvK0aFSw", "node.id": "t9hfPgy_RyC9LOJUxQUrSQ"  }
{"type": "server", "timestamp": "2022-03-30T04:45:06,750Z", "level": "WARN", "component": "o.e.t.ThreadPool", "cluster.name": "tpotcluster", "node.name": "tpotcluster-node-01", "message": "timer thread slept for [18.7s/18752150486ns] on relative clock which is above the warn threshold of [5000ms]", "cluster.uuid": "Qbw2pof0QzSXC1OvK0aFSw", "node.id": "t9hfPgy_RyC9LOJUxQUrSQ"  }
{"type": "server", "timestamp": "2022-03-30T04:45:19,912Z", "level": "WARN", "component": "o.e.t.ThreadPool", "cluster.name": "tpotcluster", "node.name": "tpotcluster-node-01", "message": "timer thread slept for [48.9s/48951ms] on absolute clock which is above the warn threshold of [5000ms]", "cluster.uuid": "Qbw2pof0QzSXC1OvK0aFSw", "node.id": "t9hfPgy_RyC9LOJUxQUrSQ"  }
{"type": "server", "timestamp": "2022-03-30T04:45:33,785Z", "level": "WARN", "component": "o.e.t.ThreadPool", "cluster.name": "tpotcluster", "node.name": "tpotcluster-node-01", "message": "timer thread slept for [48.9s/48950776276ns] on relative clock which is above the warn threshold of [5000ms]", "cluster.uuid": "Qbw2pof0QzSXC1OvK0aFSw", "node.id": "t9hfPgy_RyC9LOJUxQUrSQ"  }
{"type": "server", "timestamp": "2022-03-30T04:45:45,769Z", "level": "WARN", "component": "o.e.t.ThreadPool", "cluster.name": "tpotcluster", "node.name": "tpotcluster-node-01", "message": "timer thread slept for [25.8s/25867ms] on absolute clock which is above the warn threshold of [5000ms]", "cluster.uuid": "Qbw2pof0QzSXC1OvK0aFSw", "node.id": "t9hfPgy_RyC9LOJUxQUrSQ"  }
{"type": "server", "timestamp": "2022-03-30T04:45:47,734Z", "level": "WARN", "component": "o.e.t.ThreadPool", "cluster.name": "tpotcluster", "node.name": "tpotcluster-node-01", "message": "execution of [org.elasticsearch.cluster.InternalClusterInfoService$RefreshScheduler$$Lambda$5095/0x00000008017da000@33165f75] took [180441ms] which is above the warn threshold of [5000ms]", "cluster.uuid": "Qbw2pof0QzSXC1OvK0aFSw", "node.id": "t9hfPgy_RyC9LOJUxQUrSQ"  }
{"type": "server", "timestamp": "2022-03-30T04:45:59,029Z", "level": "WARN", "component": "o.e.t.ThreadPool", "cluster.name": "tpotcluster", "node.name": "tpotcluster-node-01", "message": "timer thread slept for [25.8s/25867323757ns] on relative clock which is above the warn threshold of [5000ms]", "cluster.uuid": "Qbw2pof0QzSXC1OvK0aFSw", "node.id": "t9hfPgy_RyC9LOJUxQUrSQ"  }
{"type": "server", "timestamp": "2022-03-30T04:46:37,084Z", "level": "WARN", "component": "o.e.t.ThreadPool", "cluster.name": "tpotcluster", "node.name": "tpotcluster-node-01", "message": "timer thread slept for [50.9s/50964ms] on absolute clock which is above the warn threshold of [5000ms]", "cluster.uuid": "Qbw2pof0QzSXC1OvK0aFSw", "node.id": "t9hfPgy_RyC9LOJUxQUrSQ"  }
{"type": "server", "timestamp": "2022-03-30T04:49:30,027Z", "level": "WARN", "component": "o.e.t.ThreadPool", "cluster.name": "tpotcluster", "node.name": "tpotcluster-node-01", "message": "timer thread slept for [50.9s/50963157277ns] on relative clock which is above the warn threshold of [5000ms]", "cluster.uuid": "Qbw2pof0QzSXC1OvK0aFSw", "node.id": "t9hfPgy_RyC9LOJUxQUrSQ"  }
{"type": "server", "timestamp": "2022-03-30T04:52:48,685Z", "level": "WARN", "component": "o.e.t.ThreadPool", "cluster.name": "tpotcluster", "node.name": "tpotcluster-node-01", "message": "timer thread slept for [5.8m/350521ms] on absolute clock which is above the warn threshold of [5000ms]", "cluster.uuid": "Qbw2pof0QzSXC1OvK0aFSw", "node.id": "t9hfPgy_RyC9LOJUxQUrSQ"  }
{"type": "server", "timestamp": "2022-03-30T04:53:15,229Z", "level": "WARN", "component": "o.e.t.ThreadPool", "cluster.name": "tpotcluster", "node.name": "tpotcluster-node-01", "message": "execution of [ReschedulingRunnable{runnable=org.elasticsearch.indices.IndexingMemoryController$ShardsIndicesStatusChecker@3f04bc41, interval=5s}] took [349983ms] which is above the warn threshold of [5000ms]", "cluster.uuid": "Qbw2pof0QzSXC1OvK0aFSw", "node.id": "t9hfPgy_RyC9LOJUxQUrSQ"  }
{"type": "server", "timestamp": "2022-03-30T04:56:44,228Z", "level": "WARN", "component": "o.e.t.ThreadPool", "cluster.name": "tpotcluster", "node.name": "tpotcluster-node-01", "message": "timer thread slept for [5.8m/349983367271ns] on relative clock which is above the warn threshold of [5000ms]", "cluster.uuid": "Qbw2pof0QzSXC1OvK0aFSw", "node.id": "t9hfPgy_RyC9LOJUxQUrSQ"  }
{"type": "server", "timestamp": "2022-03-30T04:55:28,569Z", "level": "WARN", "component": "o.e.c.s.MasterService", "cluster.name": "tpotcluster", "node.name": "tpotcluster-node-01", "message": "took [12.3m/743646ms] to compute cluster state update for [cluster_reroute(reroute after starting shards)], which exceeds the warn threshold of [10s]", "cluster.uuid": "Qbw2pof0QzSXC1OvK0aFSw", "node.id": "t9hfPgy_RyC9LOJUxQUrSQ"  }
{"type": "server", "timestamp": "2022-03-30T04:58:08,222Z", "level": "WARN", "component": "o.e.t.ThreadPool", "cluster.name": "tpotcluster", "node.name": "tpotcluster-node-01", "message": "timer thread slept for [5.6m/336640ms] on absolute clock which is above the warn threshold of [5000ms]", "cluster.uuid": "Qbw2pof0QzSXC1OvK0aFSw", "node.id": "t9hfPgy_RyC9LOJUxQUrSQ"  }
{"type": "server", "timestamp": "2022-03-30T04:58:52,413Z", "level": "WARN", "component": "o.e.t.ThreadPool", "cluster.name": "tpotcluster", "node.name": "tpotcluster-node-01", "message": "timer thread slept for [5.6m/337046928262ns] on relative clock which is above the warn threshold of [5000ms]", "cluster.uuid": "Qbw2pof0QzSXC1OvK0aFSw", "node.id": "t9hfPgy_RyC9LOJUxQUrSQ"  }
{"type": "server", "timestamp": "2022-03-30T04:58:59,213Z", "level": "WARN", "component": "o.e.t.ThreadPool", "cluster.name": "tpotcluster", "node.name": "tpotcluster-node-01", "message": "timer thread slept for [56.3s/56339ms] on absolute clock which is above the warn threshold of [5000ms]", "cluster.uuid": "Qbw2pof0QzSXC1OvK0aFSw", "node.id": "t9hfPgy_RyC9LOJUxQUrSQ"  }
{"type": "server", "timestamp": "2022-03-30T04:59:04,350Z", "level": "WARN", "component": "o.e.t.ThreadPool", "cluster.name": "tpotcluster", "node.name": "tpotcluster-node-01", "message": "timer thread slept for [56.4s/56470091521ns] on relative clock which is above the warn threshold of [5000ms]", "cluster.uuid": "Qbw2pof0QzSXC1OvK0aFSw", "node.id": "t9hfPgy_RyC9LOJUxQUrSQ"  }
{"type": "server", "timestamp": "2022-03-30T04:59:12,045Z", "level": "WARN", "component": "o.e.t.ThreadPool", "cluster.name": "tpotcluster", "node.name": "tpotcluster-node-01", "message": "timer thread slept for [12.4s/12411ms] on absolute clock which is above the warn threshold of [5000ms]", "cluster.uuid": "Qbw2pof0QzSXC1OvK0aFSw", "node.id": "t9hfPgy_RyC9LOJUxQUrSQ"  }
{"type": "server", "timestamp": "2022-03-30T04:59:18,468Z", "level": "WARN", "component": "o.e.t.ThreadPool", "cluster.name": "tpotcluster", "node.name": "tpotcluster-node-01", "message": "timer thread slept for [12.4s/12410872446ns] on relative clock which is above the warn threshold of [5000ms]", "cluster.uuid": "Qbw2pof0QzSXC1OvK0aFSw", "node.id": "t9hfPgy_RyC9LOJUxQUrSQ"  }
{"type": "server", "timestamp": "2022-03-30T04:59:27,446Z", "level": "WARN", "component": "o.e.t.ThreadPool", "cluster.name": "tpotcluster", "node.name": "tpotcluster-node-01", "message": "timer thread slept for [15.1s/15102ms] on absolute clock which is above the warn threshold of [5000ms]", "cluster.uuid": "Qbw2pof0QzSXC1OvK0aFSw", "node.id": "t9hfPgy_RyC9LOJUxQUrSQ"  }
{"type": "server", "timestamp": "2022-03-30T04:59:38,489Z", "level": "WARN", "component": "o.e.t.ThreadPool", "cluster.name": "tpotcluster", "node.name": "tpotcluster-node-01", "message": "timer thread slept for [15.1s/15101725301ns] on relative clock which is above the warn threshold of [5000ms]", "cluster.uuid": "Qbw2pof0QzSXC1OvK0aFSw", "node.id": "t9hfPgy_RyC9LOJUxQUrSQ"  }
{"type": "server", "timestamp": "2022-03-30T04:59:43,136Z", "level": "WARN", "component": "o.e.t.ThreadPool", "cluster.name": "tpotcluster", "node.name": "tpotcluster-node-01", "message": "execution of [ReschedulingRunnable{runnable=org.elasticsearch.monitor.jvm.JvmGcMonitorService$1@3a534c4b, interval=1s}] took [27512ms] which is above the warn threshold of [5000ms]", "cluster.uuid": "Qbw2pof0QzSXC1OvK0aFSw", "node.id": "t9hfPgy_RyC9LOJUxQUrSQ"  }
{"type": "server", "timestamp": "2022-03-30T04:59:47,909Z", "level": "WARN", "component": "o.e.t.ThreadPool", "cluster.name": "tpotcluster", "node.name": "tpotcluster-node-01", "message": "timer thread slept for [20.2s/20283ms] on absolute clock which is above the warn threshold of [5000ms]", "cluster.uuid": "Qbw2pof0QzSXC1OvK0aFSw", "node.id": "t9hfPgy_RyC9LOJUxQUrSQ"  }
{"type": "server", "timestamp": "2022-03-30T05:00:02,023Z", "level": "WARN", "component": "o.e.t.ThreadPool", "cluster.name": "tpotcluster", "node.name": "tpotcluster-node-01", "message": "timer thread slept for [20.2s/20283297787ns] on relative clock which is above the warn threshold of [5000ms]", "cluster.uuid": "Qbw2pof0QzSXC1OvK0aFSw", "node.id": "t9hfPgy_RyC9LOJUxQUrSQ"  }
{"type": "server", "timestamp": "2022-03-30T05:00:37,641Z", "level": "INFO", "component": "o.e.n.Node", "cluster.name": "tpotcluster", "node.name": "tpotcluster-node-01", "message": "version[7.17.0], pid[1], build[default/tar/bee86328705acaa9a6daede7140defd4d9ec56bd/2022-01-28T08:36:04.875279988Z], OS[Linux/4.19.0-20-cloud-amd64/amd64], JVM[Alpine/OpenJDK 64-Bit Server VM/16.0.2/16.0.2+7-alpine-r1]" }
{"type": "server", "timestamp": "2022-03-30T05:00:37,664Z", "level": "INFO", "component": "o.e.n.Node", "cluster.name": "tpotcluster", "node.name": "tpotcluster-node-01", "message": "JVM home [/usr/lib/jvm/java-16-openjdk], using bundled JDK [false]" }
{"type": "server", "timestamp": "2022-03-30T05:00:37,666Z", "level": "INFO", "component": "o.e.n.Node", "cluster.name": "tpotcluster", "node.name": "tpotcluster-node-01", "message": "JVM arguments [-Xshare:auto, -Des.networkaddress.cache.ttl=60, -Des.networkaddress.cache.negative.ttl=10, -XX:+AlwaysPreTouch, -Xss1m, -Djava.awt.headless=true, -Dfile.encoding=UTF-8, -Djna.nosys=true, -XX:-OmitStackTraceInFastThrow, -XX:+ShowCodeDetailsInExceptionMessages, -Dio.netty.noUnsafe=true, -Dio.netty.noKeySetOptimization=true, -Dio.netty.recycler.maxCapacityPerThread=0, -Dio.netty.allocator.numDirectArenas=0, -Dlog4j.shutdownHookEnabled=false, -Dlog4j2.disable.jmx=true, -Dlog4j2.formatMsgNoLookups=true, -Djava.locale.providers=SPI,COMPAT, --add-opens=java.base/java.io=ALL-UNNAMED, -XX:+UseG1GC, -Djava.io.tmpdir=/tmp, -XX:+HeapDumpOnOutOfMemoryError, -XX:+ExitOnOutOfMemoryError, -XX:HeapDumpPath=data, -XX:ErrorFile=logs/hs_err_pid%p.log, -Xlog:gc*,gc+age=trace,safepoint:file=logs/gc.log:utctime,pid,tags:filecount=32,filesize=64m, -Xms2048m, -Xmx2048m, -XX:MaxDirectMemorySize=1073741824, -XX:G1HeapRegionSize=4m, -XX:InitiatingHeapOccupancyPercent=30, -XX:G1ReservePercent=15, -Des.path.home=/usr/share/elasticsearch, -Des.path.conf=/usr/share/elasticsearch/config, -Des.distribution.flavor=default, -Des.distribution.type=tar, -Des.bundled_jdk=true]" }
{"type": "server", "timestamp": "2022-03-30T05:00:43,517Z", "level": "INFO", "component": "o.e.p.PluginsService", "cluster.name": "tpotcluster", "node.name": "tpotcluster-node-01", "message": "loaded module [aggs-matrix-stats]" }
{"type": "server", "timestamp": "2022-03-30T05:00:43,519Z", "level": "INFO", "component": "o.e.p.PluginsService", "cluster.name": "tpotcluster", "node.name": "tpotcluster-node-01", "message": "loaded module [analysis-common]" }
{"type": "server", "timestamp": "2022-03-30T05:00:43,521Z", "level": "INFO", "component": "o.e.p.PluginsService", "cluster.name": "tpotcluster", "node.name": "tpotcluster-node-01", "message": "loaded module [constant-keyword]" }
{"type": "server", "timestamp": "2022-03-30T05:00:43,522Z", "level": "INFO", "component": "o.e.p.PluginsService", "cluster.name": "tpotcluster", "node.name": "tpotcluster-node-01", "message": "loaded module [frozen-indices]" }
{"type": "server", "timestamp": "2022-03-30T05:00:43,523Z", "level": "INFO", "component": "o.e.p.PluginsService", "cluster.name": "tpotcluster", "node.name": "tpotcluster-node-01", "message": "loaded module [ingest-common]" }
{"type": "server", "timestamp": "2022-03-30T05:00:43,524Z", "level": "INFO", "component": "o.e.p.PluginsService", "cluster.name": "tpotcluster", "node.name": "tpotcluster-node-01", "message": "loaded module [ingest-geoip]" }
{"type": "server", "timestamp": "2022-03-30T05:00:43,525Z", "level": "INFO", "component": "o.e.p.PluginsService", "cluster.name": "tpotcluster", "node.name": "tpotcluster-node-01", "message": "loaded module [ingest-user-agent]" }
{"type": "server", "timestamp": "2022-03-30T05:00:43,526Z", "level": "INFO", "component": "o.e.p.PluginsService", "cluster.name": "tpotcluster", "node.name": "tpotcluster-node-01", "message": "loaded module [kibana]" }
{"type": "server", "timestamp": "2022-03-30T05:00:43,527Z", "level": "INFO", "component": "o.e.p.PluginsService", "cluster.name": "tpotcluster", "node.name": "tpotcluster-node-01", "message": "loaded module [lang-expression]" }
{"type": "server", "timestamp": "2022-03-30T05:00:43,528Z", "level": "INFO", "component": "o.e.p.PluginsService", "cluster.name": "tpotcluster", "node.name": "tpotcluster-node-01", "message": "loaded module [lang-mustache]" }
{"type": "server", "timestamp": "2022-03-30T05:00:43,529Z", "level": "INFO", "component": "o.e.p.PluginsService", "cluster.name": "tpotcluster", "node.name": "tpotcluster-node-01", "message": "loaded module [lang-painless]" }
{"type": "server", "timestamp": "2022-03-30T05:00:43,530Z", "level": "INFO", "component": "o.e.p.PluginsService", "cluster.name": "tpotcluster", "node.name": "tpotcluster-node-01", "message": "loaded module [legacy-geo]" }
{"type": "server", "timestamp": "2022-03-30T05:00:43,531Z", "level": "INFO", "component": "o.e.p.PluginsService", "cluster.name": "tpotcluster", "node.name": "tpotcluster-node-01", "message": "loaded module [mapper-extras]" }
{"type": "server", "timestamp": "2022-03-30T05:00:43,532Z", "level": "INFO", "component": "o.e.p.PluginsService", "cluster.name": "tpotcluster", "node.name": "tpotcluster-node-01", "message": "loaded module [mapper-version]" }
{"type": "server", "timestamp": "2022-03-30T05:00:43,533Z", "level": "INFO", "component": "o.e.p.PluginsService", "cluster.name": "tpotcluster", "node.name": "tpotcluster-node-01", "message": "loaded module [parent-join]" }
{"type": "server", "timestamp": "2022-03-30T05:00:43,534Z", "level": "INFO", "component": "o.e.p.PluginsService", "cluster.name": "tpotcluster", "node.name": "tpotcluster-node-01", "message": "loaded module [percolator]" }
{"type": "server", "timestamp": "2022-03-30T05:00:43,535Z", "level": "INFO", "component": "o.e.p.PluginsService", "cluster.name": "tpotcluster", "node.name": "tpotcluster-node-01", "message": "loaded module [rank-eval]" }
{"type": "server", "timestamp": "2022-03-30T05:00:43,535Z", "level": "INFO", "component": "o.e.p.PluginsService", "cluster.name": "tpotcluster", "node.name": "tpotcluster-node-01", "message": "loaded module [reindex]" }
{"type": "server", "timestamp": "2022-03-30T05:00:43,536Z", "level": "INFO", "component": "o.e.p.PluginsService", "cluster.name": "tpotcluster", "node.name": "tpotcluster-node-01", "message": "loaded module [repositories-metering-api]" }
{"type": "server", "timestamp": "2022-03-30T05:00:43,537Z", "level": "INFO", "component": "o.e.p.PluginsService", "cluster.name": "tpotcluster", "node.name": "tpotcluster-node-01", "message": "loaded module [repository-encrypted]" }
{"type": "server", "timestamp": "2022-03-30T05:00:43,538Z", "level": "INFO", "component": "o.e.p.PluginsService", "cluster.name": "tpotcluster", "node.name": "tpotcluster-node-01", "message": "loaded module [repository-url]" }
{"type": "server", "timestamp": "2022-03-30T05:00:43,538Z", "level": "INFO", "component": "o.e.p.PluginsService", "cluster.name": "tpotcluster", "node.name": "tpotcluster-node-01", "message": "loaded module [runtime-fields-common]" }
{"type": "server", "timestamp": "2022-03-30T05:00:43,539Z", "level": "INFO", "component": "o.e.p.PluginsService", "cluster.name": "tpotcluster", "node.name": "tpotcluster-node-01", "message": "loaded module [search-business-rules]" }
{"type": "server", "timestamp": "2022-03-30T05:00:43,540Z", "level": "INFO", "component": "o.e.p.PluginsService", "cluster.name": "tpotcluster", "node.name": "tpotcluster-node-01", "message": "loaded module [searchable-snapshots]" }
{"type": "server", "timestamp": "2022-03-30T05:00:43,540Z", "level": "INFO", "component": "o.e.p.PluginsService", "cluster.name": "tpotcluster", "node.name": "tpotcluster-node-01", "message": "loaded module [snapshot-repo-test-kit]" }
{"type": "server", "timestamp": "2022-03-30T05:00:43,541Z", "level": "INFO", "component": "o.e.p.PluginsService", "cluster.name": "tpotcluster", "node.name": "tpotcluster-node-01", "message": "loaded module [spatial]" }
{"type": "server", "timestamp": "2022-03-30T05:00:43,542Z", "level": "INFO", "component": "o.e.p.PluginsService", "cluster.name": "tpotcluster", "node.name": "tpotcluster-node-01", "message": "loaded module [transform]" }
{"type": "server", "timestamp": "2022-03-30T05:00:43,542Z", "level": "INFO", "component": "o.e.p.PluginsService", "cluster.name": "tpotcluster", "node.name": "tpotcluster-node-01", "message": "loaded module [transport-netty4]" }
{"type": "server", "timestamp": "2022-03-30T05:00:43,543Z", "level": "INFO", "component": "o.e.p.PluginsService", "cluster.name": "tpotcluster", "node.name": "tpotcluster-node-01", "message": "loaded module [unsigned-long]" }
{"type": "server", "timestamp": "2022-03-30T05:00:43,544Z", "level": "INFO", "component": "o.e.p.PluginsService", "cluster.name": "tpotcluster", "node.name": "tpotcluster-node-01", "message": "loaded module [vector-tile]" }
{"type": "server", "timestamp": "2022-03-30T05:00:43,545Z", "level": "INFO", "component": "o.e.p.PluginsService", "cluster.name": "tpotcluster", "node.name": "tpotcluster-node-01", "message": "loaded module [vectors]" }
{"type": "server", "timestamp": "2022-03-30T05:00:43,545Z", "level": "INFO", "component": "o.e.p.PluginsService", "cluster.name": "tpotcluster", "node.name": "tpotcluster-node-01", "message": "loaded module [wildcard]" }
{"type": "server", "timestamp": "2022-03-30T05:00:43,546Z", "level": "INFO", "component": "o.e.p.PluginsService", "cluster.name": "tpotcluster", "node.name": "tpotcluster-node-01", "message": "loaded module [x-pack-aggregate-metric]" }
{"type": "server", "timestamp": "2022-03-30T05:00:43,547Z", "level": "INFO", "component": "o.e.p.PluginsService", "cluster.name": "tpotcluster", "node.name": "tpotcluster-node-01", "message": "loaded module [x-pack-analytics]" }
{"type": "server", "timestamp": "2022-03-30T05:00:43,547Z", "level": "INFO", "component": "o.e.p.PluginsService", "cluster.name": "tpotcluster", "node.name": "tpotcluster-node-01", "message": "loaded module [x-pack-async]" }
{"type": "server", "timestamp": "2022-03-30T05:00:43,548Z", "level": "INFO", "component": "o.e.p.PluginsService", "cluster.name": "tpotcluster", "node.name": "tpotcluster-node-01", "message": "loaded module [x-pack-async-search]" }
{"type": "server", "timestamp": "2022-03-30T05:00:43,549Z", "level": "INFO", "component": "o.e.p.PluginsService", "cluster.name": "tpotcluster", "node.name": "tpotcluster-node-01", "message": "loaded module [x-pack-autoscaling]" }
{"type": "server", "timestamp": "2022-03-30T05:00:43,550Z", "level": "INFO", "component": "o.e.p.PluginsService", "cluster.name": "tpotcluster", "node.name": "tpotcluster-node-01", "message": "loaded module [x-pack-ccr]" }
{"type": "server", "timestamp": "2022-03-30T05:00:43,550Z", "level": "INFO", "component": "o.e.p.PluginsService", "cluster.name": "tpotcluster", "node.name": "tpotcluster-node-01", "message": "loaded module [x-pack-core]" }
{"type": "server", "timestamp": "2022-03-30T05:00:43,551Z", "level": "INFO", "component": "o.e.p.PluginsService", "cluster.name": "tpotcluster", "node.name": "tpotcluster-node-01", "message": "loaded module [x-pack-data-streams]" }
{"type": "server", "timestamp": "2022-03-30T05:00:43,552Z", "level": "INFO", "component": "o.e.p.PluginsService", "cluster.name": "tpotcluster", "node.name": "tpotcluster-node-01", "message": "loaded module [x-pack-deprecation]" }
{"type": "server", "timestamp": "2022-03-30T05:00:43,552Z", "level": "INFO", "component": "o.e.p.PluginsService", "cluster.name": "tpotcluster", "node.name": "tpotcluster-node-01", "message": "loaded module [x-pack-enrich]" }
{"type": "server", "timestamp": "2022-03-30T05:00:43,553Z", "level": "INFO", "component": "o.e.p.PluginsService", "cluster.name": "tpotcluster", "node.name": "tpotcluster-node-01", "message": "loaded module [x-pack-eql]" }
{"type": "server", "timestamp": "2022-03-30T05:00:43,554Z", "level": "INFO", "component": "o.e.p.PluginsService", "cluster.name": "tpotcluster", "node.name": "tpotcluster-node-01", "message": "loaded module [x-pack-fleet]" }
{"type": "server", "timestamp": "2022-03-30T05:00:43,554Z", "level": "INFO", "component": "o.e.p.PluginsService", "cluster.name": "tpotcluster", "node.name": "tpotcluster-node-01", "message": "loaded module [x-pack-graph]" }
{"type": "server", "timestamp": "2022-03-30T05:00:43,555Z", "level": "INFO", "component": "o.e.p.PluginsService", "cluster.name": "tpotcluster", "node.name": "tpotcluster-node-01", "message": "loaded module [x-pack-identity-provider]" }
{"type": "server", "timestamp": "2022-03-30T05:00:43,556Z", "level": "INFO", "component": "o.e.p.PluginsService", "cluster.name": "tpotcluster", "node.name": "tpotcluster-node-01", "message": "loaded module [x-pack-ilm]" }
{"type": "server", "timestamp": "2022-03-30T05:00:43,556Z", "level": "INFO", "component": "o.e.p.PluginsService", "cluster.name": "tpotcluster", "node.name": "tpotcluster-node-01", "message": "loaded module [x-pack-logstash]" }
{"type": "server", "timestamp": "2022-03-30T05:00:43,557Z", "level": "INFO", "component": "o.e.p.PluginsService", "cluster.name": "tpotcluster", "node.name": "tpotcluster-node-01", "message": "loaded module [x-pack-monitoring]" }
{"type": "server", "timestamp": "2022-03-30T05:00:43,558Z", "level": "INFO", "component": "o.e.p.PluginsService", "cluster.name": "tpotcluster", "node.name": "tpotcluster-node-01", "message": "loaded module [x-pack-ql]" }
{"type": "server", "timestamp": "2022-03-30T05:00:43,558Z", "level": "INFO", "component": "o.e.p.PluginsService", "cluster.name": "tpotcluster", "node.name": "tpotcluster-node-01", "message": "loaded module [x-pack-rollup]" }
{"type": "server", "timestamp": "2022-03-30T05:00:43,559Z", "level": "INFO", "component": "o.e.p.PluginsService", "cluster.name": "tpotcluster", "node.name": "tpotcluster-node-01", "message": "loaded module [x-pack-security]" }
{"type": "server", "timestamp": "2022-03-30T05:00:43,559Z", "level": "INFO", "component": "o.e.p.PluginsService", "cluster.name": "tpotcluster", "node.name": "tpotcluster-node-01", "message": "loaded module [x-pack-shutdown]" }
{"type": "server", "timestamp": "2022-03-30T05:00:43,560Z", "level": "INFO", "component": "o.e.p.PluginsService", "cluster.name": "tpotcluster", "node.name": "tpotcluster-node-01", "message": "loaded module [x-pack-sql]" }
{"type": "server", "timestamp": "2022-03-30T05:00:43,561Z", "level": "INFO", "component": "o.e.p.PluginsService", "cluster.name": "tpotcluster", "node.name": "tpotcluster-node-01", "message": "loaded module [x-pack-stack]" }
{"type": "server", "timestamp": "2022-03-30T05:00:43,569Z", "level": "INFO", "component": "o.e.p.PluginsService", "cluster.name": "tpotcluster", "node.name": "tpotcluster-node-01", "message": "loaded module [x-pack-text-structure]" }
{"type": "server", "timestamp": "2022-03-30T05:00:43,571Z", "level": "INFO", "component": "o.e.p.PluginsService", "cluster.name": "tpotcluster", "node.name": "tpotcluster-node-01", "message": "loaded module [x-pack-voting-only-node]" }
{"type": "server", "timestamp": "2022-03-30T05:00:43,571Z", "level": "INFO", "component": "o.e.p.PluginsService", "cluster.name": "tpotcluster", "node.name": "tpotcluster-node-01", "message": "loaded module [x-pack-watcher]" }
{"type": "server", "timestamp": "2022-03-30T05:00:43,573Z", "level": "INFO", "component": "o.e.p.PluginsService", "cluster.name": "tpotcluster", "node.name": "tpotcluster-node-01", "message": "no plugins loaded" }
{"type": "server", "timestamp": "2022-03-30T05:00:43,664Z", "level": "INFO", "component": "o.e.e.NodeEnvironment", "cluster.name": "tpotcluster", "node.name": "tpotcluster-node-01", "message": "using [1] data paths, mounts [[/data (/dev/sda1)]], net usable_space [103.3gb], net total_space [125.8gb], types [ext4]" }
{"type": "server", "timestamp": "2022-03-30T05:00:43,665Z", "level": "INFO", "component": "o.e.e.NodeEnvironment", "cluster.name": "tpotcluster", "node.name": "tpotcluster-node-01", "message": "heap size [2gb], compressed ordinary object pointers [true]" }
{"type": "server", "timestamp": "2022-03-30T05:00:44,147Z", "level": "INFO", "component": "o.e.n.Node", "cluster.name": "tpotcluster", "node.name": "tpotcluster-node-01", "message": "node name [tpotcluster-node-01], node ID [t9hfPgy_RyC9LOJUxQUrSQ], cluster name [tpotcluster], roles [transform, data_frozen, master, remote_cluster_client, data, data_content, data_hot, data_warm, data_cold, ingest]" }
{"type": "server", "timestamp": "2022-03-30T05:02:46,691Z", "level": "INFO", "component": "o.e.i.g.ConfigDatabases", "cluster.name": "tpotcluster", "node.name": "tpotcluster-node-01", "message": "initialized default databases [[GeoLite2-Country.mmdb, GeoLite2-City.mmdb, GeoLite2-ASN.mmdb]], config databases [[]] and watching [/usr/share/elasticsearch/config/ingest-geoip] for changes" }
{"type": "server", "timestamp": "2022-03-30T05:02:46,697Z", "level": "INFO", "component": "o.e.i.g.DatabaseNodeService", "cluster.name": "tpotcluster", "node.name": "tpotcluster-node-01", "message": "deleting stale file [/tmp/geoip-databases/t9hfPgy_RyC9LOJUxQUrSQ/GeoLite2-City.mmdb_LICENSE.txt]" }
{"type": "server", "timestamp": "2022-03-30T05:02:46,698Z", "level": "INFO", "component": "o.e.i.g.DatabaseNodeService", "cluster.name": "tpotcluster", "node.name": "tpotcluster-node-01", "message": "deleting stale file [/tmp/geoip-databases/t9hfPgy_RyC9LOJUxQUrSQ/GeoLite2-City.mmdb]" }
{"type": "server", "timestamp": "2022-03-30T05:02:46,701Z", "level": "INFO", "component": "o.e.i.g.DatabaseNodeService", "cluster.name": "tpotcluster", "node.name": "tpotcluster-node-01", "message": "deleting stale file [/tmp/geoip-databases/t9hfPgy_RyC9LOJUxQUrSQ/GeoLite2-Country.mmdb_LICENSE.txt]" }
{"type": "server", "timestamp": "2022-03-30T05:02:46,701Z", "level": "INFO", "component": "o.e.i.g.DatabaseNodeService", "cluster.name": "tpotcluster", "node.name": "tpotcluster-node-01", "message": "deleting stale file [/tmp/geoip-databases/t9hfPgy_RyC9LOJUxQUrSQ/GeoLite2-Country.mmdb_elastic-geoip-database-service-agreement-LICENSE.txt]" }
{"type": "server", "timestamp": "2022-03-30T05:02:46,702Z", "level": "INFO", "component": "o.e.i.g.DatabaseNodeService", "cluster.name": "tpotcluster", "node.name": "tpotcluster-node-01", "message": "deleting stale file [/tmp/geoip-databases/t9hfPgy_RyC9LOJUxQUrSQ/GeoLite2-ASN.mmdb_COPYRIGHT.txt]" }
{"type": "server", "timestamp": "2022-03-30T05:02:46,703Z", "level": "INFO", "component": "o.e.i.g.DatabaseNodeService", "cluster.name": "tpotcluster", "node.name": "tpotcluster-node-01", "message": "deleting stale file [/tmp/geoip-databases/t9hfPgy_RyC9LOJUxQUrSQ/GeoLite2-City.mmdb_COPYRIGHT.txt]" }
{"type": "server", "timestamp": "2022-03-30T05:02:46,704Z", "level": "INFO", "component": "o.e.i.g.DatabaseNodeService", "cluster.name": "tpotcluster", "node.name": "tpotcluster-node-01", "message": "deleting stale file [/tmp/geoip-databases/t9hfPgy_RyC9LOJUxQUrSQ/GeoLite2-ASN.mmdb_elastic-geoip-database-service-agreement-LICENSE.txt]" }
{"type": "server", "timestamp": "2022-03-30T05:02:46,705Z", "level": "INFO", "component": "o.e.i.g.DatabaseNodeService", "cluster.name": "tpotcluster", "node.name": "tpotcluster-node-01", "message": "deleting stale file [/tmp/geoip-databases/t9hfPgy_RyC9LOJUxQUrSQ/GeoLite2-City.mmdb_README.txt]" }
{"type": "server", "timestamp": "2022-03-30T05:02:46,705Z", "level": "INFO", "component": "o.e.i.g.DatabaseNodeService", "cluster.name": "tpotcluster", "node.name": "tpotcluster-node-01", "message": "deleting stale file [/tmp/geoip-databases/t9hfPgy_RyC9LOJUxQUrSQ/GeoLite2-Country.mmdb_COPYRIGHT.txt]" }
{"type": "server", "timestamp": "2022-03-30T05:02:46,706Z", "level": "INFO", "component": "o.e.i.g.DatabaseNodeService", "cluster.name": "tpotcluster", "node.name": "tpotcluster-node-01", "message": "deleting stale file [/tmp/geoip-databases/t9hfPgy_RyC9LOJUxQUrSQ/GeoLite2-ASN.mmdb_LICENSE.txt]" }
{"type": "server", "timestamp": "2022-03-30T05:02:46,707Z", "level": "INFO", "component": "o.e.i.g.DatabaseNodeService", "cluster.name": "tpotcluster", "node.name": "tpotcluster-node-01", "message": "deleting stale file [/tmp/geoip-databases/t9hfPgy_RyC9LOJUxQUrSQ/GeoLite2-Country.mmdb]" }
{"type": "server", "timestamp": "2022-03-30T05:02:46,707Z", "level": "INFO", "component": "o.e.i.g.DatabaseNodeService", "cluster.name": "tpotcluster", "node.name": "tpotcluster-node-01", "message": "deleting stale file [/tmp/geoip-databases/t9hfPgy_RyC9LOJUxQUrSQ/GeoLite2-ASN.mmdb]" }
{"type": "server", "timestamp": "2022-03-30T05:02:46,708Z", "level": "INFO", "component": "o.e.i.g.DatabaseNodeService", "cluster.name": "tpotcluster", "node.name": "tpotcluster-node-01", "message": "deleting stale file [/tmp/geoip-databases/t9hfPgy_RyC9LOJUxQUrSQ/GeoLite2-City.mmdb_elastic-geoip-database-service-agreement-LICENSE.txt]" }
{"type": "server", "timestamp": "2022-03-30T05:02:46,709Z", "level": "INFO", "component": "o.e.i.g.DatabaseNodeService", "cluster.name": "tpotcluster", "node.name": "tpotcluster-node-01", "message": "initialized database registry, using geoip-databases directory [/tmp/geoip-databases/t9hfPgy_RyC9LOJUxQUrSQ]" }
{"type": "server", "timestamp": "2022-03-30T05:02:48,139Z", "level": "INFO", "component": "o.e.t.NettyAllocator", "cluster.name": "tpotcluster", "node.name": "tpotcluster-node-01", "message": "creating NettyAllocator with the following configs: [name=elasticsearch_configured, chunk_size=1mb, suggested_max_allocation_size=1mb, factors={es.unsafe.use_netty_default_chunk_and_page_size=false, g1gc_enabled=true, g1gc_region_size=4mb}]" }
{"type": "server", "timestamp": "2022-03-30T05:02:48,348Z", "level": "INFO", "component": "o.e.d.DiscoveryModule", "cluster.name": "tpotcluster", "node.name": "tpotcluster-node-01", "message": "using discovery type [single-node] and seed hosts providers [settings]" }
{"type": "server", "timestamp": "2022-03-30T05:02:49,342Z", "level": "INFO", "component": "o.e.g.DanglingIndicesState", "cluster.name": "tpotcluster", "node.name": "tpotcluster-node-01", "message": "gateway.auto_import_dangling_indices is disabled, dangling indices will not be automatically detected or imported and must be managed manually" }
{"type": "server", "timestamp": "2022-03-30T05:02:50,217Z", "level": "INFO", "component": "o.e.n.Node", "cluster.name": "tpotcluster", "node.name": "tpotcluster-node-01", "message": "initialized" }
{"type": "server", "timestamp": "2022-03-30T05:02:50,220Z", "level": "INFO", "component": "o.e.n.Node", "cluster.name": "tpotcluster", "node.name": "tpotcluster-node-01", "message": "starting ..." }
{"type": "server", "timestamp": "2022-03-30T05:02:50,304Z", "level": "INFO", "component": "o.e.x.s.c.f.PersistentCache", "cluster.name": "tpotcluster", "node.name": "tpotcluster-node-01", "message": "persistent cache index loaded" }
{"type": "server", "timestamp": "2022-03-30T05:02:50,306Z", "level": "INFO", "component": "o.e.x.d.l.DeprecationIndexingComponent", "cluster.name": "tpotcluster", "node.name": "tpotcluster-node-01", "message": "deprecation component started" }
{"type": "server", "timestamp": "2022-03-30T05:02:50,590Z", "level": "INFO", "component": "o.e.t.TransportService", "cluster.name": "tpotcluster", "node.name": "tpotcluster-node-01", "message": "publish_address {127.0.0.1:9300}, bound_addresses {127.0.0.1:9300}" }
{"type": "server", "timestamp": "2022-03-30T05:02:53,442Z", "level": "INFO", "component": "o.e.c.c.Coordinator", "cluster.name": "tpotcluster", "node.name": "tpotcluster-node-01", "message": "cluster UUID [Qbw2pof0QzSXC1OvK0aFSw]" }
{"type": "server", "timestamp": "2022-03-30T05:02:53,658Z", "level": "INFO", "component": "o.e.c.s.MasterService", "cluster.name": "tpotcluster", "node.name": "tpotcluster-node-01", "message": "elected-as-master ([1] nodes joined)[{tpotcluster-node-01}{t9hfPgy_RyC9LOJUxQUrSQ}{iFkV66LJSFS0xN-56A_XPQ}{127.0.0.1}{127.0.0.1:9300}{cdfhimrstw} elect leader, _BECOME_MASTER_TASK_, _FINISH_ELECTION_], term: 158, version: 4553, delta: master node changed {previous [], current [{tpotcluster-node-01}{t9hfPgy_RyC9LOJUxQUrSQ}{iFkV66LJSFS0xN-56A_XPQ}{127.0.0.1}{127.0.0.1:9300}{cdfhimrstw}]}" }
{"type": "server", "timestamp": "2022-03-30T05:02:53,920Z", "level": "INFO", "component": "o.e.c.s.ClusterApplierService", "cluster.name": "tpotcluster", "node.name": "tpotcluster-node-01", "message": "master node changed {previous [], current [{tpotcluster-node-01}{t9hfPgy_RyC9LOJUxQUrSQ}{iFkV66LJSFS0xN-56A_XPQ}{127.0.0.1}{127.0.0.1:9300}{cdfhimrstw}]}, term: 158, version: 4553, reason: Publication{term=158, version=4553}" }
{"type": "server", "timestamp": "2022-03-30T05:02:54,070Z", "level": "INFO", "component": "o.e.h.AbstractHttpServerTransport", "cluster.name": "tpotcluster", "node.name": "tpotcluster-node-01", "message": "publish_address {192.168.48.2:9200}, bound_addresses {0.0.0.0:9200}", "cluster.uuid": "Qbw2pof0QzSXC1OvK0aFSw", "node.id": "t9hfPgy_RyC9LOJUxQUrSQ"  }
{"type": "server", "timestamp": "2022-03-30T05:02:54,071Z", "level": "INFO", "component": "o.e.n.Node", "cluster.name": "tpotcluster", "node.name": "tpotcluster-node-01", "message": "started", "cluster.uuid": "Qbw2pof0QzSXC1OvK0aFSw", "node.id": "t9hfPgy_RyC9LOJUxQUrSQ"  }
{"type": "server", "timestamp": "2022-03-30T05:02:56,101Z", "level": "INFO", "component": "o.e.l.LicenseService", "cluster.name": "tpotcluster", "node.name": "tpotcluster-node-01", "message": "license [06f03395-4097-4495-8e63-b3dc92f4de14] mode [basic] - valid", "cluster.uuid": "Qbw2pof0QzSXC1OvK0aFSw", "node.id": "t9hfPgy_RyC9LOJUxQUrSQ"  }
{"type": "server", "timestamp": "2022-03-30T05:02:56,112Z", "level": "INFO", "component": "o.e.g.GatewayService", "cluster.name": "tpotcluster", "node.name": "tpotcluster-node-01", "message": "recovered [33] indices into cluster_state", "cluster.uuid": "Qbw2pof0QzSXC1OvK0aFSw", "node.id": "t9hfPgy_RyC9LOJUxQUrSQ"  }
{"type": "server", "timestamp": "2022-03-30T05:02:57,741Z", "level": "INFO", "component": "o.e.i.g.GeoIpDownloader", "cluster.name": "tpotcluster", "node.name": "tpotcluster-node-01", "message": "updating geoip databases", "cluster.uuid": "Qbw2pof0QzSXC1OvK0aFSw", "node.id": "t9hfPgy_RyC9LOJUxQUrSQ"  }
{"type": "server", "timestamp": "2022-03-30T05:02:57,745Z", "level": "INFO", "component": "o.e.i.g.GeoIpDownloader", "cluster.name": "tpotcluster", "node.name": "tpotcluster-node-01", "message": "fetching geoip databases overview from [https://geoip.elastic.co/v1/database?elastic_geoip_service_tos=agree]", "cluster.uuid": "Qbw2pof0QzSXC1OvK0aFSw", "node.id": "t9hfPgy_RyC9LOJUxQUrSQ"  }
{"type": "server", "timestamp": "2022-03-30T05:02:59,500Z", "level": "INFO", "component": "o.e.i.g.GeoIpDownloader", "cluster.name": "tpotcluster", "node.name": "tpotcluster-node-01", "message": "geoip database [GeoLite2-ASN.mmdb] is up to date, updated timestamp", "cluster.uuid": "Qbw2pof0QzSXC1OvK0aFSw", "node.id": "t9hfPgy_RyC9LOJUxQUrSQ"  }
{"type": "server", "timestamp": "2022-03-30T05:03:00,058Z", "level": "INFO", "component": "o.e.i.g.GeoIpDownloader", "cluster.name": "tpotcluster", "node.name": "tpotcluster-node-01", "message": "geoip database [GeoLite2-City.mmdb] is up to date, updated timestamp", "cluster.uuid": "Qbw2pof0QzSXC1OvK0aFSw", "node.id": "t9hfPgy_RyC9LOJUxQUrSQ"  }
{"type": "server", "timestamp": "2022-03-30T05:03:01,543Z", "level": "INFO", "component": "o.e.i.g.DatabaseNodeService", "cluster.name": "tpotcluster", "node.name": "tpotcluster-node-01", "message": "downloading geoip database [GeoLite2-Country.mmdb] to [/tmp/geoip-databases/t9hfPgy_RyC9LOJUxQUrSQ/GeoLite2-Country.mmdb.tmp.gz]", "cluster.uuid": "Qbw2pof0QzSXC1OvK0aFSw", "node.id": "t9hfPgy_RyC9LOJUxQUrSQ"  }
{"type": "server", "timestamp": "2022-03-30T05:03:01,580Z", "level": "INFO", "component": "o.e.i.g.DatabaseNodeService", "cluster.name": "tpotcluster", "node.name": "tpotcluster-node-01", "message": "downloading geoip database [GeoLite2-ASN.mmdb] to [/tmp/geoip-databases/t9hfPgy_RyC9LOJUxQUrSQ/GeoLite2-ASN.mmdb.tmp.gz]", "cluster.uuid": "Qbw2pof0QzSXC1OvK0aFSw", "node.id": "t9hfPgy_RyC9LOJUxQUrSQ"  }
{"type": "server", "timestamp": "2022-03-30T05:03:01,590Z", "level": "INFO", "component": "o.e.i.g.DatabaseNodeService", "cluster.name": "tpotcluster", "node.name": "tpotcluster-node-01", "message": "downloading geoip database [GeoLite2-City.mmdb] to [/tmp/geoip-databases/t9hfPgy_RyC9LOJUxQUrSQ/GeoLite2-City.mmdb.tmp.gz]", "cluster.uuid": "Qbw2pof0QzSXC1OvK0aFSw", "node.id": "t9hfPgy_RyC9LOJUxQUrSQ"  }
{"type": "server", "timestamp": "2022-03-30T05:03:02,086Z", "level": "INFO", "component": "o.e.i.g.GeoIpDownloader", "cluster.name": "tpotcluster", "node.name": "tpotcluster-node-01", "message": "geoip database [GeoLite2-Country.mmdb] is up to date, updated timestamp", "cluster.uuid": "Qbw2pof0QzSXC1OvK0aFSw", "node.id": "t9hfPgy_RyC9LOJUxQUrSQ"  }
{"type": "server", "timestamp": "2022-03-30T05:03:03,499Z", "level": "INFO", "component": "o.e.i.g.DatabaseNodeService", "cluster.name": "tpotcluster", "node.name": "tpotcluster-node-01", "message": "successfully reloaded changed geoip database file [/tmp/geoip-databases/t9hfPgy_RyC9LOJUxQUrSQ/GeoLite2-Country.mmdb]", "cluster.uuid": "Qbw2pof0QzSXC1OvK0aFSw", "node.id": "t9hfPgy_RyC9LOJUxQUrSQ"  }
{"type": "server", "timestamp": "2022-03-30T05:03:03,897Z", "level": "INFO", "component": "o.e.i.g.DatabaseNodeService", "cluster.name": "tpotcluster", "node.name": "tpotcluster-node-01", "message": "successfully reloaded changed geoip database file [/tmp/geoip-databases/t9hfPgy_RyC9LOJUxQUrSQ/GeoLite2-ASN.mmdb]", "cluster.uuid": "Qbw2pof0QzSXC1OvK0aFSw", "node.id": "t9hfPgy_RyC9LOJUxQUrSQ"  }
{"type": "server", "timestamp": "2022-03-30T05:03:08,482Z", "level": "INFO", "component": "o.e.i.g.DatabaseNodeService", "cluster.name": "tpotcluster", "node.name": "tpotcluster-node-01", "message": "successfully reloaded changed geoip database file [/tmp/geoip-databases/t9hfPgy_RyC9LOJUxQUrSQ/GeoLite2-City.mmdb]", "cluster.uuid": "Qbw2pof0QzSXC1OvK0aFSw", "node.id": "t9hfPgy_RyC9LOJUxQUrSQ"  }
{"type": "server", "timestamp": "2022-03-30T05:03:56,013Z", "level": "WARN", "component": "o.e.g.PersistedClusterStateService", "cluster.name": "tpotcluster", "node.name": "tpotcluster-node-01", "message": "writing cluster state took [10874ms] which is above the warn threshold of [10s]; wrote global metadata [false] and metadata for [3] indices and skipped [30] unchanged indices", "cluster.uuid": "Qbw2pof0QzSXC1OvK0aFSw", "node.id": "t9hfPgy_RyC9LOJUxQUrSQ"  }
{"type": "server", "timestamp": "2022-03-30T05:03:58,685Z", "level": "INFO", "component": "o.e.c.c.C.CoordinatorPublication", "cluster.name": "tpotcluster", "node.name": "tpotcluster-node-01", "message": "after [14.9s] publication of cluster state version [4588] is still waiting for {tpotcluster-node-01}{t9hfPgy_RyC9LOJUxQUrSQ}{iFkV66LJSFS0xN-56A_XPQ}{127.0.0.1}{127.0.0.1:9300}{cdfhimrstw}{xpack.installed=true, transform.node=true} [SENT_PUBLISH_REQUEST]", "cluster.uuid": "Qbw2pof0QzSXC1OvK0aFSw", "node.id": "t9hfPgy_RyC9LOJUxQUrSQ"  }
{"type": "server", "timestamp": "2022-03-30T05:04:17,791Z", "level": "WARN", "component": "o.e.h.AbstractHttpServerTransport", "cluster.name": "tpotcluster", "node.name": "tpotcluster-node-01", "message": "handling request [null][POST][/_bulk][Netty4HttpChannel{localAddress=/192.168.48.2:9200, remoteAddress=/192.168.48.3:52216}] took [33685ms] which is above the warn threshold of [5000ms]", "cluster.uuid": "Qbw2pof0QzSXC1OvK0aFSw", "node.id": "t9hfPgy_RyC9LOJUxQUrSQ"  }
{"type": "server", "timestamp": "2022-03-30T05:04:32,362Z", "level": "WARN", "component": "o.e.t.ThreadPool", "cluster.name": "tpotcluster", "node.name": "tpotcluster-node-01", "message": "execution of [ReschedulingRunnable{runnable=org.elasticsearch.monitor.jvm.JvmGcMonitorService$1@51b933c7, interval=1s}] took [7359ms] which is above the warn threshold of [5000ms]", "cluster.uuid": "Qbw2pof0QzSXC1OvK0aFSw", "node.id": "t9hfPgy_RyC9LOJUxQUrSQ"  }
{"type": "server", "timestamp": "2022-03-30T05:04:45,885Z", "level": "WARN", "component": "o.e.m.j.JvmGcMonitorService", "cluster.name": "tpotcluster", "node.name": "tpotcluster-node-01", "message": "[gc][young][63][15] duration [2.5s], collections [1]/[5.5s], total [2.5s]/[3.2s], memory [854.4mb]->[168.4mb]/[2gb], all_pools {[young] [740mb]->[0b]/[0b]}{[old] [102.4mb]->[102.4mb]/[2gb]}{[survivor] [16mb]->[66mb]/[0b]}", "cluster.uuid": "Qbw2pof0QzSXC1OvK0aFSw", "node.id": "t9hfPgy_RyC9LOJUxQUrSQ"  }
{"type": "server", "timestamp": "2022-03-30T05:04:47,132Z", "level": "INFO", "component": "o.e.m.j.JvmGcMonitorService", "cluster.name": "tpotcluster", "node.name": "tpotcluster-node-01", "message": "[gc][63] overhead, spent [2.5s] collecting in the last [5.5s]", "cluster.uuid": "Qbw2pof0QzSXC1OvK0aFSw", "node.id": "t9hfPgy_RyC9LOJUxQUrSQ"  }
{"type": "server", "timestamp": "2022-03-30T05:04:48,257Z", "level": "WARN", "component": "o.e.t.ThreadPool", "cluster.name": "tpotcluster", "node.name": "tpotcluster-node-01", "message": "execution of [ReschedulingRunnable{runnable=org.elasticsearch.monitor.jvm.JvmGcMonitorService$1@51b933c7, interval=1s}] took [8601ms] which is above the warn threshold of [5000ms]", "cluster.uuid": "Qbw2pof0QzSXC1OvK0aFSw", "node.id": "t9hfPgy_RyC9LOJUxQUrSQ"  }
{"type": "server", "timestamp": "2022-03-30T05:04:53,688Z", "level": "INFO", "component": "o.e.c.r.a.AllocationService", "cluster.name": "tpotcluster", "node.name": "tpotcluster-node-01", "message": "Cluster health status changed from [RED] to [GREEN] (reason: [shards started [[.ds-ilm-history-5-2022.03.12-000001][0], [.kibana-event-log-7.16.2-000001][0]]]).", "cluster.uuid": "Qbw2pof0QzSXC1OvK0aFSw", "node.id": "t9hfPgy_RyC9LOJUxQUrSQ"  }
{"type": "server", "timestamp": "2022-03-30T05:05:16,511Z", "level": "WARN", "component": "o.e.g.PersistedClusterStateService", "cluster.name": "tpotcluster", "node.name": "tpotcluster-node-01", "message": "writing cluster state took [18611ms] which is above the warn threshold of [10s]; wrote global metadata [false] and metadata for [2] indices and skipped [31] unchanged indices", "cluster.uuid": "Qbw2pof0QzSXC1OvK0aFSw", "node.id": "t9hfPgy_RyC9LOJUxQUrSQ"  }
{"type": "server", "timestamp": "2022-03-30T05:05:20,247Z", "level": "INFO", "component": "o.e.c.c.C.CoordinatorPublication", "cluster.name": "tpotcluster", "node.name": "tpotcluster-node-01", "message": "after [25.8s] publication of cluster state version [4590] is still waiting for {tpotcluster-node-01}{t9hfPgy_RyC9LOJUxQUrSQ}{iFkV66LJSFS0xN-56A_XPQ}{127.0.0.1}{127.0.0.1:9300}{cdfhimrstw}{xpack.installed=true, transform.node=true} [SENT_PUBLISH_REQUEST]", "cluster.uuid": "Qbw2pof0QzSXC1OvK0aFSw", "node.id": "t9hfPgy_RyC9LOJUxQUrSQ"  }
{"type": "server", "timestamp": "2022-03-30T05:06:03,660Z", "level": "WARN", "component": "o.e.t.ThreadPool", "cluster.name": "tpotcluster", "node.name": "tpotcluster-node-01", "message": "execution of [ReschedulingRunnable{runnable=org.elasticsearch.monitor.jvm.JvmGcMonitorService$1@51b933c7, interval=1s}] took [16414ms] which is above the warn threshold of [5000ms]", "cluster.uuid": "Qbw2pof0QzSXC1OvK0aFSw", "node.id": "t9hfPgy_RyC9LOJUxQUrSQ"  }
{"type": "server", "timestamp": "2022-03-30T05:06:03,794Z", "level": "WARN", "component": "o.e.t.ThreadPool", "cluster.name": "tpotcluster", "node.name": "tpotcluster-node-01", "message": "timer thread slept for [10.8s/10809ms] on absolute clock which is above the warn threshold of [5000ms]", "cluster.uuid": "Qbw2pof0QzSXC1OvK0aFSw", "node.id": "t9hfPgy_RyC9LOJUxQUrSQ"  }
{"type": "server", "timestamp": "2022-03-30T05:06:04,026Z", "level": "WARN", "component": "o.e.t.ThreadPool", "cluster.name": "tpotcluster", "node.name": "tpotcluster-node-01", "message": "timer thread slept for [10.8s/10808753957ns] on relative clock which is above the warn threshold of [5000ms]", "cluster.uuid": "Qbw2pof0QzSXC1OvK0aFSw", "node.id": "t9hfPgy_RyC9LOJUxQUrSQ"  }
{"type": "server", "timestamp": "2022-03-30T05:06:04,887Z", "level": "WARN", "component": "o.e.m.j.JvmGcMonitorService", "cluster.name": "tpotcluster", "node.name": "tpotcluster-node-01", "message": "[gc][young][80][16] duration [7.1s], collections [1]/[17.4s], total [7.1s]/[10.3s], memory [192.4mb]->[172.5mb]/[2gb], all_pools {[young] [24mb]->[0b]/[0b]}{[old] [102.4mb]->[166.5mb]/[2gb]}{[survivor] [66mb]->[6mb]/[0b]}", "cluster.uuid": "Qbw2pof0QzSXC1OvK0aFSw", "node.id": "t9hfPgy_RyC9LOJUxQUrSQ"  }
{"type": "server", "timestamp": "2022-03-30T05:06:04,887Z", "level": "WARN", "component": "o.e.c.s.ClusterApplierService", "cluster.name": "tpotcluster", "node.name": "tpotcluster-node-01", "message": "cluster state applier task [Publication{term=158, version=4590}] took [40.6s] which is above the warn threshold of [30s]: [running task [Publication{term=158, version=4590}]] took [95ms], [connecting to new nodes] took [250ms], [applying settings] took [0ms], [org.elasticsearch.repositories.RepositoriesService@1a2c6398] took [0ms], [org.elasticsearch.indices.cluster.IndicesClusterStateService@73faa96a] took [481ms], [org.elasticsearch.script.ScriptService@3526ac1b] took [0ms], [org.elasticsearch.xpack.ilm.IndexLifecycleService@7a8e4184] took [0ms], [org.elasticsearch.snapshots.RestoreService@347cdee] took [0ms], [org.elasticsearch.ingest.IngestService@25508515] took [429ms], [org.elasticsearch.action.ingest.IngestActionForwarder@2596a3d0] took [0ms], [org.elasticsearch.action.admin.cluster.repositories.cleanup.TransportCleanupRepositoryAction$$Lambda$4527/0x00000008016ceec0@2d9c4487] took [0ms], [org.elasticsearch.indices.TimestampFieldMapperService@1089c467] took [55ms], [org.elasticsearch.tasks.TaskManager@31d0834e] took [0ms], [org.elasticsearch.snapshots.SnapshotsService@21c83e87] took [63ms], [org.elasticsearch.cluster.InternalClusterInfoService@49eeb16e] took [0ms], [org.elasticsearch.snapshots.InternalSnapshotsInfoService@79752251] took [0ms], [org.elasticsearch.indices.SystemIndexManager@524d4622] took [1539ms], [org.elasticsearch.xpack.shutdown.NodeSeenService@b69c0bf] took [0ms], [org.elasticsearch.xpack.autoscaling.capacity.memory.AutoscalingMemoryInfoService$$Lambda$3179/0x0000000801306e58@fca42c7] took [1120ms], [org.elasticsearch.xpack.ccr.action.ShardFollowTaskCleaner@528a03c0] took [0ms], [org.elasticsearch.xpack.enrich.EnrichPolicyMaintenanceService@5c493c9b] took [0ms], [org.elasticsearch.xpack.transform.notifications.TransformAuditor$$Lambda$3197/0x000000080140ec08@ea3eb39] took [0ms], [org.elasticsearch.xpack.transform.TransformClusterStateListener@75c92eeb] took [117ms], [org.elasticsearch.xpack.stack.StackTemplateRegistry@76e3895c] took [20393ms], [org.elasticsearch.xpack.searchablesnapshots.cache.blob.BlobStoreCacheMaintenanceService@3a6969b9] took [295ms], [org.elasticsearch.xpack.searchablesnapshots.SearchableSnapshots$RepositoryUuidWatcher@6f54518b] took [0ms], [org.elasticsearch.xpack.watcher.support.WatcherIndexTemplateRegistry@1e81d979] took [15159ms], [org.elasticsearch.xpack.watcher.WatcherLifeCycleService@d727c5c] took [50ms], [org.elasticsearch.xpack.watcher.WatcherIndexingListener@34d4830f] took [0ms], [org.elasticsearch.xpack.ilm.history.ILMHistoryTemplateRegistry@79c15417] took [118ms], [org.elasticsearch.xpack.ilm.IndexLifecycleService@7a8e4184] took [63ms], [org.elasticsearch.xpack.core.slm.history.SnapshotLifecycleTemplateRegistry@691b1047] took [87ms], [org.elasticsearch.xpack.slm.SnapshotLifecycleService@779511a4] took [0ms], [org.elasticsearch.xpack.slm.SnapshotRetentionService@25730a44] took [0ms], [org.elasticsearch.xpack.deprecation.logging.DeprecationIndexingTemplateRegistry@46156def] took [0ms], [org.elasticsearch.xpack.fleet.FleetTemplateRegistry@659c610a] took [1ms], [org.elasticsearch.cluster.metadata.SystemIndexMetadataUpgradeService@4a1eff4c] took [0ms], [org.elasticsearch.cluster.metadata.TemplateUpgradeService@cd08012] took [0ms], [org.elasticsearch.node.ResponseCollectorService@ac224b3] took [0ms], [org.elasticsearch.snapshots.SnapshotShardsService@5a0b36b2] took [0ms], [org.elasticsearch.persistent.PersistentTasksClusterService@67524620] took [0ms], [org.elasticsearch.shutdown.PluginShutdownService@6f0a9ac8] took [0ms], [org.elasticsearch.cluster.routing.DelayedAllocationService@510eb6dc] took [0ms], [org.elasticsearch.indices.store.IndicesStore@523eacc9] took [0ms], [org.elasticsearch.persistent.PersistentTasksNodeService@4572bd32] took [0ms], [org.elasticsearch.license.LicenseService@721b841e] took [0ms], [org.elasticsearch.xpack.ccr.action.AutoFollowCoordinator@71f8d22a] took [0ms], [org.elasticsearch.xpack.core.async.AsyncTaskMaintenanceService@15f9f904] took [0ms], [org.elasticsearch.gateway.GatewayService@3e629292] took [0ms], [org.elasticsearch.indices.recovery.PeerRecoverySourceService@b035a19] took [0ms]", "cluster.uuid": "Qbw2pof0QzSXC1OvK0aFSw", "node.id": "t9hfPgy_RyC9LOJUxQUrSQ"  }
{"type": "server", "timestamp": "2022-03-30T05:06:05,017Z", "level": "WARN", "component": "o.e.h.AbstractHttpServerTransport", "cluster.name": "tpotcluster", "node.name": "tpotcluster-node-01", "message": "handling request [null][GET][/_cat/health][Netty4HttpChannel{localAddress=/127.0.0.1:9200, remoteAddress=/127.0.0.1:46954}] took [104442ms] which is above the warn threshold of [5000ms]", "cluster.uuid": "Qbw2pof0QzSXC1OvK0aFSw", "node.id": "t9hfPgy_RyC9LOJUxQUrSQ"  }
{"type": "server", "timestamp": "2022-03-30T05:06:05,596Z", "level": "INFO", "component": "o.e.m.j.JvmGcMonitorService", "cluster.name": "tpotcluster", "node.name": "tpotcluster-node-01", "message": "[gc][80] overhead, spent [7.1s] collecting in the last [17.4s]", "cluster.uuid": "Qbw2pof0QzSXC1OvK0aFSw", "node.id": "t9hfPgy_RyC9LOJUxQUrSQ"  }
{"type": "server", "timestamp": "2022-03-30T05:06:36,244Z", "level": "INFO", "component": "o.e.m.j.JvmGcMonitorService", "cluster.name": "tpotcluster", "node.name": "tpotcluster-node-01", "message": "[gc][93] overhead, spent [359ms] collecting in the last [1s]", "cluster.uuid": "Qbw2pof0QzSXC1OvK0aFSw", "node.id": "t9hfPgy_RyC9LOJUxQUrSQ"  }
{"type": "server", "timestamp": "2022-03-30T05:09:09,412Z", "level": "WARN", "component": "o.e.t.ThreadPool", "cluster.name": "tpotcluster", "node.name": "tpotcluster-node-01", "message": "execution of [ReschedulingRunnable{runnable=org.elasticsearch.watcher.ResourceWatcherService$ResourceMonitor@684c9e99, interval=5s}] took [112919ms] which is above the warn threshold of [5000ms]", "cluster.uuid": "Qbw2pof0QzSXC1OvK0aFSw", "node.id": "t9hfPgy_RyC9LOJUxQUrSQ"  }
{"type": "server", "timestamp": "2022-03-30T05:09:32,449Z", "level": "WARN", "component": "o.e.t.ThreadPool", "cluster.name": "tpotcluster", "node.name": "tpotcluster-node-01", "message": "timer thread slept for [1.7m/107625ms] on absolute clock which is above the warn threshold of [5000ms]", "cluster.uuid": "Qbw2pof0QzSXC1OvK0aFSw", "node.id": "t9hfPgy_RyC9LOJUxQUrSQ"  }
{"type": "server", "timestamp": "2022-03-30T05:11:32,580Z", "level": "WARN", "component": "o.e.t.ThreadPool", "cluster.name": "tpotcluster", "node.name": "tpotcluster-node-01", "message": "timer thread slept for [1.7m/107984538860ns] on relative clock which is above the warn threshold of [5000ms]", "cluster.uuid": "Qbw2pof0QzSXC1OvK0aFSw", "node.id": "t9hfPgy_RyC9LOJUxQUrSQ"  }
{"type": "server", "timestamp": "2022-03-30T05:15:08,596Z", "level": "WARN", "component": "o.e.t.ThreadPool", "cluster.name": "tpotcluster", "node.name": "tpotcluster-node-01", "message": "timer thread slept for [4.9m/295851ms] on absolute clock which is above the warn threshold of [5000ms]", "cluster.uuid": "Qbw2pof0QzSXC1OvK0aFSw", "node.id": "t9hfPgy_RyC9LOJUxQUrSQ"  }
{"type": "server", "timestamp": "2022-03-30T05:24:36,977Z", "level": "WARN", "component": "o.e.t.ThreadPool", "cluster.name": "tpotcluster", "node.name": "tpotcluster-node-01", "message": "timer thread slept for [4.9m/295850614462ns] on relative clock which is above the warn threshold of [5000ms]", "cluster.uuid": "Qbw2pof0QzSXC1OvK0aFSw", "node.id": "t9hfPgy_RyC9LOJUxQUrSQ"  }
{"type": "server", "timestamp": "2022-03-30T05:33:52,544Z", "level": "WARN", "component": "o.e.t.ThreadPool", "cluster.name": "tpotcluster", "node.name": "tpotcluster-node-01", "message": "timer thread slept for [19.9m/1199400ms] on absolute clock which is above the warn threshold of [5000ms]", "cluster.uuid": "Qbw2pof0QzSXC1OvK0aFSw", "node.id": "t9hfPgy_RyC9LOJUxQUrSQ"  }
{"type": "server", "timestamp": "2022-03-30T05:36:21,132Z", "level": "WARN", "component": "o.e.t.ThreadPool", "cluster.name": "tpotcluster", "node.name": "tpotcluster-node-01", "message": "execution of [ReschedulingRunnable{runnable=org.elasticsearch.indices.IndexingMemoryController$ShardsIndicesStatusChecker@55a18f6a, interval=5s}] took [1494941ms] which is above the warn threshold of [5000ms]", "cluster.uuid": "Qbw2pof0QzSXC1OvK0aFSw", "node.id": "t9hfPgy_RyC9LOJUxQUrSQ"  }
{"type": "server", "timestamp": "2022-03-30T05:36:47,006Z", "level": "WARN", "component": "o.e.t.ThreadPool", "cluster.name": "tpotcluster", "node.name": "tpotcluster-node-01", "message": "timer thread slept for [19.9m/1199091279716ns] on relative clock which is above the warn threshold of [5000ms]", "cluster.uuid": "Qbw2pof0QzSXC1OvK0aFSw", "node.id": "t9hfPgy_RyC9LOJUxQUrSQ"  }
{"type": "server", "timestamp": "2022-03-30T05:36:22,469Z", "level": "WARN", "component": "o.e.h.AbstractHttpServerTransport", "cluster.name": "tpotcluster", "node.name": "tpotcluster-node-01", "message": "handling request [null][POST][/.kibana_task_manager/_update_by_query?ignore_unavailable=true&refresh=true&conflicts=proceed][Netty4HttpChannel{localAddress=/192.168.48.2:9200, remoteAddress=/192.168.48.4:53986}] took [1199091ms] which is above the warn threshold of [5000ms]", "cluster.uuid": "Qbw2pof0QzSXC1OvK0aFSw", "node.id": "t9hfPgy_RyC9LOJUxQUrSQ"  }
{"type": "server", "timestamp": "2022-03-30T05:39:53,089Z", "level": "WARN", "component": "o.e.t.ThreadPool", "cluster.name": "tpotcluster", "node.name": "tpotcluster-node-01", "message": "timer thread slept for [5.9m/358590ms] on absolute clock which is above the warn threshold of [5000ms]", "cluster.uuid": "Qbw2pof0QzSXC1OvK0aFSw", "node.id": "t9hfPgy_RyC9LOJUxQUrSQ"  }
{"type": "server", "timestamp": "2022-03-30T05:43:18,546Z", "level": "WARN", "component": "o.e.t.ThreadPool", "cluster.name": "tpotcluster", "node.name": "tpotcluster-node-01", "message": "timer thread slept for [5.9m/358586418405ns] on relative clock which is above the warn threshold of [5000ms]", "cluster.uuid": "Qbw2pof0QzSXC1OvK0aFSw", "node.id": "t9hfPgy_RyC9LOJUxQUrSQ"  }
{"type": "server", "timestamp": "2022-03-30T05:45:12,380Z", "level": "WARN", "component": "o.e.t.ThreadPool", "cluster.name": "tpotcluster", "node.name": "tpotcluster-node-01", "message": "execution of [ReschedulingRunnable{runnable=org.elasticsearch.monitor.jvm.JvmGcMonitorService$1@51b933c7, interval=1s}] took [358586ms] which is above the warn threshold of [5000ms]", "cluster.uuid": "Qbw2pof0QzSXC1OvK0aFSw", "node.id": "t9hfPgy_RyC9LOJUxQUrSQ"  }
{"type": "server", "timestamp": "2022-03-30T05:46:39,322Z", "level": "WARN", "component": "o.e.t.ThreadPool", "cluster.name": "tpotcluster", "node.name": "tpotcluster-node-01", "message": "timer thread slept for [6.7m/407360ms] on absolute clock which is above the warn threshold of [5000ms]", "cluster.uuid": "Qbw2pof0QzSXC1OvK0aFSw", "node.id": "t9hfPgy_RyC9LOJUxQUrSQ"  }
{"type": "server", "timestamp": "2022-03-30T05:50:08,137Z", "level": "WARN", "component": "o.e.t.ThreadPool", "cluster.name": "tpotcluster", "node.name": "tpotcluster-node-01", "message": "timer thread slept for [6.7m/407231656251ns] on relative clock which is above the warn threshold of [5000ms]", "cluster.uuid": "Qbw2pof0QzSXC1OvK0aFSw", "node.id": "t9hfPgy_RyC9LOJUxQUrSQ"  }
{"type": "server", "timestamp": "2022-03-30T05:54:10,649Z", "level": "WARN", "component": "o.e.t.ThreadPool", "cluster.name": "tpotcluster", "node.name": "tpotcluster-node-01", "message": "timer thread slept for [7.5m/451379ms] on absolute clock which is above the warn threshold of [5000ms]", "cluster.uuid": "Qbw2pof0QzSXC1OvK0aFSw", "node.id": "t9hfPgy_RyC9LOJUxQUrSQ"  }
{"type": "server", "timestamp": "2022-03-30T06:00:24,964Z", "level": "WARN", "component": "o.e.t.ThreadPool", "cluster.name": "tpotcluster", "node.name": "tpotcluster-node-01", "message": "timer thread slept for [7.5m/451202952434ns] on relative clock which is above the warn threshold of [5000ms]", "cluster.uuid": "Qbw2pof0QzSXC1OvK0aFSw", "node.id": "t9hfPgy_RyC9LOJUxQUrSQ"  }
{"type": "server", "timestamp": "2022-03-30T06:03:44,296Z", "level": "WARN", "component": "o.e.t.ThreadPool", "cluster.name": "tpotcluster", "node.name": "tpotcluster-node-01", "message": "timer thread slept for [9.3m/561841ms] on absolute clock which is above the warn threshold of [5000ms]", "cluster.uuid": "Qbw2pof0QzSXC1OvK0aFSw", "node.id": "t9hfPgy_RyC9LOJUxQUrSQ"  }
{"type": "server", "timestamp": "2022-03-30T06:07:49,705Z", "level": "WARN", "component": "o.e.t.ThreadPool", "cluster.name": "tpotcluster", "node.name": "tpotcluster-node-01", "message": "timer thread slept for [9.3m/562457816954ns] on relative clock which is above the warn threshold of [5000ms]", "cluster.uuid": "Qbw2pof0QzSXC1OvK0aFSw", "node.id": "t9hfPgy_RyC9LOJUxQUrSQ"  }
{"type": "server", "timestamp": "2022-03-30T06:11:07,739Z", "level": "WARN", "component": "o.e.t.ThreadPool", "cluster.name": "tpotcluster", "node.name": "tpotcluster-node-01", "message": "timer thread slept for [7.5m/455028ms] on absolute clock which is above the warn threshold of [5000ms]", "cluster.uuid": "Qbw2pof0QzSXC1OvK0aFSw", "node.id": "t9hfPgy_RyC9LOJUxQUrSQ"  }
{"type": "server", "timestamp": "2022-03-30T06:14:30,014Z", "level": "WARN", "component": "o.e.t.ThreadPool", "cluster.name": "tpotcluster", "node.name": "tpotcluster-node-01", "message": "timer thread slept for [7.5m/454528046868ns] on relative clock which is above the warn threshold of [5000ms]", "cluster.uuid": "Qbw2pof0QzSXC1OvK0aFSw", "node.id": "t9hfPgy_RyC9LOJUxQUrSQ"  }
{"type": "server", "timestamp": "2022-03-30T06:17:45,524Z", "level": "WARN", "component": "o.e.t.ThreadPool", "cluster.name": "tpotcluster", "node.name": "tpotcluster-node-01", "message": "timer thread slept for [6.6m/398122ms] on absolute clock which is above the warn threshold of [5000ms]", "cluster.uuid": "Qbw2pof0QzSXC1OvK0aFSw", "node.id": "t9hfPgy_RyC9LOJUxQUrSQ"  }
{"type": "server", "timestamp": "2022-03-30T06:21:08,744Z", "level": "WARN", "component": "o.e.t.ThreadPool", "cluster.name": "tpotcluster", "node.name": "tpotcluster-node-01", "message": "timer thread slept for [6.6m/398113727638ns] on relative clock which is above the warn threshold of [5000ms]", "cluster.uuid": "Qbw2pof0QzSXC1OvK0aFSw", "node.id": "t9hfPgy_RyC9LOJUxQUrSQ"  }
{"type": "server", "timestamp": "2022-03-30T06:25:43,428Z", "level": "WARN", "component": "o.e.t.ThreadPool", "cluster.name": "tpotcluster", "node.name": "tpotcluster-node-01", "message": "timer thread slept for [7.8m/471486ms] on absolute clock which is above the warn threshold of [5000ms]", "cluster.uuid": "Qbw2pof0QzSXC1OvK0aFSw", "node.id": "t9hfPgy_RyC9LOJUxQUrSQ"  }
{"type": "server", "timestamp": "2022-03-30T06:34:56,744Z", "level": "INFO", "component": "o.e.n.Node", "cluster.name": "tpotcluster", "node.name": "tpotcluster-node-01", "message": "version[7.17.0], pid[1], build[default/tar/bee86328705acaa9a6daede7140defd4d9ec56bd/2022-01-28T08:36:04.875279988Z], OS[Linux/4.19.0-20-cloud-amd64/amd64], JVM[Alpine/OpenJDK 64-Bit Server VM/16.0.2/16.0.2+7-alpine-r1]" }
{"type": "server", "timestamp": "2022-03-30T06:34:56,758Z", "level": "INFO", "component": "o.e.n.Node", "cluster.name": "tpotcluster", "node.name": "tpotcluster-node-01", "message": "JVM home [/usr/lib/jvm/java-16-openjdk], using bundled JDK [false]" }
{"type": "server", "timestamp": "2022-03-30T06:34:56,758Z", "level": "INFO", "component": "o.e.n.Node", "cluster.name": "tpotcluster", "node.name": "tpotcluster-node-01", "message": "JVM arguments [-Xshare:auto, -Des.networkaddress.cache.ttl=60, -Des.networkaddress.cache.negative.ttl=10, -XX:+AlwaysPreTouch, -Xss1m, -Djava.awt.headless=true, -Dfile.encoding=UTF-8, -Djna.nosys=true, -XX:-OmitStackTraceInFastThrow, -XX:+ShowCodeDetailsInExceptionMessages, -Dio.netty.noUnsafe=true, -Dio.netty.noKeySetOptimization=true, -Dio.netty.recycler.maxCapacityPerThread=0, -Dio.netty.allocator.numDirectArenas=0, -Dlog4j.shutdownHookEnabled=false, -Dlog4j2.disable.jmx=true, -Dlog4j2.formatMsgNoLookups=true, -Djava.locale.providers=SPI,COMPAT, --add-opens=java.base/java.io=ALL-UNNAMED, -XX:+UseG1GC, -Djava.io.tmpdir=/tmp, -XX:+HeapDumpOnOutOfMemoryError, -XX:+ExitOnOutOfMemoryError, -XX:HeapDumpPath=data, -XX:ErrorFile=logs/hs_err_pid%p.log, -Xlog:gc*,gc+age=trace,safepoint:file=logs/gc.log:utctime,pid,tags:filecount=32,filesize=64m, -Xms2048m, -Xmx2048m, -XX:MaxDirectMemorySize=1073741824, -XX:G1HeapRegionSize=4m, -XX:InitiatingHeapOccupancyPercent=30, -XX:G1ReservePercent=15, -Des.path.home=/usr/share/elasticsearch, -Des.path.conf=/usr/share/elasticsearch/config, -Des.distribution.flavor=default, -Des.distribution.type=tar, -Des.bundled_jdk=true]" }
{"type": "server", "timestamp": "2022-03-30T06:35:02,983Z", "level": "INFO", "component": "o.e.p.PluginsService", "cluster.name": "tpotcluster", "node.name": "tpotcluster-node-01", "message": "loaded module [aggs-matrix-stats]" }
{"type": "server", "timestamp": "2022-03-30T06:35:02,985Z", "level": "INFO", "component": "o.e.p.PluginsService", "cluster.name": "tpotcluster", "node.name": "tpotcluster-node-01", "message": "loaded module [analysis-common]" }
{"type": "server", "timestamp": "2022-03-30T06:35:02,986Z", "level": "INFO", "component": "o.e.p.PluginsService", "cluster.name": "tpotcluster", "node.name": "tpotcluster-node-01", "message": "loaded module [constant-keyword]" }
{"type": "server", "timestamp": "2022-03-30T06:35:02,988Z", "level": "INFO", "component": "o.e.p.PluginsService", "cluster.name": "tpotcluster", "node.name": "tpotcluster-node-01", "message": "loaded module [frozen-indices]" }
{"type": "server", "timestamp": "2022-03-30T06:35:02,989Z", "level": "INFO", "component": "o.e.p.PluginsService", "cluster.name": "tpotcluster", "node.name": "tpotcluster-node-01", "message": "loaded module [ingest-common]" }
{"type": "server", "timestamp": "2022-03-30T06:35:02,989Z", "level": "INFO", "component": "o.e.p.PluginsService", "cluster.name": "tpotcluster", "node.name": "tpotcluster-node-01", "message": "loaded module [ingest-geoip]" }
{"type": "server", "timestamp": "2022-03-30T06:35:02,990Z", "level": "INFO", "component": "o.e.p.PluginsService", "cluster.name": "tpotcluster", "node.name": "tpotcluster-node-01", "message": "loaded module [ingest-user-agent]" }
{"type": "server", "timestamp": "2022-03-30T06:35:02,990Z", "level": "INFO", "component": "o.e.p.PluginsService", "cluster.name": "tpotcluster", "node.name": "tpotcluster-node-01", "message": "loaded module [kibana]" }
{"type": "server", "timestamp": "2022-03-30T06:35:02,990Z", "level": "INFO", "component": "o.e.p.PluginsService", "cluster.name": "tpotcluster", "node.name": "tpotcluster-node-01", "message": "loaded module [lang-expression]" }
{"type": "server", "timestamp": "2022-03-30T06:35:02,991Z", "level": "INFO", "component": "o.e.p.PluginsService", "cluster.name": "tpotcluster", "node.name": "tpotcluster-node-01", "message": "loaded module [lang-mustache]" }
{"type": "server", "timestamp": "2022-03-30T06:35:02,991Z", "level": "INFO", "component": "o.e.p.PluginsService", "cluster.name": "tpotcluster", "node.name": "tpotcluster-node-01", "message": "loaded module [lang-painless]" }
{"type": "server", "timestamp": "2022-03-30T06:35:02,991Z", "level": "INFO", "component": "o.e.p.PluginsService", "cluster.name": "tpotcluster", "node.name": "tpotcluster-node-01", "message": "loaded module [legacy-geo]" }
{"type": "server", "timestamp": "2022-03-30T06:35:02,992Z", "level": "INFO", "component": "o.e.p.PluginsService", "cluster.name": "tpotcluster", "node.name": "tpotcluster-node-01", "message": "loaded module [mapper-extras]" }
{"type": "server", "timestamp": "2022-03-30T06:35:02,992Z", "level": "INFO", "component": "o.e.p.PluginsService", "cluster.name": "tpotcluster", "node.name": "tpotcluster-node-01", "message": "loaded module [mapper-version]" }
{"type": "server", "timestamp": "2022-03-30T06:35:02,993Z", "level": "INFO", "component": "o.e.p.PluginsService", "cluster.name": "tpotcluster", "node.name": "tpotcluster-node-01", "message": "loaded module [parent-join]" }
{"type": "server", "timestamp": "2022-03-30T06:35:02,993Z", "level": "INFO", "component": "o.e.p.PluginsService", "cluster.name": "tpotcluster", "node.name": "tpotcluster-node-01", "message": "loaded module [percolator]" }
{"type": "server", "timestamp": "2022-03-30T06:35:02,994Z", "level": "INFO", "component": "o.e.p.PluginsService", "cluster.name": "tpotcluster", "node.name": "tpotcluster-node-01", "message": "loaded module [rank-eval]" }
{"type": "server", "timestamp": "2022-03-30T06:35:02,994Z", "level": "INFO", "component": "o.e.p.PluginsService", "cluster.name": "tpotcluster", "node.name": "tpotcluster-node-01", "message": "loaded module [reindex]" }
{"type": "server", "timestamp": "2022-03-30T06:35:02,995Z", "level": "INFO", "component": "o.e.p.PluginsService", "cluster.name": "tpotcluster", "node.name": "tpotcluster-node-01", "message": "loaded module [repositories-metering-api]" }
{"type": "server", "timestamp": "2022-03-30T06:35:02,995Z", "level": "INFO", "component": "o.e.p.PluginsService", "cluster.name": "tpotcluster", "node.name": "tpotcluster-node-01", "message": "loaded module [repository-encrypted]" }
{"type": "server", "timestamp": "2022-03-30T06:35:02,996Z", "level": "INFO", "component": "o.e.p.PluginsService", "cluster.name": "tpotcluster", "node.name": "tpotcluster-node-01", "message": "loaded module [repository-url]" }
{"type": "server", "timestamp": "2022-03-30T06:35:02,996Z", "level": "INFO", "component": "o.e.p.PluginsService", "cluster.name": "tpotcluster", "node.name": "tpotcluster-node-01", "message": "loaded module [runtime-fields-common]" }
{"type": "server", "timestamp": "2022-03-30T06:35:02,997Z", "level": "INFO", "component": "o.e.p.PluginsService", "cluster.name": "tpotcluster", "node.name": "tpotcluster-node-01", "message": "loaded module [search-business-rules]" }
{"type": "server", "timestamp": "2022-03-30T06:35:02,997Z", "level": "INFO", "component": "o.e.p.PluginsService", "cluster.name": "tpotcluster", "node.name": "tpotcluster-node-01", "message": "loaded module [searchable-snapshots]" }
{"type": "server", "timestamp": "2022-03-30T06:35:02,998Z", "level": "INFO", "component": "o.e.p.PluginsService", "cluster.name": "tpotcluster", "node.name": "tpotcluster-node-01", "message": "loaded module [snapshot-repo-test-kit]" }
{"type": "server", "timestamp": "2022-03-30T06:35:02,998Z", "level": "INFO", "component": "o.e.p.PluginsService", "cluster.name": "tpotcluster", "node.name": "tpotcluster-node-01", "message": "loaded module [spatial]" }
{"type": "server", "timestamp": "2022-03-30T06:35:02,999Z", "level": "INFO", "component": "o.e.p.PluginsService", "cluster.name": "tpotcluster", "node.name": "tpotcluster-node-01", "message": "loaded module [transform]" }
{"type": "server", "timestamp": "2022-03-30T06:35:02,999Z", "level": "INFO", "component": "o.e.p.PluginsService", "cluster.name": "tpotcluster", "node.name": "tpotcluster-node-01", "message": "loaded module [transport-netty4]" }
{"type": "server", "timestamp": "2022-03-30T06:35:02,999Z", "level": "INFO", "component": "o.e.p.PluginsService", "cluster.name": "tpotcluster", "node.name": "tpotcluster-node-01", "message": "loaded module [unsigned-long]" }
{"type": "server", "timestamp": "2022-03-30T06:35:03,000Z", "level": "INFO", "component": "o.e.p.PluginsService", "cluster.name": "tpotcluster", "node.name": "tpotcluster-node-01", "message": "loaded module [vector-tile]" }
{"type": "server", "timestamp": "2022-03-30T06:35:03,000Z", "level": "INFO", "component": "o.e.p.PluginsService", "cluster.name": "tpotcluster", "node.name": "tpotcluster-node-01", "message": "loaded module [vectors]" }
{"type": "server", "timestamp": "2022-03-30T06:35:03,001Z", "level": "INFO", "component": "o.e.p.PluginsService", "cluster.name": "tpotcluster", "node.name": "tpotcluster-node-01", "message": "loaded module [wildcard]" }
{"type": "server", "timestamp": "2022-03-30T06:35:03,001Z", "level": "INFO", "component": "o.e.p.PluginsService", "cluster.name": "tpotcluster", "node.name": "tpotcluster-node-01", "message": "loaded module [x-pack-aggregate-metric]" }
{"type": "server", "timestamp": "2022-03-30T06:35:03,002Z", "level": "INFO", "component": "o.e.p.PluginsService", "cluster.name": "tpotcluster", "node.name": "tpotcluster-node-01", "message": "loaded module [x-pack-analytics]" }
{"type": "server", "timestamp": "2022-03-30T06:35:03,002Z", "level": "INFO", "component": "o.e.p.PluginsService", "cluster.name": "tpotcluster", "node.name": "tpotcluster-node-01", "message": "loaded module [x-pack-async]" }
{"type": "server", "timestamp": "2022-03-30T06:35:03,002Z", "level": "INFO", "component": "o.e.p.PluginsService", "cluster.name": "tpotcluster", "node.name": "tpotcluster-node-01", "message": "loaded module [x-pack-async-search]" }
{"type": "server", "timestamp": "2022-03-30T06:35:03,003Z", "level": "INFO", "component": "o.e.p.PluginsService", "cluster.name": "tpotcluster", "node.name": "tpotcluster-node-01", "message": "loaded module [x-pack-autoscaling]" }
{"type": "server", "timestamp": "2022-03-30T06:35:03,003Z", "level": "INFO", "component": "o.e.p.PluginsService", "cluster.name": "tpotcluster", "node.name": "tpotcluster-node-01", "message": "loaded module [x-pack-ccr]" }
{"type": "server", "timestamp": "2022-03-30T06:35:03,003Z", "level": "INFO", "component": "o.e.p.PluginsService", "cluster.name": "tpotcluster", "node.name": "tpotcluster-node-01", "message": "loaded module [x-pack-core]" }
{"type": "server", "timestamp": "2022-03-30T06:35:03,004Z", "level": "INFO", "component": "o.e.p.PluginsService", "cluster.name": "tpotcluster", "node.name": "tpotcluster-node-01", "message": "loaded module [x-pack-data-streams]" }
{"type": "server", "timestamp": "2022-03-30T06:35:03,004Z", "level": "INFO", "component": "o.e.p.PluginsService", "cluster.name": "tpotcluster", "node.name": "tpotcluster-node-01", "message": "loaded module [x-pack-deprecation]" }
{"type": "server", "timestamp": "2022-03-30T06:35:03,005Z", "level": "INFO", "component": "o.e.p.PluginsService", "cluster.name": "tpotcluster", "node.name": "tpotcluster-node-01", "message": "loaded module [x-pack-enrich]" }
{"type": "server", "timestamp": "2022-03-30T06:35:03,005Z", "level": "INFO", "component": "o.e.p.PluginsService", "cluster.name": "tpotcluster", "node.name": "tpotcluster-node-01", "message": "loaded module [x-pack-eql]" }
{"type": "server", "timestamp": "2022-03-30T06:35:03,005Z", "level": "INFO", "component": "o.e.p.PluginsService", "cluster.name": "tpotcluster", "node.name": "tpotcluster-node-01", "message": "loaded module [x-pack-fleet]" }
{"type": "server", "timestamp": "2022-03-30T06:35:03,006Z", "level": "INFO", "component": "o.e.p.PluginsService", "cluster.name": "tpotcluster", "node.name": "tpotcluster-node-01", "message": "loaded module [x-pack-graph]" }
{"type": "server", "timestamp": "2022-03-30T06:35:03,006Z", "level": "INFO", "component": "o.e.p.PluginsService", "cluster.name": "tpotcluster", "node.name": "tpotcluster-node-01", "message": "loaded module [x-pack-identity-provider]" }
{"type": "server", "timestamp": "2022-03-30T06:35:03,007Z", "level": "INFO", "component": "o.e.p.PluginsService", "cluster.name": "tpotcluster", "node.name": "tpotcluster-node-01", "message": "loaded module [x-pack-ilm]" }
{"type": "server", "timestamp": "2022-03-30T06:35:03,007Z", "level": "INFO", "component": "o.e.p.PluginsService", "cluster.name": "tpotcluster", "node.name": "tpotcluster-node-01", "message": "loaded module [x-pack-logstash]" }
{"type": "server", "timestamp": "2022-03-30T06:35:03,008Z", "level": "INFO", "component": "o.e.p.PluginsService", "cluster.name": "tpotcluster", "node.name": "tpotcluster-node-01", "message": "loaded module [x-pack-monitoring]" }
{"type": "server", "timestamp": "2022-03-30T06:35:03,008Z", "level": "INFO", "component": "o.e.p.PluginsService", "cluster.name": "tpotcluster", "node.name": "tpotcluster-node-01", "message": "loaded module [x-pack-ql]" }
{"type": "server", "timestamp": "2022-03-30T06:35:03,008Z", "level": "INFO", "component": "o.e.p.PluginsService", "cluster.name": "tpotcluster", "node.name": "tpotcluster-node-01", "message": "loaded module [x-pack-rollup]" }
{"type": "server", "timestamp": "2022-03-30T06:35:03,009Z", "level": "INFO", "component": "o.e.p.PluginsService", "cluster.name": "tpotcluster", "node.name": "tpotcluster-node-01", "message": "loaded module [x-pack-security]" }
{"type": "server", "timestamp": "2022-03-30T06:35:03,009Z", "level": "INFO", "component": "o.e.p.PluginsService", "cluster.name": "tpotcluster", "node.name": "tpotcluster-node-01", "message": "loaded module [x-pack-shutdown]" }
{"type": "server", "timestamp": "2022-03-30T06:35:03,010Z", "level": "INFO", "component": "o.e.p.PluginsService", "cluster.name": "tpotcluster", "node.name": "tpotcluster-node-01", "message": "loaded module [x-pack-sql]" }
{"type": "server", "timestamp": "2022-03-30T06:35:03,010Z", "level": "INFO", "component": "o.e.p.PluginsService", "cluster.name": "tpotcluster", "node.name": "tpotcluster-node-01", "message": "loaded module [x-pack-stack]" }
{"type": "server", "timestamp": "2022-03-30T06:35:03,010Z", "level": "INFO", "component": "o.e.p.PluginsService", "cluster.name": "tpotcluster", "node.name": "tpotcluster-node-01", "message": "loaded module [x-pack-text-structure]" }
{"type": "server", "timestamp": "2022-03-30T06:35:03,011Z", "level": "INFO", "component": "o.e.p.PluginsService", "cluster.name": "tpotcluster", "node.name": "tpotcluster-node-01", "message": "loaded module [x-pack-voting-only-node]" }
{"type": "server", "timestamp": "2022-03-30T06:35:03,011Z", "level": "INFO", "component": "o.e.p.PluginsService", "cluster.name": "tpotcluster", "node.name": "tpotcluster-node-01", "message": "loaded module [x-pack-watcher]" }
{"type": "server", "timestamp": "2022-03-30T06:35:03,012Z", "level": "INFO", "component": "o.e.p.PluginsService", "cluster.name": "tpotcluster", "node.name": "tpotcluster-node-01", "message": "no plugins loaded" }
{"type": "server", "timestamp": "2022-03-30T06:35:03,101Z", "level": "INFO", "component": "o.e.e.NodeEnvironment", "cluster.name": "tpotcluster", "node.name": "tpotcluster-node-01", "message": "using [1] data paths, mounts [[/data (/dev/sda1)]], net usable_space [103.3gb], net total_space [125.8gb], types [ext4]" }
{"type": "server", "timestamp": "2022-03-30T06:35:03,102Z", "level": "INFO", "component": "o.e.e.NodeEnvironment", "cluster.name": "tpotcluster", "node.name": "tpotcluster-node-01", "message": "heap size [2gb], compressed ordinary object pointers [true]" }
{"type": "server", "timestamp": "2022-03-30T06:35:03,516Z", "level": "INFO", "component": "o.e.n.Node", "cluster.name": "tpotcluster", "node.name": "tpotcluster-node-01", "message": "node name [tpotcluster-node-01], node ID [t9hfPgy_RyC9LOJUxQUrSQ], cluster name [tpotcluster], roles [transform, data_frozen, master, remote_cluster_client, data, data_content, data_hot, data_warm, data_cold, ingest]" }
{"type": "server", "timestamp": "2022-03-30T06:35:17,398Z", "level": "INFO", "component": "o.e.i.g.ConfigDatabases", "cluster.name": "tpotcluster", "node.name": "tpotcluster-node-01", "message": "initialized default databases [[GeoLite2-Country.mmdb, GeoLite2-City.mmdb, GeoLite2-ASN.mmdb]], config databases [[]] and watching [/usr/share/elasticsearch/config/ingest-geoip] for changes" }
{"type": "server", "timestamp": "2022-03-30T06:35:17,405Z", "level": "INFO", "component": "o.e.i.g.DatabaseNodeService", "cluster.name": "tpotcluster", "node.name": "tpotcluster-node-01", "message": "deleting stale file [/tmp/geoip-databases/t9hfPgy_RyC9LOJUxQUrSQ/GeoLite2-City.mmdb_LICENSE.txt]" }
{"type": "server", "timestamp": "2022-03-30T06:35:17,407Z", "level": "INFO", "component": "o.e.i.g.DatabaseNodeService", "cluster.name": "tpotcluster", "node.name": "tpotcluster-node-01", "message": "deleting stale file [/tmp/geoip-databases/t9hfPgy_RyC9LOJUxQUrSQ/GeoLite2-City.mmdb]" }
{"type": "server", "timestamp": "2022-03-30T06:35:17,409Z", "level": "INFO", "component": "o.e.i.g.DatabaseNodeService", "cluster.name": "tpotcluster", "node.name": "tpotcluster-node-01", "message": "deleting stale file [/tmp/geoip-databases/t9hfPgy_RyC9LOJUxQUrSQ/GeoLite2-Country.mmdb_LICENSE.txt]" }
{"type": "server", "timestamp": "2022-03-30T06:35:17,410Z", "level": "INFO", "component": "o.e.i.g.DatabaseNodeService", "cluster.name": "tpotcluster", "node.name": "tpotcluster-node-01", "message": "deleting stale file [/tmp/geoip-databases/t9hfPgy_RyC9LOJUxQUrSQ/GeoLite2-Country.mmdb_elastic-geoip-database-service-agreement-LICENSE.txt]" }
{"type": "server", "timestamp": "2022-03-30T06:35:17,412Z", "level": "INFO", "component": "o.e.i.g.DatabaseNodeService", "cluster.name": "tpotcluster", "node.name": "tpotcluster-node-01", "message": "deleting stale file [/tmp/geoip-databases/t9hfPgy_RyC9LOJUxQUrSQ/GeoLite2-ASN.mmdb_COPYRIGHT.txt]" }
{"type": "server", "timestamp": "2022-03-30T06:35:17,413Z", "level": "INFO", "component": "o.e.i.g.DatabaseNodeService", "cluster.name": "tpotcluster", "node.name": "tpotcluster-node-01", "message": "deleting stale file [/tmp/geoip-databases/t9hfPgy_RyC9LOJUxQUrSQ/GeoLite2-City.mmdb_COPYRIGHT.txt]" }
{"type": "server", "timestamp": "2022-03-30T06:35:17,415Z", "level": "INFO", "component": "o.e.i.g.DatabaseNodeService", "cluster.name": "tpotcluster", "node.name": "tpotcluster-node-01", "message": "deleting stale file [/tmp/geoip-databases/t9hfPgy_RyC9LOJUxQUrSQ/GeoLite2-ASN.mmdb_elastic-geoip-database-service-agreement-LICENSE.txt]" }
{"type": "server", "timestamp": "2022-03-30T06:35:17,416Z", "level": "INFO", "component": "o.e.i.g.DatabaseNodeService", "cluster.name": "tpotcluster", "node.name": "tpotcluster-node-01", "message": "deleting stale file [/tmp/geoip-databases/t9hfPgy_RyC9LOJUxQUrSQ/GeoLite2-City.mmdb_README.txt]" }
{"type": "server", "timestamp": "2022-03-30T06:35:17,418Z", "level": "INFO", "component": "o.e.i.g.DatabaseNodeService", "cluster.name": "tpotcluster", "node.name": "tpotcluster-node-01", "message": "deleting stale file [/tmp/geoip-databases/t9hfPgy_RyC9LOJUxQUrSQ/GeoLite2-Country.mmdb_COPYRIGHT.txt]" }
{"type": "server", "timestamp": "2022-03-30T06:35:17,420Z", "level": "INFO", "component": "o.e.i.g.DatabaseNodeService", "cluster.name": "tpotcluster", "node.name": "tpotcluster-node-01", "message": "deleting stale file [/tmp/geoip-databases/t9hfPgy_RyC9LOJUxQUrSQ/GeoLite2-ASN.mmdb_LICENSE.txt]" }
{"type": "server", "timestamp": "2022-03-30T06:35:17,422Z", "level": "INFO", "component": "o.e.i.g.DatabaseNodeService", "cluster.name": "tpotcluster", "node.name": "tpotcluster-node-01", "message": "deleting stale file [/tmp/geoip-databases/t9hfPgy_RyC9LOJUxQUrSQ/GeoLite2-Country.mmdb]" }
{"type": "server", "timestamp": "2022-03-30T06:35:17,423Z", "level": "INFO", "component": "o.e.i.g.DatabaseNodeService", "cluster.name": "tpotcluster", "node.name": "tpotcluster-node-01", "message": "deleting stale file [/tmp/geoip-databases/t9hfPgy_RyC9LOJUxQUrSQ/GeoLite2-ASN.mmdb]" }
{"type": "server", "timestamp": "2022-03-30T06:35:17,424Z", "level": "INFO", "component": "o.e.i.g.DatabaseNodeService", "cluster.name": "tpotcluster", "node.name": "tpotcluster-node-01", "message": "deleting stale file [/tmp/geoip-databases/t9hfPgy_RyC9LOJUxQUrSQ/GeoLite2-City.mmdb_elastic-geoip-database-service-agreement-LICENSE.txt]" }
{"type": "server", "timestamp": "2022-03-30T06:35:17,425Z", "level": "INFO", "component": "o.e.i.g.DatabaseNodeService", "cluster.name": "tpotcluster", "node.name": "tpotcluster-node-01", "message": "initialized database registry, using geoip-databases directory [/tmp/geoip-databases/t9hfPgy_RyC9LOJUxQUrSQ]" }
{"type": "server", "timestamp": "2022-03-30T06:35:18,815Z", "level": "INFO", "component": "o.e.t.NettyAllocator", "cluster.name": "tpotcluster", "node.name": "tpotcluster-node-01", "message": "creating NettyAllocator with the following configs: [name=elasticsearch_configured, chunk_size=1mb, suggested_max_allocation_size=1mb, factors={es.unsafe.use_netty_default_chunk_and_page_size=false, g1gc_enabled=true, g1gc_region_size=4mb}]" }
{"type": "server", "timestamp": "2022-03-30T06:35:18,993Z", "level": "INFO", "component": "o.e.d.DiscoveryModule", "cluster.name": "tpotcluster", "node.name": "tpotcluster-node-01", "message": "using discovery type [single-node] and seed hosts providers [settings]" }
{"type": "server", "timestamp": "2022-03-30T06:35:19,914Z", "level": "INFO", "component": "o.e.g.DanglingIndicesState", "cluster.name": "tpotcluster", "node.name": "tpotcluster-node-01", "message": "gateway.auto_import_dangling_indices is disabled, dangling indices will not be automatically detected or imported and must be managed manually" }
{"type": "server", "timestamp": "2022-03-30T06:35:20,772Z", "level": "INFO", "component": "o.e.n.Node", "cluster.name": "tpotcluster", "node.name": "tpotcluster-node-01", "message": "initialized" }
{"type": "server", "timestamp": "2022-03-30T06:35:20,774Z", "level": "INFO", "component": "o.e.n.Node", "cluster.name": "tpotcluster", "node.name": "tpotcluster-node-01", "message": "starting ..." }
{"type": "server", "timestamp": "2022-03-30T06:35:20,853Z", "level": "INFO", "component": "o.e.x.s.c.f.PersistentCache", "cluster.name": "tpotcluster", "node.name": "tpotcluster-node-01", "message": "persistent cache index loaded" }
{"type": "server", "timestamp": "2022-03-30T06:35:20,864Z", "level": "INFO", "component": "o.e.x.d.l.DeprecationIndexingComponent", "cluster.name": "tpotcluster", "node.name": "tpotcluster-node-01", "message": "deprecation component started" }
{"type": "server", "timestamp": "2022-03-30T06:35:21,175Z", "level": "INFO", "component": "o.e.t.TransportService", "cluster.name": "tpotcluster", "node.name": "tpotcluster-node-01", "message": "publish_address {127.0.0.1:9300}, bound_addresses {127.0.0.1:9300}" }
{"type": "server", "timestamp": "2022-03-30T06:35:24,164Z", "level": "INFO", "component": "o.e.c.c.Coordinator", "cluster.name": "tpotcluster", "node.name": "tpotcluster-node-01", "message": "cluster UUID [Qbw2pof0QzSXC1OvK0aFSw]" }
{"type": "server", "timestamp": "2022-03-30T06:35:24,306Z", "level": "INFO", "component": "o.e.c.s.MasterService", "cluster.name": "tpotcluster", "node.name": "tpotcluster-node-01", "message": "elected-as-master ([1] nodes joined)[{tpotcluster-node-01}{t9hfPgy_RyC9LOJUxQUrSQ}{9orahI9OSPeo4zvSMDD4ug}{127.0.0.1}{127.0.0.1:9300}{cdfhimrstw} elect leader, _BECOME_MASTER_TASK_, _FINISH_ELECTION_], term: 159, version: 4591, delta: master node changed {previous [], current [{tpotcluster-node-01}{t9hfPgy_RyC9LOJUxQUrSQ}{9orahI9OSPeo4zvSMDD4ug}{127.0.0.1}{127.0.0.1:9300}{cdfhimrstw}]}" }
{"type": "server", "timestamp": "2022-03-30T06:35:24,529Z", "level": "INFO", "component": "o.e.c.s.ClusterApplierService", "cluster.name": "tpotcluster", "node.name": "tpotcluster-node-01", "message": "master node changed {previous [], current [{tpotcluster-node-01}{t9hfPgy_RyC9LOJUxQUrSQ}{9orahI9OSPeo4zvSMDD4ug}{127.0.0.1}{127.0.0.1:9300}{cdfhimrstw}]}, term: 159, version: 4591, reason: Publication{term=159, version=4591}" }
{"type": "server", "timestamp": "2022-03-30T06:35:24,741Z", "level": "INFO", "component": "o.e.h.AbstractHttpServerTransport", "cluster.name": "tpotcluster", "node.name": "tpotcluster-node-01", "message": "publish_address {192.168.48.2:9200}, bound_addresses {0.0.0.0:9200}", "cluster.uuid": "Qbw2pof0QzSXC1OvK0aFSw", "node.id": "t9hfPgy_RyC9LOJUxQUrSQ"  }
{"type": "server", "timestamp": "2022-03-30T06:35:24,742Z", "level": "INFO", "component": "o.e.n.Node", "cluster.name": "tpotcluster", "node.name": "tpotcluster-node-01", "message": "started", "cluster.uuid": "Qbw2pof0QzSXC1OvK0aFSw", "node.id": "t9hfPgy_RyC9LOJUxQUrSQ"  }
{"type": "server", "timestamp": "2022-03-30T06:35:25,951Z", "level": "INFO", "component": "o.e.l.LicenseService", "cluster.name": "tpotcluster", "node.name": "tpotcluster-node-01", "message": "license [06f03395-4097-4495-8e63-b3dc92f4de14] mode [basic] - valid", "cluster.uuid": "Qbw2pof0QzSXC1OvK0aFSw", "node.id": "t9hfPgy_RyC9LOJUxQUrSQ"  }
{"type": "server", "timestamp": "2022-03-30T06:35:25,968Z", "level": "INFO", "component": "o.e.g.GatewayService", "cluster.name": "tpotcluster", "node.name": "tpotcluster-node-01", "message": "recovered [33] indices into cluster_state", "cluster.uuid": "Qbw2pof0QzSXC1OvK0aFSw", "node.id": "t9hfPgy_RyC9LOJUxQUrSQ"  }
{"type": "server", "timestamp": "2022-03-30T06:35:27,083Z", "level": "INFO", "component": "o.e.i.g.GeoIpDownloader", "cluster.name": "tpotcluster", "node.name": "tpotcluster-node-01", "message": "updating geoip databases", "cluster.uuid": "Qbw2pof0QzSXC1OvK0aFSw", "node.id": "t9hfPgy_RyC9LOJUxQUrSQ"  }
{"type": "server", "timestamp": "2022-03-30T06:35:27,099Z", "level": "INFO", "component": "o.e.i.g.GeoIpDownloader", "cluster.name": "tpotcluster", "node.name": "tpotcluster-node-01", "message": "fetching geoip databases overview from [https://geoip.elastic.co/v1/database?elastic_geoip_service_tos=agree]", "cluster.uuid": "Qbw2pof0QzSXC1OvK0aFSw", "node.id": "t9hfPgy_RyC9LOJUxQUrSQ"  }
{"type": "server", "timestamp": "2022-03-30T06:35:29,110Z", "level": "INFO", "component": "o.e.i.g.GeoIpDownloader", "cluster.name": "tpotcluster", "node.name": "tpotcluster-node-01", "message": "geoip database [GeoLite2-ASN.mmdb] is up to date, updated timestamp", "cluster.uuid": "Qbw2pof0QzSXC1OvK0aFSw", "node.id": "t9hfPgy_RyC9LOJUxQUrSQ"  }
{"type": "server", "timestamp": "2022-03-30T06:35:29,580Z", "level": "INFO", "component": "o.e.i.g.GeoIpDownloader", "cluster.name": "tpotcluster", "node.name": "tpotcluster-node-01", "message": "geoip database [GeoLite2-City.mmdb] is up to date, updated timestamp", "cluster.uuid": "Qbw2pof0QzSXC1OvK0aFSw", "node.id": "t9hfPgy_RyC9LOJUxQUrSQ"  }
{"type": "server", "timestamp": "2022-03-30T06:35:31,227Z", "level": "INFO", "component": "o.e.i.g.DatabaseNodeService", "cluster.name": "tpotcluster", "node.name": "tpotcluster-node-01", "message": "downloading geoip database [GeoLite2-Country.mmdb] to [/tmp/geoip-databases/t9hfPgy_RyC9LOJUxQUrSQ/GeoLite2-Country.mmdb.tmp.gz]", "cluster.uuid": "Qbw2pof0QzSXC1OvK0aFSw", "node.id": "t9hfPgy_RyC9LOJUxQUrSQ"  }
{"type": "server", "timestamp": "2022-03-30T06:35:31,386Z", "level": "INFO", "component": "o.e.i.g.DatabaseNodeService", "cluster.name": "tpotcluster", "node.name": "tpotcluster-node-01", "message": "downloading geoip database [GeoLite2-ASN.mmdb] to [/tmp/geoip-databases/t9hfPgy_RyC9LOJUxQUrSQ/GeoLite2-ASN.mmdb.tmp.gz]", "cluster.uuid": "Qbw2pof0QzSXC1OvK0aFSw", "node.id": "t9hfPgy_RyC9LOJUxQUrSQ"  }
{"type": "server", "timestamp": "2022-03-30T06:35:31,439Z", "level": "INFO", "component": "o.e.i.g.DatabaseNodeService", "cluster.name": "tpotcluster", "node.name": "tpotcluster-node-01", "message": "downloading geoip database [GeoLite2-City.mmdb] to [/tmp/geoip-databases/t9hfPgy_RyC9LOJUxQUrSQ/GeoLite2-City.mmdb.tmp.gz]", "cluster.uuid": "Qbw2pof0QzSXC1OvK0aFSw", "node.id": "t9hfPgy_RyC9LOJUxQUrSQ"  }
{"type": "server", "timestamp": "2022-03-30T06:35:33,442Z", "level": "INFO", "component": "o.e.i.g.GeoIpDownloader", "cluster.name": "tpotcluster", "node.name": "tpotcluster-node-01", "message": "geoip database [GeoLite2-Country.mmdb] is up to date, updated timestamp", "cluster.uuid": "Qbw2pof0QzSXC1OvK0aFSw", "node.id": "t9hfPgy_RyC9LOJUxQUrSQ"  }
{"type": "server", "timestamp": "2022-03-30T06:36:44,083Z", "level": "WARN", "component": "o.e.t.ThreadPool", "cluster.name": "tpotcluster", "node.name": "tpotcluster-node-01", "message": "execution of [ReschedulingRunnable{runnable=org.elasticsearch.monitor.jvm.JvmGcMonitorService$1@36430591, interval=1s}] took [34416ms] which is above the warn threshold of [5000ms]", "cluster.uuid": "Qbw2pof0QzSXC1OvK0aFSw", "node.id": "t9hfPgy_RyC9LOJUxQUrSQ"  }
{"type": "server", "timestamp": "2022-03-30T06:36:45,470Z", "level": "WARN", "component": "o.e.g.PersistedClusterStateService", "cluster.name": "tpotcluster", "node.name": "tpotcluster-node-01", "message": "writing cluster state took [66248ms] which is above the warn threshold of [10s]; wrote global metadata [true] and metadata for [0] indices and skipped [33] unchanged indices", "cluster.uuid": "Qbw2pof0QzSXC1OvK0aFSw", "node.id": "t9hfPgy_RyC9LOJUxQUrSQ"  }
{"type": "server", "timestamp": "2022-03-30T06:36:48,438Z", "level": "INFO", "component": "o.e.c.c.C.CoordinatorPublication", "cluster.name": "tpotcluster", "node.name": "tpotcluster-node-01", "message": "after [1.1m] publication of cluster state version [4606] is still waiting for {tpotcluster-node-01}{t9hfPgy_RyC9LOJUxQUrSQ}{9orahI9OSPeo4zvSMDD4ug}{127.0.0.1}{127.0.0.1:9300}{cdfhimrstw}{xpack.installed=true, transform.node=true} [SENT_PUBLISH_REQUEST]", "cluster.uuid": "Qbw2pof0QzSXC1OvK0aFSw", "node.id": "t9hfPgy_RyC9LOJUxQUrSQ"  }
{"type": "server", "timestamp": "2022-03-30T06:37:26,406Z", "level": "WARN", "component": "o.e.t.ThreadPool", "cluster.name": "tpotcluster", "node.name": "tpotcluster-node-01", "message": "execution of [org.elasticsearch.cluster.InternalClusterInfoService$RefreshScheduler$$Lambda$5094/0x00000008017e1bb8@2ebaa3b0] took [38207ms] which is above the warn threshold of [5000ms]", "cluster.uuid": "Qbw2pof0QzSXC1OvK0aFSw", "node.id": "t9hfPgy_RyC9LOJUxQUrSQ"  }
{"type": "server", "timestamp": "2022-03-30T06:37:40,178Z", "level": "INFO", "component": "o.e.i.g.DatabaseNodeService", "cluster.name": "tpotcluster", "node.name": "tpotcluster-node-01", "message": "successfully reloaded changed geoip database file [/tmp/geoip-databases/t9hfPgy_RyC9LOJUxQUrSQ/GeoLite2-Country.mmdb]", "cluster.uuid": "Qbw2pof0QzSXC1OvK0aFSw", "node.id": "t9hfPgy_RyC9LOJUxQUrSQ"  }
{"type": "server", "timestamp": "2022-03-30T06:37:47,324Z", "level": "INFO", "component": "o.e.i.g.DatabaseNodeService", "cluster.name": "tpotcluster", "node.name": "tpotcluster-node-01", "message": "successfully reloaded changed geoip database file [/tmp/geoip-databases/t9hfPgy_RyC9LOJUxQUrSQ/GeoLite2-ASN.mmdb]", "cluster.uuid": "Qbw2pof0QzSXC1OvK0aFSw", "node.id": "t9hfPgy_RyC9LOJUxQUrSQ"  }
{"type": "server", "timestamp": "2022-03-30T06:37:50,872Z", "level": "WARN", "component": "o.e.c.InternalClusterInfoService", "cluster.name": "tpotcluster", "node.name": "tpotcluster-node-01", "message": "failed to retrieve shard stats from node [t9hfPgy_RyC9LOJUxQUrSQ]: [tpotcluster-node-01][127.0.0.1:9300][indices:monitor/stats[n]] request_id [102] timed out after [16571ms]", "cluster.uuid": "Qbw2pof0QzSXC1OvK0aFSw", "node.id": "t9hfPgy_RyC9LOJUxQUrSQ"  }
{"type": "server", "timestamp": "2022-03-30T06:38:02,540Z", "level": "WARN", "component": "o.e.t.TransportService", "cluster.name": "tpotcluster", "node.name": "tpotcluster-node-01", "message": "Received response for a request that has timed out, sent [35.9s/35902ms] ago, timed out [19.3s/19331ms] ago, action [indices:monitor/stats[n]], node [{tpotcluster-node-01}{t9hfPgy_RyC9LOJUxQUrSQ}{9orahI9OSPeo4zvSMDD4ug}{127.0.0.1}{127.0.0.1:9300}{cdfhimrstw}{xpack.installed=true, transform.node=true}], id [102]", "cluster.uuid": "Qbw2pof0QzSXC1OvK0aFSw", "node.id": "t9hfPgy_RyC9LOJUxQUrSQ"  }
{"type": "server", "timestamp": "2022-03-30T06:38:16,010Z", "level": "WARN", "component": "o.e.g.PersistedClusterStateService", "cluster.name": "tpotcluster", "node.name": "tpotcluster-node-01", "message": "writing cluster state took [16648ms] which is above the warn threshold of [10s]; wrote global metadata [false] and metadata for [2] indices and skipped [31] unchanged indices", "cluster.uuid": "Qbw2pof0QzSXC1OvK0aFSw", "node.id": "t9hfPgy_RyC9LOJUxQUrSQ"  }
{"type": "server", "timestamp": "2022-03-30T06:38:21,166Z", "level": "INFO", "component": "o.e.c.c.C.CoordinatorPublication", "cluster.name": "tpotcluster", "node.name": "tpotcluster-node-01", "message": "after [24s] publication of cluster state version [4608] is still waiting for {tpotcluster-node-01}{t9hfPgy_RyC9LOJUxQUrSQ}{9orahI9OSPeo4zvSMDD4ug}{127.0.0.1}{127.0.0.1:9300}{cdfhimrstw}{xpack.installed=true, transform.node=true} [SENT_PUBLISH_REQUEST]", "cluster.uuid": "Qbw2pof0QzSXC1OvK0aFSw", "node.id": "t9hfPgy_RyC9LOJUxQUrSQ"  }
{"type": "server", "timestamp": "2022-03-30T06:38:41,396Z", "level": "WARN", "component": "o.e.t.ThreadPool", "cluster.name": "tpotcluster", "node.name": "tpotcluster-node-01", "message": "execution of [org.elasticsearch.cluster.InternalClusterInfoService$RefreshScheduler$$Lambda$5094/0x00000008017e1bb8@7c5d7148] took [13878ms] which is above the warn threshold of [5000ms]", "cluster.uuid": "Qbw2pof0QzSXC1OvK0aFSw", "node.id": "t9hfPgy_RyC9LOJUxQUrSQ"  }
{"type": "server", "timestamp": "2022-03-30T06:38:51,160Z", "level": "WARN", "component": "o.e.t.ThreadPool", "cluster.name": "tpotcluster", "node.name": "tpotcluster-node-01", "message": "execution of [ReschedulingRunnable{runnable=org.elasticsearch.monitor.jvm.JvmGcMonitorService$1@36430591, interval=1s}] took [6214ms] which is above the warn threshold of [5000ms]", "cluster.uuid": "Qbw2pof0QzSXC1OvK0aFSw", "node.id": "t9hfPgy_RyC9LOJUxQUrSQ"  }
{"type": "server", "timestamp": "2022-03-30T06:39:28,356Z", "level": "WARN", "component": "o.e.t.ThreadPool", "cluster.name": "tpotcluster", "node.name": "tpotcluster-node-01", "message": "execution of [ReschedulingRunnable{runnable=org.elasticsearch.monitor.jvm.JvmGcMonitorService$1@36430591, interval=1s}] took [9003ms] which is above the warn threshold of [5000ms]", "cluster.uuid": "Qbw2pof0QzSXC1OvK0aFSw", "node.id": "t9hfPgy_RyC9LOJUxQUrSQ"  }
{"type": "server", "timestamp": "2022-03-30T06:39:29,214Z", "level": "WARN", "component": "o.e.c.InternalClusterInfoService", "cluster.name": "tpotcluster", "node.name": "tpotcluster-node-01", "message": "failed to retrieve stats for node [t9hfPgy_RyC9LOJUxQUrSQ]: [tpotcluster-node-01][127.0.0.1:9300][cluster:monitor/nodes/stats[n]] request_id [141] timed out after [51818ms]", "cluster.uuid": "Qbw2pof0QzSXC1OvK0aFSw", "node.id": "t9hfPgy_RyC9LOJUxQUrSQ"  }
{"type": "server", "timestamp": "2022-03-30T06:39:36,159Z", "level": "WARN", "component": "o.e.c.InternalClusterInfoService", "cluster.name": "tpotcluster", "node.name": "tpotcluster-node-01", "message": "failed to retrieve shard stats from node [t9hfPgy_RyC9LOJUxQUrSQ]: [tpotcluster-node-01][127.0.0.1:9300][indices:monitor/stats[n]] request_id [143] timed out after [50300ms]", "cluster.uuid": "Qbw2pof0QzSXC1OvK0aFSw", "node.id": "t9hfPgy_RyC9LOJUxQUrSQ"  }
{"type": "server", "timestamp": "2022-03-30T06:39:43,547Z", "level": "WARN", "component": "o.e.t.ThreadPool", "cluster.name": "tpotcluster", "node.name": "tpotcluster-node-01", "message": "execution of [ReschedulingRunnable{runnable=org.elasticsearch.monitor.jvm.JvmGcMonitorService$1@36430591, interval=1s}] took [6603ms] which is above the warn threshold of [5000ms]", "cluster.uuid": "Qbw2pof0QzSXC1OvK0aFSw", "node.id": "t9hfPgy_RyC9LOJUxQUrSQ"  }
{"type": "server", "timestamp": "2022-03-30T06:40:06,135Z", "level": "WARN", "component": "o.e.m.f.FsHealthService", "cluster.name": "tpotcluster", "node.name": "tpotcluster-node-01", "message": "health check of [/data/elk/data/nodes/0] took [10168ms] which is above the warn threshold of [5s]", "cluster.uuid": "Qbw2pof0QzSXC1OvK0aFSw", "node.id": "t9hfPgy_RyC9LOJUxQUrSQ"  }
{"type": "server", "timestamp": "2022-03-30T06:40:19,325Z", "level": "WARN", "component": "o.e.t.ThreadPool", "cluster.name": "tpotcluster", "node.name": "tpotcluster-node-01", "message": "execution of [ReschedulingRunnable{runnable=org.elasticsearch.monitor.jvm.JvmGcMonitorService$1@36430591, interval=1s}] took [16907ms] which is above the warn threshold of [5000ms]", "cluster.uuid": "Qbw2pof0QzSXC1OvK0aFSw", "node.id": "t9hfPgy_RyC9LOJUxQUrSQ"  }
{"type": "server", "timestamp": "2022-03-30T06:40:58,285Z", "level": "WARN", "component": "o.e.t.ThreadPool", "cluster.name": "tpotcluster", "node.name": "tpotcluster-node-01", "message": "execution of [ReschedulingRunnable{runnable=org.elasticsearch.indices.IndexingMemoryController$ShardsIndicesStatusChecker@49e599b2, interval=5s}] took [22497ms] which is above the warn threshold of [5000ms]", "cluster.uuid": "Qbw2pof0QzSXC1OvK0aFSw", "node.id": "t9hfPgy_RyC9LOJUxQUrSQ"  }
{"type": "server", "timestamp": "2022-03-30T06:41:19,515Z", "level": "WARN", "component": "o.e.t.ThreadPool", "cluster.name": "tpotcluster", "node.name": "tpotcluster-node-01", "message": "execution of [ReschedulingRunnable{runnable=org.elasticsearch.monitor.jvm.JvmGcMonitorService$1@36430591, interval=1s}] took [13207ms] which is above the warn threshold of [5000ms]", "cluster.uuid": "Qbw2pof0QzSXC1OvK0aFSw", "node.id": "t9hfPgy_RyC9LOJUxQUrSQ"  }
{"type": "server", "timestamp": "2022-03-30T06:41:47,677Z", "level": "WARN", "component": "o.e.h.AbstractHttpServerTransport", "cluster.name": "tpotcluster", "node.name": "tpotcluster-node-01", "message": "handling request [null][POST][/_bulk][Netty4HttpChannel{localAddress=/192.168.48.2:9200, remoteAddress=/192.168.48.3:52536}] took [288781ms] which is above the warn threshold of [5000ms]", "cluster.uuid": "Qbw2pof0QzSXC1OvK0aFSw", "node.id": "t9hfPgy_RyC9LOJUxQUrSQ"  }
{"type": "server", "timestamp": "2022-03-30T06:41:47,677Z", "level": "WARN", "component": "o.e.h.AbstractHttpServerTransport", "cluster.name": "tpotcluster", "node.name": "tpotcluster-node-01", "message": "handling request [null][POST][/_bulk][Netty4HttpChannel{localAddress=/192.168.48.2:9200, remoteAddress=/192.168.48.3:52534}] took [288781ms] which is above the warn threshold of [5000ms]", "cluster.uuid": "Qbw2pof0QzSXC1OvK0aFSw", "node.id": "t9hfPgy_RyC9LOJUxQUrSQ"  }
{"type": "server", "timestamp": "2022-03-30T06:42:10,557Z", "level": "WARN", "component": "o.e.t.ThreadPool", "cluster.name": "tpotcluster", "node.name": "tpotcluster-node-01", "message": "execution of [org.elasticsearch.cluster.InternalClusterInfoService$RefreshScheduler$$Lambda$5094/0x00000008017e1bb8@6b2d38e6] took [46823ms] which is above the warn threshold of [5000ms]", "cluster.uuid": "Qbw2pof0QzSXC1OvK0aFSw", "node.id": "t9hfPgy_RyC9LOJUxQUrSQ"  }
{"type": "server", "timestamp": "2022-03-30T06:42:34,485Z", "level": "WARN", "component": "o.e.c.InternalClusterInfoService", "cluster.name": "tpotcluster", "node.name": "tpotcluster-node-01", "message": "failed to retrieve stats for node [t9hfPgy_RyC9LOJUxQUrSQ]: [tpotcluster-node-01][127.0.0.1:9300][cluster:monitor/nodes/stats[n]] request_id [172] timed out after [65826ms]", "cluster.uuid": "Qbw2pof0QzSXC1OvK0aFSw", "node.id": "t9hfPgy_RyC9LOJUxQUrSQ"  }
{"type": "server", "timestamp": "2022-03-30T06:42:34,553Z", "level": "WARN", "component": "o.e.c.InternalClusterInfoService", "cluster.name": "tpotcluster", "node.name": "tpotcluster-node-01", "message": "failed to retrieve shard stats from node [t9hfPgy_RyC9LOJUxQUrSQ]: [tpotcluster-node-01][127.0.0.1:9300][indices:monitor/stats[n]] request_id [174] timed out after [21604ms]", "cluster.uuid": "Qbw2pof0QzSXC1OvK0aFSw", "node.id": "t9hfPgy_RyC9LOJUxQUrSQ"  }
{"type": "server", "timestamp": "2022-03-30T06:43:05,065Z", "level": "WARN", "component": "o.e.t.ThreadPool", "cluster.name": "tpotcluster", "node.name": "tpotcluster-node-01", "message": "timer thread slept for [22.6s/22694ms] on absolute clock which is above the warn threshold of [5000ms]", "cluster.uuid": "Qbw2pof0QzSXC1OvK0aFSw", "node.id": "t9hfPgy_RyC9LOJUxQUrSQ"  }
{"type": "server", "timestamp": "2022-03-30T06:43:14,008Z", "level": "WARN", "component": "o.e.t.ThreadPool", "cluster.name": "tpotcluster", "node.name": "tpotcluster-node-01", "message": "timer thread slept for [22.6s/22693574217ns] on relative clock which is above the warn threshold of [5000ms]", "cluster.uuid": "Qbw2pof0QzSXC1OvK0aFSw", "node.id": "t9hfPgy_RyC9LOJUxQUrSQ"  }
{"type": "server", "timestamp": "2022-03-30T06:43:17,820Z", "level": "WARN", "component": "o.e.t.ThreadPool", "cluster.name": "tpotcluster", "node.name": "tpotcluster-node-01", "message": "timer thread slept for [13.8s/13843ms] on absolute clock which is above the warn threshold of [5000ms]", "cluster.uuid": "Qbw2pof0QzSXC1OvK0aFSw", "node.id": "t9hfPgy_RyC9LOJUxQUrSQ"  }
{"type": "server", "timestamp": "2022-03-30T06:43:19,765Z", "level": "WARN", "component": "o.e.t.ThreadPool", "cluster.name": "tpotcluster", "node.name": "tpotcluster-node-01", "message": "timer thread slept for [13.8s/13843878802ns] on relative clock which is above the warn threshold of [5000ms]", "cluster.uuid": "Qbw2pof0QzSXC1OvK0aFSw", "node.id": "t9hfPgy_RyC9LOJUxQUrSQ"  }
{"type": "server", "timestamp": "2022-03-30T06:43:44,280Z", "level": "WARN", "component": "o.e.m.j.JvmGcMonitorService", "cluster.name": "tpotcluster", "node.name": "tpotcluster-node-01", "message": "[gc][young][52][14] duration [16.8s], collections [1]/[4.1s], total [16.8s]/[17.8s], memory [388mb]->[388mb]/[2gb], all_pools {[young] [292mb]->[296mb]/[0b]}{[old] [92mb]->[92mb]/[2gb]}{[survivor] [4mb]->[23mb]/[0b]}", "cluster.uuid": "Qbw2pof0QzSXC1OvK0aFSw", "node.id": "t9hfPgy_RyC9LOJUxQUrSQ"  }
{"type": "server", "timestamp": "2022-03-30T06:43:47,679Z", "level": "WARN", "component": "o.e.m.j.JvmGcMonitorService", "cluster.name": "tpotcluster", "node.name": "tpotcluster-node-01", "message": "[gc][52] overhead, spent [16.8s] collecting in the last [4.1s]", "cluster.uuid": "Qbw2pof0QzSXC1OvK0aFSw", "node.id": "t9hfPgy_RyC9LOJUxQUrSQ"  }
{"type": "server", "timestamp": "2022-03-30T06:43:46,460Z", "level": "WARN", "component": "o.e.c.s.ClusterApplierService", "cluster.name": "tpotcluster", "node.name": "tpotcluster-node-01", "message": "cluster state applier task [Publication{term=159, version=4608}] took [5m] which is above the warn threshold of [30s]: [running task [Publication{term=159, version=4608}]] took [29ms], [connecting to new nodes] took [36ms], [applying settings] took [0ms], [org.elasticsearch.repositories.RepositoriesService@472cfe7c] took [0ms], [org.elasticsearch.indices.cluster.IndicesClusterStateService@421a65ba] took [209198ms], [org.elasticsearch.script.ScriptService@c19bbd0] took [0ms], [org.elasticsearch.xpack.ilm.IndexLifecycleService@7fb53cb2] took [0ms], [org.elasticsearch.snapshots.RestoreService@5f4af226] took [0ms], [org.elasticsearch.ingest.IngestService@4eec7bc0] took [8111ms], [org.elasticsearch.action.ingest.IngestActionForwarder@fea9ef6] took [66ms], [org.elasticsearch.action.admin.cluster.repositories.cleanup.TransportCleanupRepositoryAction$$Lambda$4526/0x00000008016c2000@596c6315] took [0ms], [org.elasticsearch.indices.TimestampFieldMapperService@51bf61dc] took [64ms], [org.elasticsearch.tasks.TaskManager@7c203250] took [0ms], [org.elasticsearch.snapshots.SnapshotsService@27660e0c] took [173ms], [org.elasticsearch.cluster.InternalClusterInfoService@126bac8f] took [0ms], [org.elasticsearch.snapshots.InternalSnapshotsInfoService@13a2996f] took [56ms], [org.elasticsearch.indices.SystemIndexManager@62043339] took [2296ms], [org.elasticsearch.xpack.shutdown.NodeSeenService@71f19f43] took [76ms], [org.elasticsearch.xpack.autoscaling.capacity.memory.AutoscalingMemoryInfoService$$Lambda$3179/0x00000008012d94e8@1de89dda] took [801ms], [org.elasticsearch.xpack.ccr.action.ShardFollowTaskCleaner@246296e3] took [1ms], [org.elasticsearch.xpack.enrich.EnrichPolicyMaintenanceService@5595788d] took [0ms], [org.elasticsearch.xpack.transform.notifications.TransformAuditor$$Lambda$3197/0x00000008013b6c08@46ec71cd] took [0ms], [org.elasticsearch.xpack.transform.TransformClusterStateListener@467721a5] took [0ms], [org.elasticsearch.xpack.stack.StackTemplateRegistry@292abadb] took [29802ms], [org.elasticsearch.xpack.searchablesnapshots.cache.blob.BlobStoreCacheMaintenanceService@584ebfe1] took [0ms], [org.elasticsearch.xpack.searchablesnapshots.SearchableSnapshots$RepositoryUuidWatcher@3dbb51bc] took [0ms], [org.elasticsearch.xpack.watcher.support.WatcherIndexTemplateRegistry@1027505d] took [28130ms], [org.elasticsearch.xpack.watcher.WatcherLifeCycleService@5bc89d6b] took [399ms], [org.elasticsearch.xpack.watcher.WatcherIndexingListener@445543e7] took [0ms], [org.elasticsearch.xpack.ilm.history.ILMHistoryTemplateRegistry@2384dc60] took [2462ms], [org.elasticsearch.xpack.ilm.IndexLifecycleService@7fb53cb2] took [2028ms], [org.elasticsearch.xpack.core.slm.history.SnapshotLifecycleTemplateRegistry@90bc5f5] took [8391ms], [org.elasticsearch.xpack.slm.SnapshotLifecycleService@1637227a] took [0ms], [org.elasticsearch.xpack.slm.SnapshotRetentionService@2a02e3a8] took [0ms], [org.elasticsearch.xpack.deprecation.logging.DeprecationIndexingTemplateRegistry@3491d0b0] took [6768ms], [org.elasticsearch.xpack.fleet.FleetTemplateRegistry@706ed0d2] took [4081ms], [org.elasticsearch.cluster.metadata.SystemIndexMetadataUpgradeService@204e3680] took [0ms], [org.elasticsearch.cluster.metadata.TemplateUpgradeService@5541afc6] took [757ms], [org.elasticsearch.node.ResponseCollectorService@53af1dfc] took [0ms], [org.elasticsearch.snapshots.SnapshotShardsService@1d70f4d4] took [1ms], [org.elasticsearch.persistent.PersistentTasksClusterService@4cdb2bcc] took [66ms], [org.elasticsearch.shutdown.PluginShutdownService@143c920e] took [0ms], [org.elasticsearch.cluster.routing.DelayedAllocationService@2c472ee0] took [29ms], [org.elasticsearch.indices.store.IndicesStore@3d1a23f8] took [102ms], [org.elasticsearch.persistent.PersistentTasksNodeService@735c2c98] took [0ms], [org.elasticsearch.license.LicenseService@6473ba4d] took [0ms], [org.elasticsearch.xpack.ccr.action.AutoFollowCoordinator@1dbf403c] took [0ms], [org.elasticsearch.xpack.core.async.AsyncTaskMaintenanceService@4d967014] took [0ms], [org.elasticsearch.gateway.GatewayService@19f350e1] took [0ms], [org.elasticsearch.indices.recovery.PeerRecoverySourceService@40ed2650] took [0ms]", "cluster.uuid": "Qbw2pof0QzSXC1OvK0aFSw", "node.id": "t9hfPgy_RyC9LOJUxQUrSQ"  }
{"type": "server", "timestamp": "2022-03-30T06:43:49,632Z", "level": "WARN", "component": "o.e.t.ThreadPool", "cluster.name": "tpotcluster", "node.name": "tpotcluster-node-01", "message": "execution of [ReschedulingRunnable{runnable=org.elasticsearch.monitor.jvm.JvmGcMonitorService$1@36430591, interval=1s}] took [71150ms] which is above the warn threshold of [5000ms]", "cluster.uuid": "Qbw2pof0QzSXC1OvK0aFSw", "node.id": "t9hfPgy_RyC9LOJUxQUrSQ"  }
{"type": "server", "timestamp": "2022-03-30T06:44:12,087Z", "level": "WARN", "component": "o.e.t.ThreadPool", "cluster.name": "tpotcluster", "node.name": "tpotcluster-node-01", "message": "execution of [org.elasticsearch.cluster.InternalClusterInfoService$RefreshScheduler$$Lambda$5094/0x00000008017e1bb8@2cbfd07c] took [6859ms] which is above the warn threshold of [5000ms]", "cluster.uuid": "Qbw2pof0QzSXC1OvK0aFSw", "node.id": "t9hfPgy_RyC9LOJUxQUrSQ"  }
{"type": "server", "timestamp": "2022-03-30T06:44:21,861Z", "level": "WARN", "component": "o.e.t.ThreadPool", "cluster.name": "tpotcluster", "node.name": "tpotcluster-node-01", "message": "execution of [ReschedulingRunnable{runnable=org.elasticsearch.monitor.jvm.JvmGcMonitorService$1@36430591, interval=1s}] took [7351ms] which is above the warn threshold of [5000ms]", "cluster.uuid": "Qbw2pof0QzSXC1OvK0aFSw", "node.id": "t9hfPgy_RyC9LOJUxQUrSQ"  }
{"type": "server", "timestamp": "2022-03-30T06:44:40,486Z", "level": "WARN", "component": "o.e.t.ThreadPool", "cluster.name": "tpotcluster", "node.name": "tpotcluster-node-01", "message": "execution of [ReschedulingRunnable{runnable=org.elasticsearch.monitor.jvm.JvmGcMonitorService$1@36430591, interval=1s}] took [9069ms] which is above the warn threshold of [5000ms]", "cluster.uuid": "Qbw2pof0QzSXC1OvK0aFSw", "node.id": "t9hfPgy_RyC9LOJUxQUrSQ"  }
{"type": "server", "timestamp": "2022-03-30T06:44:38,130Z", "level": "WARN", "component": "o.e.c.InternalClusterInfoService", "cluster.name": "tpotcluster", "node.name": "tpotcluster-node-01", "message": "failed to retrieve stats for node [t9hfPgy_RyC9LOJUxQUrSQ]: [tpotcluster-node-01][127.0.0.1:9300][cluster:monitor/nodes/stats[n]] request_id [198] timed out after [25075ms]", "cluster.uuid": "Qbw2pof0QzSXC1OvK0aFSw", "node.id": "t9hfPgy_RyC9LOJUxQUrSQ"  }
{"type": "server", "timestamp": "2022-03-30T06:44:46,066Z", "level": "WARN", "component": "o.e.c.InternalClusterInfoService", "cluster.name": "tpotcluster", "node.name": "tpotcluster-node-01", "message": "failed to retrieve shard stats from node [t9hfPgy_RyC9LOJUxQUrSQ]: [tpotcluster-node-01][127.0.0.1:9300][indices:monitor/stats[n]] request_id [199] timed out after [33489ms]", "cluster.uuid": "Qbw2pof0QzSXC1OvK0aFSw", "node.id": "t9hfPgy_RyC9LOJUxQUrSQ"  }
{"type": "server", "timestamp": "2022-03-30T06:44:53,137Z", "level": "WARN", "component": "o.e.t.TransportService", "cluster.name": "tpotcluster", "node.name": "tpotcluster-node-01", "message": "Received response for a request that has timed out, sent [6.4m/384375ms] ago, timed out [5.5m/332557ms] ago, action [cluster:monitor/nodes/stats[n]], node [{tpotcluster-node-01}{t9hfPgy_RyC9LOJUxQUrSQ}{9orahI9OSPeo4zvSMDD4ug}{127.0.0.1}{127.0.0.1:9300}{cdfhimrstw}{xpack.installed=true, transform.node=true}], id [141]", "cluster.uuid": "Qbw2pof0QzSXC1OvK0aFSw", "node.id": "t9hfPgy_RyC9LOJUxQUrSQ"  }
{"type": "server", "timestamp": "2022-03-30T06:45:00,018Z", "level": "WARN", "component": "o.e.t.TransportService", "cluster.name": "tpotcluster", "node.name": "tpotcluster-node-01", "message": "Received response for a request that has timed out, sent [6.2m/377301ms] ago, timed out [5.4m/327001ms] ago, action [indices:monitor/stats[n]], node [{tpotcluster-node-01}{t9hfPgy_RyC9LOJUxQUrSQ}{9orahI9OSPeo4zvSMDD4ug}{127.0.0.1}{127.0.0.1:9300}{cdfhimrstw}{xpack.installed=true, transform.node=true}], id [143]", "cluster.uuid": "Qbw2pof0QzSXC1OvK0aFSw", "node.id": "t9hfPgy_RyC9LOJUxQUrSQ"  }
{"type": "server", "timestamp": "2022-03-30T06:45:05,478Z", "level": "WARN", "component": "o.e.t.ThreadPool", "cluster.name": "tpotcluster", "node.name": "tpotcluster-node-01", "message": "execution of [ReschedulingRunnable{runnable=org.elasticsearch.monitor.jvm.JvmGcMonitorService$1@36430591, interval=1s}] took [5809ms] which is above the warn threshold of [5000ms]", "cluster.uuid": "Qbw2pof0QzSXC1OvK0aFSw", "node.id": "t9hfPgy_RyC9LOJUxQUrSQ"  }
{"type": "server", "timestamp": "2022-03-30T06:45:18,340Z", "level": "WARN", "component": "o.e.t.ThreadPool", "cluster.name": "tpotcluster", "node.name": "tpotcluster-node-01", "message": "execution of [ReschedulingRunnable{runnable=org.elasticsearch.monitor.jvm.JvmGcMonitorService$1@36430591, interval=1s}] took [5008ms] which is above the warn threshold of [5000ms]", "cluster.uuid": "Qbw2pof0QzSXC1OvK0aFSw", "node.id": "t9hfPgy_RyC9LOJUxQUrSQ"  }
{"type": "server", "timestamp": "2022-03-30T06:45:24,457Z", "level": "WARN", "component": "o.e.t.TransportService", "cluster.name": "tpotcluster", "node.name": "tpotcluster-node-01", "message": "Received response for a request that has timed out, sent [3.9m/237533ms] ago, timed out [2.8m/171707ms] ago, action [cluster:monitor/nodes/stats[n]], node [{tpotcluster-node-01}{t9hfPgy_RyC9LOJUxQUrSQ}{9orahI9OSPeo4zvSMDD4ug}{127.0.0.1}{127.0.0.1:9300}{cdfhimrstw}{xpack.installed=true, transform.node=true}], id [172]", "cluster.uuid": "Qbw2pof0QzSXC1OvK0aFSw", "node.id": "t9hfPgy_RyC9LOJUxQUrSQ"  }
{"type": "server", "timestamp": "2022-03-30T06:45:30,237Z", "level": "WARN", "component": "o.e.t.TransportService", "cluster.name": "tpotcluster", "node.name": "tpotcluster-node-01", "message": "Received response for a request that has timed out, sent [3.3m/198314ms] ago, timed out [2.9m/176710ms] ago, action [indices:monitor/stats[n]], node [{tpotcluster-node-01}{t9hfPgy_RyC9LOJUxQUrSQ}{9orahI9OSPeo4zvSMDD4ug}{127.0.0.1}{127.0.0.1:9300}{cdfhimrstw}{xpack.installed=true, transform.node=true}], id [174]", "cluster.uuid": "Qbw2pof0QzSXC1OvK0aFSw", "node.id": "t9hfPgy_RyC9LOJUxQUrSQ"  }
{"type": "server", "timestamp": "2022-03-30T06:45:33,648Z", "level": "WARN", "component": "o.e.t.TransportService", "cluster.name": "tpotcluster", "node.name": "tpotcluster-node-01", "message": "Received response for a request that has timed out, sent [1.4m/85885ms] ago, timed out [1m/60810ms] ago, action [cluster:monitor/nodes/stats[n]], node [{tpotcluster-node-01}{t9hfPgy_RyC9LOJUxQUrSQ}{9orahI9OSPeo4zvSMDD4ug}{127.0.0.1}{127.0.0.1:9300}{cdfhimrstw}{xpack.installed=true, transform.node=true}], id [198]", "cluster.uuid": "Qbw2pof0QzSXC1OvK0aFSw", "node.id": "t9hfPgy_RyC9LOJUxQUrSQ"  }
{"type": "server", "timestamp": "2022-03-30T06:45:48,210Z", "level": "WARN", "component": "o.e.g.PersistedClusterStateService", "cluster.name": "tpotcluster", "node.name": "tpotcluster-node-01", "message": "writing cluster state took [81581ms] which is above the warn threshold of [10s]; wrote global metadata [false] and metadata for [2] indices and skipped [31] unchanged indices", "cluster.uuid": "Qbw2pof0QzSXC1OvK0aFSw", "node.id": "t9hfPgy_RyC9LOJUxQUrSQ"  }
{"type": "server", "timestamp": "2022-03-30T06:45:57,217Z", "level": "INFO", "component": "o.e.c.c.C.CoordinatorPublication", "cluster.name": "tpotcluster", "node.name": "tpotcluster-node-01", "message": "after [1.7m] publication of cluster state version [4609] is still waiting for {tpotcluster-node-01}{t9hfPgy_RyC9LOJUxQUrSQ}{9orahI9OSPeo4zvSMDD4ug}{127.0.0.1}{127.0.0.1:9300}{cdfhimrstw}{xpack.installed=true, transform.node=true} [SENT_PUBLISH_REQUEST]", "cluster.uuid": "Qbw2pof0QzSXC1OvK0aFSw", "node.id": "t9hfPgy_RyC9LOJUxQUrSQ"  }
{"type": "server", "timestamp": "2022-03-30T06:46:05,233Z", "level": "WARN", "component": "o.e.t.TransportService", "cluster.name": "tpotcluster", "node.name": "tpotcluster-node-01", "message": "Received response for a request that has timed out, sent [1.8m/112254ms] ago, timed out [1.3m/78765ms] ago, action [indices:monitor/stats[n]], node [{tpotcluster-node-01}{t9hfPgy_RyC9LOJUxQUrSQ}{9orahI9OSPeo4zvSMDD4ug}{127.0.0.1}{127.0.0.1:9300}{cdfhimrstw}{xpack.installed=true, transform.node=true}], id [199]", "cluster.uuid": "Qbw2pof0QzSXC1OvK0aFSw", "node.id": "t9hfPgy_RyC9LOJUxQUrSQ"  }
{"type": "server", "timestamp": "2022-03-30T06:46:13,709Z", "level": "WARN", "component": "o.e.t.ThreadPool", "cluster.name": "tpotcluster", "node.name": "tpotcluster-node-01", "message": "timer thread slept for [5.7s/5777ms] on absolute clock which is above the warn threshold of [5000ms]", "cluster.uuid": "Qbw2pof0QzSXC1OvK0aFSw", "node.id": "t9hfPgy_RyC9LOJUxQUrSQ"  }
{"type": "server", "timestamp": "2022-03-30T06:46:13,837Z", "level": "WARN", "component": "o.e.t.ThreadPool", "cluster.name": "tpotcluster", "node.name": "tpotcluster-node-01", "message": "execution of [org.elasticsearch.cluster.InternalClusterInfoService$RefreshScheduler$$Lambda$5094/0x00000008017e1bb8@4939f5e9] took [41006ms] which is above the warn threshold of [5000ms]", "cluster.uuid": "Qbw2pof0QzSXC1OvK0aFSw", "node.id": "t9hfPgy_RyC9LOJUxQUrSQ"  }
{"type": "server", "timestamp": "2022-03-30T06:46:17,548Z", "level": "WARN", "component": "o.e.t.ThreadPool", "cluster.name": "tpotcluster", "node.name": "tpotcluster-node-01", "message": "timer thread slept for [5.7s/5777306905ns] on relative clock which is above the warn threshold of [5000ms]", "cluster.uuid": "Qbw2pof0QzSXC1OvK0aFSw", "node.id": "t9hfPgy_RyC9LOJUxQUrSQ"  }
{"type": "server", "timestamp": "2022-03-30T06:46:24,885Z", "level": "WARN", "component": "o.e.t.ThreadPool", "cluster.name": "tpotcluster", "node.name": "tpotcluster-node-01", "message": "timer thread slept for [11.6s/11615ms] on absolute clock which is above the warn threshold of [5000ms]", "cluster.uuid": "Qbw2pof0QzSXC1OvK0aFSw", "node.id": "t9hfPgy_RyC9LOJUxQUrSQ"  }
{"type": "server", "timestamp": "2022-03-30T06:46:28,998Z", "level": "WARN", "component": "o.e.t.ThreadPool", "cluster.name": "tpotcluster", "node.name": "tpotcluster-node-01", "message": "timer thread slept for [11.6s/11614861306ns] on relative clock which is above the warn threshold of [5000ms]", "cluster.uuid": "Qbw2pof0QzSXC1OvK0aFSw", "node.id": "t9hfPgy_RyC9LOJUxQUrSQ"  }
{"type": "server", "timestamp": "2022-03-30T06:46:30,366Z", "level": "WARN", "component": "o.e.t.ThreadPool", "cluster.name": "tpotcluster", "node.name": "tpotcluster-node-01", "message": "execution of [ReschedulingRunnable{runnable=org.elasticsearch.monitor.jvm.JvmGcMonitorService$1@36430591, interval=1s}] took [11614ms] which is above the warn threshold of [5000ms]", "cluster.uuid": "Qbw2pof0QzSXC1OvK0aFSw", "node.id": "t9hfPgy_RyC9LOJUxQUrSQ"  }
{"type": "server", "timestamp": "2022-03-30T06:46:32,161Z", "level": "WARN", "component": "o.e.t.ThreadPool", "cluster.name": "tpotcluster", "node.name": "tpotcluster-node-01", "message": "timer thread slept for [6.7s/6777ms] on absolute clock which is above the warn threshold of [5000ms]", "cluster.uuid": "Qbw2pof0QzSXC1OvK0aFSw", "node.id": "t9hfPgy_RyC9LOJUxQUrSQ"  }
{"type": "server", "timestamp": "2022-03-30T06:46:35,769Z", "level": "WARN", "component": "o.e.t.ThreadPool", "cluster.name": "tpotcluster", "node.name": "tpotcluster-node-01", "message": "timer thread slept for [6.7s/6777232465ns] on relative clock which is above the warn threshold of [5000ms]", "cluster.uuid": "Qbw2pof0QzSXC1OvK0aFSw", "node.id": "t9hfPgy_RyC9LOJUxQUrSQ"  }
{"type": "server", "timestamp": "2022-03-30T06:46:38,312Z", "level": "WARN", "component": "o.e.t.ThreadPool", "cluster.name": "tpotcluster", "node.name": "tpotcluster-node-01", "message": "timer thread slept for [6.5s/6551ms] on absolute clock which is above the warn threshold of [5000ms]", "cluster.uuid": "Qbw2pof0QzSXC1OvK0aFSw", "node.id": "t9hfPgy_RyC9LOJUxQUrSQ"  }
{"type": "server", "timestamp": "2022-03-30T06:46:40,316Z", "level": "WARN", "component": "o.e.t.ThreadPool", "cluster.name": "tpotcluster", "node.name": "tpotcluster-node-01", "message": "timer thread slept for [6.5s/6550761548ns] on relative clock which is above the warn threshold of [5000ms]", "cluster.uuid": "Qbw2pof0QzSXC1OvK0aFSw", "node.id": "t9hfPgy_RyC9LOJUxQUrSQ"  }
{"type": "server", "timestamp": "2022-03-30T06:46:49,596Z", "level": "WARN", "component": "o.e.t.ThreadPool", "cluster.name": "tpotcluster", "node.name": "tpotcluster-node-01", "message": "execution of [ReschedulingRunnable{runnable=org.elasticsearch.monitor.jvm.JvmGcMonitorService$1@36430591, interval=1s}] took [6023ms] which is above the warn threshold of [5000ms]", "cluster.uuid": "Qbw2pof0QzSXC1OvK0aFSw", "node.id": "t9hfPgy_RyC9LOJUxQUrSQ"  }
{"type": "server", "timestamp": "2022-03-30T06:47:01,492Z", "level": "WARN", "component": "o.e.t.ThreadPool", "cluster.name": "tpotcluster", "node.name": "tpotcluster-node-01", "message": "execution of [ReschedulingRunnable{runnable=org.elasticsearch.monitor.jvm.JvmGcMonitorService$1@36430591, interval=1s}] took [5808ms] which is above the warn threshold of [5000ms]", "cluster.uuid": "Qbw2pof0QzSXC1OvK0aFSw", "node.id": "t9hfPgy_RyC9LOJUxQUrSQ"  }
{"type": "server", "timestamp": "2022-03-30T06:47:13,323Z", "level": "WARN", "component": "o.e.t.ThreadPool", "cluster.name": "tpotcluster", "node.name": "tpotcluster-node-01", "message": "execution of [ReschedulingRunnable{runnable=org.elasticsearch.monitor.jvm.JvmGcMonitorService$1@36430591, interval=1s}] took [5214ms] which is above the warn threshold of [5000ms]", "cluster.uuid": "Qbw2pof0QzSXC1OvK0aFSw", "node.id": "t9hfPgy_RyC9LOJUxQUrSQ"  }
{"type": "server", "timestamp": "2022-03-30T06:47:12,035Z", "level": "WARN", "component": "o.e.m.f.FsHealthService", "cluster.name": "tpotcluster", "node.name": "tpotcluster-node-01", "message": "health check of [/data/elk/data/nodes/0] took [5815ms] which is above the warn threshold of [5s]", "cluster.uuid": "Qbw2pof0QzSXC1OvK0aFSw", "node.id": "t9hfPgy_RyC9LOJUxQUrSQ"  }
{"type": "server", "timestamp": "2022-03-30T06:47:29,320Z", "level": "WARN", "component": "o.e.t.ThreadPool", "cluster.name": "tpotcluster", "node.name": "tpotcluster-node-01", "message": "execution of [ReschedulingRunnable{runnable=org.elasticsearch.monitor.jvm.JvmGcMonitorService$1@36430591, interval=1s}] took [6122ms] which is above the warn threshold of [5000ms]", "cluster.uuid": "Qbw2pof0QzSXC1OvK0aFSw", "node.id": "t9hfPgy_RyC9LOJUxQUrSQ"  }
{"type": "server", "timestamp": "2022-03-30T06:47:32,677Z", "level": "WARN", "component": "o.e.c.s.ClusterApplierService", "cluster.name": "tpotcluster", "node.name": "tpotcluster-node-01", "message": "cluster state applier task [Publication{term=159, version=4609}] took [1.4m] which is above the warn threshold of [30s]: [running task [Publication{term=159, version=4609}]] took [198ms], [connecting to new nodes] took [259ms], [applying settings] took [0ms], [org.elasticsearch.repositories.RepositoriesService@472cfe7c] took [1ms], [org.elasticsearch.indices.cluster.IndicesClusterStateService@421a65ba] took [26123ms], [org.elasticsearch.script.ScriptService@c19bbd0] took [0ms], [org.elasticsearch.xpack.ilm.IndexLifecycleService@7fb53cb2] took [0ms], [org.elasticsearch.snapshots.RestoreService@5f4af226] took [0ms], [org.elasticsearch.ingest.IngestService@4eec7bc0] took [5060ms], [org.elasticsearch.action.ingest.IngestActionForwarder@fea9ef6] took [275ms], [org.elasticsearch.action.admin.cluster.repositories.cleanup.TransportCleanupRepositoryAction$$Lambda$4526/0x00000008016c2000@596c6315] took [0ms], [org.elasticsearch.indices.TimestampFieldMapperService@51bf61dc] took [72ms], [org.elasticsearch.tasks.TaskManager@7c203250] took [0ms], [org.elasticsearch.snapshots.SnapshotsService@27660e0c] took [209ms], [org.elasticsearch.cluster.InternalClusterInfoService@126bac8f] took [65ms], [org.elasticsearch.snapshots.InternalSnapshotsInfoService@13a2996f] took [0ms], [org.elasticsearch.indices.SystemIndexManager@62043339] took [1353ms], [org.elasticsearch.xpack.shutdown.NodeSeenService@71f19f43] took [0ms], [org.elasticsearch.xpack.autoscaling.capacity.memory.AutoscalingMemoryInfoService$$Lambda$3179/0x00000008012d94e8@1de89dda] took [195ms], [org.elasticsearch.xpack.ccr.action.ShardFollowTaskCleaner@246296e3] took [0ms], [org.elasticsearch.xpack.enrich.EnrichPolicyMaintenanceService@5595788d] took [0ms], [org.elasticsearch.xpack.transform.notifications.TransformAuditor$$Lambda$3197/0x00000008013b6c08@46ec71cd] took [0ms], [org.elasticsearch.xpack.transform.TransformClusterStateListener@467721a5] took [63ms], [org.elasticsearch.xpack.stack.StackTemplateRegistry@292abadb] took [28368ms], [org.elasticsearch.xpack.searchablesnapshots.cache.blob.BlobStoreCacheMaintenanceService@584ebfe1] took [0ms], [org.elasticsearch.xpack.searchablesnapshots.SearchableSnapshots$RepositoryUuidWatcher@3dbb51bc] took [0ms], [org.elasticsearch.xpack.watcher.support.WatcherIndexTemplateRegistry@1027505d] took [7681ms], [org.elasticsearch.xpack.watcher.WatcherLifeCycleService@5bc89d6b] took [57ms], [org.elasticsearch.xpack.watcher.WatcherIndexingListener@445543e7] took [0ms], [org.elasticsearch.xpack.ilm.history.ILMHistoryTemplateRegistry@2384dc60] took [3867ms], [org.elasticsearch.xpack.ilm.IndexLifecycleService@7fb53cb2] took [219ms], [org.elasticsearch.xpack.core.slm.history.SnapshotLifecycleTemplateRegistry@90bc5f5] took [4327ms], [org.elasticsearch.xpack.slm.SnapshotLifecycleService@1637227a] took [38ms], [org.elasticsearch.xpack.slm.SnapshotRetentionService@2a02e3a8] took [0ms], [org.elasticsearch.xpack.deprecation.logging.DeprecationIndexingTemplateRegistry@3491d0b0] took [3598ms], [org.elasticsearch.xpack.fleet.FleetTemplateRegistry@706ed0d2] took [3359ms], [org.elasticsearch.cluster.metadata.SystemIndexMetadataUpgradeService@204e3680] took [59ms], [org.elasticsearch.cluster.metadata.TemplateUpgradeService@5541afc6] took [2119ms], [org.elasticsearch.node.ResponseCollectorService@53af1dfc] took [0ms], [org.elasticsearch.snapshots.SnapshotShardsService@1d70f4d4] took [0ms], [org.elasticsearch.persistent.PersistentTasksClusterService@4cdb2bcc] took [0ms], [org.elasticsearch.shutdown.PluginShutdownService@143c920e] took [0ms], [org.elasticsearch.cluster.routing.DelayedAllocationService@2c472ee0] took [60ms], [org.elasticsearch.indices.store.IndicesStore@3d1a23f8] took [708ms], [org.elasticsearch.persistent.PersistentTasksNodeService@735c2c98] took [50ms], [org.elasticsearch.license.LicenseService@6473ba4d] took [0ms], [org.elasticsearch.xpack.ccr.action.AutoFollowCoordinator@1dbf403c] took [57ms], [org.elasticsearch.xpack.core.async.AsyncTaskMaintenanceService@4d967014] took [0ms], [org.elasticsearch.gateway.GatewayService@19f350e1] took [0ms], [org.elasticsearch.indices.recovery.PeerRecoverySourceService@40ed2650] took [0ms]", "cluster.uuid": "Qbw2pof0QzSXC1OvK0aFSw", "node.id": "t9hfPgy_RyC9LOJUxQUrSQ"  }
{"type": "server", "timestamp": "2022-03-30T06:48:36,434Z", "level": "WARN", "component": "o.e.t.ThreadPool", "cluster.name": "tpotcluster", "node.name": "tpotcluster-node-01", "message": "timer thread slept for [10.3s/10366ms] on absolute clock which is above the warn threshold of [5000ms]", "cluster.uuid": "Qbw2pof0QzSXC1OvK0aFSw", "node.id": "t9hfPgy_RyC9LOJUxQUrSQ"  }
{"type": "server", "timestamp": "2022-03-30T06:48:39,737Z", "level": "WARN", "component": "o.e.t.ThreadPool", "cluster.name": "tpotcluster", "node.name": "tpotcluster-node-01", "message": "timer thread slept for [10.3s/10365288794ns] on relative clock which is above the warn threshold of [5000ms]", "cluster.uuid": "Qbw2pof0QzSXC1OvK0aFSw", "node.id": "t9hfPgy_RyC9LOJUxQUrSQ"  }
{"type": "server", "timestamp": "2022-03-30T06:48:38,570Z", "level": "WARN", "component": "o.e.c.s.MasterService", "cluster.name": "tpotcluster", "node.name": "tpotcluster-node-01", "message": "took [30.8s/30848ms] to compute cluster state update for [shard-started StartedShardEntry{shardId [[.ds-.logs-deprecation.elasticsearch-default-2022.03.26-000002][0]], allocationId [mM7n0nEhTeOf33zASpblVQ], primary term [22], message [after existing store recovery; bootstrap_history_uuid=false]}[StartedShardEntry{shardId [[.ds-.logs-deprecation.elasticsearch-default-2022.03.26-000002][0]], allocationId [mM7n0nEhTeOf33zASpblVQ], primary term [22], message [after existing store recovery; bootstrap_history_uuid=false]}], shard-started StartedShardEntry{shardId [[logstash-1970.01.01][0]], allocationId [CqyzXh5mSZWwwNbZ5RgHFw], primary term [20], message [after existing store recovery; bootstrap_history_uuid=false]}[StartedShardEntry{shardId [[logstash-1970.01.01][0]], allocationId [CqyzXh5mSZWwwNbZ5RgHFw], primary term [20], message [after existing store recovery; bootstrap_history_uuid=false]}], shard-started StartedShardEntry{shardId [[.ds-.logs-deprecation.elasticsearch-default-2022.03.26-000002][0]], allocationId [mM7n0nEhTeOf33zASpblVQ], primary term [22], message [master {tpotcluster-node-01}{t9hfPgy_RyC9LOJUxQUrSQ}{9orahI9OSPeo4zvSMDD4ug}{127.0.0.1}{127.0.0.1:9300}{cdfhimrstw}{xpack.installed=true, transform.node=true} marked shard as initializing, but shard state is [POST_RECOVERY], mark shard as started]}[StartedShardEntry{shardId [[.ds-.logs-deprecation.elasticsearch-default-2022.03.26-000002][0]], allocationId [mM7n0nEhTeOf33zASpblVQ], primary term [22], message [master {tpotcluster-node-01}{t9hfPgy_RyC9LOJUxQUrSQ}{9orahI9OSPeo4zvSMDD4ug}{127.0.0.1}{127.0.0.1:9300}{cdfhimrstw}{xpack.installed=true, transform.node=true} marked shard as initializing, but shard state is [POST_RECOVERY], mark shard as started]}], shard-started StartedShardEntry{shardId [[logstash-1970.01.01][0]], allocationId [CqyzXh5mSZWwwNbZ5RgHFw], primary term [20], message [master {tpotcluster-node-01}{t9hfPgy_RyC9LOJUxQUrSQ}{9orahI9OSPeo4zvSMDD4ug}{127.0.0.1}{127.0.0.1:9300}{cdfhimrstw}{xpack.installed=true, transform.node=true} marked shard as initializing, but shard state is [POST_RECOVERY], mark shard as started]}[StartedShardEntry{shardId [[logstash-1970.01.01][0]], allocationId [CqyzXh5mSZWwwNbZ5RgHFw], primary term [20], message [master {tpotcluster-node-01}{t9hfPgy_RyC9LOJUxQUrSQ}{9orahI9OSPeo4zvSMDD4ug}{127.0.0.1}{127.0.0.1:9300}{cdfhimrstw}{xpack.installed=true, transform.node=true} marked shard as initializing, but shard state is [POST_RECOVERY], mark shard as started]}]], which exceeds the warn threshold of [10s]", "cluster.uuid": "Qbw2pof0QzSXC1OvK0aFSw", "node.id": "t9hfPgy_RyC9LOJUxQUrSQ"  }
{"type": "server", "timestamp": "2022-03-30T06:48:42,132Z", "level": "WARN", "component": "o.e.t.ThreadPool", "cluster.name": "tpotcluster", "node.name": "tpotcluster-node-01", "message": "timer thread slept for [5.4s/5457ms] on absolute clock which is above the warn threshold of [5000ms]", "cluster.uuid": "Qbw2pof0QzSXC1OvK0aFSw", "node.id": "t9hfPgy_RyC9LOJUxQUrSQ"  }
{"type": "server", "timestamp": "2022-03-30T06:48:44,948Z", "level": "WARN", "component": "o.e.t.ThreadPool", "cluster.name": "tpotcluster", "node.name": "tpotcluster-node-01", "message": "timer thread slept for [5.4s/5457657156ns] on relative clock which is above the warn threshold of [5000ms]", "cluster.uuid": "Qbw2pof0QzSXC1OvK0aFSw", "node.id": "t9hfPgy_RyC9LOJUxQUrSQ"  }
{"type": "server", "timestamp": "2022-03-30T06:48:47,939Z", "level": "INFO", "component": "o.e.i.g.DatabaseNodeService", "cluster.name": "tpotcluster", "node.name": "tpotcluster-node-01", "message": "successfully reloaded changed geoip database file [/tmp/geoip-databases/t9hfPgy_RyC9LOJUxQUrSQ/GeoLite2-City.mmdb]", "cluster.uuid": "Qbw2pof0QzSXC1OvK0aFSw", "node.id": "t9hfPgy_RyC9LOJUxQUrSQ"  }
{"type": "server", "timestamp": "2022-03-30T06:48:51,675Z", "level": "WARN", "component": "o.e.t.ThreadPool", "cluster.name": "tpotcluster", "node.name": "tpotcluster-node-01", "message": "execution of [org.elasticsearch.cluster.InternalClusterInfoService$RefreshScheduler$$Lambda$5094/0x00000008017e1bb8@7db2f64d] took [63989ms] which is above the warn threshold of [5000ms]", "cluster.uuid": "Qbw2pof0QzSXC1OvK0aFSw", "node.id": "t9hfPgy_RyC9LOJUxQUrSQ"  }
{"type": "server", "timestamp": "2022-03-30T06:49:03,529Z", "level": "WARN", "component": "o.e.t.ThreadPool", "cluster.name": "tpotcluster", "node.name": "tpotcluster-node-01", "message": "execution of [ReschedulingRunnable{runnable=org.elasticsearch.monitor.jvm.JvmGcMonitorService$1@36430591, interval=1s}] took [5005ms] which is above the warn threshold of [5000ms]", "cluster.uuid": "Qbw2pof0QzSXC1OvK0aFSw", "node.id": "t9hfPgy_RyC9LOJUxQUrSQ"  }
{"type": "server", "timestamp": "2022-03-30T06:49:32,586Z", "level": "WARN", "component": "o.e.t.ThreadPool", "cluster.name": "tpotcluster", "node.name": "tpotcluster-node-01", "message": "execution of [ReschedulingRunnable{runnable=org.elasticsearch.monitor.jvm.JvmGcMonitorService$1@36430591, interval=1s}] took [8604ms] which is above the warn threshold of [5000ms]", "cluster.uuid": "Qbw2pof0QzSXC1OvK0aFSw", "node.id": "t9hfPgy_RyC9LOJUxQUrSQ"  }
{"type": "server", "timestamp": "2022-03-30T06:49:46,188Z", "level": "WARN", "component": "o.e.t.ThreadPool", "cluster.name": "tpotcluster", "node.name": "tpotcluster-node-01", "message": "timer thread slept for [6.8s/6847ms] on absolute clock which is above the warn threshold of [5000ms]", "cluster.uuid": "Qbw2pof0QzSXC1OvK0aFSw", "node.id": "t9hfPgy_RyC9LOJUxQUrSQ"  }
{"type": "server", "timestamp": "2022-03-30T06:49:46,710Z", "level": "WARN", "component": "o.e.c.InternalClusterInfoService", "cluster.name": "tpotcluster", "node.name": "tpotcluster-node-01", "message": "failed to retrieve shard stats from node [t9hfPgy_RyC9LOJUxQUrSQ]: [tpotcluster-node-01][127.0.0.1:9300][indices:monitor/stats[n]] request_id [259] timed out after [44544ms]", "cluster.uuid": "Qbw2pof0QzSXC1OvK0aFSw", "node.id": "t9hfPgy_RyC9LOJUxQUrSQ"  }
{"type": "server", "timestamp": "2022-03-30T06:49:49,041Z", "level": "WARN", "component": "o.e.t.TransportService", "cluster.name": "tpotcluster", "node.name": "tpotcluster-node-01", "message": "Received response for a request that has timed out, sent [53.9s/53993ms] ago, timed out [9.4s/9449ms] ago, action [indices:monitor/stats[n]], node [{tpotcluster-node-01}{t9hfPgy_RyC9LOJUxQUrSQ}{9orahI9OSPeo4zvSMDD4ug}{127.0.0.1}{127.0.0.1:9300}{cdfhimrstw}{xpack.installed=true, transform.node=true}], id [259]", "cluster.uuid": "Qbw2pof0QzSXC1OvK0aFSw", "node.id": "t9hfPgy_RyC9LOJUxQUrSQ"  }
{"type": "server", "timestamp": "2022-03-30T06:49:50,351Z", "level": "WARN", "component": "o.e.t.ThreadPool", "cluster.name": "tpotcluster", "node.name": "tpotcluster-node-01", "message": "timer thread slept for [6.8s/6847179097ns] on relative clock which is above the warn threshold of [5000ms]", "cluster.uuid": "Qbw2pof0QzSXC1OvK0aFSw", "node.id": "t9hfPgy_RyC9LOJUxQUrSQ"  }
{"type": "server", "timestamp": "2022-03-30T06:49:54,150Z", "level": "WARN", "component": "o.e.t.ThreadPool", "cluster.name": "tpotcluster", "node.name": "tpotcluster-node-01", "message": "timer thread slept for [7.8s/7862ms] on absolute clock which is above the warn threshold of [5000ms]", "cluster.uuid": "Qbw2pof0QzSXC1OvK0aFSw", "node.id": "t9hfPgy_RyC9LOJUxQUrSQ"  }
{"type": "server", "timestamp": "2022-03-30T06:49:57,025Z", "level": "WARN", "component": "o.e.t.ThreadPool", "cluster.name": "tpotcluster", "node.name": "tpotcluster-node-01", "message": "timer thread slept for [7.8s/7861599246ns] on relative clock which is above the warn threshold of [5000ms]", "cluster.uuid": "Qbw2pof0QzSXC1OvK0aFSw", "node.id": "t9hfPgy_RyC9LOJUxQUrSQ"  }
{"type": "server", "timestamp": "2022-03-30T06:50:02,029Z", "level": "WARN", "component": "o.e.t.ThreadPool", "cluster.name": "tpotcluster", "node.name": "tpotcluster-node-01", "message": "timer thread slept for [7.3s/7342ms] on absolute clock which is above the warn threshold of [5000ms]", "cluster.uuid": "Qbw2pof0QzSXC1OvK0aFSw", "node.id": "t9hfPgy_RyC9LOJUxQUrSQ"  }
{"type": "server", "timestamp": "2022-03-30T06:50:05,740Z", "level": "WARN", "component": "o.e.t.ThreadPool", "cluster.name": "tpotcluster", "node.name": "tpotcluster-node-01", "message": "timer thread slept for [7.3s/7342405878ns] on relative clock which is above the warn threshold of [5000ms]", "cluster.uuid": "Qbw2pof0QzSXC1OvK0aFSw", "node.id": "t9hfPgy_RyC9LOJUxQUrSQ"  }
{"type": "server", "timestamp": "2022-03-30T06:50:10,668Z", "level": "WARN", "component": "o.e.t.ThreadPool", "cluster.name": "tpotcluster", "node.name": "tpotcluster-node-01", "message": "timer thread slept for [8.9s/8950ms] on absolute clock which is above the warn threshold of [5000ms]", "cluster.uuid": "Qbw2pof0QzSXC1OvK0aFSw", "node.id": "t9hfPgy_RyC9LOJUxQUrSQ"  }
{"type": "server", "timestamp": "2022-03-30T06:50:15,605Z", "level": "WARN", "component": "o.e.t.ThreadPool", "cluster.name": "tpotcluster", "node.name": "tpotcluster-node-01", "message": "execution of [ReschedulingRunnable{runnable=org.elasticsearch.monitor.jvm.JvmGcMonitorService$1@36430591, interval=1s}] took [8950ms] which is above the warn threshold of [5000ms]", "cluster.uuid": "Qbw2pof0QzSXC1OvK0aFSw", "node.id": "t9hfPgy_RyC9LOJUxQUrSQ"  }
{"type": "server", "timestamp": "2022-03-30T06:50:15,605Z", "level": "WARN", "component": "o.e.t.ThreadPool", "cluster.name": "tpotcluster", "node.name": "tpotcluster-node-01", "message": "timer thread slept for [8.9s/8950192637ns] on relative clock which is above the warn threshold of [5000ms]", "cluster.uuid": "Qbw2pof0QzSXC1OvK0aFSw", "node.id": "t9hfPgy_RyC9LOJUxQUrSQ"  }
{"type": "server", "timestamp": "2022-03-30T06:50:17,035Z", "level": "WARN", "component": "o.e.h.AbstractHttpServerTransport", "cluster.name": "tpotcluster", "node.name": "tpotcluster-node-01", "message": "handling request [null][GET][/_xpack?accept_enterprise=true][Netty4HttpChannel{localAddress=/192.168.48.2:9200, remoteAddress=/192.168.48.4:54232}] took [387277ms] which is above the warn threshold of [5000ms]", "cluster.uuid": "Qbw2pof0QzSXC1OvK0aFSw", "node.id": "t9hfPgy_RyC9LOJUxQUrSQ"  }
{"type": "server", "timestamp": "2022-03-30T06:50:20,518Z", "level": "WARN", "component": "o.e.t.ThreadPool", "cluster.name": "tpotcluster", "node.name": "tpotcluster-node-01", "message": "timer thread slept for [10.1s/10171ms] on absolute clock which is above the warn threshold of [5000ms]", "cluster.uuid": "Qbw2pof0QzSXC1OvK0aFSw", "node.id": "t9hfPgy_RyC9LOJUxQUrSQ"  }
{"type": "server", "timestamp": "2022-03-30T06:50:24,877Z", "level": "WARN", "component": "o.e.t.ThreadPool", "cluster.name": "tpotcluster", "node.name": "tpotcluster-node-01", "message": "timer thread slept for [10.1s/10171228273ns] on relative clock which is above the warn threshold of [5000ms]", "cluster.uuid": "Qbw2pof0QzSXC1OvK0aFSw", "node.id": "t9hfPgy_RyC9LOJUxQUrSQ"  }
{"type": "server", "timestamp": "2022-03-30T06:50:30,209Z", "level": "WARN", "component": "o.e.t.ThreadPool", "cluster.name": "tpotcluster", "node.name": "tpotcluster-node-01", "message": "timer thread slept for [8.9s/8914ms] on absolute clock which is above the warn threshold of [5000ms]", "cluster.uuid": "Qbw2pof0QzSXC1OvK0aFSw", "node.id": "t9hfPgy_RyC9LOJUxQUrSQ"  }
{"type": "server", "timestamp": "2022-03-30T06:50:36,243Z", "level": "WARN", "component": "o.e.t.ThreadPool", "cluster.name": "tpotcluster", "node.name": "tpotcluster-node-01", "message": "timer thread slept for [8.9s/8913919707ns] on relative clock which is above the warn threshold of [5000ms]", "cluster.uuid": "Qbw2pof0QzSXC1OvK0aFSw", "node.id": "t9hfPgy_RyC9LOJUxQUrSQ"  }
{"type": "server", "timestamp": "2022-03-30T06:50:39,237Z", "level": "WARN", "component": "o.e.t.ThreadPool", "cluster.name": "tpotcluster", "node.name": "tpotcluster-node-01", "message": "execution of [ReschedulingRunnable{runnable=org.elasticsearch.monitor.jvm.JvmGcMonitorService$1@36430591, interval=1s}] took [8913ms] which is above the warn threshold of [5000ms]", "cluster.uuid": "Qbw2pof0QzSXC1OvK0aFSw", "node.id": "t9hfPgy_RyC9LOJUxQUrSQ"  }
{"type": "server", "timestamp": "2022-03-30T06:50:40,625Z", "level": "WARN", "component": "o.e.t.ThreadPool", "cluster.name": "tpotcluster", "node.name": "tpotcluster-node-01", "message": "timer thread slept for [11.4s/11493ms] on absolute clock which is above the warn threshold of [5000ms]", "cluster.uuid": "Qbw2pof0QzSXC1OvK0aFSw", "node.id": "t9hfPgy_RyC9LOJUxQUrSQ"  }
{"type": "server", "timestamp": "2022-03-30T06:50:43,842Z", "level": "WARN", "component": "o.e.t.ThreadPool", "cluster.name": "tpotcluster", "node.name": "tpotcluster-node-01", "message": "timer thread slept for [11.4s/11492460687ns] on relative clock which is above the warn threshold of [5000ms]", "cluster.uuid": "Qbw2pof0QzSXC1OvK0aFSw", "node.id": "t9hfPgy_RyC9LOJUxQUrSQ"  }
{"type": "server", "timestamp": "2022-03-30T06:50:47,306Z", "level": "WARN", "component": "o.e.t.ThreadPool", "cluster.name": "tpotcluster", "node.name": "tpotcluster-node-01", "message": "timer thread slept for [6.2s/6253ms] on absolute clock which is above the warn threshold of [5000ms]", "cluster.uuid": "Qbw2pof0QzSXC1OvK0aFSw", "node.id": "t9hfPgy_RyC9LOJUxQUrSQ"  }
{"type": "server", "timestamp": "2022-03-30T06:50:51,691Z", "level": "WARN", "component": "o.e.t.ThreadPool", "cluster.name": "tpotcluster", "node.name": "tpotcluster-node-01", "message": "timer thread slept for [6.2s/6253282267ns] on relative clock which is above the warn threshold of [5000ms]", "cluster.uuid": "Qbw2pof0QzSXC1OvK0aFSw", "node.id": "t9hfPgy_RyC9LOJUxQUrSQ"  }
{"type": "server", "timestamp": "2022-03-30T06:50:58,355Z", "level": "WARN", "component": "o.e.t.ThreadPool", "cluster.name": "tpotcluster", "node.name": "tpotcluster-node-01", "message": "timer thread slept for [11.2s/11267ms] on absolute clock which is above the warn threshold of [5000ms]", "cluster.uuid": "Qbw2pof0QzSXC1OvK0aFSw", "node.id": "t9hfPgy_RyC9LOJUxQUrSQ"  }
{"type": "server", "timestamp": "2022-03-30T06:51:06,310Z", "level": "WARN", "component": "o.e.t.ThreadPool", "cluster.name": "tpotcluster", "node.name": "tpotcluster-node-01", "message": "timer thread slept for [11.2s/11267363969ns] on relative clock which is above the warn threshold of [5000ms]", "cluster.uuid": "Qbw2pof0QzSXC1OvK0aFSw", "node.id": "t9hfPgy_RyC9LOJUxQUrSQ"  }
{"type": "server", "timestamp": "2022-03-30T06:51:12,578Z", "level": "WARN", "component": "o.e.t.ThreadPool", "cluster.name": "tpotcluster", "node.name": "tpotcluster-node-01", "message": "timer thread slept for [13.5s/13588ms] on absolute clock which is above the warn threshold of [5000ms]", "cluster.uuid": "Qbw2pof0QzSXC1OvK0aFSw", "node.id": "t9hfPgy_RyC9LOJUxQUrSQ"  }
{"type": "server", "timestamp": "2022-03-30T06:51:17,702Z", "level": "WARN", "component": "o.e.t.ThreadPool", "cluster.name": "tpotcluster", "node.name": "tpotcluster-node-01", "message": "timer thread slept for [13.5s/13587594665ns] on relative clock which is above the warn threshold of [5000ms]", "cluster.uuid": "Qbw2pof0QzSXC1OvK0aFSw", "node.id": "t9hfPgy_RyC9LOJUxQUrSQ"  }
{"type": "server", "timestamp": "2022-03-30T06:51:23,499Z", "level": "WARN", "component": "o.e.t.ThreadPool", "cluster.name": "tpotcluster", "node.name": "tpotcluster-node-01", "message": "timer thread slept for [11.2s/11227ms] on absolute clock which is above the warn threshold of [5000ms]", "cluster.uuid": "Qbw2pof0QzSXC1OvK0aFSw", "node.id": "t9hfPgy_RyC9LOJUxQUrSQ"  }
{"type": "server", "timestamp": "2022-03-30T06:51:27,914Z", "level": "WARN", "component": "o.e.t.ThreadPool", "cluster.name": "tpotcluster", "node.name": "tpotcluster-node-01", "message": "timer thread slept for [11.2s/11226868740ns] on relative clock which is above the warn threshold of [5000ms]", "cluster.uuid": "Qbw2pof0QzSXC1OvK0aFSw", "node.id": "t9hfPgy_RyC9LOJUxQUrSQ"  }
{"type": "server", "timestamp": "2022-03-30T06:51:32,841Z", "level": "WARN", "component": "o.e.t.ThreadPool", "cluster.name": "tpotcluster", "node.name": "tpotcluster-node-01", "message": "timer thread slept for [9.7s/9793ms] on absolute clock which is above the warn threshold of [5000ms]", "cluster.uuid": "Qbw2pof0QzSXC1OvK0aFSw", "node.id": "t9hfPgy_RyC9LOJUxQUrSQ"  }
{"type": "server", "timestamp": "2022-03-30T06:51:37,928Z", "level": "WARN", "component": "o.e.t.ThreadPool", "cluster.name": "tpotcluster", "node.name": "tpotcluster-node-01", "message": "timer thread slept for [9.7s/9792792676ns] on relative clock which is above the warn threshold of [5000ms]", "cluster.uuid": "Qbw2pof0QzSXC1OvK0aFSw", "node.id": "t9hfPgy_RyC9LOJUxQUrSQ"  }
{"type": "server", "timestamp": "2022-03-30T06:51:42,652Z", "level": "WARN", "component": "o.e.t.ThreadPool", "cluster.name": "tpotcluster", "node.name": "tpotcluster-node-01", "message": "timer thread slept for [9.7s/9799ms] on absolute clock which is above the warn threshold of [5000ms]", "cluster.uuid": "Qbw2pof0QzSXC1OvK0aFSw", "node.id": "t9hfPgy_RyC9LOJUxQUrSQ"  }
{"type": "server", "timestamp": "2022-03-30T06:51:45,110Z", "level": "WARN", "component": "o.e.t.ThreadPool", "cluster.name": "tpotcluster", "node.name": "tpotcluster-node-01", "message": "timer thread slept for [9.7s/9799007743ns] on relative clock which is above the warn threshold of [5000ms]", "cluster.uuid": "Qbw2pof0QzSXC1OvK0aFSw", "node.id": "t9hfPgy_RyC9LOJUxQUrSQ"  }
{"type": "server", "timestamp": "2022-03-30T06:51:49,616Z", "level": "WARN", "component": "o.e.t.ThreadPool", "cluster.name": "tpotcluster", "node.name": "tpotcluster-node-01", "message": "execution of [org.elasticsearch.cluster.InternalClusterInfoService$RefreshScheduler$$Lambda$5094/0x00000008017e1bb8@160d9910] took [62852ms] which is above the warn threshold of [5000ms]", "cluster.uuid": "Qbw2pof0QzSXC1OvK0aFSw", "node.id": "t9hfPgy_RyC9LOJUxQUrSQ"  }
{"type": "server", "timestamp": "2022-03-30T06:51:49,748Z", "level": "WARN", "component": "o.e.g.PersistedClusterStateService", "cluster.name": "tpotcluster", "node.name": "tpotcluster-node-01", "message": "writing cluster state took [169491ms] which is above the warn threshold of [10s]; wrote global metadata [false] and metadata for [2] indices and skipped [31] unchanged indices", "cluster.uuid": "Qbw2pof0QzSXC1OvK0aFSw", "node.id": "t9hfPgy_RyC9LOJUxQUrSQ"  }
{"type": "server", "timestamp": "2022-03-30T06:51:53,249Z", "level": "INFO", "component": "o.e.c.c.C.CoordinatorPublication", "cluster.name": "tpotcluster", "node.name": "tpotcluster-node-01", "message": "after [3.1m] publication of cluster state version [4610] is still waiting for {tpotcluster-node-01}{t9hfPgy_RyC9LOJUxQUrSQ}{9orahI9OSPeo4zvSMDD4ug}{127.0.0.1}{127.0.0.1:9300}{cdfhimrstw}{xpack.installed=true, transform.node=true} [SENT_PUBLISH_REQUEST]", "cluster.uuid": "Qbw2pof0QzSXC1OvK0aFSw", "node.id": "t9hfPgy_RyC9LOJUxQUrSQ"  }
{"type": "server", "timestamp": "2022-03-30T06:52:41,237Z", "level": "WARN", "component": "o.e.c.s.ClusterApplierService", "cluster.name": "tpotcluster", "node.name": "tpotcluster-node-01", "message": "cluster state applier task [Publication{term=159, version=4610}] took [44.3s] which is above the warn threshold of [30s]: [running task [Publication{term=159, version=4610}]] took [139ms], [connecting to new nodes] took [86ms], [applying settings] took [0ms], [org.elasticsearch.repositories.RepositoriesService@472cfe7c] took [0ms], [org.elasticsearch.indices.cluster.IndicesClusterStateService@421a65ba] took [1048ms], [org.elasticsearch.script.ScriptService@c19bbd0] took [0ms], [org.elasticsearch.xpack.ilm.IndexLifecycleService@7fb53cb2] took [0ms], [org.elasticsearch.snapshots.RestoreService@5f4af226] took [0ms], [org.elasticsearch.ingest.IngestService@4eec7bc0] took [796ms], [org.elasticsearch.action.ingest.IngestActionForwarder@fea9ef6] took [52ms], [org.elasticsearch.action.admin.cluster.repositories.cleanup.TransportCleanupRepositoryAction$$Lambda$4526/0x00000008016c2000@596c6315] took [0ms], [org.elasticsearch.indices.TimestampFieldMapperService@51bf61dc] took [0ms], [org.elasticsearch.tasks.TaskManager@7c203250] took [0ms], [org.elasticsearch.snapshots.SnapshotsService@27660e0c] took [98ms], [org.elasticsearch.cluster.InternalClusterInfoService@126bac8f] took [0ms], [org.elasticsearch.snapshots.InternalSnapshotsInfoService@13a2996f] took [105ms], [org.elasticsearch.indices.SystemIndexManager@62043339] took [1108ms], [org.elasticsearch.xpack.shutdown.NodeSeenService@71f19f43] took [0ms], [org.elasticsearch.xpack.autoscaling.capacity.memory.AutoscalingMemoryInfoService$$Lambda$3179/0x00000008012d94e8@1de89dda] took [93ms], [org.elasticsearch.xpack.ccr.action.ShardFollowTaskCleaner@246296e3] took [0ms], [org.elasticsearch.xpack.enrich.EnrichPolicyMaintenanceService@5595788d] took [0ms], [org.elasticsearch.xpack.transform.notifications.TransformAuditor$$Lambda$3197/0x00000008013b6c08@46ec71cd] took [0ms], [org.elasticsearch.xpack.transform.TransformClusterStateListener@467721a5] took [0ms], [org.elasticsearch.xpack.stack.StackTemplateRegistry@292abadb] took [15213ms], [org.elasticsearch.xpack.searchablesnapshots.cache.blob.BlobStoreCacheMaintenanceService@584ebfe1] took [0ms], [org.elasticsearch.xpack.searchablesnapshots.SearchableSnapshots$RepositoryUuidWatcher@3dbb51bc] took [0ms], [org.elasticsearch.xpack.watcher.support.WatcherIndexTemplateRegistry@1027505d] took [5373ms], [org.elasticsearch.xpack.watcher.WatcherLifeCycleService@5bc89d6b] took [154ms], [org.elasticsearch.xpack.watcher.WatcherIndexingListener@445543e7] took [0ms], [org.elasticsearch.xpack.ilm.history.ILMHistoryTemplateRegistry@2384dc60] took [6348ms], [org.elasticsearch.xpack.ilm.IndexLifecycleService@7fb53cb2] took [218ms], [org.elasticsearch.xpack.core.slm.history.SnapshotLifecycleTemplateRegistry@90bc5f5] took [4407ms], [org.elasticsearch.xpack.slm.SnapshotLifecycleService@1637227a] took [41ms], [org.elasticsearch.xpack.slm.SnapshotRetentionService@2a02e3a8] took [0ms], [org.elasticsearch.xpack.deprecation.logging.DeprecationIndexingTemplateRegistry@3491d0b0] took [6180ms], [org.elasticsearch.xpack.fleet.FleetTemplateRegistry@706ed0d2] took [2083ms], [org.elasticsearch.cluster.metadata.SystemIndexMetadataUpgradeService@204e3680] took [0ms], [org.elasticsearch.cluster.metadata.TemplateUpgradeService@5541afc6] took [315ms], [org.elasticsearch.node.ResponseCollectorService@53af1dfc] took [0ms], [org.elasticsearch.snapshots.SnapshotShardsService@1d70f4d4] took [0ms], [org.elasticsearch.persistent.PersistentTasksClusterService@4cdb2bcc] took [0ms], [org.elasticsearch.shutdown.PluginShutdownService@143c920e] took [0ms], [org.elasticsearch.cluster.routing.DelayedAllocationService@2c472ee0] took [0ms], [org.elasticsearch.indices.store.IndicesStore@3d1a23f8] took [0ms], [org.elasticsearch.persistent.PersistentTasksNodeService@735c2c98] took [0ms], [org.elasticsearch.license.LicenseService@6473ba4d] took [0ms], [org.elasticsearch.xpack.ccr.action.AutoFollowCoordinator@1dbf403c] took [32ms], [org.elasticsearch.xpack.core.async.AsyncTaskMaintenanceService@4d967014] took [0ms], [org.elasticsearch.gateway.GatewayService@19f350e1] took [0ms], [org.elasticsearch.indices.recovery.PeerRecoverySourceService@40ed2650] took [0ms]", "cluster.uuid": "Qbw2pof0QzSXC1OvK0aFSw", "node.id": "t9hfPgy_RyC9LOJUxQUrSQ"  }
{"type": "server", "timestamp": "2022-03-30T06:52:46,640Z", "level": "WARN", "component": "o.e.t.ThreadPool", "cluster.name": "tpotcluster", "node.name": "tpotcluster-node-01", "message": "execution of [org.elasticsearch.cluster.InternalClusterInfoService$RefreshScheduler$$Lambda$5094/0x00000008017e1bb8@1b95e209] took [20308ms] which is above the warn threshold of [5000ms]", "cluster.uuid": "Qbw2pof0QzSXC1OvK0aFSw", "node.id": "t9hfPgy_RyC9LOJUxQUrSQ"  }
{"type": "server", "timestamp": "2022-03-30T06:52:48,636Z", "level": "WARN", "component": "o.e.c.s.MasterService", "cluster.name": "tpotcluster", "node.name": "tpotcluster-node-01", "message": "pending task queue has been nonempty for [8.8m/531637ms] which is longer than the warn threshold of [300000ms]; there are currently [4] pending tasks, the oldest of which has age [7.8m/471553ms]", "cluster.uuid": "Qbw2pof0QzSXC1OvK0aFSw", "node.id": "t9hfPgy_RyC9LOJUxQUrSQ"  }
{"type": "server", "timestamp": "2022-03-30T06:53:17,044Z", "level": "WARN", "component": "o.e.g.PersistedClusterStateService", "cluster.name": "tpotcluster", "node.name": "tpotcluster-node-01", "message": "writing cluster state took [16892ms] which is above the warn threshold of [10s]; wrote global metadata [false] and metadata for [4] indices and skipped [29] unchanged indices", "cluster.uuid": "Qbw2pof0QzSXC1OvK0aFSw", "node.id": "t9hfPgy_RyC9LOJUxQUrSQ"  }
{"type": "server", "timestamp": "2022-03-30T06:53:19,831Z", "level": "INFO", "component": "o.e.c.c.C.CoordinatorPublication", "cluster.name": "tpotcluster", "node.name": "tpotcluster-node-01", "message": "after [23.8s] publication of cluster state version [4611] is still waiting for {tpotcluster-node-01}{t9hfPgy_RyC9LOJUxQUrSQ}{9orahI9OSPeo4zvSMDD4ug}{127.0.0.1}{127.0.0.1:9300}{cdfhimrstw}{xpack.installed=true, transform.node=true} [SENT_PUBLISH_REQUEST]", "cluster.uuid": "Qbw2pof0QzSXC1OvK0aFSw", "node.id": "t9hfPgy_RyC9LOJUxQUrSQ"  }
{"type": "server", "timestamp": "2022-03-30T06:53:35,371Z", "level": "WARN", "component": "o.e.m.j.JvmGcMonitorService", "cluster.name": "tpotcluster", "node.name": "tpotcluster-node-01", "message": "[gc][young][94][15] duration [2s], collections [1]/[3.3s], total [2s]/[19.9s], memory [183.1mb]->[115.2mb]/[2gb], all_pools {[young] [68mb]->[0b]/[0b]}{[old] [92mb]->[111.8mb]/[2gb]}{[survivor] [23mb]->[3.3mb]/[0b]}", "cluster.uuid": "Qbw2pof0QzSXC1OvK0aFSw", "node.id": "t9hfPgy_RyC9LOJUxQUrSQ"  }
{"type": "server", "timestamp": "2022-03-30T06:53:35,594Z", "level": "WARN", "component": "o.e.m.j.JvmGcMonitorService", "cluster.name": "tpotcluster", "node.name": "tpotcluster-node-01", "message": "[gc][94] overhead, spent [2s] collecting in the last [3.3s]", "cluster.uuid": "Qbw2pof0QzSXC1OvK0aFSw", "node.id": "t9hfPgy_RyC9LOJUxQUrSQ"  }
{"type": "server", "timestamp": "2022-03-30T06:53:52,186Z", "level": "INFO", "component": "o.e.m.j.JvmGcMonitorService", "cluster.name": "tpotcluster", "node.name": "tpotcluster-node-01", "message": "[gc][young][103][16] duration [888ms], collections [1]/[2.3s], total [888ms]/[20.8s], memory [147.2mb]->[207.2mb]/[2gb], all_pools {[young] [36mb]->[4mb]/[0b]}{[old] [111.8mb]->[111.8mb]/[2gb]}{[survivor] [3.3mb]->[9.3mb]/[0b]}", "cluster.uuid": "Qbw2pof0QzSXC1OvK0aFSw", "node.id": "t9hfPgy_RyC9LOJUxQUrSQ"  }
{"type": "server", "timestamp": "2022-03-30T06:53:52,808Z", "level": "INFO", "component": "o.e.m.j.JvmGcMonitorService", "cluster.name": "tpotcluster", "node.name": "tpotcluster-node-01", "message": "[gc][103] overhead, spent [888ms] collecting in the last [2.3s]", "cluster.uuid": "Qbw2pof0QzSXC1OvK0aFSw", "node.id": "t9hfPgy_RyC9LOJUxQUrSQ"  }
{"type": "server", "timestamp": "2022-03-30T06:54:42,599Z", "level": "WARN", "component": "o.e.t.ThreadPool", "cluster.name": "tpotcluster", "node.name": "tpotcluster-node-01", "message": "execution of [ReschedulingRunnable{runnable=org.elasticsearch.monitor.jvm.JvmGcMonitorService$1@36430591, interval=1s}] took [5351ms] which is above the warn threshold of [5000ms]", "cluster.uuid": "Qbw2pof0QzSXC1OvK0aFSw", "node.id": "t9hfPgy_RyC9LOJUxQUrSQ"  }
{"type": "server", "timestamp": "2022-03-30T06:54:58,863Z", "level": "WARN", "component": "o.e.h.AbstractHttpServerTransport", "cluster.name": "tpotcluster", "node.name": "tpotcluster-node-01", "message": "handling request [null][POST][/_bulk][Netty4HttpChannel{localAddress=/192.168.48.2:9200, remoteAddress=/192.168.48.3:52584}] took [40419ms] which is above the warn threshold of [5000ms]", "cluster.uuid": "Qbw2pof0QzSXC1OvK0aFSw", "node.id": "t9hfPgy_RyC9LOJUxQUrSQ"  }
{"type": "server", "timestamp": "2022-03-30T06:54:59,278Z", "level": "WARN", "component": "o.e.g.PersistedClusterStateService", "cluster.name": "tpotcluster", "node.name": "tpotcluster-node-01", "message": "writing cluster state took [26162ms] which is above the warn threshold of [10s]; wrote global metadata [false] and metadata for [2] indices and skipped [31] unchanged indices", "cluster.uuid": "Qbw2pof0QzSXC1OvK0aFSw", "node.id": "t9hfPgy_RyC9LOJUxQUrSQ"  }
{"type": "server", "timestamp": "2022-03-30T06:55:02,331Z", "level": "INFO", "component": "o.e.c.c.C.CoordinatorPublication", "cluster.name": "tpotcluster", "node.name": "tpotcluster-node-01", "message": "after [32.7s] publication of cluster state version [4613] is still waiting for {tpotcluster-node-01}{t9hfPgy_RyC9LOJUxQUrSQ}{9orahI9OSPeo4zvSMDD4ug}{127.0.0.1}{127.0.0.1:9300}{cdfhimrstw}{xpack.installed=true, transform.node=true} [SENT_PUBLISH_REQUEST]", "cluster.uuid": "Qbw2pof0QzSXC1OvK0aFSw", "node.id": "t9hfPgy_RyC9LOJUxQUrSQ"  }
{"type": "server", "timestamp": "2022-03-30T06:55:09,989Z", "level": "WARN", "component": "o.e.t.ThreadPool", "cluster.name": "tpotcluster", "node.name": "tpotcluster-node-01", "message": "execution of [org.elasticsearch.cluster.InternalClusterInfoService$RefreshScheduler$$Lambda$5094/0x00000008017e1bb8@23bfc7f0] took [11810ms] which is above the warn threshold of [5000ms]", "cluster.uuid": "Qbw2pof0QzSXC1OvK0aFSw", "node.id": "t9hfPgy_RyC9LOJUxQUrSQ"  }
{"type": "server", "timestamp": "2022-03-30T06:55:15,532Z", "level": "WARN", "component": "o.e.h.AbstractHttpServerTransport", "cluster.name": "tpotcluster", "node.name": "tpotcluster-node-01", "message": "handling request [null][POST][/_bulk][Netty4HttpChannel{localAddress=/192.168.48.2:9200, remoteAddress=/192.168.48.3:52588}] took [10005ms] which is above the warn threshold of [5000ms]", "cluster.uuid": "Qbw2pof0QzSXC1OvK0aFSw", "node.id": "t9hfPgy_RyC9LOJUxQUrSQ"  }
{"type": "server", "timestamp": "2022-03-30T06:56:06,719Z", "level": "WARN", "component": "o.e.t.ThreadPool", "cluster.name": "tpotcluster", "node.name": "tpotcluster-node-01", "message": "timer thread slept for [15.6s/15681ms] on absolute clock which is above the warn threshold of [5000ms]", "cluster.uuid": "Qbw2pof0QzSXC1OvK0aFSw", "node.id": "t9hfPgy_RyC9LOJUxQUrSQ"  }
{"type": "server", "timestamp": "2022-03-30T06:56:10,743Z", "level": "WARN", "component": "o.e.t.ThreadPool", "cluster.name": "tpotcluster", "node.name": "tpotcluster-node-01", "message": "timer thread slept for [15.6s/15680688709ns] on relative clock which is above the warn threshold of [5000ms]", "cluster.uuid": "Qbw2pof0QzSXC1OvK0aFSw", "node.id": "t9hfPgy_RyC9LOJUxQUrSQ"  }
{"type": "server", "timestamp": "2022-03-30T06:56:15,821Z", "level": "WARN", "component": "o.e.t.ThreadPool", "cluster.name": "tpotcluster", "node.name": "tpotcluster-node-01", "message": "timer thread slept for [10.5s/10575ms] on absolute clock which is above the warn threshold of [5000ms]", "cluster.uuid": "Qbw2pof0QzSXC1OvK0aFSw", "node.id": "t9hfPgy_RyC9LOJUxQUrSQ"  }
{"type": "server", "timestamp": "2022-03-30T06:56:19,048Z", "level": "WARN", "component": "o.e.t.ThreadPool", "cluster.name": "tpotcluster", "node.name": "tpotcluster-node-01", "message": "timer thread slept for [10.5s/10575273798ns] on relative clock which is above the warn threshold of [5000ms]", "cluster.uuid": "Qbw2pof0QzSXC1OvK0aFSw", "node.id": "t9hfPgy_RyC9LOJUxQUrSQ"  }
{"type": "server", "timestamp": "2022-03-30T06:56:22,088Z", "level": "WARN", "component": "o.e.t.ThreadPool", "cluster.name": "tpotcluster", "node.name": "tpotcluster-node-01", "message": "timer thread slept for [6.4s/6466ms] on absolute clock which is above the warn threshold of [5000ms]", "cluster.uuid": "Qbw2pof0QzSXC1OvK0aFSw", "node.id": "t9hfPgy_RyC9LOJUxQUrSQ"  }
{"type": "server", "timestamp": "2022-03-30T06:56:24,235Z", "level": "WARN", "component": "o.e.c.s.ClusterApplierService", "cluster.name": "tpotcluster", "node.name": "tpotcluster-node-01", "message": "cluster state applier task [Publication{term=159, version=4613}] took [1.2m] which is above the warn threshold of [30s]: [running task [Publication{term=159, version=4613}]] took [142ms], [connecting to new nodes] took [109ms], [applying settings] took [0ms], [org.elasticsearch.repositories.RepositoriesService@472cfe7c] took [0ms], [org.elasticsearch.indices.cluster.IndicesClusterStateService@421a65ba] took [1627ms], [org.elasticsearch.script.ScriptService@c19bbd0] took [0ms], [org.elasticsearch.xpack.ilm.IndexLifecycleService@7fb53cb2] took [0ms], [org.elasticsearch.snapshots.RestoreService@5f4af226] took [0ms], [org.elasticsearch.ingest.IngestService@4eec7bc0] took [1273ms], [org.elasticsearch.action.ingest.IngestActionForwarder@fea9ef6] took [213ms], [org.elasticsearch.action.admin.cluster.repositories.cleanup.TransportCleanupRepositoryAction$$Lambda$4526/0x00000008016c2000@596c6315] took [0ms], [org.elasticsearch.indices.TimestampFieldMapperService@51bf61dc] took [39ms], [org.elasticsearch.tasks.TaskManager@7c203250] took [44ms], [org.elasticsearch.snapshots.SnapshotsService@27660e0c] took [86ms], [org.elasticsearch.cluster.InternalClusterInfoService@126bac8f] took [0ms], [org.elasticsearch.snapshots.InternalSnapshotsInfoService@13a2996f] took [43ms], [org.elasticsearch.indices.SystemIndexManager@62043339] took [1330ms], [org.elasticsearch.xpack.shutdown.NodeSeenService@71f19f43] took [0ms], [org.elasticsearch.xpack.autoscaling.capacity.memory.AutoscalingMemoryInfoService$$Lambda$3179/0x00000008012d94e8@1de89dda] took [197ms], [org.elasticsearch.xpack.ccr.action.ShardFollowTaskCleaner@246296e3] took [0ms], [org.elasticsearch.xpack.enrich.EnrichPolicyMaintenanceService@5595788d] took [0ms], [org.elasticsearch.xpack.transform.notifications.TransformAuditor$$Lambda$3197/0x00000008013b6c08@46ec71cd] took [0ms], [org.elasticsearch.xpack.transform.TransformClusterStateListener@467721a5] took [0ms], [org.elasticsearch.xpack.stack.StackTemplateRegistry@292abadb] took [21093ms], [org.elasticsearch.xpack.searchablesnapshots.cache.blob.BlobStoreCacheMaintenanceService@584ebfe1] took [0ms], [org.elasticsearch.xpack.searchablesnapshots.SearchableSnapshots$RepositoryUuidWatcher@3dbb51bc] took [0ms], [org.elasticsearch.xpack.watcher.support.WatcherIndexTemplateRegistry@1027505d] took [7026ms], [org.elasticsearch.xpack.watcher.WatcherLifeCycleService@5bc89d6b] took [92ms], [org.elasticsearch.xpack.watcher.WatcherIndexingListener@445543e7] took [0ms], [org.elasticsearch.xpack.ilm.history.ILMHistoryTemplateRegistry@2384dc60] took [5911ms], [org.elasticsearch.xpack.ilm.IndexLifecycleService@7fb53cb2] took [46ms], [org.elasticsearch.xpack.core.slm.history.SnapshotLifecycleTemplateRegistry@90bc5f5] took [22354ms], [org.elasticsearch.xpack.slm.SnapshotLifecycleService@1637227a] took [52ms], [org.elasticsearch.xpack.slm.SnapshotRetentionService@2a02e3a8] took [0ms], [org.elasticsearch.xpack.deprecation.logging.DeprecationIndexingTemplateRegistry@3491d0b0] took [8539ms], [org.elasticsearch.xpack.fleet.FleetTemplateRegistry@706ed0d2] took [3556ms], [org.elasticsearch.cluster.metadata.SystemIndexMetadataUpgradeService@204e3680] took [0ms], [org.elasticsearch.cluster.metadata.TemplateUpgradeService@5541afc6] took [1155ms], [org.elasticsearch.node.ResponseCollectorService@53af1dfc] took [150ms], [org.elasticsearch.snapshots.SnapshotShardsService@1d70f4d4] took [0ms], [org.elasticsearch.persistent.PersistentTasksClusterService@4cdb2bcc] took [108ms], [org.elasticsearch.shutdown.PluginShutdownService@143c920e] took [50ms], [org.elasticsearch.cluster.routing.DelayedAllocationService@2c472ee0] took [102ms], [org.elasticsearch.indices.store.IndicesStore@3d1a23f8] took [676ms], [org.elasticsearch.persistent.PersistentTasksNodeService@735c2c98] took [2ms], [org.elasticsearch.license.LicenseService@6473ba4d] took [0ms], [org.elasticsearch.xpack.ccr.action.AutoFollowCoordinator@1dbf403c] took [101ms], [org.elasticsearch.xpack.core.async.AsyncTaskMaintenanceService@4d967014] took [0ms], [org.elasticsearch.gateway.GatewayService@19f350e1] took [0ms], [org.elasticsearch.indices.recovery.PeerRecoverySourceService@40ed2650] took [0ms]", "cluster.uuid": "Qbw2pof0QzSXC1OvK0aFSw", "node.id": "t9hfPgy_RyC9LOJUxQUrSQ"  }
{"type": "server", "timestamp": "2022-03-30T06:56:26,693Z", "level": "WARN", "component": "o.e.t.ThreadPool", "cluster.name": "tpotcluster", "node.name": "tpotcluster-node-01", "message": "timer thread slept for [6.4s/6466075653ns] on relative clock which is above the warn threshold of [5000ms]", "cluster.uuid": "Qbw2pof0QzSXC1OvK0aFSw", "node.id": "t9hfPgy_RyC9LOJUxQUrSQ"  }
{"type": "server", "timestamp": "2022-03-30T06:56:33,061Z", "level": "WARN", "component": "o.e.t.ThreadPool", "cluster.name": "tpotcluster", "node.name": "tpotcluster-node-01", "message": "timer thread slept for [10.7s/10776ms] on absolute clock which is above the warn threshold of [5000ms]", "cluster.uuid": "Qbw2pof0QzSXC1OvK0aFSw", "node.id": "t9hfPgy_RyC9LOJUxQUrSQ"  }
{"type": "server", "timestamp": "2022-03-30T06:56:38,271Z", "level": "WARN", "component": "o.e.t.ThreadPool", "cluster.name": "tpotcluster", "node.name": "tpotcluster-node-01", "message": "timer thread slept for [10.7s/10775971784ns] on relative clock which is above the warn threshold of [5000ms]", "cluster.uuid": "Qbw2pof0QzSXC1OvK0aFSw", "node.id": "t9hfPgy_RyC9LOJUxQUrSQ"  }
{"type": "server", "timestamp": "2022-03-30T06:56:39,238Z", "level": "WARN", "component": "o.e.t.ThreadPool", "cluster.name": "tpotcluster", "node.name": "tpotcluster-node-01", "message": "execution of [org.elasticsearch.cluster.InternalClusterInfoService$RefreshScheduler$$Lambda$5094/0x00000008017e1bb8@520b8557] took [48500ms] which is above the warn threshold of [5000ms]", "cluster.uuid": "Qbw2pof0QzSXC1OvK0aFSw", "node.id": "t9hfPgy_RyC9LOJUxQUrSQ"  }
{"type": "server", "timestamp": "2022-03-30T06:56:40,320Z", "level": "WARN", "component": "o.e.t.ThreadPool", "cluster.name": "tpotcluster", "node.name": "tpotcluster-node-01", "message": "timer thread slept for [7.8s/7853ms] on absolute clock which is above the warn threshold of [5000ms]", "cluster.uuid": "Qbw2pof0QzSXC1OvK0aFSw", "node.id": "t9hfPgy_RyC9LOJUxQUrSQ"  }
{"type": "server", "timestamp": "2022-03-30T06:56:42,246Z", "level": "WARN", "component": "o.e.t.ThreadPool", "cluster.name": "tpotcluster", "node.name": "tpotcluster-node-01", "message": "timer thread slept for [7.8s/7852327471ns] on relative clock which is above the warn threshold of [5000ms]", "cluster.uuid": "Qbw2pof0QzSXC1OvK0aFSw", "node.id": "t9hfPgy_RyC9LOJUxQUrSQ"  }
{"type": "server", "timestamp": "2022-03-30T06:56:47,250Z", "level": "WARN", "component": "o.e.m.j.JvmGcMonitorService", "cluster.name": "tpotcluster", "node.name": "tpotcluster-node-01", "message": "[gc][young][134][17] duration [9.9s], collections [1]/[1m], total [9.9s]/[30.8s], memory [201.2mb]->[128.6mb]/[2gb], all_pools {[young] [80mb]->[0b]/[0b]}{[old] [111.8mb]->[114.2mb]/[2gb]}{[survivor] [9.3mb]->[14.3mb]/[0b]}", "cluster.uuid": "Qbw2pof0QzSXC1OvK0aFSw", "node.id": "t9hfPgy_RyC9LOJUxQUrSQ"  }
{"type": "server", "timestamp": "2022-03-30T06:56:49,473Z", "level": "WARN", "component": "o.e.t.ThreadPool", "cluster.name": "tpotcluster", "node.name": "tpotcluster-node-01", "message": "execution of [ReschedulingRunnable{runnable=org.elasticsearch.monitor.jvm.JvmGcMonitorService$1@36430591, interval=1s}] took [8949ms] which is above the warn threshold of [5000ms]", "cluster.uuid": "Qbw2pof0QzSXC1OvK0aFSw", "node.id": "t9hfPgy_RyC9LOJUxQUrSQ"  }
{"type": "server", "timestamp": "2022-03-30T06:57:02,423Z", "level": "WARN", "component": "o.e.c.s.MasterService", "cluster.name": "tpotcluster", "node.name": "tpotcluster-node-01", "message": "took [23.4s/23469ms] to compute cluster state update for [cluster_reroute(reroute after starting shards)], which exceeds the warn threshold of [10s]", "cluster.uuid": "Qbw2pof0QzSXC1OvK0aFSw", "node.id": "t9hfPgy_RyC9LOJUxQUrSQ"  }
{"type": "server", "timestamp": "2022-03-30T06:57:35,122Z", "level": "WARN", "component": "o.e.t.ThreadPool", "cluster.name": "tpotcluster", "node.name": "tpotcluster-node-01", "message": "execution of [ReschedulingRunnable{runnable=org.elasticsearch.monitor.jvm.JvmGcMonitorService$1@36430591, interval=1s}] took [10252ms] which is above the warn threshold of [5000ms]", "cluster.uuid": "Qbw2pof0QzSXC1OvK0aFSw", "node.id": "t9hfPgy_RyC9LOJUxQUrSQ"  }
{"type": "server", "timestamp": "2022-03-30T06:58:08,186Z", "level": "WARN", "component": "o.e.c.InternalClusterInfoService", "cluster.name": "tpotcluster", "node.name": "tpotcluster-node-01", "message": "failed to retrieve shard stats from node [t9hfPgy_RyC9LOJUxQUrSQ]: [tpotcluster-node-01][127.0.0.1:9300][indices:monitor/stats[n]] request_id [460] timed out after [43130ms]", "cluster.uuid": "Qbw2pof0QzSXC1OvK0aFSw", "node.id": "t9hfPgy_RyC9LOJUxQUrSQ"  }
{"type": "server", "timestamp": "2022-03-30T06:58:46,808Z", "level": "WARN", "component": "o.e.t.ThreadPool", "cluster.name": "tpotcluster", "node.name": "tpotcluster-node-01", "message": "execution of [ReschedulingRunnable{runnable=org.elasticsearch.monitor.jvm.JvmGcMonitorService$1@36430591, interval=1s}] took [36771ms] which is above the warn threshold of [5000ms]", "cluster.uuid": "Qbw2pof0QzSXC1OvK0aFSw", "node.id": "t9hfPgy_RyC9LOJUxQUrSQ"  }
{"type": "server", "timestamp": "2022-03-30T06:59:11,301Z", "level": "WARN", "component": "o.e.t.ThreadPool", "cluster.name": "tpotcluster", "node.name": "tpotcluster-node-01", "message": "execution of [ReschedulingRunnable{runnable=org.elasticsearch.watcher.ResourceWatcherService$ResourceMonitor@144cf011, interval=5s}] took [8541ms] which is above the warn threshold of [5000ms]", "cluster.uuid": "Qbw2pof0QzSXC1OvK0aFSw", "node.id": "t9hfPgy_RyC9LOJUxQUrSQ"  }
{"type": "server", "timestamp": "2022-03-30T06:59:54,964Z", "level": "WARN", "component": "o.e.t.ThreadPool", "cluster.name": "tpotcluster", "node.name": "tpotcluster-node-01", "message": "execution of [ReschedulingRunnable{runnable=org.elasticsearch.indices.IndexingMemoryController$ShardsIndicesStatusChecker@49e599b2, interval=5s}] took [28244ms] which is above the warn threshold of [5000ms]", "cluster.uuid": "Qbw2pof0QzSXC1OvK0aFSw", "node.id": "t9hfPgy_RyC9LOJUxQUrSQ"  }
{"type": "server", "timestamp": "2022-03-30T06:59:59,143Z", "level": "WARN", "component": "o.e.t.TransportService", "cluster.name": "tpotcluster", "node.name": "tpotcluster-node-01", "message": "Received response for a request that has timed out, sent [2.5m/150247ms] ago, timed out [1.7m/107117ms] ago, action [indices:monitor/stats[n]], node [{tpotcluster-node-01}{t9hfPgy_RyC9LOJUxQUrSQ}{9orahI9OSPeo4zvSMDD4ug}{127.0.0.1}{127.0.0.1:9300}{cdfhimrstw}{xpack.installed=true, transform.node=true}], id [460]", "cluster.uuid": "Qbw2pof0QzSXC1OvK0aFSw", "node.id": "t9hfPgy_RyC9LOJUxQUrSQ"  }
{"type": "server", "timestamp": "2022-03-30T07:02:13,432Z", "level": "WARN", "component": "o.e.t.ThreadPool", "cluster.name": "tpotcluster", "node.name": "tpotcluster-node-01", "message": "execution of [ReschedulingRunnable{runnable=org.elasticsearch.monitor.jvm.JvmGcMonitorService$1@36430591, interval=1s}] took [54703ms] which is above the warn threshold of [5000ms]", "cluster.uuid": "Qbw2pof0QzSXC1OvK0aFSw", "node.id": "t9hfPgy_RyC9LOJUxQUrSQ"  }
{"type": "server", "timestamp": "2022-03-30T07:02:43,774Z", "level": "WARN", "component": "o.e.m.f.FsHealthService", "cluster.name": "tpotcluster", "node.name": "tpotcluster-node-01", "message": "health check of [/data/elk/data/nodes/0] took [15588ms] which is above the warn threshold of [5s]", "cluster.uuid": "Qbw2pof0QzSXC1OvK0aFSw", "node.id": "t9hfPgy_RyC9LOJUxQUrSQ"  }
{"type": "server", "timestamp": "2022-03-30T07:04:16,332Z", "level": "WARN", "component": "o.e.t.ThreadPool", "cluster.name": "tpotcluster", "node.name": "tpotcluster-node-01", "message": "execution of [org.elasticsearch.cluster.InternalClusterInfoService$RefreshScheduler$$Lambda$5094/0x00000008017e1bb8@33842454] took [108168ms] which is above the warn threshold of [5000ms]", "cluster.uuid": "Qbw2pof0QzSXC1OvK0aFSw", "node.id": "t9hfPgy_RyC9LOJUxQUrSQ"  }
{"type": "server", "timestamp": "2022-03-30T07:04:48,286Z", "level": "WARN", "component": "o.e.g.PersistedClusterStateService", "cluster.name": "tpotcluster", "node.name": "tpotcluster-node-01", "message": "writing cluster state took [453229ms] which is above the warn threshold of [10s]; wrote global metadata [false] and metadata for [4] indices and skipped [29] unchanged indices", "cluster.uuid": "Qbw2pof0QzSXC1OvK0aFSw", "node.id": "t9hfPgy_RyC9LOJUxQUrSQ"  }
{"type": "server", "timestamp": "2022-03-30T07:05:05,430Z", "level": "INFO", "component": "o.e.c.c.C.CoordinatorPublication", "cluster.name": "tpotcluster", "node.name": "tpotcluster-node-01", "message": "after [7.9m] publication of cluster state version [4614] is still waiting for {tpotcluster-node-01}{t9hfPgy_RyC9LOJUxQUrSQ}{9orahI9OSPeo4zvSMDD4ug}{127.0.0.1}{127.0.0.1:9300}{cdfhimrstw}{xpack.installed=true, transform.node=true} [SENT_PUBLISH_REQUEST]", "cluster.uuid": "Qbw2pof0QzSXC1OvK0aFSw", "node.id": "t9hfPgy_RyC9LOJUxQUrSQ"  }
{"type": "server", "timestamp": "2022-03-30T07:05:17,065Z", "level": "WARN", "component": "o.e.t.ThreadPool", "cluster.name": "tpotcluster", "node.name": "tpotcluster-node-01", "message": "execution of [ReschedulingRunnable{runnable=org.elasticsearch.monitor.jvm.JvmGcMonitorService$1@36430591, interval=1s}] took [17061ms] which is above the warn threshold of [5000ms]", "cluster.uuid": "Qbw2pof0QzSXC1OvK0aFSw", "node.id": "t9hfPgy_RyC9LOJUxQUrSQ"  }
{"type": "server", "timestamp": "2022-03-30T07:05:28,252Z", "level": "WARN", "component": "o.e.c.InternalClusterInfoService", "cluster.name": "tpotcluster", "node.name": "tpotcluster-node-01", "message": "failed to retrieve shard stats from node [t9hfPgy_RyC9LOJUxQUrSQ]: [tpotcluster-node-01][127.0.0.1:9300][indices:monitor/stats[n]] request_id [494] timed out after [69902ms]", "cluster.uuid": "Qbw2pof0QzSXC1OvK0aFSw", "node.id": "t9hfPgy_RyC9LOJUxQUrSQ"  }
{"type": "server", "timestamp": "2022-03-30T07:05:35,745Z", "level": "WARN", "component": "o.e.m.f.FsHealthService", "cluster.name": "tpotcluster", "node.name": "tpotcluster-node-01", "message": "health check of [/data/elk/data/nodes/0] took [7779ms] which is above the warn threshold of [5s]", "cluster.uuid": "Qbw2pof0QzSXC1OvK0aFSw", "node.id": "t9hfPgy_RyC9LOJUxQUrSQ"  }
{"type": "server", "timestamp": "2022-03-30T07:05:39,484Z", "level": "WARN", "component": "o.e.t.ThreadPool", "cluster.name": "tpotcluster", "node.name": "tpotcluster-node-01", "message": "execution of [ReschedulingRunnable{runnable=org.elasticsearch.monitor.jvm.JvmGcMonitorService$1@36430591, interval=1s}] took [13378ms] which is above the warn threshold of [5000ms]", "cluster.uuid": "Qbw2pof0QzSXC1OvK0aFSw", "node.id": "t9hfPgy_RyC9LOJUxQUrSQ"  }
{"type": "server", "timestamp": "2022-03-30T07:06:19,769Z", "level": "WARN", "component": "o.e.t.ThreadPool", "cluster.name": "tpotcluster", "node.name": "tpotcluster-node-01", "message": "execution of [ReschedulingRunnable{runnable=org.elasticsearch.monitor.jvm.JvmGcMonitorService$1@36430591, interval=1s}] took [17183ms] which is above the warn threshold of [5000ms]", "cluster.uuid": "Qbw2pof0QzSXC1OvK0aFSw", "node.id": "t9hfPgy_RyC9LOJUxQUrSQ"  }
{"type": "server", "timestamp": "2022-03-30T07:07:58,000Z", "level": "WARN", "component": "o.e.t.ThreadPool", "cluster.name": "tpotcluster", "node.name": "tpotcluster-node-01", "message": "execution of [org.elasticsearch.cluster.InternalClusterInfoService$RefreshScheduler$$Lambda$5094/0x00000008017e1bb8@40fc0520] took [77189ms] which is above the warn threshold of [5000ms]", "cluster.uuid": "Qbw2pof0QzSXC1OvK0aFSw", "node.id": "t9hfPgy_RyC9LOJUxQUrSQ"  }
{"type": "server", "timestamp": "2022-03-30T07:08:56,184Z", "level": "WARN", "component": "o.e.t.ThreadPool", "cluster.name": "tpotcluster", "node.name": "tpotcluster-node-01", "message": "execution of [ReschedulingRunnable{runnable=org.elasticsearch.monitor.jvm.JvmGcMonitorService$1@36430591, interval=1s}] took [25192ms] which is above the warn threshold of [5000ms]", "cluster.uuid": "Qbw2pof0QzSXC1OvK0aFSw", "node.id": "t9hfPgy_RyC9LOJUxQUrSQ"  }
{"type": "server", "timestamp": "2022-03-30T07:09:09,345Z", "level": "WARN", "component": "o.e.t.TransportService", "cluster.name": "tpotcluster", "node.name": "tpotcluster-node-01", "message": "Received response for a request that has timed out, sent [4.8m/288320ms] ago, timed out [3.6m/218418ms] ago, action [indices:monitor/stats[n]], node [{tpotcluster-node-01}{t9hfPgy_RyC9LOJUxQUrSQ}{9orahI9OSPeo4zvSMDD4ug}{127.0.0.1}{127.0.0.1:9300}{cdfhimrstw}{xpack.installed=true, transform.node=true}], id [494]", "cluster.uuid": "Qbw2pof0QzSXC1OvK0aFSw", "node.id": "t9hfPgy_RyC9LOJUxQUrSQ"  }
{"type": "server", "timestamp": "2022-03-30T07:10:08,929Z", "level": "WARN", "component": "o.e.t.ThreadPool", "cluster.name": "tpotcluster", "node.name": "tpotcluster-node-01", "message": "timer thread slept for [5.7s/5738ms] on absolute clock which is above the warn threshold of [5000ms]", "cluster.uuid": "Qbw2pof0QzSXC1OvK0aFSw", "node.id": "t9hfPgy_RyC9LOJUxQUrSQ"  }
{"type": "server", "timestamp": "2022-03-30T07:10:18,507Z", "level": "WARN", "component": "o.e.t.ThreadPool", "cluster.name": "tpotcluster", "node.name": "tpotcluster-node-01", "message": "timer thread slept for [8.6s/8670ms] on absolute clock which is above the warn threshold of [5000ms]", "cluster.uuid": "Qbw2pof0QzSXC1OvK0aFSw", "node.id": "t9hfPgy_RyC9LOJUxQUrSQ"  }
{"type": "server", "timestamp": "2022-03-30T07:10:33,725Z", "level": "WARN", "component": "o.e.t.ThreadPool", "cluster.name": "tpotcluster", "node.name": "tpotcluster-node-01", "message": "timer thread slept for [14.1s/14112104382ns] on relative clock which is above the warn threshold of [5000ms]", "cluster.uuid": "Qbw2pof0QzSXC1OvK0aFSw", "node.id": "t9hfPgy_RyC9LOJUxQUrSQ"  }
{"type": "server", "timestamp": "2022-03-30T07:10:35,809Z", "level": "WARN", "component": "o.e.c.InternalClusterInfoService", "cluster.name": "tpotcluster", "node.name": "tpotcluster-node-01", "message": "failed to retrieve shard stats from node [t9hfPgy_RyC9LOJUxQUrSQ]: [tpotcluster-node-01][127.0.0.1:9300][indices:monitor/stats[n]] request_id [540] timed out after [117335ms]", "cluster.uuid": "Qbw2pof0QzSXC1OvK0aFSw", "node.id": "t9hfPgy_RyC9LOJUxQUrSQ"  }
{"type": "server", "timestamp": "2022-03-30T07:10:19,004Z", "level": "WARN", "component": "o.e.m.f.FsHealthService", "cluster.name": "tpotcluster", "node.name": "tpotcluster-node-01", "message": "health check of [/data/elk/data/nodes/0] took [24045ms] which is above the warn threshold of [5s]", "cluster.uuid": "Qbw2pof0QzSXC1OvK0aFSw", "node.id": "t9hfPgy_RyC9LOJUxQUrSQ"  }
{"type": "server", "timestamp": "2022-03-30T07:10:40,578Z", "level": "WARN", "component": "o.e.t.ThreadPool", "cluster.name": "tpotcluster", "node.name": "tpotcluster-node-01", "message": "execution of [ReschedulingRunnable{runnable=org.elasticsearch.monitor.jvm.JvmGcMonitorService$1@36430591, interval=1s}] took [14112ms] which is above the warn threshold of [5000ms]", "cluster.uuid": "Qbw2pof0QzSXC1OvK0aFSw", "node.id": "t9hfPgy_RyC9LOJUxQUrSQ"  }
{"type": "server", "timestamp": "2022-03-30T07:10:43,564Z", "level": "WARN", "component": "o.e.t.ThreadPool", "cluster.name": "tpotcluster", "node.name": "tpotcluster-node-01", "message": "timer thread slept for [25.2s/25228ms] on absolute clock which is above the warn threshold of [5000ms]", "cluster.uuid": "Qbw2pof0QzSXC1OvK0aFSw", "node.id": "t9hfPgy_RyC9LOJUxQUrSQ"  }
{"type": "server", "timestamp": "2022-03-30T07:10:52,250Z", "level": "WARN", "component": "o.e.t.ThreadPool", "cluster.name": "tpotcluster", "node.name": "tpotcluster-node-01", "message": "timer thread slept for [25.2s/25227939007ns] on relative clock which is above the warn threshold of [5000ms]", "cluster.uuid": "Qbw2pof0QzSXC1OvK0aFSw", "node.id": "t9hfPgy_RyC9LOJUxQUrSQ"  }
{"type": "server", "timestamp": "2022-03-30T07:11:00,959Z", "level": "WARN", "component": "o.e.t.ThreadPool", "cluster.name": "tpotcluster", "node.name": "tpotcluster-node-01", "message": "timer thread slept for [17.9s/17904ms] on absolute clock which is above the warn threshold of [5000ms]", "cluster.uuid": "Qbw2pof0QzSXC1OvK0aFSw", "node.id": "t9hfPgy_RyC9LOJUxQUrSQ"  }
{"type": "server", "timestamp": "2022-03-30T07:11:09,729Z", "level": "WARN", "component": "o.e.t.ThreadPool", "cluster.name": "tpotcluster", "node.name": "tpotcluster-node-01", "message": "timer thread slept for [17.9s/17903426925ns] on relative clock which is above the warn threshold of [5000ms]", "cluster.uuid": "Qbw2pof0QzSXC1OvK0aFSw", "node.id": "t9hfPgy_RyC9LOJUxQUrSQ"  }
{"type": "server", "timestamp": "2022-03-30T07:11:22,381Z", "level": "WARN", "component": "o.e.t.ThreadPool", "cluster.name": "tpotcluster", "node.name": "tpotcluster-node-01", "message": "timer thread slept for [20.6s/20615ms] on absolute clock which is above the warn threshold of [5000ms]", "cluster.uuid": "Qbw2pof0QzSXC1OvK0aFSw", "node.id": "t9hfPgy_RyC9LOJUxQUrSQ"  }
{"type": "server", "timestamp": "2022-03-30T07:11:30,232Z", "level": "WARN", "component": "o.e.t.ThreadPool", "cluster.name": "tpotcluster", "node.name": "tpotcluster-node-01", "message": "timer thread slept for [20.6s/20615511567ns] on relative clock which is above the warn threshold of [5000ms]", "cluster.uuid": "Qbw2pof0QzSXC1OvK0aFSw", "node.id": "t9hfPgy_RyC9LOJUxQUrSQ"  }
{"type": "server", "timestamp": "2022-03-30T07:11:40,128Z", "level": "WARN", "component": "o.e.t.ThreadPool", "cluster.name": "tpotcluster", "node.name": "tpotcluster-node-01", "message": "timer thread slept for [16.8s/16862ms] on absolute clock which is above the warn threshold of [5000ms]", "cluster.uuid": "Qbw2pof0QzSXC1OvK0aFSw", "node.id": "t9hfPgy_RyC9LOJUxQUrSQ"  }
{"type": "server", "timestamp": "2022-03-30T07:11:47,290Z", "level": "WARN", "component": "o.e.t.ThreadPool", "cluster.name": "tpotcluster", "node.name": "tpotcluster-node-01", "message": "execution of [ReschedulingRunnable{runnable=org.elasticsearch.monitor.jvm.JvmGcMonitorService$1@36430591, interval=1s}] took [16861ms] which is above the warn threshold of [5000ms]", "cluster.uuid": "Qbw2pof0QzSXC1OvK0aFSw", "node.id": "t9hfPgy_RyC9LOJUxQUrSQ"  }
{"type": "server", "timestamp": "2022-03-30T07:11:49,885Z", "level": "WARN", "component": "o.e.t.ThreadPool", "cluster.name": "tpotcluster", "node.name": "tpotcluster-node-01", "message": "timer thread slept for [16.8s/16861941813ns] on relative clock which is above the warn threshold of [5000ms]", "cluster.uuid": "Qbw2pof0QzSXC1OvK0aFSw", "node.id": "t9hfPgy_RyC9LOJUxQUrSQ"  }
{"type": "server", "timestamp": "2022-03-30T07:11:59,513Z", "level": "WARN", "component": "o.e.t.ThreadPool", "cluster.name": "tpotcluster", "node.name": "tpotcluster-node-01", "message": "timer thread slept for [20.2s/20262ms] on absolute clock which is above the warn threshold of [5000ms]", "cluster.uuid": "Qbw2pof0QzSXC1OvK0aFSw", "node.id": "t9hfPgy_RyC9LOJUxQUrSQ"  }
{"type": "server", "timestamp": "2022-03-30T07:12:01,411Z", "level": "WARN", "component": "o.e.t.ThreadPool", "cluster.name": "tpotcluster", "node.name": "tpotcluster-node-01", "message": "execution of [ReschedulingRunnable{runnable=org.elasticsearch.watcher.ResourceWatcherService$ResourceMonitor@144cf011, interval=5s}] took [20261ms] which is above the warn threshold of [5000ms]", "cluster.uuid": "Qbw2pof0QzSXC1OvK0aFSw", "node.id": "t9hfPgy_RyC9LOJUxQUrSQ"  }
{"type": "server", "timestamp": "2022-03-30T07:12:09,403Z", "level": "WARN", "component": "o.e.t.ThreadPool", "cluster.name": "tpotcluster", "node.name": "tpotcluster-node-01", "message": "timer thread slept for [20.2s/20261589921ns] on relative clock which is above the warn threshold of [5000ms]", "cluster.uuid": "Qbw2pof0QzSXC1OvK0aFSw", "node.id": "t9hfPgy_RyC9LOJUxQUrSQ"  }
{"type": "server", "timestamp": "2022-03-30T07:12:17,663Z", "level": "WARN", "component": "o.e.t.ThreadPool", "cluster.name": "tpotcluster", "node.name": "tpotcluster-node-01", "message": "timer thread slept for [18.2s/18266ms] on absolute clock which is above the warn threshold of [5000ms]", "cluster.uuid": "Qbw2pof0QzSXC1OvK0aFSw", "node.id": "t9hfPgy_RyC9LOJUxQUrSQ"  }
{"type": "server", "timestamp": "2022-03-30T07:12:26,351Z", "level": "WARN", "component": "o.e.t.ThreadPool", "cluster.name": "tpotcluster", "node.name": "tpotcluster-node-01", "message": "timer thread slept for [18.2s/18266463602ns] on relative clock which is above the warn threshold of [5000ms]", "cluster.uuid": "Qbw2pof0QzSXC1OvK0aFSw", "node.id": "t9hfPgy_RyC9LOJUxQUrSQ"  }
{"type": "server", "timestamp": "2022-03-30T07:12:31,998Z", "level": "WARN", "component": "o.e.t.ThreadPool", "cluster.name": "tpotcluster", "node.name": "tpotcluster-node-01", "message": "timer thread slept for [15.3s/15371ms] on absolute clock which is above the warn threshold of [5000ms]", "cluster.uuid": "Qbw2pof0QzSXC1OvK0aFSw", "node.id": "t9hfPgy_RyC9LOJUxQUrSQ"  }
{"type": "server", "timestamp": "2022-03-30T07:12:36,688Z", "level": "WARN", "component": "o.e.t.ThreadPool", "cluster.name": "tpotcluster", "node.name": "tpotcluster-node-01", "message": "timer thread slept for [15.3s/15370443570ns] on relative clock which is above the warn threshold of [5000ms]", "cluster.uuid": "Qbw2pof0QzSXC1OvK0aFSw", "node.id": "t9hfPgy_RyC9LOJUxQUrSQ"  }
{"type": "server", "timestamp": "2022-03-30T07:12:45,726Z", "level": "WARN", "component": "o.e.t.ThreadPool", "cluster.name": "tpotcluster", "node.name": "tpotcluster-node-01", "message": "timer thread slept for [12.7s/12759ms] on absolute clock which is above the warn threshold of [5000ms]", "cluster.uuid": "Qbw2pof0QzSXC1OvK0aFSw", "node.id": "t9hfPgy_RyC9LOJUxQUrSQ"  }
{"type": "server", "timestamp": "2022-03-30T07:12:54,229Z", "level": "WARN", "component": "o.e.t.ThreadPool", "cluster.name": "tpotcluster", "node.name": "tpotcluster-node-01", "message": "timer thread slept for [12.7s/12759687349ns] on relative clock which is above the warn threshold of [5000ms]", "cluster.uuid": "Qbw2pof0QzSXC1OvK0aFSw", "node.id": "t9hfPgy_RyC9LOJUxQUrSQ"  }
{"type": "server", "timestamp": "2022-03-30T07:13:03,195Z", "level": "WARN", "component": "o.e.t.ThreadPool", "cluster.name": "tpotcluster", "node.name": "tpotcluster-node-01", "message": "timer thread slept for [17.6s/17648ms] on absolute clock which is above the warn threshold of [5000ms]", "cluster.uuid": "Qbw2pof0QzSXC1OvK0aFSw", "node.id": "t9hfPgy_RyC9LOJUxQUrSQ"  }
{"type": "server", "timestamp": "2022-03-30T07:13:10,410Z", "level": "WARN", "component": "o.e.t.ThreadPool", "cluster.name": "tpotcluster", "node.name": "tpotcluster-node-01", "message": "timer thread slept for [17.6s/17647710253ns] on relative clock which is above the warn threshold of [5000ms]", "cluster.uuid": "Qbw2pof0QzSXC1OvK0aFSw", "node.id": "t9hfPgy_RyC9LOJUxQUrSQ"  }
{"type": "server", "timestamp": "2022-03-30T07:13:16,210Z", "level": "WARN", "component": "o.e.t.ThreadPool", "cluster.name": "tpotcluster", "node.name": "tpotcluster-node-01", "message": "timer thread slept for [12.2s/12259ms] on absolute clock which is above the warn threshold of [5000ms]", "cluster.uuid": "Qbw2pof0QzSXC1OvK0aFSw", "node.id": "t9hfPgy_RyC9LOJUxQUrSQ"  }
{"type": "server", "timestamp": "2022-03-30T07:13:25,439Z", "level": "WARN", "component": "o.e.t.ThreadPool", "cluster.name": "tpotcluster", "node.name": "tpotcluster-node-01", "message": "timer thread slept for [12.2s/12258851185ns] on relative clock which is above the warn threshold of [5000ms]", "cluster.uuid": "Qbw2pof0QzSXC1OvK0aFSw", "node.id": "t9hfPgy_RyC9LOJUxQUrSQ"  }
{"type": "server", "timestamp": "2022-03-30T07:13:36,023Z", "level": "WARN", "component": "o.e.t.ThreadPool", "cluster.name": "tpotcluster", "node.name": "tpotcluster-node-01", "message": "timer thread slept for [19.8s/19855ms] on absolute clock which is above the warn threshold of [5000ms]", "cluster.uuid": "Qbw2pof0QzSXC1OvK0aFSw", "node.id": "t9hfPgy_RyC9LOJUxQUrSQ"  }
{"type": "server", "timestamp": "2022-03-30T07:13:43,364Z", "level": "WARN", "component": "o.e.t.ThreadPool", "cluster.name": "tpotcluster", "node.name": "tpotcluster-node-01", "message": "execution of [org.elasticsearch.cluster.InternalClusterInfoService$RefreshScheduler$$Lambda$5094/0x00000008017e1bb8@7cb547fd] took [96158ms] which is above the warn threshold of [5000ms]", "cluster.uuid": "Qbw2pof0QzSXC1OvK0aFSw", "node.id": "t9hfPgy_RyC9LOJUxQUrSQ"  }
{"type": "server", "timestamp": "2022-03-30T07:13:46,070Z", "level": "WARN", "component": "o.e.t.ThreadPool", "cluster.name": "tpotcluster", "node.name": "tpotcluster-node-01", "message": "timer thread slept for [19.8s/19855143981ns] on relative clock which is above the warn threshold of [5000ms]", "cluster.uuid": "Qbw2pof0QzSXC1OvK0aFSw", "node.id": "t9hfPgy_RyC9LOJUxQUrSQ"  }
{"type": "server", "timestamp": "2022-03-30T07:13:56,712Z", "level": "WARN", "component": "o.e.t.ThreadPool", "cluster.name": "tpotcluster", "node.name": "tpotcluster-node-01", "message": "timer thread slept for [20.6s/20672ms] on absolute clock which is above the warn threshold of [5000ms]", "cluster.uuid": "Qbw2pof0QzSXC1OvK0aFSw", "node.id": "t9hfPgy_RyC9LOJUxQUrSQ"  }
{"type": "server", "timestamp": "2022-03-30T07:14:06,447Z", "level": "WARN", "component": "o.e.t.ThreadPool", "cluster.name": "tpotcluster", "node.name": "tpotcluster-node-01", "message": "timer thread slept for [20.6s/20671732794ns] on relative clock which is above the warn threshold of [5000ms]", "cluster.uuid": "Qbw2pof0QzSXC1OvK0aFSw", "node.id": "t9hfPgy_RyC9LOJUxQUrSQ"  }
{"type": "server", "timestamp": "2022-03-30T07:14:16,458Z", "level": "WARN", "component": "o.e.t.ThreadPool", "cluster.name": "tpotcluster", "node.name": "tpotcluster-node-01", "message": "timer thread slept for [20.4s/20482ms] on absolute clock which is above the warn threshold of [5000ms]", "cluster.uuid": "Qbw2pof0QzSXC1OvK0aFSw", "node.id": "t9hfPgy_RyC9LOJUxQUrSQ"  }
{"type": "server", "timestamp": "2022-03-30T07:14:34,470Z", "level": "WARN", "component": "o.e.t.ThreadPool", "cluster.name": "tpotcluster", "node.name": "tpotcluster-node-01", "message": "timer thread slept for [20.4s/20482577306ns] on relative clock which is above the warn threshold of [5000ms]", "cluster.uuid": "Qbw2pof0QzSXC1OvK0aFSw", "node.id": "t9hfPgy_RyC9LOJUxQUrSQ"  }
{"type": "server", "timestamp": "2022-03-30T07:14:37,675Z", "level": "WARN", "component": "o.e.t.ThreadPool", "cluster.name": "tpotcluster", "node.name": "tpotcluster-node-01", "message": "execution of [ReschedulingRunnable{runnable=org.elasticsearch.monitor.jvm.JvmGcMonitorService$1@36430591, interval=1s}] took [20482ms] which is above the warn threshold of [5000ms]", "cluster.uuid": "Qbw2pof0QzSXC1OvK0aFSw", "node.id": "t9hfPgy_RyC9LOJUxQUrSQ"  }
{"type": "server", "timestamp": "2022-03-30T07:14:37,137Z", "level": "WARN", "component": "o.e.t.TransportService", "cluster.name": "tpotcluster", "node.name": "tpotcluster-node-01", "message": "Received response for a request that has timed out, sent [6.3m/381971ms] ago, timed out [4.4m/264636ms] ago, action [indices:monitor/stats[n]], node [{tpotcluster-node-01}{t9hfPgy_RyC9LOJUxQUrSQ}{9orahI9OSPeo4zvSMDD4ug}{127.0.0.1}{127.0.0.1:9300}{cdfhimrstw}{xpack.installed=true, transform.node=true}], id [540]", "cluster.uuid": "Qbw2pof0QzSXC1OvK0aFSw", "node.id": "t9hfPgy_RyC9LOJUxQUrSQ"  }
{"type": "server", "timestamp": "2022-03-30T07:14:44,534Z", "level": "WARN", "component": "o.e.t.ThreadPool", "cluster.name": "tpotcluster", "node.name": "tpotcluster-node-01", "message": "timer thread slept for [28.8s/28825ms] on absolute clock which is above the warn threshold of [5000ms]", "cluster.uuid": "Qbw2pof0QzSXC1OvK0aFSw", "node.id": "t9hfPgy_RyC9LOJUxQUrSQ"  }
{"type": "server", "timestamp": "2022-03-30T07:14:54,816Z", "level": "WARN", "component": "o.e.t.ThreadPool", "cluster.name": "tpotcluster", "node.name": "tpotcluster-node-01", "message": "timer thread slept for [28.8s/28824563110ns] on relative clock which is above the warn threshold of [5000ms]", "cluster.uuid": "Qbw2pof0QzSXC1OvK0aFSw", "node.id": "t9hfPgy_RyC9LOJUxQUrSQ"  }
{"type": "server", "timestamp": "2022-03-30T07:15:01,216Z", "level": "WARN", "component": "o.e.t.ThreadPool", "cluster.name": "tpotcluster", "node.name": "tpotcluster-node-01", "message": "timer thread slept for [16.7s/16722ms] on absolute clock which is above the warn threshold of [5000ms]", "cluster.uuid": "Qbw2pof0QzSXC1OvK0aFSw", "node.id": "t9hfPgy_RyC9LOJUxQUrSQ"  }
{"type": "server", "timestamp": "2022-03-30T07:15:01,293Z", "level": "WARN", "component": "o.e.t.ThreadPool", "cluster.name": "tpotcluster", "node.name": "tpotcluster-node-01", "message": "execution of [ReschedulingRunnable{runnable=org.elasticsearch.indices.IndexingMemoryController$ShardsIndicesStatusChecker@49e599b2, interval=5s}] took [16722ms] which is above the warn threshold of [5000ms]", "cluster.uuid": "Qbw2pof0QzSXC1OvK0aFSw", "node.id": "t9hfPgy_RyC9LOJUxQUrSQ"  }
{"type": "server", "timestamp": "2022-03-30T07:15:05,884Z", "level": "WARN", "component": "o.e.t.ThreadPool", "cluster.name": "tpotcluster", "node.name": "tpotcluster-node-01", "message": "timer thread slept for [16.7s/16722370387ns] on relative clock which is above the warn threshold of [5000ms]", "cluster.uuid": "Qbw2pof0QzSXC1OvK0aFSw", "node.id": "t9hfPgy_RyC9LOJUxQUrSQ"  }
{"type": "server", "timestamp": "2022-03-30T07:15:12,834Z", "level": "WARN", "component": "o.e.t.ThreadPool", "cluster.name": "tpotcluster", "node.name": "tpotcluster-node-01", "message": "timer thread slept for [11.9s/11944ms] on absolute clock which is above the warn threshold of [5000ms]", "cluster.uuid": "Qbw2pof0QzSXC1OvK0aFSw", "node.id": "t9hfPgy_RyC9LOJUxQUrSQ"  }
{"type": "server", "timestamp": "2022-03-30T07:15:39,535Z", "level": "WARN", "component": "o.e.t.ThreadPool", "cluster.name": "tpotcluster", "node.name": "tpotcluster-node-01", "message": "timer thread slept for [11.9s/11943909921ns] on relative clock which is above the warn threshold of [5000ms]", "cluster.uuid": "Qbw2pof0QzSXC1OvK0aFSw", "node.id": "t9hfPgy_RyC9LOJUxQUrSQ"  }
{"type": "server", "timestamp": "2022-03-30T07:15:12,883Z", "level": "WARN", "component": "o.e.c.InternalClusterInfoService", "cluster.name": "tpotcluster", "node.name": "tpotcluster-node-01", "message": "failed to retrieve shard stats from node [t9hfPgy_RyC9LOJUxQUrSQ]: [tpotcluster-node-01][127.0.0.1:9300][indices:monitor/stats[n]] request_id [580] timed out after [86701ms]", "cluster.uuid": "Qbw2pof0QzSXC1OvK0aFSw", "node.id": "t9hfPgy_RyC9LOJUxQUrSQ"  }
{"type": "server", "timestamp": "2022-03-30T07:18:45,554Z", "level": "WARN", "component": "o.e.t.ThreadPool", "cluster.name": "tpotcluster", "node.name": "tpotcluster-node-01", "message": "timer thread slept for [3.2m/193645ms] on absolute clock which is above the warn threshold of [5000ms]", "cluster.uuid": "Qbw2pof0QzSXC1OvK0aFSw", "node.id": "t9hfPgy_RyC9LOJUxQUrSQ"  }
{"type": "server", "timestamp": "2022-03-30T07:15:59,739Z", "level": "WARN", "component": "o.e.m.f.FsHealthService", "cluster.name": "tpotcluster", "node.name": "tpotcluster-node-01", "message": "health check of [/data/elk/data/nodes/0] took [11944ms] which is above the warn threshold of [5s]", "cluster.uuid": "Qbw2pof0QzSXC1OvK0aFSw", "node.id": "t9hfPgy_RyC9LOJUxQUrSQ"  }
{"type": "server", "timestamp": "2022-03-30T07:21:48,926Z", "level": "WARN", "component": "o.e.t.ThreadPool", "cluster.name": "tpotcluster", "node.name": "tpotcluster-node-01", "message": "timer thread slept for [3.2m/193323610459ns] on relative clock which is above the warn threshold of [5000ms]", "cluster.uuid": "Qbw2pof0QzSXC1OvK0aFSw", "node.id": "t9hfPgy_RyC9LOJUxQUrSQ"  }
{"type": "server", "timestamp": "2022-03-30T07:24:13,079Z", "level": "WARN", "component": "o.e.t.ThreadPool", "cluster.name": "tpotcluster", "node.name": "tpotcluster-node-01", "message": "timer thread slept for [5.4m/328796ms] on absolute clock which is above the warn threshold of [5000ms]", "cluster.uuid": "Qbw2pof0QzSXC1OvK0aFSw", "node.id": "t9hfPgy_RyC9LOJUxQUrSQ"  }
{"type": "server", "timestamp": "2022-03-30T07:26:36,397Z", "level": "WARN", "component": "o.e.t.ThreadPool", "cluster.name": "tpotcluster", "node.name": "tpotcluster-node-01", "message": "timer thread slept for [5.4m/328657050421ns] on relative clock which is above the warn threshold of [5000ms]", "cluster.uuid": "Qbw2pof0QzSXC1OvK0aFSw", "node.id": "t9hfPgy_RyC9LOJUxQUrSQ"  }
{"type": "server", "timestamp": "2022-03-30T07:29:53,356Z", "level": "WARN", "component": "o.e.t.ThreadPool", "cluster.name": "tpotcluster", "node.name": "tpotcluster-node-01", "message": "timer thread slept for [5.5m/335191ms] on absolute clock which is above the warn threshold of [5000ms]", "cluster.uuid": "Qbw2pof0QzSXC1OvK0aFSw", "node.id": "t9hfPgy_RyC9LOJUxQUrSQ"  }
{"type": "server", "timestamp": "2022-03-30T07:32:52,122Z", "level": "WARN", "component": "o.e.t.ThreadPool", "cluster.name": "tpotcluster", "node.name": "tpotcluster-node-01", "message": "timer thread slept for [5.5m/335651241899ns] on relative clock which is above the warn threshold of [5000ms]", "cluster.uuid": "Qbw2pof0QzSXC1OvK0aFSw", "node.id": "t9hfPgy_RyC9LOJUxQUrSQ"  }
{"type": "server", "timestamp": "2022-03-30T07:35:44,735Z", "level": "WARN", "component": "o.e.t.ThreadPool", "cluster.name": "tpotcluster", "node.name": "tpotcluster-node-01", "message": "execution of [ReschedulingRunnable{runnable=org.elasticsearch.monitor.jvm.JvmGcMonitorService$1@36430591, interval=1s}] took [335651ms] which is above the warn threshold of [5000ms]", "cluster.uuid": "Qbw2pof0QzSXC1OvK0aFSw", "node.id": "t9hfPgy_RyC9LOJUxQUrSQ"  }
{"type": "server", "timestamp": "2022-03-30T07:36:11,714Z", "level": "WARN", "component": "o.e.t.ThreadPool", "cluster.name": "tpotcluster", "node.name": "tpotcluster-node-01", "message": "timer thread slept for [6.3m/380497ms] on absolute clock which is above the warn threshold of [5000ms]", "cluster.uuid": "Qbw2pof0QzSXC1OvK0aFSw", "node.id": "t9hfPgy_RyC9LOJUxQUrSQ"  }
{"type": "server", "timestamp": "2022-03-30T07:39:00,572Z", "level": "WARN", "component": "o.e.t.ThreadPool", "cluster.name": "tpotcluster", "node.name": "tpotcluster-node-01", "message": "timer thread slept for [6.3m/380201338288ns] on relative clock which is above the warn threshold of [5000ms]", "cluster.uuid": "Qbw2pof0QzSXC1OvK0aFSw", "node.id": "t9hfPgy_RyC9LOJUxQUrSQ"  }
{"type": "server", "timestamp": "2022-03-30T07:42:11,412Z", "level": "WARN", "component": "o.e.t.ThreadPool", "cluster.name": "tpotcluster", "node.name": "tpotcluster-node-01", "message": "timer thread slept for [6m/362107ms] on absolute clock which is above the warn threshold of [5000ms]", "cluster.uuid": "Qbw2pof0QzSXC1OvK0aFSw", "node.id": "t9hfPgy_RyC9LOJUxQUrSQ"  }
{"type": "server", "timestamp": "2022-03-30T07:43:27,155Z", "level": "WARN", "component": "o.e.t.ThreadPool", "cluster.name": "tpotcluster", "node.name": "tpotcluster-node-01", "message": "execution of [ReschedulingRunnable{runnable=org.elasticsearch.indices.IndexingMemoryController$ShardsIndicesStatusChecker@49e599b2, interval=5s}] took [362145ms] which is above the warn threshold of [5000ms]", "cluster.uuid": "Qbw2pof0QzSXC1OvK0aFSw", "node.id": "t9hfPgy_RyC9LOJUxQUrSQ"  }
{"type": "server", "timestamp": "2022-03-30T07:45:10,482Z", "level": "WARN", "component": "o.e.t.ThreadPool", "cluster.name": "tpotcluster", "node.name": "tpotcluster-node-01", "message": "timer thread slept for [6m/362145872580ns] on relative clock which is above the warn threshold of [5000ms]", "cluster.uuid": "Qbw2pof0QzSXC1OvK0aFSw", "node.id": "t9hfPgy_RyC9LOJUxQUrSQ"  }
{"type": "server", "timestamp": "2022-03-30T07:48:15,130Z", "level": "WARN", "component": "o.e.t.ThreadPool", "cluster.name": "tpotcluster", "node.name": "tpotcluster-node-01", "message": "timer thread slept for [6.1m/366363ms] on absolute clock which is above the warn threshold of [5000ms]", "cluster.uuid": "Qbw2pof0QzSXC1OvK0aFSw", "node.id": "t9hfPgy_RyC9LOJUxQUrSQ"  }
{"type": "server", "timestamp": "2022-03-30T07:51:14,090Z", "level": "WARN", "component": "o.e.t.ThreadPool", "cluster.name": "tpotcluster", "node.name": "tpotcluster-node-01", "message": "timer thread slept for [6.1m/366165914867ns] on relative clock which is above the warn threshold of [5000ms]", "cluster.uuid": "Qbw2pof0QzSXC1OvK0aFSw", "node.id": "t9hfPgy_RyC9LOJUxQUrSQ"  }
{"type": "server", "timestamp": "2022-03-30T07:54:19,514Z", "level": "WARN", "component": "o.e.t.ThreadPool", "cluster.name": "tpotcluster", "node.name": "tpotcluster-node-01", "message": "timer thread slept for [6.1m/366777ms] on absolute clock which is above the warn threshold of [5000ms]", "cluster.uuid": "Qbw2pof0QzSXC1OvK0aFSw", "node.id": "t9hfPgy_RyC9LOJUxQUrSQ"  }
{"type": "server", "timestamp": "2022-03-30T07:54:12,667Z", "level": "WARN", "component": "o.e.t.ThreadPool", "cluster.name": "tpotcluster", "node.name": "tpotcluster-node-01", "message": "execution of [org.elasticsearch.indices.IndicesService$CacheCleaner@61231747] took [366890ms] which is above the warn threshold of [5000ms]", "cluster.uuid": "Qbw2pof0QzSXC1OvK0aFSw", "node.id": "t9hfPgy_RyC9LOJUxQUrSQ"  }
{"type": "server", "timestamp": "2022-03-30T07:57:30,467Z", "level": "WARN", "component": "o.e.t.ThreadPool", "cluster.name": "tpotcluster", "node.name": "tpotcluster-node-01", "message": "timer thread slept for [6.1m/366890375884ns] on relative clock which is above the warn threshold of [5000ms]", "cluster.uuid": "Qbw2pof0QzSXC1OvK0aFSw", "node.id": "t9hfPgy_RyC9LOJUxQUrSQ"  }
{"type": "server", "timestamp": "2022-03-30T08:02:49,197Z", "level": "WARN", "component": "o.e.t.ThreadPool", "cluster.name": "tpotcluster", "node.name": "tpotcluster-node-01", "message": "timer thread slept for [8.3m/503359ms] on absolute clock which is above the warn threshold of [5000ms]", "cluster.uuid": "Qbw2pof0QzSXC1OvK0aFSw", "node.id": "t9hfPgy_RyC9LOJUxQUrSQ"  }
{"type": "server", "timestamp": "2022-03-30T08:06:09,732Z", "level": "WARN", "component": "o.e.t.ThreadPool", "cluster.name": "tpotcluster", "node.name": "tpotcluster-node-01", "message": "timer thread slept for [8.3m/503280930634ns] on relative clock which is above the warn threshold of [5000ms]", "cluster.uuid": "Qbw2pof0QzSXC1OvK0aFSw", "node.id": "t9hfPgy_RyC9LOJUxQUrSQ"  }
{"type": "server", "timestamp": "2022-03-30T08:09:46,747Z", "level": "WARN", "component": "o.e.t.ThreadPool", "cluster.name": "tpotcluster", "node.name": "tpotcluster-node-01", "message": "timer thread slept for [6.7m/406366ms] on absolute clock which is above the warn threshold of [5000ms]", "cluster.uuid": "Qbw2pof0QzSXC1OvK0aFSw", "node.id": "t9hfPgy_RyC9LOJUxQUrSQ"  }
{"type": "server", "timestamp": "2022-03-30T08:12:49,978Z", "level": "WARN", "component": "o.e.t.ThreadPool", "cluster.name": "tpotcluster", "node.name": "tpotcluster-node-01", "message": "timer thread slept for [6.7m/406784081137ns] on relative clock which is above the warn threshold of [5000ms]", "cluster.uuid": "Qbw2pof0QzSXC1OvK0aFSw", "node.id": "t9hfPgy_RyC9LOJUxQUrSQ"  }
{"type": "server", "timestamp": "2022-03-30T08:17:14,212Z", "level": "WARN", "component": "o.e.t.ThreadPool", "cluster.name": "tpotcluster", "node.name": "tpotcluster-node-01", "message": "timer thread slept for [6.7m/404222ms] on absolute clock which is above the warn threshold of [5000ms]", "cluster.uuid": "Qbw2pof0QzSXC1OvK0aFSw", "node.id": "t9hfPgy_RyC9LOJUxQUrSQ"  }
{"type": "server", "timestamp": "2022-03-30T08:21:09,286Z", "level": "WARN", "component": "o.e.t.ThreadPool", "cluster.name": "tpotcluster", "node.name": "tpotcluster-node-01", "message": "timer thread slept for [6.7m/403768023043ns] on relative clock which is above the warn threshold of [5000ms]", "cluster.uuid": "Qbw2pof0QzSXC1OvK0aFSw", "node.id": "t9hfPgy_RyC9LOJUxQUrSQ"  }
{"type": "server", "timestamp": "2022-03-30T08:31:13,467Z", "level": "INFO", "component": "o.e.n.Node", "cluster.name": "tpotcluster", "node.name": "tpotcluster-node-01", "message": "version[7.17.0], pid[1], build[default/tar/bee86328705acaa9a6daede7140defd4d9ec56bd/2022-01-28T08:36:04.875279988Z], OS[Linux/4.19.0-20-cloud-amd64/amd64], JVM[Alpine/OpenJDK 64-Bit Server VM/16.0.2/16.0.2+7-alpine-r1]" }
{"type": "server", "timestamp": "2022-03-30T08:31:13,491Z", "level": "INFO", "component": "o.e.n.Node", "cluster.name": "tpotcluster", "node.name": "tpotcluster-node-01", "message": "JVM home [/usr/lib/jvm/java-16-openjdk], using bundled JDK [false]" }
{"type": "server", "timestamp": "2022-03-30T08:31:13,493Z", "level": "INFO", "component": "o.e.n.Node", "cluster.name": "tpotcluster", "node.name": "tpotcluster-node-01", "message": "JVM arguments [-Xshare:auto, -Des.networkaddress.cache.ttl=60, -Des.networkaddress.cache.negative.ttl=10, -XX:+AlwaysPreTouch, -Xss1m, -Djava.awt.headless=true, -Dfile.encoding=UTF-8, -Djna.nosys=true, -XX:-OmitStackTraceInFastThrow, -XX:+ShowCodeDetailsInExceptionMessages, -Dio.netty.noUnsafe=true, -Dio.netty.noKeySetOptimization=true, -Dio.netty.recycler.maxCapacityPerThread=0, -Dio.netty.allocator.numDirectArenas=0, -Dlog4j.shutdownHookEnabled=false, -Dlog4j2.disable.jmx=true, -Dlog4j2.formatMsgNoLookups=true, -Djava.locale.providers=SPI,COMPAT, --add-opens=java.base/java.io=ALL-UNNAMED, -XX:+UseG1GC, -Djava.io.tmpdir=/tmp, -XX:+HeapDumpOnOutOfMemoryError, -XX:+ExitOnOutOfMemoryError, -XX:HeapDumpPath=data, -XX:ErrorFile=logs/hs_err_pid%p.log, -Xlog:gc*,gc+age=trace,safepoint:file=logs/gc.log:utctime,pid,tags:filecount=32,filesize=64m, -Xms2048m, -Xmx2048m, -XX:MaxDirectMemorySize=1073741824, -XX:G1HeapRegionSize=4m, -XX:InitiatingHeapOccupancyPercent=30, -XX:G1ReservePercent=15, -Des.path.home=/usr/share/elasticsearch, -Des.path.conf=/usr/share/elasticsearch/config, -Des.distribution.flavor=default, -Des.distribution.type=tar, -Des.bundled_jdk=true]" }
{"type": "server", "timestamp": "2022-03-30T08:31:19,592Z", "level": "INFO", "component": "o.e.p.PluginsService", "cluster.name": "tpotcluster", "node.name": "tpotcluster-node-01", "message": "loaded module [aggs-matrix-stats]" }
{"type": "server", "timestamp": "2022-03-30T08:31:19,598Z", "level": "INFO", "component": "o.e.p.PluginsService", "cluster.name": "tpotcluster", "node.name": "tpotcluster-node-01", "message": "loaded module [analysis-common]" }
{"type": "server", "timestamp": "2022-03-30T08:31:19,598Z", "level": "INFO", "component": "o.e.p.PluginsService", "cluster.name": "tpotcluster", "node.name": "tpotcluster-node-01", "message": "loaded module [constant-keyword]" }
{"type": "server", "timestamp": "2022-03-30T08:31:19,599Z", "level": "INFO", "component": "o.e.p.PluginsService", "cluster.name": "tpotcluster", "node.name": "tpotcluster-node-01", "message": "loaded module [frozen-indices]" }
{"type": "server", "timestamp": "2022-03-30T08:31:19,599Z", "level": "INFO", "component": "o.e.p.PluginsService", "cluster.name": "tpotcluster", "node.name": "tpotcluster-node-01", "message": "loaded module [ingest-common]" }
{"type": "server", "timestamp": "2022-03-30T08:31:19,599Z", "level": "INFO", "component": "o.e.p.PluginsService", "cluster.name": "tpotcluster", "node.name": "tpotcluster-node-01", "message": "loaded module [ingest-geoip]" }
{"type": "server", "timestamp": "2022-03-30T08:31:19,600Z", "level": "INFO", "component": "o.e.p.PluginsService", "cluster.name": "tpotcluster", "node.name": "tpotcluster-node-01", "message": "loaded module [ingest-user-agent]" }
{"type": "server", "timestamp": "2022-03-30T08:31:19,600Z", "level": "INFO", "component": "o.e.p.PluginsService", "cluster.name": "tpotcluster", "node.name": "tpotcluster-node-01", "message": "loaded module [kibana]" }
{"type": "server", "timestamp": "2022-03-30T08:31:19,601Z", "level": "INFO", "component": "o.e.p.PluginsService", "cluster.name": "tpotcluster", "node.name": "tpotcluster-node-01", "message": "loaded module [lang-expression]" }
{"type": "server", "timestamp": "2022-03-30T08:31:19,601Z", "level": "INFO", "component": "o.e.p.PluginsService", "cluster.name": "tpotcluster", "node.name": "tpotcluster-node-01", "message": "loaded module [lang-mustache]" }
{"type": "server", "timestamp": "2022-03-30T08:31:19,602Z", "level": "INFO", "component": "o.e.p.PluginsService", "cluster.name": "tpotcluster", "node.name": "tpotcluster-node-01", "message": "loaded module [lang-painless]" }
{"type": "server", "timestamp": "2022-03-30T08:31:19,602Z", "level": "INFO", "component": "o.e.p.PluginsService", "cluster.name": "tpotcluster", "node.name": "tpotcluster-node-01", "message": "loaded module [legacy-geo]" }
{"type": "server", "timestamp": "2022-03-30T08:31:19,603Z", "level": "INFO", "component": "o.e.p.PluginsService", "cluster.name": "tpotcluster", "node.name": "tpotcluster-node-01", "message": "loaded module [mapper-extras]" }
{"type": "server", "timestamp": "2022-03-30T08:31:19,603Z", "level": "INFO", "component": "o.e.p.PluginsService", "cluster.name": "tpotcluster", "node.name": "tpotcluster-node-01", "message": "loaded module [mapper-version]" }
{"type": "server", "timestamp": "2022-03-30T08:31:19,604Z", "level": "INFO", "component": "o.e.p.PluginsService", "cluster.name": "tpotcluster", "node.name": "tpotcluster-node-01", "message": "loaded module [parent-join]" }
{"type": "server", "timestamp": "2022-03-30T08:31:19,604Z", "level": "INFO", "component": "o.e.p.PluginsService", "cluster.name": "tpotcluster", "node.name": "tpotcluster-node-01", "message": "loaded module [percolator]" }
{"type": "server", "timestamp": "2022-03-30T08:31:19,604Z", "level": "INFO", "component": "o.e.p.PluginsService", "cluster.name": "tpotcluster", "node.name": "tpotcluster-node-01", "message": "loaded module [rank-eval]" }
{"type": "server", "timestamp": "2022-03-30T08:31:19,605Z", "level": "INFO", "component": "o.e.p.PluginsService", "cluster.name": "tpotcluster", "node.name": "tpotcluster-node-01", "message": "loaded module [reindex]" }
{"type": "server", "timestamp": "2022-03-30T08:31:19,605Z", "level": "INFO", "component": "o.e.p.PluginsService", "cluster.name": "tpotcluster", "node.name": "tpotcluster-node-01", "message": "loaded module [repositories-metering-api]" }
{"type": "server", "timestamp": "2022-03-30T08:31:19,606Z", "level": "INFO", "component": "o.e.p.PluginsService", "cluster.name": "tpotcluster", "node.name": "tpotcluster-node-01", "message": "loaded module [repository-encrypted]" }
{"type": "server", "timestamp": "2022-03-30T08:31:19,606Z", "level": "INFO", "component": "o.e.p.PluginsService", "cluster.name": "tpotcluster", "node.name": "tpotcluster-node-01", "message": "loaded module [repository-url]" }
{"type": "server", "timestamp": "2022-03-30T08:31:19,607Z", "level": "INFO", "component": "o.e.p.PluginsService", "cluster.name": "tpotcluster", "node.name": "tpotcluster-node-01", "message": "loaded module [runtime-fields-common]" }
{"type": "server", "timestamp": "2022-03-30T08:31:19,607Z", "level": "INFO", "component": "o.e.p.PluginsService", "cluster.name": "tpotcluster", "node.name": "tpotcluster-node-01", "message": "loaded module [search-business-rules]" }
{"type": "server", "timestamp": "2022-03-30T08:31:19,607Z", "level": "INFO", "component": "o.e.p.PluginsService", "cluster.name": "tpotcluster", "node.name": "tpotcluster-node-01", "message": "loaded module [searchable-snapshots]" }
{"type": "server", "timestamp": "2022-03-30T08:31:19,608Z", "level": "INFO", "component": "o.e.p.PluginsService", "cluster.name": "tpotcluster", "node.name": "tpotcluster-node-01", "message": "loaded module [snapshot-repo-test-kit]" }
{"type": "server", "timestamp": "2022-03-30T08:31:19,608Z", "level": "INFO", "component": "o.e.p.PluginsService", "cluster.name": "tpotcluster", "node.name": "tpotcluster-node-01", "message": "loaded module [spatial]" }
{"type": "server", "timestamp": "2022-03-30T08:31:19,609Z", "level": "INFO", "component": "o.e.p.PluginsService", "cluster.name": "tpotcluster", "node.name": "tpotcluster-node-01", "message": "loaded module [transform]" }
{"type": "server", "timestamp": "2022-03-30T08:31:19,609Z", "level": "INFO", "component": "o.e.p.PluginsService", "cluster.name": "tpotcluster", "node.name": "tpotcluster-node-01", "message": "loaded module [transport-netty4]" }
{"type": "server", "timestamp": "2022-03-30T08:31:19,610Z", "level": "INFO", "component": "o.e.p.PluginsService", "cluster.name": "tpotcluster", "node.name": "tpotcluster-node-01", "message": "loaded module [unsigned-long]" }
{"type": "server", "timestamp": "2022-03-30T08:31:19,610Z", "level": "INFO", "component": "o.e.p.PluginsService", "cluster.name": "tpotcluster", "node.name": "tpotcluster-node-01", "message": "loaded module [vector-tile]" }
{"type": "server", "timestamp": "2022-03-30T08:31:19,610Z", "level": "INFO", "component": "o.e.p.PluginsService", "cluster.name": "tpotcluster", "node.name": "tpotcluster-node-01", "message": "loaded module [vectors]" }
{"type": "server", "timestamp": "2022-03-30T08:31:19,611Z", "level": "INFO", "component": "o.e.p.PluginsService", "cluster.name": "tpotcluster", "node.name": "tpotcluster-node-01", "message": "loaded module [wildcard]" }
{"type": "server", "timestamp": "2022-03-30T08:31:19,611Z", "level": "INFO", "component": "o.e.p.PluginsService", "cluster.name": "tpotcluster", "node.name": "tpotcluster-node-01", "message": "loaded module [x-pack-aggregate-metric]" }
{"type": "server", "timestamp": "2022-03-30T08:31:19,611Z", "level": "INFO", "component": "o.e.p.PluginsService", "cluster.name": "tpotcluster", "node.name": "tpotcluster-node-01", "message": "loaded module [x-pack-analytics]" }
{"type": "server", "timestamp": "2022-03-30T08:31:19,612Z", "level": "INFO", "component": "o.e.p.PluginsService", "cluster.name": "tpotcluster", "node.name": "tpotcluster-node-01", "message": "loaded module [x-pack-async]" }
{"type": "server", "timestamp": "2022-03-30T08:31:19,612Z", "level": "INFO", "component": "o.e.p.PluginsService", "cluster.name": "tpotcluster", "node.name": "tpotcluster-node-01", "message": "loaded module [x-pack-async-search]" }
{"type": "server", "timestamp": "2022-03-30T08:31:19,613Z", "level": "INFO", "component": "o.e.p.PluginsService", "cluster.name": "tpotcluster", "node.name": "tpotcluster-node-01", "message": "loaded module [x-pack-autoscaling]" }
{"type": "server", "timestamp": "2022-03-30T08:31:19,613Z", "level": "INFO", "component": "o.e.p.PluginsService", "cluster.name": "tpotcluster", "node.name": "tpotcluster-node-01", "message": "loaded module [x-pack-ccr]" }
{"type": "server", "timestamp": "2022-03-30T08:31:19,613Z", "level": "INFO", "component": "o.e.p.PluginsService", "cluster.name": "tpotcluster", "node.name": "tpotcluster-node-01", "message": "loaded module [x-pack-core]" }
{"type": "server", "timestamp": "2022-03-30T08:31:19,614Z", "level": "INFO", "component": "o.e.p.PluginsService", "cluster.name": "tpotcluster", "node.name": "tpotcluster-node-01", "message": "loaded module [x-pack-data-streams]" }
{"type": "server", "timestamp": "2022-03-30T08:31:19,614Z", "level": "INFO", "component": "o.e.p.PluginsService", "cluster.name": "tpotcluster", "node.name": "tpotcluster-node-01", "message": "loaded module [x-pack-deprecation]" }
{"type": "server", "timestamp": "2022-03-30T08:31:19,615Z", "level": "INFO", "component": "o.e.p.PluginsService", "cluster.name": "tpotcluster", "node.name": "tpotcluster-node-01", "message": "loaded module [x-pack-enrich]" }
{"type": "server", "timestamp": "2022-03-30T08:31:19,615Z", "level": "INFO", "component": "o.e.p.PluginsService", "cluster.name": "tpotcluster", "node.name": "tpotcluster-node-01", "message": "loaded module [x-pack-eql]" }
{"type": "server", "timestamp": "2022-03-30T08:31:19,615Z", "level": "INFO", "component": "o.e.p.PluginsService", "cluster.name": "tpotcluster", "node.name": "tpotcluster-node-01", "message": "loaded module [x-pack-fleet]" }
{"type": "server", "timestamp": "2022-03-30T08:31:19,616Z", "level": "INFO", "component": "o.e.p.PluginsService", "cluster.name": "tpotcluster", "node.name": "tpotcluster-node-01", "message": "loaded module [x-pack-graph]" }
{"type": "server", "timestamp": "2022-03-30T08:31:19,616Z", "level": "INFO", "component": "o.e.p.PluginsService", "cluster.name": "tpotcluster", "node.name": "tpotcluster-node-01", "message": "loaded module [x-pack-identity-provider]" }
{"type": "server", "timestamp": "2022-03-30T08:31:19,617Z", "level": "INFO", "component": "o.e.p.PluginsService", "cluster.name": "tpotcluster", "node.name": "tpotcluster-node-01", "message": "loaded module [x-pack-ilm]" }
{"type": "server", "timestamp": "2022-03-30T08:31:19,617Z", "level": "INFO", "component": "o.e.p.PluginsService", "cluster.name": "tpotcluster", "node.name": "tpotcluster-node-01", "message": "loaded module [x-pack-logstash]" }
{"type": "server", "timestamp": "2022-03-30T08:31:19,617Z", "level": "INFO", "component": "o.e.p.PluginsService", "cluster.name": "tpotcluster", "node.name": "tpotcluster-node-01", "message": "loaded module [x-pack-monitoring]" }
{"type": "server", "timestamp": "2022-03-30T08:31:19,618Z", "level": "INFO", "component": "o.e.p.PluginsService", "cluster.name": "tpotcluster", "node.name": "tpotcluster-node-01", "message": "loaded module [x-pack-ql]" }
{"type": "server", "timestamp": "2022-03-30T08:31:19,618Z", "level": "INFO", "component": "o.e.p.PluginsService", "cluster.name": "tpotcluster", "node.name": "tpotcluster-node-01", "message": "loaded module [x-pack-rollup]" }
{"type": "server", "timestamp": "2022-03-30T08:31:19,619Z", "level": "INFO", "component": "o.e.p.PluginsService", "cluster.name": "tpotcluster", "node.name": "tpotcluster-node-01", "message": "loaded module [x-pack-security]" }
{"type": "server", "timestamp": "2022-03-30T08:31:19,619Z", "level": "INFO", "component": "o.e.p.PluginsService", "cluster.name": "tpotcluster", "node.name": "tpotcluster-node-01", "message": "loaded module [x-pack-shutdown]" }
{"type": "server", "timestamp": "2022-03-30T08:31:19,619Z", "level": "INFO", "component": "o.e.p.PluginsService", "cluster.name": "tpotcluster", "node.name": "tpotcluster-node-01", "message": "loaded module [x-pack-sql]" }
{"type": "server", "timestamp": "2022-03-30T08:31:19,620Z", "level": "INFO", "component": "o.e.p.PluginsService", "cluster.name": "tpotcluster", "node.name": "tpotcluster-node-01", "message": "loaded module [x-pack-stack]" }
{"type": "server", "timestamp": "2022-03-30T08:31:19,620Z", "level": "INFO", "component": "o.e.p.PluginsService", "cluster.name": "tpotcluster", "node.name": "tpotcluster-node-01", "message": "loaded module [x-pack-text-structure]" }
{"type": "server", "timestamp": "2022-03-30T08:31:19,621Z", "level": "INFO", "component": "o.e.p.PluginsService", "cluster.name": "tpotcluster", "node.name": "tpotcluster-node-01", "message": "loaded module [x-pack-voting-only-node]" }
{"type": "server", "timestamp": "2022-03-30T08:31:19,621Z", "level": "INFO", "component": "o.e.p.PluginsService", "cluster.name": "tpotcluster", "node.name": "tpotcluster-node-01", "message": "loaded module [x-pack-watcher]" }
{"type": "server", "timestamp": "2022-03-30T08:31:19,622Z", "level": "INFO", "component": "o.e.p.PluginsService", "cluster.name": "tpotcluster", "node.name": "tpotcluster-node-01", "message": "no plugins loaded" }
{"type": "server", "timestamp": "2022-03-30T08:31:19,708Z", "level": "INFO", "component": "o.e.e.NodeEnvironment", "cluster.name": "tpotcluster", "node.name": "tpotcluster-node-01", "message": "using [1] data paths, mounts [[/data (/dev/sda1)]], net usable_space [103.2gb], net total_space [125.8gb], types [ext4]" }
{"type": "server", "timestamp": "2022-03-30T08:31:19,709Z", "level": "INFO", "component": "o.e.e.NodeEnvironment", "cluster.name": "tpotcluster", "node.name": "tpotcluster-node-01", "message": "heap size [2gb], compressed ordinary object pointers [true]" }
{"type": "server", "timestamp": "2022-03-30T08:31:20,152Z", "level": "INFO", "component": "o.e.n.Node", "cluster.name": "tpotcluster", "node.name": "tpotcluster-node-01", "message": "node name [tpotcluster-node-01], node ID [t9hfPgy_RyC9LOJUxQUrSQ], cluster name [tpotcluster], roles [transform, data_frozen, master, remote_cluster_client, data, data_content, data_hot, data_warm, data_cold, ingest]" }
{"type": "server", "timestamp": "2022-03-30T08:31:34,887Z", "level": "INFO", "component": "o.e.i.g.ConfigDatabases", "cluster.name": "tpotcluster", "node.name": "tpotcluster-node-01", "message": "initialized default databases [[GeoLite2-Country.mmdb, GeoLite2-City.mmdb, GeoLite2-ASN.mmdb]], config databases [[]] and watching [/usr/share/elasticsearch/config/ingest-geoip] for changes" }
{"type": "server", "timestamp": "2022-03-30T08:31:34,895Z", "level": "INFO", "component": "o.e.i.g.DatabaseNodeService", "cluster.name": "tpotcluster", "node.name": "tpotcluster-node-01", "message": "deleting stale file [/tmp/geoip-databases/t9hfPgy_RyC9LOJUxQUrSQ/GeoLite2-City.mmdb_LICENSE.txt]" }
{"type": "server", "timestamp": "2022-03-30T08:31:34,897Z", "level": "INFO", "component": "o.e.i.g.DatabaseNodeService", "cluster.name": "tpotcluster", "node.name": "tpotcluster-node-01", "message": "deleting stale file [/tmp/geoip-databases/t9hfPgy_RyC9LOJUxQUrSQ/GeoLite2-City.mmdb]" }
{"type": "server", "timestamp": "2022-03-30T08:31:34,901Z", "level": "INFO", "component": "o.e.i.g.DatabaseNodeService", "cluster.name": "tpotcluster", "node.name": "tpotcluster-node-01", "message": "deleting stale file [/tmp/geoip-databases/t9hfPgy_RyC9LOJUxQUrSQ/GeoLite2-Country.mmdb_LICENSE.txt]" }
{"type": "server", "timestamp": "2022-03-30T08:31:34,902Z", "level": "INFO", "component": "o.e.i.g.DatabaseNodeService", "cluster.name": "tpotcluster", "node.name": "tpotcluster-node-01", "message": "deleting stale file [/tmp/geoip-databases/t9hfPgy_RyC9LOJUxQUrSQ/GeoLite2-Country.mmdb_elastic-geoip-database-service-agreement-LICENSE.txt]" }
{"type": "server", "timestamp": "2022-03-30T08:31:34,902Z", "level": "INFO", "component": "o.e.i.g.DatabaseNodeService", "cluster.name": "tpotcluster", "node.name": "tpotcluster-node-01", "message": "deleting stale file [/tmp/geoip-databases/t9hfPgy_RyC9LOJUxQUrSQ/GeoLite2-ASN.mmdb_COPYRIGHT.txt]" }
{"type": "server", "timestamp": "2022-03-30T08:31:34,904Z", "level": "INFO", "component": "o.e.i.g.DatabaseNodeService", "cluster.name": "tpotcluster", "node.name": "tpotcluster-node-01", "message": "deleting stale file [/tmp/geoip-databases/t9hfPgy_RyC9LOJUxQUrSQ/GeoLite2-City.mmdb_COPYRIGHT.txt]" }
{"type": "server", "timestamp": "2022-03-30T08:31:34,905Z", "level": "INFO", "component": "o.e.i.g.DatabaseNodeService", "cluster.name": "tpotcluster", "node.name": "tpotcluster-node-01", "message": "deleting stale file [/tmp/geoip-databases/t9hfPgy_RyC9LOJUxQUrSQ/GeoLite2-ASN.mmdb_elastic-geoip-database-service-agreement-LICENSE.txt]" }
{"type": "server", "timestamp": "2022-03-30T08:31:34,906Z", "level": "INFO", "component": "o.e.i.g.DatabaseNodeService", "cluster.name": "tpotcluster", "node.name": "tpotcluster-node-01", "message": "deleting stale file [/tmp/geoip-databases/t9hfPgy_RyC9LOJUxQUrSQ/GeoLite2-City.mmdb_README.txt]" }
{"type": "server", "timestamp": "2022-03-30T08:31:34,908Z", "level": "INFO", "component": "o.e.i.g.DatabaseNodeService", "cluster.name": "tpotcluster", "node.name": "tpotcluster-node-01", "message": "deleting stale file [/tmp/geoip-databases/t9hfPgy_RyC9LOJUxQUrSQ/GeoLite2-Country.mmdb_COPYRIGHT.txt]" }
{"type": "server", "timestamp": "2022-03-30T08:31:34,909Z", "level": "INFO", "component": "o.e.i.g.DatabaseNodeService", "cluster.name": "tpotcluster", "node.name": "tpotcluster-node-01", "message": "deleting stale file [/tmp/geoip-databases/t9hfPgy_RyC9LOJUxQUrSQ/GeoLite2-ASN.mmdb_LICENSE.txt]" }
{"type": "server", "timestamp": "2022-03-30T08:31:34,910Z", "level": "INFO", "component": "o.e.i.g.DatabaseNodeService", "cluster.name": "tpotcluster", "node.name": "tpotcluster-node-01", "message": "deleting stale file [/tmp/geoip-databases/t9hfPgy_RyC9LOJUxQUrSQ/GeoLite2-Country.mmdb]" }
{"type": "server", "timestamp": "2022-03-30T08:31:34,911Z", "level": "INFO", "component": "o.e.i.g.DatabaseNodeService", "cluster.name": "tpotcluster", "node.name": "tpotcluster-node-01", "message": "deleting stale file [/tmp/geoip-databases/t9hfPgy_RyC9LOJUxQUrSQ/GeoLite2-ASN.mmdb]" }
{"type": "server", "timestamp": "2022-03-30T08:31:34,912Z", "level": "INFO", "component": "o.e.i.g.DatabaseNodeService", "cluster.name": "tpotcluster", "node.name": "tpotcluster-node-01", "message": "deleting stale file [/tmp/geoip-databases/t9hfPgy_RyC9LOJUxQUrSQ/GeoLite2-City.mmdb_elastic-geoip-database-service-agreement-LICENSE.txt]" }
{"type": "server", "timestamp": "2022-03-30T08:31:34,913Z", "level": "INFO", "component": "o.e.i.g.DatabaseNodeService", "cluster.name": "tpotcluster", "node.name": "tpotcluster-node-01", "message": "initialized database registry, using geoip-databases directory [/tmp/geoip-databases/t9hfPgy_RyC9LOJUxQUrSQ]" }
{"type": "server", "timestamp": "2022-03-30T08:31:36,464Z", "level": "INFO", "component": "o.e.t.NettyAllocator", "cluster.name": "tpotcluster", "node.name": "tpotcluster-node-01", "message": "creating NettyAllocator with the following configs: [name=elasticsearch_configured, chunk_size=1mb, suggested_max_allocation_size=1mb, factors={es.unsafe.use_netty_default_chunk_and_page_size=false, g1gc_enabled=true, g1gc_region_size=4mb}]" }
{"type": "server", "timestamp": "2022-03-30T08:31:36,654Z", "level": "INFO", "component": "o.e.d.DiscoveryModule", "cluster.name": "tpotcluster", "node.name": "tpotcluster-node-01", "message": "using discovery type [single-node] and seed hosts providers [settings]" }
{"type": "server", "timestamp": "2022-03-30T08:31:38,395Z", "level": "INFO", "component": "o.e.g.DanglingIndicesState", "cluster.name": "tpotcluster", "node.name": "tpotcluster-node-01", "message": "gateway.auto_import_dangling_indices is disabled, dangling indices will not be automatically detected or imported and must be managed manually" }
{"type": "server", "timestamp": "2022-03-30T08:31:40,180Z", "level": "INFO", "component": "o.e.n.Node", "cluster.name": "tpotcluster", "node.name": "tpotcluster-node-01", "message": "initialized" }
{"type": "server", "timestamp": "2022-03-30T08:31:40,189Z", "level": "INFO", "component": "o.e.n.Node", "cluster.name": "tpotcluster", "node.name": "tpotcluster-node-01", "message": "starting ..." }
{"type": "server", "timestamp": "2022-03-30T08:31:40,295Z", "level": "INFO", "component": "o.e.x.s.c.f.PersistentCache", "cluster.name": "tpotcluster", "node.name": "tpotcluster-node-01", "message": "persistent cache index loaded" }
{"type": "server", "timestamp": "2022-03-30T08:31:40,300Z", "level": "INFO", "component": "o.e.x.d.l.DeprecationIndexingComponent", "cluster.name": "tpotcluster", "node.name": "tpotcluster-node-01", "message": "deprecation component started" }
{"type": "server", "timestamp": "2022-03-30T08:31:40,639Z", "level": "INFO", "component": "o.e.t.TransportService", "cluster.name": "tpotcluster", "node.name": "tpotcluster-node-01", "message": "publish_address {127.0.0.1:9300}, bound_addresses {127.0.0.1:9300}" }
{"type": "server", "timestamp": "2022-03-30T08:31:43,109Z", "level": "INFO", "component": "o.e.c.c.Coordinator", "cluster.name": "tpotcluster", "node.name": "tpotcluster-node-01", "message": "cluster UUID [Qbw2pof0QzSXC1OvK0aFSw]" }
{"type": "server", "timestamp": "2022-03-30T08:31:43,350Z", "level": "INFO", "component": "o.e.c.s.MasterService", "cluster.name": "tpotcluster", "node.name": "tpotcluster-node-01", "message": "elected-as-master ([1] nodes joined)[{tpotcluster-node-01}{t9hfPgy_RyC9LOJUxQUrSQ}{8Pf3KMDUTA-crMUl6b7yUA}{127.0.0.1}{127.0.0.1:9300}{cdfhimrstw} elect leader, _BECOME_MASTER_TASK_, _FINISH_ELECTION_], term: 160, version: 4615, delta: master node changed {previous [], current [{tpotcluster-node-01}{t9hfPgy_RyC9LOJUxQUrSQ}{8Pf3KMDUTA-crMUl6b7yUA}{127.0.0.1}{127.0.0.1:9300}{cdfhimrstw}]}" }
{"type": "server", "timestamp": "2022-03-30T08:31:43,532Z", "level": "INFO", "component": "o.e.c.s.ClusterApplierService", "cluster.name": "tpotcluster", "node.name": "tpotcluster-node-01", "message": "master node changed {previous [], current [{tpotcluster-node-01}{t9hfPgy_RyC9LOJUxQUrSQ}{8Pf3KMDUTA-crMUl6b7yUA}{127.0.0.1}{127.0.0.1:9300}{cdfhimrstw}]}, term: 160, version: 4615, reason: Publication{term=160, version=4615}" }
{"type": "server", "timestamp": "2022-03-30T08:31:43,685Z", "level": "INFO", "component": "o.e.h.AbstractHttpServerTransport", "cluster.name": "tpotcluster", "node.name": "tpotcluster-node-01", "message": "publish_address {192.168.48.2:9200}, bound_addresses {0.0.0.0:9200}", "cluster.uuid": "Qbw2pof0QzSXC1OvK0aFSw", "node.id": "t9hfPgy_RyC9LOJUxQUrSQ"  }
{"type": "server", "timestamp": "2022-03-30T08:31:43,686Z", "level": "INFO", "component": "o.e.n.Node", "cluster.name": "tpotcluster", "node.name": "tpotcluster-node-01", "message": "started", "cluster.uuid": "Qbw2pof0QzSXC1OvK0aFSw", "node.id": "t9hfPgy_RyC9LOJUxQUrSQ"  }
{"type": "server", "timestamp": "2022-03-30T08:31:45,211Z", "level": "INFO", "component": "o.e.l.LicenseService", "cluster.name": "tpotcluster", "node.name": "tpotcluster-node-01", "message": "license [06f03395-4097-4495-8e63-b3dc92f4de14] mode [basic] - valid", "cluster.uuid": "Qbw2pof0QzSXC1OvK0aFSw", "node.id": "t9hfPgy_RyC9LOJUxQUrSQ"  }
{"type": "server", "timestamp": "2022-03-30T08:31:45,228Z", "level": "INFO", "component": "o.e.g.GatewayService", "cluster.name": "tpotcluster", "node.name": "tpotcluster-node-01", "message": "recovered [33] indices into cluster_state", "cluster.uuid": "Qbw2pof0QzSXC1OvK0aFSw", "node.id": "t9hfPgy_RyC9LOJUxQUrSQ"  }
{"type": "server", "timestamp": "2022-03-30T08:31:57,061Z", "level": "INFO", "component": "o.e.i.g.GeoIpDownloader", "cluster.name": "tpotcluster", "node.name": "tpotcluster-node-01", "message": "updating geoip databases", "cluster.uuid": "Qbw2pof0QzSXC1OvK0aFSw", "node.id": "t9hfPgy_RyC9LOJUxQUrSQ"  }
{"type": "server", "timestamp": "2022-03-30T08:31:57,173Z", "level": "INFO", "component": "o.e.i.g.GeoIpDownloader", "cluster.name": "tpotcluster", "node.name": "tpotcluster-node-01", "message": "fetching geoip databases overview from [https://geoip.elastic.co/v1/database?elastic_geoip_service_tos=agree]", "cluster.uuid": "Qbw2pof0QzSXC1OvK0aFSw", "node.id": "t9hfPgy_RyC9LOJUxQUrSQ"  }
{"type": "server", "timestamp": "2022-03-30T08:35:34,960Z", "level": "WARN", "component": "o.e.t.ThreadPool", "cluster.name": "tpotcluster", "node.name": "tpotcluster-node-01", "message": "timer thread slept for [5s/5082ms] on absolute clock which is above the warn threshold of [5000ms]", "cluster.uuid": "Qbw2pof0QzSXC1OvK0aFSw", "node.id": "t9hfPgy_RyC9LOJUxQUrSQ"  }
{"type": "server", "timestamp": "2022-03-30T08:36:43,897Z", "level": "WARN", "component": "o.e.t.ThreadPool", "cluster.name": "tpotcluster", "node.name": "tpotcluster-node-01", "message": "timer thread slept for [5s/5081762792ns] on relative clock which is above the warn threshold of [5000ms]", "cluster.uuid": "Qbw2pof0QzSXC1OvK0aFSw", "node.id": "t9hfPgy_RyC9LOJUxQUrSQ"  }
{"type": "server", "timestamp": "2022-03-30T08:37:16,461Z", "level": "WARN", "component": "o.e.t.ThreadPool", "cluster.name": "tpotcluster", "node.name": "tpotcluster-node-01", "message": "timer thread slept for [4.2m/254198ms] on absolute clock which is above the warn threshold of [5000ms]", "cluster.uuid": "Qbw2pof0QzSXC1OvK0aFSw", "node.id": "t9hfPgy_RyC9LOJUxQUrSQ"  }
{"type": "server", "timestamp": "2022-03-30T08:38:13,194Z", "level": "WARN", "component": "o.e.t.ThreadPool", "cluster.name": "tpotcluster", "node.name": "tpotcluster-node-01", "message": "timer thread slept for [4.2m/254197436208ns] on relative clock which is above the warn threshold of [5000ms]", "cluster.uuid": "Qbw2pof0QzSXC1OvK0aFSw", "node.id": "t9hfPgy_RyC9LOJUxQUrSQ"  }
{"type": "server", "timestamp": "2022-03-30T08:38:54,759Z", "level": "WARN", "component": "o.e.t.ThreadPool", "cluster.name": "tpotcluster", "node.name": "tpotcluster-node-01", "message": "timer thread slept for [1.6m/101302ms] on absolute clock which is above the warn threshold of [5000ms]", "cluster.uuid": "Qbw2pof0QzSXC1OvK0aFSw", "node.id": "t9hfPgy_RyC9LOJUxQUrSQ"  }
{"type": "server", "timestamp": "2022-03-30T08:39:28,009Z", "level": "WARN", "component": "o.e.t.ThreadPool", "cluster.name": "tpotcluster", "node.name": "tpotcluster-node-01", "message": "timer thread slept for [1.6m/101302286508ns] on relative clock which is above the warn threshold of [5000ms]", "cluster.uuid": "Qbw2pof0QzSXC1OvK0aFSw", "node.id": "t9hfPgy_RyC9LOJUxQUrSQ"  }
{"type": "server", "timestamp": "2022-03-30T08:39:39,167Z", "level": "WARN", "component": "o.e.t.ThreadPool", "cluster.name": "tpotcluster", "node.name": "tpotcluster-node-01", "message": "timer thread slept for [46.2s/46290ms] on absolute clock which is above the warn threshold of [5000ms]", "cluster.uuid": "Qbw2pof0QzSXC1OvK0aFSw", "node.id": "t9hfPgy_RyC9LOJUxQUrSQ"  }
{"type": "server", "timestamp": "2022-03-30T08:39:47,719Z", "level": "WARN", "component": "o.e.t.ThreadPool", "cluster.name": "tpotcluster", "node.name": "tpotcluster-node-01", "message": "timer thread slept for [46.2s/46290528776ns] on relative clock which is above the warn threshold of [5000ms]", "cluster.uuid": "Qbw2pof0QzSXC1OvK0aFSw", "node.id": "t9hfPgy_RyC9LOJUxQUrSQ"  }
{"type": "server", "timestamp": "2022-03-30T08:39:56,666Z", "level": "WARN", "component": "o.e.t.ThreadPool", "cluster.name": "tpotcluster", "node.name": "tpotcluster-node-01", "message": "timer thread slept for [17.6s/17617ms] on absolute clock which is above the warn threshold of [5000ms]", "cluster.uuid": "Qbw2pof0QzSXC1OvK0aFSw", "node.id": "t9hfPgy_RyC9LOJUxQUrSQ"  }
{"type": "server", "timestamp": "2022-03-30T08:40:12,798Z", "level": "WARN", "component": "o.e.t.ThreadPool", "cluster.name": "tpotcluster", "node.name": "tpotcluster-node-01", "message": "timer thread slept for [17.6s/17616411153ns] on relative clock which is above the warn threshold of [5000ms]", "cluster.uuid": "Qbw2pof0QzSXC1OvK0aFSw", "node.id": "t9hfPgy_RyC9LOJUxQUrSQ"  }
{"type": "server", "timestamp": "2022-03-30T08:40:29,240Z", "level": "WARN", "component": "o.e.t.ThreadPool", "cluster.name": "tpotcluster", "node.name": "tpotcluster-node-01", "message": "timer thread slept for [31.9s/31936ms] on absolute clock which is above the warn threshold of [5000ms]", "cluster.uuid": "Qbw2pof0QzSXC1OvK0aFSw", "node.id": "t9hfPgy_RyC9LOJUxQUrSQ"  }
{"type": "server", "timestamp": "2022-03-30T08:40:47,224Z", "level": "WARN", "component": "o.e.t.ThreadPool", "cluster.name": "tpotcluster", "node.name": "tpotcluster-node-01", "message": "timer thread slept for [31.9s/31936619592ns] on relative clock which is above the warn threshold of [5000ms]", "cluster.uuid": "Qbw2pof0QzSXC1OvK0aFSw", "node.id": "t9hfPgy_RyC9LOJUxQUrSQ"  }
{"type": "server", "timestamp": "2022-03-30T08:41:03,394Z", "level": "WARN", "component": "o.e.t.ThreadPool", "cluster.name": "tpotcluster", "node.name": "tpotcluster-node-01", "message": "timer thread slept for [33.1s/33109ms] on absolute clock which is above the warn threshold of [5000ms]", "cluster.uuid": "Qbw2pof0QzSXC1OvK0aFSw", "node.id": "t9hfPgy_RyC9LOJUxQUrSQ"  }
{"type": "server", "timestamp": "2022-03-30T08:41:18,319Z", "level": "WARN", "component": "o.e.t.ThreadPool", "cluster.name": "tpotcluster", "node.name": "tpotcluster-node-01", "message": "timer thread slept for [33.1s/33108325027ns] on relative clock which is above the warn threshold of [5000ms]", "cluster.uuid": "Qbw2pof0QzSXC1OvK0aFSw", "node.id": "t9hfPgy_RyC9LOJUxQUrSQ"  }
{"type": "server", "timestamp": "2022-03-30T08:41:34,751Z", "level": "WARN", "component": "o.e.t.ThreadPool", "cluster.name": "tpotcluster", "node.name": "tpotcluster-node-01", "message": "timer thread slept for [31.9s/31917ms] on absolute clock which is above the warn threshold of [5000ms]", "cluster.uuid": "Qbw2pof0QzSXC1OvK0aFSw", "node.id": "t9hfPgy_RyC9LOJUxQUrSQ"  }
{"type": "server", "timestamp": "2022-03-30T08:41:48,752Z", "level": "WARN", "component": "o.e.t.ThreadPool", "cluster.name": "tpotcluster", "node.name": "tpotcluster-node-01", "message": "timer thread slept for [31.9s/31916862286ns] on relative clock which is above the warn threshold of [5000ms]", "cluster.uuid": "Qbw2pof0QzSXC1OvK0aFSw", "node.id": "t9hfPgy_RyC9LOJUxQUrSQ"  }
{"type": "server", "timestamp": "2022-03-30T08:41:58,609Z", "level": "WARN", "component": "o.e.t.ThreadPool", "cluster.name": "tpotcluster", "node.name": "tpotcluster-node-01", "message": "timer thread slept for [25.1s/25154ms] on absolute clock which is above the warn threshold of [5000ms]", "cluster.uuid": "Qbw2pof0QzSXC1OvK0aFSw", "node.id": "t9hfPgy_RyC9LOJUxQUrSQ"  }
{"type": "server", "timestamp": "2022-03-30T08:42:11,126Z", "level": "WARN", "component": "o.e.t.ThreadPool", "cluster.name": "tpotcluster", "node.name": "tpotcluster-node-01", "message": "timer thread slept for [25.1s/25154088297ns] on relative clock which is above the warn threshold of [5000ms]", "cluster.uuid": "Qbw2pof0QzSXC1OvK0aFSw", "node.id": "t9hfPgy_RyC9LOJUxQUrSQ"  }
{"type": "server", "timestamp": "2022-03-30T08:42:20,012Z", "level": "WARN", "component": "o.e.t.ThreadPool", "cluster.name": "tpotcluster", "node.name": "tpotcluster-node-01", "message": "timer thread slept for [21.5s/21537ms] on absolute clock which is above the warn threshold of [5000ms]", "cluster.uuid": "Qbw2pof0QzSXC1OvK0aFSw", "node.id": "t9hfPgy_RyC9LOJUxQUrSQ"  }
{"type": "server", "timestamp": "2022-03-30T08:42:30,431Z", "level": "WARN", "component": "o.e.t.ThreadPool", "cluster.name": "tpotcluster", "node.name": "tpotcluster-node-01", "message": "timer thread slept for [21.5s/21537115914ns] on relative clock which is above the warn threshold of [5000ms]", "cluster.uuid": "Qbw2pof0QzSXC1OvK0aFSw", "node.id": "t9hfPgy_RyC9LOJUxQUrSQ"  }
{"type": "server", "timestamp": "2022-03-30T08:42:41,464Z", "level": "WARN", "component": "o.e.t.ThreadPool", "cluster.name": "tpotcluster", "node.name": "tpotcluster-node-01", "message": "timer thread slept for [20s/20046ms] on absolute clock which is above the warn threshold of [5000ms]", "cluster.uuid": "Qbw2pof0QzSXC1OvK0aFSw", "node.id": "t9hfPgy_RyC9LOJUxQUrSQ"  }
{"type": "server", "timestamp": "2022-03-30T08:42:49,904Z", "level": "WARN", "component": "o.e.t.ThreadPool", "cluster.name": "tpotcluster", "node.name": "tpotcluster-node-01", "message": "timer thread slept for [20s/20046210868ns] on relative clock which is above the warn threshold of [5000ms]", "cluster.uuid": "Qbw2pof0QzSXC1OvK0aFSw", "node.id": "t9hfPgy_RyC9LOJUxQUrSQ"  }
{"type": "server", "timestamp": "2022-03-30T08:43:01,276Z", "level": "WARN", "component": "o.e.t.ThreadPool", "cluster.name": "tpotcluster", "node.name": "tpotcluster-node-01", "message": "timer thread slept for [20.1s/20149ms] on absolute clock which is above the warn threshold of [5000ms]", "cluster.uuid": "Qbw2pof0QzSXC1OvK0aFSw", "node.id": "t9hfPgy_RyC9LOJUxQUrSQ"  }
{"type": "server", "timestamp": "2022-03-30T08:43:09,787Z", "level": "WARN", "component": "o.e.t.ThreadPool", "cluster.name": "tpotcluster", "node.name": "tpotcluster-node-01", "message": "timer thread slept for [20.1s/20149324416ns] on relative clock which is above the warn threshold of [5000ms]", "cluster.uuid": "Qbw2pof0QzSXC1OvK0aFSw", "node.id": "t9hfPgy_RyC9LOJUxQUrSQ"  }
{"type": "server", "timestamp": "2022-03-30T08:43:17,349Z", "level": "WARN", "component": "o.e.t.ThreadPool", "cluster.name": "tpotcluster", "node.name": "tpotcluster-node-01", "message": "timer thread slept for [17.1s/17101ms] on absolute clock which is above the warn threshold of [5000ms]", "cluster.uuid": "Qbw2pof0QzSXC1OvK0aFSw", "node.id": "t9hfPgy_RyC9LOJUxQUrSQ"  }
{"type": "server", "timestamp": "2022-03-30T08:43:25,589Z", "level": "WARN", "component": "o.e.t.ThreadPool", "cluster.name": "tpotcluster", "node.name": "tpotcluster-node-01", "message": "timer thread slept for [17.1s/17101151404ns] on relative clock which is above the warn threshold of [5000ms]", "cluster.uuid": "Qbw2pof0QzSXC1OvK0aFSw", "node.id": "t9hfPgy_RyC9LOJUxQUrSQ"  }
{"type": "server", "timestamp": "2022-03-30T08:43:36,873Z", "level": "WARN", "component": "o.e.t.ThreadPool", "cluster.name": "tpotcluster", "node.name": "tpotcluster-node-01", "message": "timer thread slept for [18.9s/18911ms] on absolute clock which is above the warn threshold of [5000ms]", "cluster.uuid": "Qbw2pof0QzSXC1OvK0aFSw", "node.id": "t9hfPgy_RyC9LOJUxQUrSQ"  }
{"type": "server", "timestamp": "2022-03-30T08:43:46,677Z", "level": "WARN", "component": "o.e.t.ThreadPool", "cluster.name": "tpotcluster", "node.name": "tpotcluster-node-01", "message": "timer thread slept for [18.9s/18910623880ns] on relative clock which is above the warn threshold of [5000ms]", "cluster.uuid": "Qbw2pof0QzSXC1OvK0aFSw", "node.id": "t9hfPgy_RyC9LOJUxQUrSQ"  }
{"type": "server", "timestamp": "2022-03-30T08:43:56,359Z", "level": "WARN", "component": "o.e.t.ThreadPool", "cluster.name": "tpotcluster", "node.name": "tpotcluster-node-01", "message": "timer thread slept for [19.7s/19721ms] on absolute clock which is above the warn threshold of [5000ms]", "cluster.uuid": "Qbw2pof0QzSXC1OvK0aFSw", "node.id": "t9hfPgy_RyC9LOJUxQUrSQ"  }
{"type": "server", "timestamp": "2022-03-30T08:44:06,552Z", "level": "WARN", "component": "o.e.t.ThreadPool", "cluster.name": "tpotcluster", "node.name": "tpotcluster-node-01", "message": "timer thread slept for [19.7s/19720529953ns] on relative clock which is above the warn threshold of [5000ms]", "cluster.uuid": "Qbw2pof0QzSXC1OvK0aFSw", "node.id": "t9hfPgy_RyC9LOJUxQUrSQ"  }
{"type": "server", "timestamp": "2022-03-30T08:44:16,399Z", "level": "WARN", "component": "o.e.t.ThreadPool", "cluster.name": "tpotcluster", "node.name": "tpotcluster-node-01", "message": "timer thread slept for [19.5s/19596ms] on absolute clock which is above the warn threshold of [5000ms]", "cluster.uuid": "Qbw2pof0QzSXC1OvK0aFSw", "node.id": "t9hfPgy_RyC9LOJUxQUrSQ"  }
{"type": "server", "timestamp": "2022-03-30T08:44:32,119Z", "level": "WARN", "component": "o.e.t.ThreadPool", "cluster.name": "tpotcluster", "node.name": "tpotcluster-node-01", "message": "timer thread slept for [19.5s/19596383933ns] on relative clock which is above the warn threshold of [5000ms]", "cluster.uuid": "Qbw2pof0QzSXC1OvK0aFSw", "node.id": "t9hfPgy_RyC9LOJUxQUrSQ"  }
{"type": "server", "timestamp": "2022-03-30T08:44:43,865Z", "level": "WARN", "component": "o.e.t.ThreadPool", "cluster.name": "tpotcluster", "node.name": "tpotcluster-node-01", "message": "timer thread slept for [27.8s/27802ms] on absolute clock which is above the warn threshold of [5000ms]", "cluster.uuid": "Qbw2pof0QzSXC1OvK0aFSw", "node.id": "t9hfPgy_RyC9LOJUxQUrSQ"  }
{"type": "server", "timestamp": "2022-03-30T08:44:54,277Z", "level": "WARN", "component": "o.e.t.ThreadPool", "cluster.name": "tpotcluster", "node.name": "tpotcluster-node-01", "message": "timer thread slept for [27.8s/27802372324ns] on relative clock which is above the warn threshold of [5000ms]", "cluster.uuid": "Qbw2pof0QzSXC1OvK0aFSw", "node.id": "t9hfPgy_RyC9LOJUxQUrSQ"  }
{"type": "server", "timestamp": "2022-03-30T08:45:02,544Z", "level": "WARN", "component": "o.e.t.ThreadPool", "cluster.name": "tpotcluster", "node.name": "tpotcluster-node-01", "message": "timer thread slept for [19.4s/19458ms] on absolute clock which is above the warn threshold of [5000ms]", "cluster.uuid": "Qbw2pof0QzSXC1OvK0aFSw", "node.id": "t9hfPgy_RyC9LOJUxQUrSQ"  }
{"type": "server", "timestamp": "2022-03-30T08:45:08,313Z", "level": "WARN", "component": "o.e.t.ThreadPool", "cluster.name": "tpotcluster", "node.name": "tpotcluster-node-01", "message": "timer thread slept for [19.4s/19457866302ns] on relative clock which is above the warn threshold of [5000ms]", "cluster.uuid": "Qbw2pof0QzSXC1OvK0aFSw", "node.id": "t9hfPgy_RyC9LOJUxQUrSQ"  }
{"type": "server", "timestamp": "2022-03-30T08:45:12,668Z", "level": "WARN", "component": "o.e.t.ThreadPool", "cluster.name": "tpotcluster", "node.name": "tpotcluster-node-01", "message": "timer thread slept for [10.4s/10418ms] on absolute clock which is above the warn threshold of [5000ms]", "cluster.uuid": "Qbw2pof0QzSXC1OvK0aFSw", "node.id": "t9hfPgy_RyC9LOJUxQUrSQ"  }
{"type": "server", "timestamp": "2022-03-30T08:45:17,458Z", "level": "WARN", "component": "o.e.t.ThreadPool", "cluster.name": "tpotcluster", "node.name": "tpotcluster-node-01", "message": "timer thread slept for [10.4s/10418184388ns] on relative clock which is above the warn threshold of [5000ms]", "cluster.uuid": "Qbw2pof0QzSXC1OvK0aFSw", "node.id": "t9hfPgy_RyC9LOJUxQUrSQ"  }
{"type": "server", "timestamp": "2022-03-30T08:45:22,817Z", "level": "WARN", "component": "o.e.t.ThreadPool", "cluster.name": "tpotcluster", "node.name": "tpotcluster-node-01", "message": "timer thread slept for [9.5s/9562ms] on absolute clock which is above the warn threshold of [5000ms]", "cluster.uuid": "Qbw2pof0QzSXC1OvK0aFSw", "node.id": "t9hfPgy_RyC9LOJUxQUrSQ"  }
{"type": "server", "timestamp": "2022-03-30T08:45:28,096Z", "level": "WARN", "component": "o.e.t.ThreadPool", "cluster.name": "tpotcluster", "node.name": "tpotcluster-node-01", "message": "timer thread slept for [9.5s/9561242051ns] on relative clock which is above the warn threshold of [5000ms]", "cluster.uuid": "Qbw2pof0QzSXC1OvK0aFSw", "node.id": "t9hfPgy_RyC9LOJUxQUrSQ"  }
{"type": "server", "timestamp": "2022-03-30T08:45:32,703Z", "level": "WARN", "component": "o.e.t.ThreadPool", "cluster.name": "tpotcluster", "node.name": "tpotcluster-node-01", "message": "timer thread slept for [10.3s/10378ms] on absolute clock which is above the warn threshold of [5000ms]", "cluster.uuid": "Qbw2pof0QzSXC1OvK0aFSw", "node.id": "t9hfPgy_RyC9LOJUxQUrSQ"  }
{"type": "server", "timestamp": "2022-03-30T08:45:35,881Z", "level": "WARN", "component": "o.e.t.ThreadPool", "cluster.name": "tpotcluster", "node.name": "tpotcluster-node-01", "message": "timer thread slept for [10.3s/10377899577ns] on relative clock which is above the warn threshold of [5000ms]", "cluster.uuid": "Qbw2pof0QzSXC1OvK0aFSw", "node.id": "t9hfPgy_RyC9LOJUxQUrSQ"  }
{"type": "server", "timestamp": "2022-03-30T08:45:40,832Z", "level": "WARN", "component": "o.e.t.ThreadPool", "cluster.name": "tpotcluster", "node.name": "tpotcluster-node-01", "message": "timer thread slept for [8s/8082ms] on absolute clock which is above the warn threshold of [5000ms]", "cluster.uuid": "Qbw2pof0QzSXC1OvK0aFSw", "node.id": "t9hfPgy_RyC9LOJUxQUrSQ"  }
{"type": "server", "timestamp": "2022-03-30T08:45:46,030Z", "level": "WARN", "component": "o.e.t.ThreadPool", "cluster.name": "tpotcluster", "node.name": "tpotcluster-node-01", "message": "timer thread slept for [8s/8082197251ns] on relative clock which is above the warn threshold of [5000ms]", "cluster.uuid": "Qbw2pof0QzSXC1OvK0aFSw", "node.id": "t9hfPgy_RyC9LOJUxQUrSQ"  }
{"type": "server", "timestamp": "2022-03-30T08:45:54,319Z", "level": "WARN", "component": "o.e.t.ThreadPool", "cluster.name": "tpotcluster", "node.name": "tpotcluster-node-01", "message": "timer thread slept for [12.8s/12817ms] on absolute clock which is above the warn threshold of [5000ms]", "cluster.uuid": "Qbw2pof0QzSXC1OvK0aFSw", "node.id": "t9hfPgy_RyC9LOJUxQUrSQ"  }
{"type": "server", "timestamp": "2022-03-30T08:46:04,326Z", "level": "WARN", "component": "o.e.t.ThreadPool", "cluster.name": "tpotcluster", "node.name": "tpotcluster-node-01", "message": "timer thread slept for [12.8s/12817159228ns] on relative clock which is above the warn threshold of [5000ms]", "cluster.uuid": "Qbw2pof0QzSXC1OvK0aFSw", "node.id": "t9hfPgy_RyC9LOJUxQUrSQ"  }
{"type": "server", "timestamp": "2022-03-30T08:46:15,527Z", "level": "WARN", "component": "o.e.t.ThreadPool", "cluster.name": "tpotcluster", "node.name": "tpotcluster-node-01", "message": "timer thread slept for [21s/21072ms] on absolute clock which is above the warn threshold of [5000ms]", "cluster.uuid": "Qbw2pof0QzSXC1OvK0aFSw", "node.id": "t9hfPgy_RyC9LOJUxQUrSQ"  }
{"type": "server", "timestamp": "2022-03-30T08:46:25,749Z", "level": "WARN", "component": "o.e.t.ThreadPool", "cluster.name": "tpotcluster", "node.name": "tpotcluster-node-01", "message": "timer thread slept for [21s/21071703610ns] on relative clock which is above the warn threshold of [5000ms]", "cluster.uuid": "Qbw2pof0QzSXC1OvK0aFSw", "node.id": "t9hfPgy_RyC9LOJUxQUrSQ"  }
{"type": "server", "timestamp": "2022-03-30T08:46:37,922Z", "level": "WARN", "component": "o.e.t.ThreadPool", "cluster.name": "tpotcluster", "node.name": "tpotcluster-node-01", "message": "timer thread slept for [21.7s/21786ms] on absolute clock which is above the warn threshold of [5000ms]", "cluster.uuid": "Qbw2pof0QzSXC1OvK0aFSw", "node.id": "t9hfPgy_RyC9LOJUxQUrSQ"  }
{"type": "server", "timestamp": "2022-03-30T08:46:46,360Z", "level": "WARN", "component": "o.e.t.ThreadPool", "cluster.name": "tpotcluster", "node.name": "tpotcluster-node-01", "message": "timer thread slept for [21.7s/21786661941ns] on relative clock which is above the warn threshold of [5000ms]", "cluster.uuid": "Qbw2pof0QzSXC1OvK0aFSw", "node.id": "t9hfPgy_RyC9LOJUxQUrSQ"  }
{"type": "server", "timestamp": "2022-03-30T08:46:56,372Z", "level": "WARN", "component": "o.e.t.ThreadPool", "cluster.name": "tpotcluster", "node.name": "tpotcluster-node-01", "message": "timer thread slept for [18.5s/18502ms] on absolute clock which is above the warn threshold of [5000ms]", "cluster.uuid": "Qbw2pof0QzSXC1OvK0aFSw", "node.id": "t9hfPgy_RyC9LOJUxQUrSQ"  }
{"type": "server", "timestamp": "2022-03-30T08:47:06,544Z", "level": "WARN", "component": "o.e.t.ThreadPool", "cluster.name": "tpotcluster", "node.name": "tpotcluster-node-01", "message": "timer thread slept for [18.5s/18501931662ns] on relative clock which is above the warn threshold of [5000ms]", "cluster.uuid": "Qbw2pof0QzSXC1OvK0aFSw", "node.id": "t9hfPgy_RyC9LOJUxQUrSQ"  }
{"type": "server", "timestamp": "2022-03-30T08:47:18,208Z", "level": "WARN", "component": "o.e.t.ThreadPool", "cluster.name": "tpotcluster", "node.name": "tpotcluster-node-01", "message": "timer thread slept for [22.6s/22658ms] on absolute clock which is above the warn threshold of [5000ms]", "cluster.uuid": "Qbw2pof0QzSXC1OvK0aFSw", "node.id": "t9hfPgy_RyC9LOJUxQUrSQ"  }
{"type": "server", "timestamp": "2022-03-30T08:47:27,797Z", "level": "WARN", "component": "o.e.t.ThreadPool", "cluster.name": "tpotcluster", "node.name": "tpotcluster-node-01", "message": "timer thread slept for [22.6s/22657456391ns] on relative clock which is above the warn threshold of [5000ms]", "cluster.uuid": "Qbw2pof0QzSXC1OvK0aFSw", "node.id": "t9hfPgy_RyC9LOJUxQUrSQ"  }
{"type": "server", "timestamp": "2022-03-30T08:47:39,806Z", "level": "WARN", "component": "o.e.t.ThreadPool", "cluster.name": "tpotcluster", "node.name": "tpotcluster-node-01", "message": "timer thread slept for [20.6s/20623ms] on absolute clock which is above the warn threshold of [5000ms]", "cluster.uuid": "Qbw2pof0QzSXC1OvK0aFSw", "node.id": "t9hfPgy_RyC9LOJUxQUrSQ"  }
{"type": "server", "timestamp": "2022-03-30T08:47:49,405Z", "level": "WARN", "component": "o.e.t.ThreadPool", "cluster.name": "tpotcluster", "node.name": "tpotcluster-node-01", "message": "timer thread slept for [20.6s/20623169780ns] on relative clock which is above the warn threshold of [5000ms]", "cluster.uuid": "Qbw2pof0QzSXC1OvK0aFSw", "node.id": "t9hfPgy_RyC9LOJUxQUrSQ"  }
{"type": "server", "timestamp": "2022-03-30T08:47:58,960Z", "level": "WARN", "component": "o.e.t.ThreadPool", "cluster.name": "tpotcluster", "node.name": "tpotcluster-node-01", "message": "timer thread slept for [20.4s/20450ms] on absolute clock which is above the warn threshold of [5000ms]", "cluster.uuid": "Qbw2pof0QzSXC1OvK0aFSw", "node.id": "t9hfPgy_RyC9LOJUxQUrSQ"  }
{"type": "server", "timestamp": "2022-03-30T08:48:12,966Z", "level": "WARN", "component": "o.e.t.ThreadPool", "cluster.name": "tpotcluster", "node.name": "tpotcluster-node-01", "message": "timer thread slept for [20.4s/20450547148ns] on relative clock which is above the warn threshold of [5000ms]", "cluster.uuid": "Qbw2pof0QzSXC1OvK0aFSw", "node.id": "t9hfPgy_RyC9LOJUxQUrSQ"  }
{"type": "server", "timestamp": "2022-03-30T08:48:26,801Z", "level": "WARN", "component": "o.e.t.ThreadPool", "cluster.name": "tpotcluster", "node.name": "tpotcluster-node-01", "message": "timer thread slept for [26.8s/26874ms] on absolute clock which is above the warn threshold of [5000ms]", "cluster.uuid": "Qbw2pof0QzSXC1OvK0aFSw", "node.id": "t9hfPgy_RyC9LOJUxQUrSQ"  }
{"type": "server", "timestamp": "2022-03-30T08:48:41,452Z", "level": "WARN", "component": "o.e.t.ThreadPool", "cluster.name": "tpotcluster", "node.name": "tpotcluster-node-01", "message": "timer thread slept for [26.8s/26873803584ns] on relative clock which is above the warn threshold of [5000ms]", "cluster.uuid": "Qbw2pof0QzSXC1OvK0aFSw", "node.id": "t9hfPgy_RyC9LOJUxQUrSQ"  }
{"type": "server", "timestamp": "2022-03-30T08:48:58,041Z", "level": "WARN", "component": "o.e.t.ThreadPool", "cluster.name": "tpotcluster", "node.name": "tpotcluster-node-01", "message": "timer thread slept for [30.2s/30204ms] on absolute clock which is above the warn threshold of [5000ms]", "cluster.uuid": "Qbw2pof0QzSXC1OvK0aFSw", "node.id": "t9hfPgy_RyC9LOJUxQUrSQ"  }
{"type": "server", "timestamp": "2022-03-30T08:49:12,054Z", "level": "WARN", "component": "o.e.t.ThreadPool", "cluster.name": "tpotcluster", "node.name": "tpotcluster-node-01", "message": "timer thread slept for [30.2s/30203363046ns] on relative clock which is above the warn threshold of [5000ms]", "cluster.uuid": "Qbw2pof0QzSXC1OvK0aFSw", "node.id": "t9hfPgy_RyC9LOJUxQUrSQ"  }
{"type": "server", "timestamp": "2022-03-30T08:49:30,012Z", "level": "WARN", "component": "o.e.t.ThreadPool", "cluster.name": "tpotcluster", "node.name": "tpotcluster-node-01", "message": "timer thread slept for [32.4s/32446ms] on absolute clock which is above the warn threshold of [5000ms]", "cluster.uuid": "Qbw2pof0QzSXC1OvK0aFSw", "node.id": "t9hfPgy_RyC9LOJUxQUrSQ"  }
{"type": "server", "timestamp": "2022-03-30T08:49:44,884Z", "level": "WARN", "component": "o.e.t.ThreadPool", "cluster.name": "tpotcluster", "node.name": "tpotcluster-node-01", "message": "timer thread slept for [32.4s/32446927776ns] on relative clock which is above the warn threshold of [5000ms]", "cluster.uuid": "Qbw2pof0QzSXC1OvK0aFSw", "node.id": "t9hfPgy_RyC9LOJUxQUrSQ"  }
{"type": "server", "timestamp": "2022-03-30T08:50:00,798Z", "level": "WARN", "component": "o.e.t.ThreadPool", "cluster.name": "tpotcluster", "node.name": "tpotcluster-node-01", "message": "timer thread slept for [29.6s/29667ms] on absolute clock which is above the warn threshold of [5000ms]", "cluster.uuid": "Qbw2pof0QzSXC1OvK0aFSw", "node.id": "t9hfPgy_RyC9LOJUxQUrSQ"  }
{"type": "server", "timestamp": "2022-03-30T08:50:23,478Z", "level": "WARN", "component": "o.e.t.ThreadPool", "cluster.name": "tpotcluster", "node.name": "tpotcluster-node-01", "message": "timer thread slept for [29.6s/29666367227ns] on relative clock which is above the warn threshold of [5000ms]", "cluster.uuid": "Qbw2pof0QzSXC1OvK0aFSw", "node.id": "t9hfPgy_RyC9LOJUxQUrSQ"  }
{"type": "server", "timestamp": "2022-03-30T08:50:40,542Z", "level": "WARN", "component": "o.e.t.ThreadPool", "cluster.name": "tpotcluster", "node.name": "tpotcluster-node-01", "message": "timer thread slept for [40.4s/40478ms] on absolute clock which is above the warn threshold of [5000ms]", "cluster.uuid": "Qbw2pof0QzSXC1OvK0aFSw", "node.id": "t9hfPgy_RyC9LOJUxQUrSQ"  }
{"type": "server", "timestamp": "2022-03-30T08:50:53,142Z", "level": "WARN", "component": "o.e.t.ThreadPool", "cluster.name": "tpotcluster", "node.name": "tpotcluster-node-01", "message": "timer thread slept for [40.4s/40477891577ns] on relative clock which is above the warn threshold of [5000ms]", "cluster.uuid": "Qbw2pof0QzSXC1OvK0aFSw", "node.id": "t9hfPgy_RyC9LOJUxQUrSQ"  }
{"type": "server", "timestamp": "2022-03-30T08:51:11,855Z", "level": "WARN", "component": "o.e.t.ThreadPool", "cluster.name": "tpotcluster", "node.name": "tpotcluster-node-01", "message": "timer thread slept for [32s/32065ms] on absolute clock which is above the warn threshold of [5000ms]", "cluster.uuid": "Qbw2pof0QzSXC1OvK0aFSw", "node.id": "t9hfPgy_RyC9LOJUxQUrSQ"  }
{"type": "server", "timestamp": "2022-03-30T08:51:28,382Z", "level": "WARN", "component": "o.e.t.ThreadPool", "cluster.name": "tpotcluster", "node.name": "tpotcluster-node-01", "message": "timer thread slept for [32s/32064826797ns] on relative clock which is above the warn threshold of [5000ms]", "cluster.uuid": "Qbw2pof0QzSXC1OvK0aFSw", "node.id": "t9hfPgy_RyC9LOJUxQUrSQ"  }
{"type": "server", "timestamp": "2022-03-30T08:51:42,467Z", "level": "WARN", "component": "o.e.t.ThreadPool", "cluster.name": "tpotcluster", "node.name": "tpotcluster-node-01", "message": "timer thread slept for [30.4s/30423ms] on absolute clock which is above the warn threshold of [5000ms]", "cluster.uuid": "Qbw2pof0QzSXC1OvK0aFSw", "node.id": "t9hfPgy_RyC9LOJUxQUrSQ"  }
{"type": "server", "timestamp": "2022-03-30T08:51:58,836Z", "level": "WARN", "component": "o.e.t.ThreadPool", "cluster.name": "tpotcluster", "node.name": "tpotcluster-node-01", "message": "timer thread slept for [30.4s/30423129489ns] on relative clock which is above the warn threshold of [5000ms]", "cluster.uuid": "Qbw2pof0QzSXC1OvK0aFSw", "node.id": "t9hfPgy_RyC9LOJUxQUrSQ"  }
{"type": "server", "timestamp": "2022-03-30T08:52:17,231Z", "level": "WARN", "component": "o.e.t.ThreadPool", "cluster.name": "tpotcluster", "node.name": "tpotcluster-node-01", "message": "timer thread slept for [34.3s/34349ms] on absolute clock which is above the warn threshold of [5000ms]", "cluster.uuid": "Qbw2pof0QzSXC1OvK0aFSw", "node.id": "t9hfPgy_RyC9LOJUxQUrSQ"  }
{"type": "server", "timestamp": "2022-03-30T08:52:38,205Z", "level": "WARN", "component": "o.e.t.ThreadPool", "cluster.name": "tpotcluster", "node.name": "tpotcluster-node-01", "message": "timer thread slept for [34.3s/34349445075ns] on relative clock which is above the warn threshold of [5000ms]", "cluster.uuid": "Qbw2pof0QzSXC1OvK0aFSw", "node.id": "t9hfPgy_RyC9LOJUxQUrSQ"  }
{"type": "server", "timestamp": "2022-03-30T08:53:46,011Z", "level": "WARN", "component": "o.e.t.ThreadPool", "cluster.name": "tpotcluster", "node.name": "tpotcluster-node-01", "message": "timer thread slept for [1.4m/88535ms] on absolute clock which is above the warn threshold of [5000ms]", "cluster.uuid": "Qbw2pof0QzSXC1OvK0aFSw", "node.id": "t9hfPgy_RyC9LOJUxQUrSQ"  }
{"type": "server", "timestamp": "2022-03-30T08:54:07,567Z", "level": "WARN", "component": "o.e.t.ThreadPool", "cluster.name": "tpotcluster", "node.name": "tpotcluster-node-01", "message": "timer thread slept for [1.4m/88534393158ns] on relative clock which is above the warn threshold of [5000ms]", "cluster.uuid": "Qbw2pof0QzSXC1OvK0aFSw", "node.id": "t9hfPgy_RyC9LOJUxQUrSQ"  }
{"type": "server", "timestamp": "2022-03-30T08:54:22,742Z", "level": "WARN", "component": "o.e.t.ThreadPool", "cluster.name": "tpotcluster", "node.name": "tpotcluster-node-01", "message": "timer thread slept for [37.3s/37352ms] on absolute clock which is above the warn threshold of [5000ms]", "cluster.uuid": "Qbw2pof0QzSXC1OvK0aFSw", "node.id": "t9hfPgy_RyC9LOJUxQUrSQ"  }
{"type": "server", "timestamp": "2022-03-30T08:54:41,384Z", "level": "WARN", "component": "o.e.t.ThreadPool", "cluster.name": "tpotcluster", "node.name": "tpotcluster-node-01", "message": "timer thread slept for [37.3s/37352167855ns] on relative clock which is above the warn threshold of [5000ms]", "cluster.uuid": "Qbw2pof0QzSXC1OvK0aFSw", "node.id": "t9hfPgy_RyC9LOJUxQUrSQ"  }
{"type": "server", "timestamp": "2022-03-30T08:55:01,865Z", "level": "WARN", "component": "o.e.t.ThreadPool", "cluster.name": "tpotcluster", "node.name": "tpotcluster-node-01", "message": "timer thread slept for [37.6s/37622ms] on absolute clock which is above the warn threshold of [5000ms]", "cluster.uuid": "Qbw2pof0QzSXC1OvK0aFSw", "node.id": "t9hfPgy_RyC9LOJUxQUrSQ"  }
{"type": "server", "timestamp": "2022-03-30T08:54:40,130Z", "level": "WARN", "component": "o.e.t.ThreadPool", "cluster.name": "tpotcluster", "node.name": "tpotcluster-node-01", "message": "execution of [org.elasticsearch.cluster.InternalClusterInfoService$RefreshScheduler$$Lambda$5095/0x00000008017defb8@4bfb0e5a] took [1289765ms] which is above the warn threshold of [5000ms]", "cluster.uuid": "Qbw2pof0QzSXC1OvK0aFSw", "node.id": "t9hfPgy_RyC9LOJUxQUrSQ"  }
{"type": "server", "timestamp": "2022-03-30T08:55:14,237Z", "level": "WARN", "component": "o.e.t.ThreadPool", "cluster.name": "tpotcluster", "node.name": "tpotcluster-node-01", "message": "timer thread slept for [37.6s/37621857415ns] on relative clock which is above the warn threshold of [5000ms]", "cluster.uuid": "Qbw2pof0QzSXC1OvK0aFSw", "node.id": "t9hfPgy_RyC9LOJUxQUrSQ"  }
{"type": "server", "timestamp": "2022-03-30T08:55:25,544Z", "level": "WARN", "component": "o.e.t.ThreadPool", "cluster.name": "tpotcluster", "node.name": "tpotcluster-node-01", "message": "timer thread slept for [24.8s/24872ms] on absolute clock which is above the warn threshold of [5000ms]", "cluster.uuid": "Qbw2pof0QzSXC1OvK0aFSw", "node.id": "t9hfPgy_RyC9LOJUxQUrSQ"  }
{"type": "server", "timestamp": "2022-03-30T08:55:37,679Z", "level": "WARN", "component": "o.e.t.ThreadPool", "cluster.name": "tpotcluster", "node.name": "tpotcluster-node-01", "message": "timer thread slept for [24.8s/24872648298ns] on relative clock which is above the warn threshold of [5000ms]", "cluster.uuid": "Qbw2pof0QzSXC1OvK0aFSw", "node.id": "t9hfPgy_RyC9LOJUxQUrSQ"  }
{"type": "server", "timestamp": "2022-03-30T08:55:49,125Z", "level": "WARN", "component": "o.e.t.ThreadPool", "cluster.name": "tpotcluster", "node.name": "tpotcluster-node-01", "message": "timer thread slept for [24.2s/24240ms] on absolute clock which is above the warn threshold of [5000ms]", "cluster.uuid": "Qbw2pof0QzSXC1OvK0aFSw", "node.id": "t9hfPgy_RyC9LOJUxQUrSQ"  }
{"type": "server", "timestamp": "2022-03-30T08:56:03,342Z", "level": "WARN", "component": "o.e.t.ThreadPool", "cluster.name": "tpotcluster", "node.name": "tpotcluster-node-01", "message": "timer thread slept for [24.2s/24240091747ns] on relative clock which is above the warn threshold of [5000ms]", "cluster.uuid": "Qbw2pof0QzSXC1OvK0aFSw", "node.id": "t9hfPgy_RyC9LOJUxQUrSQ"  }
{"type": "server", "timestamp": "2022-03-30T08:56:16,143Z", "level": "WARN", "component": "o.e.t.ThreadPool", "cluster.name": "tpotcluster", "node.name": "tpotcluster-node-01", "message": "timer thread slept for [27.3s/27323ms] on absolute clock which is above the warn threshold of [5000ms]", "cluster.uuid": "Qbw2pof0QzSXC1OvK0aFSw", "node.id": "t9hfPgy_RyC9LOJUxQUrSQ"  }
{"type": "server", "timestamp": "2022-03-30T08:56:30,183Z", "level": "WARN", "component": "o.e.t.ThreadPool", "cluster.name": "tpotcluster", "node.name": "tpotcluster-node-01", "message": "timer thread slept for [27.3s/27323049162ns] on relative clock which is above the warn threshold of [5000ms]", "cluster.uuid": "Qbw2pof0QzSXC1OvK0aFSw", "node.id": "t9hfPgy_RyC9LOJUxQUrSQ"  }
{"type": "server", "timestamp": "2022-03-30T08:56:41,845Z", "level": "WARN", "component": "o.e.t.ThreadPool", "cluster.name": "tpotcluster", "node.name": "tpotcluster-node-01", "message": "timer thread slept for [24.1s/24172ms] on absolute clock which is above the warn threshold of [5000ms]", "cluster.uuid": "Qbw2pof0QzSXC1OvK0aFSw", "node.id": "t9hfPgy_RyC9LOJUxQUrSQ"  }
{"type": "server", "timestamp": "2022-03-30T08:56:42,758Z", "level": "WARN", "component": "o.e.t.ThreadPool", "cluster.name": "tpotcluster", "node.name": "tpotcluster-node-01", "message": "execution of [ReschedulingRunnable{runnable=org.elasticsearch.monitor.jvm.JvmGcMonitorService$1@5d6e7d82, interval=1s}] took [51563ms] which is above the warn threshold of [5000ms]", "cluster.uuid": "Qbw2pof0QzSXC1OvK0aFSw", "node.id": "t9hfPgy_RyC9LOJUxQUrSQ"  }
{"type": "server", "timestamp": "2022-03-30T08:56:50,955Z", "level": "WARN", "component": "o.e.t.ThreadPool", "cluster.name": "tpotcluster", "node.name": "tpotcluster-node-01", "message": "timer thread slept for [24.1s/24171761138ns] on relative clock which is above the warn threshold of [5000ms]", "cluster.uuid": "Qbw2pof0QzSXC1OvK0aFSw", "node.id": "t9hfPgy_RyC9LOJUxQUrSQ"  }
{"type": "server", "timestamp": "2022-03-30T08:57:04,296Z", "level": "WARN", "component": "o.e.t.ThreadPool", "cluster.name": "tpotcluster", "node.name": "tpotcluster-node-01", "message": "timer thread slept for [23.9s/23971ms] on absolute clock which is above the warn threshold of [5000ms]", "cluster.uuid": "Qbw2pof0QzSXC1OvK0aFSw", "node.id": "t9hfPgy_RyC9LOJUxQUrSQ"  }
{"type": "server", "timestamp": "2022-03-30T08:57:08,039Z", "level": "WARN", "component": "o.e.t.ThreadPool", "cluster.name": "tpotcluster", "node.name": "tpotcluster-node-01", "message": "execution of [ReschedulingRunnable{runnable=org.elasticsearch.watcher.ResourceWatcherService$ResourceMonitor@1b660d57, interval=5s}] took [23970ms] which is above the warn threshold of [5000ms]", "cluster.uuid": "Qbw2pof0QzSXC1OvK0aFSw", "node.id": "t9hfPgy_RyC9LOJUxQUrSQ"  }
{"type": "server", "timestamp": "2022-03-30T08:57:17,102Z", "level": "WARN", "component": "o.e.t.ThreadPool", "cluster.name": "tpotcluster", "node.name": "tpotcluster-node-01", "message": "timer thread slept for [23.9s/23970940019ns] on relative clock which is above the warn threshold of [5000ms]", "cluster.uuid": "Qbw2pof0QzSXC1OvK0aFSw", "node.id": "t9hfPgy_RyC9LOJUxQUrSQ"  }
{"type": "server", "timestamp": "2022-03-30T08:57:27,201Z", "level": "WARN", "component": "o.e.t.ThreadPool", "cluster.name": "tpotcluster", "node.name": "tpotcluster-node-01", "message": "timer thread slept for [22.4s/22493ms] on absolute clock which is above the warn threshold of [5000ms]", "cluster.uuid": "Qbw2pof0QzSXC1OvK0aFSw", "node.id": "t9hfPgy_RyC9LOJUxQUrSQ"  }
{"type": "server", "timestamp": "2022-03-30T08:57:39,687Z", "level": "WARN", "component": "o.e.t.ThreadPool", "cluster.name": "tpotcluster", "node.name": "tpotcluster-node-01", "message": "timer thread slept for [22.4s/22493034534ns] on relative clock which is above the warn threshold of [5000ms]", "cluster.uuid": "Qbw2pof0QzSXC1OvK0aFSw", "node.id": "t9hfPgy_RyC9LOJUxQUrSQ"  }
{"type": "server", "timestamp": "2022-03-30T08:57:51,304Z", "level": "WARN", "component": "o.e.t.ThreadPool", "cluster.name": "tpotcluster", "node.name": "tpotcluster-node-01", "message": "timer thread slept for [23.9s/23983ms] on absolute clock which is above the warn threshold of [5000ms]", "cluster.uuid": "Qbw2pof0QzSXC1OvK0aFSw", "node.id": "t9hfPgy_RyC9LOJUxQUrSQ"  }
{"type": "server", "timestamp": "2022-03-30T08:57:42,555Z", "level": "WARN", "component": "o.e.h.AbstractHttpServerTransport", "cluster.name": "tpotcluster", "node.name": "tpotcluster-node-01", "message": "handling request [null][POST][/.kibana_7.17.0/_search?from=0&rest_total_hits_as_int=true&size=20][Netty4HttpChannel{localAddress=/192.168.48.2:9200, remoteAddress=/192.168.48.4:54596}] took [1498224ms] which is above the warn threshold of [5000ms]", "cluster.uuid": "Qbw2pof0QzSXC1OvK0aFSw", "node.id": "t9hfPgy_RyC9LOJUxQUrSQ"  }
{"type": "server", "timestamp": "2022-03-30T08:58:01,000Z", "level": "WARN", "component": "o.e.t.ThreadPool", "cluster.name": "tpotcluster", "node.name": "tpotcluster-node-01", "message": "timer thread slept for [23.9s/23983357830ns] on relative clock which is above the warn threshold of [5000ms]", "cluster.uuid": "Qbw2pof0QzSXC1OvK0aFSw", "node.id": "t9hfPgy_RyC9LOJUxQUrSQ"  }
{"type": "server", "timestamp": "2022-03-30T08:58:12,762Z", "level": "WARN", "component": "o.e.t.ThreadPool", "cluster.name": "tpotcluster", "node.name": "tpotcluster-node-01", "message": "timer thread slept for [20.4s/20401ms] on absolute clock which is above the warn threshold of [5000ms]", "cluster.uuid": "Qbw2pof0QzSXC1OvK0aFSw", "node.id": "t9hfPgy_RyC9LOJUxQUrSQ"  }
{"type": "server", "timestamp": "2022-03-30T08:58:21,766Z", "level": "WARN", "component": "o.e.t.ThreadPool", "cluster.name": "tpotcluster", "node.name": "tpotcluster-node-01", "message": "timer thread slept for [20.4s/20401085484ns] on relative clock which is above the warn threshold of [5000ms]", "cluster.uuid": "Qbw2pof0QzSXC1OvK0aFSw", "node.id": "t9hfPgy_RyC9LOJUxQUrSQ"  }
{"type": "server", "timestamp": "2022-03-30T08:58:30,955Z", "level": "WARN", "component": "o.e.t.ThreadPool", "cluster.name": "tpotcluster", "node.name": "tpotcluster-node-01", "message": "timer thread slept for [19.3s/19390ms] on absolute clock which is above the warn threshold of [5000ms]", "cluster.uuid": "Qbw2pof0QzSXC1OvK0aFSw", "node.id": "t9hfPgy_RyC9LOJUxQUrSQ"  }
{"type": "server", "timestamp": "2022-03-30T08:58:34,631Z", "level": "WARN", "component": "o.e.t.ThreadPool", "cluster.name": "tpotcluster", "node.name": "tpotcluster-node-01", "message": "execution of [ReschedulingRunnable{runnable=org.elasticsearch.indices.IndexingMemoryController$ShardsIndicesStatusChecker@14ac4ee9, interval=5s}] took [86266ms] which is above the warn threshold of [5000ms]", "cluster.uuid": "Qbw2pof0QzSXC1OvK0aFSw", "node.id": "t9hfPgy_RyC9LOJUxQUrSQ"  }
{"type": "server", "timestamp": "2022-03-30T08:58:41,458Z", "level": "WARN", "component": "o.e.t.ThreadPool", "cluster.name": "tpotcluster", "node.name": "tpotcluster-node-01", "message": "timer thread slept for [19.3s/19389146004ns] on relative clock which is above the warn threshold of [5000ms]", "cluster.uuid": "Qbw2pof0QzSXC1OvK0aFSw", "node.id": "t9hfPgy_RyC9LOJUxQUrSQ"  }
{"type": "server", "timestamp": "2022-03-30T08:58:18,541Z", "level": "WARN", "component": "o.e.c.s.ClusterApplierService", "cluster.name": "tpotcluster", "node.name": "tpotcluster-node-01", "message": "cluster state applier task [Publication{term=160, version=4621}] took [24.6m] which is above the warn threshold of [30s]: [running task [Publication{term=160, version=4621}]] took [0ms], [connecting to new nodes] took [0ms], [applying settings] took [0ms], [org.elasticsearch.repositories.RepositoriesService@7e3ffeae] took [0ms], [org.elasticsearch.indices.cluster.IndicesClusterStateService@a15a4f2] took [4520ms], [org.elasticsearch.script.ScriptService@5eb64e0e] took [0ms], [org.elasticsearch.xpack.ilm.IndexLifecycleService@7a8c8f59] took [0ms], [org.elasticsearch.snapshots.RestoreService@7b47d428] took [0ms], [org.elasticsearch.ingest.IngestService@5c52cd86] took [5ms], [org.elasticsearch.action.ingest.IngestActionForwarder@30f82e3c] took [0ms], [org.elasticsearch.action.admin.cluster.repositories.cleanup.TransportCleanupRepositoryAction$$Lambda$4527/0x00000008016c8aa0@2e90893d] took [0ms], [org.elasticsearch.indices.TimestampFieldMapperService@6bb3fe53] took [1ms], [org.elasticsearch.tasks.TaskManager@21c7205e] took [0ms], [org.elasticsearch.snapshots.SnapshotsService@503f7394] took [9ms], [org.elasticsearch.cluster.InternalClusterInfoService@3e2acfc7] took [0ms], [org.elasticsearch.snapshots.InternalSnapshotsInfoService@58fa824e] took [0ms], [org.elasticsearch.indices.SystemIndexManager@1523d9f2] took [60ms], [org.elasticsearch.xpack.shutdown.NodeSeenService@783aba2a] took [0ms], [org.elasticsearch.xpack.autoscaling.capacity.memory.AutoscalingMemoryInfoService$$Lambda$3179/0x00000008012d94e8@4c7ca4e7] took [11ms], [org.elasticsearch.xpack.ccr.action.ShardFollowTaskCleaner@5a29f64d] took [0ms], [org.elasticsearch.xpack.enrich.EnrichPolicyMaintenanceService@6db1e2ee] took [0ms], [org.elasticsearch.xpack.transform.notifications.TransformAuditor$$Lambda$3197/0x00000008013b6c08@47bb2a76] took [0ms], [org.elasticsearch.xpack.transform.TransformClusterStateListener@5831c4da] took [0ms], [org.elasticsearch.xpack.stack.StackTemplateRegistry@367f3ab4] took [200ms], [org.elasticsearch.xpack.searchablesnapshots.cache.blob.BlobStoreCacheMaintenanceService@75faf5dc] took [0ms], [org.elasticsearch.xpack.searchablesnapshots.SearchableSnapshots$RepositoryUuidWatcher@5f1722cd] took [0ms], [org.elasticsearch.xpack.watcher.support.WatcherIndexTemplateRegistry@7de178e6] took [368ms], [org.elasticsearch.xpack.watcher.WatcherLifeCycleService@2353380c] took [23ms], [org.elasticsearch.xpack.watcher.WatcherIndexingListener@2326b1f3] took [0ms], [org.elasticsearch.xpack.ilm.history.ILMHistoryTemplateRegistry@4541ee10] took [101ms], [org.elasticsearch.xpack.ilm.IndexLifecycleService@7a8c8f59] took [3ms], [org.elasticsearch.xpack.core.slm.history.SnapshotLifecycleTemplateRegistry@33119816] took [6ms], [org.elasticsearch.xpack.slm.SnapshotLifecycleService@9384520] took [0ms], [org.elasticsearch.xpack.slm.SnapshotRetentionService@6a127bc2] took [0ms], [org.elasticsearch.xpack.deprecation.logging.DeprecationIndexingTemplateRegistry@3d70bef4] took [2ms], [org.elasticsearch.xpack.fleet.FleetTemplateRegistry@7d1b52e8] took [0ms], [org.elasticsearch.cluster.metadata.SystemIndexMetadataUpgradeService@6c377e90] took [0ms], [org.elasticsearch.cluster.metadata.TemplateUpgradeService@73603119] took [0ms], [org.elasticsearch.node.ResponseCollectorService@54cbb18f] took [0ms], [org.elasticsearch.snapshots.SnapshotShardsService@3729766b] took [0ms], [org.elasticsearch.persistent.PersistentTasksClusterService@603d4de0] took [0ms], [org.elasticsearch.shutdown.PluginShutdownService@12274007] took [0ms], [org.elasticsearch.cluster.routing.DelayedAllocationService@5e8571a7] took [0ms], [org.elasticsearch.indices.store.IndicesStore@6c4cbeb6] took [0ms], [org.elasticsearch.persistent.PersistentTasksNodeService@14382767] took [1ms], [org.elasticsearch.license.LicenseService@2d676e15] took [0ms], [org.elasticsearch.xpack.ccr.action.AutoFollowCoordinator@51aa86fc] took [0ms], [org.elasticsearch.xpack.core.async.AsyncTaskMaintenanceService@529e86b1] took [1479354ms], [org.elasticsearch.gateway.GatewayService@6e2ae371] took [150ms], [org.elasticsearch.indices.recovery.PeerRecoverySourceService@641f4b59] took [84ms]", "cluster.uuid": "Qbw2pof0QzSXC1OvK0aFSw", "node.id": "t9hfPgy_RyC9LOJUxQUrSQ"  }
{"type": "server", "timestamp": "2022-03-30T08:58:52,024Z", "level": "WARN", "component": "o.e.t.ThreadPool", "cluster.name": "tpotcluster", "node.name": "tpotcluster-node-01", "message": "timer thread slept for [20.4s/20417ms] on absolute clock which is above the warn threshold of [5000ms]", "cluster.uuid": "Qbw2pof0QzSXC1OvK0aFSw", "node.id": "t9hfPgy_RyC9LOJUxQUrSQ"  }
{"type": "server", "timestamp": "2022-03-30T08:59:03,398Z", "level": "WARN", "component": "o.e.t.ThreadPool", "cluster.name": "tpotcluster", "node.name": "tpotcluster-node-01", "message": "timer thread slept for [20.4s/20417380537ns] on relative clock which is above the warn threshold of [5000ms]", "cluster.uuid": "Qbw2pof0QzSXC1OvK0aFSw", "node.id": "t9hfPgy_RyC9LOJUxQUrSQ"  }
{"type": "server", "timestamp": "2022-03-30T08:59:14,503Z", "level": "WARN", "component": "o.e.t.ThreadPool", "cluster.name": "tpotcluster", "node.name": "tpotcluster-node-01", "message": "timer thread slept for [22.5s/22544ms] on absolute clock which is above the warn threshold of [5000ms]", "cluster.uuid": "Qbw2pof0QzSXC1OvK0aFSw", "node.id": "t9hfPgy_RyC9LOJUxQUrSQ"  }
{"type": "server", "timestamp": "2022-03-30T08:59:24,125Z", "level": "WARN", "component": "o.e.t.ThreadPool", "cluster.name": "tpotcluster", "node.name": "tpotcluster-node-01", "message": "timer thread slept for [22.5s/22544472328ns] on relative clock which is above the warn threshold of [5000ms]", "cluster.uuid": "Qbw2pof0QzSXC1OvK0aFSw", "node.id": "t9hfPgy_RyC9LOJUxQUrSQ"  }
{"type": "server", "timestamp": "2022-03-30T08:59:37,525Z", "level": "WARN", "component": "o.e.t.ThreadPool", "cluster.name": "tpotcluster", "node.name": "tpotcluster-node-01", "message": "timer thread slept for [23.8s/23843ms] on absolute clock which is above the warn threshold of [5000ms]", "cluster.uuid": "Qbw2pof0QzSXC1OvK0aFSw", "node.id": "t9hfPgy_RyC9LOJUxQUrSQ"  }
{"type": "server", "timestamp": "2022-03-30T08:59:49,071Z", "level": "WARN", "component": "o.e.t.ThreadPool", "cluster.name": "tpotcluster", "node.name": "tpotcluster-node-01", "message": "timer thread slept for [23.8s/23842410531ns] on relative clock which is above the warn threshold of [5000ms]", "cluster.uuid": "Qbw2pof0QzSXC1OvK0aFSw", "node.id": "t9hfPgy_RyC9LOJUxQUrSQ"  }
{"type": "server", "timestamp": "2022-03-30T08:59:58,499Z", "level": "WARN", "component": "o.e.h.AbstractHttpServerTransport", "cluster.name": "tpotcluster", "node.name": "tpotcluster-node-01", "message": "handling request [null][GET][/_xpack?accept_enterprise=true][Netty4HttpChannel{localAddress=/192.168.48.2:9200, remoteAddress=/192.168.48.4:54606}] took [66804ms] which is above the warn threshold of [5000ms]", "cluster.uuid": "Qbw2pof0QzSXC1OvK0aFSw", "node.id": "t9hfPgy_RyC9LOJUxQUrSQ"  }
{"type": "server", "timestamp": "2022-03-30T09:00:00,391Z", "level": "WARN", "component": "o.e.t.ThreadPool", "cluster.name": "tpotcluster", "node.name": "tpotcluster-node-01", "message": "timer thread slept for [23.2s/23258ms] on absolute clock which is above the warn threshold of [5000ms]", "cluster.uuid": "Qbw2pof0QzSXC1OvK0aFSw", "node.id": "t9hfPgy_RyC9LOJUxQUrSQ"  }
{"type": "server", "timestamp": "2022-03-30T09:00:09,615Z", "level": "WARN", "component": "o.e.t.ThreadPool", "cluster.name": "tpotcluster", "node.name": "tpotcluster-node-01", "message": "timer thread slept for [23.2s/23258453413ns] on relative clock which is above the warn threshold of [5000ms]", "cluster.uuid": "Qbw2pof0QzSXC1OvK0aFSw", "node.id": "t9hfPgy_RyC9LOJUxQUrSQ"  }
{"type": "server", "timestamp": "2022-03-30T09:00:18,641Z", "level": "WARN", "component": "o.e.t.ThreadPool", "cluster.name": "tpotcluster", "node.name": "tpotcluster-node-01", "message": "timer thread slept for [18.4s/18483ms] on absolute clock which is above the warn threshold of [5000ms]", "cluster.uuid": "Qbw2pof0QzSXC1OvK0aFSw", "node.id": "t9hfPgy_RyC9LOJUxQUrSQ"  }
{"type": "server", "timestamp": "2022-03-30T09:00:24,338Z", "level": "WARN", "component": "o.e.t.ThreadPool", "cluster.name": "tpotcluster", "node.name": "tpotcluster-node-01", "message": "timer thread slept for [18.4s/18482594503ns] on relative clock which is above the warn threshold of [5000ms]", "cluster.uuid": "Qbw2pof0QzSXC1OvK0aFSw", "node.id": "t9hfPgy_RyC9LOJUxQUrSQ"  }
{"type": "server", "timestamp": "2022-03-30T09:00:24,228Z", "level": "WARN", "component": "o.e.t.ThreadPool", "cluster.name": "tpotcluster", "node.name": "tpotcluster-node-01", "message": "execution of [org.elasticsearch.indices.IndicesService$CacheCleaner@2192fc5b] took [18482ms] which is above the warn threshold of [5000ms]", "cluster.uuid": "Qbw2pof0QzSXC1OvK0aFSw", "node.id": "t9hfPgy_RyC9LOJUxQUrSQ"  }
{"type": "server", "timestamp": "2022-03-30T09:00:31,167Z", "level": "WARN", "component": "o.e.t.ThreadPool", "cluster.name": "tpotcluster", "node.name": "tpotcluster-node-01", "message": "timer thread slept for [12.6s/12632ms] on absolute clock which is above the warn threshold of [5000ms]", "cluster.uuid": "Qbw2pof0QzSXC1OvK0aFSw", "node.id": "t9hfPgy_RyC9LOJUxQUrSQ"  }
{"type": "server", "timestamp": "2022-03-30T09:00:40,056Z", "level": "WARN", "component": "o.e.t.ThreadPool", "cluster.name": "tpotcluster", "node.name": "tpotcluster-node-01", "message": "timer thread slept for [12.6s/12631970683ns] on relative clock which is above the warn threshold of [5000ms]", "cluster.uuid": "Qbw2pof0QzSXC1OvK0aFSw", "node.id": "t9hfPgy_RyC9LOJUxQUrSQ"  }
{"type": "server", "timestamp": "2022-03-30T09:00:48,490Z", "level": "WARN", "component": "o.e.t.ThreadPool", "cluster.name": "tpotcluster", "node.name": "tpotcluster-node-01", "message": "timer thread slept for [17.4s/17443ms] on absolute clock which is above the warn threshold of [5000ms]", "cluster.uuid": "Qbw2pof0QzSXC1OvK0aFSw", "node.id": "t9hfPgy_RyC9LOJUxQUrSQ"  }
{"type": "server", "timestamp": "2022-03-30T09:00:55,448Z", "level": "WARN", "component": "o.e.t.ThreadPool", "cluster.name": "tpotcluster", "node.name": "tpotcluster-node-01", "message": "timer thread slept for [17.4s/17443410646ns] on relative clock which is above the warn threshold of [5000ms]", "cluster.uuid": "Qbw2pof0QzSXC1OvK0aFSw", "node.id": "t9hfPgy_RyC9LOJUxQUrSQ"  }
{"type": "server", "timestamp": "2022-03-30T09:01:00,781Z", "level": "WARN", "component": "o.e.c.s.MasterService", "cluster.name": "tpotcluster", "node.name": "tpotcluster-node-01", "message": "took [32.8s/32802ms] to compute cluster state update for [shard-started StartedShardEntry{shardId [[.async-search][0]], allocationId [npy0692qTwWUl7SFIZsu4w], primary term [100], message [after existing store recovery; bootstrap_history_uuid=false]}[StartedShardEntry{shardId [[.async-search][0]], allocationId [npy0692qTwWUl7SFIZsu4w], primary term [100], message [after existing store recovery; bootstrap_history_uuid=false]}], shard-started StartedShardEntry{shardId [[.apm-agent-configuration][0]], allocationId [MmPKadzLTwmgJSF2njqHDQ], primary term [105], message [after existing store recovery; bootstrap_history_uuid=false]}[StartedShardEntry{shardId [[.apm-agent-configuration][0]], allocationId [MmPKadzLTwmgJSF2njqHDQ], primary term [105], message [after existing store recovery; bootstrap_history_uuid=false]}], shard-started StartedShardEntry{shardId [[.kibana_7.16.2_001][0]], allocationId [UdncvSDVTUC-GicH4cNO0w], primary term [156], message [after existing store recovery; bootstrap_history_uuid=false]}[StartedShardEntry{shardId [[.kibana_7.16.2_001][0]], allocationId [UdncvSDVTUC-GicH4cNO0w], primary term [156], message [after existing store recovery; bootstrap_history_uuid=false]}], shard-started StartedShardEntry{shardId [[.apm-custom-link][0]], allocationId [nNOliZZRQti8of1JzhXQwA], primary term [103], message [after existing store recovery; bootstrap_history_uuid=false]}[StartedShardEntry{shardId [[.apm-custom-link][0]], allocationId [nNOliZZRQti8of1JzhXQwA], primary term [103], message [after existing store recovery; bootstrap_history_uuid=false]}]], which exceeds the warn threshold of [10s]", "cluster.uuid": "Qbw2pof0QzSXC1OvK0aFSw", "node.id": "t9hfPgy_RyC9LOJUxQUrSQ"  }
{"type": "server", "timestamp": "2022-03-30T09:01:02,165Z", "level": "WARN", "component": "o.e.t.ThreadPool", "cluster.name": "tpotcluster", "node.name": "tpotcluster-node-01", "message": "timer thread slept for [13.3s/13351ms] on absolute clock which is above the warn threshold of [5000ms]", "cluster.uuid": "Qbw2pof0QzSXC1OvK0aFSw", "node.id": "t9hfPgy_RyC9LOJUxQUrSQ"  }
{"type": "server", "timestamp": "2022-03-30T09:01:00,779Z", "level": "WARN", "component": "o.e.m.f.FsHealthService", "cluster.name": "tpotcluster", "node.name": "tpotcluster-node-01", "message": "health check of [/data/elk/data/nodes/0] took [17443ms] which is above the warn threshold of [5s]", "cluster.uuid": "Qbw2pof0QzSXC1OvK0aFSw", "node.id": "t9hfPgy_RyC9LOJUxQUrSQ"  }
{"type": "server", "timestamp": "2022-03-30T09:01:09,083Z", "level": "WARN", "component": "o.e.t.ThreadPool", "cluster.name": "tpotcluster", "node.name": "tpotcluster-node-01", "message": "timer thread slept for [13.3s/13350856938ns] on relative clock which is above the warn threshold of [5000ms]", "cluster.uuid": "Qbw2pof0QzSXC1OvK0aFSw", "node.id": "t9hfPgy_RyC9LOJUxQUrSQ"  }
{"type": "server", "timestamp": "2022-03-30T09:01:18,926Z", "level": "WARN", "component": "o.e.t.ThreadPool", "cluster.name": "tpotcluster", "node.name": "tpotcluster-node-01", "message": "timer thread slept for [16.7s/16798ms] on absolute clock which is above the warn threshold of [5000ms]", "cluster.uuid": "Qbw2pof0QzSXC1OvK0aFSw", "node.id": "t9hfPgy_RyC9LOJUxQUrSQ"  }
{"type": "server", "timestamp": "2022-03-30T09:01:18,925Z", "level": "WARN", "component": "o.e.t.ThreadPool", "cluster.name": "tpotcluster", "node.name": "tpotcluster-node-01", "message": "execution of [ReschedulingRunnable{runnable=org.elasticsearch.monitor.jvm.JvmGcMonitorService$1@5d6e7d82, interval=1s}] took [13350ms] which is above the warn threshold of [5000ms]", "cluster.uuid": "Qbw2pof0QzSXC1OvK0aFSw", "node.id": "t9hfPgy_RyC9LOJUxQUrSQ"  }
{"type": "server", "timestamp": "2022-03-30T09:01:29,051Z", "level": "WARN", "component": "o.e.t.ThreadPool", "cluster.name": "tpotcluster", "node.name": "tpotcluster-node-01", "message": "timer thread slept for [16.7s/16798187686ns] on relative clock which is above the warn threshold of [5000ms]", "cluster.uuid": "Qbw2pof0QzSXC1OvK0aFSw", "node.id": "t9hfPgy_RyC9LOJUxQUrSQ"  }
{"type": "server", "timestamp": "2022-03-30T09:01:42,434Z", "level": "WARN", "component": "o.e.t.ThreadPool", "cluster.name": "tpotcluster", "node.name": "tpotcluster-node-01", "message": "timer thread slept for [23.2s/23221ms] on absolute clock which is above the warn threshold of [5000ms]", "cluster.uuid": "Qbw2pof0QzSXC1OvK0aFSw", "node.id": "t9hfPgy_RyC9LOJUxQUrSQ"  }
{"type": "server", "timestamp": "2022-03-30T09:01:47,764Z", "level": "WARN", "component": "o.e.t.ThreadPool", "cluster.name": "tpotcluster", "node.name": "tpotcluster-node-01", "message": "execution of [ReschedulingRunnable{runnable=org.elasticsearch.indices.IndexingMemoryController$ShardsIndicesStatusChecker@14ac4ee9, interval=5s}] took [23220ms] which is above the warn threshold of [5000ms]", "cluster.uuid": "Qbw2pof0QzSXC1OvK0aFSw", "node.id": "t9hfPgy_RyC9LOJUxQUrSQ"  }
{"type": "server", "timestamp": "2022-03-30T09:01:53,963Z", "level": "WARN", "component": "o.e.t.ThreadPool", "cluster.name": "tpotcluster", "node.name": "tpotcluster-node-01", "message": "timer thread slept for [23.2s/23220144560ns] on relative clock which is above the warn threshold of [5000ms]", "cluster.uuid": "Qbw2pof0QzSXC1OvK0aFSw", "node.id": "t9hfPgy_RyC9LOJUxQUrSQ"  }
{"type": "server", "timestamp": "2022-03-30T09:02:05,119Z", "level": "WARN", "component": "o.e.t.ThreadPool", "cluster.name": "tpotcluster", "node.name": "tpotcluster-node-01", "message": "timer thread slept for [21.7s/21746ms] on absolute clock which is above the warn threshold of [5000ms]", "cluster.uuid": "Qbw2pof0QzSXC1OvK0aFSw", "node.id": "t9hfPgy_RyC9LOJUxQUrSQ"  }
{"type": "server", "timestamp": "2022-03-30T09:02:15,060Z", "level": "WARN", "component": "o.e.t.ThreadPool", "cluster.name": "tpotcluster", "node.name": "tpotcluster-node-01", "message": "timer thread slept for [21.7s/21745989078ns] on relative clock which is above the warn threshold of [5000ms]", "cluster.uuid": "Qbw2pof0QzSXC1OvK0aFSw", "node.id": "t9hfPgy_RyC9LOJUxQUrSQ"  }
{"type": "server", "timestamp": "2022-03-30T09:02:26,451Z", "level": "WARN", "component": "o.e.t.ThreadPool", "cluster.name": "tpotcluster", "node.name": "tpotcluster-node-01", "message": "timer thread slept for [21.3s/21357ms] on absolute clock which is above the warn threshold of [5000ms]", "cluster.uuid": "Qbw2pof0QzSXC1OvK0aFSw", "node.id": "t9hfPgy_RyC9LOJUxQUrSQ"  }
{"type": "server", "timestamp": "2022-03-30T09:02:39,057Z", "level": "WARN", "component": "o.e.t.ThreadPool", "cluster.name": "tpotcluster", "node.name": "tpotcluster-node-01", "message": "timer thread slept for [21.3s/21357755414ns] on relative clock which is above the warn threshold of [5000ms]", "cluster.uuid": "Qbw2pof0QzSXC1OvK0aFSw", "node.id": "t9hfPgy_RyC9LOJUxQUrSQ"  }
{"type": "server", "timestamp": "2022-03-30T09:02:48,332Z", "level": "WARN", "component": "o.e.t.ThreadPool", "cluster.name": "tpotcluster", "node.name": "tpotcluster-node-01", "message": "timer thread slept for [22.8s/22865ms] on absolute clock which is above the warn threshold of [5000ms]", "cluster.uuid": "Qbw2pof0QzSXC1OvK0aFSw", "node.id": "t9hfPgy_RyC9LOJUxQUrSQ"  }
{"type": "server", "timestamp": "2022-03-30T09:02:57,609Z", "level": "WARN", "component": "o.e.t.ThreadPool", "cluster.name": "tpotcluster", "node.name": "tpotcluster-node-01", "message": "execution of [ReschedulingRunnable{runnable=org.elasticsearch.monitor.jvm.JvmGcMonitorService$1@5d6e7d82, interval=1s}] took [22865ms] which is above the warn threshold of [5000ms]", "cluster.uuid": "Qbw2pof0QzSXC1OvK0aFSw", "node.id": "t9hfPgy_RyC9LOJUxQUrSQ"  }
{"type": "server", "timestamp": "2022-03-30T09:02:57,609Z", "level": "WARN", "component": "o.e.t.ThreadPool", "cluster.name": "tpotcluster", "node.name": "tpotcluster-node-01", "message": "timer thread slept for [22.8s/22865027509ns] on relative clock which is above the warn threshold of [5000ms]", "cluster.uuid": "Qbw2pof0QzSXC1OvK0aFSw", "node.id": "t9hfPgy_RyC9LOJUxQUrSQ"  }
{"type": "server", "timestamp": "2022-03-30T09:03:10,508Z", "level": "WARN", "component": "o.e.t.ThreadPool", "cluster.name": "tpotcluster", "node.name": "tpotcluster-node-01", "message": "timer thread slept for [21.6s/21667ms] on absolute clock which is above the warn threshold of [5000ms]", "cluster.uuid": "Qbw2pof0QzSXC1OvK0aFSw", "node.id": "t9hfPgy_RyC9LOJUxQUrSQ"  }
{"type": "server", "timestamp": "2022-03-30T09:03:17,063Z", "level": "WARN", "component": "o.e.t.ThreadPool", "cluster.name": "tpotcluster", "node.name": "tpotcluster-node-01", "message": "timer thread slept for [21.6s/21667128068ns] on relative clock which is above the warn threshold of [5000ms]", "cluster.uuid": "Qbw2pof0QzSXC1OvK0aFSw", "node.id": "t9hfPgy_RyC9LOJUxQUrSQ"  }
{"type": "server", "timestamp": "2022-03-30T09:03:30,167Z", "level": "WARN", "component": "o.e.t.ThreadPool", "cluster.name": "tpotcluster", "node.name": "tpotcluster-node-01", "message": "timer thread slept for [19.2s/19248ms] on absolute clock which is above the warn threshold of [5000ms]", "cluster.uuid": "Qbw2pof0QzSXC1OvK0aFSw", "node.id": "t9hfPgy_RyC9LOJUxQUrSQ"  }
{"type": "server", "timestamp": "2022-03-30T09:03:38,800Z", "level": "WARN", "component": "o.e.t.ThreadPool", "cluster.name": "tpotcluster", "node.name": "tpotcluster-node-01", "message": "timer thread slept for [19.2s/19247515792ns] on relative clock which is above the warn threshold of [5000ms]", "cluster.uuid": "Qbw2pof0QzSXC1OvK0aFSw", "node.id": "t9hfPgy_RyC9LOJUxQUrSQ"  }
{"type": "server", "timestamp": "2022-03-30T09:04:33,960Z", "level": "WARN", "component": "o.e.t.ThreadPool", "cluster.name": "tpotcluster", "node.name": "tpotcluster-node-01", "message": "timer thread slept for [1m/64957ms] on absolute clock which is above the warn threshold of [5000ms]", "cluster.uuid": "Qbw2pof0QzSXC1OvK0aFSw", "node.id": "t9hfPgy_RyC9LOJUxQUrSQ"  }
{"type": "server", "timestamp": "2022-03-30T09:04:35,528Z", "level": "WARN", "component": "o.e.t.ThreadPool", "cluster.name": "tpotcluster", "node.name": "tpotcluster-node-01", "message": "execution of [ReschedulingRunnable{runnable=org.elasticsearch.indices.IndexingMemoryController$ShardsIndicesStatusChecker@14ac4ee9, interval=5s}] took [64956ms] which is above the warn threshold of [5000ms]", "cluster.uuid": "Qbw2pof0QzSXC1OvK0aFSw", "node.id": "t9hfPgy_RyC9LOJUxQUrSQ"  }
{"type": "server", "timestamp": "2022-03-30T09:04:41,093Z", "level": "WARN", "component": "o.e.t.ThreadPool", "cluster.name": "tpotcluster", "node.name": "tpotcluster-node-01", "message": "timer thread slept for [1m/64956684980ns] on relative clock which is above the warn threshold of [5000ms]", "cluster.uuid": "Qbw2pof0QzSXC1OvK0aFSw", "node.id": "t9hfPgy_RyC9LOJUxQUrSQ"  }
{"type": "server", "timestamp": "2022-03-30T09:05:05,428Z", "level": "WARN", "component": "o.e.t.ThreadPool", "cluster.name": "tpotcluster", "node.name": "tpotcluster-node-01", "message": "timer thread slept for [31.1s/31125ms] on absolute clock which is above the warn threshold of [5000ms]", "cluster.uuid": "Qbw2pof0QzSXC1OvK0aFSw", "node.id": "t9hfPgy_RyC9LOJUxQUrSQ"  }
{"type": "server", "timestamp": "2022-03-30T09:05:14,737Z", "level": "WARN", "component": "o.e.t.ThreadPool", "cluster.name": "tpotcluster", "node.name": "tpotcluster-node-01", "message": "timer thread slept for [31.1s/31124887565ns] on relative clock which is above the warn threshold of [5000ms]", "cluster.uuid": "Qbw2pof0QzSXC1OvK0aFSw", "node.id": "t9hfPgy_RyC9LOJUxQUrSQ"  }
{"type": "server", "timestamp": "2022-03-30T09:05:04,715Z", "level": "WARN", "component": "o.e.c.InternalClusterInfoService", "cluster.name": "tpotcluster", "node.name": "tpotcluster-node-01", "message": "failed to retrieve shard stats from node [t9hfPgy_RyC9LOJUxQUrSQ]: [tpotcluster-node-01][127.0.0.1:9300][indices:monitor/stats[n]] request_id [69] timed out after [424440ms]", "cluster.uuid": "Qbw2pof0QzSXC1OvK0aFSw", "node.id": "t9hfPgy_RyC9LOJUxQUrSQ"  }
{"type": "server", "timestamp": "2022-03-30T09:05:22,278Z", "level": "WARN", "component": "o.e.t.ThreadPool", "cluster.name": "tpotcluster", "node.name": "tpotcluster-node-01", "message": "timer thread slept for [16.8s/16897ms] on absolute clock which is above the warn threshold of [5000ms]", "cluster.uuid": "Qbw2pof0QzSXC1OvK0aFSw", "node.id": "t9hfPgy_RyC9LOJUxQUrSQ"  }
{"type": "server", "timestamp": "2022-03-30T09:05:31,527Z", "level": "WARN", "component": "o.e.t.ThreadPool", "cluster.name": "tpotcluster", "node.name": "tpotcluster-node-01", "message": "timer thread slept for [16.8s/16897473662ns] on relative clock which is above the warn threshold of [5000ms]", "cluster.uuid": "Qbw2pof0QzSXC1OvK0aFSw", "node.id": "t9hfPgy_RyC9LOJUxQUrSQ"  }
{"type": "server", "timestamp": "2022-03-30T09:08:28,859Z", "level": "WARN", "component": "o.e.t.ThreadPool", "cluster.name": "tpotcluster", "node.name": "tpotcluster-node-01", "message": "timer thread slept for [2.8m/168901ms] on absolute clock which is above the warn threshold of [5000ms]", "cluster.uuid": "Qbw2pof0QzSXC1OvK0aFSw", "node.id": "t9hfPgy_RyC9LOJUxQUrSQ"  }
{"type": "server", "timestamp": "2022-03-30T09:10:31,485Z", "level": "WARN", "component": "o.e.t.ThreadPool", "cluster.name": "tpotcluster", "node.name": "tpotcluster-node-01", "message": "execution of [ReschedulingRunnable{runnable=org.elasticsearch.monitor.jvm.JvmGcMonitorService$1@5d6e7d82, interval=1s}] took [185464ms] which is above the warn threshold of [5000ms]", "cluster.uuid": "Qbw2pof0QzSXC1OvK0aFSw", "node.id": "t9hfPgy_RyC9LOJUxQUrSQ"  }
{"type": "server", "timestamp": "2022-03-30T09:12:27,441Z", "level": "WARN", "component": "o.e.t.ThreadPool", "cluster.name": "tpotcluster", "node.name": "tpotcluster-node-01", "message": "timer thread slept for [2.8m/168566848580ns] on relative clock which is above the warn threshold of [5000ms]", "cluster.uuid": "Qbw2pof0QzSXC1OvK0aFSw", "node.id": "t9hfPgy_RyC9LOJUxQUrSQ"  }
{"type": "server", "timestamp": "2022-03-30T09:16:25,517Z", "level": "WARN", "component": "o.e.t.ThreadPool", "cluster.name": "tpotcluster", "node.name": "tpotcluster-node-01", "message": "timer thread slept for [7.6m/459890ms] on absolute clock which is above the warn threshold of [5000ms]", "cluster.uuid": "Qbw2pof0QzSXC1OvK0aFSw", "node.id": "t9hfPgy_RyC9LOJUxQUrSQ"  }
{"type": "server", "timestamp": "2022-03-30T09:20:01,537Z", "level": "WARN", "component": "o.e.t.ThreadPool", "cluster.name": "tpotcluster", "node.name": "tpotcluster-node-01", "message": "timer thread slept for [7.6m/459707398908ns] on relative clock which is above the warn threshold of [5000ms]", "cluster.uuid": "Qbw2pof0QzSXC1OvK0aFSw", "node.id": "t9hfPgy_RyC9LOJUxQUrSQ"  }
{"type": "server", "timestamp": "2022-03-30T09:24:03,679Z", "level": "WARN", "component": "o.e.t.ThreadPool", "cluster.name": "tpotcluster", "node.name": "tpotcluster-node-01", "message": "timer thread slept for [7.9m/474865ms] on absolute clock which is above the warn threshold of [5000ms]", "cluster.uuid": "Qbw2pof0QzSXC1OvK0aFSw", "node.id": "t9hfPgy_RyC9LOJUxQUrSQ"  }
{"type": "server", "timestamp": "2022-03-30T09:27:35,644Z", "level": "WARN", "component": "o.e.t.ThreadPool", "cluster.name": "tpotcluster", "node.name": "tpotcluster-node-01", "message": "timer thread slept for [7.9m/474930698967ns] on relative clock which is above the warn threshold of [5000ms]", "cluster.uuid": "Qbw2pof0QzSXC1OvK0aFSw", "node.id": "t9hfPgy_RyC9LOJUxQUrSQ"  }
{"type": "server", "timestamp": "2022-03-30T09:29:27,389Z", "level": "WARN", "component": "o.e.t.ThreadPool", "cluster.name": "tpotcluster", "node.name": "tpotcluster-node-01", "message": "timer thread slept for [5.6m/341644ms] on absolute clock which is above the warn threshold of [5000ms]", "cluster.uuid": "Qbw2pof0QzSXC1OvK0aFSw", "node.id": "t9hfPgy_RyC9LOJUxQUrSQ"  }
{"type": "server", "timestamp": "2022-03-30T09:29:35,131Z", "level": "WARN", "component": "o.e.m.f.FsHealthService", "cluster.name": "tpotcluster", "node.name": "tpotcluster-node-01", "message": "health check of [/data/elk/data/nodes/0] took [342095ms] which is above the warn threshold of [5s]", "cluster.uuid": "Qbw2pof0QzSXC1OvK0aFSw", "node.id": "t9hfPgy_RyC9LOJUxQUrSQ"  }
{"type": "server", "timestamp": "2022-03-30T09:29:37,076Z", "level": "WARN", "component": "o.e.t.ThreadPool", "cluster.name": "tpotcluster", "node.name": "tpotcluster-node-01", "message": "timer thread slept for [5.7m/342094902157ns] on relative clock which is above the warn threshold of [5000ms]", "cluster.uuid": "Qbw2pof0QzSXC1OvK0aFSw", "node.id": "t9hfPgy_RyC9LOJUxQUrSQ"  }
{"type": "server", "timestamp": "2022-03-30T10:20:22,959Z", "level": "WARN", "component": "o.e.t.ThreadPool", "cluster.name": "tpotcluster", "node.name": "tpotcluster-node-01", "message": "timer thread slept for [49.4m/2968893ms] on absolute clock which is above the warn threshold of [5000ms]", "cluster.uuid": "Qbw2pof0QzSXC1OvK0aFSw", "node.id": "t9hfPgy_RyC9LOJUxQUrSQ"  }
{"type": "server", "timestamp": "2022-03-30T10:28:42,990Z", "level": "INFO", "component": "o.e.n.Node", "cluster.name": "tpotcluster", "node.name": "tpotcluster-node-01", "message": "version[7.17.0], pid[1], build[default/tar/bee86328705acaa9a6daede7140defd4d9ec56bd/2022-01-28T08:36:04.875279988Z], OS[Linux/4.19.0-20-cloud-amd64/amd64], JVM[Alpine/OpenJDK 64-Bit Server VM/16.0.2/16.0.2+7-alpine-r1]" }
{"type": "server", "timestamp": "2022-03-30T10:28:43,054Z", "level": "INFO", "component": "o.e.n.Node", "cluster.name": "tpotcluster", "node.name": "tpotcluster-node-01", "message": "JVM home [/usr/lib/jvm/java-16-openjdk], using bundled JDK [false]" }
{"type": "server", "timestamp": "2022-03-30T10:28:43,056Z", "level": "INFO", "component": "o.e.n.Node", "cluster.name": "tpotcluster", "node.name": "tpotcluster-node-01", "message": "JVM arguments [-Xshare:auto, -Des.networkaddress.cache.ttl=60, -Des.networkaddress.cache.negative.ttl=10, -XX:+AlwaysPreTouch, -Xss1m, -Djava.awt.headless=true, -Dfile.encoding=UTF-8, -Djna.nosys=true, -XX:-OmitStackTraceInFastThrow, -XX:+ShowCodeDetailsInExceptionMessages, -Dio.netty.noUnsafe=true, -Dio.netty.noKeySetOptimization=true, -Dio.netty.recycler.maxCapacityPerThread=0, -Dio.netty.allocator.numDirectArenas=0, -Dlog4j.shutdownHookEnabled=false, -Dlog4j2.disable.jmx=true, -Dlog4j2.formatMsgNoLookups=true, -Djava.locale.providers=SPI,COMPAT, --add-opens=java.base/java.io=ALL-UNNAMED, -XX:+UseG1GC, -Djava.io.tmpdir=/tmp, -XX:+HeapDumpOnOutOfMemoryError, -XX:+ExitOnOutOfMemoryError, -XX:HeapDumpPath=data, -XX:ErrorFile=logs/hs_err_pid%p.log, -Xlog:gc*,gc+age=trace,safepoint:file=logs/gc.log:utctime,pid,tags:filecount=32,filesize=64m, -Xms2048m, -Xmx2048m, -XX:MaxDirectMemorySize=1073741824, -XX:G1HeapRegionSize=4m, -XX:InitiatingHeapOccupancyPercent=30, -XX:G1ReservePercent=15, -Des.path.home=/usr/share/elasticsearch, -Des.path.conf=/usr/share/elasticsearch/config, -Des.distribution.flavor=default, -Des.distribution.type=tar, -Des.bundled_jdk=true]" }
{"type": "server", "timestamp": "2022-03-30T10:28:49,128Z", "level": "INFO", "component": "o.e.p.PluginsService", "cluster.name": "tpotcluster", "node.name": "tpotcluster-node-01", "message": "loaded module [aggs-matrix-stats]" }
{"type": "server", "timestamp": "2022-03-30T10:28:49,132Z", "level": "INFO", "component": "o.e.p.PluginsService", "cluster.name": "tpotcluster", "node.name": "tpotcluster-node-01", "message": "loaded module [analysis-common]" }
{"type": "server", "timestamp": "2022-03-30T10:28:49,135Z", "level": "INFO", "component": "o.e.p.PluginsService", "cluster.name": "tpotcluster", "node.name": "tpotcluster-node-01", "message": "loaded module [constant-keyword]" }
{"type": "server", "timestamp": "2022-03-30T10:28:49,136Z", "level": "INFO", "component": "o.e.p.PluginsService", "cluster.name": "tpotcluster", "node.name": "tpotcluster-node-01", "message": "loaded module [frozen-indices]" }
{"type": "server", "timestamp": "2022-03-30T10:28:49,136Z", "level": "INFO", "component": "o.e.p.PluginsService", "cluster.name": "tpotcluster", "node.name": "tpotcluster-node-01", "message": "loaded module [ingest-common]" }
{"type": "server", "timestamp": "2022-03-30T10:28:49,137Z", "level": "INFO", "component": "o.e.p.PluginsService", "cluster.name": "tpotcluster", "node.name": "tpotcluster-node-01", "message": "loaded module [ingest-geoip]" }
{"type": "server", "timestamp": "2022-03-30T10:28:49,137Z", "level": "INFO", "component": "o.e.p.PluginsService", "cluster.name": "tpotcluster", "node.name": "tpotcluster-node-01", "message": "loaded module [ingest-user-agent]" }
{"type": "server", "timestamp": "2022-03-30T10:28:49,138Z", "level": "INFO", "component": "o.e.p.PluginsService", "cluster.name": "tpotcluster", "node.name": "tpotcluster-node-01", "message": "loaded module [kibana]" }
{"type": "server", "timestamp": "2022-03-30T10:28:49,139Z", "level": "INFO", "component": "o.e.p.PluginsService", "cluster.name": "tpotcluster", "node.name": "tpotcluster-node-01", "message": "loaded module [lang-expression]" }
{"type": "server", "timestamp": "2022-03-30T10:28:49,139Z", "level": "INFO", "component": "o.e.p.PluginsService", "cluster.name": "tpotcluster", "node.name": "tpotcluster-node-01", "message": "loaded module [lang-mustache]" }
{"type": "server", "timestamp": "2022-03-30T10:28:49,140Z", "level": "INFO", "component": "o.e.p.PluginsService", "cluster.name": "tpotcluster", "node.name": "tpotcluster-node-01", "message": "loaded module [lang-painless]" }
{"type": "server", "timestamp": "2022-03-30T10:28:49,140Z", "level": "INFO", "component": "o.e.p.PluginsService", "cluster.name": "tpotcluster", "node.name": "tpotcluster-node-01", "message": "loaded module [legacy-geo]" }
{"type": "server", "timestamp": "2022-03-30T10:28:49,141Z", "level": "INFO", "component": "o.e.p.PluginsService", "cluster.name": "tpotcluster", "node.name": "tpotcluster-node-01", "message": "loaded module [mapper-extras]" }
{"type": "server", "timestamp": "2022-03-30T10:28:49,141Z", "level": "INFO", "component": "o.e.p.PluginsService", "cluster.name": "tpotcluster", "node.name": "tpotcluster-node-01", "message": "loaded module [mapper-version]" }
{"type": "server", "timestamp": "2022-03-30T10:28:49,142Z", "level": "INFO", "component": "o.e.p.PluginsService", "cluster.name": "tpotcluster", "node.name": "tpotcluster-node-01", "message": "loaded module [parent-join]" }
{"type": "server", "timestamp": "2022-03-30T10:28:49,143Z", "level": "INFO", "component": "o.e.p.PluginsService", "cluster.name": "tpotcluster", "node.name": "tpotcluster-node-01", "message": "loaded module [percolator]" }
{"type": "server", "timestamp": "2022-03-30T10:28:49,143Z", "level": "INFO", "component": "o.e.p.PluginsService", "cluster.name": "tpotcluster", "node.name": "tpotcluster-node-01", "message": "loaded module [rank-eval]" }
{"type": "server", "timestamp": "2022-03-30T10:28:49,144Z", "level": "INFO", "component": "o.e.p.PluginsService", "cluster.name": "tpotcluster", "node.name": "tpotcluster-node-01", "message": "loaded module [reindex]" }
{"type": "server", "timestamp": "2022-03-30T10:28:49,144Z", "level": "INFO", "component": "o.e.p.PluginsService", "cluster.name": "tpotcluster", "node.name": "tpotcluster-node-01", "message": "loaded module [repositories-metering-api]" }
{"type": "server", "timestamp": "2022-03-30T10:28:49,144Z", "level": "INFO", "component": "o.e.p.PluginsService", "cluster.name": "tpotcluster", "node.name": "tpotcluster-node-01", "message": "loaded module [repository-encrypted]" }
{"type": "server", "timestamp": "2022-03-30T10:28:49,145Z", "level": "INFO", "component": "o.e.p.PluginsService", "cluster.name": "tpotcluster", "node.name": "tpotcluster-node-01", "message": "loaded module [repository-url]" }
{"type": "server", "timestamp": "2022-03-30T10:28:49,145Z", "level": "INFO", "component": "o.e.p.PluginsService", "cluster.name": "tpotcluster", "node.name": "tpotcluster-node-01", "message": "loaded module [runtime-fields-common]" }
{"type": "server", "timestamp": "2022-03-30T10:28:49,146Z", "level": "INFO", "component": "o.e.p.PluginsService", "cluster.name": "tpotcluster", "node.name": "tpotcluster-node-01", "message": "loaded module [search-business-rules]" }
{"type": "server", "timestamp": "2022-03-30T10:28:49,147Z", "level": "INFO", "component": "o.e.p.PluginsService", "cluster.name": "tpotcluster", "node.name": "tpotcluster-node-01", "message": "loaded module [searchable-snapshots]" }
{"type": "server", "timestamp": "2022-03-30T10:28:49,147Z", "level": "INFO", "component": "o.e.p.PluginsService", "cluster.name": "tpotcluster", "node.name": "tpotcluster-node-01", "message": "loaded module [snapshot-repo-test-kit]" }
{"type": "server", "timestamp": "2022-03-30T10:28:49,148Z", "level": "INFO", "component": "o.e.p.PluginsService", "cluster.name": "tpotcluster", "node.name": "tpotcluster-node-01", "message": "loaded module [spatial]" }
{"type": "server", "timestamp": "2022-03-30T10:28:49,148Z", "level": "INFO", "component": "o.e.p.PluginsService", "cluster.name": "tpotcluster", "node.name": "tpotcluster-node-01", "message": "loaded module [transform]" }
{"type": "server", "timestamp": "2022-03-30T10:28:49,149Z", "level": "INFO", "component": "o.e.p.PluginsService", "cluster.name": "tpotcluster", "node.name": "tpotcluster-node-01", "message": "loaded module [transport-netty4]" }
{"type": "server", "timestamp": "2022-03-30T10:28:49,149Z", "level": "INFO", "component": "o.e.p.PluginsService", "cluster.name": "tpotcluster", "node.name": "tpotcluster-node-01", "message": "loaded module [unsigned-long]" }
{"type": "server", "timestamp": "2022-03-30T10:28:49,150Z", "level": "INFO", "component": "o.e.p.PluginsService", "cluster.name": "tpotcluster", "node.name": "tpotcluster-node-01", "message": "loaded module [vector-tile]" }
{"type": "server", "timestamp": "2022-03-30T10:28:49,150Z", "level": "INFO", "component": "o.e.p.PluginsService", "cluster.name": "tpotcluster", "node.name": "tpotcluster-node-01", "message": "loaded module [vectors]" }
{"type": "server", "timestamp": "2022-03-30T10:28:49,151Z", "level": "INFO", "component": "o.e.p.PluginsService", "cluster.name": "tpotcluster", "node.name": "tpotcluster-node-01", "message": "loaded module [wildcard]" }
{"type": "server", "timestamp": "2022-03-30T10:28:49,151Z", "level": "INFO", "component": "o.e.p.PluginsService", "cluster.name": "tpotcluster", "node.name": "tpotcluster-node-01", "message": "loaded module [x-pack-aggregate-metric]" }
{"type": "server", "timestamp": "2022-03-30T10:28:49,152Z", "level": "INFO", "component": "o.e.p.PluginsService", "cluster.name": "tpotcluster", "node.name": "tpotcluster-node-01", "message": "loaded module [x-pack-analytics]" }
{"type": "server", "timestamp": "2022-03-30T10:28:49,152Z", "level": "INFO", "component": "o.e.p.PluginsService", "cluster.name": "tpotcluster", "node.name": "tpotcluster-node-01", "message": "loaded module [x-pack-async]" }
{"type": "server", "timestamp": "2022-03-30T10:28:49,153Z", "level": "INFO", "component": "o.e.p.PluginsService", "cluster.name": "tpotcluster", "node.name": "tpotcluster-node-01", "message": "loaded module [x-pack-async-search]" }
{"type": "server", "timestamp": "2022-03-30T10:28:49,153Z", "level": "INFO", "component": "o.e.p.PluginsService", "cluster.name": "tpotcluster", "node.name": "tpotcluster-node-01", "message": "loaded module [x-pack-autoscaling]" }
{"type": "server", "timestamp": "2022-03-30T10:28:49,154Z", "level": "INFO", "component": "o.e.p.PluginsService", "cluster.name": "tpotcluster", "node.name": "tpotcluster-node-01", "message": "loaded module [x-pack-ccr]" }
{"type": "server", "timestamp": "2022-03-30T10:28:49,154Z", "level": "INFO", "component": "o.e.p.PluginsService", "cluster.name": "tpotcluster", "node.name": "tpotcluster-node-01", "message": "loaded module [x-pack-core]" }
{"type": "server", "timestamp": "2022-03-30T10:28:49,155Z", "level": "INFO", "component": "o.e.p.PluginsService", "cluster.name": "tpotcluster", "node.name": "tpotcluster-node-01", "message": "loaded module [x-pack-data-streams]" }
{"type": "server", "timestamp": "2022-03-30T10:28:49,155Z", "level": "INFO", "component": "o.e.p.PluginsService", "cluster.name": "tpotcluster", "node.name": "tpotcluster-node-01", "message": "loaded module [x-pack-deprecation]" }
{"type": "server", "timestamp": "2022-03-30T10:28:49,156Z", "level": "INFO", "component": "o.e.p.PluginsService", "cluster.name": "tpotcluster", "node.name": "tpotcluster-node-01", "message": "loaded module [x-pack-enrich]" }
{"type": "server", "timestamp": "2022-03-30T10:28:49,156Z", "level": "INFO", "component": "o.e.p.PluginsService", "cluster.name": "tpotcluster", "node.name": "tpotcluster-node-01", "message": "loaded module [x-pack-eql]" }
{"type": "server", "timestamp": "2022-03-30T10:28:49,157Z", "level": "INFO", "component": "o.e.p.PluginsService", "cluster.name": "tpotcluster", "node.name": "tpotcluster-node-01", "message": "loaded module [x-pack-fleet]" }
{"type": "server", "timestamp": "2022-03-30T10:28:49,157Z", "level": "INFO", "component": "o.e.p.PluginsService", "cluster.name": "tpotcluster", "node.name": "tpotcluster-node-01", "message": "loaded module [x-pack-graph]" }
{"type": "server", "timestamp": "2022-03-30T10:28:49,158Z", "level": "INFO", "component": "o.e.p.PluginsService", "cluster.name": "tpotcluster", "node.name": "tpotcluster-node-01", "message": "loaded module [x-pack-identity-provider]" }
{"type": "server", "timestamp": "2022-03-30T10:28:49,158Z", "level": "INFO", "component": "o.e.p.PluginsService", "cluster.name": "tpotcluster", "node.name": "tpotcluster-node-01", "message": "loaded module [x-pack-ilm]" }
{"type": "server", "timestamp": "2022-03-30T10:28:49,158Z", "level": "INFO", "component": "o.e.p.PluginsService", "cluster.name": "tpotcluster", "node.name": "tpotcluster-node-01", "message": "loaded module [x-pack-logstash]" }
{"type": "server", "timestamp": "2022-03-30T10:28:49,159Z", "level": "INFO", "component": "o.e.p.PluginsService", "cluster.name": "tpotcluster", "node.name": "tpotcluster-node-01", "message": "loaded module [x-pack-monitoring]" }
{"type": "server", "timestamp": "2022-03-30T10:28:49,159Z", "level": "INFO", "component": "o.e.p.PluginsService", "cluster.name": "tpotcluster", "node.name": "tpotcluster-node-01", "message": "loaded module [x-pack-ql]" }
{"type": "server", "timestamp": "2022-03-30T10:28:49,160Z", "level": "INFO", "component": "o.e.p.PluginsService", "cluster.name": "tpotcluster", "node.name": "tpotcluster-node-01", "message": "loaded module [x-pack-rollup]" }
{"type": "server", "timestamp": "2022-03-30T10:28:49,160Z", "level": "INFO", "component": "o.e.p.PluginsService", "cluster.name": "tpotcluster", "node.name": "tpotcluster-node-01", "message": "loaded module [x-pack-security]" }
{"type": "server", "timestamp": "2022-03-30T10:28:49,161Z", "level": "INFO", "component": "o.e.p.PluginsService", "cluster.name": "tpotcluster", "node.name": "tpotcluster-node-01", "message": "loaded module [x-pack-shutdown]" }
{"type": "server", "timestamp": "2022-03-30T10:28:49,161Z", "level": "INFO", "component": "o.e.p.PluginsService", "cluster.name": "tpotcluster", "node.name": "tpotcluster-node-01", "message": "loaded module [x-pack-sql]" }
{"type": "server", "timestamp": "2022-03-30T10:28:49,161Z", "level": "INFO", "component": "o.e.p.PluginsService", "cluster.name": "tpotcluster", "node.name": "tpotcluster-node-01", "message": "loaded module [x-pack-stack]" }
{"type": "server", "timestamp": "2022-03-30T10:28:49,162Z", "level": "INFO", "component": "o.e.p.PluginsService", "cluster.name": "tpotcluster", "node.name": "tpotcluster-node-01", "message": "loaded module [x-pack-text-structure]" }
{"type": "server", "timestamp": "2022-03-30T10:28:49,162Z", "level": "INFO", "component": "o.e.p.PluginsService", "cluster.name": "tpotcluster", "node.name": "tpotcluster-node-01", "message": "loaded module [x-pack-voting-only-node]" }
{"type": "server", "timestamp": "2022-03-30T10:28:49,163Z", "level": "INFO", "component": "o.e.p.PluginsService", "cluster.name": "tpotcluster", "node.name": "tpotcluster-node-01", "message": "loaded module [x-pack-watcher]" }
{"type": "server", "timestamp": "2022-03-30T10:28:49,164Z", "level": "INFO", "component": "o.e.p.PluginsService", "cluster.name": "tpotcluster", "node.name": "tpotcluster-node-01", "message": "no plugins loaded" }
{"type": "server", "timestamp": "2022-03-30T10:28:49,233Z", "level": "INFO", "component": "o.e.e.NodeEnvironment", "cluster.name": "tpotcluster", "node.name": "tpotcluster-node-01", "message": "using [1] data paths, mounts [[/data (/dev/sda1)]], net usable_space [103.3gb], net total_space [125.8gb], types [ext4]" }
{"type": "server", "timestamp": "2022-03-30T10:28:49,233Z", "level": "INFO", "component": "o.e.e.NodeEnvironment", "cluster.name": "tpotcluster", "node.name": "tpotcluster-node-01", "message": "heap size [2gb], compressed ordinary object pointers [true]" }
{"type": "server", "timestamp": "2022-03-30T10:28:49,669Z", "level": "INFO", "component": "o.e.n.Node", "cluster.name": "tpotcluster", "node.name": "tpotcluster-node-01", "message": "node name [tpotcluster-node-01], node ID [t9hfPgy_RyC9LOJUxQUrSQ], cluster name [tpotcluster], roles [transform, data_frozen, master, remote_cluster_client, data, data_content, data_hot, data_warm, data_cold, ingest]" }
{"type": "server", "timestamp": "2022-03-30T10:29:04,233Z", "level": "INFO", "component": "o.e.i.g.ConfigDatabases", "cluster.name": "tpotcluster", "node.name": "tpotcluster-node-01", "message": "initialized default databases [[GeoLite2-Country.mmdb, GeoLite2-City.mmdb, GeoLite2-ASN.mmdb]], config databases [[]] and watching [/usr/share/elasticsearch/config/ingest-geoip] for changes" }
{"type": "server", "timestamp": "2022-03-30T10:29:04,241Z", "level": "INFO", "component": "o.e.i.g.DatabaseNodeService", "cluster.name": "tpotcluster", "node.name": "tpotcluster-node-01", "message": "initialized database registry, using geoip-databases directory [/tmp/geoip-databases/t9hfPgy_RyC9LOJUxQUrSQ]" }
{"type": "server", "timestamp": "2022-03-30T10:29:05,530Z", "level": "INFO", "component": "o.e.t.NettyAllocator", "cluster.name": "tpotcluster", "node.name": "tpotcluster-node-01", "message": "creating NettyAllocator with the following configs: [name=elasticsearch_configured, chunk_size=1mb, suggested_max_allocation_size=1mb, factors={es.unsafe.use_netty_default_chunk_and_page_size=false, g1gc_enabled=true, g1gc_region_size=4mb}]" }
{"type": "server", "timestamp": "2022-03-30T10:29:05,706Z", "level": "INFO", "component": "o.e.d.DiscoveryModule", "cluster.name": "tpotcluster", "node.name": "tpotcluster-node-01", "message": "using discovery type [single-node] and seed hosts providers [settings]" }
{"type": "server", "timestamp": "2022-03-30T10:29:06,684Z", "level": "INFO", "component": "o.e.g.DanglingIndicesState", "cluster.name": "tpotcluster", "node.name": "tpotcluster-node-01", "message": "gateway.auto_import_dangling_indices is disabled, dangling indices will not be automatically detected or imported and must be managed manually" }
{"type": "server", "timestamp": "2022-03-30T10:29:07,796Z", "level": "INFO", "component": "o.e.n.Node", "cluster.name": "tpotcluster", "node.name": "tpotcluster-node-01", "message": "initialized" }
{"type": "server", "timestamp": "2022-03-30T10:29:07,796Z", "level": "INFO", "component": "o.e.n.Node", "cluster.name": "tpotcluster", "node.name": "tpotcluster-node-01", "message": "starting ..." }
{"type": "server", "timestamp": "2022-03-30T10:29:07,891Z", "level": "INFO", "component": "o.e.x.s.c.f.PersistentCache", "cluster.name": "tpotcluster", "node.name": "tpotcluster-node-01", "message": "persistent cache index loaded" }
{"type": "server", "timestamp": "2022-03-30T10:29:07,895Z", "level": "INFO", "component": "o.e.x.d.l.DeprecationIndexingComponent", "cluster.name": "tpotcluster", "node.name": "tpotcluster-node-01", "message": "deprecation component started" }
{"type": "server", "timestamp": "2022-03-30T10:29:08,214Z", "level": "INFO", "component": "o.e.t.TransportService", "cluster.name": "tpotcluster", "node.name": "tpotcluster-node-01", "message": "publish_address {127.0.0.1:9300}, bound_addresses {127.0.0.1:9300}" }
{"type": "server", "timestamp": "2022-03-30T10:29:10,491Z", "level": "INFO", "component": "o.e.c.c.Coordinator", "cluster.name": "tpotcluster", "node.name": "tpotcluster-node-01", "message": "cluster UUID [Qbw2pof0QzSXC1OvK0aFSw]" }
{"type": "server", "timestamp": "2022-03-30T10:29:10,688Z", "level": "INFO", "component": "o.e.c.s.MasterService", "cluster.name": "tpotcluster", "node.name": "tpotcluster-node-01", "message": "elected-as-master ([1] nodes joined)[{tpotcluster-node-01}{t9hfPgy_RyC9LOJUxQUrSQ}{6tpbr2BjRyGla5Gk21Z-IQ}{127.0.0.1}{127.0.0.1:9300}{cdfhimrstw} elect leader, _BECOME_MASTER_TASK_, _FINISH_ELECTION_], term: 161, version: 4622, delta: master node changed {previous [], current [{tpotcluster-node-01}{t9hfPgy_RyC9LOJUxQUrSQ}{6tpbr2BjRyGla5Gk21Z-IQ}{127.0.0.1}{127.0.0.1:9300}{cdfhimrstw}]}" }
{"type": "server", "timestamp": "2022-03-30T10:29:10,913Z", "level": "INFO", "component": "o.e.c.s.ClusterApplierService", "cluster.name": "tpotcluster", "node.name": "tpotcluster-node-01", "message": "master node changed {previous [], current [{tpotcluster-node-01}{t9hfPgy_RyC9LOJUxQUrSQ}{6tpbr2BjRyGla5Gk21Z-IQ}{127.0.0.1}{127.0.0.1:9300}{cdfhimrstw}]}, term: 161, version: 4622, reason: Publication{term=161, version=4622}" }
{"type": "server", "timestamp": "2022-03-30T10:29:11,039Z", "level": "INFO", "component": "o.e.h.AbstractHttpServerTransport", "cluster.name": "tpotcluster", "node.name": "tpotcluster-node-01", "message": "publish_address {192.168.48.2:9200}, bound_addresses {0.0.0.0:9200}", "cluster.uuid": "Qbw2pof0QzSXC1OvK0aFSw", "node.id": "t9hfPgy_RyC9LOJUxQUrSQ"  }
{"type": "server", "timestamp": "2022-03-30T10:29:11,040Z", "level": "INFO", "component": "o.e.n.Node", "cluster.name": "tpotcluster", "node.name": "tpotcluster-node-01", "message": "started", "cluster.uuid": "Qbw2pof0QzSXC1OvK0aFSw", "node.id": "t9hfPgy_RyC9LOJUxQUrSQ"  }
{"type": "server", "timestamp": "2022-03-30T10:29:12,603Z", "level": "INFO", "component": "o.e.l.LicenseService", "cluster.name": "tpotcluster", "node.name": "tpotcluster-node-01", "message": "license [06f03395-4097-4495-8e63-b3dc92f4de14] mode [basic] - valid", "cluster.uuid": "Qbw2pof0QzSXC1OvK0aFSw", "node.id": "t9hfPgy_RyC9LOJUxQUrSQ"  }
{"type": "server", "timestamp": "2022-03-30T10:29:12,629Z", "level": "INFO", "component": "o.e.g.GatewayService", "cluster.name": "tpotcluster", "node.name": "tpotcluster-node-01", "message": "recovered [33] indices into cluster_state", "cluster.uuid": "Qbw2pof0QzSXC1OvK0aFSw", "node.id": "t9hfPgy_RyC9LOJUxQUrSQ"  }
{"type": "server", "timestamp": "2022-03-30T10:29:12,957Z", "level": "WARN", "component": "r.suppressed", "cluster.name": "tpotcluster", "node.name": "tpotcluster-node-01", "message": "path: /.kibana_7.17.0/_search, params: {rest_total_hits_as_int=true, size=20, index=.kibana_7.17.0, from=0}", "cluster.uuid": "Qbw2pof0QzSXC1OvK0aFSw", "node.id": "t9hfPgy_RyC9LOJUxQUrSQ" , 
"stacktrace": ["org.elasticsearch.action.search.SearchPhaseExecutionException: all shards failed",
"at org.elasticsearch.action.search.AbstractSearchAsyncAction.onPhaseFailure(AbstractSearchAsyncAction.java:725) [elasticsearch-7.17.0.jar:7.17.0]",
"at org.elasticsearch.action.search.AbstractSearchAsyncAction.executeNextPhase(AbstractSearchAsyncAction.java:412) [elasticsearch-7.17.0.jar:7.17.0]",
"at org.elasticsearch.action.search.AbstractSearchAsyncAction.onPhaseDone(AbstractSearchAsyncAction.java:757) [elasticsearch-7.17.0.jar:7.17.0]",
"at org.elasticsearch.action.search.AbstractSearchAsyncAction.onShardFailure(AbstractSearchAsyncAction.java:509) [elasticsearch-7.17.0.jar:7.17.0]",
"at org.elasticsearch.action.search.AbstractSearchAsyncAction.performPhaseOnShard(AbstractSearchAsyncAction.java:320) [elasticsearch-7.17.0.jar:7.17.0]",
"at org.elasticsearch.action.search.AbstractSearchAsyncAction.run(AbstractSearchAsyncAction.java:256) [elasticsearch-7.17.0.jar:7.17.0]",
"at org.elasticsearch.action.search.AbstractSearchAsyncAction.executePhase(AbstractSearchAsyncAction.java:466) [elasticsearch-7.17.0.jar:7.17.0]",
"at org.elasticsearch.action.search.AbstractSearchAsyncAction.start(AbstractSearchAsyncAction.java:211) [elasticsearch-7.17.0.jar:7.17.0]",
"at org.elasticsearch.action.search.TransportSearchAction.executeSearch(TransportSearchAction.java:1048) [elasticsearch-7.17.0.jar:7.17.0]",
"at org.elasticsearch.action.search.TransportSearchAction.executeLocalSearch(TransportSearchAction.java:763) [elasticsearch-7.17.0.jar:7.17.0]",
"at org.elasticsearch.action.search.TransportSearchAction.lambda$executeRequest$6(TransportSearchAction.java:399) [elasticsearch-7.17.0.jar:7.17.0]",
"at org.elasticsearch.action.ActionListener$1.onResponse(ActionListener.java:136) [elasticsearch-7.17.0.jar:7.17.0]",
"at org.elasticsearch.index.query.Rewriteable.rewriteAndFetch(Rewriteable.java:112) [elasticsearch-7.17.0.jar:7.17.0]",
"at org.elasticsearch.index.query.Rewriteable.rewriteAndFetch(Rewriteable.java:77) [elasticsearch-7.17.0.jar:7.17.0]",
"at org.elasticsearch.action.search.TransportSearchAction.executeRequest(TransportSearchAction.java:487) [elasticsearch-7.17.0.jar:7.17.0]",
"at org.elasticsearch.action.search.TransportSearchAction.doExecute(TransportSearchAction.java:285) [elasticsearch-7.17.0.jar:7.17.0]",
"at org.elasticsearch.action.search.TransportSearchAction.doExecute(TransportSearchAction.java:101) [elasticsearch-7.17.0.jar:7.17.0]",
"at org.elasticsearch.action.support.TransportAction$RequestFilterChain.proceed(TransportAction.java:179) [elasticsearch-7.17.0.jar:7.17.0]",
"at org.elasticsearch.action.support.TransportAction.execute(TransportAction.java:154) [elasticsearch-7.17.0.jar:7.17.0]",
"at org.elasticsearch.action.support.TransportAction.execute(TransportAction.java:82) [elasticsearch-7.17.0.jar:7.17.0]",
"at org.elasticsearch.client.node.NodeClient.executeLocally(NodeClient.java:95) [elasticsearch-7.17.0.jar:7.17.0]",
"at org.elasticsearch.rest.action.RestCancellableNodeClient.doExecute(RestCancellableNodeClient.java:81) [elasticsearch-7.17.0.jar:7.17.0]",
"at org.elasticsearch.client.support.AbstractClient.execute(AbstractClient.java:407) [elasticsearch-7.17.0.jar:7.17.0]",
"at org.elasticsearch.rest.action.search.RestSearchAction.lambda$prepareRequest$2(RestSearchAction.java:122) [elasticsearch-7.17.0.jar:7.17.0]",
"at org.elasticsearch.rest.BaseRestHandler.handleRequest(BaseRestHandler.java:109) [elasticsearch-7.17.0.jar:7.17.0]",
"at org.elasticsearch.rest.RestController.dispatchRequest(RestController.java:327) [elasticsearch-7.17.0.jar:7.17.0]",
"at org.elasticsearch.rest.RestController.tryAllHandlers(RestController.java:393) [elasticsearch-7.17.0.jar:7.17.0]",
"at org.elasticsearch.rest.RestController.dispatchRequest(RestController.java:245) [elasticsearch-7.17.0.jar:7.17.0]",
"at org.elasticsearch.http.AbstractHttpServerTransport.dispatchRequest(AbstractHttpServerTransport.java:382) [elasticsearch-7.17.0.jar:7.17.0]",
"at org.elasticsearch.http.AbstractHttpServerTransport.handleIncomingRequest(AbstractHttpServerTransport.java:461) [elasticsearch-7.17.0.jar:7.17.0]",
"at org.elasticsearch.http.AbstractHttpServerTransport.incomingRequest(AbstractHttpServerTransport.java:357) [elasticsearch-7.17.0.jar:7.17.0]",
"at org.elasticsearch.http.netty4.Netty4HttpRequestHandler.channelRead0(Netty4HttpRequestHandler.java:32) [transport-netty4-client-7.17.0.jar:7.17.0]",
"at org.elasticsearch.http.netty4.Netty4HttpRequestHandler.channelRead0(Netty4HttpRequestHandler.java:18) [transport-netty4-client-7.17.0.jar:7.17.0]",
"at io.netty.channel.SimpleChannelInboundHandler.channelRead(SimpleChannelInboundHandler.java:99) [netty-transport-4.1.66.Final.jar:4.1.66.Final]",
"at io.netty.channel.AbstractChannelHandlerContext.invokeChannelRead(AbstractChannelHandlerContext.java:379) [netty-transport-4.1.66.Final.jar:4.1.66.Final]",
"at io.netty.channel.AbstractChannelHandlerContext.invokeChannelRead(AbstractChannelHandlerContext.java:365) [netty-transport-4.1.66.Final.jar:4.1.66.Final]",
"at io.netty.channel.AbstractChannelHandlerContext.fireChannelRead(AbstractChannelHandlerContext.java:357) [netty-transport-4.1.66.Final.jar:4.1.66.Final]",
"at org.elasticsearch.http.netty4.Netty4HttpPipeliningHandler.channelRead(Netty4HttpPipeliningHandler.java:48) [transport-netty4-client-7.17.0.jar:7.17.0]",
"at io.netty.channel.AbstractChannelHandlerContext.invokeChannelRead(AbstractChannelHandlerContext.java:379) [netty-transport-4.1.66.Final.jar:4.1.66.Final]",
"at io.netty.channel.AbstractChannelHandlerContext.invokeChannelRead(AbstractChannelHandlerContext.java:365) [netty-transport-4.1.66.Final.jar:4.1.66.Final]",
"at io.netty.channel.AbstractChannelHandlerContext.fireChannelRead(AbstractChannelHandlerContext.java:357) [netty-transport-4.1.66.Final.jar:4.1.66.Final]",
"at io.netty.handler.codec.MessageToMessageDecoder.channelRead(MessageToMessageDecoder.java:103) [netty-codec-4.1.66.Final.jar:4.1.66.Final]",
"at io.netty.channel.AbstractChannelHandlerContext.invokeChannelRead(AbstractChannelHandlerContext.java:379) [netty-transport-4.1.66.Final.jar:4.1.66.Final]",
"at io.netty.channel.AbstractChannelHandlerContext.invokeChannelRead(AbstractChannelHandlerContext.java:365) [netty-transport-4.1.66.Final.jar:4.1.66.Final]",
"at io.netty.channel.AbstractChannelHandlerContext.fireChannelRead(AbstractChannelHandlerContext.java:357) [netty-transport-4.1.66.Final.jar:4.1.66.Final]",
"at io.netty.handler.codec.MessageToMessageDecoder.channelRead(MessageToMessageDecoder.java:103) [netty-codec-4.1.66.Final.jar:4.1.66.Final]",
"at io.netty.handler.codec.MessageToMessageCodec.channelRead(MessageToMessageCodec.java:111) [netty-codec-4.1.66.Final.jar:4.1.66.Final]",
"at io.netty.channel.AbstractChannelHandlerContext.invokeChannelRead(AbstractChannelHandlerContext.java:379) [netty-transport-4.1.66.Final.jar:4.1.66.Final]",
"at io.netty.channel.AbstractChannelHandlerContext.invokeChannelRead(AbstractChannelHandlerContext.java:365) [netty-transport-4.1.66.Final.jar:4.1.66.Final]",
"at io.netty.channel.AbstractChannelHandlerContext.fireChannelRead(AbstractChannelHandlerContext.java:357) [netty-transport-4.1.66.Final.jar:4.1.66.Final]",
"at io.netty.handler.codec.MessageToMessageDecoder.channelRead(MessageToMessageDecoder.java:103) [netty-codec-4.1.66.Final.jar:4.1.66.Final]",
"at io.netty.channel.AbstractChannelHandlerContext.invokeChannelRead(AbstractChannelHandlerContext.java:379) [netty-transport-4.1.66.Final.jar:4.1.66.Final]",
"at io.netty.channel.AbstractChannelHandlerContext.invokeChannelRead(AbstractChannelHandlerContext.java:365) [netty-transport-4.1.66.Final.jar:4.1.66.Final]",
"at io.netty.channel.AbstractChannelHandlerContext.fireChannelRead(AbstractChannelHandlerContext.java:357) [netty-transport-4.1.66.Final.jar:4.1.66.Final]",
"at io.netty.handler.codec.MessageToMessageDecoder.channelRead(MessageToMessageDecoder.java:103) [netty-codec-4.1.66.Final.jar:4.1.66.Final]",
"at io.netty.channel.AbstractChannelHandlerContext.invokeChannelRead(AbstractChannelHandlerContext.java:379) [netty-transport-4.1.66.Final.jar:4.1.66.Final]",
"at io.netty.channel.AbstractChannelHandlerContext.invokeChannelRead(AbstractChannelHandlerContext.java:365) [netty-transport-4.1.66.Final.jar:4.1.66.Final]",
"at io.netty.channel.AbstractChannelHandlerContext.fireChannelRead(AbstractChannelHandlerContext.java:357) [netty-transport-4.1.66.Final.jar:4.1.66.Final]",
"at io.netty.handler.codec.ByteToMessageDecoder.fireChannelRead(ByteToMessageDecoder.java:324) [netty-codec-4.1.66.Final.jar:4.1.66.Final]",
"at io.netty.handler.codec.ByteToMessageDecoder.channelRead(ByteToMessageDecoder.java:296) [netty-codec-4.1.66.Final.jar:4.1.66.Final]",
"at io.netty.channel.AbstractChannelHandlerContext.invokeChannelRead(AbstractChannelHandlerContext.java:379) [netty-transport-4.1.66.Final.jar:4.1.66.Final]",
"at io.netty.channel.AbstractChannelHandlerContext.invokeChannelRead(AbstractChannelHandlerContext.java:365) [netty-transport-4.1.66.Final.jar:4.1.66.Final]",
"at io.netty.channel.AbstractChannelHandlerContext.fireChannelRead(AbstractChannelHandlerContext.java:357) [netty-transport-4.1.66.Final.jar:4.1.66.Final]",
"at io.netty.handler.timeout.IdleStateHandler.channelRead(IdleStateHandler.java:286) [netty-handler-4.1.66.Final.jar:4.1.66.Final]",
"at io.netty.channel.AbstractChannelHandlerContext.invokeChannelRead(AbstractChannelHandlerContext.java:379) [netty-transport-4.1.66.Final.jar:4.1.66.Final]",
"at io.netty.channel.AbstractChannelHandlerContext.invokeChannelRead(AbstractChannelHandlerContext.java:365) [netty-transport-4.1.66.Final.jar:4.1.66.Final]",
"at io.netty.channel.AbstractChannelHandlerContext.fireChannelRead(AbstractChannelHandlerContext.java:357) [netty-transport-4.1.66.Final.jar:4.1.66.Final]",
"at io.netty.handler.codec.MessageToMessageDecoder.channelRead(MessageToMessageDecoder.java:103) [netty-codec-4.1.66.Final.jar:4.1.66.Final]",
"at io.netty.channel.AbstractChannelHandlerContext.invokeChannelRead(AbstractChannelHandlerContext.java:379) [netty-transport-4.1.66.Final.jar:4.1.66.Final]",
"at io.netty.channel.AbstractChannelHandlerContext.invokeChannelRead(AbstractChannelHandlerContext.java:365) [netty-transport-4.1.66.Final.jar:4.1.66.Final]",
"at io.netty.channel.AbstractChannelHandlerContext.fireChannelRead(AbstractChannelHandlerContext.java:357) [netty-transport-4.1.66.Final.jar:4.1.66.Final]",
"at io.netty.channel.DefaultChannelPipeline$HeadContext.channelRead(DefaultChannelPipeline.java:1410) [netty-transport-4.1.66.Final.jar:4.1.66.Final]",
"at io.netty.channel.AbstractChannelHandlerContext.invokeChannelRead(AbstractChannelHandlerContext.java:379) [netty-transport-4.1.66.Final.jar:4.1.66.Final]",
"at io.netty.channel.AbstractChannelHandlerContext.invokeChannelRead(AbstractChannelHandlerContext.java:365) [netty-transport-4.1.66.Final.jar:4.1.66.Final]",
"at io.netty.channel.DefaultChannelPipeline.fireChannelRead(DefaultChannelPipeline.java:919) [netty-transport-4.1.66.Final.jar:4.1.66.Final]",
"at io.netty.channel.nio.AbstractNioByteChannel$NioByteUnsafe.read(AbstractNioByteChannel.java:166) [netty-transport-4.1.66.Final.jar:4.1.66.Final]",
"at io.netty.channel.nio.NioEventLoop.processSelectedKey(NioEventLoop.java:719) [netty-transport-4.1.66.Final.jar:4.1.66.Final]",
"at io.netty.channel.nio.NioEventLoop.processSelectedKeysPlain(NioEventLoop.java:620) [netty-transport-4.1.66.Final.jar:4.1.66.Final]",
"at io.netty.channel.nio.NioEventLoop.processSelectedKeys(NioEventLoop.java:583) [netty-transport-4.1.66.Final.jar:4.1.66.Final]",
"at io.netty.channel.nio.NioEventLoop.run(NioEventLoop.java:493) [netty-transport-4.1.66.Final.jar:4.1.66.Final]",
"at io.netty.util.concurrent.SingleThreadEventExecutor$4.run(SingleThreadEventExecutor.java:986) [netty-common-4.1.66.Final.jar:4.1.66.Final]",
"at io.netty.util.internal.ThreadExecutorMap$2.run(ThreadExecutorMap.java:74) [netty-common-4.1.66.Final.jar:4.1.66.Final]",
"at java.lang.Thread.run(Thread.java:831) [?:?]",
"Caused by: org.elasticsearch.action.NoShardAvailableActionException",
"at org.elasticsearch.action.search.AbstractSearchAsyncAction.onShardFailure(AbstractSearchAsyncAction.java:544) ~[elasticsearch-7.17.0.jar:7.17.0]",
"at org.elasticsearch.action.search.AbstractSearchAsyncAction.onShardFailure(AbstractSearchAsyncAction.java:491) [elasticsearch-7.17.0.jar:7.17.0]",
"... 79 more"] }
{"type": "server", "timestamp": "2022-03-30T10:29:13,299Z", "level": "WARN", "component": "r.suppressed", "cluster.name": "tpotcluster", "node.name": "tpotcluster-node-01", "message": "path: /.kibana_7.17.0/_doc/config%3A7.17.0, params: {index=.kibana_7.17.0, id=config:7.17.0}", "cluster.uuid": "Qbw2pof0QzSXC1OvK0aFSw", "node.id": "t9hfPgy_RyC9LOJUxQUrSQ" , 
"stacktrace": ["org.elasticsearch.action.NoShardAvailableActionException: No shard available for [get [.kibana_7.17.0][_doc][config:7.17.0]: routing [null]]",
"at org.elasticsearch.action.support.single.shard.TransportSingleShardAction$AsyncSingleAction.perform(TransportSingleShardAction.java:217) [elasticsearch-7.17.0.jar:7.17.0]",
"at org.elasticsearch.action.support.single.shard.TransportSingleShardAction$AsyncSingleAction.start(TransportSingleShardAction.java:194) [elasticsearch-7.17.0.jar:7.17.0]",
"at org.elasticsearch.action.support.single.shard.TransportSingleShardAction.doExecute(TransportSingleShardAction.java:98) [elasticsearch-7.17.0.jar:7.17.0]",
"at org.elasticsearch.action.support.single.shard.TransportSingleShardAction.doExecute(TransportSingleShardAction.java:51) [elasticsearch-7.17.0.jar:7.17.0]",
"at org.elasticsearch.action.support.TransportAction$RequestFilterChain.proceed(TransportAction.java:179) [elasticsearch-7.17.0.jar:7.17.0]",
"at org.elasticsearch.action.support.TransportAction.execute(TransportAction.java:154) [elasticsearch-7.17.0.jar:7.17.0]",
"at org.elasticsearch.action.support.TransportAction.execute(TransportAction.java:82) [elasticsearch-7.17.0.jar:7.17.0]",
"at org.elasticsearch.client.node.NodeClient.executeLocally(NodeClient.java:95) [elasticsearch-7.17.0.jar:7.17.0]",
"at org.elasticsearch.client.node.NodeClient.doExecute(NodeClient.java:73) [elasticsearch-7.17.0.jar:7.17.0]",
"at org.elasticsearch.client.support.AbstractClient.execute(AbstractClient.java:407) [elasticsearch-7.17.0.jar:7.17.0]",
"at org.elasticsearch.client.support.AbstractClient.get(AbstractClient.java:512) [elasticsearch-7.17.0.jar:7.17.0]",
"at org.elasticsearch.rest.action.document.RestGetAction.lambda$prepareRequest$0(RestGetAction.java:91) [elasticsearch-7.17.0.jar:7.17.0]",
"at org.elasticsearch.rest.BaseRestHandler.handleRequest(BaseRestHandler.java:109) [elasticsearch-7.17.0.jar:7.17.0]",
"at org.elasticsearch.rest.RestController.dispatchRequest(RestController.java:327) [elasticsearch-7.17.0.jar:7.17.0]",
"at org.elasticsearch.rest.RestController.tryAllHandlers(RestController.java:393) [elasticsearch-7.17.0.jar:7.17.0]",
"at org.elasticsearch.rest.RestController.dispatchRequest(RestController.java:245) [elasticsearch-7.17.0.jar:7.17.0]",
"at org.elasticsearch.http.AbstractHttpServerTransport.dispatchRequest(AbstractHttpServerTransport.java:382) [elasticsearch-7.17.0.jar:7.17.0]",
"at org.elasticsearch.http.AbstractHttpServerTransport.handleIncomingRequest(AbstractHttpServerTransport.java:461) [elasticsearch-7.17.0.jar:7.17.0]",
"at org.elasticsearch.http.AbstractHttpServerTransport.incomingRequest(AbstractHttpServerTransport.java:357) [elasticsearch-7.17.0.jar:7.17.0]",
"at org.elasticsearch.http.netty4.Netty4HttpRequestHandler.channelRead0(Netty4HttpRequestHandler.java:32) [transport-netty4-client-7.17.0.jar:7.17.0]",
"at org.elasticsearch.http.netty4.Netty4HttpRequestHandler.channelRead0(Netty4HttpRequestHandler.java:18) [transport-netty4-client-7.17.0.jar:7.17.0]",
"at io.netty.channel.SimpleChannelInboundHandler.channelRead(SimpleChannelInboundHandler.java:99) [netty-transport-4.1.66.Final.jar:4.1.66.Final]",
"at io.netty.channel.AbstractChannelHandlerContext.invokeChannelRead(AbstractChannelHandlerContext.java:379) [netty-transport-4.1.66.Final.jar:4.1.66.Final]",
"at io.netty.channel.AbstractChannelHandlerContext.invokeChannelRead(AbstractChannelHandlerContext.java:365) [netty-transport-4.1.66.Final.jar:4.1.66.Final]",
"at io.netty.channel.AbstractChannelHandlerContext.fireChannelRead(AbstractChannelHandlerContext.java:357) [netty-transport-4.1.66.Final.jar:4.1.66.Final]",
"at org.elasticsearch.http.netty4.Netty4HttpPipeliningHandler.channelRead(Netty4HttpPipeliningHandler.java:48) [transport-netty4-client-7.17.0.jar:7.17.0]",
"at io.netty.channel.AbstractChannelHandlerContext.invokeChannelRead(AbstractChannelHandlerContext.java:379) [netty-transport-4.1.66.Final.jar:4.1.66.Final]",
"at io.netty.channel.AbstractChannelHandlerContext.invokeChannelRead(AbstractChannelHandlerContext.java:365) [netty-transport-4.1.66.Final.jar:4.1.66.Final]",
"at io.netty.channel.AbstractChannelHandlerContext.fireChannelRead(AbstractChannelHandlerContext.java:357) [netty-transport-4.1.66.Final.jar:4.1.66.Final]",
"at io.netty.handler.codec.MessageToMessageDecoder.channelRead(MessageToMessageDecoder.java:103) [netty-codec-4.1.66.Final.jar:4.1.66.Final]",
"at io.netty.channel.AbstractChannelHandlerContext.invokeChannelRead(AbstractChannelHandlerContext.java:379) [netty-transport-4.1.66.Final.jar:4.1.66.Final]",
"at io.netty.channel.AbstractChannelHandlerContext.invokeChannelRead(AbstractChannelHandlerContext.java:365) [netty-transport-4.1.66.Final.jar:4.1.66.Final]",
"at io.netty.channel.AbstractChannelHandlerContext.fireChannelRead(AbstractChannelHandlerContext.java:357) [netty-transport-4.1.66.Final.jar:4.1.66.Final]",
"at io.netty.handler.codec.MessageToMessageDecoder.channelRead(MessageToMessageDecoder.java:103) [netty-codec-4.1.66.Final.jar:4.1.66.Final]",
"at io.netty.handler.codec.MessageToMessageCodec.channelRead(MessageToMessageCodec.java:111) [netty-codec-4.1.66.Final.jar:4.1.66.Final]",
"at io.netty.channel.AbstractChannelHandlerContext.invokeChannelRead(AbstractChannelHandlerContext.java:379) [netty-transport-4.1.66.Final.jar:4.1.66.Final]",
"at io.netty.channel.AbstractChannelHandlerContext.invokeChannelRead(AbstractChannelHandlerContext.java:365) [netty-transport-4.1.66.Final.jar:4.1.66.Final]",
"at io.netty.channel.AbstractChannelHandlerContext.fireChannelRead(AbstractChannelHandlerContext.java:357) [netty-transport-4.1.66.Final.jar:4.1.66.Final]",
"at io.netty.handler.codec.MessageToMessageDecoder.channelRead(MessageToMessageDecoder.java:103) [netty-codec-4.1.66.Final.jar:4.1.66.Final]",
"at io.netty.channel.AbstractChannelHandlerContext.invokeChannelRead(AbstractChannelHandlerContext.java:379) [netty-transport-4.1.66.Final.jar:4.1.66.Final]",
"at io.netty.channel.AbstractChannelHandlerContext.invokeChannelRead(AbstractChannelHandlerContext.java:365) [netty-transport-4.1.66.Final.jar:4.1.66.Final]",
"at io.netty.channel.AbstractChannelHandlerContext.fireChannelRead(AbstractChannelHandlerContext.java:357) [netty-transport-4.1.66.Final.jar:4.1.66.Final]",
"at io.netty.handler.codec.MessageToMessageDecoder.channelRead(MessageToMessageDecoder.java:103) [netty-codec-4.1.66.Final.jar:4.1.66.Final]",
"at io.netty.channel.AbstractChannelHandlerContext.invokeChannelRead(AbstractChannelHandlerContext.java:379) [netty-transport-4.1.66.Final.jar:4.1.66.Final]",
"at io.netty.channel.AbstractChannelHandlerContext.invokeChannelRead(AbstractChannelHandlerContext.java:365) [netty-transport-4.1.66.Final.jar:4.1.66.Final]",
"at io.netty.channel.AbstractChannelHandlerContext.fireChannelRead(AbstractChannelHandlerContext.java:357) [netty-transport-4.1.66.Final.jar:4.1.66.Final]",
"at io.netty.handler.codec.ByteToMessageDecoder.fireChannelRead(ByteToMessageDecoder.java:324) [netty-codec-4.1.66.Final.jar:4.1.66.Final]",
"at io.netty.handler.codec.ByteToMessageDecoder.channelRead(ByteToMessageDecoder.java:296) [netty-codec-4.1.66.Final.jar:4.1.66.Final]",
"at io.netty.channel.AbstractChannelHandlerContext.invokeChannelRead(AbstractChannelHandlerContext.java:379) [netty-transport-4.1.66.Final.jar:4.1.66.Final]",
"at io.netty.channel.AbstractChannelHandlerContext.invokeChannelRead(AbstractChannelHandlerContext.java:365) [netty-transport-4.1.66.Final.jar:4.1.66.Final]",
"at io.netty.channel.AbstractChannelHandlerContext.fireChannelRead(AbstractChannelHandlerContext.java:357) [netty-transport-4.1.66.Final.jar:4.1.66.Final]",
"at io.netty.handler.timeout.IdleStateHandler.channelRead(IdleStateHandler.java:286) [netty-handler-4.1.66.Final.jar:4.1.66.Final]",
"at io.netty.channel.AbstractChannelHandlerContext.invokeChannelRead(AbstractChannelHandlerContext.java:379) [netty-transport-4.1.66.Final.jar:4.1.66.Final]",
"at io.netty.channel.AbstractChannelHandlerContext.invokeChannelRead(AbstractChannelHandlerContext.java:365) [netty-transport-4.1.66.Final.jar:4.1.66.Final]",
"at io.netty.channel.AbstractChannelHandlerContext.fireChannelRead(AbstractChannelHandlerContext.java:357) [netty-transport-4.1.66.Final.jar:4.1.66.Final]",
"at io.netty.handler.codec.MessageToMessageDecoder.channelRead(MessageToMessageDecoder.java:103) [netty-codec-4.1.66.Final.jar:4.1.66.Final]",
"at io.netty.channel.AbstractChannelHandlerContext.invokeChannelRead(AbstractChannelHandlerContext.java:379) [netty-transport-4.1.66.Final.jar:4.1.66.Final]",
"at io.netty.channel.AbstractChannelHandlerContext.invokeChannelRead(AbstractChannelHandlerContext.java:365) [netty-transport-4.1.66.Final.jar:4.1.66.Final]",
"at io.netty.channel.AbstractChannelHandlerContext.fireChannelRead(AbstractChannelHandlerContext.java:357) [netty-transport-4.1.66.Final.jar:4.1.66.Final]",
"at io.netty.channel.DefaultChannelPipeline$HeadContext.channelRead(DefaultChannelPipeline.java:1410) [netty-transport-4.1.66.Final.jar:4.1.66.Final]",
"at io.netty.channel.AbstractChannelHandlerContext.invokeChannelRead(AbstractChannelHandlerContext.java:379) [netty-transport-4.1.66.Final.jar:4.1.66.Final]",
"at io.netty.channel.AbstractChannelHandlerContext.invokeChannelRead(AbstractChannelHandlerContext.java:365) [netty-transport-4.1.66.Final.jar:4.1.66.Final]",
"at io.netty.channel.DefaultChannelPipeline.fireChannelRead(DefaultChannelPipeline.java:919) [netty-transport-4.1.66.Final.jar:4.1.66.Final]",
"at io.netty.channel.nio.AbstractNioByteChannel$NioByteUnsafe.read(AbstractNioByteChannel.java:166) [netty-transport-4.1.66.Final.jar:4.1.66.Final]",
"at io.netty.channel.nio.NioEventLoop.processSelectedKey(NioEventLoop.java:719) [netty-transport-4.1.66.Final.jar:4.1.66.Final]",
"at io.netty.channel.nio.NioEventLoop.processSelectedKeysPlain(NioEventLoop.java:620) [netty-transport-4.1.66.Final.jar:4.1.66.Final]",
"at io.netty.channel.nio.NioEventLoop.processSelectedKeys(NioEventLoop.java:583) [netty-transport-4.1.66.Final.jar:4.1.66.Final]",
"at io.netty.channel.nio.NioEventLoop.run(NioEventLoop.java:493) [netty-transport-4.1.66.Final.jar:4.1.66.Final]",
"at io.netty.util.concurrent.SingleThreadEventExecutor$4.run(SingleThreadEventExecutor.java:986) [netty-common-4.1.66.Final.jar:4.1.66.Final]",
"at io.netty.util.internal.ThreadExecutorMap$2.run(ThreadExecutorMap.java:74) [netty-common-4.1.66.Final.jar:4.1.66.Final]",
"at java.lang.Thread.run(Thread.java:831) [?:?]"] }
{"type": "server", "timestamp": "2022-03-30T10:29:15,306Z", "level": "INFO", "component": "o.e.i.g.GeoIpDownloader", "cluster.name": "tpotcluster", "node.name": "tpotcluster-node-01", "message": "updating geoip databases", "cluster.uuid": "Qbw2pof0QzSXC1OvK0aFSw", "node.id": "t9hfPgy_RyC9LOJUxQUrSQ"  }
{"type": "server", "timestamp": "2022-03-30T10:29:22,511Z", "level": "INFO", "component": "o.e.i.g.GeoIpDownloader", "cluster.name": "tpotcluster", "node.name": "tpotcluster-node-01", "message": "fetching geoip databases overview from [https://geoip.elastic.co/v1/database?elastic_geoip_service_tos=agree]", "cluster.uuid": "Qbw2pof0QzSXC1OvK0aFSw", "node.id": "t9hfPgy_RyC9LOJUxQUrSQ"  }
{"type": "server", "timestamp": "2022-03-30T10:29:38,318Z", "level": "WARN", "component": "o.e.t.ThreadPool", "cluster.name": "tpotcluster", "node.name": "tpotcluster-node-01", "message": "execution of [ReschedulingRunnable{runnable=org.elasticsearch.monitor.jvm.JvmGcMonitorService$1@59f8a4ec, interval=1s}] took [5789ms] which is above the warn threshold of [5000ms]", "cluster.uuid": "Qbw2pof0QzSXC1OvK0aFSw", "node.id": "t9hfPgy_RyC9LOJUxQUrSQ"  }
{"type": "server", "timestamp": "2022-03-30T10:31:54,417Z", "level": "WARN", "component": "o.e.t.ThreadPool", "cluster.name": "tpotcluster", "node.name": "tpotcluster-node-01", "message": "timer thread slept for [23.4s/23426ms] on absolute clock which is above the warn threshold of [5000ms]", "cluster.uuid": "Qbw2pof0QzSXC1OvK0aFSw", "node.id": "t9hfPgy_RyC9LOJUxQUrSQ"  }
{"type": "server", "timestamp": "2022-03-30T10:34:01,782Z", "level": "WARN", "component": "o.e.t.ThreadPool", "cluster.name": "tpotcluster", "node.name": "tpotcluster-node-01", "message": "timer thread slept for [23.4s/23426021204ns] on relative clock which is above the warn threshold of [5000ms]", "cluster.uuid": "Qbw2pof0QzSXC1OvK0aFSw", "node.id": "t9hfPgy_RyC9LOJUxQUrSQ"  }
{"type": "server", "timestamp": "2022-03-30T10:34:26,009Z", "level": "WARN", "component": "o.e.t.ThreadPool", "cluster.name": "tpotcluster", "node.name": "tpotcluster-node-01", "message": "timer thread slept for [3.9m/239156ms] on absolute clock which is above the warn threshold of [5000ms]", "cluster.uuid": "Qbw2pof0QzSXC1OvK0aFSw", "node.id": "t9hfPgy_RyC9LOJUxQUrSQ"  }
{"type": "server", "timestamp": "2022-03-30T10:34:45,883Z", "level": "WARN", "component": "o.e.t.ThreadPool", "cluster.name": "tpotcluster", "node.name": "tpotcluster-node-01", "message": "timer thread slept for [3.9m/239155738958ns] on relative clock which is above the warn threshold of [5000ms]", "cluster.uuid": "Qbw2pof0QzSXC1OvK0aFSw", "node.id": "t9hfPgy_RyC9LOJUxQUrSQ"  }
{"type": "server", "timestamp": "2022-03-30T10:34:57,684Z", "level": "WARN", "component": "o.e.t.ThreadPool", "cluster.name": "tpotcluster", "node.name": "tpotcluster-node-01", "message": "timer thread slept for [35.5s/35529ms] on absolute clock which is above the warn threshold of [5000ms]", "cluster.uuid": "Qbw2pof0QzSXC1OvK0aFSw", "node.id": "t9hfPgy_RyC9LOJUxQUrSQ"  }
{"type": "server", "timestamp": "2022-03-30T10:35:08,468Z", "level": "WARN", "component": "o.e.t.ThreadPool", "cluster.name": "tpotcluster", "node.name": "tpotcluster-node-01", "message": "timer thread slept for [35.5s/35529086389ns] on relative clock which is above the warn threshold of [5000ms]", "cluster.uuid": "Qbw2pof0QzSXC1OvK0aFSw", "node.id": "t9hfPgy_RyC9LOJUxQUrSQ"  }
{"type": "server", "timestamp": "2022-03-30T10:35:20,096Z", "level": "WARN", "component": "o.e.t.ThreadPool", "cluster.name": "tpotcluster", "node.name": "tpotcluster-node-01", "message": "timer thread slept for [21.3s/21345ms] on absolute clock which is above the warn threshold of [5000ms]", "cluster.uuid": "Qbw2pof0QzSXC1OvK0aFSw", "node.id": "t9hfPgy_RyC9LOJUxQUrSQ"  }
{"type": "server", "timestamp": "2022-03-30T10:35:37,444Z", "level": "WARN", "component": "o.e.t.ThreadPool", "cluster.name": "tpotcluster", "node.name": "tpotcluster-node-01", "message": "timer thread slept for [21.3s/21344883804ns] on relative clock which is above the warn threshold of [5000ms]", "cluster.uuid": "Qbw2pof0QzSXC1OvK0aFSw", "node.id": "t9hfPgy_RyC9LOJUxQUrSQ"  }
{"type": "server", "timestamp": "2022-03-30T10:35:48,930Z", "level": "WARN", "component": "o.e.t.ThreadPool", "cluster.name": "tpotcluster", "node.name": "tpotcluster-node-01", "message": "timer thread slept for [30.5s/30553ms] on absolute clock which is above the warn threshold of [5000ms]", "cluster.uuid": "Qbw2pof0QzSXC1OvK0aFSw", "node.id": "t9hfPgy_RyC9LOJUxQUrSQ"  }
{"type": "server", "timestamp": "2022-03-30T10:35:54,427Z", "level": "WARN", "component": "o.e.t.ThreadPool", "cluster.name": "tpotcluster", "node.name": "tpotcluster-node-01", "message": "timer thread slept for [30.5s/30552679570ns] on relative clock which is above the warn threshold of [5000ms]", "cluster.uuid": "Qbw2pof0QzSXC1OvK0aFSw", "node.id": "t9hfPgy_RyC9LOJUxQUrSQ"  }
{"type": "server", "timestamp": "2022-03-30T10:35:59,269Z", "level": "WARN", "component": "o.e.t.ThreadPool", "cluster.name": "tpotcluster", "node.name": "tpotcluster-node-01", "message": "timer thread slept for [10.7s/10766ms] on absolute clock which is above the warn threshold of [5000ms]", "cluster.uuid": "Qbw2pof0QzSXC1OvK0aFSw", "node.id": "t9hfPgy_RyC9LOJUxQUrSQ"  }
